[2024-01-17T23:12:54.620+0000][7][gc,init] CardTable entry size: 512
[2024-01-17T23:12:54.620+0000][7][gc     ] Using G1
[2024-01-17T23:12:54.734+0000][7][gc,init] Version: 18.0.1.1+2-6 (release)
[2024-01-17T23:12:54.734+0000][7][gc,init] CPUs: 8 total, 8 available
[2024-01-17T23:12:54.734+0000][7][gc,init] Memory: 19737M
[2024-01-17T23:12:54.734+0000][7][gc,init] Large Page Support: Disabled
[2024-01-17T23:12:54.734+0000][7][gc,init] NUMA Support: Disabled
[2024-01-17T23:12:54.734+0000][7][gc,init] Compressed Oops: Enabled (32-bit)
[2024-01-17T23:12:54.734+0000][7][gc,init] Heap Region Size: 4M
[2024-01-17T23:12:54.734+0000][7][gc,init] Heap Min Capacity: 1G
[2024-01-17T23:12:54.734+0000][7][gc,init] Heap Initial Capacity: 1G
[2024-01-17T23:12:54.734+0000][7][gc,init] Heap Max Capacity: 1G
[2024-01-17T23:12:54.734+0000][7][gc,init] Pre-touch: Enabled
[2024-01-17T23:12:54.734+0000][7][gc,init] Parallel Workers: 8
[2024-01-17T23:12:54.734+0000][7][gc,init] Concurrent Workers: 2
[2024-01-17T23:12:54.734+0000][7][gc,init] Concurrent Refinement Workers: 8
[2024-01-17T23:12:54.734+0000][7][gc,init] Periodic GC: Disabled
[2024-01-17T23:12:54.734+0000][7][gc,metaspace] CDS archive(s) mapped at: [0x0000000800000000-0x0000000800baf000-0x0000000800baf000), size 12251136, SharedBaseAddress: 0x0000000800000000, ArchiveRelocationMode: 0.
[2024-01-17T23:12:54.734+0000][7][gc,metaspace] Compressed class space mapped at: 0x0000000800c00000-0x0000000840c00000, reserved size: 1073741824
[2024-01-17T23:12:54.734+0000][7][gc,metaspace] Narrow klass base: 0x0000000800000000, Narrow klass shift: 0, Narrow klass range: 0x100000000
[2024-01-17T23:12:55.177+0000][7][safepoint   ] Safepoint "ICBufferFull", Time since last: 437588098 ns, Reaching safepoint: 98367 ns, At safepoint: 4250 ns, Total: 102617 ns
[2024-01-17T23:12:55.635+0000][7][safepoint   ] Safepoint "ICBufferFull", Time since last: 457796287 ns, Reaching safepoint: 117283 ns, At safepoint: 1799 ns, Total: 119082 ns
[2024-01-17T23:12:55.730+0000][7][gc,start    ] GC(0) Pause Young (Normal) (G1 Evacuation Pause)
[2024-01-17T23:12:55.730+0000][7][gc,task     ] GC(0) Using 8 workers of 8 for evacuation
[2024-01-17T23:12:55.730+0000][7][gc,age      ] GC(0) Desired survivor size 4194304 bytes, new threshold 15 (max threshold 15)
[2024-01-17T23:12:55.735+0000][7][gc,phases   ] GC(0)   Pre Evacuate Collection Set: 0.1ms
[2024-01-17T23:12:55.735+0000][7][gc,phases   ] GC(0)   Merge Heap Roots: 0.0ms
[2024-01-17T23:12:55.735+0000][7][gc,phases   ] GC(0)   Evacuate Collection Set: 3.8ms
[2024-01-17T23:12:55.735+0000][7][gc,phases   ] GC(0)   Post Evacuate Collection Set: 0.4ms
[2024-01-17T23:12:55.735+0000][7][gc,phases   ] GC(0)   Other: 0.1ms
[2024-01-17T23:12:55.735+0000][7][gc,age      ] GC(0) Age table with threshold 15 (max threshold 15)
[2024-01-17T23:12:55.735+0000][7][gc,age      ] GC(0) - age   1:    6407408 bytes,    6407408 total
[2024-01-17T23:12:55.735+0000][7][gc,heap     ] GC(0) Eden regions: 12->0(11)
[2024-01-17T23:12:55.735+0000][7][gc,heap     ] GC(0) Survivor regions: 0->2(2)
[2024-01-17T23:12:55.735+0000][7][gc,heap     ] GC(0) Old regions: 0->0
[2024-01-17T23:12:55.735+0000][7][gc,heap     ] GC(0) Archive regions: 2->2
[2024-01-17T23:12:55.735+0000][7][gc,heap     ] GC(0) Humongous regions: 0->0
[2024-01-17T23:12:55.735+0000][7][gc,metaspace] GC(0) Metaspace: 12187K(12544K)->12187K(12544K) NonClass: 10738K(10880K)->10738K(10880K) Class: 1449K(1664K)->1449K(1664K)
[2024-01-17T23:12:55.735+0000][7][gc          ] GC(0) Pause Young (Normal) (G1 Evacuation Pause) 51M->10M(1024M) 4.533ms
[2024-01-17T23:12:55.735+0000][7][gc,cpu      ] GC(0) User=0.02s Sys=0.00s Real=0.00s
[2024-01-17T23:12:55.735+0000][7][safepoint   ] Safepoint "G1CollectForAllocation", Time since last: 95054981 ns, Reaching safepoint: 52941 ns, At safepoint: 4567401 ns, Total: 4620342 ns
[2024-01-17T23:12:56.409+0000][7][safepoint   ] Safepoint "ICBufferFull", Time since last: 674465140 ns, Reaching safepoint: 163559 ns, At safepoint: 3091 ns, Total: 166650 ns
[2024-01-17T23:12:56.459+0000][7][gc,start    ] GC(1) Pause Young (Normal) (G1 Evacuation Pause)
[2024-01-17T23:12:56.459+0000][7][gc,task     ] GC(1) Using 8 workers of 8 for evacuation
[2024-01-17T23:12:56.459+0000][7][gc,age      ] GC(1) Desired survivor size 4194304 bytes, new threshold 1 (max threshold 15)
[2024-01-17T23:12:56.466+0000][7][gc,phases   ] GC(1)   Pre Evacuate Collection Set: 0.1ms
[2024-01-17T23:12:56.466+0000][7][gc,phases   ] GC(1)   Merge Heap Roots: 0.0ms
[2024-01-17T23:12:56.466+0000][7][gc,phases   ] GC(1)   Evacuate Collection Set: 6.6ms
[2024-01-17T23:12:56.466+0000][7][gc,phases   ] GC(1)   Post Evacuate Collection Set: 0.7ms
[2024-01-17T23:12:56.466+0000][7][gc,phases   ] GC(1)   Other: 0.1ms
[2024-01-17T23:12:56.466+0000][7][gc,age      ] GC(1) Age table with threshold 1 (max threshold 15)
[2024-01-17T23:12:56.466+0000][7][gc,age      ] GC(1) - age   1:    1328504 bytes,    1328504 total
[2024-01-17T23:12:56.466+0000][7][gc,heap     ] GC(1) Eden regions: 11->0(19)
[2024-01-17T23:12:56.466+0000][7][gc,heap     ] GC(1) Survivor regions: 2->1(2)
[2024-01-17T23:12:56.466+0000][7][gc,heap     ] GC(1) Old regions: 0->2
[2024-01-17T23:12:56.466+0000][7][gc,heap     ] GC(1) Archive regions: 2->2
[2024-01-17T23:12:56.466+0000][7][gc,heap     ] GC(1) Humongous regions: 0->0
[2024-01-17T23:12:56.466+0000][7][gc,metaspace] GC(1) Metaspace: 15452K(15808K)->15452K(15808K) NonClass: 13679K(13888K)->13679K(13888K) Class: 1772K(1920K)->1772K(1920K)
[2024-01-17T23:12:56.466+0000][7][gc          ] GC(1) Pause Young (Normal) (G1 Evacuation Pause) 54M->11M(1024M) 7.642ms
[2024-01-17T23:12:56.466+0000][7][gc,cpu      ] GC(1) User=0.04s Sys=0.00s Real=0.01s
[2024-01-17T23:12:56.466+0000][7][safepoint   ] Safepoint "G1CollectForAllocation", Time since last: 49452915 ns, Reaching safepoint: 61291 ns, At safepoint: 7688352 ns, Total: 7749643 ns
[2024-01-17T23:12:56.826+0000][7][safepoint   ] Safepoint "ICBufferFull", Time since last: 359194961 ns, Reaching safepoint: 120540 ns, At safepoint: 2662 ns, Total: 123202 ns
[2024-01-17T23:12:56.833+0000][7][gc,start    ] GC(2) Pause Young (Normal) (G1 Evacuation Pause)
[2024-01-17T23:12:56.833+0000][7][gc,task     ] GC(2) Using 8 workers of 8 for evacuation
[2024-01-17T23:12:56.833+0000][7][gc,age      ] GC(2) Desired survivor size 6291456 bytes, new threshold 15 (max threshold 15)
[2024-01-17T23:12:56.835+0000][7][gc,phases   ] GC(2)   Pre Evacuate Collection Set: 0.0ms
[2024-01-17T23:12:56.835+0000][7][gc,phases   ] GC(2)   Merge Heap Roots: 0.0ms
[2024-01-17T23:12:56.835+0000][7][gc,phases   ] GC(2)   Evacuate Collection Set: 1.7ms
[2024-01-17T23:12:56.835+0000][7][gc,phases   ] GC(2)   Post Evacuate Collection Set: 0.2ms
[2024-01-17T23:12:56.835+0000][7][gc,phases   ] GC(2)   Other: 0.1ms
[2024-01-17T23:12:56.835+0000][7][gc,age      ] GC(2) Age table with threshold 15 (max threshold 15)
[2024-01-17T23:12:56.835+0000][7][gc,age      ] GC(2) - age   1:    1711808 bytes,    1711808 total
[2024-01-17T23:12:56.835+0000][7][gc,age      ] GC(2) - age   2:    1262136 bytes,    2973944 total
[2024-01-17T23:12:56.835+0000][7][gc,heap     ] GC(2) Eden regions: 19->0(152)
[2024-01-17T23:12:56.835+0000][7][gc,heap     ] GC(2) Survivor regions: 1->1(3)
[2024-01-17T23:12:56.835+0000][7][gc,heap     ] GC(2) Old regions: 2->2
[2024-01-17T23:12:56.835+0000][7][gc,heap     ] GC(2) Archive regions: 2->2
[2024-01-17T23:12:56.835+0000][7][gc,heap     ] GC(2) Humongous regions: 0->0
[2024-01-17T23:12:56.835+0000][7][gc,metaspace] GC(2) Metaspace: 17036K(17408K)->17036K(17408K) NonClass: 15097K(15296K)->15097K(15296K) Class: 1939K(2112K)->1939K(2112K)
[2024-01-17T23:12:56.835+0000][7][gc          ] GC(2) Pause Young (Normal) (G1 Evacuation Pause) 87M->13M(1024M) 2.083ms
[2024-01-17T23:12:56.835+0000][7][gc,cpu      ] GC(2) User=0.00s Sys=0.00s Real=0.00s
[2024-01-17T23:12:56.835+0000][7][safepoint   ] Safepoint "G1CollectForAllocation", Time since last: 7396385 ns, Reaching safepoint: 102118 ns, At safepoint: 2116831 ns, Total: 2218949 ns
[2024-01-17T23:12:57.128+0000][7][gc,start    ] GC(3) Pause Young (Concurrent Start) (Metadata GC Threshold)
[2024-01-17T23:12:57.128+0000][7][gc,task     ] GC(3) Using 8 workers of 8 for evacuation
[2024-01-17T23:12:57.128+0000][7][gc,age      ] GC(3) Desired survivor size 41943040 bytes, new threshold 15 (max threshold 15)
[2024-01-17T23:12:57.130+0000][7][gc,phases   ] GC(3)   Pre Evacuate Collection Set: 0.1ms
[2024-01-17T23:12:57.130+0000][7][gc,phases   ] GC(3)   Merge Heap Roots: 0.0ms
[2024-01-17T23:12:57.130+0000][7][gc,phases   ] GC(3)   Evacuate Collection Set: 1.8ms
[2024-01-17T23:12:57.130+0000][7][gc,phases   ] GC(3)   Post Evacuate Collection Set: 0.3ms
[2024-01-17T23:12:57.130+0000][7][gc,phases   ] GC(3)   Other: 0.1ms
[2024-01-17T23:12:57.130+0000][7][gc,age      ] GC(3) Age table with threshold 15 (max threshold 15)
[2024-01-17T23:12:57.130+0000][7][gc,age      ] GC(3) - age   1:    1246264 bytes,    1246264 total
[2024-01-17T23:12:57.130+0000][7][gc,age      ] GC(3) - age   2:    1545384 bytes,    2791648 total
[2024-01-17T23:12:57.130+0000][7][gc,age      ] GC(3) - age   3:    1261648 bytes,    4053296 total
[2024-01-17T23:12:57.130+0000][7][gc,heap     ] GC(3) Eden regions: 18->0(152)
[2024-01-17T23:12:57.130+0000][7][gc,heap     ] GC(3) Survivor regions: 1->1(20)
[2024-01-17T23:12:57.130+0000][7][gc,heap     ] GC(3) Old regions: 2->2
[2024-01-17T23:12:57.130+0000][7][gc,heap     ] GC(3) Archive regions: 2->2
[2024-01-17T23:12:57.130+0000][7][gc,heap     ] GC(3) Humongous regions: 0->0
[2024-01-17T23:12:57.130+0000][7][gc,metaspace] GC(3) Metaspace: 21077K(21504K)->21077K(21504K) NonClass: 18717K(18944K)->18717K(18944K) Class: 2359K(2560K)->2359K(2560K)
[2024-01-17T23:12:57.130+0000][7][gc          ] GC(3) Pause Young (Concurrent Start) (Metadata GC Threshold) 82M->14M(1024M) 2.508ms
[2024-01-17T23:12:57.130+0000][7][gc,cpu      ] GC(3) User=0.02s Sys=0.01s Real=0.01s
[2024-01-17T23:12:57.130+0000][7][gc          ] GC(4) Concurrent Mark Cycle
[2024-01-17T23:12:57.130+0000][7][gc,marking  ] GC(4) Concurrent Clear Claimed Marks
[2024-01-17T23:12:57.131+0000][7][gc,marking  ] GC(4) Concurrent Clear Claimed Marks 0.029ms
[2024-01-17T23:12:57.131+0000][7][gc,marking  ] GC(4) Concurrent Scan Root Regions
[2024-01-17T23:12:57.131+0000][7][safepoint   ] Safepoint "CollectForMetadataAllocation", Time since last: 292377171 ns, Reaching safepoint: 116071 ns, At safepoint: 2610905 ns, Total: 2726976 ns
[2024-01-17T23:12:57.133+0000][7][gc,marking  ] GC(4) Concurrent Scan Root Regions 2.797ms
[2024-01-17T23:12:57.133+0000][7][gc,marking  ] GC(4) Concurrent Mark
[2024-01-17T23:12:57.133+0000][7][gc,marking  ] GC(4) Concurrent Mark From Roots
[2024-01-17T23:12:57.133+0000][7][gc,task     ] GC(4) Using 2 workers of 2 for marking
[2024-01-17T23:12:57.139+0000][7][gc,marking  ] GC(4) Concurrent Mark From Roots 5.482ms
[2024-01-17T23:12:57.139+0000][7][gc,marking  ] GC(4) Concurrent Preclean
[2024-01-17T23:12:57.139+0000][7][gc,marking  ] GC(4) Concurrent Preclean 0.030ms
[2024-01-17T23:12:57.139+0000][7][gc,start    ] GC(4) Pause Remark
[2024-01-17T23:12:57.143+0000][7][gc          ] GC(4) Pause Remark 16M->16M(1024M) 3.905ms
[2024-01-17T23:12:57.143+0000][7][gc,cpu      ] GC(4) User=0.02s Sys=0.00s Real=0.01s
[2024-01-17T23:12:57.143+0000][7][safepoint   ] Safepoint "G1Concurrent", Time since last: 8405979 ns, Reaching safepoint: 88077 ns, At safepoint: 3977761 ns, Total: 4065838 ns
[2024-01-17T23:12:57.143+0000][7][gc,marking  ] GC(4) Concurrent Mark 9.680ms
[2024-01-17T23:12:57.143+0000][7][gc,marking  ] GC(4) Concurrent Rebuild Remembered Sets
[2024-01-17T23:12:57.146+0000][7][gc,marking  ] GC(4) Concurrent Rebuild Remembered Sets 3.293ms
[2024-01-17T23:12:57.147+0000][7][gc,start    ] GC(4) Pause Cleanup
[2024-01-17T23:12:57.147+0000][7][gc          ] GC(4) Pause Cleanup 18M->18M(1024M) 0.064ms
[2024-01-17T23:12:57.147+0000][7][gc,cpu      ] GC(4) User=0.00s Sys=0.00s Real=0.00s
[2024-01-17T23:12:57.147+0000][7][safepoint   ] Safepoint "G1Concurrent", Time since last: 3443500 ns, Reaching safepoint: 85453 ns, At safepoint: 90524 ns, Total: 175977 ns
[2024-01-17T23:12:57.147+0000][7][gc,marking  ] GC(4) Concurrent Cleanup for Next Mark
[2024-01-17T23:12:57.148+0000][7][gc,marking  ] GC(4) Concurrent Cleanup for Next Mark 1.808ms
[2024-01-17T23:12:57.149+0000][7][gc          ] GC(4) Concurrent Mark Cycle 18.035ms
[2024-01-17T23:12:57.820+0000][7][safepoint   ] Safepoint "ICBufferFull", Time since last: 672946920 ns, Reaching safepoint: 125046 ns, At safepoint: 2572 ns, Total: 127618 ns
[2024-01-17T23:12:58.425+0000][7][safepoint   ] Safepoint "ICBufferFull", Time since last: 605540691 ns, Reaching safepoint: 214486 ns, At safepoint: 2842 ns, Total: 217328 ns
[2024-01-17T23:12:58.598+0000][7][gc,start    ] GC(5) Pause Young (Normal) (G1 Evacuation Pause)
[2024-01-17T23:12:58.599+0000][7][gc,task     ] GC(5) Using 8 workers of 8 for evacuation
[2024-01-17T23:12:58.599+0000][7][gc,age      ] GC(5) Desired survivor size 41943040 bytes, new threshold 15 (max threshold 15)
[2024-01-17T23:12:58.608+0000][7][gc,phases   ] GC(5)   Pre Evacuate Collection Set: 0.1ms
[2024-01-17T23:12:58.608+0000][7][gc,phases   ] GC(5)   Merge Heap Roots: 0.0ms
[2024-01-17T23:12:58.608+0000][7][gc,phases   ] GC(5)   Evacuate Collection Set: 8.6ms
[2024-01-17T23:12:58.608+0000][7][gc,phases   ] GC(5)   Post Evacuate Collection Set: 0.6ms
[2024-01-17T23:12:58.608+0000][7][gc,phases   ] GC(5)   Other: 0.1ms
[2024-01-17T23:12:58.608+0000][7][gc,age      ] GC(5) Age table with threshold 15 (max threshold 15)
[2024-01-17T23:12:58.608+0000][7][gc,age      ] GC(5) - age   1:   10210280 bytes,   10210280 total
[2024-01-17T23:12:58.608+0000][7][gc,age      ] GC(5) - age   2:    1228512 bytes,   11438792 total
[2024-01-17T23:12:58.608+0000][7][gc,age      ] GC(5) - age   3:    1541024 bytes,   12979816 total
[2024-01-17T23:12:58.608+0000][7][gc,age      ] GC(5) - age   4:    1234968 bytes,   14214784 total
[2024-01-17T23:12:58.608+0000][7][gc,heap     ] GC(5) Eden regions: 152->0(149)
[2024-01-17T23:12:58.608+0000][7][gc,heap     ] GC(5) Survivor regions: 1->4(20)
[2024-01-17T23:12:58.608+0000][7][gc,heap     ] GC(5) Old regions: 2->2
[2024-01-17T23:12:58.608+0000][7][gc,heap     ] GC(5) Archive regions: 2->2
[2024-01-17T23:12:58.608+0000][7][gc,heap     ] GC(5) Humongous regions: 0->0
[2024-01-17T23:12:58.608+0000][7][gc,metaspace] GC(5) Metaspace: 29651K(30272K)->29651K(30272K) NonClass: 26242K(26624K)->26242K(26624K) Class: 3408K(3648K)->3408K(3648K)
[2024-01-17T23:12:58.608+0000][7][gc          ] GC(5) Pause Young (Normal) (G1 Evacuation Pause) 622M->23M(1024M) 9.515ms
[2024-01-17T23:12:58.608+0000][7][gc,cpu      ] GC(5) User=0.04s Sys=0.00s Real=0.02s
[2024-01-17T23:12:58.608+0000][7][safepoint   ] Safepoint "G1CollectForAllocation", Time since last: 172951379 ns, Reaching safepoint: 41832 ns, At safepoint: 9556627 ns, Total: 9598459 ns
[2024-01-17T23:12:59.608+0000][7][safepoint   ] Safepoint "Cleanup", Time since last: 1000077221 ns, Reaching safepoint: 179119 ns, At safepoint: 2696 ns, Total: 181815 ns
[2024-01-17T23:12:59.690+0000][7][gc,start    ] GC(6) Pause Young (Concurrent Start) (Metadata GC Threshold)
[2024-01-17T23:12:59.690+0000][7][gc,task     ] GC(6) Using 8 workers of 8 for evacuation
[2024-01-17T23:12:59.690+0000][7][gc,age      ] GC(6) Desired survivor size 41943040 bytes, new threshold 15 (max threshold 15)
[2024-01-17T23:12:59.700+0000][7][gc,phases   ] GC(6)   Pre Evacuate Collection Set: 0.2ms
[2024-01-17T23:12:59.700+0000][7][gc,phases   ] GC(6)   Merge Heap Roots: 0.0ms
[2024-01-17T23:12:59.700+0000][7][gc,phases   ] GC(6)   Evacuate Collection Set: 8.5ms
[2024-01-17T23:12:59.700+0000][7][gc,phases   ] GC(6)   Post Evacuate Collection Set: 1.0ms
[2024-01-17T23:12:59.700+0000][7][gc,phases   ] GC(6)   Other: 0.1ms
[2024-01-17T23:12:59.700+0000][7][gc,age      ] GC(6) Age table with threshold 15 (max threshold 15)
[2024-01-17T23:12:59.700+0000][7][gc,age      ] GC(6) - age   1:    4693200 bytes,    4693200 total
[2024-01-17T23:12:59.700+0000][7][gc,age      ] GC(6) - age   2:    8870280 bytes,   13563480 total
[2024-01-17T23:12:59.700+0000][7][gc,age      ] GC(6) - age   3:    1205144 bytes,   14768624 total
[2024-01-17T23:12:59.700+0000][7][gc,age      ] GC(6) - age   4:    1478080 bytes,   16246704 total
[2024-01-17T23:12:59.700+0000][7][gc,age      ] GC(6) - age   5:    1223864 bytes,   17470568 total
[2024-01-17T23:12:59.700+0000][7][gc,heap     ] GC(6) Eden regions: 143->0(148)
[2024-01-17T23:12:59.700+0000][7][gc,heap     ] GC(6) Survivor regions: 4->5(20)
[2024-01-17T23:12:59.700+0000][7][gc,heap     ] GC(6) Old regions: 2->2
[2024-01-17T23:12:59.700+0000][7][gc,heap     ] GC(6) Archive regions: 2->2
[2024-01-17T23:12:59.700+0000][7][gc,heap     ] GC(6) Humongous regions: 0->0
[2024-01-17T23:12:59.700+0000][7][gc,metaspace] GC(6) Metaspace: 35299K(36096K)->35299K(36096K) NonClass: 31159K(31616K)->31159K(31616K) Class: 4139K(4480K)->4139K(4480K)
[2024-01-17T23:12:59.700+0000][7][gc          ] GC(6) Pause Young (Concurrent Start) (Metadata GC Threshold) 595M->27M(1024M) 9.993ms
[2024-01-17T23:12:59.700+0000][7][gc,cpu      ] GC(6) User=0.06s Sys=0.00s Real=0.01s
[2024-01-17T23:12:59.700+0000][7][gc          ] GC(7) Concurrent Mark Cycle
[2024-01-17T23:12:59.700+0000][7][gc,marking  ] GC(7) Concurrent Clear Claimed Marks
[2024-01-17T23:12:59.701+0000][7][safepoint   ] Safepoint "CollectForMetadataAllocation", Time since last: 82069464 ns, Reaching safepoint: 66399 ns, At safepoint: 10102866 ns, Total: 10169265 ns
[2024-01-17T23:12:59.701+0000][7][gc,marking  ] GC(7) Concurrent Clear Claimed Marks 0.054ms
[2024-01-17T23:12:59.701+0000][7][gc,marking  ] GC(7) Concurrent Scan Root Regions
[2024-01-17T23:12:59.707+0000][7][gc,marking  ] GC(7) Concurrent Scan Root Regions 6.580ms
[2024-01-17T23:12:59.707+0000][7][gc,marking  ] GC(7) Concurrent Mark
[2024-01-17T23:12:59.707+0000][7][gc,marking  ] GC(7) Concurrent Mark From Roots
[2024-01-17T23:12:59.707+0000][7][gc,task     ] GC(7) Using 2 workers of 2 for marking
[2024-01-17T23:12:59.713+0000][7][gc,marking  ] GC(7) Concurrent Mark From Roots 5.833ms
[2024-01-17T23:12:59.713+0000][7][gc,marking  ] GC(7) Concurrent Preclean
[2024-01-17T23:12:59.713+0000][7][gc,marking  ] GC(7) Concurrent Preclean 0.034ms
[2024-01-17T23:12:59.713+0000][7][gc,start    ] GC(7) Pause Remark
[2024-01-17T23:12:59.717+0000][7][gc          ] GC(7) Pause Remark 29M->29M(1024M) 3.182ms
[2024-01-17T23:12:59.717+0000][7][gc,cpu      ] GC(7) User=0.01s Sys=0.00s Real=0.00s
[2024-01-17T23:12:59.717+0000][7][safepoint   ] Safepoint "G1Concurrent", Time since last: 12831468 ns, Reaching safepoint: 113848 ns, At safepoint: 3260910 ns, Total: 3374758 ns
[2024-01-17T23:12:59.717+0000][7][gc,marking  ] GC(7) Concurrent Mark 10.012ms
[2024-01-17T23:12:59.717+0000][7][gc,marking  ] GC(7) Concurrent Rebuild Remembered Sets
[2024-01-17T23:12:59.720+0000][7][gc,marking  ] GC(7) Concurrent Rebuild Remembered Sets 2.361ms
[2024-01-17T23:12:59.722+0000][7][gc,start    ] GC(7) Pause Cleanup
[2024-01-17T23:12:59.722+0000][7][gc          ] GC(7) Pause Cleanup 29M->29M(1024M) 0.428ms
[2024-01-17T23:12:59.722+0000][7][gc,cpu      ] GC(7) User=0.00s Sys=0.00s Real=0.00s
[2024-01-17T23:12:59.722+0000][7][safepoint   ] Safepoint "G1Concurrent", Time since last: 5078373 ns, Reaching safepoint: 69293 ns, At safepoint: 504751 ns, Total: 574044 ns
[2024-01-17T23:12:59.727+0000][7][gc,marking  ] GC(7) Concurrent Cleanup for Next Mark
[2024-01-17T23:12:59.730+0000][7][gc,marking  ] GC(7) Concurrent Cleanup for Next Mark 2.513ms
[2024-01-17T23:12:59.730+0000][7][gc          ] GC(7) Concurrent Mark Cycle 29.287ms
[2024-01-17T23:13:00.493+0000][7][safepoint   ] Safepoint "ICBufferFull", Time since last: 770916965 ns, Reaching safepoint: 192880 ns, At safepoint: 3184 ns, Total: 196064 ns
[2024-01-17T23:13:01.137+0000][7][safepoint   ] Safepoint "ICBufferFull", Time since last: 643563814 ns, Reaching safepoint: 203778 ns, At safepoint: 4620 ns, Total: 208398 ns
[2024-01-17T23:13:01.744+0000][7][safepoint   ] Safepoint "ICBufferFull", Time since last: 606966556 ns, Reaching safepoint: 148664 ns, At safepoint: 3489 ns, Total: 152153 ns
[2024-01-17T23:13:02.553+0000][7][gc,start    ] GC(8) Pause Young (Concurrent Start) (Metadata GC Threshold)
[2024-01-17T23:13:02.553+0000][7][gc,task     ] GC(8) Using 8 workers of 8 for evacuation
[2024-01-17T23:13:02.553+0000][7][gc,age      ] GC(8) Desired survivor size 41943040 bytes, new threshold 15 (max threshold 15)
[2024-01-17T23:13:02.574+0000][7][gc,phases   ] GC(8)   Pre Evacuate Collection Set: 0.2ms
[2024-01-17T23:13:02.574+0000][7][gc,phases   ] GC(8)   Merge Heap Roots: 0.0ms
[2024-01-17T23:13:02.574+0000][7][gc,phases   ] GC(8)   Evacuate Collection Set: 19.6ms
[2024-01-17T23:13:02.574+0000][7][gc,phases   ] GC(8)   Post Evacuate Collection Set: 1.4ms
[2024-01-17T23:13:02.574+0000][7][gc,phases   ] GC(8)   Other: 0.0ms
[2024-01-17T23:13:02.574+0000][7][gc,age      ] GC(8) Age table with threshold 15 (max threshold 15)
[2024-01-17T23:13:02.574+0000][7][gc,age      ] GC(8) - age   1:   24632152 bytes,   24632152 total
[2024-01-17T23:13:02.574+0000][7][gc,age      ] GC(8) - age   2:    4504224 bytes,   29136376 total
[2024-01-17T23:13:02.574+0000][7][gc,age      ] GC(8) - age   3:    8788712 bytes,   37925088 total
[2024-01-17T23:13:02.574+0000][7][gc,age      ] GC(8) - age   4:    1196160 bytes,   39121248 total
[2024-01-17T23:13:02.574+0000][7][gc,age      ] GC(8) - age   5:    1471896 bytes,   40593144 total
[2024-01-17T23:13:02.574+0000][7][gc,age      ] GC(8) - age   6:    1209104 bytes,   41802248 total
[2024-01-17T23:13:02.574+0000][7][gc,heap     ] GC(8) Eden regions: 101->0(142)
[2024-01-17T23:13:02.574+0000][7][gc,heap     ] GC(8) Survivor regions: 5->11(20)
[2024-01-17T23:13:02.574+0000][7][gc,heap     ] GC(8) Old regions: 2->2
[2024-01-17T23:13:02.574+0000][7][gc,heap     ] GC(8) Archive regions: 2->2
[2024-01-17T23:13:02.574+0000][7][gc,heap     ] GC(8) Humongous regions: 0->0
[2024-01-17T23:13:02.574+0000][7][gc,metaspace] GC(8) Metaspace: 59039K(60416K)->59039K(60416K) NonClass: 51431K(52224K)->51431K(52224K) Class: 7608K(8192K)->7608K(8192K)
[2024-01-17T23:13:02.574+0000][7][gc          ] GC(8) Pause Young (Concurrent Start) (Metadata GC Threshold) 429M->51M(1024M) 21.389ms
[2024-01-17T23:13:02.574+0000][7][gc,cpu      ] GC(8) User=0.13s Sys=0.00s Real=0.02s
[2024-01-17T23:13:02.574+0000][7][gc          ] GC(9) Concurrent Mark Cycle
[2024-01-17T23:13:02.574+0000][7][gc,marking  ] GC(9) Concurrent Clear Claimed Marks
[2024-01-17T23:13:02.574+0000][7][safepoint   ] Safepoint "CollectForMetadataAllocation", Time since last: 808416183 ns, Reaching safepoint: 122773 ns, At safepoint: 21481515 ns, Total: 21604288 ns
[2024-01-17T23:13:02.574+0000][7][gc,marking  ] GC(9) Concurrent Clear Claimed Marks 0.115ms
[2024-01-17T23:13:02.574+0000][7][gc,marking  ] GC(9) Concurrent Scan Root Regions
[2024-01-17T23:13:02.588+0000][7][gc,marking  ] GC(9) Concurrent Scan Root Regions 13.606ms
[2024-01-17T23:13:02.588+0000][7][gc,marking  ] GC(9) Concurrent Mark
[2024-01-17T23:13:02.588+0000][7][gc,marking  ] GC(9) Concurrent Mark From Roots
[2024-01-17T23:13:02.588+0000][7][gc,task     ] GC(9) Using 2 workers of 2 for marking
[2024-01-17T23:13:02.594+0000][7][gc,marking  ] GC(9) Concurrent Mark From Roots 5.853ms
[2024-01-17T23:13:02.594+0000][7][gc,marking  ] GC(9) Concurrent Preclean
[2024-01-17T23:13:02.594+0000][7][gc,marking  ] GC(9) Concurrent Preclean 0.021ms
[2024-01-17T23:13:02.594+0000][7][gc,start    ] GC(9) Pause Remark
[2024-01-17T23:13:02.597+0000][7][gc          ] GC(9) Pause Remark 53M->53M(1024M) 2.552ms
[2024-01-17T23:13:02.597+0000][7][gc,cpu      ] GC(9) User=0.01s Sys=0.00s Real=0.00s
[2024-01-17T23:13:02.597+0000][7][safepoint   ] Safepoint "G1Concurrent", Time since last: 19670265 ns, Reaching safepoint: 90320 ns, At safepoint: 2604781 ns, Total: 2695101 ns
[2024-01-17T23:13:02.597+0000][7][gc,marking  ] GC(9) Concurrent Mark 8.663ms
[2024-01-17T23:13:02.597+0000][7][gc,marking  ] GC(9) Concurrent Rebuild Remembered Sets
[2024-01-17T23:13:02.599+0000][7][gc,marking  ] GC(9) Concurrent Rebuild Remembered Sets 1.710ms
[2024-01-17T23:13:02.599+0000][7][gc,start    ] GC(9) Pause Cleanup
[2024-01-17T23:13:02.599+0000][7][gc          ] GC(9) Pause Cleanup 53M->53M(1024M) 0.057ms
[2024-01-17T23:13:02.599+0000][7][gc,cpu      ] GC(9) User=0.00s Sys=0.00s Real=0.00s
[2024-01-17T23:13:02.599+0000][7][safepoint   ] Safepoint "G1Concurrent", Time since last: 1806338 ns, Reaching safepoint: 84439 ns, At safepoint: 85800 ns, Total: 170239 ns
[2024-01-17T23:13:02.599+0000][7][gc,marking  ] GC(9) Concurrent Cleanup for Next Mark
[2024-01-17T23:13:02.600+0000][7][gc,marking  ] GC(9) Concurrent Cleanup for Next Mark 1.178ms
[2024-01-17T23:13:02.600+0000][7][gc          ] GC(9) Concurrent Mark Cycle 25.672ms
[2024-01-17T23:13:02.992+0000][7][safepoint   ] Safepoint "ICBufferFull", Time since last: 393370984 ns, Reaching safepoint: 236030 ns, At safepoint: 3596 ns, Total: 239626 ns
[2024-01-17T23:13:04.549+0000][7][safepoint   ] Safepoint "ICBufferFull", Time since last: 1555869818 ns, Reaching safepoint: 983185 ns, At safepoint: 7411 ns, Total: 990596 ns
[2024-01-17T23:13:05.052+0000][7][safepoint   ] Safepoint "ICBufferFull", Time since last: 502294361 ns, Reaching safepoint: 126074 ns, At safepoint: 2317 ns, Total: 128391 ns
[2024-01-17T23:13:05.488+0000][7][safepoint   ] Safepoint "ICBufferFull", Time since last: 435979792 ns, Reaching safepoint: 292707 ns, At safepoint: 2687 ns, Total: 295394 ns
[2024-01-17T23:13:05.857+0000][7][gc,start    ] GC(10) Pause Young (Concurrent Start) (Metadata GC Threshold)
[2024-01-17T23:13:05.857+0000][7][gc,task     ] GC(10) Using 8 workers of 8 for evacuation
[2024-01-17T23:13:05.857+0000][7][gc,age      ] GC(10) Desired survivor size 41943040 bytes, new threshold 15 (max threshold 15)
[2024-01-17T23:13:05.909+0000][7][gc,phases   ] GC(10)   Pre Evacuate Collection Set: 0.4ms
[2024-01-17T23:13:05.909+0000][7][gc,phases   ] GC(10)   Merge Heap Roots: 0.1ms
[2024-01-17T23:13:05.909+0000][7][gc,phases   ] GC(10)   Evacuate Collection Set: 46.1ms
[2024-01-17T23:13:05.909+0000][7][gc,phases   ] GC(10)   Post Evacuate Collection Set: 4.6ms
[2024-01-17T23:13:05.909+0000][7][gc,phases   ] GC(10)   Other: 0.1ms
[2024-01-17T23:13:05.909+0000][7][gc,age      ] GC(10) Age table with threshold 15 (max threshold 15)
[2024-01-17T23:13:05.909+0000][7][gc,age      ] GC(10) - age   1:   17415904 bytes,   17415904 total
[2024-01-17T23:13:05.909+0000][7][gc,age      ] GC(10) - age   2:   24008376 bytes,   41424280 total
[2024-01-17T23:13:05.909+0000][7][gc,age      ] GC(10) - age   3:    4466352 bytes,   45890632 total
[2024-01-17T23:13:05.909+0000][7][gc,age      ] GC(10) - age   4:    8753800 bytes,   54644432 total
[2024-01-17T23:13:05.909+0000][7][gc,age      ] GC(10) - age   5:    1191848 bytes,   55836280 total
[2024-01-17T23:13:05.909+0000][7][gc,age      ] GC(10) - age   6:    1467816 bytes,   57304096 total
[2024-01-17T23:13:05.909+0000][7][gc,age      ] GC(10) - age   7:    1206384 bytes,   58510480 total
[2024-01-17T23:13:05.909+0000][7][gc,heap     ] GC(10) Eden regions: 119->0(138)
[2024-01-17T23:13:05.909+0000][7][gc,heap     ] GC(10) Survivor regions: 11->15(20)
[2024-01-17T23:13:05.909+0000][7][gc,heap     ] GC(10) Old regions: 2->2
[2024-01-17T23:13:05.909+0000][7][gc,heap     ] GC(10) Archive regions: 2->2
[2024-01-17T23:13:05.909+0000][7][gc,heap     ] GC(10) Humongous regions: 0->0
[2024-01-17T23:13:05.909+0000][7][gc,metaspace] GC(10) Metaspace: 97933K(100928K)->97933K(100928K) NonClass: 84674K(86208K)->84674K(86208K) Class: 13258K(14720K)->13258K(14720K)
[2024-01-17T23:13:05.909+0000][7][gc          ] GC(10) Pause Young (Concurrent Start) (Metadata GC Threshold) 527M->67M(1024M) 51.504ms
[2024-01-17T23:13:05.909+0000][7][gc,cpu      ] GC(10) User=0.18s Sys=0.00s Real=0.06s
[2024-01-17T23:13:05.909+0000][7][gc          ] GC(11) Concurrent Mark Cycle
[2024-01-17T23:13:05.909+0000][7][gc,marking  ] GC(11) Concurrent Clear Claimed Marks
[2024-01-17T23:13:05.909+0000][7][safepoint   ] Safepoint "CollectForMetadataAllocation", Time since last: 368848643 ns, Reaching safepoint: 516111 ns, At safepoint: 51638301 ns, Total: 52154412 ns
[2024-01-17T23:13:05.909+0000][7][gc,marking  ] GC(11) Concurrent Clear Claimed Marks 0.271ms
[2024-01-17T23:13:05.909+0000][7][gc,marking  ] GC(11) Concurrent Scan Root Regions
[2024-01-17T23:13:05.938+0000][7][gc,marking  ] GC(11) Concurrent Scan Root Regions 28.607ms
[2024-01-17T23:13:05.938+0000][7][gc,marking  ] GC(11) Concurrent Mark
[2024-01-17T23:13:05.938+0000][7][gc,marking  ] GC(11) Concurrent Mark From Roots
[2024-01-17T23:13:05.938+0000][7][gc,task     ] GC(11) Using 2 workers of 2 for marking
[2024-01-17T23:13:05.949+0000][7][gc,marking  ] GC(11) Concurrent Mark From Roots 11.618ms
[2024-01-17T23:13:05.949+0000][7][gc,marking  ] GC(11) Concurrent Preclean
[2024-01-17T23:13:05.950+0000][7][gc,marking  ] GC(11) Concurrent Preclean 0.036ms
[2024-01-17T23:13:05.950+0000][7][gc,start    ] GC(11) Pause Remark
[2024-01-17T23:13:05.953+0000][7][gc          ] GC(11) Pause Remark 70M->70M(1024M) 3.391ms
[2024-01-17T23:13:05.953+0000][7][gc,cpu      ] GC(11) User=0.02s Sys=0.00s Real=0.00s
[2024-01-17T23:13:05.953+0000][7][safepoint   ] Safepoint "G1Concurrent", Time since last: 40634514 ns, Reaching safepoint: 104969 ns, At safepoint: 3476636 ns, Total: 3581605 ns
[2024-01-17T23:13:05.953+0000][7][gc,marking  ] GC(11) Concurrent Mark 15.336ms
[2024-01-17T23:13:05.953+0000][7][gc,marking  ] GC(11) Concurrent Rebuild Remembered Sets
[2024-01-17T23:13:05.960+0000][7][gc,marking  ] GC(11) Concurrent Rebuild Remembered Sets 6.863ms
[2024-01-17T23:13:05.960+0000][7][gc,start    ] GC(11) Pause Cleanup
[2024-01-17T23:13:05.960+0000][7][gc          ] GC(11) Pause Cleanup 70M->70M(1024M) 0.095ms
[2024-01-17T23:13:05.960+0000][7][gc,cpu      ] GC(11) User=0.00s Sys=0.00s Real=0.00s
[2024-01-17T23:13:05.960+0000][7][safepoint   ] Safepoint "G1Concurrent", Time since last: 6972807 ns, Reaching safepoint: 101973 ns, At safepoint: 132314 ns, Total: 234287 ns
[2024-01-17T23:13:05.960+0000][7][gc,marking  ] GC(11) Concurrent Cleanup for Next Mark
[2024-01-17T23:13:05.962+0000][7][gc,marking  ] GC(11) Concurrent Cleanup for Next Mark 1.686ms
[2024-01-17T23:13:05.962+0000][7][gc          ] GC(11) Concurrent Mark Cycle 53.280ms
[2024-01-17T23:13:06.182+0000][7][safepoint   ] Safepoint "ICBufferFull", Time since last: 221865857 ns, Reaching safepoint: 159487 ns, At safepoint: 6128 ns, Total: 165615 ns
[2024-01-17T23:13:06.289+0000][7][safepoint   ] Safepoint "ICBufferFull", Time since last: 106239467 ns, Reaching safepoint: 159602 ns, At safepoint: 4418 ns, Total: 164020 ns
[2024-01-17T23:13:06.807+0000][7][safepoint   ] Safepoint "ICBufferFull", Time since last: 518110265 ns, Reaching safepoint: 134593 ns, At safepoint: 3387 ns, Total: 137980 ns
[2024-01-17T23:13:07.105+0000][7][safepoint   ] Safepoint "ICBufferFull", Time since last: 298236360 ns, Reaching safepoint: 152107 ns, At safepoint: 4702 ns, Total: 156809 ns
[2024-01-17T23:13:07.412+0000][7][safepoint   ] Safepoint "ICBufferFull", Time since last: 306585001 ns, Reaching safepoint: 205303 ns, At safepoint: 8630 ns, Total: 213933 ns
[2024-01-17T23:13:07.517+0000][7][safepoint   ] Safepoint "ICBufferFull", Time since last: 104416145 ns, Reaching safepoint: 125917 ns, At safepoint: 16339 ns, Total: 142256 ns
[2024-01-17T23:13:07.626+0000][7][safepoint   ] Safepoint "ICBufferFull", Time since last: 109381012 ns, Reaching safepoint: 311413 ns, At safepoint: 7185 ns, Total: 318598 ns
[2024-01-17T23:13:07.831+0000][7][safepoint   ] Safepoint "ICBufferFull", Time since last: 204185780 ns, Reaching safepoint: 142210 ns, At safepoint: 10302 ns, Total: 152512 ns
[2024-01-17T23:13:07.957+0000][7][safepoint   ] Safepoint "ICBufferFull", Time since last: 126249646 ns, Reaching safepoint: 216052 ns, At safepoint: 5750 ns, Total: 221802 ns
[2024-01-17T23:13:08.639+0000][7][safepoint   ] Safepoint "ICBufferFull", Time since last: 681923589 ns, Reaching safepoint: 133234 ns, At safepoint: 9066 ns, Total: 142300 ns
[2024-01-17T23:13:09.083+0000][7][gc,start    ] GC(12) Pause Young (Normal) (G1 Evacuation Pause)
[2024-01-17T23:13:09.083+0000][7][gc,task     ] GC(12) Using 8 workers of 8 for evacuation
[2024-01-17T23:13:09.083+0000][7][gc,age      ] GC(12) Desired survivor size 41943040 bytes, new threshold 3 (max threshold 15)
[2024-01-17T23:13:09.129+0000][7][gc,phases   ] GC(12)   Pre Evacuate Collection Set: 0.1ms
[2024-01-17T23:13:09.129+0000][7][gc,phases   ] GC(12)   Merge Heap Roots: 0.1ms
[2024-01-17T23:13:09.129+0000][7][gc,phases   ] GC(12)   Evacuate Collection Set: 42.4ms
[2024-01-17T23:13:09.129+0000][7][gc,phases   ] GC(12)   Post Evacuate Collection Set: 3.4ms
[2024-01-17T23:13:09.129+0000][7][gc,phases   ] GC(12)   Other: 0.1ms
[2024-01-17T23:13:09.129+0000][7][gc,age      ] GC(12) Age table with threshold 3 (max threshold 15)
[2024-01-17T23:13:09.129+0000][7][gc,age      ] GC(12) - age   1:   16785192 bytes,   16785192 total
[2024-01-17T23:13:09.129+0000][7][gc,age      ] GC(12) - age   2:   16555480 bytes,   33340672 total
[2024-01-17T23:13:09.129+0000][7][gc,age      ] GC(12) - age   3:   23780456 bytes,   57121128 total
[2024-01-17T23:13:09.129+0000][7][gc,heap     ] GC(12) Eden regions: 138->0(138)
[2024-01-17T23:13:09.129+0000][7][gc,heap     ] GC(12) Survivor regions: 15->15(20)
[2024-01-17T23:13:09.129+0000][7][gc,heap     ] GC(12) Old regions: 2->6
[2024-01-17T23:13:09.129+0000][7][gc,heap     ] GC(12) Archive regions: 2->2
[2024-01-17T23:13:09.129+0000][7][gc,heap     ] GC(12) Humongous regions: 0->0
[2024-01-17T23:13:09.129+0000][7][gc,metaspace] GC(12) Metaspace: 111349K(114560K)->111349K(114560K) NonClass: 96169K(97856K)->96169K(97856K) Class: 15179K(16704K)->15179K(16704K)
[2024-01-17T23:13:09.129+0000][7][gc          ] GC(12) Pause Young (Normal) (G1 Evacuation Pause) 619M->83M(1024M) 46.233ms
[2024-01-17T23:13:09.129+0000][7][gc,cpu      ] GC(12) User=0.31s Sys=0.00s Real=0.05s
[2024-01-17T23:13:09.129+0000][7][safepoint   ] Safepoint "G1CollectForAllocation", Time since last: 443185586 ns, Reaching safepoint: 108882 ns, At safepoint: 46308133 ns, Total: 46417015 ns
[2024-01-17T23:13:09.939+0000][7][safepoint   ] Safepoint "ICBufferFull", Time since last: 809726026 ns, Reaching safepoint: 199224 ns, At safepoint: 5935 ns, Total: 205159 ns
[2024-01-17T23:13:10.084+0000][7][gc,start    ] GC(13) Pause Young (Normal) (G1 Evacuation Pause)
[2024-01-17T23:13:10.084+0000][7][gc,task     ] GC(13) Using 8 workers of 8 for evacuation
[2024-01-17T23:13:10.084+0000][7][gc,age      ] GC(13) Desired survivor size 41943040 bytes, new threshold 3 (max threshold 15)
[2024-01-17T23:13:10.112+0000][7][gc,phases   ] GC(13)   Pre Evacuate Collection Set: 0.1ms
[2024-01-17T23:13:10.112+0000][7][gc,phases   ] GC(13)   Merge Heap Roots: 0.1ms
[2024-01-17T23:13:10.112+0000][7][gc,phases   ] GC(13)   Evacuate Collection Set: 25.4ms
[2024-01-17T23:13:10.112+0000][7][gc,phases   ] GC(13)   Post Evacuate Collection Set: 2.2ms
[2024-01-17T23:13:10.112+0000][7][gc,phases   ] GC(13)   Other: 0.1ms
[2024-01-17T23:13:10.112+0000][7][gc,age      ] GC(13) Age table with threshold 3 (max threshold 15)
[2024-01-17T23:13:10.112+0000][7][gc,age      ] GC(13) - age   1:    5579816 bytes,    5579816 total
[2024-01-17T23:13:10.112+0000][7][gc,age      ] GC(13) - age   2:   15962080 bytes,   21541896 total
[2024-01-17T23:13:10.112+0000][7][gc,age      ] GC(13) - age   3:   16538600 bytes,   38080496 total
[2024-01-17T23:13:10.112+0000][7][gc,heap     ] GC(13) Eden regions: 138->0(142)
[2024-01-17T23:13:10.112+0000][7][gc,heap     ] GC(13) Survivor regions: 15->11(20)
[2024-01-17T23:13:10.112+0000][7][gc,heap     ] GC(13) Old regions: 6->12
[2024-01-17T23:13:10.112+0000][7][gc,heap     ] GC(13) Archive regions: 2->2
[2024-01-17T23:13:10.112+0000][7][gc,heap     ] GC(13) Humongous regions: 0->0
[2024-01-17T23:13:10.112+0000][7][gc,metaspace] GC(13) Metaspace: 113787K(117056K)->113787K(117056K) NonClass: 98260K(99968K)->98260K(99968K) Class: 15527K(17088K)->15527K(17088K)
[2024-01-17T23:13:10.112+0000][7][gc          ] GC(13) Pause Young (Normal) (G1 Evacuation Pause) 635M->91M(1024M) 27.961ms
[2024-01-17T23:13:10.112+0000][7][gc,cpu      ] GC(13) User=0.18s Sys=0.00s Real=0.03s
[2024-01-17T23:13:10.112+0000][7][safepoint   ] Safepoint "G1CollectForAllocation", Time since last: 144843942 ns, Reaching safepoint: 173378 ns, At safepoint: 28026122 ns, Total: 28199500 ns
[2024-01-17T23:13:10.384+0000][7][safepoint   ] Safepoint "ICBufferFull", Time since last: 272146107 ns, Reaching safepoint: 265202 ns, At safepoint: 6116 ns, Total: 271318 ns
[2024-01-17T23:13:10.385+0000][7][safepoint   ] Safepoint "ICBufferFull", Time since last: 179886 ns, Reaching safepoint: 93197 ns, At safepoint: 7011 ns, Total: 100208 ns
[2024-01-17T23:13:10.533+0000][7][safepoint   ] Safepoint "ICBufferFull", Time since last: 147791124 ns, Reaching safepoint: 122601 ns, At safepoint: 5628 ns, Total: 128229 ns
[2024-01-17T23:13:10.962+0000][7][safepoint   ] Safepoint "ICBufferFull", Time since last: 428960599 ns, Reaching safepoint: 125693 ns, At safepoint: 5246 ns, Total: 130939 ns
[2024-01-17T23:13:11.101+0000][7][gc,start    ] GC(14) Pause Young (Normal) (G1 Evacuation Pause)
[2024-01-17T23:13:11.101+0000][7][gc,task     ] GC(14) Using 8 workers of 8 for evacuation
[2024-01-17T23:13:11.101+0000][7][gc,age      ] GC(14) Desired survivor size 41943040 bytes, new threshold 15 (max threshold 15)
[2024-01-17T23:13:11.116+0000][7][gc,phases   ] GC(14)   Pre Evacuate Collection Set: 0.1ms
[2024-01-17T23:13:11.116+0000][7][gc,phases   ] GC(14)   Merge Heap Roots: 0.1ms
[2024-01-17T23:13:11.116+0000][7][gc,phases   ] GC(14)   Evacuate Collection Set: 13.9ms
[2024-01-17T23:13:11.116+0000][7][gc,phases   ] GC(14)   Post Evacuate Collection Set: 1.2ms
[2024-01-17T23:13:11.116+0000][7][gc,phases   ] GC(14)   Other: 0.1ms
[2024-01-17T23:13:11.116+0000][7][gc,age      ] GC(14) Age table with threshold 15 (max threshold 15)
[2024-01-17T23:13:11.116+0000][7][gc,age      ] GC(14) - age   1:    9678840 bytes,    9678840 total
[2024-01-17T23:13:11.116+0000][7][gc,age      ] GC(14) - age   2:    3825568 bytes,   13504408 total
[2024-01-17T23:13:11.116+0000][7][gc,age      ] GC(14) - age   3:   14979936 bytes,   28484344 total
[2024-01-17T23:13:11.116+0000][7][gc,age      ] GC(14) - age   4:   16537776 bytes,   45022120 total
[2024-01-17T23:13:11.116+0000][7][gc,heap     ] GC(14) Eden regions: 142->0(141)
[2024-01-17T23:13:11.116+0000][7][gc,heap     ] GC(14) Survivor regions: 11->12(20)
[2024-01-17T23:13:11.116+0000][7][gc,heap     ] GC(14) Old regions: 12->12
[2024-01-17T23:13:11.116+0000][7][gc,heap     ] GC(14) Archive regions: 2->2
[2024-01-17T23:13:11.116+0000][7][gc,heap     ] GC(14) Humongous regions: 0->0
[2024-01-17T23:13:11.116+0000][7][gc,metaspace] GC(14) Metaspace: 115517K(118784K)->115517K(118784K) NonClass: 99801K(101504K)->99801K(101504K) Class: 15716K(17280K)->15716K(17280K)
[2024-01-17T23:13:11.116+0000][7][gc          ] GC(14) Pause Young (Normal) (G1 Evacuation Pause) 659M->96M(1024M) 15.517ms
[2024-01-17T23:13:11.117+0000][7][gc,cpu      ] GC(14) User=0.11s Sys=0.00s Real=0.01s
[2024-01-17T23:13:11.117+0000][7][safepoint   ] Safepoint "G1CollectForAllocation", Time since last: 139266000 ns, Reaching safepoint: 50285 ns, At safepoint: 15580595 ns, Total: 15630880 ns
[2024-01-17T23:13:11.864+0000][7][gc,start    ] GC(15) Pause Young (Normal) (G1 Evacuation Pause)
[2024-01-17T23:13:11.864+0000][7][gc,task     ] GC(15) Using 8 workers of 8 for evacuation
[2024-01-17T23:13:11.864+0000][7][gc,age      ] GC(15) Desired survivor size 41943040 bytes, new threshold 4 (max threshold 15)
[2024-01-17T23:13:11.882+0000][7][gc,phases   ] GC(15)   Pre Evacuate Collection Set: 0.0ms
[2024-01-17T23:13:11.882+0000][7][gc,phases   ] GC(15)   Merge Heap Roots: 0.1ms
[2024-01-17T23:13:11.882+0000][7][gc,phases   ] GC(15)   Evacuate Collection Set: 16.5ms
[2024-01-17T23:13:11.882+0000][7][gc,phases   ] GC(15)   Post Evacuate Collection Set: 1.0ms
[2024-01-17T23:13:11.882+0000][7][gc,phases   ] GC(15)   Other: 0.1ms
[2024-01-17T23:13:11.882+0000][7][gc,age      ] GC(15) Age table with threshold 4 (max threshold 15)
[2024-01-17T23:13:11.882+0000][7][gc,age      ] GC(15) - age   1:    3867472 bytes,    3867472 total
[2024-01-17T23:13:11.882+0000][7][gc,age      ] GC(15) - age   2:    8198384 bytes,   12065856 total
[2024-01-17T23:13:11.882+0000][7][gc,age      ] GC(15) - age   3:    3825504 bytes,   15891360 total
[2024-01-17T23:13:11.882+0000][7][gc,age      ] GC(15) - age   4:   14970496 bytes,   30861856 total
[2024-01-17T23:13:11.882+0000][7][gc,heap     ] GC(15) Eden regions: 141->0(144)
[2024-01-17T23:13:11.882+0000][7][gc,heap     ] GC(15) Survivor regions: 12->9(20)
[2024-01-17T23:13:11.882+0000][7][gc,heap     ] GC(15) Old regions: 12->16
[2024-01-17T23:13:11.882+0000][7][gc,heap     ] GC(15) Archive regions: 2->2
[2024-01-17T23:13:11.882+0000][7][gc,heap     ] GC(15) Humongous regions: 0->0
[2024-01-17T23:13:11.882+0000][7][gc,metaspace] GC(15) Metaspace: 115533K(118848K)->115533K(118848K) NonClass: 99817K(101568K)->99817K(101568K) Class: 15716K(17280K)->15716K(17280K)
[2024-01-17T23:13:11.882+0000][7][gc          ] GC(15) Pause Young (Normal) (G1 Evacuation Pause) 660M->101M(1024M) 17.918ms
[2024-01-17T23:13:11.882+0000][7][gc,cpu      ] GC(15) User=0.13s Sys=0.00s Real=0.02s
[2024-01-17T23:13:11.882+0000][7][safepoint   ] Safepoint "G1CollectForAllocation", Time since last: 747656883 ns, Reaching safepoint: 51300 ns, At safepoint: 17983126 ns, Total: 18034426 ns
[2024-01-17T23:13:12.616+0000][7][gc,start    ] GC(16) Pause Young (Normal) (G1 Evacuation Pause)
[2024-01-17T23:13:12.616+0000][7][gc,task     ] GC(16) Using 8 workers of 8 for evacuation
[2024-01-17T23:13:12.616+0000][7][gc,age      ] GC(16) Desired survivor size 41943040 bytes, new threshold 15 (max threshold 15)
[2024-01-17T23:13:12.626+0000][7][gc,phases   ] GC(16)   Pre Evacuate Collection Set: 0.1ms
[2024-01-17T23:13:12.626+0000][7][gc,phases   ] GC(16)   Merge Heap Roots: 0.1ms
[2024-01-17T23:13:12.626+0000][7][gc,phases   ] GC(16)   Evacuate Collection Set: 8.5ms
[2024-01-17T23:13:12.626+0000][7][gc,phases   ] GC(16)   Post Evacuate Collection Set: 1.0ms
[2024-01-17T23:13:12.626+0000][7][gc,phases   ] GC(16)   Other: 0.1ms
[2024-01-17T23:13:12.626+0000][7][gc,age      ] GC(16) Age table with threshold 15 (max threshold 15)
[2024-01-17T23:13:12.626+0000][7][gc,age      ] GC(16) - age   1:    4557344 bytes,    4557344 total
[2024-01-17T23:13:12.626+0000][7][gc,age      ] GC(16) - age   2:    1805272 bytes,    6362616 total
[2024-01-17T23:13:12.626+0000][7][gc,age      ] GC(16) - age   3:    8197368 bytes,   14559984 total
[2024-01-17T23:13:12.626+0000][7][gc,age      ] GC(16) - age   4:    3823392 bytes,   18383376 total
[2024-01-17T23:13:12.626+0000][7][gc,age      ] GC(16) - age   5:   14970496 bytes,   33353872 total
[2024-01-17T23:13:12.626+0000][7][gc,heap     ] GC(16) Eden regions: 144->0(144)
[2024-01-17T23:13:12.626+0000][7][gc,heap     ] GC(16) Survivor regions: 9->9(20)
[2024-01-17T23:13:12.626+0000][7][gc,heap     ] GC(16) Old regions: 16->16
[2024-01-17T23:13:12.626+0000][7][gc,heap     ] GC(16) Archive regions: 2->2
[2024-01-17T23:13:12.626+0000][7][gc,heap     ] GC(16) Humongous regions: 0->0
[2024-01-17T23:13:12.626+0000][7][gc,metaspace] GC(16) Metaspace: 115560K(118848K)->115560K(118848K) NonClass: 99844K(101568K)->99844K(101568K) Class: 15716K(17280K)->15716K(17280K)
[2024-01-17T23:13:12.626+0000][7][gc          ] GC(16) Pause Young (Normal) (G1 Evacuation Pause) 677M->101M(1024M) 9.824ms
[2024-01-17T23:13:12.626+0000][7][gc,cpu      ] GC(16) User=0.07s Sys=0.00s Real=0.01s
[2024-01-17T23:13:12.626+0000][7][safepoint   ] Safepoint "G1CollectForAllocation", Time since last: 733612715 ns, Reaching safepoint: 57352 ns, At safepoint: 9891005 ns, Total: 9948357 ns
[2024-01-17T23:13:13.410+0000][7][gc,start    ] GC(17) Pause Young (Normal) (G1 Evacuation Pause)
[2024-01-17T23:13:13.410+0000][7][gc,task     ] GC(17) Using 8 workers of 8 for evacuation
[2024-01-17T23:13:13.410+0000][7][gc,age      ] GC(17) Desired survivor size 41943040 bytes, new threshold 15 (max threshold 15)
[2024-01-17T23:13:13.420+0000][7][gc,phases   ] GC(17)   Pre Evacuate Collection Set: 0.1ms
[2024-01-17T23:13:13.420+0000][7][gc,phases   ] GC(17)   Merge Heap Roots: 0.1ms
[2024-01-17T23:13:13.420+0000][7][gc,phases   ] GC(17)   Evacuate Collection Set: 9.1ms
[2024-01-17T23:13:13.420+0000][7][gc,phases   ] GC(17)   Post Evacuate Collection Set: 0.9ms
[2024-01-17T23:13:13.420+0000][7][gc,phases   ] GC(17)   Other: 0.1ms
[2024-01-17T23:13:13.420+0000][7][gc,age      ] GC(17) Age table with threshold 15 (max threshold 15)
[2024-01-17T23:13:13.420+0000][7][gc,age      ] GC(17) - age   1:    5159872 bytes,    5159872 total
[2024-01-17T23:13:13.420+0000][7][gc,age      ] GC(17) - age   2:    1907312 bytes,    7067184 total
[2024-01-17T23:13:13.420+0000][7][gc,age      ] GC(17) - age   3:    1803208 bytes,    8870392 total
[2024-01-17T23:13:13.420+0000][7][gc,age      ] GC(17) - age   4:    8184408 bytes,   17054800 total
[2024-01-17T23:13:13.420+0000][7][gc,age      ] GC(17) - age   5:    3823392 bytes,   20878192 total
[2024-01-17T23:13:13.420+0000][7][gc,age      ] GC(17) - age   6:   14970496 bytes,   35848688 total
[2024-01-17T23:13:13.420+0000][7][gc,heap     ] GC(17) Eden regions: 144->0(143)
[2024-01-17T23:13:13.420+0000][7][gc,heap     ] GC(17) Survivor regions: 9->10(20)
[2024-01-17T23:13:13.420+0000][7][gc,heap     ] GC(17) Old regions: 16->16
[2024-01-17T23:13:13.420+0000][7][gc,heap     ] GC(17) Archive regions: 2->2
[2024-01-17T23:13:13.420+0000][7][gc,heap     ] GC(17) Humongous regions: 0->0
[2024-01-17T23:13:13.420+0000][7][gc,metaspace] GC(17) Metaspace: 115563K(118848K)->115563K(118848K) NonClass: 99847K(101568K)->99847K(101568K) Class: 15716K(17280K)->15716K(17280K)
[2024-01-17T23:13:13.420+0000][7][gc          ] GC(17) Pause Young (Normal) (G1 Evacuation Pause) 677M->104M(1024M) 10.350ms
[2024-01-17T23:13:13.420+0000][7][gc,cpu      ] GC(17) User=0.07s Sys=0.00s Real=0.01s
[2024-01-17T23:13:13.420+0000][7][safepoint   ] Safepoint "G1CollectForAllocation", Time since last: 783864843 ns, Reaching safepoint: 46158 ns, At safepoint: 10414717 ns, Total: 10460875 ns
[2024-01-17T23:13:14.173+0000][7][gc,start    ] GC(18) Pause Young (Normal) (G1 Evacuation Pause)
[2024-01-17T23:13:14.173+0000][7][gc,task     ] GC(18) Using 8 workers of 8 for evacuation
[2024-01-17T23:13:14.173+0000][7][gc,age      ] GC(18) Desired survivor size 41943040 bytes, new threshold 15 (max threshold 15)
[2024-01-17T23:13:14.184+0000][7][gc,phases   ] GC(18)   Pre Evacuate Collection Set: 0.0ms
[2024-01-17T23:13:14.185+0000][7][gc,phases   ] GC(18)   Merge Heap Roots: 0.0ms
[2024-01-17T23:13:14.185+0000][7][gc,phases   ] GC(18)   Evacuate Collection Set: 9.7ms
[2024-01-17T23:13:14.185+0000][7][gc,phases   ] GC(18)   Post Evacuate Collection Set: 1.2ms
[2024-01-17T23:13:14.185+0000][7][gc,phases   ] GC(18)   Other: 0.1ms
[2024-01-17T23:13:14.185+0000][7][gc,age      ] GC(18) Age table with threshold 15 (max threshold 15)
[2024-01-17T23:13:14.185+0000][7][gc,age      ] GC(18) - age   1:    5603824 bytes,    5603824 total
[2024-01-17T23:13:14.185+0000][7][gc,age      ] GC(18) - age   2:    1854616 bytes,    7458440 total
[2024-01-17T23:13:14.185+0000][7][gc,age      ] GC(18) - age   3:    1906736 bytes,    9365176 total
[2024-01-17T23:13:14.185+0000][7][gc,age      ] GC(18) - age   4:    1803208 bytes,   11168384 total
[2024-01-17T23:13:14.185+0000][7][gc,age      ] GC(18) - age   5:    8184408 bytes,   19352792 total
[2024-01-17T23:13:14.185+0000][7][gc,age      ] GC(18) - age   6:    3823392 bytes,   23176184 total
[2024-01-17T23:13:14.185+0000][7][gc,age      ] GC(18) - age   7:   14970056 bytes,   38146240 total
[2024-01-17T23:13:14.185+0000][7][gc,heap     ] GC(18) Eden regions: 143->0(143)
[2024-01-17T23:13:14.185+0000][7][gc,heap     ] GC(18) Survivor regions: 10->10(20)
[2024-01-17T23:13:14.185+0000][7][gc,heap     ] GC(18) Old regions: 16->16
[2024-01-17T23:13:14.185+0000][7][gc,heap     ] GC(18) Archive regions: 2->2
[2024-01-17T23:13:14.185+0000][7][gc,heap     ] GC(18) Humongous regions: 0->0
[2024-01-17T23:13:14.185+0000][7][gc,metaspace] GC(18) Metaspace: 115579K(118912K)->115579K(118912K) NonClass: 99863K(101632K)->99863K(101632K) Class: 15716K(17280K)->15716K(17280K)
[2024-01-17T23:13:14.185+0000][7][gc          ] GC(18) Pause Young (Normal) (G1 Evacuation Pause) 676M->106M(1024M) 11.263ms
[2024-01-17T23:13:14.185+0000][7][gc,cpu      ] GC(18) User=0.08s Sys=0.00s Real=0.01s
[2024-01-17T23:13:14.185+0000][7][safepoint   ] Safepoint "G1CollectForAllocation", Time since last: 753228544 ns, Reaching safepoint: 37612 ns, At safepoint: 11344837 ns, Total: 11382449 ns
[2024-01-17T23:13:14.939+0000][7][gc,start    ] GC(19) Pause Young (Normal) (G1 Evacuation Pause)
[2024-01-17T23:13:14.939+0000][7][gc,task     ] GC(19) Using 8 workers of 8 for evacuation
[2024-01-17T23:13:14.939+0000][7][gc,age      ] GC(19) Desired survivor size 41943040 bytes, new threshold 15 (max threshold 15)
[2024-01-17T23:13:14.950+0000][7][gc,phases   ] GC(19)   Pre Evacuate Collection Set: 0.1ms
[2024-01-17T23:13:14.950+0000][7][gc,phases   ] GC(19)   Merge Heap Roots: 0.1ms
[2024-01-17T23:13:14.950+0000][7][gc,phases   ] GC(19)   Evacuate Collection Set: 10.1ms
[2024-01-17T23:13:14.950+0000][7][gc,phases   ] GC(19)   Post Evacuate Collection Set: 0.8ms
[2024-01-17T23:13:14.950+0000][7][gc,phases   ] GC(19)   Other: 0.1ms
[2024-01-17T23:13:14.950+0000][7][gc,age      ] GC(19) Age table with threshold 15 (max threshold 15)
[2024-01-17T23:13:14.950+0000][7][gc,age      ] GC(19) - age   1:    6793608 bytes,    6793608 total
[2024-01-17T23:13:14.950+0000][7][gc,age      ] GC(19) - age   2:    1830592 bytes,    8624200 total
[2024-01-17T23:13:14.950+0000][7][gc,age      ] GC(19) - age   3:    1853264 bytes,   10477464 total
[2024-01-17T23:13:14.950+0000][7][gc,age      ] GC(19) - age   4:    1906520 bytes,   12383984 total
[2024-01-17T23:13:14.950+0000][7][gc,age      ] GC(19) - age   5:    1803208 bytes,   14187192 total
[2024-01-17T23:13:14.950+0000][7][gc,age      ] GC(19) - age   6:    8184280 bytes,   22371472 total
[2024-01-17T23:13:14.950+0000][7][gc,age      ] GC(19) - age   7:    3823208 bytes,   26194680 total
[2024-01-17T23:13:14.950+0000][7][gc,age      ] GC(19) - age   8:   14969328 bytes,   41164008 total
[2024-01-17T23:13:14.950+0000][7][gc,heap     ] GC(19) Eden regions: 143->0(142)
[2024-01-17T23:13:14.950+0000][7][gc,heap     ] GC(19) Survivor regions: 10->11(20)
[2024-01-17T23:13:14.950+0000][7][gc,heap     ] GC(19) Old regions: 16->16
[2024-01-17T23:13:14.950+0000][7][gc,heap     ] GC(19) Archive regions: 2->2
[2024-01-17T23:13:14.950+0000][7][gc,heap     ] GC(19) Humongous regions: 0->0
[2024-01-17T23:13:14.950+0000][7][gc,metaspace] GC(19) Metaspace: 115607K(118912K)->115607K(118912K) NonClass: 99889K(101632K)->99889K(101632K) Class: 15718K(17280K)->15718K(17280K)
[2024-01-17T23:13:14.950+0000][7][gc          ] GC(19) Pause Young (Normal) (G1 Evacuation Pause) 678M->109M(1024M) 11.263ms
[2024-01-17T23:13:14.950+0000][7][gc,cpu      ] GC(19) User=0.09s Sys=0.00s Real=0.02s
[2024-01-17T23:13:14.950+0000][7][safepoint   ] Safepoint "G1CollectForAllocation", Time since last: 753933021 ns, Reaching safepoint: 43084 ns, At safepoint: 11325808 ns, Total: 11368892 ns
[2024-01-17T23:13:15.690+0000][7][gc,start    ] GC(20) Pause Young (Normal) (G1 Evacuation Pause)
[2024-01-17T23:13:15.690+0000][7][gc,task     ] GC(20) Using 8 workers of 8 for evacuation
[2024-01-17T23:13:15.690+0000][7][gc,age      ] GC(20) Desired survivor size 41943040 bytes, new threshold 15 (max threshold 15)
[2024-01-17T23:13:15.701+0000][7][gc,phases   ] GC(20)   Pre Evacuate Collection Set: 0.1ms
[2024-01-17T23:13:15.701+0000][7][gc,phases   ] GC(20)   Merge Heap Roots: 0.1ms
[2024-01-17T23:13:15.701+0000][7][gc,phases   ] GC(20)   Evacuate Collection Set: 10.4ms
[2024-01-17T23:13:15.701+0000][7][gc,phases   ] GC(20)   Post Evacuate Collection Set: 0.9ms
[2024-01-17T23:13:15.701+0000][7][gc,phases   ] GC(20)   Other: 0.1ms
[2024-01-17T23:13:15.701+0000][7][gc,age      ] GC(20) Age table with threshold 15 (max threshold 15)
[2024-01-17T23:13:15.701+0000][7][gc,age      ] GC(20) - age   1:    7366512 bytes,    7366512 total
[2024-01-17T23:13:15.701+0000][7][gc,age      ] GC(20) - age   2:    1851696 bytes,    9218208 total
[2024-01-17T23:13:15.701+0000][7][gc,age      ] GC(20) - age   3:    1830464 bytes,   11048672 total
[2024-01-17T23:13:15.701+0000][7][gc,age      ] GC(20) - age   4:    1853232 bytes,   12901904 total
[2024-01-17T23:13:15.701+0000][7][gc,age      ] GC(20) - age   5:    1906456 bytes,   14808360 total
[2024-01-17T23:13:15.701+0000][7][gc,age      ] GC(20) - age   6:    1803208 bytes,   16611568 total
[2024-01-17T23:13:15.701+0000][7][gc,age      ] GC(20) - age   7:    8173272 bytes,   24784840 total
[2024-01-17T23:13:15.701+0000][7][gc,age      ] GC(20) - age   8:    3823208 bytes,   28608048 total
[2024-01-17T23:13:15.701+0000][7][gc,age      ] GC(20) - age   9:   14969328 bytes,   43577376 total
[2024-01-17T23:13:15.701+0000][7][gc,heap     ] GC(20) Eden regions: 142->0(141)
[2024-01-17T23:13:15.701+0000][7][gc,heap     ] GC(20) Survivor regions: 11->12(20)
[2024-01-17T23:13:15.701+0000][7][gc,heap     ] GC(20) Old regions: 16->16
[2024-01-17T23:13:15.701+0000][7][gc,heap     ] GC(20) Archive regions: 2->2
[2024-01-17T23:13:15.701+0000][7][gc,heap     ] GC(20) Humongous regions: 0->0
[2024-01-17T23:13:15.701+0000][7][gc,metaspace] GC(20) Metaspace: 115619K(118912K)->115619K(118912K) NonClass: 99899K(101632K)->99899K(101632K) Class: 15719K(17280K)->15719K(17280K)
[2024-01-17T23:13:15.701+0000][7][gc          ] GC(20) Pause Young (Normal) (G1 Evacuation Pause) 677M->110M(1024M) 11.638ms
[2024-01-17T23:13:15.701+0000][7][gc,cpu      ] GC(20) User=0.09s Sys=0.00s Real=0.01s
[2024-01-17T23:13:15.701+0000][7][safepoint   ] Safepoint "G1CollectForAllocation", Time since last: 739534981 ns, Reaching safepoint: 36828 ns, At safepoint: 11700983 ns, Total: 11737811 ns
[2024-01-17T23:13:16.440+0000][7][gc,start    ] GC(21) Pause Young (Normal) (G1 Evacuation Pause)
[2024-01-17T23:13:16.440+0000][7][gc,task     ] GC(21) Using 8 workers of 8 for evacuation
[2024-01-17T23:13:16.440+0000][7][gc,age      ] GC(21) Desired survivor size 41943040 bytes, new threshold 9 (max threshold 15)
[2024-01-17T23:13:16.453+0000][7][gc,phases   ] GC(21)   Pre Evacuate Collection Set: 0.1ms
[2024-01-17T23:13:16.453+0000][7][gc,phases   ] GC(21)   Merge Heap Roots: 0.1ms
[2024-01-17T23:13:16.453+0000][7][gc,phases   ] GC(21)   Evacuate Collection Set: 11.7ms
[2024-01-17T23:13:16.453+0000][7][gc,phases   ] GC(21)   Post Evacuate Collection Set: 0.9ms
[2024-01-17T23:13:16.453+0000][7][gc,phases   ] GC(21)   Other: 0.1ms
[2024-01-17T23:13:16.453+0000][7][gc,age      ] GC(21) Age table with threshold 9 (max threshold 15)
[2024-01-17T23:13:16.453+0000][7][gc,age      ] GC(21) - age   1:    8033688 bytes,    8033688 total
[2024-01-17T23:13:16.453+0000][7][gc,age      ] GC(21) - age   2:    1857056 bytes,    9890744 total
[2024-01-17T23:13:16.453+0000][7][gc,age      ] GC(21) - age   3:    1850328 bytes,   11741072 total
[2024-01-17T23:13:16.453+0000][7][gc,age      ] GC(21) - age   4:    1830464 bytes,   13571536 total
[2024-01-17T23:13:16.453+0000][7][gc,age      ] GC(21) - age   5:    1850080 bytes,   15421616 total
[2024-01-17T23:13:16.453+0000][7][gc,age      ] GC(21) - age   6:    1873072 bytes,   17294688 total
[2024-01-17T23:13:16.453+0000][7][gc,age      ] GC(21) - age   7:    1803208 bytes,   19097896 total
[2024-01-17T23:13:16.453+0000][7][gc,age      ] GC(21) - age   8:    8173272 bytes,   27271168 total
[2024-01-17T23:13:16.453+0000][7][gc,age      ] GC(21) - age   9:    3823208 bytes,   31094376 total
[2024-01-17T23:13:16.453+0000][7][gc,heap     ] GC(21) Eden regions: 141->0(144)
[2024-01-17T23:13:16.453+0000][7][gc,heap     ] GC(21) Survivor regions: 12->9(20)
[2024-01-17T23:13:16.453+0000][7][gc,heap     ] GC(21) Old regions: 16->20
[2024-01-17T23:13:16.453+0000][7][gc,heap     ] GC(21) Archive regions: 2->2
[2024-01-17T23:13:16.453+0000][7][gc,heap     ] GC(21) Humongous regions: 0->0
[2024-01-17T23:13:16.453+0000][7][gc,metaspace] GC(21) Metaspace: 115654K(118912K)->115654K(118912K) NonClass: 99934K(101632K)->99934K(101632K) Class: 15719K(17280K)->15719K(17280K)
[2024-01-17T23:13:16.453+0000][7][gc          ] GC(21) Pause Young (Normal) (G1 Evacuation Pause) 674M->114M(1024M) 13.019ms
[2024-01-17T23:13:16.453+0000][7][gc,cpu      ] GC(21) User=0.09s Sys=0.00s Real=0.01s
[2024-01-17T23:13:16.453+0000][7][safepoint   ] Safepoint "G1CollectForAllocation", Time since last: 738979523 ns, Reaching safepoint: 69646 ns, At safepoint: 13088928 ns, Total: 13158574 ns
[2024-01-17T23:13:17.240+0000][7][gc,start    ] GC(22) Pause Young (Normal) (G1 Evacuation Pause)
[2024-01-17T23:13:17.240+0000][7][gc,task     ] GC(22) Using 8 workers of 8 for evacuation
[2024-01-17T23:13:17.240+0000][7][gc,age      ] GC(22) Desired survivor size 41943040 bytes, new threshold 15 (max threshold 15)
[2024-01-17T23:13:17.248+0000][7][gc,phases   ] GC(22)   Pre Evacuate Collection Set: 0.1ms
[2024-01-17T23:13:17.249+0000][7][gc,phases   ] GC(22)   Merge Heap Roots: 0.0ms
[2024-01-17T23:13:17.249+0000][7][gc,phases   ] GC(22)   Evacuate Collection Set: 7.6ms
[2024-01-17T23:13:17.249+0000][7][gc,phases   ] GC(22)   Post Evacuate Collection Set: 0.5ms
[2024-01-17T23:13:17.249+0000][7][gc,phases   ] GC(22)   Other: 0.1ms
[2024-01-17T23:13:17.249+0000][7][gc,age      ] GC(22) Age table with threshold 15 (max threshold 15)
[2024-01-17T23:13:17.249+0000][7][gc,age      ] GC(22) - age   1:    3685696 bytes,    3685696 total
[2024-01-17T23:13:17.249+0000][7][gc,age      ] GC(22) - age   2:    6495368 bytes,   10181064 total
[2024-01-17T23:13:17.249+0000][7][gc,age      ] GC(22) - age   3:    1801744 bytes,   11982808 total
[2024-01-17T23:13:17.249+0000][7][gc,age      ] GC(22) - age   4:    1850328 bytes,   13833136 total
[2024-01-17T23:13:17.249+0000][7][gc,age      ] GC(22) - age   5:    1830464 bytes,   15663600 total
[2024-01-17T23:13:17.249+0000][7][gc,age      ] GC(22) - age   6:    1833680 bytes,   17497280 total
[2024-01-17T23:13:17.249+0000][7][gc,age      ] GC(22) - age   7:    1873040 bytes,   19370320 total
[2024-01-17T23:13:17.249+0000][7][gc,age      ] GC(22) - age   8:    1803208 bytes,   21173528 total
[2024-01-17T23:13:17.249+0000][7][gc,age      ] GC(22) - age   9:    8173272 bytes,   29346800 total
[2024-01-17T23:13:17.249+0000][7][gc,age      ] GC(22) - age  10:    3823208 bytes,   33170008 total
[2024-01-17T23:13:17.249+0000][7][gc,heap     ] GC(22) Eden regions: 144->0(144)
[2024-01-17T23:13:17.249+0000][7][gc,heap     ] GC(22) Survivor regions: 9->9(20)
[2024-01-17T23:13:17.249+0000][7][gc,heap     ] GC(22) Old regions: 20->20
[2024-01-17T23:13:17.249+0000][7][gc,heap     ] GC(22) Archive regions: 2->2
[2024-01-17T23:13:17.249+0000][7][gc,heap     ] GC(22) Humongous regions: 0->0
[2024-01-17T23:13:17.249+0000][7][gc,metaspace] GC(22) Metaspace: 115662K(118912K)->115662K(118912K) NonClass: 99942K(101632K)->99942K(101632K) Class: 15719K(17280K)->15719K(17280K)
[2024-01-17T23:13:17.249+0000][7][gc          ] GC(22) Pause Young (Normal) (G1 Evacuation Pause) 690M->115M(1024M) 8.547ms
[2024-01-17T23:13:17.249+0000][7][gc,cpu      ] GC(22) User=0.06s Sys=0.00s Real=0.01s
[2024-01-17T23:13:17.249+0000][7][safepoint   ] Safepoint "G1CollectForAllocation", Time since last: 786556607 ns, Reaching safepoint: 49487 ns, At safepoint: 8616885 ns, Total: 8666372 ns
[2024-01-17T23:13:18.074+0000][7][gc,start    ] GC(23) Pause Young (Normal) (G1 Evacuation Pause)
[2024-01-17T23:13:18.075+0000][7][gc,task     ] GC(23) Using 8 workers of 8 for evacuation
[2024-01-17T23:13:18.075+0000][7][gc,age      ] GC(23) Desired survivor size 41943040 bytes, new threshold 15 (max threshold 15)
[2024-01-17T23:13:18.083+0000][7][gc,phases   ] GC(23)   Pre Evacuate Collection Set: 0.0ms
[2024-01-17T23:13:18.083+0000][7][gc,phases   ] GC(23)   Merge Heap Roots: 0.1ms
[2024-01-17T23:13:18.083+0000][7][gc,phases   ] GC(23)   Evacuate Collection Set: 7.4ms
[2024-01-17T23:13:18.083+0000][7][gc,phases   ] GC(23)   Post Evacuate Collection Set: 0.5ms
[2024-01-17T23:13:18.083+0000][7][gc,phases   ] GC(23)   Other: 0.1ms
[2024-01-17T23:13:18.083+0000][7][gc,age      ] GC(23) Age table with threshold 15 (max threshold 15)
[2024-01-17T23:13:18.083+0000][7][gc,age      ] GC(23) - age   1:    8982320 bytes,    8982320 total
[2024-01-17T23:13:18.083+0000][7][gc,age      ] GC(23) - age   2:    1985992 bytes,   10968312 total
[2024-01-17T23:13:18.083+0000][7][gc,age      ] GC(23) - age   3:    1834168 bytes,   12802480 total
[2024-01-17T23:13:18.083+0000][7][gc,age      ] GC(23) - age   4:    1801712 bytes,   14604192 total
[2024-01-17T23:13:18.083+0000][7][gc,age      ] GC(23) - age   5:    1850328 bytes,   16454520 total
[2024-01-17T23:13:18.083+0000][7][gc,age      ] GC(23) - age   6:    1830464 bytes,   18284984 total
[2024-01-17T23:13:18.083+0000][7][gc,age      ] GC(23) - age   7:    1833680 bytes,   20118664 total
[2024-01-17T23:13:18.083+0000][7][gc,age      ] GC(23) - age   8:    1873040 bytes,   21991704 total
[2024-01-17T23:13:18.083+0000][7][gc,age      ] GC(23) - age   9:    1803208 bytes,   23794912 total
[2024-01-17T23:13:18.083+0000][7][gc,age      ] GC(23) - age  10:    8173240 bytes,   31968152 total
[2024-01-17T23:13:18.083+0000][7][gc,age      ] GC(23) - age  11:    3823208 bytes,   35791360 total
[2024-01-17T23:13:18.083+0000][7][gc,heap     ] GC(23) Eden regions: 144->0(143)
[2024-01-17T23:13:18.083+0000][7][gc,heap     ] GC(23) Survivor regions: 9->10(20)
[2024-01-17T23:13:18.083+0000][7][gc,heap     ] GC(23) Old regions: 20->20
[2024-01-17T23:13:18.083+0000][7][gc,heap     ] GC(23) Archive regions: 2->2
[2024-01-17T23:13:18.083+0000][7][gc,heap     ] GC(23) Humongous regions: 0->0
[2024-01-17T23:13:18.083+0000][7][gc,metaspace] GC(23) Metaspace: 115669K(118912K)->115669K(118912K) NonClass: 99949K(101632K)->99949K(101632K) Class: 15719K(17280K)->15719K(17280K)
[2024-01-17T23:13:18.083+0000][7][gc          ] GC(23) Pause Young (Normal) (G1 Evacuation Pause) 691M->118M(1024M) 8.314ms
[2024-01-17T23:13:18.083+0000][7][gc,cpu      ] GC(23) User=0.05s Sys=0.00s Real=0.01s
[2024-01-17T23:13:18.083+0000][7][safepoint   ] Safepoint "G1CollectForAllocation", Time since last: 825791868 ns, Reaching safepoint: 36437 ns, At safepoint: 8375209 ns, Total: 8411646 ns
[2024-01-17T23:13:19.083+0000][7][safepoint   ] Safepoint "Cleanup", Time since last: 1000088315 ns, Reaching safepoint: 117505 ns, At safepoint: 9064 ns, Total: 126569 ns
[2024-01-17T23:13:20.083+0000][7][safepoint   ] Safepoint "Cleanup", Time since last: 1000100599 ns, Reaching safepoint: 84257 ns, At safepoint: 4474 ns, Total: 88731 ns
[2024-01-17T23:13:20.673+0000][7][safepoint   ] Safepoint "ICBufferFull", Time since last: 589805140 ns, Reaching safepoint: 232095 ns, At safepoint: 11126 ns, Total: 243221 ns
[2024-01-17T23:13:20.939+0000][7][safepoint   ] Safepoint "ICBufferFull", Time since last: 265073761 ns, Reaching safepoint: 126764 ns, At safepoint: 6443 ns, Total: 133207 ns
[2024-01-17T23:13:21.939+0000][7][safepoint   ] Safepoint "Cleanup", Time since last: 1000123136 ns, Reaching safepoint: 189074 ns, At safepoint: 11536 ns, Total: 200610 ns
[2024-01-17T23:13:22.939+0000][7][safepoint   ] Safepoint "Cleanup", Time since last: 1000155847 ns, Reaching safepoint: 59904 ns, At safepoint: 5920 ns, Total: 65824 ns
[2024-01-17T23:13:24.939+0000][7][safepoint   ] Safepoint "Cleanup", Time since last: 2000261819 ns, Reaching safepoint: 140970 ns, At safepoint: 6884 ns, Total: 147854 ns
[2024-01-17T23:13:25.988+0000][7][safepoint   ] Safepoint "Cleanup", Time since last: 1048556293 ns, Reaching safepoint: 150080 ns, At safepoint: 9404 ns, Total: 159484 ns
[2024-01-17T23:13:26.114+0000][7][safepoint   ] Safepoint "ICBufferFull", Time since last: 125925216 ns, Reaching safepoint: 196124 ns, At safepoint: 7373 ns, Total: 203497 ns
[2024-01-17T23:13:27.115+0000][7][safepoint   ] Safepoint "Cleanup", Time since last: 1000263378 ns, Reaching safepoint: 241629 ns, At safepoint: 10224 ns, Total: 251853 ns
[2024-01-17T23:13:28.115+0000][7][safepoint   ] Safepoint "Cleanup", Time since last: 1000276618 ns, Reaching safepoint: 110310 ns, At safepoint: 11733 ns, Total: 122043 ns
[2024-01-17T23:13:29.167+0000][7][safepoint   ] Safepoint "Cleanup", Time since last: 1051249420 ns, Reaching safepoint: 131694 ns, At safepoint: 4713 ns, Total: 136407 ns
[2024-01-17T23:13:29.286+0000][7][gc,start    ] GC(24) Pause Young (Normal) (G1 Evacuation Pause)
[2024-01-17T23:13:29.286+0000][7][gc,task     ] GC(24) Using 8 workers of 8 for evacuation
[2024-01-17T23:13:29.286+0000][7][gc,age      ] GC(24) Desired survivor size 41943040 bytes, new threshold 15 (max threshold 15)
[2024-01-17T23:13:29.302+0000][7][gc,phases   ] GC(24)   Pre Evacuate Collection Set: 0.1ms
[2024-01-17T23:13:29.302+0000][7][gc,phases   ] GC(24)   Merge Heap Roots: 0.1ms
[2024-01-17T23:13:29.302+0000][7][gc,phases   ] GC(24)   Evacuate Collection Set: 14.1ms
[2024-01-17T23:13:29.302+0000][7][gc,phases   ] GC(24)   Post Evacuate Collection Set: 1.0ms
[2024-01-17T23:13:29.302+0000][7][gc,phases   ] GC(24)   Other: 0.1ms
[2024-01-17T23:13:29.302+0000][7][gc,age      ] GC(24) Age table with threshold 15 (max threshold 15)
[2024-01-17T23:13:29.302+0000][7][gc,age      ] GC(24) - age   1:   12303920 bytes,   12303920 total
[2024-01-17T23:13:29.302+0000][7][gc,age      ] GC(24) - age   2:    3137256 bytes,   15441176 total
[2024-01-17T23:13:29.302+0000][7][gc,age      ] GC(24) - age   3:    1897296 bytes,   17338472 total
[2024-01-17T23:13:29.302+0000][7][gc,age      ] GC(24) - age   4:    1799800 bytes,   19138272 total
[2024-01-17T23:13:29.302+0000][7][gc,age      ] GC(24) - age   5:    1800008 bytes,   20938280 total
[2024-01-17T23:13:29.302+0000][7][gc,age      ] GC(24) - age   6:    1823264 bytes,   22761544 total
[2024-01-17T23:13:29.302+0000][7][gc,age      ] GC(24) - age   7:    1827576 bytes,   24589120 total
[2024-01-17T23:13:29.302+0000][7][gc,age      ] GC(24) - age   8:    1831216 bytes,   26420336 total
[2024-01-17T23:13:29.302+0000][7][gc,age      ] GC(24) - age   9:    1870640 bytes,   28290976 total
[2024-01-17T23:13:29.302+0000][7][gc,age      ] GC(24) - age  10:    1800544 bytes,   30091520 total
[2024-01-17T23:13:29.302+0000][7][gc,age      ] GC(24) - age  11:    8008176 bytes,   38099696 total
[2024-01-17T23:13:29.302+0000][7][gc,age      ] GC(24) - age  12:    3813024 bytes,   41912720 total
[2024-01-17T23:13:29.302+0000][7][gc,heap     ] GC(24) Eden regions: 143->0(141)
[2024-01-17T23:13:29.302+0000][7][gc,heap     ] GC(24) Survivor regions: 10->12(20)
[2024-01-17T23:13:29.302+0000][7][gc,heap     ] GC(24) Old regions: 20->20
[2024-01-17T23:13:29.302+0000][7][gc,heap     ] GC(24) Archive regions: 2->2
[2024-01-17T23:13:29.302+0000][7][gc,heap     ] GC(24) Humongous regions: 0->0
[2024-01-17T23:13:29.302+0000][7][gc,metaspace] GC(24) Metaspace: 119328K(122752K)->119328K(122752K) NonClass: 103093K(104896K)->103093K(104896K) Class: 16235K(17856K)->16235K(17856K)
[2024-01-17T23:13:29.302+0000][7][gc          ] GC(24) Pause Young (Normal) (G1 Evacuation Pause) 690M->125M(1024M) 15.554ms
[2024-01-17T23:13:29.302+0000][7][gc,cpu      ] GC(24) User=0.11s Sys=0.00s Real=0.02s
[2024-01-17T23:13:29.302+0000][7][safepoint   ] Safepoint "G1CollectForAllocation", Time since last: 119401541 ns, Reaching safepoint: 174754 ns, At safepoint: 15640626 ns, Total: 15815380 ns
[2024-01-17T23:13:29.604+0000][7][safepoint   ] Safepoint "ICBufferFull", Time since last: 301864896 ns, Reaching safepoint: 174215 ns, At safepoint: 3615 ns, Total: 177830 ns
[2024-01-17T23:13:30.604+0000][7][safepoint   ] Safepoint "Cleanup", Time since last: 1000279132 ns, Reaching safepoint: 228038 ns, At safepoint: 11418 ns, Total: 239456 ns
[2024-01-17T23:13:31.605+0000][7][safepoint   ] Safepoint "Cleanup", Time since last: 1000233322 ns, Reaching safepoint: 108946 ns, At safepoint: 11038 ns, Total: 119984 ns
[2024-01-17T23:13:32.246+0000][7][safepoint   ] Safepoint "ICBufferFull", Time since last: 639823133 ns, Reaching safepoint: 1570019 ns, At safepoint: 46888 ns, Total: 1616907 ns
[2024-01-17T23:13:33.334+0000][7][safepoint   ] Safepoint "Cleanup", Time since last: 1087090085 ns, Reaching safepoint: 230881 ns, At safepoint: 12382 ns, Total: 243263 ns
[2024-01-17T23:13:35.027+0000][7][safepoint   ] Safepoint "ICBufferFull", Time since last: 1692955139 ns, Reaching safepoint: 217934 ns, At safepoint: 12029 ns, Total: 229963 ns
[2024-01-17T23:13:36.027+0000][7][safepoint   ] Safepoint "Cleanup", Time since last: 1000137270 ns, Reaching safepoint: 223772 ns, At safepoint: 14923 ns, Total: 238695 ns
[2024-01-17T23:13:37.027+0000][7][safepoint   ] Safepoint "Cleanup", Time since last: 1000266891 ns, Reaching safepoint: 83341 ns, At safepoint: 7190 ns, Total: 90531 ns
[2024-01-17T23:13:38.028+0000][7][safepoint   ] Safepoint "Cleanup", Time since last: 1000143347 ns, Reaching safepoint: 100309 ns, At safepoint: 6890 ns, Total: 107199 ns
[2024-01-17T23:13:39.028+0000][7][safepoint   ] Safepoint "Cleanup", Time since last: 1000259155 ns, Reaching safepoint: 141939 ns, At safepoint: 19989 ns, Total: 161928 ns
[2024-01-17T23:13:41.029+0000][7][safepoint   ] Safepoint "Cleanup", Time since last: 2000344429 ns, Reaching safepoint: 96842 ns, At safepoint: 9827 ns, Total: 106669 ns
[2024-01-17T23:13:42.029+0000][7][safepoint   ] Safepoint "Cleanup", Time since last: 1000152558 ns, Reaching safepoint: 170009 ns, At safepoint: 6923 ns, Total: 176932 ns
[2024-01-17T23:13:44.029+0000][7][safepoint   ] Safepoint "Cleanup", Time since last: 2000217116 ns, Reaching safepoint: 89798 ns, At safepoint: 11871 ns, Total: 101669 ns
[2024-01-17T23:13:45.030+0000][7][safepoint   ] Safepoint "Cleanup", Time since last: 1000141075 ns, Reaching safepoint: 223134 ns, At safepoint: 10608 ns, Total: 233742 ns
[2024-01-17T23:13:46.030+0000][7][safepoint   ] Safepoint "Cleanup", Time since last: 1000272689 ns, Reaching safepoint: 92757 ns, At safepoint: 12163 ns, Total: 104920 ns
[2024-01-17T23:13:47.030+0000][7][safepoint   ] Safepoint "Cleanup", Time since last: 1000217871 ns, Reaching safepoint: 72949 ns, At safepoint: 13293 ns, Total: 86242 ns
[2024-01-17T23:13:48.031+0000][7][safepoint   ] Safepoint "Cleanup", Time since last: 1000249236 ns, Reaching safepoint: 108262 ns, At safepoint: 12184 ns, Total: 120446 ns
[2024-01-17T23:13:50.031+0000][7][safepoint   ] Safepoint "Cleanup", Time since last: 2000336689 ns, Reaching safepoint: 94864 ns, At safepoint: 9431 ns, Total: 104295 ns
[2024-01-17T23:13:51.031+0000][7][safepoint   ] Safepoint "Cleanup", Time since last: 1000130350 ns, Reaching safepoint: 92030 ns, At safepoint: 24868 ns, Total: 116898 ns
[2024-01-17T23:13:52.032+0000][7][safepoint   ] Safepoint "Cleanup", Time since last: 1000268745 ns, Reaching safepoint: 97769 ns, At safepoint: 12267 ns, Total: 110036 ns
[2024-01-17T23:13:53.032+0000][7][safepoint   ] Safepoint "Cleanup", Time since last: 1000139421 ns, Reaching safepoint: 74624 ns, At safepoint: 23487 ns, Total: 98111 ns
[2024-01-17T23:13:54.475+0000][7][safepoint   ] Safepoint "Cleanup", Time since last: 1442517161 ns, Reaching safepoint: 269739 ns, At safepoint: 11956 ns, Total: 281695 ns
[2024-01-17T23:13:56.475+0000][7][safepoint   ] Safepoint "Cleanup", Time since last: 2000420473 ns, Reaching safepoint: 148831 ns, At safepoint: 8339 ns, Total: 157170 ns
[2024-01-17T23:13:57.476+0000][7][safepoint   ] Safepoint "Cleanup", Time since last: 1000132089 ns, Reaching safepoint: 72664 ns, At safepoint: 3883 ns, Total: 76547 ns
[2024-01-17T23:13:59.476+0000][7][safepoint   ] Safepoint "Cleanup", Time since last: 2000423525 ns, Reaching safepoint: 167679 ns, At safepoint: 11450 ns, Total: 179129 ns
[2024-01-17T23:14:00.476+0000][7][safepoint   ] Safepoint "Cleanup", Time since last: 1000133478 ns, Reaching safepoint: 112805 ns, At safepoint: 10212 ns, Total: 123017 ns
[2024-01-17T23:14:01.477+0000][7][safepoint   ] Safepoint "Cleanup", Time since last: 1000258445 ns, Reaching safepoint: 110492 ns, At safepoint: 15038 ns, Total: 125530 ns
[2024-01-17T23:14:02.477+0000][7][safepoint   ] Safepoint "Cleanup", Time since last: 1000139871 ns, Reaching safepoint: 81962 ns, At safepoint: 10438 ns, Total: 92400 ns
[2024-01-17T23:14:03.477+0000][7][safepoint   ] Safepoint "Cleanup", Time since last: 1000133423 ns, Reaching safepoint: 52635 ns, At safepoint: 4447 ns, Total: 57082 ns
[2024-01-17T23:14:04.477+0000][7][safepoint   ] Safepoint "Cleanup", Time since last: 1000133208 ns, Reaching safepoint: 69736 ns, At safepoint: 15850 ns, Total: 85586 ns
[2024-01-17T23:14:05.478+0000][7][safepoint   ] Safepoint "Cleanup", Time since last: 1000112407 ns, Reaching safepoint: 96107 ns, At safepoint: 3387 ns, Total: 99494 ns
[2024-01-17T23:14:06.478+0000][7][safepoint   ] Safepoint "Cleanup", Time since last: 1000121596 ns, Reaching safepoint: 81644 ns, At safepoint: 14611 ns, Total: 96255 ns
[2024-01-17T23:14:07.478+0000][7][safepoint   ] Safepoint "Cleanup", Time since last: 1000152178 ns, Reaching safepoint: 187351 ns, At safepoint: 15107 ns, Total: 202458 ns
[2024-01-17T23:14:08.479+0000][7][safepoint   ] Safepoint "Cleanup", Time since last: 1000189133 ns, Reaching safepoint: 118932 ns, At safepoint: 3588 ns, Total: 122520 ns
[2024-01-17T23:14:09.479+0000][7][safepoint   ] Safepoint "Cleanup", Time since last: 1000117907 ns, Reaching safepoint: 60805 ns, At safepoint: 6438 ns, Total: 67243 ns
[2024-01-17T23:14:11.479+0000][7][safepoint   ] Safepoint "Cleanup", Time since last: 2000190594 ns, Reaching safepoint: 73330 ns, At safepoint: 4106 ns, Total: 77436 ns
[2024-01-17T23:14:12.479+0000][7][safepoint   ] Safepoint "Cleanup", Time since last: 1000126964 ns, Reaching safepoint: 78661 ns, At safepoint: 14486 ns, Total: 93147 ns
[2024-01-17T23:14:14.479+0000][7][safepoint   ] Safepoint "Cleanup", Time since last: 2000199730 ns, Reaching safepoint: 91667 ns, At safepoint: 12905 ns, Total: 104572 ns
[2024-01-17T23:14:15.480+0000][7][safepoint   ] Safepoint "Cleanup", Time since last: 1000123018 ns, Reaching safepoint: 55250 ns, At safepoint: 10668 ns, Total: 65918 ns
[2024-01-17T23:14:16.480+0000][7][safepoint   ] Safepoint "Cleanup", Time since last: 1000124630 ns, Reaching safepoint: 73465 ns, At safepoint: 11936 ns, Total: 85401 ns
[2024-01-17T23:14:17.480+0000][7][safepoint   ] Safepoint "Cleanup", Time since last: 1000121885 ns, Reaching safepoint: 96666 ns, At safepoint: 6239 ns, Total: 102905 ns
[2024-01-17T23:14:18.480+0000][7][safepoint   ] Safepoint "Cleanup", Time since last: 1000124928 ns, Reaching safepoint: 62833 ns, At safepoint: 12730 ns, Total: 75563 ns
[2024-01-17T23:14:19.480+0000][7][safepoint   ] Safepoint "Cleanup", Time since last: 1000115635 ns, Reaching safepoint: 76886 ns, At safepoint: 3470 ns, Total: 80356 ns
[2024-01-17T23:14:20.481+0000][7][safepoint   ] Safepoint "Cleanup", Time since last: 1000111425 ns, Reaching safepoint: 94302 ns, At safepoint: 4703 ns, Total: 99005 ns
[2024-01-17T23:14:21.481+0000][7][safepoint   ] Safepoint "Cleanup", Time since last: 1000117425 ns, Reaching safepoint: 52264 ns, At safepoint: 5547 ns, Total: 57811 ns
[2024-01-17T23:14:22.481+0000][7][safepoint   ] Safepoint "Cleanup", Time since last: 1000112104 ns, Reaching safepoint: 75967 ns, At safepoint: 14418 ns, Total: 90385 ns
[2024-01-17T23:14:23.481+0000][7][safepoint   ] Safepoint "Cleanup", Time since last: 1000136375 ns, Reaching safepoint: 83664 ns, At safepoint: 5969 ns, Total: 89633 ns
[2024-01-17T23:14:24.482+0000][7][safepoint   ] Safepoint "Cleanup", Time since last: 1000209777 ns, Reaching safepoint: 67828 ns, At safepoint: 11077 ns, Total: 78905 ns
[2024-01-17T23:14:26.482+0000][7][safepoint   ] Safepoint "Cleanup", Time since last: 2000281157 ns, Reaching safepoint: 122706 ns, At safepoint: 6093 ns, Total: 128799 ns
[2024-01-17T23:14:27.482+0000][7][safepoint   ] Safepoint "Cleanup", Time since last: 1000234027 ns, Reaching safepoint: 85340 ns, At safepoint: 10565 ns, Total: 95905 ns
[2024-01-17T23:14:29.483+0000][7][safepoint   ] Safepoint "Cleanup", Time since last: 2000326420 ns, Reaching safepoint: 129018 ns, At safepoint: 9609 ns, Total: 138627 ns
[2024-01-17T23:14:30.483+0000][7][safepoint   ] Safepoint "Cleanup", Time since last: 1000122218 ns, Reaching safepoint: 72525 ns, At safepoint: 7382 ns, Total: 79907 ns
[2024-01-17T23:14:31.483+0000][7][safepoint   ] Safepoint "Cleanup", Time since last: 1000165396 ns, Reaching safepoint: 69122 ns, At safepoint: 11243 ns, Total: 80365 ns
[2024-01-17T23:14:32.484+0000][7][safepoint   ] Safepoint "Cleanup", Time since last: 1000300171 ns, Reaching safepoint: 77871 ns, At safepoint: 3553 ns, Total: 81424 ns
[2024-01-17T23:14:33.484+0000][7][safepoint   ] Safepoint "Cleanup", Time since last: 1000153935 ns, Reaching safepoint: 60842 ns, At safepoint: 15249 ns, Total: 76091 ns
[2024-01-17T23:14:34.484+0000][7][safepoint   ] Safepoint "Cleanup", Time since last: 1000124734 ns, Reaching safepoint: 62746 ns, At safepoint: 4272 ns, Total: 67018 ns
[2024-01-17T23:14:35.484+0000][7][safepoint   ] Safepoint "Cleanup", Time since last: 1000163268 ns, Reaching safepoint: 86274 ns, At safepoint: 3793 ns, Total: 90067 ns
[2024-01-17T23:14:36.485+0000][7][safepoint   ] Safepoint "Cleanup", Time since last: 1000142694 ns, Reaching safepoint: 61630 ns, At safepoint: 12876 ns, Total: 74506 ns
[2024-01-17T23:14:37.485+0000][7][safepoint   ] Safepoint "Cleanup", Time since last: 1000140156 ns, Reaching safepoint: 85597 ns, At safepoint: 15527 ns, Total: 101124 ns
[2024-01-17T23:14:38.485+0000][7][safepoint   ] Safepoint "Cleanup", Time since last: 1000141861 ns, Reaching safepoint: 76152 ns, At safepoint: 11484 ns, Total: 87636 ns
[2024-01-17T23:14:39.485+0000][7][safepoint   ] Safepoint "Cleanup", Time since last: 1000136264 ns, Reaching safepoint: 85181 ns, At safepoint: 5036 ns, Total: 90217 ns
[2024-01-17T23:14:40.485+0000][7][safepoint   ] Safepoint "Cleanup", Time since last: 1000124267 ns, Reaching safepoint: 64637 ns, At safepoint: 13009 ns, Total: 77646 ns
[2024-01-17T23:14:41.486+0000][7][safepoint   ] Safepoint "Cleanup", Time since last: 1000138707 ns, Reaching safepoint: 83798 ns, At safepoint: 4075 ns, Total: 87873 ns
[2024-01-17T23:14:44.486+0000][7][safepoint   ] Safepoint "Cleanup", Time since last: 3000282279 ns, Reaching safepoint: 80764 ns, At safepoint: 4605 ns, Total: 85369 ns
[2024-01-17T23:14:45.486+0000][7][safepoint   ] Safepoint "Cleanup", Time since last: 1000148532 ns, Reaching safepoint: 71999 ns, At safepoint: 4007 ns, Total: 76006 ns
[2024-01-17T23:14:46.486+0000][7][safepoint   ] Safepoint "Cleanup", Time since last: 1000153550 ns, Reaching safepoint: 76408 ns, At safepoint: 4188 ns, Total: 80596 ns
[2024-01-17T23:14:47.487+0000][7][safepoint   ] Safepoint "Cleanup", Time since last: 1000129288 ns, Reaching safepoint: 67668 ns, At safepoint: 5515 ns, Total: 73183 ns
[2024-01-17T23:14:50.487+0000][7][safepoint   ] Safepoint "Cleanup", Time since last: 3000303917 ns, Reaching safepoint: 79539 ns, At safepoint: 3870 ns, Total: 83409 ns
[2024-01-17T23:14:51.487+0000][7][safepoint   ] Safepoint "Cleanup", Time since last: 1000144712 ns, Reaching safepoint: 91244 ns, At safepoint: 12228 ns, Total: 103472 ns
[2024-01-17T23:14:52.488+0000][7][safepoint   ] Safepoint "Cleanup", Time since last: 1000132211 ns, Reaching safepoint: 81278 ns, At safepoint: 18233 ns, Total: 99511 ns
[2024-01-17T23:14:53.488+0000][7][safepoint   ] Safepoint "Cleanup", Time since last: 1000148135 ns, Reaching safepoint: 58911 ns, At safepoint: 14441 ns, Total: 73352 ns
[2024-01-17T23:14:54.488+0000][7][safepoint   ] Safepoint "Cleanup", Time since last: 1000148289 ns, Reaching safepoint: 108530 ns, At safepoint: 5235 ns, Total: 113765 ns
[2024-01-17T23:14:56.488+0000][7][safepoint   ] Safepoint "Cleanup", Time since last: 2000210923 ns, Reaching safepoint: 94602 ns, At safepoint: 5534 ns, Total: 100136 ns
[2024-01-17T23:14:57.489+0000][7][safepoint   ] Safepoint "Cleanup", Time since last: 1000140494 ns, Reaching safepoint: 51469 ns, At safepoint: 4906 ns, Total: 56375 ns
[2024-01-17T23:14:59.489+0000][7][safepoint   ] Safepoint "Cleanup", Time since last: 2000202884 ns, Reaching safepoint: 98061 ns, At safepoint: 5800 ns, Total: 103861 ns
[2024-01-17T23:15:01.489+0000][7][safepoint   ] Safepoint "Cleanup", Time since last: 2000220003 ns, Reaching safepoint: 78669 ns, At safepoint: 4227 ns, Total: 82896 ns
[2024-01-17T23:15:02.489+0000][7][safepoint   ] Safepoint "Cleanup", Time since last: 1000159309 ns, Reaching safepoint: 67564 ns, At safepoint: 4875 ns, Total: 72439 ns
[2024-01-17T23:15:03.490+0000][7][safepoint   ] Safepoint "Cleanup", Time since last: 1000132295 ns, Reaching safepoint: 87282 ns, At safepoint: 8707 ns, Total: 95989 ns
[2024-01-17T23:15:05.490+0000][7][safepoint   ] Safepoint "Cleanup", Time since last: 2000194392 ns, Reaching safepoint: 79051 ns, At safepoint: 12162 ns, Total: 91213 ns
[2024-01-17T23:15:06.490+0000][7][safepoint   ] Safepoint "Cleanup", Time since last: 1000137671 ns, Reaching safepoint: 64945 ns, At safepoint: 12690 ns, Total: 77635 ns
[2024-01-17T23:15:07.490+0000][7][safepoint   ] Safepoint "Cleanup", Time since last: 1000167728 ns, Reaching safepoint: 105582 ns, At safepoint: 3871 ns, Total: 109453 ns
[2024-01-17T23:15:09.076+0000][7][safepoint   ] Safepoint "Cleanup", Time since last: 1585336336 ns, Reaching safepoint: 159118 ns, At safepoint: 12665 ns, Total: 171783 ns
[2024-01-17T23:15:10.076+0000][7][safepoint   ] Safepoint "Cleanup", Time since last: 1000103125 ns, Reaching safepoint: 53464 ns, At safepoint: 4733 ns, Total: 58197 ns
[2024-01-17T23:15:11.076+0000][7][safepoint   ] Safepoint "Cleanup", Time since last: 1000125701 ns, Reaching safepoint: 67697 ns, At safepoint: 11346 ns, Total: 79043 ns
[2024-01-17T23:15:11.567+0000][7][safepoint   ] Safepoint "ICBufferFull", Time since last: 490496324 ns, Reaching safepoint: 227278 ns, At safepoint: 3502 ns, Total: 230780 ns
[2024-01-17T23:15:12.567+0000][7][safepoint   ] Safepoint "Cleanup", Time since last: 1000129812 ns, Reaching safepoint: 55707 ns, At safepoint: 3873 ns, Total: 59580 ns
[2024-01-17T23:15:13.567+0000][7][safepoint   ] Safepoint "Cleanup", Time since last: 1000116463 ns, Reaching safepoint: 64228 ns, At safepoint: 3529 ns, Total: 67757 ns
[2024-01-17T23:15:14.568+0000][7][safepoint   ] Safepoint "Cleanup", Time since last: 1000121441 ns, Reaching safepoint: 62244 ns, At safepoint: 4308 ns, Total: 66552 ns
[2024-01-17T23:15:16.568+0000][7][safepoint   ] Safepoint "Cleanup", Time since last: 2000188754 ns, Reaching safepoint: 194911 ns, At safepoint: 8136 ns, Total: 203047 ns
[2024-01-17T23:15:17.568+0000][7][safepoint   ] Safepoint "Cleanup", Time since last: 1000258990 ns, Reaching safepoint: 64375 ns, At safepoint: 13035 ns, Total: 77410 ns
[2024-01-17T23:15:18.569+0000][7][safepoint   ] Safepoint "Cleanup", Time since last: 1000140717 ns, Reaching safepoint: 74884 ns, At safepoint: 12684 ns, Total: 87568 ns
[2024-01-17T23:15:20.569+0000][7][safepoint   ] Safepoint "Cleanup", Time since last: 2000222086 ns, Reaching safepoint: 94339 ns, At safepoint: 4939 ns, Total: 99278 ns
[2024-01-17T23:15:21.569+0000][7][safepoint   ] Safepoint "Cleanup", Time since last: 1000138411 ns, Reaching safepoint: 81467 ns, At safepoint: 5210 ns, Total: 86677 ns
[2024-01-17T23:15:23.569+0000][7][safepoint   ] Safepoint "Cleanup", Time since last: 2000280094 ns, Reaching safepoint: 69030 ns, At safepoint: 8258 ns, Total: 77288 ns
[2024-01-17T23:15:26.570+0000][7][safepoint   ] Safepoint "Cleanup", Time since last: 3000285504 ns, Reaching safepoint: 101572 ns, At safepoint: 5974 ns, Total: 107546 ns
[2024-01-17T23:15:27.570+0000][7][safepoint   ] Safepoint "Cleanup", Time since last: 1000168585 ns, Reaching safepoint: 43738 ns, At safepoint: 4064 ns, Total: 47802 ns
[2024-01-17T23:15:28.570+0000][7][safepoint   ] Safepoint "Cleanup", Time since last: 1000118725 ns, Reaching safepoint: 68030 ns, At safepoint: 12578 ns, Total: 80608 ns
[2024-01-17T23:15:30.571+0000][7][safepoint   ] Safepoint "Cleanup", Time since last: 2000206872 ns, Reaching safepoint: 88190 ns, At safepoint: 13977 ns, Total: 102167 ns
[2024-01-17T23:15:32.571+0000][7][safepoint   ] Safepoint "Cleanup", Time since last: 2000231354 ns, Reaching safepoint: 80893 ns, At safepoint: 12606 ns, Total: 93499 ns
[2024-01-17T23:15:33.571+0000][7][safepoint   ] Safepoint "Cleanup", Time since last: 1000156308 ns, Reaching safepoint: 73455 ns, At safepoint: 4429 ns, Total: 77884 ns
[2024-01-17T23:15:34.571+0000][7][safepoint   ] Safepoint "Cleanup", Time since last: 1000139471 ns, Reaching safepoint: 70030 ns, At safepoint: 4431 ns, Total: 74461 ns
[2024-01-17T23:15:35.572+0000][7][safepoint   ] Safepoint "Cleanup", Time since last: 1000129091 ns, Reaching safepoint: 71974 ns, At safepoint: 4384 ns, Total: 76358 ns
[2024-01-17T23:15:36.572+0000][7][safepoint   ] Safepoint "Cleanup", Time since last: 1000158979 ns, Reaching safepoint: 73059 ns, At safepoint: 4417 ns, Total: 77476 ns
[2024-01-17T23:15:37.572+0000][7][safepoint   ] Safepoint "Cleanup", Time since last: 1000139948 ns, Reaching safepoint: 85957 ns, At safepoint: 4044 ns, Total: 90001 ns
[2024-01-17T23:15:38.572+0000][7][safepoint   ] Safepoint "Cleanup", Time since last: 1000152789 ns, Reaching safepoint: 70112 ns, At safepoint: 4294 ns, Total: 74406 ns
[2024-01-17T23:15:39.572+0000][7][safepoint   ] Safepoint "Cleanup", Time since last: 1000133654 ns, Reaching safepoint: 62372 ns, At safepoint: 12717 ns, Total: 75089 ns
[2024-01-17T23:15:41.573+0000][7][safepoint   ] Safepoint "Cleanup", Time since last: 2000223048 ns, Reaching safepoint: 123260 ns, At safepoint: 5476 ns, Total: 128736 ns
[2024-01-17T23:15:42.573+0000][7][safepoint   ] Safepoint "Cleanup", Time since last: 1000136070 ns, Reaching safepoint: 66121 ns, At safepoint: 5139 ns, Total: 71260 ns
[2024-01-17T23:15:44.573+0000][7][safepoint   ] Safepoint "Cleanup", Time since last: 2000238147 ns, Reaching safepoint: 100412 ns, At safepoint: 7597 ns, Total: 108009 ns
[2024-01-17T23:15:46.574+0000][7][safepoint   ] Safepoint "Cleanup", Time since last: 2000214495 ns, Reaching safepoint: 73480 ns, At safepoint: 3129 ns, Total: 76609 ns
[2024-01-17T23:15:47.574+0000][7][safepoint   ] Safepoint "Cleanup", Time since last: 1000122702 ns, Reaching safepoint: 67986 ns, At safepoint: 12080 ns, Total: 80066 ns
[2024-01-17T23:15:50.039+0000][7][gc,start    ] GC(25) Pause Young (Normal) (G1 Evacuation Pause)
[2024-01-17T23:15:50.039+0000][7][gc,task     ] GC(25) Using 8 workers of 8 for evacuation
[2024-01-17T23:15:50.039+0000][7][gc,age      ] GC(25) Desired survivor size 41943040 bytes, new threshold 15 (max threshold 15)
[2024-01-17T23:15:50.053+0000][7][gc,phases   ] GC(25)   Pre Evacuate Collection Set: 0.1ms
[2024-01-17T23:15:50.053+0000][7][gc,phases   ] GC(25)   Merge Heap Roots: 0.1ms
[2024-01-17T23:15:50.053+0000][7][gc,phases   ] GC(25)   Evacuate Collection Set: 11.7ms
[2024-01-17T23:15:50.053+0000][7][gc,phases   ] GC(25)   Post Evacuate Collection Set: 1.4ms
[2024-01-17T23:15:50.053+0000][7][gc,phases   ] GC(25)   Other: 0.1ms
[2024-01-17T23:15:50.053+0000][7][gc,age      ] GC(25) Age table with threshold 15 (max threshold 15)
[2024-01-17T23:15:50.053+0000][7][gc,age      ] GC(25) - age   1:    5445224 bytes,    5445224 total
[2024-01-17T23:15:50.053+0000][7][gc,age      ] GC(25) - age   2:   10830984 bytes,   16276208 total
[2024-01-17T23:15:50.053+0000][7][gc,age      ] GC(25) - age   3:    3137256 bytes,   19413464 total
[2024-01-17T23:15:50.053+0000][7][gc,age      ] GC(25) - age   4:    1897296 bytes,   21310760 total
[2024-01-17T23:15:50.053+0000][7][gc,age      ] GC(25) - age   5:    1799800 bytes,   23110560 total
[2024-01-17T23:15:50.053+0000][7][gc,age      ] GC(25) - age   6:    1800008 bytes,   24910568 total
[2024-01-17T23:15:50.053+0000][7][gc,age      ] GC(25) - age   7:    1823264 bytes,   26733832 total
[2024-01-17T23:15:50.053+0000][7][gc,age      ] GC(25) - age   8:    1827576 bytes,   28561408 total
[2024-01-17T23:15:50.053+0000][7][gc,age      ] GC(25) - age   9:    1831216 bytes,   30392624 total
[2024-01-17T23:15:50.053+0000][7][gc,age      ] GC(25) - age  10:    1870640 bytes,   32263264 total
[2024-01-17T23:15:50.053+0000][7][gc,age      ] GC(25) - age  11:    1800544 bytes,   34063808 total
[2024-01-17T23:15:50.053+0000][7][gc,age      ] GC(25) - age  12:    8002216 bytes,   42066024 total
[2024-01-17T23:15:50.053+0000][7][gc,age      ] GC(25) - age  13:    3746512 bytes,   45812536 total
[2024-01-17T23:15:50.053+0000][7][gc,heap     ] GC(25) Eden regions: 141->0(141)
[2024-01-17T23:15:50.053+0000][7][gc,heap     ] GC(25) Survivor regions: 12->12(20)
[2024-01-17T23:15:50.053+0000][7][gc,heap     ] GC(25) Old regions: 20->20
[2024-01-17T23:15:50.053+0000][7][gc,heap     ] GC(25) Archive regions: 2->2
[2024-01-17T23:15:50.053+0000][7][gc,heap     ] GC(25) Humongous regions: 0->0
[2024-01-17T23:15:50.053+0000][7][gc,metaspace] GC(25) Metaspace: 123956K(127616K)->123956K(127616K) NonClass: 107373K(109312K)->107373K(109312K) Class: 16582K(18304K)->16582K(18304K)
[2024-01-17T23:15:50.053+0000][7][gc          ] GC(25) Pause Young (Normal) (G1 Evacuation Pause) 689M->128M(1024M) 13.810ms
[2024-01-17T23:15:50.053+0000][7][gc,cpu      ] GC(25) User=0.10s Sys=0.00s Real=0.02s
[2024-01-17T23:15:50.053+0000][7][safepoint   ] Safepoint "G1CollectForAllocation", Time since last: 2465285325 ns, Reaching safepoint: 96891 ns, At safepoint: 13950751 ns, Total: 14047642 ns
[2024-01-17T23:15:51.053+0000][7][safepoint   ] Safepoint "Cleanup", Time since last: 1000134430 ns, Reaching safepoint: 133050 ns, At safepoint: 6340 ns, Total: 139390 ns
[2024-01-17T23:15:53.054+0000][7][safepoint   ] Safepoint "Cleanup", Time since last: 2000220864 ns, Reaching safepoint: 61956 ns, At safepoint: 5838 ns, Total: 67794 ns
[2024-01-17T23:15:54.054+0000][7][safepoint   ] Safepoint "Cleanup", Time since last: 1000240377 ns, Reaching safepoint: 84096 ns, At safepoint: 11960 ns, Total: 96056 ns
[2024-01-17T23:15:56.054+0000][7][safepoint   ] Safepoint "Cleanup", Time since last: 2000326308 ns, Reaching safepoint: 66321 ns, At safepoint: 5473 ns, Total: 71794 ns
[2024-01-17T23:15:57.055+0000][7][safepoint   ] Safepoint "Cleanup", Time since last: 1000252145 ns, Reaching safepoint: 103796 ns, At safepoint: 8272 ns, Total: 112068 ns
[2024-01-17T23:16:02.056+0000][7][safepoint   ] Safepoint "Cleanup", Time since last: 5000632171 ns, Reaching safepoint: 167078 ns, At safepoint: 20518 ns, Total: 187596 ns
[2024-01-17T23:16:03.056+0000][7][safepoint   ] Safepoint "Cleanup", Time since last: 1000260841 ns, Reaching safepoint: 117656 ns, At safepoint: 8791 ns, Total: 126447 ns
[2024-01-17T23:16:06.056+0000][7][safepoint   ] Safepoint "Cleanup", Time since last: 3000281856 ns, Reaching safepoint: 81879 ns, At safepoint: 8676 ns, Total: 90555 ns
[2024-01-17T23:16:07.057+0000][7][safepoint   ] Safepoint "Cleanup", Time since last: 1000151548 ns, Reaching safepoint: 75473 ns, At safepoint: 9739 ns, Total: 85212 ns
[2024-01-17T23:16:08.057+0000][7][safepoint   ] Safepoint "Cleanup", Time since last: 1000149359 ns, Reaching safepoint: 142588 ns, At safepoint: 7588 ns, Total: 150176 ns
[2024-01-17T23:16:09.057+0000][7][safepoint   ] Safepoint "Cleanup", Time since last: 1000135188 ns, Reaching safepoint: 73198 ns, At safepoint: 10061 ns, Total: 83259 ns
[2024-01-17T23:16:10.057+0000][7][safepoint   ] Safepoint "Cleanup", Time since last: 1000128013 ns, Reaching safepoint: 83322 ns, At safepoint: 6588 ns, Total: 89910 ns
[2024-01-17T23:16:11.058+0000][7][safepoint   ] Safepoint "Cleanup", Time since last: 1000155752 ns, Reaching safepoint: 61881 ns, At safepoint: 5233 ns, Total: 67114 ns
[2024-01-17T23:16:14.058+0000][7][safepoint   ] Safepoint "Cleanup", Time since last: 3000346749 ns, Reaching safepoint: 79289 ns, At safepoint: 3853 ns, Total: 83142 ns
[2024-01-17T23:16:15.058+0000][7][safepoint   ] Safepoint "Cleanup", Time since last: 1000106260 ns, Reaching safepoint: 77627 ns, At safepoint: 3758 ns, Total: 81385 ns
[2024-01-17T23:16:16.058+0000][7][safepoint   ] Safepoint "Cleanup", Time since last: 1000144671 ns, Reaching safepoint: 87428 ns, At safepoint: 6985 ns, Total: 94413 ns
[2024-01-17T23:16:17.059+0000][7][safepoint   ] Safepoint "Cleanup", Time since last: 1000234811 ns, Reaching safepoint: 81988 ns, At safepoint: 8588 ns, Total: 90576 ns
[2024-01-17T23:16:19.059+0000][7][safepoint   ] Safepoint "Cleanup", Time since last: 2000197229 ns, Reaching safepoint: 63836 ns, At safepoint: 4198 ns, Total: 68034 ns
[2024-01-17T23:16:20.059+0000][7][safepoint   ] Safepoint "Cleanup", Time since last: 1000131835 ns, Reaching safepoint: 62232 ns, At safepoint: 5010 ns, Total: 67242 ns
[2024-01-17T23:16:21.059+0000][7][safepoint   ] Safepoint "Cleanup", Time since last: 1000197484 ns, Reaching safepoint: 61846 ns, At safepoint: 7909 ns, Total: 69755 ns
[2024-01-17T23:16:23.060+0000][7][safepoint   ] Safepoint "Cleanup", Time since last: 2000274202 ns, Reaching safepoint: 151906 ns, At safepoint: 6575 ns, Total: 158481 ns
[2024-01-17T23:16:26.060+0000][7][safepoint   ] Safepoint "Cleanup", Time since last: 3000252975 ns, Reaching safepoint: 94411 ns, At safepoint: 8546 ns, Total: 102957 ns
[2024-01-17T23:16:27.060+0000][7][safepoint   ] Safepoint "Cleanup", Time since last: 1000116740 ns, Reaching safepoint: 79804 ns, At safepoint: 5447 ns, Total: 85251 ns
[2024-01-17T23:16:29.061+0000][7][safepoint   ] Safepoint "Cleanup", Time since last: 2000258164 ns, Reaching safepoint: 69451 ns, At safepoint: 6708 ns, Total: 76159 ns
[2024-01-17T23:16:32.061+0000][7][safepoint   ] Safepoint "Cleanup", Time since last: 3000335661 ns, Reaching safepoint: 129640 ns, At safepoint: 8050 ns, Total: 137690 ns
[2024-01-17T23:16:33.062+0000][7][safepoint   ] Safepoint "Cleanup", Time since last: 1000229857 ns, Reaching safepoint: 89942 ns, At safepoint: 13366 ns, Total: 103308 ns
[2024-01-17T23:16:35.062+0000][7][safepoint   ] Safepoint "Cleanup", Time since last: 2000313368 ns, Reaching safepoint: 85747 ns, At safepoint: 19807 ns, Total: 105554 ns
[2024-01-17T23:16:38.062+0000][7][safepoint   ] Safepoint "Cleanup", Time since last: 3000241145 ns, Reaching safepoint: 134555 ns, At safepoint: 7141 ns, Total: 141696 ns
[2024-01-17T23:16:39.063+0000][7][safepoint   ] Safepoint "Cleanup", Time since last: 1000121721 ns, Reaching safepoint: 87907 ns, At safepoint: 7873 ns, Total: 95780 ns
[2024-01-17T23:16:40.063+0000][7][safepoint   ] Safepoint "Cleanup", Time since last: 1000130098 ns, Reaching safepoint: 73545 ns, At safepoint: 8754 ns, Total: 82299 ns
[2024-01-17T23:16:41.063+0000][7][safepoint   ] Safepoint "Cleanup", Time since last: 1000148287 ns, Reaching safepoint: 73217 ns, At safepoint: 5000 ns, Total: 78217 ns
[2024-01-17T23:16:44.063+0000][7][safepoint   ] Safepoint "Cleanup", Time since last: 3000262670 ns, Reaching safepoint: 78409 ns, At safepoint: 5952 ns, Total: 84361 ns
[2024-01-17T23:16:45.429+0000][7][safepoint   ] Safepoint "Cleanup", Time since last: 1364869100 ns, Reaching safepoint: 230789 ns, At safepoint: 11295 ns, Total: 242084 ns
[2024-01-17T23:16:46.429+0000][7][safepoint   ] Safepoint "Cleanup", Time since last: 1000169730 ns, Reaching safepoint: 86370 ns, At safepoint: 12494 ns, Total: 98864 ns
[2024-01-17T23:16:47.429+0000][7][safepoint   ] Safepoint "Cleanup", Time since last: 1000149873 ns, Reaching safepoint: 78051 ns, At safepoint: 10487 ns, Total: 88538 ns
[2024-01-17T23:16:50.429+0000][7][safepoint   ] Safepoint "Cleanup", Time since last: 3000319202 ns, Reaching safepoint: 93908 ns, At safepoint: 7684 ns, Total: 101592 ns
[2024-01-17T23:16:51.430+0000][7][safepoint   ] Safepoint "Cleanup", Time since last: 1000153271 ns, Reaching safepoint: 93241 ns, At safepoint: 19860 ns, Total: 113101 ns
[2024-01-17T23:16:53.037+0000][7][safepoint   ] Safepoint "Cleanup", Time since last: 1607351438 ns, Reaching safepoint: 43451 ns, At safepoint: 8666 ns, Total: 52117 ns
[2024-01-17T23:16:54.037+0000][7][safepoint   ] Safepoint "Cleanup", Time since last: 1000223478 ns, Reaching safepoint: 84765 ns, At safepoint: 14486 ns, Total: 99251 ns
[2024-01-17T23:16:56.038+0000][7][safepoint   ] Safepoint "Cleanup", Time since last: 2000331153 ns, Reaching safepoint: 62996 ns, At safepoint: 10130 ns, Total: 73126 ns
[2024-01-17T23:16:57.038+0000][7][safepoint   ] Safepoint "Cleanup", Time since last: 1000135567 ns, Reaching safepoint: 80928 ns, At safepoint: 5320 ns, Total: 86248 ns
[2024-01-17T23:17:02.039+0000][7][safepoint   ] Safepoint "Cleanup", Time since last: 5000666743 ns, Reaching safepoint: 163278 ns, At safepoint: 8173 ns, Total: 171451 ns
[2024-01-17T23:17:03.128+0000][7][safepoint   ] Safepoint "Cleanup", Time since last: 1088868490 ns, Reaching safepoint: 83309 ns, At safepoint: 7884 ns, Total: 91193 ns
[2024-01-17T23:17:05.128+0000][7][safepoint   ] Safepoint "Cleanup", Time since last: 2000281861 ns, Reaching safepoint: 101358 ns, At safepoint: 6925 ns, Total: 108283 ns
[2024-01-17T23:17:08.129+0000][7][safepoint   ] Safepoint "Cleanup", Time since last: 3000283816 ns, Reaching safepoint: 86978 ns, At safepoint: 4956 ns, Total: 91934 ns
[2024-01-17T23:17:09.129+0000][7][safepoint   ] Safepoint "Cleanup", Time since last: 1000125942 ns, Reaching safepoint: 64234 ns, At safepoint: 11984 ns, Total: 76218 ns
[2024-01-17T23:17:10.129+0000][7][safepoint   ] Safepoint "Cleanup", Time since last: 1000208501 ns, Reaching safepoint: 100874 ns, At safepoint: 21621 ns, Total: 122495 ns
[2024-01-17T23:17:11.129+0000][7][safepoint   ] Safepoint "Cleanup", Time since last: 1000161402 ns, Reaching safepoint: 78578 ns, At safepoint: 5489 ns, Total: 84067 ns
[2024-01-17T23:17:14.130+0000][7][safepoint   ] Safepoint "Cleanup", Time since last: 3000362856 ns, Reaching safepoint: 102743 ns, At safepoint: 5497 ns, Total: 108240 ns
[2024-01-17T23:17:15.130+0000][7][safepoint   ] Safepoint "Cleanup", Time since last: 1000154792 ns, Reaching safepoint: 65952 ns, At safepoint: 6909 ns, Total: 72861 ns
[2024-01-17T23:17:20.131+0000][7][safepoint   ] Safepoint "Cleanup", Time since last: 5000689387 ns, Reaching safepoint: 133970 ns, At safepoint: 9479 ns, Total: 143449 ns
[2024-01-17T23:17:21.131+0000][7][safepoint   ] Safepoint "Cleanup", Time since last: 1000128507 ns, Reaching safepoint: 73760 ns, At safepoint: 7599 ns, Total: 81359 ns
[2024-01-17T23:17:23.132+0000][7][safepoint   ] Safepoint "Cleanup", Time since last: 2000426652 ns, Reaching safepoint: 116214 ns, At safepoint: 7001 ns, Total: 123215 ns
[2024-01-17T23:17:24.132+0000][7][safepoint   ] Safepoint "Cleanup", Time since last: 1000218686 ns, Reaching safepoint: 84985 ns, At safepoint: 9069 ns, Total: 94054 ns
[2024-01-17T23:17:26.132+0000][7][safepoint   ] Safepoint "Cleanup", Time since last: 2000187067 ns, Reaching safepoint: 87638 ns, At safepoint: 4150 ns, Total: 91788 ns
[2024-01-17T23:17:27.133+0000][7][safepoint   ] Safepoint "Cleanup", Time since last: 1000130152 ns, Reaching safepoint: 75816 ns, At safepoint: 6984 ns, Total: 82800 ns
[2024-01-17T23:17:30.133+0000][7][safepoint   ] Safepoint "Cleanup", Time since last: 3000349064 ns, Reaching safepoint: 55559 ns, At safepoint: 5188 ns, Total: 60747 ns
[2024-01-17T23:17:32.133+0000][7][safepoint   ] Safepoint "Cleanup", Time since last: 2000200835 ns, Reaching safepoint: 52415 ns, At safepoint: 5941 ns, Total: 58356 ns
[2024-01-17T23:17:33.133+0000][7][safepoint   ] Safepoint "Cleanup", Time since last: 1000111582 ns, Reaching safepoint: 50649 ns, At safepoint: 10954 ns, Total: 61603 ns
[2024-01-17T23:17:35.134+0000][7][safepoint   ] Safepoint "Cleanup", Time since last: 2000222770 ns, Reaching safepoint: 55577 ns, At safepoint: 6091 ns, Total: 61668 ns
[2024-01-17T23:17:37.134+0000][7][safepoint   ] Safepoint "Cleanup", Time since last: 2000214741 ns, Reaching safepoint: 86642 ns, At safepoint: 12809 ns, Total: 99451 ns
[2024-01-17T23:17:38.134+0000][7][safepoint   ] Safepoint "Cleanup", Time since last: 1000119073 ns, Reaching safepoint: 71957 ns, At safepoint: 4269 ns, Total: 76226 ns
[2024-01-17T23:17:39.135+0000][7][safepoint   ] Safepoint "Cleanup", Time since last: 1000261520 ns, Reaching safepoint: 69454 ns, At safepoint: 8378 ns, Total: 77832 ns
[2024-01-17T23:17:40.135+0000][7][safepoint   ] Safepoint "Cleanup", Time since last: 1000219842 ns, Reaching safepoint: 63916 ns, At safepoint: 13780 ns, Total: 77696 ns
[2024-01-17T23:17:41.135+0000][7][safepoint   ] Safepoint "Cleanup", Time since last: 1000219255 ns, Reaching safepoint: 85738 ns, At safepoint: 14271 ns, Total: 100009 ns
[2024-01-17T23:17:42.135+0000][7][safepoint   ] Safepoint "Cleanup", Time since last: 1000219469 ns, Reaching safepoint: 68684 ns, At safepoint: 8787 ns, Total: 77471 ns
[2024-01-17T23:17:44.136+0000][7][safepoint   ] Safepoint "Cleanup", Time since last: 2000269374 ns, Reaching safepoint: 43442 ns, At safepoint: 3963 ns, Total: 47405 ns
[2024-01-17T23:17:47.136+0000][7][safepoint   ] Safepoint "Cleanup", Time since last: 3000416807 ns, Reaching safepoint: 97608 ns, At safepoint: 6691 ns, Total: 104299 ns
[2024-01-17T23:17:50.137+0000][7][safepoint   ] Safepoint "Cleanup", Time since last: 3000286081 ns, Reaching safepoint: 93471 ns, At safepoint: 8430 ns, Total: 101901 ns
[2024-01-17T23:17:51.137+0000][7][safepoint   ] Safepoint "Cleanup", Time since last: 1000118084 ns, Reaching safepoint: 59248 ns, At safepoint: 6025 ns, Total: 65273 ns
[2024-01-17T23:17:56.138+0000][7][safepoint   ] Safepoint "Cleanup", Time since last: 5000655768 ns, Reaching safepoint: 93373 ns, At safepoint: 6032 ns, Total: 99405 ns
[2024-01-17T23:17:59.138+0000][7][safepoint   ] Safepoint "Cleanup", Time since last: 3000337405 ns, Reaching safepoint: 74458 ns, At safepoint: 8379 ns, Total: 82837 ns
[2024-01-17T23:18:02.138+0000][7][safepoint   ] Safepoint "Cleanup", Time since last: 3000290704 ns, Reaching safepoint: 90084 ns, At safepoint: 4735 ns, Total: 94819 ns
[2024-01-17T23:18:03.139+0000][7][safepoint   ] Safepoint "Cleanup", Time since last: 1000101989 ns, Reaching safepoint: 32568 ns, At safepoint: 3114 ns, Total: 35682 ns
[2024-01-17T23:18:04.139+0000][7][safepoint   ] Safepoint "Cleanup", Time since last: 1000107690 ns, Reaching safepoint: 55892 ns, At safepoint: 5155 ns, Total: 61047 ns
[2024-01-17T23:18:05.139+0000][7][safepoint   ] Safepoint "Cleanup", Time since last: 1000140987 ns, Reaching safepoint: 145363 ns, At safepoint: 19831 ns, Total: 165194 ns
[2024-01-17T23:18:07.139+0000][7][safepoint   ] Safepoint "Cleanup", Time since last: 2000364065 ns, Reaching safepoint: 87799 ns, At safepoint: 12062 ns, Total: 99861 ns
[2024-01-17T23:18:08.140+0000][7][safepoint   ] Safepoint "Cleanup", Time since last: 1000176407 ns, Reaching safepoint: 199632 ns, At safepoint: 6723 ns, Total: 206355 ns
[2024-01-17T23:18:09.140+0000][7][safepoint   ] Safepoint "Cleanup", Time since last: 1000213112 ns, Reaching safepoint: 124777 ns, At safepoint: 11899 ns, Total: 136676 ns
[2024-01-17T23:18:10.140+0000][7][safepoint   ] Safepoint "Cleanup", Time since last: 1000168699 ns, Reaching safepoint: 90434 ns, At safepoint: 5251 ns, Total: 95685 ns
[2024-01-17T23:18:11.141+0000][7][safepoint   ] Safepoint "Cleanup", Time since last: 1000133939 ns, Reaching safepoint: 35446 ns, At safepoint: 3620 ns, Total: 39066 ns
[2024-01-17T23:18:14.141+0000][7][safepoint   ] Safepoint "Cleanup", Time since last: 3000282657 ns, Reaching safepoint: 101023 ns, At safepoint: 5104 ns, Total: 106127 ns
[2024-01-17T23:18:15.141+0000][7][safepoint   ] Safepoint "Cleanup", Time since last: 1000117364 ns, Reaching safepoint: 77367 ns, At safepoint: 5152 ns, Total: 82519 ns
[2024-01-17T23:18:16.141+0000][7][safepoint   ] Safepoint "Cleanup", Time since last: 1000135911 ns, Reaching safepoint: 68391 ns, At safepoint: 6200 ns, Total: 74591 ns
[2024-01-17T23:18:17.142+0000][7][safepoint   ] Safepoint "Cleanup", Time since last: 1000114322 ns, Reaching safepoint: 46791 ns, At safepoint: 3796 ns, Total: 50587 ns
[2024-01-17T23:18:20.142+0000][7][safepoint   ] Safepoint "Cleanup", Time since last: 3000295493 ns, Reaching safepoint: 119059 ns, At safepoint: 6089 ns, Total: 125148 ns
[2024-01-17T23:18:21.142+0000][7][safepoint   ] Safepoint "Cleanup", Time since last: 1000124966 ns, Reaching safepoint: 50162 ns, At safepoint: 4615 ns, Total: 54777 ns
[2024-01-17T23:18:22.142+0000][7][safepoint   ] Safepoint "Cleanup", Time since last: 1000132870 ns, Reaching safepoint: 63695 ns, At safepoint: 4584 ns, Total: 68279 ns
[2024-01-17T23:18:24.757+0000][7][safepoint   ] Safepoint "Cleanup", Time since last: 2613069569 ns, Reaching safepoint: 1672597 ns, At safepoint: 45014 ns, Total: 1717611 ns
[2024-01-17T23:18:25.758+0000][7][safepoint   ] Safepoint "Cleanup", Time since last: 1000152677 ns, Reaching safepoint: 227327 ns, At safepoint: 8366 ns, Total: 235693 ns
[2024-01-17T23:18:26.758+0000][7][safepoint   ] Safepoint "Cleanup", Time since last: 1000137646 ns, Reaching safepoint: 119951 ns, At safepoint: 15749 ns, Total: 135700 ns
[2024-01-17T23:18:28.758+0000][7][safepoint   ] Safepoint "Cleanup", Time since last: 2000224588 ns, Reaching safepoint: 63157 ns, At safepoint: 4211 ns, Total: 67368 ns
[2024-01-17T23:18:29.758+0000][7][safepoint   ] Safepoint "Cleanup", Time since last: 1000233749 ns, Reaching safepoint: 62247 ns, At safepoint: 16259 ns, Total: 78506 ns
[2024-01-17T23:18:30.759+0000][7][safepoint   ] Safepoint "Cleanup", Time since last: 1000125107 ns, Reaching safepoint: 105427 ns, At safepoint: 5077 ns, Total: 110504 ns
[2024-01-17T23:18:32.069+0000][7][safepoint   ] Safepoint "Cleanup", Time since last: 1310320105 ns, Reaching safepoint: 107940 ns, At safepoint: 5696 ns, Total: 113636 ns
[2024-01-17T23:18:33.069+0000][7][safepoint   ] Safepoint "Cleanup", Time since last: 1000129391 ns, Reaching safepoint: 123023 ns, At safepoint: 11224 ns, Total: 134247 ns
[2024-01-17T23:18:34.070+0000][7][safepoint   ] Safepoint "Cleanup", Time since last: 1000170730 ns, Reaching safepoint: 57914 ns, At safepoint: 4309 ns, Total: 62223 ns
[2024-01-17T23:18:35.070+0000][7][safepoint   ] Safepoint "Cleanup", Time since last: 1000143304 ns, Reaching safepoint: 73255 ns, At safepoint: 5557 ns, Total: 78812 ns
[2024-01-17T23:18:37.070+0000][7][safepoint   ] Safepoint "Cleanup", Time since last: 2000259811 ns, Reaching safepoint: 102780 ns, At safepoint: 5504 ns, Total: 108284 ns
[2024-01-17T23:18:38.070+0000][7][safepoint   ] Safepoint "Cleanup", Time since last: 1000133511 ns, Reaching safepoint: 75875 ns, At safepoint: 7866 ns, Total: 83741 ns
[2024-01-17T23:18:38.235+0000][7][gc,start    ] GC(26) Pause Young (Normal) (G1 Evacuation Pause)
[2024-01-17T23:18:38.235+0000][7][gc,task     ] GC(26) Using 8 workers of 8 for evacuation
[2024-01-17T23:18:38.235+0000][7][gc,age      ] GC(26) Desired survivor size 41943040 bytes, new threshold 12 (max threshold 15)
[2024-01-17T23:18:38.250+0000][7][gc,phases   ] GC(26)   Pre Evacuate Collection Set: 0.1ms
[2024-01-17T23:18:38.250+0000][7][gc,phases   ] GC(26)   Merge Heap Roots: 0.1ms
[2024-01-17T23:18:38.250+0000][7][gc,phases   ] GC(26)   Evacuate Collection Set: 12.8ms
[2024-01-17T23:18:38.250+0000][7][gc,phases   ] GC(26)   Post Evacuate Collection Set: 1.5ms
[2024-01-17T23:18:38.250+0000][7][gc,phases   ] GC(26)   Other: 0.1ms
[2024-01-17T23:18:38.250+0000][7][gc,age      ] GC(26) Age table with threshold 12 (max threshold 15)
[2024-01-17T23:18:38.250+0000][7][gc,age      ] GC(26) - age   1:    2550920 bytes,    2550920 total
[2024-01-17T23:18:38.250+0000][7][gc,age      ] GC(26) - age   2:    3387736 bytes,    5938656 total
[2024-01-17T23:18:38.250+0000][7][gc,age      ] GC(26) - age   3:   10798920 bytes,   16737576 total
[2024-01-17T23:18:38.250+0000][7][gc,age      ] GC(26) - age   4:    3137256 bytes,   19874832 total
[2024-01-17T23:18:38.250+0000][7][gc,age      ] GC(26) - age   5:    1897296 bytes,   21772128 total
[2024-01-17T23:18:38.250+0000][7][gc,age      ] GC(26) - age   6:    1799800 bytes,   23571928 total
[2024-01-17T23:18:38.250+0000][7][gc,age      ] GC(26) - age   7:    1800008 bytes,   25371936 total
[2024-01-17T23:18:38.250+0000][7][gc,age      ] GC(26) - age   8:    1823264 bytes,   27195200 total
[2024-01-17T23:18:38.250+0000][7][gc,age      ] GC(26) - age   9:    1827576 bytes,   29022776 total
[2024-01-17T23:18:38.250+0000][7][gc,age      ] GC(26) - age  10:    1831216 bytes,   30853992 total
[2024-01-17T23:18:38.250+0000][7][gc,age      ] GC(26) - age  11:    1870640 bytes,   32724632 total
[2024-01-17T23:18:38.250+0000][7][gc,age      ] GC(26) - age  12:    1800544 bytes,   34525176 total
[2024-01-17T23:18:38.250+0000][7][gc,heap     ] GC(26) Eden regions: 141->0(144)
[2024-01-17T23:18:38.250+0000][7][gc,heap     ] GC(26) Survivor regions: 12->9(20)
[2024-01-17T23:18:38.250+0000][7][gc,heap     ] GC(26) Old regions: 20->23
[2024-01-17T23:18:38.250+0000][7][gc,heap     ] GC(26) Archive regions: 2->2
[2024-01-17T23:18:38.250+0000][7][gc,heap     ] GC(26) Humongous regions: 0->0
[2024-01-17T23:18:38.250+0000][7][gc,metaspace] GC(26) Metaspace: 126125K(129792K)->126125K(129792K) NonClass: 109298K(111232K)->109298K(111232K) Class: 16826K(18560K)->16826K(18560K)
[2024-01-17T23:18:38.250+0000][7][gc          ] GC(26) Pause Young (Normal) (G1 Evacuation Pause) 692M->127M(1024M) 14.929ms
[2024-01-17T23:18:38.250+0000][7][gc,cpu      ] GC(26) User=0.10s Sys=0.00s Real=0.02s
[2024-01-17T23:18:38.250+0000][7][safepoint   ] Safepoint "G1CollectForAllocation", Time since last: 164876701 ns, Reaching safepoint: 70591 ns, At safepoint: 15034394 ns, Total: 15104985 ns
[2024-01-17T23:18:41.251+0000][7][safepoint   ] Safepoint "Cleanup", Time since last: 3000428887 ns, Reaching safepoint: 98005 ns, At safepoint: 11636 ns, Total: 109641 ns
[2024-01-17T23:18:44.252+0000][7][safepoint   ] Safepoint "Cleanup", Time since last: 3000510935 ns, Reaching safepoint: 78589 ns, At safepoint: 7826 ns, Total: 86415 ns
[2024-01-17T23:18:50.252+0000][7][safepoint   ] Safepoint "Cleanup", Time since last: 6000706275 ns, Reaching safepoint: 78553 ns, At safepoint: 3789 ns, Total: 82342 ns
[2024-01-17T23:18:53.253+0000][7][safepoint   ] Safepoint "Cleanup", Time since last: 3000384368 ns, Reaching safepoint: 89624 ns, At safepoint: 5836 ns, Total: 95460 ns
[2024-01-17T23:18:56.253+0000][7][safepoint   ] Safepoint "Cleanup", Time since last: 3000400470 ns, Reaching safepoint: 71606 ns, At safepoint: 7236 ns, Total: 78842 ns
[2024-01-17T23:18:57.254+0000][7][safepoint   ] Safepoint "Cleanup", Time since last: 1000238775 ns, Reaching safepoint: 70108 ns, At safepoint: 6943 ns, Total: 77051 ns
[2024-01-17T23:18:59.254+0000][7][safepoint   ] Safepoint "Cleanup", Time since last: 2000210898 ns, Reaching safepoint: 48270 ns, At safepoint: 5161 ns, Total: 53431 ns
[2024-01-17T23:19:02.254+0000][7][safepoint   ] Safepoint "Cleanup", Time since last: 3000393724 ns, Reaching safepoint: 165024 ns, At safepoint: 4265 ns, Total: 169289 ns
[2024-01-17T23:19:05.255+0000][7][safepoint   ] Safepoint "Cleanup", Time since last: 3000627829 ns, Reaching safepoint: 81246 ns, At safepoint: 10595 ns, Total: 91841 ns
[2024-01-17T23:19:07.256+0000][7][safepoint   ] Safepoint "Cleanup", Time since last: 2000413982 ns, Reaching safepoint: 67423 ns, At safepoint: 7863 ns, Total: 75286 ns
[2024-01-17T23:19:08.256+0000][7][safepoint   ] Safepoint "Cleanup", Time since last: 1000270860 ns, Reaching safepoint: 124721 ns, At safepoint: 13006 ns, Total: 137727 ns
[2024-01-17T23:19:09.256+0000][7][safepoint   ] Safepoint "Cleanup", Time since last: 1000150032 ns, Reaching safepoint: 72900 ns, At safepoint: 5361 ns, Total: 78261 ns
[2024-01-17T23:19:10.256+0000][7][safepoint   ] Safepoint "Cleanup", Time since last: 1000138108 ns, Reaching safepoint: 65879 ns, At safepoint: 4889 ns, Total: 70768 ns
[2024-01-17T23:19:11.257+0000][7][safepoint   ] Safepoint "Cleanup", Time since last: 1000107860 ns, Reaching safepoint: 69554 ns, At safepoint: 3858 ns, Total: 73412 ns
[2024-01-17T23:19:14.257+0000][7][safepoint   ] Safepoint "Cleanup", Time since last: 3000324399 ns, Reaching safepoint: 96066 ns, At safepoint: 6738 ns, Total: 102804 ns
[2024-01-17T23:19:15.257+0000][7][safepoint   ] Safepoint "Cleanup", Time since last: 1000209414 ns, Reaching safepoint: 85383 ns, At safepoint: 12678 ns, Total: 98061 ns
[2024-01-17T23:19:17.258+0000][7][safepoint   ] Safepoint "Cleanup", Time since last: 2000229492 ns, Reaching safepoint: 57760 ns, At safepoint: 5168 ns, Total: 62928 ns
[2024-01-17T23:19:19.258+0000][7][safepoint   ] Safepoint "Cleanup", Time since last: 2000446719 ns, Reaching safepoint: 103647 ns, At safepoint: 13827 ns, Total: 117474 ns
[2024-01-17T23:19:20.259+0000][7][safepoint   ] Safepoint "Cleanup", Time since last: 1000249631 ns, Reaching safepoint: 69379 ns, At safepoint: 9650 ns, Total: 79029 ns
[2024-01-17T23:19:22.259+0000][7][safepoint   ] Safepoint "Cleanup", Time since last: 2000320244 ns, Reaching safepoint: 91537 ns, At safepoint: 11810 ns, Total: 103347 ns
[2024-01-17T23:19:23.259+0000][7][safepoint   ] Safepoint "Cleanup", Time since last: 1000222794 ns, Reaching safepoint: 71326 ns, At safepoint: 7959 ns, Total: 79285 ns
[2024-01-17T23:19:24.260+0000][7][safepoint   ] Safepoint "Cleanup", Time since last: 1000151889 ns, Reaching safepoint: 100838 ns, At safepoint: 9879 ns, Total: 110717 ns
[2024-01-17T23:19:26.260+0000][7][safepoint   ] Safepoint "Cleanup", Time since last: 2000475603 ns, Reaching safepoint: 96874 ns, At safepoint: 7136 ns, Total: 104010 ns
[2024-01-17T23:19:27.260+0000][7][safepoint   ] Safepoint "Cleanup", Time since last: 1000144092 ns, Reaching safepoint: 77011 ns, At safepoint: 8788 ns, Total: 85799 ns
[2024-01-17T23:19:32.261+0000][7][safepoint   ] Safepoint "Cleanup", Time since last: 5000690543 ns, Reaching safepoint: 91478 ns, At safepoint: 5495 ns, Total: 96973 ns
[2024-01-17T23:19:34.262+0000][7][safepoint   ] Safepoint "Cleanup", Time since last: 2000322728 ns, Reaching safepoint: 52466 ns, At safepoint: 5406 ns, Total: 57872 ns
[2024-01-17T23:19:36.262+0000][7][safepoint   ] Safepoint "Cleanup", Time since last: 2000397817 ns, Reaching safepoint: 63406 ns, At safepoint: 8663 ns, Total: 72069 ns
[2024-01-17T23:19:38.263+0000][7][safepoint   ] Safepoint "Cleanup", Time since last: 2000431898 ns, Reaching safepoint: 73316 ns, At safepoint: 7085 ns, Total: 80401 ns
[2024-01-17T23:19:39.263+0000][7][safepoint   ] Safepoint "Cleanup", Time since last: 1000164117 ns, Reaching safepoint: 73034 ns, At safepoint: 4947 ns, Total: 77981 ns
[2024-01-17T23:19:41.263+0000][7][safepoint   ] Safepoint "Cleanup", Time since last: 2000301826 ns, Reaching safepoint: 76417 ns, At safepoint: 12956 ns, Total: 89373 ns
[2024-01-17T23:19:44.264+0000][7][safepoint   ] Safepoint "Cleanup", Time since last: 3000510837 ns, Reaching safepoint: 67687 ns, At safepoint: 8104 ns, Total: 75791 ns
[2024-01-17T23:19:47.264+0000][7][safepoint   ] Safepoint "Cleanup", Time since last: 3000447679 ns, Reaching safepoint: 88096 ns, At safepoint: 6837 ns, Total: 94933 ns
[2024-01-17T23:19:49.265+0000][7][safepoint   ] Safepoint "Cleanup", Time since last: 2000233250 ns, Reaching safepoint: 107749 ns, At safepoint: 14750 ns, Total: 122499 ns
[2024-01-17T23:19:50.265+0000][7][safepoint   ] Safepoint "Cleanup", Time since last: 1000136417 ns, Reaching safepoint: 65563 ns, At safepoint: 3920 ns, Total: 69483 ns
[2024-01-17T23:19:53.265+0000][7][safepoint   ] Safepoint "Cleanup", Time since last: 3000228405 ns, Reaching safepoint: 123778 ns, At safepoint: 5021 ns, Total: 128799 ns
[2024-01-17T23:19:59.266+0000][7][safepoint   ] Safepoint "Cleanup", Time since last: 6000722207 ns, Reaching safepoint: 71139 ns, At safepoint: 4432 ns, Total: 75571 ns
[2024-01-17T23:20:02.267+0000][7][safepoint   ] Safepoint "Cleanup", Time since last: 3000470837 ns, Reaching safepoint: 110999 ns, At safepoint: 6301 ns, Total: 117300 ns
[2024-01-17T23:20:03.267+0000][7][safepoint   ] Safepoint "Cleanup", Time since last: 1000189120 ns, Reaching safepoint: 79509 ns, At safepoint: 10521 ns, Total: 90030 ns
[2024-01-17T23:20:07.268+0000][7][safepoint   ] Safepoint "Cleanup", Time since last: 4000587819 ns, Reaching safepoint: 94032 ns, At safepoint: 5611 ns, Total: 99643 ns
[2024-01-17T23:20:08.268+0000][7][safepoint   ] Safepoint "Cleanup", Time since last: 1000226619 ns, Reaching safepoint: 78765 ns, At safepoint: 7957 ns, Total: 86722 ns
[2024-01-17T23:20:09.268+0000][7][safepoint   ] Safepoint "Cleanup", Time since last: 1000206509 ns, Reaching safepoint: 98557 ns, At safepoint: 7921 ns, Total: 106478 ns
[2024-01-17T23:20:10.268+0000][7][safepoint   ] Safepoint "Cleanup", Time since last: 1000144862 ns, Reaching safepoint: 50836 ns, At safepoint: 5848 ns, Total: 56684 ns
[2024-01-17T23:20:14.269+0000][7][safepoint   ] Safepoint "Cleanup", Time since last: 4000353104 ns, Reaching safepoint: 103416 ns, At safepoint: 5548 ns, Total: 108964 ns
[2024-01-17T23:20:19.270+0000][7][safepoint   ] Safepoint "Cleanup", Time since last: 5000583092 ns, Reaching safepoint: 63032 ns, At safepoint: 4909 ns, Total: 67941 ns
[2024-01-17T23:20:20.270+0000][7][safepoint   ] Safepoint "Cleanup", Time since last: 1000131512 ns, Reaching safepoint: 89413 ns, At safepoint: 6636 ns, Total: 96049 ns
[2024-01-17T23:20:21.270+0000][7][safepoint   ] Safepoint "Cleanup", Time since last: 1000212829 ns, Reaching safepoint: 74279 ns, At safepoint: 7065 ns, Total: 81344 ns
[2024-01-17T23:20:24.271+0000][7][safepoint   ] Safepoint "Cleanup", Time since last: 3000688426 ns, Reaching safepoint: 90119 ns, At safepoint: 6036 ns, Total: 96155 ns
[2024-01-17T23:20:26.271+0000][7][safepoint   ] Safepoint "Cleanup", Time since last: 2000323242 ns, Reaching safepoint: 110282 ns, At safepoint: 6434 ns, Total: 116716 ns
[2024-01-17T23:20:29.272+0000][7][safepoint   ] Safepoint "Cleanup", Time since last: 3000386130 ns, Reaching safepoint: 99324 ns, At safepoint: 9760 ns, Total: 109084 ns
[2024-01-17T23:20:32.272+0000][7][safepoint   ] Safepoint "Cleanup", Time since last: 3000316415 ns, Reaching safepoint: 106701 ns, At safepoint: 5729 ns, Total: 112430 ns
[2024-01-17T23:20:34.273+0000][7][safepoint   ] Safepoint "Cleanup", Time since last: 2000303837 ns, Reaching safepoint: 81535 ns, At safepoint: 7168 ns, Total: 88703 ns
[2024-01-17T23:20:35.273+0000][7][safepoint   ] Safepoint "Cleanup", Time since last: 1000148087 ns, Reaching safepoint: 41242 ns, At safepoint: 4426 ns, Total: 45668 ns
[2024-01-17T23:20:38.273+0000][7][safepoint   ] Safepoint "Cleanup", Time since last: 3000343327 ns, Reaching safepoint: 127577 ns, At safepoint: 10513 ns, Total: 138090 ns
[2024-01-17T23:20:41.274+0000][7][safepoint   ] Safepoint "Cleanup", Time since last: 3000311215 ns, Reaching safepoint: 63029 ns, At safepoint: 7424 ns, Total: 70453 ns
[2024-01-17T23:20:44.274+0000][7][safepoint   ] Safepoint "Cleanup", Time since last: 3000317223 ns, Reaching safepoint: 85143 ns, At safepoint: 7602 ns, Total: 92745 ns
[2024-01-17T23:20:50.275+0000][7][safepoint   ] Safepoint "Cleanup", Time since last: 6000665664 ns, Reaching safepoint: 117904 ns, At safepoint: 8058 ns, Total: 125962 ns
[2024-01-17T23:20:51.275+0000][7][safepoint   ] Safepoint "Cleanup", Time since last: 1000148544 ns, Reaching safepoint: 96520 ns, At safepoint: 18074 ns, Total: 114594 ns
[2024-01-17T23:20:57.276+0000][7][safepoint   ] Safepoint "Cleanup", Time since last: 6000621159 ns, Reaching safepoint: 57255 ns, At safepoint: 6104 ns, Total: 63359 ns
[2024-01-17T23:20:59.276+0000][7][safepoint   ] Safepoint "Cleanup", Time since last: 2000233724 ns, Reaching safepoint: 70821 ns, At safepoint: 7078 ns, Total: 77899 ns
[2024-01-17T23:21:02.277+0000][7][safepoint   ] Safepoint "Cleanup", Time since last: 3000289976 ns, Reaching safepoint: 131282 ns, At safepoint: 22396 ns, Total: 153678 ns
[2024-01-17T23:21:03.277+0000][7][safepoint   ] Safepoint "Cleanup", Time since last: 1000154711 ns, Reaching safepoint: 88363 ns, At safepoint: 6823 ns, Total: 95186 ns
[2024-01-17T23:21:04.277+0000][7][safepoint   ] Safepoint "Cleanup", Time since last: 1000143866 ns, Reaching safepoint: 60941 ns, At safepoint: 5847 ns, Total: 66788 ns
[2024-01-17T23:21:07.277+0000][7][safepoint   ] Safepoint "Cleanup", Time since last: 3000269635 ns, Reaching safepoint: 70312 ns, At safepoint: 16562 ns, Total: 86874 ns
[2024-01-17T23:21:08.278+0000][7][safepoint   ] Safepoint "Cleanup", Time since last: 1000143461 ns, Reaching safepoint: 85598 ns, At safepoint: 6490 ns, Total: 92088 ns
[2024-01-17T23:21:09.278+0000][7][safepoint   ] Safepoint "Cleanup", Time since last: 1000145786 ns, Reaching safepoint: 80419 ns, At safepoint: 6590 ns, Total: 87009 ns
[2024-01-17T23:21:10.278+0000][7][safepoint   ] Safepoint "Cleanup", Time since last: 1000150140 ns, Reaching safepoint: 80802 ns, At safepoint: 5447 ns, Total: 86249 ns
[2024-01-17T23:21:14.279+0000][7][safepoint   ] Safepoint "Cleanup", Time since last: 4000397248 ns, Reaching safepoint: 93462 ns, At safepoint: 5123 ns, Total: 98585 ns
[2024-01-17T23:21:20.279+0000][7][safepoint   ] Safepoint "Cleanup", Time since last: 6000619928 ns, Reaching safepoint: 81223 ns, At safepoint: 7244 ns, Total: 88467 ns
[2024-01-17T23:21:23.280+0000][7][safepoint   ] Safepoint "Cleanup", Time since last: 3000454752 ns, Reaching safepoint: 104039 ns, At safepoint: 7341 ns, Total: 111380 ns
[2024-01-17T23:21:26.280+0000][7][safepoint   ] Safepoint "Cleanup", Time since last: 3000405831 ns, Reaching safepoint: 109725 ns, At safepoint: 9977 ns, Total: 119702 ns
[2024-01-17T23:21:29.281+0000][7][safepoint   ] Safepoint "Cleanup", Time since last: 3000432124 ns, Reaching safepoint: 74730 ns, At safepoint: 6237 ns, Total: 80967 ns
[2024-01-17T23:21:32.281+0000][7][safepoint   ] Safepoint "Cleanup", Time since last: 3000382646 ns, Reaching safepoint: 59871 ns, At safepoint: 4721 ns, Total: 64592 ns
[2024-01-17T23:21:33.282+0000][7][safepoint   ] Safepoint "Cleanup", Time since last: 1000128114 ns, Reaching safepoint: 81456 ns, At safepoint: 9090 ns, Total: 90546 ns
[2024-01-17T23:21:36.282+0000][7][safepoint   ] Safepoint "Cleanup", Time since last: 3000532282 ns, Reaching safepoint: 101886 ns, At safepoint: 9577 ns, Total: 111463 ns
[2024-01-17T23:21:37.282+0000][7][safepoint   ] Safepoint "Cleanup", Time since last: 1000227980 ns, Reaching safepoint: 69096 ns, At safepoint: 9301 ns, Total: 78397 ns
[2024-01-17T23:21:38.283+0000][7][safepoint   ] Safepoint "Cleanup", Time since last: 1000283557 ns, Reaching safepoint: 87877 ns, At safepoint: 11739 ns, Total: 99616 ns
[2024-01-17T23:21:39.283+0000][7][safepoint   ] Safepoint "Cleanup", Time since last: 1000253218 ns, Reaching safepoint: 75880 ns, At safepoint: 9249 ns, Total: 85129 ns
[2024-01-17T23:21:41.284+0000][7][safepoint   ] Safepoint "Cleanup", Time since last: 2000250924 ns, Reaching safepoint: 68917 ns, At safepoint: 8900 ns, Total: 77817 ns
[2024-01-17T23:21:44.284+0000][7][safepoint   ] Safepoint "Cleanup", Time since last: 3000325260 ns, Reaching safepoint: 113630 ns, At safepoint: 5477 ns, Total: 119107 ns
[2024-01-17T23:21:50.285+0000][7][safepoint   ] Safepoint "Cleanup", Time since last: 6000709383 ns, Reaching safepoint: 112928 ns, At safepoint: 9500 ns, Total: 122428 ns
[2024-01-17T23:21:51.285+0000][7][safepoint   ] Safepoint "Cleanup", Time since last: 1000152123 ns, Reaching safepoint: 75141 ns, At safepoint: 5605 ns, Total: 80746 ns
[2024-01-17T23:21:53.285+0000][7][safepoint   ] Safepoint "Cleanup", Time since last: 2000224204 ns, Reaching safepoint: 101272 ns, At safepoint: 5276 ns, Total: 106548 ns
[2024-01-17T23:21:54.286+0000][7][safepoint   ] Safepoint "Cleanup", Time since last: 1000121706 ns, Reaching safepoint: 79672 ns, At safepoint: 7964 ns, Total: 87636 ns
[2024-01-17T23:21:55.286+0000][7][safepoint   ] Safepoint "Cleanup", Time since last: 1000226983 ns, Reaching safepoint: 79043 ns, At safepoint: 7940 ns, Total: 86983 ns
[2024-01-17T23:21:56.286+0000][7][safepoint   ] Safepoint "Cleanup", Time since last: 1000141960 ns, Reaching safepoint: 85630 ns, At safepoint: 6917 ns, Total: 92547 ns
[2024-01-17T23:21:57.286+0000][7][safepoint   ] Safepoint "Cleanup", Time since last: 1000149116 ns, Reaching safepoint: 76143 ns, At safepoint: 7814 ns, Total: 83957 ns
[2024-01-17T23:21:59.287+0000][7][safepoint   ] Safepoint "Cleanup", Time since last: 2000252134 ns, Reaching safepoint: 72730 ns, At safepoint: 6025 ns, Total: 78755 ns
[2024-01-17T23:22:02.072+0000][7][gc,start    ] GC(27) Pause Young (Normal) (G1 Evacuation Pause)
[2024-01-17T23:22:02.072+0000][7][gc,task     ] GC(27) Using 8 workers of 8 for evacuation
[2024-01-17T23:22:02.072+0000][7][gc,age      ] GC(27) Desired survivor size 41943040 bytes, new threshold 15 (max threshold 15)
[2024-01-17T23:22:02.083+0000][7][gc,phases   ] GC(27)   Pre Evacuate Collection Set: 0.1ms
[2024-01-17T23:22:02.083+0000][7][gc,phases   ] GC(27)   Merge Heap Roots: 0.1ms
[2024-01-17T23:22:02.083+0000][7][gc,phases   ] GC(27)   Evacuate Collection Set: 9.8ms
[2024-01-17T23:22:02.083+0000][7][gc,phases   ] GC(27)   Post Evacuate Collection Set: 0.9ms
[2024-01-17T23:22:02.083+0000][7][gc,phases   ] GC(27)   Other: 0.1ms
[2024-01-17T23:22:02.083+0000][7][gc,age      ] GC(27) Age table with threshold 15 (max threshold 15)
[2024-01-17T23:22:02.083+0000][7][gc,age      ] GC(27) - age   1:    1333960 bytes,    1333960 total
[2024-01-17T23:22:02.083+0000][7][gc,age      ] GC(27) - age   2:    1753176 bytes,    3087136 total
[2024-01-17T23:22:02.083+0000][7][gc,age      ] GC(27) - age   3:    3339960 bytes,    6427096 total
[2024-01-17T23:22:02.083+0000][7][gc,age      ] GC(27) - age   4:   10798904 bytes,   17226000 total
[2024-01-17T23:22:02.083+0000][7][gc,age      ] GC(27) - age   5:    3137256 bytes,   20363256 total
[2024-01-17T23:22:02.083+0000][7][gc,age      ] GC(27) - age   6:    1897296 bytes,   22260552 total
[2024-01-17T23:22:02.083+0000][7][gc,age      ] GC(27) - age   7:    1799800 bytes,   24060352 total
[2024-01-17T23:22:02.083+0000][7][gc,age      ] GC(27) - age   8:    1800008 bytes,   25860360 total
[2024-01-17T23:22:02.083+0000][7][gc,age      ] GC(27) - age   9:    1823264 bytes,   27683624 total
[2024-01-17T23:22:02.083+0000][7][gc,age      ] GC(27) - age  10:    1827576 bytes,   29511200 total
[2024-01-17T23:22:02.083+0000][7][gc,age      ] GC(27) - age  11:    1831216 bytes,   31342416 total
[2024-01-17T23:22:02.083+0000][7][gc,age      ] GC(27) - age  12:    1870640 bytes,   33213056 total
[2024-01-17T23:22:02.083+0000][7][gc,age      ] GC(27) - age  13:    1800544 bytes,   35013600 total
[2024-01-17T23:22:02.083+0000][7][gc,heap     ] GC(27) Eden regions: 144->0(143)
[2024-01-17T23:22:02.083+0000][7][gc,heap     ] GC(27) Survivor regions: 9->10(20)
[2024-01-17T23:22:02.083+0000][7][gc,heap     ] GC(27) Old regions: 23->23
[2024-01-17T23:22:02.083+0000][7][gc,heap     ] GC(27) Archive regions: 2->2
[2024-01-17T23:22:02.083+0000][7][gc,heap     ] GC(27) Humongous regions: 0->0
[2024-01-17T23:22:02.083+0000][7][gc,metaspace] GC(27) Metaspace: 126661K(130240K)->126661K(130240K) NonClass: 109834K(111680K)->109834K(111680K) Class: 16826K(18560K)->16826K(18560K)
[2024-01-17T23:22:02.083+0000][7][gc          ] GC(27) Pause Young (Normal) (G1 Evacuation Pause) 703M->129M(1024M) 11.111ms
[2024-01-17T23:22:02.083+0000][7][gc,cpu      ] GC(27) User=0.06s Sys=0.00s Real=0.01s
[2024-01-17T23:22:02.083+0000][7][safepoint   ] Safepoint "G1CollectForAllocation", Time since last: 2785015937 ns, Reaching safepoint: 36552 ns, At safepoint: 11187245 ns, Total: 11223797 ns
[2024-01-17T23:22:06.084+0000][7][safepoint   ] Safepoint "Cleanup", Time since last: 4000549454 ns, Reaching safepoint: 43514 ns, At safepoint: 4248 ns, Total: 47762 ns
[2024-01-17T23:22:07.084+0000][7][safepoint   ] Safepoint "Cleanup", Time since last: 1000138146 ns, Reaching safepoint: 97250 ns, At safepoint: 7714 ns, Total: 104964 ns
[2024-01-17T23:22:08.084+0000][7][safepoint   ] Safepoint "Cleanup", Time since last: 1000138320 ns, Reaching safepoint: 61557 ns, At safepoint: 4575 ns, Total: 66132 ns
[2024-01-17T23:22:09.084+0000][7][safepoint   ] Safepoint "Cleanup", Time since last: 1000258671 ns, Reaching safepoint: 86892 ns, At safepoint: 10087 ns, Total: 96979 ns
[2024-01-17T23:22:11.085+0000][7][safepoint   ] Safepoint "Cleanup", Time since last: 2000223528 ns, Reaching safepoint: 61574 ns, At safepoint: 4773 ns, Total: 66347 ns
[2024-01-17T23:22:15.085+0000][7][safepoint   ] Safepoint "Cleanup", Time since last: 4000451532 ns, Reaching safepoint: 88131 ns, At safepoint: 11474 ns, Total: 99605 ns
[2024-01-17T23:22:17.086+0000][7][safepoint   ] Safepoint "Cleanup", Time since last: 2000232224 ns, Reaching safepoint: 88888 ns, At safepoint: 9481 ns, Total: 98369 ns
[2024-01-17T23:22:20.086+0000][7][safepoint   ] Safepoint "Cleanup", Time since last: 3000398860 ns, Reaching safepoint: 184769 ns, At safepoint: 23685 ns, Total: 208454 ns
[2024-01-17T23:22:21.086+0000][7][safepoint   ] Safepoint "Cleanup", Time since last: 1000233865 ns, Reaching safepoint: 51280 ns, At safepoint: 5672 ns, Total: 56952 ns
[2024-01-17T23:22:26.087+0000][7][safepoint   ] Safepoint "Cleanup", Time since last: 5000453659 ns, Reaching safepoint: 163054 ns, At safepoint: 7748 ns, Total: 170802 ns
[2024-01-17T23:22:27.087+0000][7][safepoint   ] Safepoint "Cleanup", Time since last: 1000246053 ns, Reaching safepoint: 70897 ns, At safepoint: 6836 ns, Total: 77733 ns
[2024-01-17T23:22:32.088+0000][7][safepoint   ] Safepoint "Cleanup", Time since last: 5000645573 ns, Reaching safepoint: 156701 ns, At safepoint: 6993 ns, Total: 163694 ns
[2024-01-17T23:22:33.088+0000][7][safepoint   ] Safepoint "Cleanup", Time since last: 1000166971 ns, Reaching safepoint: 126242 ns, At safepoint: 3810 ns, Total: 130052 ns
[2024-01-17T23:22:37.089+0000][7][safepoint   ] Safepoint "Cleanup", Time since last: 4000505372 ns, Reaching safepoint: 130988 ns, At safepoint: 8050 ns, Total: 139038 ns
[2024-01-17T23:22:38.089+0000][7][safepoint   ] Safepoint "Cleanup", Time since last: 1000152415 ns, Reaching safepoint: 161392 ns, At safepoint: 9312 ns, Total: 170704 ns
[2024-01-17T23:22:39.297+0000][7][safepoint   ] Safepoint "Cleanup", Time since last: 1206947217 ns, Reaching safepoint: 157570 ns, At safepoint: 16641 ns, Total: 174211 ns
[2024-01-17T23:22:40.297+0000][7][safepoint   ] Safepoint "Cleanup", Time since last: 1000172139 ns, Reaching safepoint: 112791 ns, At safepoint: 11329 ns, Total: 124120 ns
[2024-01-17T23:22:41.297+0000][7][safepoint   ] Safepoint "Cleanup", Time since last: 1000136048 ns, Reaching safepoint: 72121 ns, At safepoint: 8591 ns, Total: 80712 ns
[2024-01-17T23:22:44.298+0000][7][safepoint   ] Safepoint "Cleanup", Time since last: 3000405459 ns, Reaching safepoint: 81023 ns, At safepoint: 7608 ns, Total: 88631 ns
[2024-01-17T23:22:45.298+0000][7][safepoint   ] Safepoint "Cleanup", Time since last: 1000170634 ns, Reaching safepoint: 78303 ns, At safepoint: 8105 ns, Total: 86408 ns
[2024-01-17T23:22:50.299+0000][7][safepoint   ] Safepoint "Cleanup", Time since last: 5000578079 ns, Reaching safepoint: 103715 ns, At safepoint: 6779 ns, Total: 110494 ns
[2024-01-17T23:22:53.299+0000][7][safepoint   ] Safepoint "Cleanup", Time since last: 3000401396 ns, Reaching safepoint: 66810 ns, At safepoint: 4366 ns, Total: 71176 ns
[2024-01-17T23:22:56.300+0000][7][safepoint   ] Safepoint "Cleanup", Time since last: 3000502989 ns, Reaching safepoint: 64253 ns, At safepoint: 5002 ns, Total: 69255 ns
[2024-01-17T23:22:59.300+0000][7][safepoint   ] Safepoint "Cleanup", Time since last: 3000500061 ns, Reaching safepoint: 103576 ns, At safepoint: 7702 ns, Total: 111278 ns
[2024-01-17T23:23:02.301+0000][7][safepoint   ] Safepoint "Cleanup", Time since last: 3000318245 ns, Reaching safepoint: 106892 ns, At safepoint: 8822 ns, Total: 115714 ns
[2024-01-17T23:23:05.301+0000][7][safepoint   ] Safepoint "Cleanup", Time since last: 3000277915 ns, Reaching safepoint: 81809 ns, At safepoint: 7104 ns, Total: 88913 ns
[2024-01-17T23:23:06.301+0000][7][safepoint   ] Safepoint "Cleanup", Time since last: 1000188466 ns, Reaching safepoint: 61181 ns, At safepoint: 9970 ns, Total: 71151 ns
[2024-01-17T23:23:07.976+0000][7][safepoint   ] Safepoint "Cleanup", Time since last: 1674366438 ns, Reaching safepoint: 92539 ns, At safepoint: 6266 ns, Total: 98805 ns
[2024-01-17T23:23:08.976+0000][7][safepoint   ] Safepoint "Cleanup", Time since last: 1000134042 ns, Reaching safepoint: 78102 ns, At safepoint: 4302 ns, Total: 82404 ns
[2024-01-17T23:23:09.976+0000][7][safepoint   ] Safepoint "Cleanup", Time since last: 1000150288 ns, Reaching safepoint: 73876 ns, At safepoint: 22977 ns, Total: 96853 ns
[2024-01-17T23:23:11.976+0000][7][safepoint   ] Safepoint "Cleanup", Time since last: 2000212806 ns, Reaching safepoint: 96014 ns, At safepoint: 12559 ns, Total: 108573 ns
[2024-01-17T23:23:14.977+0000][7][safepoint   ] Safepoint "Cleanup", Time since last: 3000527088 ns, Reaching safepoint: 70476 ns, At safepoint: 9972 ns, Total: 80448 ns
[2024-01-17T23:23:20.068+0000][7][safepoint   ] Safepoint "Cleanup", Time since last: 5090987003 ns, Reaching safepoint: 42483 ns, At safepoint: 4677 ns, Total: 47160 ns
[2024-01-17T23:23:21.068+0000][7][safepoint   ] Safepoint "Cleanup", Time since last: 1000109156 ns, Reaching safepoint: 81710 ns, At safepoint: 18523 ns, Total: 100233 ns
[2024-01-17T23:23:22.069+0000][7][safepoint   ] Safepoint "Cleanup", Time since last: 1000143807 ns, Reaching safepoint: 83817 ns, At safepoint: 6141 ns, Total: 89958 ns
[2024-01-17T23:23:24.069+0000][7][safepoint   ] Safepoint "Cleanup", Time since last: 2000210488 ns, Reaching safepoint: 69900 ns, At safepoint: 17260 ns, Total: 87160 ns
[2024-01-17T23:23:26.069+0000][7][safepoint   ] Safepoint "Cleanup", Time since last: 2000261533 ns, Reaching safepoint: 137808 ns, At safepoint: 7684 ns, Total: 145492 ns
[2024-01-17T23:23:32.070+0000][7][safepoint   ] Safepoint "Cleanup", Time since last: 6000684126 ns, Reaching safepoint: 84645 ns, At safepoint: 5151 ns, Total: 89796 ns
[2024-01-17T23:23:33.070+0000][7][safepoint   ] Safepoint "Cleanup", Time since last: 1000199452 ns, Reaching safepoint: 72499 ns, At safepoint: 10014 ns, Total: 82513 ns
[2024-01-17T23:23:34.071+0000][7][safepoint   ] Safepoint "Cleanup", Time since last: 1000237939 ns, Reaching safepoint: 87048 ns, At safepoint: 9376 ns, Total: 96424 ns
[2024-01-17T23:23:35.071+0000][7][safepoint   ] Safepoint "Cleanup", Time since last: 1000203341 ns, Reaching safepoint: 52946 ns, At safepoint: 13621 ns, Total: 66567 ns
[2024-01-17T23:23:36.071+0000][7][safepoint   ] Safepoint "Cleanup", Time since last: 1000135616 ns, Reaching safepoint: 118276 ns, At safepoint: 18125 ns, Total: 136401 ns
[2024-01-17T23:23:39.072+0000][7][safepoint   ] Safepoint "Cleanup", Time since last: 3000300138 ns, Reaching safepoint: 88247 ns, At safepoint: 19331 ns, Total: 107578 ns
[2024-01-17T23:23:47.072+0000][7][safepoint   ] Safepoint "Cleanup", Time since last: 8000676506 ns, Reaching safepoint: 62118 ns, At safepoint: 4543 ns, Total: 66661 ns
[2024-01-17T23:23:57.073+0000][7][safepoint   ] Safepoint "Cleanup", Time since last: 10000853505 ns, Reaching safepoint: 65759 ns, At safepoint: 5457 ns, Total: 71216 ns
[2024-01-17T23:23:59.074+0000][7][safepoint   ] Safepoint "Cleanup", Time since last: 2000212150 ns, Reaching safepoint: 111275 ns, At safepoint: 18879 ns, Total: 130154 ns
[2024-01-17T23:24:03.074+0000][7][safepoint   ] Safepoint "Cleanup", Time since last: 4000624629 ns, Reaching safepoint: 131592 ns, At safepoint: 21039 ns, Total: 152631 ns
[2024-01-17T23:24:07.075+0000][7][safepoint   ] Safepoint "Cleanup", Time since last: 4000493177 ns, Reaching safepoint: 115146 ns, At safepoint: 6586 ns, Total: 121732 ns
[2024-01-17T23:24:08.075+0000][7][safepoint   ] Safepoint "Cleanup", Time since last: 1000167749 ns, Reaching safepoint: 44142 ns, At safepoint: 5206 ns, Total: 49348 ns
[2024-01-17T23:24:09.076+0000][7][safepoint   ] Safepoint "Cleanup", Time since last: 1000224566 ns, Reaching safepoint: 82126 ns, At safepoint: 13321 ns, Total: 95447 ns
[2024-01-17T23:24:14.076+0000][7][safepoint   ] Safepoint "Cleanup", Time since last: 5000628033 ns, Reaching safepoint: 177609 ns, At safepoint: 5744 ns, Total: 183353 ns
[2024-01-17T23:24:15.077+0000][7][safepoint   ] Safepoint "Cleanup", Time since last: 1000140938 ns, Reaching safepoint: 75917 ns, At safepoint: 6590 ns, Total: 82507 ns
[2024-01-17T23:24:19.077+0000][7][safepoint   ] Safepoint "Cleanup", Time since last: 4000420981 ns, Reaching safepoint: 76578 ns, At safepoint: 8305 ns, Total: 84883 ns
[2024-01-17T23:24:20.077+0000][7][safepoint   ] Safepoint "Cleanup", Time since last: 1000146963 ns, Reaching safepoint: 135431 ns, At safepoint: 12285 ns, Total: 147716 ns
[2024-01-17T23:24:21.078+0000][7][safepoint   ] Safepoint "Cleanup", Time since last: 1000221646 ns, Reaching safepoint: 71513 ns, At safepoint: 8745 ns, Total: 80258 ns
[2024-01-17T23:24:23.078+0000][7][safepoint   ] Safepoint "Cleanup", Time since last: 2000211859 ns, Reaching safepoint: 156529 ns, At safepoint: 6371 ns, Total: 162900 ns
[2024-01-17T23:24:24.078+0000][7][safepoint   ] Safepoint "Cleanup", Time since last: 1000168746 ns, Reaching safepoint: 65376 ns, At safepoint: 8410 ns, Total: 73786 ns
[2024-01-17T23:24:26.079+0000][7][safepoint   ] Safepoint "Cleanup", Time since last: 2000225676 ns, Reaching safepoint: 143266 ns, At safepoint: 6616 ns, Total: 149882 ns
[2024-01-17T23:24:27.079+0000][7][safepoint   ] Safepoint "Cleanup", Time since last: 1000152411 ns, Reaching safepoint: 86020 ns, At safepoint: 6233 ns, Total: 92253 ns
[2024-01-17T23:24:33.080+0000][7][safepoint   ] Safepoint "Cleanup", Time since last: 6000638279 ns, Reaching safepoint: 99929 ns, At safepoint: 4225 ns, Total: 104154 ns
[2024-01-17T23:24:35.080+0000][7][safepoint   ] Safepoint "Cleanup", Time since last: 2000299415 ns, Reaching safepoint: 178413 ns, At safepoint: 5902 ns, Total: 184315 ns
[2024-01-17T23:24:37.080+0000][7][safepoint   ] Safepoint "Cleanup", Time since last: 2000210838 ns, Reaching safepoint: 71947 ns, At safepoint: 7170 ns, Total: 79117 ns
[2024-01-17T23:24:39.081+0000][7][safepoint   ] Safepoint "Cleanup", Time since last: 2000320104 ns, Reaching safepoint: 79953 ns, At safepoint: 6030 ns, Total: 85983 ns
[2024-01-17T23:24:45.082+0000][7][safepoint   ] Safepoint "Cleanup", Time since last: 6000816953 ns, Reaching safepoint: 107453 ns, At safepoint: 18413 ns, Total: 125866 ns
[2024-01-17T23:24:49.082+0000][7][safepoint   ] Safepoint "Cleanup", Time since last: 4000456168 ns, Reaching safepoint: 82767 ns, At safepoint: 10133 ns, Total: 92900 ns
[2024-01-17T23:24:51.083+0000][7][safepoint   ] Safepoint "Cleanup", Time since last: 2000223340 ns, Reaching safepoint: 139646 ns, At safepoint: 13948 ns, Total: 153594 ns
[2024-01-17T23:24:56.084+0000][7][safepoint   ] Safepoint "Cleanup", Time since last: 5000761471 ns, Reaching safepoint: 121054 ns, At safepoint: 4156 ns, Total: 125210 ns
[2024-01-17T23:24:57.084+0000][7][safepoint   ] Safepoint "Cleanup", Time since last: 1000133943 ns, Reaching safepoint: 55392 ns, At safepoint: 5071 ns, Total: 60463 ns
[2024-01-17T23:25:02.084+0000][7][safepoint   ] Safepoint "Cleanup", Time since last: 5000446271 ns, Reaching safepoint: 52071 ns, At safepoint: 7012 ns, Total: 59083 ns
[2024-01-17T23:25:03.084+0000][7][safepoint   ] Safepoint "Cleanup", Time since last: 1000142818 ns, Reaching safepoint: 59457 ns, At safepoint: 8136 ns, Total: 67593 ns
[2024-01-17T23:25:04.085+0000][7][safepoint   ] Safepoint "Cleanup", Time since last: 1000134847 ns, Reaching safepoint: 65394 ns, At safepoint: 6970 ns, Total: 72364 ns
[2024-01-17T23:25:05.085+0000][7][safepoint   ] Safepoint "Cleanup", Time since last: 1000150073 ns, Reaching safepoint: 68053 ns, At safepoint: 4885 ns, Total: 72938 ns
[2024-01-17T23:25:06.085+0000][7][safepoint   ] Safepoint "Cleanup", Time since last: 1000125145 ns, Reaching safepoint: 68760 ns, At safepoint: 5117 ns, Total: 73877 ns
[2024-01-17T23:25:07.085+0000][7][safepoint   ] Safepoint "Cleanup", Time since last: 1000154537 ns, Reaching safepoint: 49470 ns, At safepoint: 4357 ns, Total: 53827 ns
[2024-01-17T23:25:08.086+0000][7][safepoint   ] Safepoint "Cleanup", Time since last: 1000127686 ns, Reaching safepoint: 144267 ns, At safepoint: 11192 ns, Total: 155459 ns
[2024-01-17T23:25:10.086+0000][7][safepoint   ] Safepoint "Cleanup", Time since last: 2000307868 ns, Reaching safepoint: 77198 ns, At safepoint: 8592 ns, Total: 85790 ns
[2024-01-17T23:25:15.087+0000][7][safepoint   ] Safepoint "Cleanup", Time since last: 5000649852 ns, Reaching safepoint: 65306 ns, At safepoint: 8713 ns, Total: 74019 ns
[2024-01-17T23:25:16.087+0000][7][safepoint   ] Safepoint "Cleanup", Time since last: 1000221360 ns, Reaching safepoint: 63647 ns, At safepoint: 8790 ns, Total: 72437 ns
[2024-01-17T23:25:20.155+0000][7][gc,start    ] GC(28) Pause Young (Normal) (G1 Evacuation Pause)
[2024-01-17T23:25:20.155+0000][7][gc,task     ] GC(28) Using 8 workers of 8 for evacuation
[2024-01-17T23:25:20.155+0000][7][gc,age      ] GC(28) Desired survivor size 41943040 bytes, new threshold 15 (max threshold 15)
[2024-01-17T23:25:20.167+0000][7][gc,phases   ] GC(28)   Pre Evacuate Collection Set: 0.1ms
[2024-01-17T23:25:20.167+0000][7][gc,phases   ] GC(28)   Merge Heap Roots: 0.1ms
[2024-01-17T23:25:20.167+0000][7][gc,phases   ] GC(28)   Evacuate Collection Set: 10.6ms
[2024-01-17T23:25:20.167+0000][7][gc,phases   ] GC(28)   Post Evacuate Collection Set: 1.1ms
[2024-01-17T23:25:20.167+0000][7][gc,phases   ] GC(28)   Other: 0.1ms
[2024-01-17T23:25:20.167+0000][7][gc,age      ] GC(28) Age table with threshold 15 (max threshold 15)
[2024-01-17T23:25:20.167+0000][7][gc,age      ] GC(28) - age   1:    1497760 bytes,    1497760 total
[2024-01-17T23:25:20.167+0000][7][gc,age      ] GC(28) - age   2:      64024 bytes,    1561784 total
[2024-01-17T23:25:20.167+0000][7][gc,age      ] GC(28) - age   3:    1614440 bytes,    3176224 total
[2024-01-17T23:25:20.167+0000][7][gc,age      ] GC(28) - age   4:    3339208 bytes,    6515432 total
[2024-01-17T23:25:20.167+0000][7][gc,age      ] GC(28) - age   5:   10798848 bytes,   17314280 total
[2024-01-17T23:25:20.167+0000][7][gc,age      ] GC(28) - age   6:    3137256 bytes,   20451536 total
[2024-01-17T23:25:20.168+0000][7][gc,age      ] GC(28) - age   7:    1897296 bytes,   22348832 total
[2024-01-17T23:25:20.168+0000][7][gc,age      ] GC(28) - age   8:    1799800 bytes,   24148632 total
[2024-01-17T23:25:20.168+0000][7][gc,age      ] GC(28) - age   9:    1800008 bytes,   25948640 total
[2024-01-17T23:25:20.168+0000][7][gc,age      ] GC(28) - age  10:    1823264 bytes,   27771904 total
[2024-01-17T23:25:20.168+0000][7][gc,age      ] GC(28) - age  11:    1827576 bytes,   29599480 total
[2024-01-17T23:25:20.168+0000][7][gc,age      ] GC(28) - age  12:    1831216 bytes,   31430696 total
[2024-01-17T23:25:20.168+0000][7][gc,age      ] GC(28) - age  13:    1870640 bytes,   33301336 total
[2024-01-17T23:25:20.168+0000][7][gc,age      ] GC(28) - age  14:    1800544 bytes,   35101880 total
[2024-01-17T23:25:20.168+0000][7][gc,heap     ] GC(28) Eden regions: 143->0(143)
[2024-01-17T23:25:20.168+0000][7][gc,heap     ] GC(28) Survivor regions: 10->10(20)
[2024-01-17T23:25:20.168+0000][7][gc,heap     ] GC(28) Old regions: 23->23
[2024-01-17T23:25:20.168+0000][7][gc,heap     ] GC(28) Archive regions: 2->2
[2024-01-17T23:25:20.168+0000][7][gc,heap     ] GC(28) Humongous regions: 0->0
[2024-01-17T23:25:20.168+0000][7][gc,metaspace] GC(28) Metaspace: 127177K(130880K)->127177K(130880K) NonClass: 110303K(112256K)->110303K(112256K) Class: 16874K(18624K)->16874K(18624K)
[2024-01-17T23:25:20.168+0000][7][gc          ] GC(28) Pause Young (Normal) (G1 Evacuation Pause) 701M->130M(1024M) 12.423ms
[2024-01-17T23:25:20.168+0000][7][gc,cpu      ] GC(28) User=0.08s Sys=0.00s Real=0.01s
[2024-01-17T23:25:20.168+0000][7][safepoint   ] Safepoint "G1CollectForAllocation", Time since last: 4068083097 ns, Reaching safepoint: 76998 ns, At safepoint: 12528565 ns, Total: 12605563 ns
[2024-01-17T23:25:21.168+0000][7][safepoint   ] Safepoint "Cleanup", Time since last: 1000106278 ns, Reaching safepoint: 73842 ns, At safepoint: 18135 ns, Total: 91977 ns
[2024-01-17T23:25:24.168+0000][7][safepoint   ] Safepoint "Cleanup", Time since last: 3000290361 ns, Reaching safepoint: 89265 ns, At safepoint: 6492 ns, Total: 95757 ns
[2024-01-17T23:25:26.169+0000][7][safepoint   ] Safepoint "Cleanup", Time since last: 2000190310 ns, Reaching safepoint: 111893 ns, At safepoint: 8030 ns, Total: 119923 ns
[2024-01-17T23:25:27.169+0000][7][safepoint   ] Safepoint "Cleanup", Time since last: 1000145097 ns, Reaching safepoint: 94512 ns, At safepoint: 6444 ns, Total: 100956 ns
[2024-01-17T23:25:29.169+0000][7][safepoint   ] Safepoint "Cleanup", Time since last: 2000224461 ns, Reaching safepoint: 62119 ns, At safepoint: 6076 ns, Total: 68195 ns
[2024-01-17T23:25:32.170+0000][7][safepoint   ] Safepoint "Cleanup", Time since last: 3000480971 ns, Reaching safepoint: 146950 ns, At safepoint: 12225 ns, Total: 159175 ns
[2024-01-17T23:25:35.170+0000][7][safepoint   ] Safepoint "Cleanup", Time since last: 3000527019 ns, Reaching safepoint: 113459 ns, At safepoint: 6473 ns, Total: 119932 ns
[2024-01-17T23:25:37.171+0000][7][safepoint   ] Safepoint "Cleanup", Time since last: 2000464684 ns, Reaching safepoint: 106346 ns, At safepoint: 7115 ns, Total: 113461 ns
[2024-01-17T23:25:38.171+0000][7][safepoint   ] Safepoint "Cleanup", Time since last: 1000251020 ns, Reaching safepoint: 73619 ns, At safepoint: 7315 ns, Total: 80934 ns
[2024-01-17T23:25:40.172+0000][7][safepoint   ] Safepoint "Cleanup", Time since last: 2000385021 ns, Reaching safepoint: 54089 ns, At safepoint: 6289 ns, Total: 60378 ns
[2024-01-17T23:25:44.172+0000][7][safepoint   ] Safepoint "Cleanup", Time since last: 4000328180 ns, Reaching safepoint: 95207 ns, At safepoint: 9711 ns, Total: 104918 ns
[2024-01-17T23:25:56.173+0000][7][safepoint   ] Safepoint "Cleanup", Time since last: 12001029243 ns, Reaching safepoint: 106503 ns, At safepoint: 7839 ns, Total: 114342 ns
[2024-01-17T23:25:57.174+0000][7][safepoint   ] Safepoint "Cleanup", Time since last: 1000134821 ns, Reaching safepoint: 87578 ns, At safepoint: 6427 ns, Total: 94005 ns
[2024-01-17T23:25:59.174+0000][7][safepoint   ] Safepoint "Cleanup", Time since last: 2000310847 ns, Reaching safepoint: 91280 ns, At safepoint: 7064 ns, Total: 98344 ns
[2024-01-17T23:26:02.175+0000][7][safepoint   ] Safepoint "Cleanup", Time since last: 3000415797 ns, Reaching safepoint: 73911 ns, At safepoint: 6608 ns, Total: 80519 ns
[2024-01-17T23:26:03.175+0000][7][safepoint   ] Safepoint "Cleanup", Time since last: 1000226357 ns, Reaching safepoint: 75815 ns, At safepoint: 7531 ns, Total: 83346 ns
[2024-01-17T23:26:05.175+0000][7][safepoint   ] Safepoint "Cleanup", Time since last: 2000313920 ns, Reaching safepoint: 67839 ns, At safepoint: 9051 ns, Total: 76890 ns
[2024-01-17T23:26:08.176+0000][7][safepoint   ] Safepoint "Cleanup", Time since last: 3000506436 ns, Reaching safepoint: 104058 ns, At safepoint: 6404 ns, Total: 110462 ns
[2024-01-17T23:26:09.176+0000][7][safepoint   ] Safepoint "Cleanup", Time since last: 1000236350 ns, Reaching safepoint: 78735 ns, At safepoint: 13020 ns, Total: 91755 ns
[2024-01-17T23:26:11.177+0000][7][safepoint   ] Safepoint "Cleanup", Time since last: 2000215249 ns, Reaching safepoint: 126222 ns, At safepoint: 19432 ns, Total: 145654 ns
[2024-01-17T23:26:14.177+0000][7][safepoint   ] Safepoint "Cleanup", Time since last: 3000444672 ns, Reaching safepoint: 86403 ns, At safepoint: 4548 ns, Total: 90951 ns
[2024-01-17T23:26:15.177+0000][7][safepoint   ] Safepoint "Cleanup", Time since last: 1000141144 ns, Reaching safepoint: 78321 ns, At safepoint: 6478 ns, Total: 84799 ns
[2024-01-17T23:26:17.178+0000][7][safepoint   ] Safepoint "Cleanup", Time since last: 2000325379 ns, Reaching safepoint: 75588 ns, At safepoint: 10727 ns, Total: 86315 ns
[2024-01-17T23:26:21.178+0000][7][safepoint   ] Safepoint "Cleanup", Time since last: 4000593718 ns, Reaching safepoint: 71453 ns, At safepoint: 3708 ns, Total: 75161 ns
[2024-01-17T23:26:26.179+0000][7][safepoint   ] Safepoint "Cleanup", Time since last: 5000682697 ns, Reaching safepoint: 107495 ns, At safepoint: 7665 ns, Total: 115160 ns
[2024-01-17T23:26:32.180+0000][7][safepoint   ] Safepoint "Cleanup", Time since last: 6000739172 ns, Reaching safepoint: 82334 ns, At safepoint: 26108 ns, Total: 108442 ns
[2024-01-17T23:26:38.181+0000][7][safepoint   ] Safepoint "Cleanup", Time since last: 6000736776 ns, Reaching safepoint: 84742 ns, At safepoint: 10894 ns, Total: 95636 ns
[2024-01-17T23:26:39.181+0000][7][safepoint   ] Safepoint "Cleanup", Time since last: 1000156774 ns, Reaching safepoint: 86268 ns, At safepoint: 22340 ns, Total: 108608 ns
[2024-01-17T23:26:44.182+0000][7][safepoint   ] Safepoint "Cleanup", Time since last: 5000726631 ns, Reaching safepoint: 66551 ns, At safepoint: 12957 ns, Total: 79508 ns
[2024-01-17T23:26:46.182+0000][7][safepoint   ] Safepoint "Cleanup", Time since last: 2000214131 ns, Reaching safepoint: 92741 ns, At safepoint: 10149 ns, Total: 102890 ns
[2024-01-17T23:26:50.183+0000][7][safepoint   ] Safepoint "Cleanup", Time since last: 4000423739 ns, Reaching safepoint: 127423 ns, At safepoint: 8876 ns, Total: 136299 ns
[2024-01-17T23:26:56.184+0000][7][safepoint   ] Safepoint "Cleanup", Time since last: 6000841717 ns, Reaching safepoint: 110731 ns, At safepoint: 9578 ns, Total: 120309 ns
[2024-01-17T23:27:02.185+0000][7][safepoint   ] Safepoint "Cleanup", Time since last: 6000689833 ns, Reaching safepoint: 81162 ns, At safepoint: 6250 ns, Total: 87412 ns
[2024-01-17T23:27:07.185+0000][7][safepoint   ] Safepoint "Cleanup", Time since last: 5000705199 ns, Reaching safepoint: 113977 ns, At safepoint: 14614 ns, Total: 128591 ns
[2024-01-17T23:27:08.186+0000][7][safepoint   ] Safepoint "Cleanup", Time since last: 1000214430 ns, Reaching safepoint: 63035 ns, At safepoint: 7284 ns, Total: 70319 ns
[2024-01-17T23:27:10.186+0000][7][safepoint   ] Safepoint "Cleanup", Time since last: 2000304666 ns, Reaching safepoint: 78429 ns, At safepoint: 10534 ns, Total: 88963 ns
[2024-01-17T23:27:14.187+0000][7][safepoint   ] Safepoint "Cleanup", Time since last: 4000488133 ns, Reaching safepoint: 99701 ns, At safepoint: 6413 ns, Total: 106114 ns
[2024-01-17T23:27:23.188+0000][7][safepoint   ] Safepoint "Cleanup", Time since last: 9001476967 ns, Reaching safepoint: 98541 ns, At safepoint: 9541 ns, Total: 108082 ns
[2024-01-17T23:27:26.189+0000][7][safepoint   ] Safepoint "Cleanup", Time since last: 3000587732 ns, Reaching safepoint: 87067 ns, At safepoint: 8371 ns, Total: 95438 ns
[2024-01-17T23:27:27.189+0000][7][safepoint   ] Safepoint "Cleanup", Time since last: 1000163965 ns, Reaching safepoint: 77266 ns, At safepoint: 9868 ns, Total: 87134 ns
[2024-01-17T23:27:37.191+0000][7][safepoint   ] Safepoint "Cleanup", Time since last: 10001569944 ns, Reaching safepoint: 112225 ns, At safepoint: 8702 ns, Total: 120927 ns
[2024-01-17T23:27:41.191+0000][7][safepoint   ] Safepoint "Cleanup", Time since last: 4000528629 ns, Reaching safepoint: 88168 ns, At safepoint: 6407 ns, Total: 94575 ns
[2024-01-17T23:27:44.192+0000][7][safepoint   ] Safepoint "Cleanup", Time since last: 3000474684 ns, Reaching safepoint: 79084 ns, At safepoint: 20911 ns, Total: 99995 ns
[2024-01-17T23:27:47.192+0000][7][safepoint   ] Safepoint "Cleanup", Time since last: 3000281126 ns, Reaching safepoint: 107906 ns, At safepoint: 5963 ns, Total: 113869 ns
[2024-01-17T23:27:51.193+0000][7][safepoint   ] Safepoint "Cleanup", Time since last: 4000391359 ns, Reaching safepoint: 79997 ns, At safepoint: 10040 ns, Total: 90037 ns
[2024-01-17T23:27:52.193+0000][7][safepoint   ] Safepoint "Cleanup", Time since last: 1000152425 ns, Reaching safepoint: 75076 ns, At safepoint: 6630 ns, Total: 81706 ns
[2024-01-17T23:27:53.193+0000][7][safepoint   ] Safepoint "Cleanup", Time since last: 1000263649 ns, Reaching safepoint: 71858 ns, At safepoint: 7371 ns, Total: 79229 ns
[2024-01-17T23:27:54.194+0000][7][safepoint   ] Safepoint "Cleanup", Time since last: 1000257324 ns, Reaching safepoint: 129785 ns, At safepoint: 12986 ns, Total: 142771 ns
[2024-01-17T23:27:56.194+0000][7][safepoint   ] Safepoint "Cleanup", Time since last: 2000423363 ns, Reaching safepoint: 102737 ns, At safepoint: 8809 ns, Total: 111546 ns
[2024-01-17T23:28:02.195+0000][7][safepoint   ] Safepoint "Cleanup", Time since last: 6000898220 ns, Reaching safepoint: 108773 ns, At safepoint: 6808 ns, Total: 115581 ns
[2024-01-17T23:28:03.196+0000][7][safepoint   ] Safepoint "Cleanup", Time since last: 1000233758 ns, Reaching safepoint: 74854 ns, At safepoint: 7642 ns, Total: 82496 ns
[2024-01-17T23:28:07.196+0000][7][safepoint   ] Safepoint "Cleanup", Time since last: 4000519998 ns, Reaching safepoint: 81389 ns, At safepoint: 7733 ns, Total: 89122 ns
[2024-01-17T23:28:08.197+0000][7][safepoint   ] Safepoint "Cleanup", Time since last: 1000151781 ns, Reaching safepoint: 80815 ns, At safepoint: 5105 ns, Total: 85920 ns
[2024-01-17T23:28:09.197+0000][7][safepoint   ] Safepoint "Cleanup", Time since last: 1000163764 ns, Reaching safepoint: 191020 ns, At safepoint: 20033 ns, Total: 211053 ns
[2024-01-17T23:28:14.198+0000][7][safepoint   ] Safepoint "Cleanup", Time since last: 5000732963 ns, Reaching safepoint: 66517 ns, At safepoint: 6349 ns, Total: 72866 ns
[2024-01-17T23:28:17.198+0000][7][safepoint   ] Safepoint "Cleanup", Time since last: 3000490067 ns, Reaching safepoint: 99682 ns, At safepoint: 5874 ns, Total: 105556 ns
[2024-01-17T23:28:18.199+0000][7][safepoint   ] Safepoint "Cleanup", Time since last: 1000206221 ns, Reaching safepoint: 53204 ns, At safepoint: 6414 ns, Total: 59618 ns
[2024-01-17T23:28:26.200+0000][7][safepoint   ] Safepoint "Cleanup", Time since last: 8001241993 ns, Reaching safepoint: 63279 ns, At safepoint: 2835 ns, Total: 66114 ns
[2024-01-17T23:28:32.201+0000][7][safepoint   ] Safepoint "Cleanup", Time since last: 6000915476 ns, Reaching safepoint: 90659 ns, At safepoint: 7126 ns, Total: 97785 ns
[2024-01-17T23:28:32.531+0000][7][gc,start    ] GC(29) Pause Young (Normal) (G1 Evacuation Pause)
[2024-01-17T23:28:32.531+0000][7][gc,task     ] GC(29) Using 8 workers of 8 for evacuation
[2024-01-17T23:28:32.531+0000][7][gc,age      ] GC(29) Desired survivor size 41943040 bytes, new threshold 15 (max threshold 15)
[2024-01-17T23:28:32.542+0000][7][gc,phases   ] GC(29)   Pre Evacuate Collection Set: 0.1ms
[2024-01-17T23:28:32.542+0000][7][gc,phases   ] GC(29)   Merge Heap Roots: 0.1ms
[2024-01-17T23:28:32.542+0000][7][gc,phases   ] GC(29)   Evacuate Collection Set: 9.7ms
[2024-01-17T23:28:32.542+0000][7][gc,phases   ] GC(29)   Post Evacuate Collection Set: 1.1ms
[2024-01-17T23:28:32.542+0000][7][gc,phases   ] GC(29)   Other: 0.1ms
[2024-01-17T23:28:32.542+0000][7][gc,age      ] GC(29) Age table with threshold 15 (max threshold 15)
[2024-01-17T23:28:32.542+0000][7][gc,age      ] GC(29) - age   1:    1803560 bytes,    1803560 total
[2024-01-17T23:28:32.542+0000][7][gc,age      ] GC(29) - age   2:     195624 bytes,    1999184 total
[2024-01-17T23:28:32.542+0000][7][gc,age      ] GC(29) - age   3:      61744 bytes,    2060928 total
[2024-01-17T23:28:32.542+0000][7][gc,age      ] GC(29) - age   4:    1614248 bytes,    3675176 total
[2024-01-17T23:28:32.542+0000][7][gc,age      ] GC(29) - age   5:    3339072 bytes,    7014248 total
[2024-01-17T23:28:32.542+0000][7][gc,age      ] GC(29) - age   6:   10798600 bytes,   17812848 total
[2024-01-17T23:28:32.542+0000][7][gc,age      ] GC(29) - age   7:    3137256 bytes,   20950104 total
[2024-01-17T23:28:32.542+0000][7][gc,age      ] GC(29) - age   8:    1897296 bytes,   22847400 total
[2024-01-17T23:28:32.542+0000][7][gc,age      ] GC(29) - age   9:    1799800 bytes,   24647200 total
[2024-01-17T23:28:32.542+0000][7][gc,age      ] GC(29) - age  10:    1800008 bytes,   26447208 total
[2024-01-17T23:28:32.542+0000][7][gc,age      ] GC(29) - age  11:    1823264 bytes,   28270472 total
[2024-01-17T23:28:32.542+0000][7][gc,age      ] GC(29) - age  12:    1827576 bytes,   30098048 total
[2024-01-17T23:28:32.542+0000][7][gc,age      ] GC(29) - age  13:    1831216 bytes,   31929264 total
[2024-01-17T23:28:32.542+0000][7][gc,age      ] GC(29) - age  14:    1870640 bytes,   33799904 total
[2024-01-17T23:28:32.542+0000][7][gc,age      ] GC(29) - age  15:    1800544 bytes,   35600448 total
[2024-01-17T23:28:32.542+0000][7][gc,heap     ] GC(29) Eden regions: 143->0(143)
[2024-01-17T23:28:32.542+0000][7][gc,heap     ] GC(29) Survivor regions: 10->10(20)
[2024-01-17T23:28:32.542+0000][7][gc,heap     ] GC(29) Old regions: 23->23
[2024-01-17T23:28:32.542+0000][7][gc,heap     ] GC(29) Archive regions: 2->2
[2024-01-17T23:28:32.542+0000][7][gc,heap     ] GC(29) Humongous regions: 0->0
[2024-01-17T23:28:32.542+0000][7][gc,metaspace] GC(29) Metaspace: 127345K(131008K)->127345K(131008K) NonClass: 110469K(112384K)->110469K(112384K) Class: 16876K(18624K)->16876K(18624K)
[2024-01-17T23:28:32.542+0000][7][gc          ] GC(29) Pause Young (Normal) (G1 Evacuation Pause) 702M->129M(1024M) 11.529ms
[2024-01-17T23:28:32.542+0000][7][gc,cpu      ] GC(29) User=0.08s Sys=0.00s Real=0.01s
[2024-01-17T23:28:32.542+0000][7][safepoint   ] Safepoint "G1CollectForAllocation", Time since last: 329753071 ns, Reaching safepoint: 48451 ns, At safepoint: 11631247 ns, Total: 11679698 ns
[2024-01-17T23:28:38.543+0000][7][safepoint   ] Safepoint "Cleanup", Time since last: 6000546429 ns, Reaching safepoint: 60215 ns, At safepoint: 6968 ns, Total: 67183 ns
[2024-01-17T23:28:44.544+0000][7][safepoint   ] Safepoint "Cleanup", Time since last: 6000535634 ns, Reaching safepoint: 60151 ns, At safepoint: 6602 ns, Total: 66753 ns
[2024-01-17T23:28:56.545+0000][7][safepoint   ] Safepoint "Cleanup", Time since last: 12001339721 ns, Reaching safepoint: 79872 ns, At safepoint: 11881 ns, Total: 91753 ns
[2024-01-17T23:28:57.545+0000][7][safepoint   ] Safepoint "Cleanup", Time since last: 1000244301 ns, Reaching safepoint: 73545 ns, At safepoint: 8750 ns, Total: 82295 ns
[2024-01-17T23:29:02.546+0000][7][safepoint   ] Safepoint "Cleanup", Time since last: 5000668325 ns, Reaching safepoint: 74469 ns, At safepoint: 14115 ns, Total: 88584 ns
[2024-01-17T23:29:06.547+0000][7][safepoint   ] Safepoint "Cleanup", Time since last: 4000432457 ns, Reaching safepoint: 79700 ns, At safepoint: 6185 ns, Total: 85885 ns
[2024-01-17T23:29:07.547+0000][7][safepoint   ] Safepoint "Cleanup", Time since last: 1000153127 ns, Reaching safepoint: 55101 ns, At safepoint: 6229 ns, Total: 61330 ns
[2024-01-17T23:29:16.548+0000][7][safepoint   ] Safepoint "Cleanup", Time since last: 9000851290 ns, Reaching safepoint: 120128 ns, At safepoint: 7354 ns, Total: 127482 ns
[2024-01-17T23:29:19.548+0000][7][safepoint   ] Safepoint "Cleanup", Time since last: 3000383470 ns, Reaching safepoint: 111408 ns, At safepoint: 8037 ns, Total: 119445 ns
[2024-01-17T23:29:26.549+0000][7][safepoint   ] Safepoint "Cleanup", Time since last: 7000743243 ns, Reaching safepoint: 105779 ns, At safepoint: 5973 ns, Total: 111752 ns
[2024-01-17T23:29:27.550+0000][7][safepoint   ] Safepoint "Cleanup", Time since last: 1000245659 ns, Reaching safepoint: 77793 ns, At safepoint: 8504 ns, Total: 86297 ns
[2024-01-17T23:29:31.550+0000][7][safepoint   ] Safepoint "Cleanup", Time since last: 4000542952 ns, Reaching safepoint: 94404 ns, At safepoint: 14530 ns, Total: 108934 ns
[2024-01-17T23:29:32.550+0000][7][safepoint   ] Safepoint "Cleanup", Time since last: 1000219723 ns, Reaching safepoint: 75104 ns, At safepoint: 10746 ns, Total: 85850 ns
[2024-01-17T23:29:37.551+0000][7][safepoint   ] Safepoint "Cleanup", Time since last: 5000786955 ns, Reaching safepoint: 57016 ns, At safepoint: 4991 ns, Total: 62007 ns
[2024-01-17T23:29:38.552+0000][7][safepoint   ] Safepoint "Cleanup", Time since last: 1000237479 ns, Reaching safepoint: 91582 ns, At safepoint: 8038 ns, Total: 99620 ns
[2024-01-17T23:29:39.552+0000][7][safepoint   ] Safepoint "Cleanup", Time since last: 1000162618 ns, Reaching safepoint: 64770 ns, At safepoint: 5453 ns, Total: 70223 ns
[2024-01-17T23:29:41.552+0000][7][safepoint   ] Safepoint "Cleanup", Time since last: 2000185917 ns, Reaching safepoint: 131383 ns, At safepoint: 25859 ns, Total: 157242 ns
[2024-01-17T23:29:44.553+0000][7][safepoint   ] Safepoint "Cleanup", Time since last: 3000328993 ns, Reaching safepoint: 93512 ns, At safepoint: 6445 ns, Total: 99957 ns
[2024-01-17T23:29:50.553+0000][7][safepoint   ] Safepoint "Cleanup", Time since last: 6000720257 ns, Reaching safepoint: 93416 ns, At safepoint: 7374 ns, Total: 100790 ns
[2024-01-17T23:29:53.554+0000][7][safepoint   ] Safepoint "Cleanup", Time since last: 3000486422 ns, Reaching safepoint: 83489 ns, At safepoint: 7765 ns, Total: 91254 ns
[2024-01-17T23:29:56.555+0000][7][safepoint   ] Safepoint "Cleanup", Time since last: 3000372604 ns, Reaching safepoint: 63800 ns, At safepoint: 3852 ns, Total: 67652 ns
[2024-01-17T23:29:59.080+0000][7][safepoint   ] Safepoint "Cleanup", Time since last: 2525420525 ns, Reaching safepoint: 119162 ns, At safepoint: 24089 ns, Total: 143251 ns
[2024-01-17T23:30:00.080+0000][7][safepoint   ] Safepoint "Cleanup", Time since last: 1000142582 ns, Reaching safepoint: 109486 ns, At safepoint: 7576 ns, Total: 117062 ns
[2024-01-17T23:30:03.081+0000][7][safepoint   ] Safepoint "Cleanup", Time since last: 3000322413 ns, Reaching safepoint: 110764 ns, At safepoint: 8639 ns, Total: 119403 ns
[2024-01-17T23:30:06.081+0000][7][safepoint   ] Safepoint "Cleanup", Time since last: 3000389951 ns, Reaching safepoint: 124119 ns, At safepoint: 10292 ns, Total: 134411 ns
[2024-01-17T23:30:07.082+0000][7][safepoint   ] Safepoint "Cleanup", Time since last: 1000153672 ns, Reaching safepoint: 83182 ns, At safepoint: 9100 ns, Total: 92282 ns
[2024-01-17T23:30:08.082+0000][7][safepoint   ] Safepoint "Cleanup", Time since last: 1000118041 ns, Reaching safepoint: 47486 ns, At safepoint: 6331 ns, Total: 53817 ns
[2024-01-17T23:30:09.082+0000][7][safepoint   ] Safepoint "Cleanup", Time since last: 1000147699 ns, Reaching safepoint: 65003 ns, At safepoint: 6363 ns, Total: 71366 ns
[2024-01-17T23:30:11.082+0000][7][safepoint   ] Safepoint "Cleanup", Time since last: 2000233365 ns, Reaching safepoint: 74963 ns, At safepoint: 9940 ns, Total: 84903 ns
[2024-01-17T23:30:12.083+0000][7][safepoint   ] Safepoint "Cleanup", Time since last: 1000219560 ns, Reaching safepoint: 83235 ns, At safepoint: 10677 ns, Total: 93912 ns
[2024-01-17T23:30:15.083+0000][7][safepoint   ] Safepoint "Cleanup", Time since last: 3000567602 ns, Reaching safepoint: 119068 ns, At safepoint: 17511 ns, Total: 136579 ns
[2024-01-17T23:30:18.084+0000][7][safepoint   ] Safepoint "Cleanup", Time since last: 3000497652 ns, Reaching safepoint: 73911 ns, At safepoint: 9402 ns, Total: 83313 ns
[2024-01-17T23:30:26.085+0000][7][safepoint   ] Safepoint "Cleanup", Time since last: 8001137247 ns, Reaching safepoint: 101304 ns, At safepoint: 7640 ns, Total: 108944 ns
[2024-01-17T23:30:29.086+0000][7][safepoint   ] Safepoint "Cleanup", Time since last: 3000289687 ns, Reaching safepoint: 81792 ns, At safepoint: 18604 ns, Total: 100396 ns
[2024-01-17T23:30:32.086+0000][7][safepoint   ] Safepoint "Cleanup", Time since last: 3000451718 ns, Reaching safepoint: 79957 ns, At safepoint: 6860 ns, Total: 86817 ns
[2024-01-17T23:30:33.086+0000][7][safepoint   ] Safepoint "Cleanup", Time since last: 1000142865 ns, Reaching safepoint: 64518 ns, At safepoint: 5438 ns, Total: 69956 ns
[2024-01-17T23:30:37.087+0000][7][safepoint   ] Safepoint "Cleanup", Time since last: 4000492206 ns, Reaching safepoint: 101118 ns, At safepoint: 10606 ns, Total: 111724 ns
[2024-01-17T23:30:38.087+0000][7][safepoint   ] Safepoint "Cleanup", Time since last: 1000132859 ns, Reaching safepoint: 84514 ns, At safepoint: 23049 ns, Total: 107563 ns
[2024-01-17T23:30:39.087+0000][7][safepoint   ] Safepoint "Cleanup", Time since last: 1000144178 ns, Reaching safepoint: 75561 ns, At safepoint: 6344 ns, Total: 81905 ns
[2024-01-17T23:30:42.088+0000][7][safepoint   ] Safepoint "Cleanup", Time since last: 3000521014 ns, Reaching safepoint: 64777 ns, At safepoint: 6545 ns, Total: 71322 ns
[2024-01-17T23:30:44.088+0000][7][safepoint   ] Safepoint "Cleanup", Time since last: 2000213246 ns, Reaching safepoint: 72675 ns, At safepoint: 7398 ns, Total: 80073 ns
[2024-01-17T23:30:45.088+0000][7][safepoint   ] Safepoint "Cleanup", Time since last: 1000124277 ns, Reaching safepoint: 63970 ns, At safepoint: 5353 ns, Total: 69323 ns
[2024-01-17T23:30:47.089+0000][7][safepoint   ] Safepoint "Cleanup", Time since last: 2000384572 ns, Reaching safepoint: 133833 ns, At safepoint: 6118 ns, Total: 139951 ns
[2024-01-17T23:30:50.089+0000][7][safepoint   ] Safepoint "Cleanup", Time since last: 3000402809 ns, Reaching safepoint: 59311 ns, At safepoint: 7568 ns, Total: 66879 ns
[2024-01-17T23:31:03.091+0000][7][safepoint   ] Safepoint "Cleanup", Time since last: 13001761240 ns, Reaching safepoint: 76331 ns, At safepoint: 8222 ns, Total: 84553 ns
[2024-01-17T23:31:04.091+0000][7][safepoint   ] Safepoint "Cleanup", Time since last: 1000171179 ns, Reaching safepoint: 69153 ns, At safepoint: 6308 ns, Total: 75461 ns
[2024-01-17T23:31:14.093+0000][7][safepoint   ] Safepoint "Cleanup", Time since last: 10001336400 ns, Reaching safepoint: 152401 ns, At safepoint: 11278 ns, Total: 163679 ns
[2024-01-17T23:31:15.093+0000][7][safepoint   ] Safepoint "Cleanup", Time since last: 1000247532 ns, Reaching safepoint: 88948 ns, At safepoint: 7466 ns, Total: 96414 ns
[2024-01-17T23:31:24.095+0000][7][safepoint   ] Safepoint "Cleanup", Time since last: 9001284385 ns, Reaching safepoint: 90455 ns, At safepoint: 7678 ns, Total: 98133 ns
[2024-01-17T23:31:26.095+0000][7][safepoint   ] Safepoint "Cleanup", Time since last: 2000219173 ns, Reaching safepoint: 178923 ns, At safepoint: 7268 ns, Total: 186191 ns
[2024-01-17T23:31:30.096+0000][7][safepoint   ] Safepoint "Cleanup", Time since last: 4000593808 ns, Reaching safepoint: 83197 ns, At safepoint: 7449 ns, Total: 90646 ns
[2024-01-17T23:31:33.096+0000][7][safepoint   ] Safepoint "Cleanup", Time since last: 3000410482 ns, Reaching safepoint: 93659 ns, At safepoint: 10306 ns, Total: 103965 ns
[2024-01-17T23:31:37.097+0000][7][safepoint   ] Safepoint "Cleanup", Time since last: 4000583725 ns, Reaching safepoint: 119609 ns, At safepoint: 7572 ns, Total: 127181 ns
[2024-01-17T23:31:38.097+0000][7][safepoint   ] Safepoint "Cleanup", Time since last: 1000132907 ns, Reaching safepoint: 50855 ns, At safepoint: 5482 ns, Total: 56337 ns
[2024-01-17T23:31:39.098+0000][7][safepoint   ] Safepoint "Cleanup", Time since last: 1000215035 ns, Reaching safepoint: 81733 ns, At safepoint: 20064 ns, Total: 101797 ns
[2024-01-17T23:31:45.099+0000][7][safepoint   ] Safepoint "Cleanup", Time since last: 6000880687 ns, Reaching safepoint: 88694 ns, At safepoint: 21361 ns, Total: 110055 ns
[2024-01-17T23:31:49.099+0000][7][safepoint   ] Safepoint "Cleanup", Time since last: 4000508833 ns, Reaching safepoint: 83353 ns, At safepoint: 7072 ns, Total: 90425 ns
[2024-01-17T23:31:56.100+0000][7][safepoint   ] Safepoint "Cleanup", Time since last: 7000826623 ns, Reaching safepoint: 114299 ns, At safepoint: 27403 ns, Total: 141702 ns
[2024-01-17T23:31:56.909+0000][7][gc,start    ] GC(30) Pause Young (Normal) (G1 Evacuation Pause)
[2024-01-17T23:31:56.909+0000][7][gc,task     ] GC(30) Using 8 workers of 8 for evacuation
[2024-01-17T23:31:56.909+0000][7][gc,age      ] GC(30) Desired survivor size 41943040 bytes, new threshold 15 (max threshold 15)
[2024-01-17T23:31:56.921+0000][7][gc,phases   ] GC(30)   Pre Evacuate Collection Set: 0.1ms
[2024-01-17T23:31:56.921+0000][7][gc,phases   ] GC(30)   Merge Heap Roots: 0.1ms
[2024-01-17T23:31:56.921+0000][7][gc,phases   ] GC(30)   Evacuate Collection Set: 9.9ms
[2024-01-17T23:31:56.921+0000][7][gc,phases   ] GC(30)   Post Evacuate Collection Set: 1.2ms
[2024-01-17T23:31:56.921+0000][7][gc,phases   ] GC(30)   Other: 0.1ms
[2024-01-17T23:31:56.921+0000][7][gc,age      ] GC(30) Age table with threshold 15 (max threshold 15)
[2024-01-17T23:31:56.921+0000][7][gc,age      ] GC(30) - age   1:    1908672 bytes,    1908672 total
[2024-01-17T23:31:56.921+0000][7][gc,age      ] GC(30) - age   2:      70176 bytes,    1978848 total
[2024-01-17T23:31:56.921+0000][7][gc,age      ] GC(30) - age   3:     193600 bytes,    2172448 total
[2024-01-17T23:31:56.921+0000][7][gc,age      ] GC(30) - age   4:      61744 bytes,    2234192 total
[2024-01-17T23:31:56.921+0000][7][gc,age      ] GC(30) - age   5:    1614248 bytes,    3848440 total
[2024-01-17T23:31:56.921+0000][7][gc,age      ] GC(30) - age   6:    3065728 bytes,    6914168 total
[2024-01-17T23:31:56.921+0000][7][gc,age      ] GC(30) - age   7:   10741104 bytes,   17655272 total
[2024-01-17T23:31:56.921+0000][7][gc,age      ] GC(30) - age   8:    3137256 bytes,   20792528 total
[2024-01-17T23:31:56.921+0000][7][gc,age      ] GC(30) - age   9:    1897296 bytes,   22689824 total
[2024-01-17T23:31:56.921+0000][7][gc,age      ] GC(30) - age  10:    1799800 bytes,   24489624 total
[2024-01-17T23:31:56.921+0000][7][gc,age      ] GC(30) - age  11:    1800008 bytes,   26289632 total
[2024-01-17T23:31:56.921+0000][7][gc,age      ] GC(30) - age  12:    1823264 bytes,   28112896 total
[2024-01-17T23:31:56.921+0000][7][gc,age      ] GC(30) - age  13:    1827576 bytes,   29940472 total
[2024-01-17T23:31:56.921+0000][7][gc,age      ] GC(30) - age  14:    1831216 bytes,   31771688 total
[2024-01-17T23:31:56.921+0000][7][gc,age      ] GC(30) - age  15:    1870640 bytes,   33642328 total
[2024-01-17T23:31:56.921+0000][7][gc,heap     ] GC(30) Eden regions: 143->0(144)
[2024-01-17T23:31:56.921+0000][7][gc,heap     ] GC(30) Survivor regions: 10->9(20)
[2024-01-17T23:31:56.921+0000][7][gc,heap     ] GC(30) Old regions: 23->23
[2024-01-17T23:31:56.921+0000][7][gc,heap     ] GC(30) Archive regions: 2->2
[2024-01-17T23:31:56.921+0000][7][gc,heap     ] GC(30) Humongous regions: 0->0
[2024-01-17T23:31:56.921+0000][7][gc,metaspace] GC(30) Metaspace: 127475K(131136K)->127475K(131136K) NonClass: 110599K(112512K)->110599K(112512K) Class: 16876K(18624K)->16876K(18624K)
[2024-01-17T23:31:56.921+0000][7][gc          ] GC(30) Pause Young (Normal) (G1 Evacuation Pause) 701M->129M(1024M) 11.719ms
[2024-01-17T23:31:56.921+0000][7][gc,cpu      ] GC(30) User=0.08s Sys=0.00s Real=0.01s
[2024-01-17T23:31:56.921+0000][7][safepoint   ] Safepoint "G1CollectForAllocation", Time since last: 808973166 ns, Reaching safepoint: 78421 ns, At safepoint: 11822902 ns, Total: 11901323 ns
[2024-01-17T23:32:02.922+0000][7][safepoint   ] Safepoint "Cleanup", Time since last: 6000669435 ns, Reaching safepoint: 110814 ns, At safepoint: 10078 ns, Total: 120892 ns
[2024-01-17T23:32:07.922+0000][7][safepoint   ] Safepoint "Cleanup", Time since last: 5000532010 ns, Reaching safepoint: 103487 ns, At safepoint: 5701 ns, Total: 109188 ns
[2024-01-17T23:32:08.923+0000][7][safepoint   ] Safepoint "Cleanup", Time since last: 1000148905 ns, Reaching safepoint: 129143 ns, At safepoint: 8123 ns, Total: 137266 ns
[2024-01-17T23:32:23.924+0000][7][safepoint   ] Safepoint "Cleanup", Time since last: 15001589278 ns, Reaching safepoint: 81754 ns, At safepoint: 7466 ns, Total: 89220 ns
[2024-01-17T23:32:26.925+0000][7][safepoint   ] Safepoint "Cleanup", Time since last: 3000343812 ns, Reaching safepoint: 120576 ns, At safepoint: 8668 ns, Total: 129244 ns
[2024-01-17T23:32:30.926+0000][7][safepoint   ] Safepoint "Cleanup", Time since last: 4000554747 ns, Reaching safepoint: 118662 ns, At safepoint: 8837 ns, Total: 127499 ns
[2024-01-17T23:32:39.927+0000][7][safepoint   ] Safepoint "Cleanup", Time since last: 9001085216 ns, Reaching safepoint: 65665 ns, At safepoint: 6995 ns, Total: 72660 ns
[2024-01-17T23:32:44.927+0000][7][safepoint   ] Safepoint "Cleanup", Time since last: 5000722847 ns, Reaching safepoint: 76593 ns, At safepoint: 5081 ns, Total: 81674 ns
[2024-01-17T23:32:46.928+0000][7][safepoint   ] Safepoint "Cleanup", Time since last: 2000347646 ns, Reaching safepoint: 58041 ns, At safepoint: 5948 ns, Total: 63989 ns
[2024-01-17T23:32:47.928+0000][7][safepoint   ] Safepoint "Cleanup", Time since last: 1000145509 ns, Reaching safepoint: 49691 ns, At safepoint: 4704 ns, Total: 54395 ns
[2024-01-17T23:32:48.928+0000][7][safepoint   ] Safepoint "Cleanup", Time since last: 1000189809 ns, Reaching safepoint: 114685 ns, At safepoint: 34718 ns, Total: 149403 ns
[2024-01-17T23:32:58.930+0000][7][safepoint   ] Safepoint "Cleanup", Time since last: 10001755113 ns, Reaching safepoint: 116050 ns, At safepoint: 14882 ns, Total: 130932 ns
[2024-01-17T23:33:02.931+0000][7][safepoint   ] Safepoint "Cleanup", Time since last: 4000613051 ns, Reaching safepoint: 128915 ns, At safepoint: 24956 ns, Total: 153871 ns
[2024-01-17T23:33:06.932+0000][7][safepoint   ] Safepoint "Cleanup", Time since last: 4000522139 ns, Reaching safepoint: 73279 ns, At safepoint: 10557 ns, Total: 83836 ns
[2024-01-17T23:33:08.932+0000][7][safepoint   ] Safepoint "Cleanup", Time since last: 2000352403 ns, Reaching safepoint: 106937 ns, At safepoint: 8016 ns, Total: 114953 ns
[2024-01-17T23:33:09.932+0000][7][safepoint   ] Safepoint "Cleanup", Time since last: 1000152600 ns, Reaching safepoint: 82908 ns, At safepoint: 9881 ns, Total: 92789 ns
[2024-01-17T23:33:11.933+0000][7][safepoint   ] Safepoint "Cleanup", Time since last: 2000351961 ns, Reaching safepoint: 106225 ns, At safepoint: 6821 ns, Total: 113046 ns
[2024-01-17T23:33:14.934+0000][7][safepoint   ] Safepoint "Cleanup", Time since last: 3000621213 ns, Reaching safepoint: 108468 ns, At safepoint: 9381 ns, Total: 117849 ns
[2024-01-17T23:33:15.934+0000][7][safepoint   ] Safepoint "Cleanup", Time since last: 1000136891 ns, Reaching safepoint: 71628 ns, At safepoint: 8923 ns, Total: 80551 ns
[2024-01-17T23:33:16.934+0000][7][safepoint   ] Safepoint "Cleanup", Time since last: 1000161478 ns, Reaching safepoint: 95264 ns, At safepoint: 11953 ns, Total: 107217 ns
[2024-01-17T23:33:20.935+0000][7][safepoint   ] Safepoint "Cleanup", Time since last: 4000757958 ns, Reaching safepoint: 114994 ns, At safepoint: 7505 ns, Total: 122499 ns
[2024-01-17T23:33:26.936+0000][7][safepoint   ] Safepoint "Cleanup", Time since last: 6001168031 ns, Reaching safepoint: 142468 ns, At safepoint: 9953 ns, Total: 152421 ns
[2024-01-17T23:33:27.937+0000][7][safepoint   ] Safepoint "Cleanup", Time since last: 1000243218 ns, Reaching safepoint: 65429 ns, At safepoint: 9598 ns, Total: 75027 ns
[2024-01-17T23:33:28.937+0000][7][safepoint   ] Safepoint "Cleanup", Time since last: 1000165676 ns, Reaching safepoint: 111602 ns, At safepoint: 13309 ns, Total: 124911 ns
[2024-01-17T23:33:32.937+0000][7][safepoint   ] Safepoint "Cleanup", Time since last: 4000448713 ns, Reaching safepoint: 72608 ns, At safepoint: 13493 ns, Total: 86101 ns
[2024-01-17T23:33:33.938+0000][7][safepoint   ] Safepoint "Cleanup", Time since last: 1000214772 ns, Reaching safepoint: 81141 ns, At safepoint: 7776 ns, Total: 88917 ns
[2024-01-17T23:33:38.939+0000][7][safepoint   ] Safepoint "Cleanup", Time since last: 5000892921 ns, Reaching safepoint: 107859 ns, At safepoint: 7109 ns, Total: 114968 ns
[2024-01-17T23:33:41.940+0000][7][safepoint   ] Safepoint "Cleanup", Time since last: 3000678866 ns, Reaching safepoint: 77917 ns, At safepoint: 7791 ns, Total: 85708 ns
[2024-01-17T23:33:43.940+0000][7][safepoint   ] Safepoint "Cleanup", Time since last: 2000437250 ns, Reaching safepoint: 122287 ns, At safepoint: 9275 ns, Total: 131562 ns
[2024-01-17T23:33:44.940+0000][7][safepoint   ] Safepoint "Cleanup", Time since last: 1000220494 ns, Reaching safepoint: 102311 ns, At safepoint: 6744 ns, Total: 109055 ns
[2024-01-17T23:33:56.942+0000][7][safepoint   ] Safepoint "Cleanup", Time since last: 12001388251 ns, Reaching safepoint: 55490 ns, At safepoint: 5228 ns, Total: 60718 ns
[2024-01-17T23:34:02.943+0000][7][safepoint   ] Safepoint "Cleanup", Time since last: 6000980744 ns, Reaching safepoint: 90326 ns, At safepoint: 10235 ns, Total: 100561 ns
[2024-01-17T23:34:06.944+0000][7][safepoint   ] Safepoint "Cleanup", Time since last: 4000628648 ns, Reaching safepoint: 110896 ns, At safepoint: 11186 ns, Total: 122082 ns
[2024-01-17T23:34:08.944+0000][7][safepoint   ] Safepoint "Cleanup", Time since last: 2000310015 ns, Reaching safepoint: 70886 ns, At safepoint: 6874 ns, Total: 77760 ns
[2024-01-17T23:34:14.945+0000][7][safepoint   ] Safepoint "Cleanup", Time since last: 6000670370 ns, Reaching safepoint: 85373 ns, At safepoint: 7402 ns, Total: 92775 ns
[2024-01-17T23:34:20.946+0000][7][safepoint   ] Safepoint "Cleanup", Time since last: 6000977762 ns, Reaching safepoint: 108805 ns, At safepoint: 13291 ns, Total: 122096 ns
[2024-01-17T23:34:26.947+0000][7][safepoint   ] Safepoint "Cleanup", Time since last: 6000938028 ns, Reaching safepoint: 87410 ns, At safepoint: 7697 ns, Total: 95107 ns
[2024-01-17T23:34:27.947+0000][7][safepoint   ] Safepoint "Cleanup", Time since last: 1000233044 ns, Reaching safepoint: 59719 ns, At safepoint: 10369 ns, Total: 70088 ns
[2024-01-17T23:34:35.948+0000][7][safepoint   ] Safepoint "Cleanup", Time since last: 8001053875 ns, Reaching safepoint: 78847 ns, At safepoint: 5599 ns, Total: 84446 ns
[2024-01-17T23:34:36.949+0000][7][safepoint   ] Safepoint "Cleanup", Time since last: 1000123141 ns, Reaching safepoint: 54461 ns, At safepoint: 5272 ns, Total: 59733 ns
[2024-01-17T23:34:38.075+0000][7][safepoint   ] Safepoint "Cleanup", Time since last: 1126658125 ns, Reaching safepoint: 71423 ns, At safepoint: 5393 ns, Total: 76816 ns
[2024-01-17T23:34:39.076+0000][7][safepoint   ] Safepoint "Cleanup", Time since last: 1000238652 ns, Reaching safepoint: 95593 ns, At safepoint: 18648 ns, Total: 114241 ns
[2024-01-17T23:34:45.076+0000][7][safepoint   ] Safepoint "Cleanup", Time since last: 6000626004 ns, Reaching safepoint: 118054 ns, At safepoint: 21626 ns, Total: 139680 ns
[2024-01-17T23:34:47.077+0000][7][safepoint   ] Safepoint "Cleanup", Time since last: 2000331171 ns, Reaching safepoint: 86201 ns, At safepoint: 10612 ns, Total: 96813 ns
[2024-01-17T23:34:51.078+0000][7][safepoint   ] Safepoint "Cleanup", Time since last: 4000599915 ns, Reaching safepoint: 104820 ns, At safepoint: 6712 ns, Total: 111532 ns
[2024-01-17T23:34:57.079+0000][7][safepoint   ] Safepoint "Cleanup", Time since last: 6001074004 ns, Reaching safepoint: 84594 ns, At safepoint: 10472 ns, Total: 95066 ns
[2024-01-17T23:34:58.079+0000][7][safepoint   ] Safepoint "Cleanup", Time since last: 1000183121 ns, Reaching safepoint: 64545 ns, At safepoint: 7128 ns, Total: 71673 ns
[2024-01-17T23:35:03.080+0000][7][safepoint   ] Safepoint "Cleanup", Time since last: 5000648961 ns, Reaching safepoint: 67212 ns, At safepoint: 5240 ns, Total: 72452 ns
[2024-01-17T23:35:09.080+0000][7][safepoint   ] Safepoint "Cleanup", Time since last: 6000620737 ns, Reaching safepoint: 70020 ns, At safepoint: 7128 ns, Total: 77148 ns
[2024-01-17T23:35:14.309+0000][7][gc,start    ] GC(31) Pause Young (Normal) (G1 Evacuation Pause)
[2024-01-17T23:35:14.309+0000][7][gc,task     ] GC(31) Using 8 workers of 8 for evacuation
[2024-01-17T23:35:14.309+0000][7][gc,age      ] GC(31) Desired survivor size 41943040 bytes, new threshold 15 (max threshold 15)
[2024-01-17T23:35:14.320+0000][7][gc,phases   ] GC(31)   Pre Evacuate Collection Set: 0.1ms
[2024-01-17T23:35:14.320+0000][7][gc,phases   ] GC(31)   Merge Heap Roots: 0.1ms
[2024-01-17T23:35:14.320+0000][7][gc,phases   ] GC(31)   Evacuate Collection Set: 8.8ms
[2024-01-17T23:35:14.320+0000][7][gc,phases   ] GC(31)   Post Evacuate Collection Set: 1.2ms
[2024-01-17T23:35:14.320+0000][7][gc,phases   ] GC(31)   Other: 0.1ms
[2024-01-17T23:35:14.320+0000][7][gc,age      ] GC(31) Age table with threshold 15 (max threshold 15)
[2024-01-17T23:35:14.320+0000][7][gc,age      ] GC(31) - age   1:    1552816 bytes,    1552816 total
[2024-01-17T23:35:14.320+0000][7][gc,age      ] GC(31) - age   2:      41592 bytes,    1594408 total
[2024-01-17T23:35:14.320+0000][7][gc,age      ] GC(31) - age   3:      68072 bytes,    1662480 total
[2024-01-17T23:35:14.320+0000][7][gc,age      ] GC(31) - age   4:     189424 bytes,    1851904 total
[2024-01-17T23:35:14.320+0000][7][gc,age      ] GC(31) - age   5:      61680 bytes,    1913584 total
[2024-01-17T23:35:14.320+0000][7][gc,age      ] GC(31) - age   6:    1369512 bytes,    3283096 total
[2024-01-17T23:35:14.320+0000][7][gc,age      ] GC(31) - age   7:    3052968 bytes,    6336064 total
[2024-01-17T23:35:14.320+0000][7][gc,age      ] GC(31) - age   8:   10706760 bytes,   17042824 total
[2024-01-17T23:35:14.320+0000][7][gc,age      ] GC(31) - age   9:    3137256 bytes,   20180080 total
[2024-01-17T23:35:14.320+0000][7][gc,age      ] GC(31) - age  10:    1897296 bytes,   22077376 total
[2024-01-17T23:35:14.320+0000][7][gc,age      ] GC(31) - age  11:    1799800 bytes,   23877176 total
[2024-01-17T23:35:14.320+0000][7][gc,age      ] GC(31) - age  12:    1800008 bytes,   25677184 total
[2024-01-17T23:35:14.320+0000][7][gc,age      ] GC(31) - age  13:    1823264 bytes,   27500448 total
[2024-01-17T23:35:14.320+0000][7][gc,age      ] GC(31) - age  14:    1827576 bytes,   29328024 total
[2024-01-17T23:35:14.320+0000][7][gc,age      ] GC(31) - age  15:    1831216 bytes,   31159240 total
[2024-01-17T23:35:14.320+0000][7][gc,heap     ] GC(31) Eden regions: 144->0(144)
[2024-01-17T23:35:14.320+0000][7][gc,heap     ] GC(31) Survivor regions: 9->9(20)
[2024-01-17T23:35:14.320+0000][7][gc,heap     ] GC(31) Old regions: 23->23
[2024-01-17T23:35:14.320+0000][7][gc,heap     ] GC(31) Archive regions: 2->2
[2024-01-17T23:35:14.320+0000][7][gc,heap     ] GC(31) Humongous regions: 0->0
[2024-01-17T23:35:14.320+0000][7][gc,metaspace] GC(31) Metaspace: 127684K(131328K)->127684K(131328K) NonClass: 110796K(112704K)->110796K(112704K) Class: 16888K(18624K)->16888K(18624K)
[2024-01-17T23:35:14.320+0000][7][gc          ] GC(31) Pause Young (Normal) (G1 Evacuation Pause) 705M->129M(1024M) 10.649ms
[2024-01-17T23:35:14.320+0000][7][gc,cpu      ] GC(31) User=0.07s Sys=0.00s Real=0.01s
[2024-01-17T23:35:14.320+0000][7][safepoint   ] Safepoint "G1CollectForAllocation", Time since last: 5228808518 ns, Reaching safepoint: 75774 ns, At safepoint: 10752363 ns, Total: 10828137 ns
[2024-01-17T23:35:15.320+0000][7][safepoint   ] Safepoint "Cleanup", Time since last: 1000090419 ns, Reaching safepoint: 52238 ns, At safepoint: 6870 ns, Total: 59108 ns
[2024-01-17T23:35:23.321+0000][7][safepoint   ] Safepoint "Cleanup", Time since last: 8001069668 ns, Reaching safepoint: 63573 ns, At safepoint: 3645 ns, Total: 67218 ns
[2024-01-17T23:35:26.322+0000][7][safepoint   ] Safepoint "Cleanup", Time since last: 3000455799 ns, Reaching safepoint: 108252 ns, At safepoint: 12312 ns, Total: 120564 ns
[2024-01-17T23:35:29.323+0000][7][safepoint   ] Safepoint "Cleanup", Time since last: 3000506568 ns, Reaching safepoint: 79523 ns, At safepoint: 12002 ns, Total: 91525 ns
[2024-01-17T23:35:32.323+0000][7][safepoint   ] Safepoint "Cleanup", Time since last: 3000434605 ns, Reaching safepoint: 72783 ns, At safepoint: 3529 ns, Total: 76312 ns
[2024-01-17T23:35:35.324+0000][7][safepoint   ] Safepoint "Cleanup", Time since last: 3000471628 ns, Reaching safepoint: 129471 ns, At safepoint: 10719 ns, Total: 140190 ns
[2024-01-17T23:35:38.324+0000][7][safepoint   ] Safepoint "Cleanup", Time since last: 3000484257 ns, Reaching safepoint: 61874 ns, At safepoint: 6277 ns, Total: 68151 ns
[2024-01-17T23:35:47.325+0000][7][safepoint   ] Safepoint "Cleanup", Time since last: 9001148667 ns, Reaching safepoint: 108150 ns, At safepoint: 5749 ns, Total: 113899 ns
[2024-01-17T23:35:51.326+0000][7][safepoint   ] Safepoint "Cleanup", Time since last: 4000580607 ns, Reaching safepoint: 64527 ns, At safepoint: 8790 ns, Total: 73317 ns
[2024-01-17T23:35:53.327+0000][7][safepoint   ] Safepoint "Cleanup", Time since last: 2000378408 ns, Reaching safepoint: 88078 ns, At safepoint: 7979 ns, Total: 96057 ns
[2024-01-17T23:35:56.327+0000][7][safepoint   ] Safepoint "Cleanup", Time since last: 3000535782 ns, Reaching safepoint: 86333 ns, At safepoint: 4928 ns, Total: 91261 ns
[2024-01-17T23:36:02.328+0000][7][safepoint   ] Safepoint "Cleanup", Time since last: 6000889550 ns, Reaching safepoint: 93005 ns, At safepoint: 5973 ns, Total: 98978 ns
[2024-01-17T23:36:07.329+0000][7][safepoint   ] Safepoint "Cleanup", Time since last: 5000557694 ns, Reaching safepoint: 76678 ns, At safepoint: 43140 ns, Total: 119818 ns
[2024-01-17T23:36:08.329+0000][7][safepoint   ] Safepoint "Cleanup", Time since last: 1000191095 ns, Reaching safepoint: 90468 ns, At safepoint: 9239 ns, Total: 99707 ns
[2024-01-17T23:36:14.330+0000][7][safepoint   ] Safepoint "Cleanup", Time since last: 6000993162 ns, Reaching safepoint: 113122 ns, At safepoint: 11061 ns, Total: 124183 ns
[2024-01-17T23:36:17.331+0000][7][safepoint   ] Safepoint "Cleanup", Time since last: 3000503318 ns, Reaching safepoint: 99908 ns, At safepoint: 7091 ns, Total: 106999 ns
[2024-01-17T23:36:20.331+0000][7][safepoint   ] Safepoint "Cleanup", Time since last: 3000449778 ns, Reaching safepoint: 64075 ns, At safepoint: 5300 ns, Total: 69375 ns
[2024-01-17T23:36:22.332+0000][7][safepoint   ] Safepoint "Cleanup", Time since last: 2000479148 ns, Reaching safepoint: 95002 ns, At safepoint: 10527 ns, Total: 105529 ns
[2024-01-17T23:36:23.332+0000][7][safepoint   ] Safepoint "Cleanup", Time since last: 1000228762 ns, Reaching safepoint: 79241 ns, At safepoint: 7818 ns, Total: 87059 ns
[2024-01-17T23:36:26.333+0000][7][safepoint   ] Safepoint "Cleanup", Time since last: 3000338098 ns, Reaching safepoint: 95655 ns, At safepoint: 11321 ns, Total: 106976 ns
[2024-01-17T23:36:37.334+0000][7][safepoint   ] Safepoint "Cleanup", Time since last: 11001488982 ns, Reaching safepoint: 100860 ns, At safepoint: 8468 ns, Total: 109328 ns
[2024-01-17T23:36:41.335+0000][7][safepoint   ] Safepoint "Cleanup", Time since last: 4000747726 ns, Reaching safepoint: 87963 ns, At safepoint: 7695 ns, Total: 95658 ns
[2024-01-17T23:36:44.336+0000][7][safepoint   ] Safepoint "Cleanup", Time since last: 3000351305 ns, Reaching safepoint: 98961 ns, At safepoint: 7819 ns, Total: 106780 ns
[2024-01-17T23:36:50.337+0000][7][safepoint   ] Safepoint "Cleanup", Time since last: 6000791736 ns, Reaching safepoint: 100596 ns, At safepoint: 7757 ns, Total: 108353 ns
[2024-01-17T23:36:56.338+0000][7][safepoint   ] Safepoint "Cleanup", Time since last: 6000969295 ns, Reaching safepoint: 132478 ns, At safepoint: 19227 ns, Total: 151705 ns
[2024-01-17T23:37:03.339+0000][7][safepoint   ] Safepoint "Cleanup", Time since last: 7001076422 ns, Reaching safepoint: 65091 ns, At safepoint: 8584 ns, Total: 73675 ns
[2024-01-17T23:37:06.340+0000][7][safepoint   ] Safepoint "Cleanup", Time since last: 3000552873 ns, Reaching safepoint: 119123 ns, At safepoint: 6328 ns, Total: 125451 ns
[2024-01-17T23:37:14.341+0000][7][safepoint   ] Safepoint "Cleanup", Time since last: 8001166578 ns, Reaching safepoint: 81268 ns, At safepoint: 10723 ns, Total: 91991 ns
[2024-01-17T23:37:26.343+0000][7][safepoint   ] Safepoint "Cleanup", Time since last: 12001675438 ns, Reaching safepoint: 116299 ns, At safepoint: 5316 ns, Total: 121615 ns
[2024-01-17T23:37:27.343+0000][7][safepoint   ] Safepoint "Cleanup", Time since last: 1000144059 ns, Reaching safepoint: 60822 ns, At safepoint: 7481 ns, Total: 68303 ns
[2024-01-17T23:37:31.344+0000][7][safepoint   ] Safepoint "Cleanup", Time since last: 4000778591 ns, Reaching safepoint: 97296 ns, At safepoint: 6015 ns, Total: 103311 ns
[2024-01-17T23:37:32.344+0000][7][safepoint   ] Safepoint "Cleanup", Time since last: 1000226461 ns, Reaching safepoint: 46306 ns, At safepoint: 18490 ns, Total: 64796 ns
[2024-01-17T23:37:36.345+0000][7][safepoint   ] Safepoint "Cleanup", Time since last: 4000453399 ns, Reaching safepoint: 113662 ns, At safepoint: 9647 ns, Total: 123309 ns
[2024-01-17T23:37:38.345+0000][7][safepoint   ] Safepoint "Cleanup", Time since last: 2000238403 ns, Reaching safepoint: 85870 ns, At safepoint: 8181 ns, Total: 94051 ns
[2024-01-17T23:37:39.345+0000][7][safepoint   ] Safepoint "Cleanup", Time since last: 1000125654 ns, Reaching safepoint: 80171 ns, At safepoint: 22057 ns, Total: 102228 ns
[2024-01-17T23:37:50.347+0000][7][safepoint   ] Safepoint "Cleanup", Time since last: 11001611812 ns, Reaching safepoint: 92623 ns, At safepoint: 18815 ns, Total: 111438 ns
[2024-01-17T23:37:57.348+0000][7][safepoint   ] Safepoint "Cleanup", Time since last: 7001257200 ns, Reaching safepoint: 82874 ns, At safepoint: 15358 ns, Total: 98232 ns
[2024-01-17T23:38:04.349+0000][7][safepoint   ] Safepoint "Cleanup", Time since last: 7000655766 ns, Reaching safepoint: 106514 ns, At safepoint: 10948 ns, Total: 117462 ns
[2024-01-17T23:38:21.351+0000][7][safepoint   ] Safepoint "Cleanup", Time since last: 17002415846 ns, Reaching safepoint: 76147 ns, At safepoint: 6938 ns, Total: 83085 ns
[2024-01-17T23:38:26.353+0000][7][safepoint   ] Safepoint "Cleanup", Time since last: 5000943804 ns, Reaching safepoint: 134632 ns, At safepoint: 7083 ns, Total: 141715 ns
[2024-01-17T23:38:29.353+0000][7][safepoint   ] Safepoint "Cleanup", Time since last: 3000523163 ns, Reaching safepoint: 112133 ns, At safepoint: 13498 ns, Total: 125631 ns
[2024-01-17T23:38:36.354+0000][7][safepoint   ] Safepoint "Cleanup", Time since last: 7001089239 ns, Reaching safepoint: 104518 ns, At safepoint: 11578 ns, Total: 116096 ns
[2024-01-17T23:38:41.106+0000][7][gc,start    ] GC(32) Pause Young (Normal) (G1 Evacuation Pause)
[2024-01-17T23:38:41.106+0000][7][gc,task     ] GC(32) Using 8 workers of 8 for evacuation
[2024-01-17T23:38:41.106+0000][7][gc,age      ] GC(32) Desired survivor size 41943040 bytes, new threshold 15 (max threshold 15)
[2024-01-17T23:38:41.118+0000][7][gc,phases   ] GC(32)   Pre Evacuate Collection Set: 0.1ms
[2024-01-17T23:38:41.118+0000][7][gc,phases   ] GC(32)   Merge Heap Roots: 0.1ms
[2024-01-17T23:38:41.118+0000][7][gc,phases   ] GC(32)   Evacuate Collection Set: 10.3ms
[2024-01-17T23:38:41.118+0000][7][gc,phases   ] GC(32)   Post Evacuate Collection Set: 1.0ms
[2024-01-17T23:38:41.118+0000][7][gc,phases   ] GC(32)   Other: 0.1ms
[2024-01-17T23:38:41.118+0000][7][gc,age      ] GC(32) Age table with threshold 15 (max threshold 15)
[2024-01-17T23:38:41.118+0000][7][gc,age      ] GC(32) - age   1:    1441432 bytes,    1441432 total
[2024-01-17T23:38:41.118+0000][7][gc,age      ] GC(32) - age   2:     271976 bytes,    1713408 total
[2024-01-17T23:38:41.118+0000][7][gc,age      ] GC(32) - age   3:      39600 bytes,    1753008 total
[2024-01-17T23:38:41.118+0000][7][gc,age      ] GC(32) - age   4:      67752 bytes,    1820760 total
[2024-01-17T23:38:41.118+0000][7][gc,age      ] GC(32) - age   5:     189424 bytes,    2010184 total
[2024-01-17T23:38:41.118+0000][7][gc,age      ] GC(32) - age   6:      61680 bytes,    2071864 total
[2024-01-17T23:38:41.118+0000][7][gc,age      ] GC(32) - age   7:    1369448 bytes,    3441312 total
[2024-01-17T23:38:41.118+0000][7][gc,age      ] GC(32) - age   8:    3052552 bytes,    6493864 total
[2024-01-17T23:38:41.118+0000][7][gc,age      ] GC(32) - age   9:   10706680 bytes,   17200544 total
[2024-01-17T23:38:41.118+0000][7][gc,age      ] GC(32) - age  10:    3137256 bytes,   20337800 total
[2024-01-17T23:38:41.118+0000][7][gc,age      ] GC(32) - age  11:    1897296 bytes,   22235096 total
[2024-01-17T23:38:41.118+0000][7][gc,age      ] GC(32) - age  12:    1799800 bytes,   24034896 total
[2024-01-17T23:38:41.118+0000][7][gc,age      ] GC(32) - age  13:    1800008 bytes,   25834904 total
[2024-01-17T23:38:41.118+0000][7][gc,age      ] GC(32) - age  14:    1823264 bytes,   27658168 total
[2024-01-17T23:38:41.118+0000][7][gc,age      ] GC(32) - age  15:    1827576 bytes,   29485744 total
[2024-01-17T23:38:41.118+0000][7][gc,heap     ] GC(32) Eden regions: 144->0(145)
[2024-01-17T23:38:41.118+0000][7][gc,heap     ] GC(32) Survivor regions: 9->8(20)
[2024-01-17T23:38:41.118+0000][7][gc,heap     ] GC(32) Old regions: 23->24
[2024-01-17T23:38:41.118+0000][7][gc,heap     ] GC(32) Archive regions: 2->2
[2024-01-17T23:38:41.118+0000][7][gc,heap     ] GC(32) Humongous regions: 0->0
[2024-01-17T23:38:41.118+0000][7][gc,metaspace] GC(32) Metaspace: 127768K(131392K)->127768K(131392K) NonClass: 110879K(112768K)->110879K(112768K) Class: 16889K(18624K)->16889K(18624K)
[2024-01-17T23:38:41.118+0000][7][gc          ] GC(32) Pause Young (Normal) (G1 Evacuation Pause) 705M->127M(1024M) 12.077ms
[2024-01-17T23:38:41.118+0000][7][gc,cpu      ] GC(32) User=0.07s Sys=0.00s Real=0.01s
[2024-01-17T23:38:41.118+0000][7][safepoint   ] Safepoint "G1CollectForAllocation", Time since last: 4751200872 ns, Reaching safepoint: 83336 ns, At safepoint: 12178840 ns, Total: 12262176 ns
[2024-01-17T23:38:44.118+0000][7][safepoint   ] Safepoint "Cleanup", Time since last: 3000425535 ns, Reaching safepoint: 119401 ns, At safepoint: 8141 ns, Total: 127542 ns
[2024-01-17T23:38:56.120+0000][7][safepoint   ] Safepoint "Cleanup", Time since last: 12001405095 ns, Reaching safepoint: 76856 ns, At safepoint: 18155 ns, Total: 95011 ns
[2024-01-17T23:39:03.777+0000][7][safepoint   ] Safepoint "Cleanup", Time since last: 7656737626 ns, Reaching safepoint: 111457 ns, At safepoint: 9730 ns, Total: 121187 ns
[2024-01-17T23:39:20.779+0000][7][safepoint   ] Safepoint "Cleanup", Time since last: 17002345890 ns, Reaching safepoint: 109539 ns, At safepoint: 8328 ns, Total: 117867 ns
[2024-01-17T23:39:26.780+0000][7][safepoint   ] Safepoint "Cleanup", Time since last: 6000981783 ns, Reaching safepoint: 114184 ns, At safepoint: 8871 ns, Total: 123055 ns
[2024-01-17T23:39:32.781+0000][7][safepoint   ] Safepoint "Cleanup", Time since last: 6000735874 ns, Reaching safepoint: 70645 ns, At safepoint: 6998 ns, Total: 77643 ns
[2024-01-17T23:39:38.782+0000][7][safepoint   ] Safepoint "Cleanup", Time since last: 6000978967 ns, Reaching safepoint: 67310 ns, At safepoint: 7782 ns, Total: 75092 ns
[2024-01-17T23:39:44.783+0000][7][safepoint   ] Safepoint "Cleanup", Time since last: 6000797869 ns, Reaching safepoint: 89116 ns, At safepoint: 6398 ns, Total: 95514 ns
[2024-01-17T23:39:53.785+0000][7][safepoint   ] Safepoint "Cleanup", Time since last: 9001484721 ns, Reaching safepoint: 119736 ns, At safepoint: 12641 ns, Total: 132377 ns
[2024-01-17T23:39:56.785+0000][7][safepoint   ] Safepoint "Cleanup", Time since last: 3000321045 ns, Reaching safepoint: 104832 ns, At safepoint: 7167 ns, Total: 111999 ns
[2024-01-17T23:40:26.789+0000][7][safepoint   ] Safepoint "Cleanup", Time since last: 30003795033 ns, Reaching safepoint: 83832 ns, At safepoint: 10923 ns, Total: 94755 ns
[2024-01-17T23:40:32.218+0000][7][safepoint   ] Safepoint "Cleanup", Time since last: 5428844711 ns, Reaching safepoint: 95268 ns, At safepoint: 5844 ns, Total: 101112 ns
[2024-01-17T23:40:33.218+0000][7][safepoint   ] Safepoint "Cleanup", Time since last: 1000122277 ns, Reaching safepoint: 92599 ns, At safepoint: 9876 ns, Total: 102475 ns
[2024-01-17T23:40:38.219+0000][7][safepoint   ] Safepoint "Cleanup", Time since last: 5000894198 ns, Reaching safepoint: 66569 ns, At safepoint: 9802 ns, Total: 76371 ns
[2024-01-17T23:40:41.220+0000][7][safepoint   ] Safepoint "Cleanup", Time since last: 3000628368 ns, Reaching safepoint: 109621 ns, At safepoint: 7265 ns, Total: 116886 ns
[2024-01-17T23:40:44.220+0000][7][safepoint   ] Safepoint "Cleanup", Time since last: 3000361303 ns, Reaching safepoint: 99048 ns, At safepoint: 8896 ns, Total: 107944 ns
[2024-01-17T23:40:57.053+0000][7][safepoint   ] Safepoint "Cleanup", Time since last: 12832318778 ns, Reaching safepoint: 59961 ns, At safepoint: 2909 ns, Total: 62870 ns
[2024-01-17T23:40:58.053+0000][7][safepoint   ] Safepoint "Cleanup", Time since last: 1000220849 ns, Reaching safepoint: 75389 ns, At safepoint: 10442 ns, Total: 85831 ns
[2024-01-17T23:41:06.054+0000][7][safepoint   ] Safepoint "Cleanup", Time since last: 8001133891 ns, Reaching safepoint: 112493 ns, At safepoint: 7323 ns, Total: 119816 ns
[2024-01-17T23:41:09.055+0000][7][safepoint   ] Safepoint "Cleanup", Time since last: 3000315081 ns, Reaching safepoint: 64159 ns, At safepoint: 5929 ns, Total: 70088 ns
[2024-01-17T23:41:26.057+0000][7][safepoint   ] Safepoint "Cleanup", Time since last: 17001945040 ns, Reaching safepoint: 103956 ns, At safepoint: 4198 ns, Total: 108154 ns
[2024-01-17T23:41:33.058+0000][7][safepoint   ] Safepoint "Cleanup", Time since last: 7001094116 ns, Reaching safepoint: 140069 ns, At safepoint: 16501 ns, Total: 156570 ns
[2024-01-17T23:41:36.058+0000][7][safepoint   ] Safepoint "Cleanup", Time since last: 3000376630 ns, Reaching safepoint: 68959 ns, At safepoint: 9860 ns, Total: 78819 ns
[2024-01-17T23:41:45.060+0000][7][safepoint   ] Safepoint "Cleanup", Time since last: 9001497826 ns, Reaching safepoint: 85395 ns, At safepoint: 6074 ns, Total: 91469 ns
[2024-01-17T23:41:46.060+0000][7][safepoint   ] Safepoint "Cleanup", Time since last: 1000132335 ns, Reaching safepoint: 72407 ns, At safepoint: 8700 ns, Total: 81107 ns
[2024-01-17T23:41:58.062+0000][7][safepoint   ] Safepoint "Cleanup", Time since last: 12001627968 ns, Reaching safepoint: 106508 ns, At safepoint: 6535 ns, Total: 113043 ns
[2024-01-17T23:42:02.124+0000][7][gc,start    ] GC(33) Pause Young (Normal) (G1 Evacuation Pause)
[2024-01-17T23:42:02.124+0000][7][gc,task     ] GC(33) Using 8 workers of 8 for evacuation
[2024-01-17T23:42:02.124+0000][7][gc,age      ] GC(33) Desired survivor size 41943040 bytes, new threshold 15 (max threshold 15)
[2024-01-17T23:42:02.135+0000][7][gc,phases   ] GC(33)   Pre Evacuate Collection Set: 0.1ms
[2024-01-17T23:42:02.135+0000][7][gc,phases   ] GC(33)   Merge Heap Roots: 0.1ms
[2024-01-17T23:42:02.135+0000][7][gc,phases   ] GC(33)   Evacuate Collection Set: 8.8ms
[2024-01-17T23:42:02.135+0000][7][gc,phases   ] GC(33)   Post Evacuate Collection Set: 1.1ms
[2024-01-17T23:42:02.135+0000][7][gc,phases   ] GC(33)   Other: 0.1ms
[2024-01-17T23:42:02.135+0000][7][gc,age      ] GC(33) Age table with threshold 15 (max threshold 15)
[2024-01-17T23:42:02.135+0000][7][gc,age      ] GC(33) - age   1:    1445552 bytes,    1445552 total
[2024-01-17T23:42:02.135+0000][7][gc,age      ] GC(33) - age   2:     232752 bytes,    1678304 total
[2024-01-17T23:42:02.135+0000][7][gc,age      ] GC(33) - age   3:     269920 bytes,    1948224 total
[2024-01-17T23:42:02.135+0000][7][gc,age      ] GC(33) - age   4:      39472 bytes,    1987696 total
[2024-01-17T23:42:02.135+0000][7][gc,age      ] GC(33) - age   5:      67752 bytes,    2055448 total
[2024-01-17T23:42:02.135+0000][7][gc,age      ] GC(33) - age   6:     189112 bytes,    2244560 total
[2024-01-17T23:42:02.135+0000][7][gc,age      ] GC(33) - age   7:      53664 bytes,    2298224 total
[2024-01-17T23:42:02.135+0000][7][gc,age      ] GC(33) - age   8:    1369448 bytes,    3667672 total
[2024-01-17T23:42:02.135+0000][7][gc,age      ] GC(33) - age   9:    3052552 bytes,    6720224 total
[2024-01-17T23:42:02.135+0000][7][gc,age      ] GC(33) - age  10:   10706680 bytes,   17426904 total
[2024-01-17T23:42:02.135+0000][7][gc,age      ] GC(33) - age  11:    3137256 bytes,   20564160 total
[2024-01-17T23:42:02.135+0000][7][gc,age      ] GC(33) - age  12:    1897296 bytes,   22461456 total
[2024-01-17T23:42:02.135+0000][7][gc,age      ] GC(33) - age  13:    1799800 bytes,   24261256 total
[2024-01-17T23:42:02.135+0000][7][gc,age      ] GC(33) - age  14:    1800008 bytes,   26061264 total
[2024-01-17T23:42:02.135+0000][7][gc,age      ] GC(33) - age  15:    1823264 bytes,   27884528 total
[2024-01-17T23:42:02.135+0000][7][gc,heap     ] GC(33) Eden regions: 145->0(145)
[2024-01-17T23:42:02.135+0000][7][gc,heap     ] GC(33) Survivor regions: 8->8(20)
[2024-01-17T23:42:02.135+0000][7][gc,heap     ] GC(33) Old regions: 24->24
[2024-01-17T23:42:02.135+0000][7][gc,heap     ] GC(33) Archive regions: 2->2
[2024-01-17T23:42:02.135+0000][7][gc,heap     ] GC(33) Humongous regions: 0->0
[2024-01-17T23:42:02.135+0000][7][gc,metaspace] GC(33) Metaspace: 127797K(131392K)->127797K(131392K) NonClass: 110908K(112768K)->110908K(112768K) Class: 16889K(18624K)->16889K(18624K)
[2024-01-17T23:42:02.135+0000][7][gc          ] GC(33) Pause Young (Normal) (G1 Evacuation Pause) 707M->128M(1024M) 10.541ms
[2024-01-17T23:42:02.135+0000][7][gc,cpu      ] GC(33) User=0.06s Sys=0.00s Real=0.01s
[2024-01-17T23:42:02.135+0000][7][safepoint   ] Safepoint "G1CollectForAllocation", Time since last: 4062166421 ns, Reaching safepoint: 69497 ns, At safepoint: 10643843 ns, Total: 10713340 ns
[2024-01-17T23:42:03.135+0000][7][safepoint   ] Safepoint "Cleanup", Time since last: 1000088278 ns, Reaching safepoint: 36228 ns, At safepoint: 4234 ns, Total: 40462 ns
[2024-01-17T23:42:26.138+0000][7][safepoint   ] Safepoint "Cleanup", Time since last: 23002835050 ns, Reaching safepoint: 181170 ns, At safepoint: 8404 ns, Total: 189574 ns
[2024-01-17T23:42:28.139+0000][7][safepoint   ] Safepoint "Cleanup", Time since last: 2000417929 ns, Reaching safepoint: 84583 ns, At safepoint: 11112 ns, Total: 95695 ns
[2024-01-17T23:42:46.141+0000][7][safepoint   ] Safepoint "Cleanup", Time since last: 18002228206 ns, Reaching safepoint: 98867 ns, At safepoint: 6970 ns, Total: 105837 ns
[2024-01-17T23:42:50.141+0000][7][safepoint   ] Safepoint "Cleanup", Time since last: 4000397366 ns, Reaching safepoint: 60338 ns, At safepoint: 3377 ns, Total: 63715 ns
[2024-01-17T23:42:52.142+0000][7][safepoint   ] Safepoint "Cleanup", Time since last: 2000184228 ns, Reaching safepoint: 61646 ns, At safepoint: 5051 ns, Total: 66697 ns
[2024-01-17T23:42:53.142+0000][7][safepoint   ] Safepoint "Cleanup", Time since last: 1000125990 ns, Reaching safepoint: 68839 ns, At safepoint: 5169 ns, Total: 74008 ns
[2024-01-17T23:42:54.142+0000][7][safepoint   ] Safepoint "Cleanup", Time since last: 1000240651 ns, Reaching safepoint: 83525 ns, At safepoint: 10532 ns, Total: 94057 ns
[2024-01-17T23:43:01.143+0000][7][safepoint   ] Safepoint "Cleanup", Time since last: 7000986590 ns, Reaching safepoint: 71134 ns, At safepoint: 10651 ns, Total: 81785 ns
[2024-01-17T23:43:04.144+0000][7][safepoint   ] Safepoint "Cleanup", Time since last: 3000309509 ns, Reaching safepoint: 80313 ns, At safepoint: 9640 ns, Total: 89953 ns
[2024-01-17T23:43:07.144+0000][7][safepoint   ] Safepoint "Cleanup", Time since last: 3000453672 ns, Reaching safepoint: 135106 ns, At safepoint: 12241 ns, Total: 147347 ns
[2024-01-17T23:43:09.145+0000][7][safepoint   ] Safepoint "Cleanup", Time since last: 2000302149 ns, Reaching safepoint: 88815 ns, At safepoint: 11275 ns, Total: 100090 ns
[2024-01-17T23:43:10.145+0000][7][safepoint   ] Safepoint "Cleanup", Time since last: 1000168638 ns, Reaching safepoint: 63935 ns, At safepoint: 7055 ns, Total: 70990 ns
[2024-01-17T23:43:21.146+0000][7][safepoint   ] Safepoint "Cleanup", Time since last: 11001264319 ns, Reaching safepoint: 92048 ns, At safepoint: 14968 ns, Total: 107016 ns
[2024-01-17T23:43:26.147+0000][7][safepoint   ] Safepoint "Cleanup", Time since last: 5000792488 ns, Reaching safepoint: 149232 ns, At safepoint: 7175 ns, Total: 156407 ns
[2024-01-17T23:43:27.147+0000][7][safepoint   ] Safepoint "Cleanup", Time since last: 1000207332 ns, Reaching safepoint: 61733 ns, At safepoint: 6827 ns, Total: 68560 ns
[2024-01-17T23:43:38.149+0000][7][safepoint   ] Safepoint "Cleanup", Time since last: 11001132392 ns, Reaching safepoint: 137277 ns, At safepoint: 14254 ns, Total: 151531 ns
[2024-01-17T23:43:44.150+0000][7][safepoint   ] Safepoint "Cleanup", Time since last: 6000912999 ns, Reaching safepoint: 77964 ns, At safepoint: 7635 ns, Total: 85599 ns
[2024-01-17T23:43:45.150+0000][7][safepoint   ] Safepoint "Cleanup", Time since last: 1000151685 ns, Reaching safepoint: 74542 ns, At safepoint: 6840 ns, Total: 81382 ns
[2024-01-17T23:43:50.151+0000][7][safepoint   ] Safepoint "Cleanup", Time since last: 5000785781 ns, Reaching safepoint: 114242 ns, At safepoint: 7144 ns, Total: 121386 ns
[2024-01-17T23:43:51.151+0000][7][safepoint   ] Safepoint "Cleanup", Time since last: 1000122746 ns, Reaching safepoint: 68598 ns, At safepoint: 4174 ns, Total: 72772 ns
[2024-01-17T23:43:56.152+0000][7][safepoint   ] Safepoint "Cleanup", Time since last: 5000557486 ns, Reaching safepoint: 103893 ns, At safepoint: 20033 ns, Total: 123926 ns
[2024-01-17T23:44:01.152+0000][7][safepoint   ] Safepoint "Cleanup", Time since last: 5000478492 ns, Reaching safepoint: 93676 ns, At safepoint: 6008 ns, Total: 99684 ns
[2024-01-17T23:44:08.153+0000][7][safepoint   ] Safepoint "Cleanup", Time since last: 7000703622 ns, Reaching safepoint: 49725 ns, At safepoint: 5176 ns, Total: 54901 ns
[2024-01-17T23:44:09.153+0000][7][safepoint   ] Safepoint "Cleanup", Time since last: 1000144631 ns, Reaching safepoint: 62325 ns, At safepoint: 7789 ns, Total: 70114 ns
[2024-01-17T23:44:20.155+0000][7][safepoint   ] Safepoint "Cleanup", Time since last: 11001247582 ns, Reaching safepoint: 42796 ns, At safepoint: 4989 ns, Total: 47785 ns
[2024-01-17T23:44:22.155+0000][7][safepoint   ] Safepoint "Cleanup", Time since last: 2000314811 ns, Reaching safepoint: 111041 ns, At safepoint: 11111 ns, Total: 122152 ns
[2024-01-17T23:44:24.155+0000][7][safepoint   ] Safepoint "Cleanup", Time since last: 2000301618 ns, Reaching safepoint: 65516 ns, At safepoint: 6729 ns, Total: 72245 ns
[2024-01-17T23:44:27.156+0000][7][safepoint   ] Safepoint "Cleanup", Time since last: 3000526178 ns, Reaching safepoint: 100023 ns, At safepoint: 11826 ns, Total: 111849 ns
[2024-01-17T23:44:33.157+0000][7][safepoint   ] Safepoint "Cleanup", Time since last: 6000599980 ns, Reaching safepoint: 62444 ns, At safepoint: 3236 ns, Total: 65680 ns
[2024-01-17T23:44:38.157+0000][7][safepoint   ] Safepoint "Cleanup", Time since last: 5000444354 ns, Reaching safepoint: 117308 ns, At safepoint: 7897 ns, Total: 125205 ns
[2024-01-17T23:44:41.158+0000][7][safepoint   ] Safepoint "Cleanup", Time since last: 3000295365 ns, Reaching safepoint: 55563 ns, At safepoint: 5214 ns, Total: 60777 ns
[2024-01-17T23:44:45.158+0000][7][safepoint   ] Safepoint "Cleanup", Time since last: 4000485101 ns, Reaching safepoint: 39420 ns, At safepoint: 2715 ns, Total: 42135 ns
[2024-01-17T23:45:14.160+0000][7][gc,start    ] GC(34) Pause Young (Normal) (G1 Evacuation Pause)
[2024-01-17T23:45:14.160+0000][7][gc,task     ] GC(34) Using 8 workers of 8 for evacuation
[2024-01-17T23:45:14.160+0000][7][gc,age      ] GC(34) Desired survivor size 41943040 bytes, new threshold 15 (max threshold 15)
[2024-01-17T23:45:14.170+0000][7][gc,phases   ] GC(34)   Pre Evacuate Collection Set: 0.1ms
[2024-01-17T23:45:14.170+0000][7][gc,phases   ] GC(34)   Merge Heap Roots: 0.1ms
[2024-01-17T23:45:14.170+0000][7][gc,phases   ] GC(34)   Evacuate Collection Set: 8.2ms
[2024-01-17T23:45:14.170+0000][7][gc,phases   ] GC(34)   Post Evacuate Collection Set: 1.2ms
[2024-01-17T23:45:14.170+0000][7][gc,phases   ] GC(34)   Other: 0.1ms
[2024-01-17T23:45:14.170+0000][7][gc,age      ] GC(34) Age table with threshold 15 (max threshold 15)
[2024-01-17T23:45:14.170+0000][7][gc,age      ] GC(34) - age   1:    1143608 bytes,    1143608 total
[2024-01-17T23:45:14.170+0000][7][gc,age      ] GC(34) - age   2:      16344 bytes,    1159952 total
[2024-01-17T23:45:14.170+0000][7][gc,age      ] GC(34) - age   3:     229536 bytes,    1389488 total
[2024-01-17T23:45:14.170+0000][7][gc,age      ] GC(34) - age   4:     265912 bytes,    1655400 total
[2024-01-17T23:45:14.170+0000][7][gc,age      ] GC(34) - age   5:      39472 bytes,    1694872 total
[2024-01-17T23:45:14.170+0000][7][gc,age      ] GC(34) - age   6:      67144 bytes,    1762016 total
[2024-01-17T23:45:14.170+0000][7][gc,age      ] GC(34) - age   7:     189080 bytes,    1951096 total
[2024-01-17T23:45:14.170+0000][7][gc,age      ] GC(34) - age   8:      53664 bytes,    2004760 total
[2024-01-17T23:45:14.170+0000][7][gc,age      ] GC(34) - age   9:    1369408 bytes,    3374168 total
[2024-01-17T23:45:14.170+0000][7][gc,age      ] GC(34) - age  10:    3052224 bytes,    6426392 total
[2024-01-17T23:45:14.170+0000][7][gc,age      ] GC(34) - age  11:   10706488 bytes,   17132880 total
[2024-01-17T23:45:14.170+0000][7][gc,age      ] GC(34) - age  12:    3137256 bytes,   20270136 total
[2024-01-17T23:45:14.170+0000][7][gc,age      ] GC(34) - age  13:    1897296 bytes,   22167432 total
[2024-01-17T23:45:14.170+0000][7][gc,age      ] GC(34) - age  14:    1799800 bytes,   23967232 total
[2024-01-17T23:45:14.170+0000][7][gc,age      ] GC(34) - age  15:    1800008 bytes,   25767240 total
[2024-01-17T23:45:14.170+0000][7][gc,heap     ] GC(34) Eden regions: 145->0(146)
[2024-01-17T23:45:14.170+0000][7][gc,heap     ] GC(34) Survivor regions: 8->7(20)
[2024-01-17T23:45:14.170+0000][7][gc,heap     ] GC(34) Old regions: 24->25
[2024-01-17T23:45:14.170+0000][7][gc,heap     ] GC(34) Archive regions: 2->2
[2024-01-17T23:45:14.170+0000][7][gc,heap     ] GC(34) Humongous regions: 0->0
[2024-01-17T23:45:14.170+0000][7][gc,metaspace] GC(34) Metaspace: 127829K(131456K)->127829K(131456K) NonClass: 110940K(112832K)->110940K(112832K) Class: 16889K(18624K)->16889K(18624K)
[2024-01-17T23:45:14.170+0000][7][gc          ] GC(34) Pause Young (Normal) (G1 Evacuation Pause) 708M->128M(1024M) 10.116ms
[2024-01-17T23:45:14.170+0000][7][gc,cpu      ] GC(34) User=0.06s Sys=0.00s Real=0.02s
[2024-01-17T23:45:14.170+0000][7][safepoint   ] Safepoint "G1CollectForAllocation", Time since last: 29001606415 ns, Reaching safepoint: 91211 ns, At safepoint: 10218400 ns, Total: 10309611 ns
[2024-01-17T23:45:15.170+0000][7][safepoint   ] Safepoint "Cleanup", Time since last: 1000121622 ns, Reaching safepoint: 71460 ns, At safepoint: 6378 ns, Total: 77838 ns
[2024-01-17T23:45:16.171+0000][7][safepoint   ] Safepoint "Cleanup", Time since last: 1000245779 ns, Reaching safepoint: 79113 ns, At safepoint: 7816 ns, Total: 86929 ns
[2024-01-17T23:45:26.172+0000][7][safepoint   ] Safepoint "Cleanup", Time since last: 10001119974 ns, Reaching safepoint: 93453 ns, At safepoint: 5765 ns, Total: 99218 ns
[2024-01-17T23:45:34.173+0000][7][safepoint   ] Safepoint "Cleanup", Time since last: 8000677476 ns, Reaching safepoint: 48401 ns, At safepoint: 3559 ns, Total: 51960 ns
[2024-01-17T23:45:37.173+0000][7][safepoint   ] Safepoint "Cleanup", Time since last: 3000320486 ns, Reaching safepoint: 77545 ns, At safepoint: 10202 ns, Total: 87747 ns
[2024-01-17T23:45:38.173+0000][7][safepoint   ] Safepoint "Cleanup", Time since last: 1000149630 ns, Reaching safepoint: 55530 ns, At safepoint: 6823 ns, Total: 62353 ns
[2024-01-17T23:45:59.176+0000][7][safepoint   ] Safepoint "Cleanup", Time since last: 21002412031 ns, Reaching safepoint: 65537 ns, At safepoint: 8606 ns, Total: 74143 ns
[2024-01-17T23:46:02.176+0000][7][safepoint   ] Safepoint "Cleanup", Time since last: 3000394553 ns, Reaching safepoint: 38757 ns, At safepoint: 4256 ns, Total: 43013 ns
[2024-01-17T23:46:03.176+0000][7][safepoint   ] Safepoint "Cleanup", Time since last: 1000119230 ns, Reaching safepoint: 67398 ns, At safepoint: 6077 ns, Total: 73475 ns
[2024-01-17T23:46:07.177+0000][7][safepoint   ] Safepoint "Cleanup", Time since last: 4000409887 ns, Reaching safepoint: 57605 ns, At safepoint: 11639 ns, Total: 69244 ns
[2024-01-17T23:46:20.178+0000][7][safepoint   ] Safepoint "Cleanup", Time since last: 13001506781 ns, Reaching safepoint: 158098 ns, At safepoint: 22159 ns, Total: 180257 ns
[2024-01-17T23:46:21.179+0000][7][safepoint   ] Safepoint "Cleanup", Time since last: 1000151177 ns, Reaching safepoint: 66447 ns, At safepoint: 4834 ns, Total: 71281 ns
[2024-01-17T23:46:26.179+0000][7][safepoint   ] Safepoint "Cleanup", Time since last: 5000444285 ns, Reaching safepoint: 84626 ns, At safepoint: 6240 ns, Total: 90866 ns
[2024-01-17T23:46:29.180+0000][7][safepoint   ] Safepoint "Cleanup", Time since last: 3000378738 ns, Reaching safepoint: 70607 ns, At safepoint: 7620 ns, Total: 78227 ns
[2024-01-17T23:46:32.180+0000][7][safepoint   ] Safepoint "Cleanup", Time since last: 3000334152 ns, Reaching safepoint: 191281 ns, At safepoint: 25042 ns, Total: 216323 ns
[2024-01-17T23:46:35.181+0000][7][safepoint   ] Safepoint "Cleanup", Time since last: 3000413764 ns, Reaching safepoint: 72774 ns, At safepoint: 7823 ns, Total: 80597 ns
[2024-01-17T23:46:38.181+0000][7][safepoint   ] Safepoint "Cleanup", Time since last: 3000337178 ns, Reaching safepoint: 59382 ns, At safepoint: 6707 ns, Total: 66089 ns
[2024-01-17T23:46:41.182+0000][7][safepoint   ] Safepoint "Cleanup", Time since last: 3000303280 ns, Reaching safepoint: 122904 ns, At safepoint: 6863 ns, Total: 129767 ns
[2024-01-17T23:46:44.182+0000][7][safepoint   ] Safepoint "Cleanup", Time since last: 3000408657 ns, Reaching safepoint: 64123 ns, At safepoint: 8332 ns, Total: 72455 ns
[2024-01-17T23:46:50.183+0000][7][safepoint   ] Safepoint "Cleanup", Time since last: 6000825549 ns, Reaching safepoint: 50609 ns, At safepoint: 7636 ns, Total: 58245 ns
[2024-01-17T23:46:51.183+0000][7][safepoint   ] Safepoint "Cleanup", Time since last: 1000190140 ns, Reaching safepoint: 70792 ns, At safepoint: 11111 ns, Total: 81903 ns
[2024-01-17T23:46:56.184+0000][7][safepoint   ] Safepoint "Cleanup", Time since last: 5000603873 ns, Reaching safepoint: 94648 ns, At safepoint: 4825 ns, Total: 99473 ns
[2024-01-17T23:47:05.185+0000][7][safepoint   ] Safepoint "Cleanup", Time since last: 9000865355 ns, Reaching safepoint: 82894 ns, At safepoint: 7170 ns, Total: 90064 ns
[2024-01-17T23:47:07.185+0000][7][safepoint   ] Safepoint "Cleanup", Time since last: 2000336590 ns, Reaching safepoint: 66080 ns, At safepoint: 7328 ns, Total: 73408 ns
[2024-01-17T23:47:09.186+0000][7][safepoint   ] Safepoint "Cleanup", Time since last: 2000303043 ns, Reaching safepoint: 87941 ns, At safepoint: 7455 ns, Total: 95396 ns
[2024-01-17T23:47:10.186+0000][7][safepoint   ] Safepoint "Cleanup", Time since last: 1000161044 ns, Reaching safepoint: 51712 ns, At safepoint: 5128 ns, Total: 56840 ns
[2024-01-17T23:47:11.186+0000][7][safepoint   ] Safepoint "Cleanup", Time since last: 1000155302 ns, Reaching safepoint: 91531 ns, At safepoint: 11593 ns, Total: 103124 ns
[2024-01-17T23:47:12.186+0000][7][safepoint   ] Safepoint "Cleanup", Time since last: 1000151054 ns, Reaching safepoint: 89600 ns, At safepoint: 18951 ns, Total: 108551 ns
[2024-01-17T23:47:14.187+0000][7][safepoint   ] Safepoint "Cleanup", Time since last: 2000343116 ns, Reaching safepoint: 84193 ns, At safepoint: 6629 ns, Total: 90822 ns
[2024-01-17T23:47:17.187+0000][7][safepoint   ] Safepoint "Cleanup", Time since last: 3000366155 ns, Reaching safepoint: 83474 ns, At safepoint: 11544 ns, Total: 95018 ns
[2024-01-17T23:47:23.188+0000][7][safepoint   ] Safepoint "Cleanup", Time since last: 6000566900 ns, Reaching safepoint: 135369 ns, At safepoint: 6593 ns, Total: 141962 ns
[2024-01-17T23:47:24.188+0000][7][safepoint   ] Safepoint "Cleanup", Time since last: 1000128677 ns, Reaching safepoint: 71645 ns, At safepoint: 6508 ns, Total: 78153 ns
[2024-01-17T23:47:26.189+0000][7][safepoint   ] Safepoint "Cleanup", Time since last: 2000195881 ns, Reaching safepoint: 232033 ns, At safepoint: 14448 ns, Total: 246481 ns
[2024-01-17T23:47:44.191+0000][7][safepoint   ] Safepoint "Cleanup", Time since last: 18002025766 ns, Reaching safepoint: 98974 ns, At safepoint: 6171 ns, Total: 105145 ns
[2024-01-17T23:47:50.192+0000][7][safepoint   ] Safepoint "Cleanup", Time since last: 6001067024 ns, Reaching safepoint: 84907 ns, At safepoint: 5882 ns, Total: 90789 ns
[2024-01-17T23:47:51.192+0000][7][safepoint   ] Safepoint "Cleanup", Time since last: 1000168886 ns, Reaching safepoint: 77252 ns, At safepoint: 7372 ns, Total: 84624 ns
[2024-01-17T23:47:53.193+0000][7][safepoint   ] Safepoint "Cleanup", Time since last: 2000254992 ns, Reaching safepoint: 84743 ns, At safepoint: 11407 ns, Total: 96150 ns
[2024-01-17T23:48:05.194+0000][7][safepoint   ] Safepoint "Cleanup", Time since last: 12001076962 ns, Reaching safepoint: 111531 ns, At safepoint: 6075 ns, Total: 117606 ns
[2024-01-17T23:48:06.194+0000][7][safepoint   ] Safepoint "Cleanup", Time since last: 1000148403 ns, Reaching safepoint: 79490 ns, At safepoint: 9071 ns, Total: 88561 ns
[2024-01-17T23:48:07.194+0000][7][safepoint   ] Safepoint "Cleanup", Time since last: 1000152305 ns, Reaching safepoint: 86570 ns, At safepoint: 5823 ns, Total: 92393 ns
[2024-01-17T23:48:08.194+0000][7][safepoint   ] Safepoint "Cleanup", Time since last: 1000120776 ns, Reaching safepoint: 52943 ns, At safepoint: 5148 ns, Total: 58091 ns
[2024-01-17T23:48:14.195+0000][7][safepoint   ] Safepoint "Cleanup", Time since last: 6000651666 ns, Reaching safepoint: 61068 ns, At safepoint: 5580 ns, Total: 66648 ns
[2024-01-17T23:48:23.196+0000][7][safepoint   ] Safepoint "Cleanup", Time since last: 9000853172 ns, Reaching safepoint: 69365 ns, At safepoint: 4552 ns, Total: 73917 ns
[2024-01-17T23:48:26.196+0000][7][safepoint   ] Safepoint "Cleanup", Time since last: 3000257510 ns, Reaching safepoint: 62591 ns, At safepoint: 15506 ns, Total: 78097 ns
[2024-01-17T23:48:32.197+0000][7][safepoint   ] Safepoint "Cleanup", Time since last: 6000562297 ns, Reaching safepoint: 146467 ns, At safepoint: 20419 ns, Total: 166886 ns
[2024-01-17T23:48:44.165+0000][7][gc,start    ] GC(35) Pause Young (Normal) (G1 Evacuation Pause)
[2024-01-17T23:48:44.165+0000][7][gc,task     ] GC(35) Using 8 workers of 8 for evacuation
[2024-01-17T23:48:44.165+0000][7][gc,age      ] GC(35) Desired survivor size 41943040 bytes, new threshold 15 (max threshold 15)
[2024-01-17T23:48:44.177+0000][7][gc,phases   ] GC(35)   Pre Evacuate Collection Set: 0.1ms
[2024-01-17T23:48:44.177+0000][7][gc,phases   ] GC(35)   Merge Heap Roots: 0.1ms
[2024-01-17T23:48:44.177+0000][7][gc,phases   ] GC(35)   Evacuate Collection Set: 9.6ms
[2024-01-17T23:48:44.177+0000][7][gc,phases   ] GC(35)   Post Evacuate Collection Set: 1.5ms
[2024-01-17T23:48:44.177+0000][7][gc,phases   ] GC(35)   Other: 0.1ms
[2024-01-17T23:48:44.177+0000][7][gc,age      ] GC(35) Age table with threshold 15 (max threshold 15)
[2024-01-17T23:48:44.177+0000][7][gc,age      ] GC(35) - age   1:    1197536 bytes,    1197536 total
[2024-01-17T23:48:44.177+0000][7][gc,age      ] GC(35) - age   2:     113608 bytes,    1311144 total
[2024-01-17T23:48:44.177+0000][7][gc,age      ] GC(35) - age   3:      14064 bytes,    1325208 total
[2024-01-17T23:48:44.177+0000][7][gc,age      ] GC(35) - age   4:     229408 bytes,    1554616 total
[2024-01-17T23:48:44.177+0000][7][gc,age      ] GC(35) - age   5:     265912 bytes,    1820528 total
[2024-01-17T23:48:44.177+0000][7][gc,age      ] GC(35) - age   6:      39288 bytes,    1859816 total
[2024-01-17T23:48:44.177+0000][7][gc,age      ] GC(35) - age   7:      66760 bytes,    1926576 total
[2024-01-17T23:48:44.177+0000][7][gc,age      ] GC(35) - age   8:     189080 bytes,    2115656 total
[2024-01-17T23:48:44.177+0000][7][gc,age      ] GC(35) - age   9:      53664 bytes,    2169320 total
[2024-01-17T23:48:44.177+0000][7][gc,age      ] GC(35) - age  10:    1369408 bytes,    3538728 total
[2024-01-17T23:48:44.177+0000][7][gc,age      ] GC(35) - age  11:    3052120 bytes,    6590848 total
[2024-01-17T23:48:44.177+0000][7][gc,age      ] GC(35) - age  12:   10706488 bytes,   17297336 total
[2024-01-17T23:48:44.177+0000][7][gc,age      ] GC(35) - age  13:    3137256 bytes,   20434592 total
[2024-01-17T23:48:44.177+0000][7][gc,age      ] GC(35) - age  14:    1897296 bytes,   22331888 total
[2024-01-17T23:48:44.177+0000][7][gc,age      ] GC(35) - age  15:    1799800 bytes,   24131688 total
[2024-01-17T23:48:44.177+0000][7][gc,heap     ] GC(35) Eden regions: 146->0(146)
[2024-01-17T23:48:44.177+0000][7][gc,heap     ] GC(35) Survivor regions: 7->7(20)
[2024-01-17T23:48:44.177+0000][7][gc,heap     ] GC(35) Old regions: 25->25
[2024-01-17T23:48:44.177+0000][7][gc,heap     ] GC(35) Archive regions: 2->2
[2024-01-17T23:48:44.177+0000][7][gc,heap     ] GC(35) Humongous regions: 0->0
[2024-01-17T23:48:44.177+0000][7][gc,metaspace] GC(35) Metaspace: 127896K(131520K)->127896K(131520K) NonClass: 111007K(112896K)->111007K(112896K) Class: 16889K(18624K)->16889K(18624K)
[2024-01-17T23:48:44.177+0000][7][gc          ] GC(35) Pause Young (Normal) (G1 Evacuation Pause) 712M->128M(1024M) 11.677ms
[2024-01-17T23:48:44.177+0000][7][gc,cpu      ] GC(35) User=0.06s Sys=0.00s Real=0.01s
[2024-01-17T23:48:44.177+0000][7][safepoint   ] Safepoint "G1CollectForAllocation", Time since last: 11968024879 ns, Reaching safepoint: 69842 ns, At safepoint: 11776735 ns, Total: 11846577 ns
[2024-01-17T23:48:47.193+0000][7][safepoint   ] Safepoint "Cleanup", Time since last: 3016051468 ns, Reaching safepoint: 91431 ns, At safepoint: 18796 ns, Total: 110227 ns
[2024-01-17T23:48:53.194+0000][7][safepoint   ] Safepoint "Cleanup", Time since last: 6000658286 ns, Reaching safepoint: 100292 ns, At safepoint: 7342 ns, Total: 107634 ns
[2024-01-17T23:48:56.194+0000][7][safepoint   ] Safepoint "Cleanup", Time since last: 3000270877 ns, Reaching safepoint: 78869 ns, At safepoint: 4640 ns, Total: 83509 ns
[2024-01-17T23:49:06.195+0000][7][safepoint   ] Safepoint "Cleanup", Time since last: 10000949309 ns, Reaching safepoint: 107274 ns, At safepoint: 10060 ns, Total: 117334 ns
[2024-01-17T23:49:11.196+0000][7][safepoint   ] Safepoint "Cleanup", Time since last: 5000722058 ns, Reaching safepoint: 52701 ns, At safepoint: 4320 ns, Total: 57021 ns
[2024-01-17T23:49:14.197+0000][7][safepoint   ] Safepoint "Cleanup", Time since last: 3000281668 ns, Reaching safepoint: 90410 ns, At safepoint: 10426 ns, Total: 100836 ns
[2024-01-17T23:49:19.197+0000][7][safepoint   ] Safepoint "Cleanup", Time since last: 5000469338 ns, Reaching safepoint: 75321 ns, At safepoint: 13419 ns, Total: 88740 ns
[2024-01-17T23:49:26.198+0000][7][safepoint   ] Safepoint "Cleanup", Time since last: 7000745705 ns, Reaching safepoint: 106022 ns, At safepoint: 6996 ns, Total: 113018 ns
[2024-01-17T23:49:29.198+0000][7][safepoint   ] Safepoint "Cleanup", Time since last: 3000306988 ns, Reaching safepoint: 114882 ns, At safepoint: 25117 ns, Total: 139999 ns
[2024-01-17T23:49:57.201+0000][7][safepoint   ] Safepoint "Cleanup", Time since last: 28002656720 ns, Reaching safepoint: 52063 ns, At safepoint: 7149 ns, Total: 59212 ns
[2024-01-17T23:50:07.202+0000][7][safepoint   ] Safepoint "Cleanup", Time since last: 10001067762 ns, Reaching safepoint: 64379 ns, At safepoint: 6258 ns, Total: 70637 ns
[2024-01-17T23:50:08.202+0000][7][safepoint   ] Safepoint "Cleanup", Time since last: 1000128349 ns, Reaching safepoint: 62958 ns, At safepoint: 6575 ns, Total: 69533 ns
[2024-01-17T23:50:21.204+0000][7][safepoint   ] Safepoint "Cleanup", Time since last: 13001670102 ns, Reaching safepoint: 54993 ns, At safepoint: 5089 ns, Total: 60082 ns
[2024-01-17T23:50:26.205+0000][7][safepoint   ] Safepoint "Cleanup", Time since last: 5000566606 ns, Reaching safepoint: 117929 ns, At safepoint: 7013 ns, Total: 124942 ns
[2024-01-17T23:51:08.209+0000][7][safepoint   ] Safepoint "Cleanup", Time since last: 42003832426 ns, Reaching safepoint: 86776 ns, At safepoint: 23964 ns, Total: 110740 ns
[2024-01-17T23:51:17.210+0000][7][safepoint   ] Safepoint "Cleanup", Time since last: 9000909748 ns, Reaching safepoint: 173238 ns, At safepoint: 10233 ns, Total: 183471 ns
[2024-01-17T23:51:23.211+0000][7][safepoint   ] Safepoint "Cleanup", Time since last: 6000745962 ns, Reaching safepoint: 96039 ns, At safepoint: 9776 ns, Total: 105815 ns
[2024-01-17T23:51:26.211+0000][7][safepoint   ] Safepoint "Cleanup", Time since last: 3000315805 ns, Reaching safepoint: 125911 ns, At safepoint: 11065 ns, Total: 136976 ns
[2024-01-17T23:51:32.212+0000][7][safepoint   ] Safepoint "Cleanup", Time since last: 6000631612 ns, Reaching safepoint: 515428 ns, At safepoint: 9829 ns, Total: 525257 ns
[2024-01-17T23:51:46.214+0000][7][safepoint   ] Safepoint "Cleanup", Time since last: 14001385112 ns, Reaching safepoint: 86224 ns, At safepoint: 11407 ns, Total: 97631 ns
[2024-01-17T23:51:57.260+0000][7][gc,start    ] GC(36) Pause Young (Normal) (G1 Evacuation Pause)
[2024-01-17T23:51:57.260+0000][7][gc,task     ] GC(36) Using 8 workers of 8 for evacuation
[2024-01-17T23:51:57.260+0000][7][gc,age      ] GC(36) Desired survivor size 41943040 bytes, new threshold 15 (max threshold 15)
[2024-01-17T23:51:57.270+0000][7][gc,phases   ] GC(36)   Pre Evacuate Collection Set: 0.1ms
[2024-01-17T23:51:57.270+0000][7][gc,phases   ] GC(36)   Merge Heap Roots: 0.1ms
[2024-01-17T23:51:57.270+0000][7][gc,phases   ] GC(36)   Evacuate Collection Set: 8.0ms
[2024-01-17T23:51:57.270+0000][7][gc,phases   ] GC(36)   Post Evacuate Collection Set: 1.6ms
[2024-01-17T23:51:57.270+0000][7][gc,phases   ] GC(36)   Other: 0.1ms
[2024-01-17T23:51:57.270+0000][7][gc,age      ] GC(36) Age table with threshold 15 (max threshold 15)
[2024-01-17T23:51:57.270+0000][7][gc,age      ] GC(36) - age   1:    1731312 bytes,    1731312 total
[2024-01-17T23:51:57.270+0000][7][gc,age      ] GC(36) - age   2:      11040 bytes,    1742352 total
[2024-01-17T23:51:57.270+0000][7][gc,age      ] GC(36) - age   3:     111552 bytes,    1853904 total
[2024-01-17T23:51:57.270+0000][7][gc,age      ] GC(36) - age   4:      13808 bytes,    1867712 total
[2024-01-17T23:51:57.270+0000][7][gc,age      ] GC(36) - age   5:     229280 bytes,    2096992 total
[2024-01-17T23:51:57.270+0000][7][gc,age      ] GC(36) - age   6:     265912 bytes,    2362904 total
[2024-01-17T23:51:57.270+0000][7][gc,age      ] GC(36) - age   7:      39288 bytes,    2402192 total
[2024-01-17T23:51:57.270+0000][7][gc,age      ] GC(36) - age   8:      66760 bytes,    2468952 total
[2024-01-17T23:51:57.270+0000][7][gc,age      ] GC(36) - age   9:     189080 bytes,    2658032 total
[2024-01-17T23:51:57.270+0000][7][gc,age      ] GC(36) - age  10:      53664 bytes,    2711696 total
[2024-01-17T23:51:57.270+0000][7][gc,age      ] GC(36) - age  11:    1369408 bytes,    4081104 total
[2024-01-17T23:51:57.270+0000][7][gc,age      ] GC(36) - age  12:    3052120 bytes,    7133224 total
[2024-01-17T23:51:57.270+0000][7][gc,age      ] GC(36) - age  13:   10706488 bytes,   17839712 total
[2024-01-17T23:51:57.270+0000][7][gc,age      ] GC(36) - age  14:    3137256 bytes,   20976968 total
[2024-01-17T23:51:57.270+0000][7][gc,age      ] GC(36) - age  15:    1897296 bytes,   22874264 total
[2024-01-17T23:51:57.270+0000][7][gc,heap     ] GC(36) Eden regions: 146->0(147)
[2024-01-17T23:51:57.270+0000][7][gc,heap     ] GC(36) Survivor regions: 7->6(20)
[2024-01-17T23:51:57.270+0000][7][gc,heap     ] GC(36) Old regions: 25->26
[2024-01-17T23:51:57.270+0000][7][gc,heap     ] GC(36) Archive regions: 2->2
[2024-01-17T23:51:57.270+0000][7][gc,heap     ] GC(36) Humongous regions: 0->0
[2024-01-17T23:51:57.270+0000][7][gc,metaspace] GC(36) Metaspace: 127922K(131520K)->127922K(131520K) NonClass: 111033K(112896K)->111033K(112896K) Class: 16889K(18624K)->16889K(18624K)
[2024-01-17T23:51:57.270+0000][7][gc          ] GC(36) Pause Young (Normal) (G1 Evacuation Pause) 712M->128M(1024M) 10.222ms
[2024-01-17T23:51:57.270+0000][7][gc,cpu      ] GC(36) User=0.06s Sys=0.00s Real=0.02s
[2024-01-17T23:51:57.270+0000][7][safepoint   ] Safepoint "G1CollectForAllocation", Time since last: 11045715872 ns, Reaching safepoint: 58168 ns, At safepoint: 10364199 ns, Total: 10422367 ns
[2024-01-17T23:52:03.271+0000][7][safepoint   ] Safepoint "Cleanup", Time since last: 6000512876 ns, Reaching safepoint: 112865 ns, At safepoint: 5463 ns, Total: 118328 ns
[2024-01-17T23:52:08.271+0000][7][safepoint   ] Safepoint "Cleanup", Time since last: 5000457807 ns, Reaching safepoint: 95626 ns, At safepoint: 5032 ns, Total: 100658 ns
[2024-01-17T23:52:26.273+0000][7][safepoint   ] Safepoint "Cleanup", Time since last: 18001759809 ns, Reaching safepoint: 139837 ns, At safepoint: 12659 ns, Total: 152496 ns
[2024-01-17T23:53:07.278+0000][7][safepoint   ] Safepoint "Cleanup", Time since last: 41004422764 ns, Reaching safepoint: 116576 ns, At safepoint: 11824 ns, Total: 128400 ns
[2024-01-17T23:53:08.278+0000][7][safepoint   ] Safepoint "Cleanup", Time since last: 1000299667 ns, Reaching safepoint: 230571 ns, At safepoint: 11319 ns, Total: 241890 ns
[2024-01-17T23:53:14.279+0000][7][safepoint   ] Safepoint "Cleanup", Time since last: 6000610551 ns, Reaching safepoint: 106234 ns, At safepoint: 8109 ns, Total: 114343 ns
[2024-01-17T23:53:23.280+0000][7][safepoint   ] Safepoint "Cleanup", Time since last: 9001140521 ns, Reaching safepoint: 84203 ns, At safepoint: 8518 ns, Total: 92721 ns
[2024-01-17T23:53:26.280+0000][7][safepoint   ] Safepoint "Cleanup", Time since last: 3000259742 ns, Reaching safepoint: 106245 ns, At safepoint: 6125 ns, Total: 112370 ns
[2024-01-17T23:53:29.281+0000][7][safepoint   ] Safepoint "Cleanup", Time since last: 3000396041 ns, Reaching safepoint: 45920 ns, At safepoint: 5267 ns, Total: 51187 ns
[2024-01-17T23:53:31.281+0000][7][safepoint   ] Safepoint "Cleanup", Time since last: 2000213847 ns, Reaching safepoint: 73033 ns, At safepoint: 6651 ns, Total: 79684 ns
[2024-01-17T23:53:35.282+0000][7][safepoint   ] Safepoint "Cleanup", Time since last: 4000471774 ns, Reaching safepoint: 65777 ns, At safepoint: 6865 ns, Total: 72642 ns
[2024-01-17T23:53:37.282+0000][7][safepoint   ] Safepoint "Cleanup", Time since last: 2000322342 ns, Reaching safepoint: 91727 ns, At safepoint: 15517 ns, Total: 107244 ns
[2024-01-17T23:53:44.283+0000][7][safepoint   ] Safepoint "Cleanup", Time since last: 7000979983 ns, Reaching safepoint: 197851 ns, At safepoint: 10264 ns, Total: 208115 ns
[2024-01-17T23:53:45.284+0000][7][safepoint   ] Safepoint "Cleanup", Time since last: 1000119383 ns, Reaching safepoint: 67468 ns, At safepoint: 6870 ns, Total: 74338 ns
[2024-01-17T23:53:50.284+0000][7][safepoint   ] Safepoint "Cleanup", Time since last: 5000491357 ns, Reaching safepoint: 115510 ns, At safepoint: 4705 ns, Total: 120215 ns
[2024-01-17T23:53:51.284+0000][7][safepoint   ] Safepoint "Cleanup", Time since last: 1000132010 ns, Reaching safepoint: 69182 ns, At safepoint: 6850 ns, Total: 76032 ns
[2024-01-17T23:53:59.285+0000][7][safepoint   ] Safepoint "Cleanup", Time since last: 8000754476 ns, Reaching safepoint: 88795 ns, At safepoint: 7555 ns, Total: 96350 ns
[2024-01-17T23:54:01.286+0000][7][safepoint   ] Safepoint "Cleanup", Time since last: 2000240246 ns, Reaching safepoint: 84949 ns, At safepoint: 9426 ns, Total: 94375 ns
[2024-01-17T23:54:08.286+0000][7][safepoint   ] Safepoint "Cleanup", Time since last: 7000707105 ns, Reaching safepoint: 53416 ns, At safepoint: 6878 ns, Total: 60294 ns
[2024-01-17T23:54:14.287+0000][7][safepoint   ] Safepoint "Cleanup", Time since last: 6000703728 ns, Reaching safepoint: 57027 ns, At safepoint: 4034 ns, Total: 61061 ns
[2024-01-17T23:54:26.289+0000][7][safepoint   ] Safepoint "Cleanup", Time since last: 12001371202 ns, Reaching safepoint: 80688 ns, At safepoint: 4919 ns, Total: 85607 ns
[2024-01-17T23:54:52.291+0000][7][safepoint   ] Safepoint "Cleanup", Time since last: 26002534478 ns, Reaching safepoint: 124198 ns, At safepoint: 7011 ns, Total: 131209 ns
[2024-01-17T23:54:56.292+0000][7][safepoint   ] Safepoint "Cleanup", Time since last: 4000451893 ns, Reaching safepoint: 351670 ns, At safepoint: 7931 ns, Total: 359601 ns
[2024-01-17T23:55:08.293+0000][7][safepoint   ] Safepoint "Cleanup", Time since last: 12001046847 ns, Reaching safepoint: 52995 ns, At safepoint: 12757 ns, Total: 65752 ns
[2024-01-17T23:55:26.295+0000][7][safepoint   ] Safepoint "Cleanup", Time since last: 18001712385 ns, Reaching safepoint: 85918 ns, At safepoint: 5748 ns, Total: 91666 ns
[2024-01-17T23:55:26.628+0000][7][gc,start    ] GC(37) Pause Young (Normal) (G1 Evacuation Pause)
[2024-01-17T23:55:26.628+0000][7][gc,task     ] GC(37) Using 8 workers of 8 for evacuation
[2024-01-17T23:55:26.628+0000][7][gc,age      ] GC(37) Desired survivor size 41943040 bytes, new threshold 15 (max threshold 15)
[2024-01-17T23:55:26.638+0000][7][gc,phases   ] GC(37)   Pre Evacuate Collection Set: 0.1ms
[2024-01-17T23:55:26.638+0000][7][gc,phases   ] GC(37)   Merge Heap Roots: 0.1ms
[2024-01-17T23:55:26.638+0000][7][gc,phases   ] GC(37)   Evacuate Collection Set: 8.2ms
[2024-01-17T23:55:26.638+0000][7][gc,phases   ] GC(37)   Post Evacuate Collection Set: 1.4ms
[2024-01-17T23:55:26.638+0000][7][gc,phases   ] GC(37)   Other: 0.1ms
[2024-01-17T23:55:26.638+0000][7][gc,age      ] GC(37) Age table with threshold 15 (max threshold 15)
[2024-01-17T23:55:26.638+0000][7][gc,age      ] GC(37) - age   1:    1111888 bytes,    1111888 total
[2024-01-17T23:55:26.638+0000][7][gc,age      ] GC(37) - age   2:       8504 bytes,    1120392 total
[2024-01-17T23:55:26.638+0000][7][gc,age      ] GC(37) - age   3:       9632 bytes,    1130024 total
[2024-01-17T23:55:26.638+0000][7][gc,age      ] GC(37) - age   4:     107400 bytes,    1237424 total
[2024-01-17T23:55:26.638+0000][7][gc,age      ] GC(37) - age   5:      13808 bytes,    1251232 total
[2024-01-17T23:55:26.638+0000][7][gc,age      ] GC(37) - age   6:     107576 bytes,    1358808 total
[2024-01-17T23:55:26.638+0000][7][gc,age      ] GC(37) - age   7:     265912 bytes,    1624720 total
[2024-01-17T23:55:26.638+0000][7][gc,age      ] GC(37) - age   8:      39288 bytes,    1664008 total
[2024-01-17T23:55:26.638+0000][7][gc,age      ] GC(37) - age   9:      66760 bytes,    1730768 total
[2024-01-17T23:55:26.638+0000][7][gc,age      ] GC(37) - age  10:     189080 bytes,    1919848 total
[2024-01-17T23:55:26.638+0000][7][gc,age      ] GC(37) - age  11:      53664 bytes,    1973512 total
[2024-01-17T23:55:26.638+0000][7][gc,age      ] GC(37) - age  12:    1369408 bytes,    3342920 total
[2024-01-17T23:55:26.638+0000][7][gc,age      ] GC(37) - age  13:    3051104 bytes,    6394024 total
[2024-01-17T23:55:26.638+0000][7][gc,age      ] GC(37) - age  14:   10682320 bytes,   17076344 total
[2024-01-17T23:55:26.638+0000][7][gc,age      ] GC(37) - age  15:    3137256 bytes,   20213600 total
[2024-01-17T23:55:26.638+0000][7][gc,heap     ] GC(37) Eden regions: 147->0(147)
[2024-01-17T23:55:26.638+0000][7][gc,heap     ] GC(37) Survivor regions: 6->6(20)
[2024-01-17T23:55:26.638+0000][7][gc,heap     ] GC(37) Old regions: 26->26
[2024-01-17T23:55:26.638+0000][7][gc,heap     ] GC(37) Archive regions: 2->2
[2024-01-17T23:55:26.638+0000][7][gc,heap     ] GC(37) Humongous regions: 0->0
[2024-01-17T23:55:26.638+0000][7][gc,metaspace] GC(37) Metaspace: 127954K(131584K)->127954K(131584K) NonClass: 111065K(112960K)->111065K(112960K) Class: 16889K(18624K)->16889K(18624K)
[2024-01-17T23:55:26.638+0000][7][gc          ] GC(37) Pause Young (Normal) (G1 Evacuation Pause) 716M->129M(1024M) 10.362ms
[2024-01-17T23:55:26.638+0000][7][gc,cpu      ] GC(37) User=0.05s Sys=0.01s Real=0.01s
[2024-01-17T23:55:26.638+0000][7][safepoint   ] Safepoint "G1CollectForAllocation", Time since last: 332675606 ns, Reaching safepoint: 48308 ns, At safepoint: 10658165 ns, Total: 10706473 ns
[2024-01-17T23:55:33.639+0000][7][safepoint   ] Safepoint "Cleanup", Time since last: 7000695008 ns, Reaching safepoint: 52795 ns, At safepoint: 5784 ns, Total: 58579 ns
[2024-01-17T23:55:56.642+0000][7][safepoint   ] Safepoint "Cleanup", Time since last: 23002362551 ns, Reaching safepoint: 72259 ns, At safepoint: 5191 ns, Total: 77450 ns
[2024-01-17T23:56:14.643+0000][7][safepoint   ] Safepoint "Cleanup", Time since last: 18001644272 ns, Reaching safepoint: 99004 ns, At safepoint: 7732 ns, Total: 106736 ns
[2024-01-17T23:56:20.644+0000][7][safepoint   ] Safepoint "Cleanup", Time since last: 6000576668 ns, Reaching safepoint: 101681 ns, At safepoint: 11313 ns, Total: 112994 ns
[2024-01-17T23:56:26.645+0000][7][safepoint   ] Safepoint "Cleanup", Time since last: 6000562400 ns, Reaching safepoint: 108795 ns, At safepoint: 7014 ns, Total: 115809 ns
[2024-01-17T23:56:37.646+0000][7][safepoint   ] Safepoint "Cleanup", Time since last: 11000995273 ns, Reaching safepoint: 108667 ns, At safepoint: 20619 ns, Total: 129286 ns
[2024-01-17T23:56:44.646+0000][7][safepoint   ] Safepoint "Cleanup", Time since last: 7000643552 ns, Reaching safepoint: 59123 ns, At safepoint: 5171 ns, Total: 64294 ns
[2024-01-17T23:57:02.649+0000][7][safepoint   ] Safepoint "Cleanup", Time since last: 18002053730 ns, Reaching safepoint: 93807 ns, At safepoint: 7952 ns, Total: 101759 ns
[2024-01-17T23:57:08.649+0000][7][safepoint   ] Safepoint "Cleanup", Time since last: 6000510014 ns, Reaching safepoint: 90572 ns, At safepoint: 6735 ns, Total: 97307 ns
[2024-01-17T23:57:09.650+0000][7][safepoint   ] Safepoint "Cleanup", Time since last: 1000166298 ns, Reaching safepoint: 91725 ns, At safepoint: 7117 ns, Total: 98842 ns
[2024-01-17T23:57:14.650+0000][7][safepoint   ] Safepoint "Cleanup", Time since last: 5000597667 ns, Reaching safepoint: 78694 ns, At safepoint: 10034 ns, Total: 88728 ns
[2024-01-17T23:57:38.653+0000][7][safepoint   ] Safepoint "Cleanup", Time since last: 24002321492 ns, Reaching safepoint: 54968 ns, At safepoint: 9472 ns, Total: 64440 ns
[2024-01-17T23:57:48.654+0000][7][safepoint   ] Safepoint "Cleanup", Time since last: 10001016417 ns, Reaching safepoint: 81272 ns, At safepoint: 7143 ns, Total: 88415 ns
[2024-01-17T23:57:56.655+0000][7][safepoint   ] Safepoint "Cleanup", Time since last: 8001028878 ns, Reaching safepoint: 291659 ns, At safepoint: 11303 ns, Total: 302962 ns
[2024-01-17T23:57:59.655+0000][7][safepoint   ] Safepoint "Cleanup", Time since last: 3000312422 ns, Reaching safepoint: 100125 ns, At safepoint: 6435 ns, Total: 106560 ns
[2024-01-17T23:58:03.656+0000][7][safepoint   ] Safepoint "Cleanup", Time since last: 4000348831 ns, Reaching safepoint: 95591 ns, At safepoint: 6042 ns, Total: 101633 ns
[2024-01-17T23:58:14.657+0000][7][safepoint   ] Safepoint "Cleanup", Time since last: 11000928774 ns, Reaching safepoint: 304191 ns, At safepoint: 8640 ns, Total: 312831 ns
[2024-01-17T23:58:26.658+0000][7][safepoint   ] Safepoint "Cleanup", Time since last: 12001139086 ns, Reaching safepoint: 53524 ns, At safepoint: 4789 ns, Total: 58313 ns
[2024-01-17T23:58:50.266+0000][7][gc,start    ] GC(38) Pause Young (Normal) (G1 Evacuation Pause)
[2024-01-17T23:58:50.266+0000][7][gc,task     ] GC(38) Using 8 workers of 8 for evacuation
[2024-01-17T23:58:50.266+0000][7][gc,age      ] GC(38) Desired survivor size 41943040 bytes, new threshold 15 (max threshold 15)
[2024-01-17T23:58:50.277+0000][7][gc,phases   ] GC(38)   Pre Evacuate Collection Set: 0.1ms
[2024-01-17T23:58:50.277+0000][7][gc,phases   ] GC(38)   Merge Heap Roots: 0.2ms
[2024-01-17T23:58:50.277+0000][7][gc,phases   ] GC(38)   Evacuate Collection Set: 10.1ms
[2024-01-17T23:58:50.277+0000][7][gc,phases   ] GC(38)   Post Evacuate Collection Set: 1.0ms
[2024-01-17T23:58:50.277+0000][7][gc,phases   ] GC(38)   Other: 0.1ms
[2024-01-17T23:58:50.278+0000][7][gc,age      ] GC(38) Age table with threshold 15 (max threshold 15)
[2024-01-17T23:58:50.278+0000][7][gc,age      ] GC(38) - age   1:    1362224 bytes,    1362224 total
[2024-01-17T23:58:50.278+0000][7][gc,age      ] GC(38) - age   2:      12536 bytes,    1374760 total
[2024-01-17T23:58:50.278+0000][7][gc,age      ] GC(38) - age   3:       6160 bytes,    1380920 total
[2024-01-17T23:58:50.278+0000][7][gc,age      ] GC(38) - age   4:       9568 bytes,    1390488 total
[2024-01-17T23:58:50.278+0000][7][gc,age      ] GC(38) - age   5:     107008 bytes,    1497496 total
[2024-01-17T23:58:50.278+0000][7][gc,age      ] GC(38) - age   6:      13808 bytes,    1511304 total
[2024-01-17T23:58:50.278+0000][7][gc,age      ] GC(38) - age   7:     107576 bytes,    1618880 total
[2024-01-17T23:58:50.278+0000][7][gc,age      ] GC(38) - age   8:     265912 bytes,    1884792 total
[2024-01-17T23:58:50.278+0000][7][gc,age      ] GC(38) - age   9:      39288 bytes,    1924080 total
[2024-01-17T23:58:50.278+0000][7][gc,age      ] GC(38) - age  10:      66760 bytes,    1990840 total
[2024-01-17T23:58:50.278+0000][7][gc,age      ] GC(38) - age  11:     189080 bytes,    2179920 total
[2024-01-17T23:58:50.278+0000][7][gc,age      ] GC(38) - age  12:      53480 bytes,    2233400 total
[2024-01-17T23:58:50.278+0000][7][gc,age      ] GC(38) - age  13:    1369408 bytes,    3602808 total
[2024-01-17T23:58:50.278+0000][7][gc,age      ] GC(38) - age  14:    3051104 bytes,    6653912 total
[2024-01-17T23:58:50.278+0000][7][gc,age      ] GC(38) - age  15:   10682320 bytes,   17336232 total
[2024-01-17T23:58:50.278+0000][7][gc,heap     ] GC(38) Eden regions: 147->0(148)
[2024-01-17T23:58:50.278+0000][7][gc,heap     ] GC(38) Survivor regions: 6->5(20)
[2024-01-17T23:58:50.278+0000][7][gc,heap     ] GC(38) Old regions: 26->27
[2024-01-17T23:58:50.278+0000][7][gc,heap     ] GC(38) Archive regions: 2->2
[2024-01-17T23:58:50.278+0000][7][gc,heap     ] GC(38) Humongous regions: 0->0
[2024-01-17T23:58:50.278+0000][7][gc,metaspace] GC(38) Metaspace: 127990K(131648K)->127990K(131648K) NonClass: 111101K(113024K)->111101K(113024K) Class: 16889K(18624K)->16889K(18624K)
[2024-01-17T23:58:50.278+0000][7][gc          ] GC(38) Pause Young (Normal) (G1 Evacuation Pause) 717M->127M(1024M) 12.049ms
[2024-01-17T23:58:50.278+0000][7][gc,cpu      ] GC(38) User=0.06s Sys=0.00s Real=0.01s
[2024-01-17T23:58:50.278+0000][7][safepoint   ] Safepoint "G1CollectForAllocation", Time since last: 23607353918 ns, Reaching safepoint: 102347 ns, At safepoint: 12154496 ns, Total: 12256843 ns
[2024-01-17T23:59:14.280+0000][7][safepoint   ] Safepoint "Cleanup", Time since last: 24002003506 ns, Reaching safepoint: 71631 ns, At safepoint: 11523 ns, Total: 83154 ns
[2024-01-17T23:59:26.281+0000][7][safepoint   ] Safepoint "Cleanup", Time since last: 12001051867 ns, Reaching safepoint: 73246 ns, At safepoint: 18291 ns, Total: 91537 ns
[2024-01-17T23:59:56.285+0000][7][safepoint   ] Safepoint "Cleanup", Time since last: 30003304621 ns, Reaching safepoint: 75314 ns, At safepoint: 5543 ns, Total: 80857 ns
[2024-01-18T00:00:02.288+0000][7][safepoint   ] Safepoint "Cleanup", Time since last: 6001721872 ns, Reaching safepoint: 1195646 ns, At safepoint: 26480 ns, Total: 1222126 ns
[2024-01-18T00:00:03.288+0000][7][safepoint   ] Safepoint "Cleanup", Time since last: 1000169933 ns, Reaching safepoint: 62941 ns, At safepoint: 3040 ns, Total: 65981 ns
[2024-01-18T00:00:07.288+0000][7][safepoint   ] Safepoint "Cleanup", Time since last: 4000337623 ns, Reaching safepoint: 95270 ns, At safepoint: 8794 ns, Total: 104064 ns
[2024-01-18T00:00:08.288+0000][7][safepoint   ] Safepoint "Cleanup", Time since last: 1000113195 ns, Reaching safepoint: 50435 ns, At safepoint: 5051 ns, Total: 55486 ns
[2024-01-18T00:00:14.289+0000][7][safepoint   ] Safepoint "Cleanup", Time since last: 6000560768 ns, Reaching safepoint: 99886 ns, At safepoint: 8062 ns, Total: 107948 ns
[2024-01-18T00:00:21.290+0000][7][safepoint   ] Safepoint "Cleanup", Time since last: 7000696946 ns, Reaching safepoint: 51712 ns, At safepoint: 5035 ns, Total: 56747 ns
[2024-01-18T00:00:22.290+0000][7][safepoint   ] Safepoint "Cleanup", Time since last: 1000146122 ns, Reaching safepoint: 93277 ns, At safepoint: 19665 ns, Total: 112942 ns
[2024-01-18T00:00:26.291+0000][7][safepoint   ] Safepoint "Cleanup", Time since last: 4000525336 ns, Reaching safepoint: 103011 ns, At safepoint: 4211 ns, Total: 107222 ns
[2024-01-18T00:00:45.293+0000][7][safepoint   ] Safepoint "Cleanup", Time since last: 19002013297 ns, Reaching safepoint: 60525 ns, At safepoint: 6521 ns, Total: 67046 ns
[2024-01-18T00:00:47.293+0000][7][safepoint   ] Safepoint "Cleanup", Time since last: 2000351487 ns, Reaching safepoint: 126327 ns, At safepoint: 16154 ns, Total: 142481 ns
[2024-01-18T00:00:50.294+0000][7][safepoint   ] Safepoint "Cleanup", Time since last: 3000605137 ns, Reaching safepoint: 67928 ns, At safepoint: 8509 ns, Total: 76437 ns
[2024-01-18T00:01:02.295+0000][7][safepoint   ] Safepoint "Cleanup", Time since last: 12001197035 ns, Reaching safepoint: 75438 ns, At safepoint: 5989 ns, Total: 81427 ns
[2024-01-18T00:01:20.297+0000][7][safepoint   ] Safepoint "Cleanup", Time since last: 18001632929 ns, Reaching safepoint: 71118 ns, At safepoint: 6414 ns, Total: 77532 ns
[2024-01-18T00:01:26.298+0000][7][safepoint   ] Safepoint "Cleanup", Time since last: 6000550940 ns, Reaching safepoint: 70481 ns, At safepoint: 3645 ns, Total: 74126 ns
[2024-01-18T00:01:27.494+0000][7][safepoint   ] Safepoint "Cleanup", Time since last: 1195997832 ns, Reaching safepoint: 85897 ns, At safepoint: 6953 ns, Total: 92850 ns
[2024-01-18T00:01:38.495+0000][7][safepoint   ] Safepoint "Cleanup", Time since last: 11001025103 ns, Reaching safepoint: 58299 ns, At safepoint: 3354 ns, Total: 61653 ns
[2024-01-18T00:01:53.497+0000][7][safepoint   ] Safepoint "Cleanup", Time since last: 15001678697 ns, Reaching safepoint: 152171 ns, At safepoint: 9854 ns, Total: 162025 ns
[2024-01-18T00:01:56.497+0000][7][safepoint   ] Safepoint "Cleanup", Time since last: 3000423098 ns, Reaching safepoint: 103424 ns, At safepoint: 6457 ns, Total: 109881 ns
[2024-01-18T00:02:07.498+0000][7][safepoint   ] Safepoint "Cleanup", Time since last: 11000937579 ns, Reaching safepoint: 115505 ns, At safepoint: 66195 ns, Total: 181700 ns
[2024-01-18T00:02:08.182+0000][7][gc,start    ] GC(39) Pause Young (Normal) (G1 Evacuation Pause)
[2024-01-18T00:02:08.182+0000][7][gc,task     ] GC(39) Using 8 workers of 8 for evacuation
[2024-01-18T00:02:08.182+0000][7][gc,age      ] GC(39) Desired survivor size 41943040 bytes, new threshold 15 (max threshold 15)
[2024-01-18T00:02:08.192+0000][7][gc,phases   ] GC(39)   Pre Evacuate Collection Set: 0.3ms
[2024-01-18T00:02:08.192+0000][7][gc,phases   ] GC(39)   Merge Heap Roots: 0.2ms
[2024-01-18T00:02:08.192+0000][7][gc,phases   ] GC(39)   Evacuate Collection Set: 8.0ms
[2024-01-18T00:02:08.192+0000][7][gc,phases   ] GC(39)   Post Evacuate Collection Set: 1.0ms
[2024-01-18T00:02:08.192+0000][7][gc,phases   ] GC(39)   Other: 0.2ms
[2024-01-18T00:02:08.192+0000][7][gc,age      ] GC(39) Age table with threshold 15 (max threshold 15)
[2024-01-18T00:02:08.192+0000][7][gc,age      ] GC(39) - age   1:    1506472 bytes,    1506472 total
[2024-01-18T00:02:08.192+0000][7][gc,age      ] GC(39) - age   2:       5352 bytes,    1511824 total
[2024-01-18T00:02:08.192+0000][7][gc,age      ] GC(39) - age   3:      10672 bytes,    1522496 total
[2024-01-18T00:02:08.192+0000][7][gc,age      ] GC(39) - age   4:       5912 bytes,    1528408 total
[2024-01-18T00:02:08.192+0000][7][gc,age      ] GC(39) - age   5:       9504 bytes,    1537912 total
[2024-01-18T00:02:08.192+0000][7][gc,age      ] GC(39) - age   6:      74288 bytes,    1612200 total
[2024-01-18T00:02:08.192+0000][7][gc,age      ] GC(39) - age   7:       5792 bytes,    1617992 total
[2024-01-18T00:02:08.192+0000][7][gc,age      ] GC(39) - age   8:      99000 bytes,    1716992 total
[2024-01-18T00:02:08.192+0000][7][gc,age      ] GC(39) - age   9:      28104 bytes,    1745096 total
[2024-01-18T00:02:08.192+0000][7][gc,age      ] GC(39) - age  10:      39104 bytes,    1784200 total
[2024-01-18T00:02:08.192+0000][7][gc,age      ] GC(39) - age  11:      65568 bytes,    1849768 total
[2024-01-18T00:02:08.192+0000][7][gc,age      ] GC(39) - age  12:     189056 bytes,    2038824 total
[2024-01-18T00:02:08.192+0000][7][gc,age      ] GC(39) - age  13:      53480 bytes,    2092304 total
[2024-01-18T00:02:08.192+0000][7][gc,age      ] GC(39) - age  14:    1368488 bytes,    3460792 total
[2024-01-18T00:02:08.192+0000][7][gc,age      ] GC(39) - age  15:    3042192 bytes,    6502984 total
[2024-01-18T00:02:08.192+0000][7][gc,heap     ] GC(39) Eden regions: 148->0(151)
[2024-01-18T00:02:08.192+0000][7][gc,heap     ] GC(39) Survivor regions: 5->2(20)
[2024-01-18T00:02:08.192+0000][7][gc,heap     ] GC(39) Old regions: 27->30
[2024-01-18T00:02:08.192+0000][7][gc,heap     ] GC(39) Archive regions: 2->2
[2024-01-18T00:02:08.192+0000][7][gc,heap     ] GC(39) Humongous regions: 0->0
[2024-01-18T00:02:08.192+0000][7][gc,metaspace] GC(39) Metaspace: 128256K(131904K)->128256K(131904K) NonClass: 111316K(113216K)->111316K(113216K) Class: 16939K(18688K)->16939K(18688K)
[2024-01-18T00:02:08.192+0000][7][gc          ] GC(39) Pause Young (Normal) (G1 Evacuation Pause) 719M->128M(1024M) 10.018ms
[2024-01-18T00:02:08.192+0000][7][gc,cpu      ] GC(39) User=0.05s Sys=0.00s Real=0.01s
[2024-01-18T00:02:08.192+0000][7][safepoint   ] Safepoint "G1CollectForAllocation", Time since last: 684022759 ns, Reaching safepoint: 77060 ns, At safepoint: 10119167 ns, Total: 10196227 ns
[2024-01-18T00:02:51.196+0000][7][safepoint   ] Safepoint "Cleanup", Time since last: 43003752425 ns, Reaching safepoint: 91107 ns, At safepoint: 5320 ns, Total: 96427 ns
[2024-01-18T00:03:07.198+0000][7][safepoint   ] Safepoint "Cleanup", Time since last: 16001471237 ns, Reaching safepoint: 71160 ns, At safepoint: 5905 ns, Total: 77065 ns
[2024-01-18T00:03:26.200+0000][7][safepoint   ] Safepoint "Cleanup", Time since last: 19002247836 ns, Reaching safepoint: 126824 ns, At safepoint: 19207 ns, Total: 146031 ns
[2024-01-18T00:03:29.201+0000][7][safepoint   ] Safepoint "Cleanup", Time since last: 3000337693 ns, Reaching safepoint: 263024 ns, At safepoint: 18512 ns, Total: 281536 ns
[2024-01-18T00:03:32.201+0000][7][safepoint   ] Safepoint "Cleanup", Time since last: 3000344889 ns, Reaching safepoint: 64657 ns, At safepoint: 13202 ns, Total: 77859 ns
[2024-01-18T00:03:33.202+0000][7][safepoint   ] Safepoint "Cleanup", Time since last: 1000135279 ns, Reaching safepoint: 98275 ns, At safepoint: 14243 ns, Total: 112518 ns
[2024-01-18T00:03:39.202+0000][7][safepoint   ] Safepoint "Cleanup", Time since last: 6000716193 ns, Reaching safepoint: 68246 ns, At safepoint: 6579 ns, Total: 74825 ns
[2024-01-18T00:03:45.208+0000][7][safepoint   ] Safepoint "Cleanup", Time since last: 6005293000 ns, Reaching safepoint: 103181 ns, At safepoint: 5365 ns, Total: 108546 ns
[2024-01-18T00:03:47.208+0000][7][safepoint   ] Safepoint "Cleanup", Time since last: 2000301383 ns, Reaching safepoint: 51403 ns, At safepoint: 8616 ns, Total: 60019 ns
[2024-01-18T00:03:52.209+0000][7][safepoint   ] Safepoint "Cleanup", Time since last: 5000496455 ns, Reaching safepoint: 108149 ns, At safepoint: 11208 ns, Total: 119357 ns
[2024-01-18T00:03:57.209+0000][7][safepoint   ] Safepoint "Cleanup", Time since last: 5000485070 ns, Reaching safepoint: 69656 ns, At safepoint: 15760 ns, Total: 85416 ns
[2024-01-18T00:04:02.210+0000][7][safepoint   ] Safepoint "Cleanup", Time since last: 5000418880 ns, Reaching safepoint: 110491 ns, At safepoint: 21494 ns, Total: 131985 ns
[2024-01-18T00:04:03.210+0000][7][safepoint   ] Safepoint "Cleanup", Time since last: 1000239257 ns, Reaching safepoint: 70807 ns, At safepoint: 13868 ns, Total: 84675 ns
[2024-01-18T00:04:06.222+0000][7][safepoint   ] Safepoint "Cleanup", Time since last: 3011433331 ns, Reaching safepoint: 101356 ns, At safepoint: 9118 ns, Total: 110474 ns
[2024-01-18T00:04:07.222+0000][7][safepoint   ] Safepoint "Cleanup", Time since last: 1000140513 ns, Reaching safepoint: 85914 ns, At safepoint: 11874 ns, Total: 97788 ns
[2024-01-18T00:04:08.222+0000][7][safepoint   ] Safepoint "Cleanup", Time since last: 1000133103 ns, Reaching safepoint: 118092 ns, At safepoint: 7191 ns, Total: 125283 ns
[2024-01-18T00:04:14.223+0000][7][safepoint   ] Safepoint "Cleanup", Time since last: 6000502420 ns, Reaching safepoint: 75753 ns, At safepoint: 10271 ns, Total: 86024 ns
[2024-01-18T00:04:15.223+0000][7][safepoint   ] Safepoint "Cleanup", Time since last: 1000228370 ns, Reaching safepoint: 86034 ns, At safepoint: 7989 ns, Total: 94023 ns
[2024-01-18T00:04:26.225+0000][7][safepoint   ] Safepoint "Cleanup", Time since last: 11001509542 ns, Reaching safepoint: 99031 ns, At safepoint: 6479 ns, Total: 105510 ns
[2024-01-18T00:04:47.227+0000][7][safepoint   ] Safepoint "Cleanup", Time since last: 21002281083 ns, Reaching safepoint: 77273 ns, At safepoint: 5065 ns, Total: 82338 ns
[2024-01-18T00:04:50.228+0000][7][safepoint   ] Safepoint "Cleanup", Time since last: 3000372494 ns, Reaching safepoint: 73977 ns, At safepoint: 7081 ns, Total: 81058 ns
[2024-01-18T00:04:57.228+0000][7][safepoint   ] Safepoint "Cleanup", Time since last: 7000553083 ns, Reaching safepoint: 93166 ns, At safepoint: 5244 ns, Total: 98410 ns
[2024-01-18T00:05:03.229+0000][7][safepoint   ] Safepoint "Cleanup", Time since last: 6000553673 ns, Reaching safepoint: 77801 ns, At safepoint: 5219 ns, Total: 83020 ns
[2024-01-18T00:05:23.231+0000][7][safepoint   ] Safepoint "Cleanup", Time since last: 20001643958 ns, Reaching safepoint: 153530 ns, At safepoint: 6757 ns, Total: 160287 ns
[2024-01-18T00:05:26.231+0000][7][safepoint   ] Safepoint "Cleanup", Time since last: 3000426651 ns, Reaching safepoint: 330266 ns, At safepoint: 16238 ns, Total: 346504 ns
[2024-01-18T00:05:33.232+0000][7][safepoint   ] Safepoint "Cleanup", Time since last: 7000826489 ns, Reaching safepoint: 65920 ns, At safepoint: 6717 ns, Total: 72637 ns
[2024-01-18T00:05:38.233+0000][7][safepoint   ] Safepoint "Cleanup", Time since last: 5000498686 ns, Reaching safepoint: 61806 ns, At safepoint: 35823 ns, Total: 97629 ns
[2024-01-18T00:05:38.811+0000][7][gc,start    ] GC(40) Pause Young (Normal) (G1 Evacuation Pause)
[2024-01-18T00:05:38.811+0000][7][gc,task     ] GC(40) Using 8 workers of 8 for evacuation
[2024-01-18T00:05:38.811+0000][7][gc,age      ] GC(40) Desired survivor size 41943040 bytes, new threshold 15 (max threshold 15)
[2024-01-18T00:05:38.820+0000][7][gc,phases   ] GC(40)   Pre Evacuate Collection Set: 0.1ms
[2024-01-18T00:05:38.820+0000][7][gc,phases   ] GC(40)   Merge Heap Roots: 0.1ms
[2024-01-18T00:05:38.820+0000][7][gc,phases   ] GC(40)   Evacuate Collection Set: 7.8ms
[2024-01-18T00:05:38.820+0000][7][gc,phases   ] GC(40)   Post Evacuate Collection Set: 0.9ms
[2024-01-18T00:05:38.820+0000][7][gc,phases   ] GC(40)   Other: 0.1ms
[2024-01-18T00:05:38.820+0000][7][gc,age      ] GC(40) Age table with threshold 15 (max threshold 15)
[2024-01-18T00:05:38.820+0000][7][gc,age      ] GC(40) - age   1:    1856288 bytes,    1856288 total
[2024-01-18T00:05:38.820+0000][7][gc,age      ] GC(40) - age   2:     439872 bytes,    2296160 total
[2024-01-18T00:05:38.820+0000][7][gc,age      ] GC(40) - age   3:       2904 bytes,    2299064 total
[2024-01-18T00:05:38.820+0000][7][gc,age      ] GC(40) - age   4:       6784 bytes,    2305848 total
[2024-01-18T00:05:38.820+0000][7][gc,age      ] GC(40) - age   5:       5728 bytes,    2311576 total
[2024-01-18T00:05:38.820+0000][7][gc,age      ] GC(40) - age   6:       9120 bytes,    2320696 total
[2024-01-18T00:05:38.820+0000][7][gc,age      ] GC(40) - age   7:      74256 bytes,    2394952 total
[2024-01-18T00:05:38.820+0000][7][gc,age      ] GC(40) - age   8:       5792 bytes,    2400744 total
[2024-01-18T00:05:38.820+0000][7][gc,age      ] GC(40) - age   9:      99000 bytes,    2499744 total
[2024-01-18T00:05:38.820+0000][7][gc,age      ] GC(40) - age  10:      28104 bytes,    2527848 total
[2024-01-18T00:05:38.820+0000][7][gc,age      ] GC(40) - age  11:      39104 bytes,    2566952 total
[2024-01-18T00:05:38.820+0000][7][gc,age      ] GC(40) - age  12:      65568 bytes,    2632520 total
[2024-01-18T00:05:38.820+0000][7][gc,age      ] GC(40) - age  13:     189056 bytes,    2821576 total
[2024-01-18T00:05:38.820+0000][7][gc,age      ] GC(40) - age  14:      53480 bytes,    2875056 total
[2024-01-18T00:05:38.820+0000][7][gc,age      ] GC(40) - age  15:    1368488 bytes,    4243544 total
[2024-01-18T00:05:38.820+0000][7][gc,heap     ] GC(40) Eden regions: 151->0(151)
[2024-01-18T00:05:38.820+0000][7][gc,heap     ] GC(40) Survivor regions: 2->2(20)
[2024-01-18T00:05:38.820+0000][7][gc,heap     ] GC(40) Old regions: 30->31
[2024-01-18T00:05:38.820+0000][7][gc,heap     ] GC(40) Archive regions: 2->2
[2024-01-18T00:05:38.820+0000][7][gc,heap     ] GC(40) Humongous regions: 0->0
[2024-01-18T00:05:38.820+0000][7][gc,metaspace] GC(40) Metaspace: 128309K(131968K)->128309K(131968K) NonClass: 111366K(113280K)->111366K(113280K) Class: 16942K(18688K)->16942K(18688K)
[2024-01-18T00:05:38.820+0000][7][gc          ] GC(40) Pause Young (Normal) (G1 Evacuation Pause) 732M->128M(1024M) 9.358ms
[2024-01-18T00:05:38.820+0000][7][gc,cpu      ] GC(40) User=0.04s Sys=0.00s Real=0.01s
[2024-01-18T00:05:38.820+0000][7][safepoint   ] Safepoint "G1CollectForAllocation", Time since last: 577677216 ns, Reaching safepoint: 51773 ns, At safepoint: 9462818 ns, Total: 9514591 ns
[2024-01-18T00:05:41.820+0000][7][safepoint   ] Safepoint "Cleanup", Time since last: 3000224991 ns, Reaching safepoint: 80839 ns, At safepoint: 4822 ns, Total: 85661 ns
[2024-01-18T00:06:14.824+0000][7][safepoint   ] Safepoint "Cleanup", Time since last: 33003018866 ns, Reaching safepoint: 203093 ns, At safepoint: 5850 ns, Total: 208943 ns
[2024-01-18T00:06:26.825+0000][7][safepoint   ] Safepoint "Cleanup", Time since last: 12001047417 ns, Reaching safepoint: 100471 ns, At safepoint: 19495 ns, Total: 119966 ns
[2024-01-18T00:06:32.825+0000][7][safepoint   ] Safepoint "Cleanup", Time since last: 6000592503 ns, Reaching safepoint: 79983 ns, At safepoint: 5487 ns, Total: 85470 ns
[2024-01-18T00:06:44.827+0000][7][safepoint   ] Safepoint "Cleanup", Time since last: 12001669259 ns, Reaching safepoint: 102827 ns, At safepoint: 5873 ns, Total: 108700 ns
[2024-01-18T00:06:51.828+0000][7][safepoint   ] Safepoint "Cleanup", Time since last: 7000946961 ns, Reaching safepoint: 58969 ns, At safepoint: 5504 ns, Total: 64473 ns
[2024-01-18T00:07:26.833+0000][7][safepoint   ] Safepoint "Cleanup", Time since last: 35004150674 ns, Reaching safepoint: 105181 ns, At safepoint: 9177 ns, Total: 114358 ns
[2024-01-18T00:07:37.834+0000][7][safepoint   ] Safepoint "Cleanup", Time since last: 11001497932 ns, Reaching safepoint: 68642 ns, At safepoint: 8805 ns, Total: 77447 ns
[2024-01-18T00:08:06.837+0000][7][safepoint   ] Safepoint "Cleanup", Time since last: 29002749703 ns, Reaching safepoint: 69127 ns, At safepoint: 5775 ns, Total: 74902 ns
[2024-01-18T00:08:07.837+0000][7][safepoint   ] Safepoint "Cleanup", Time since last: 1000178253 ns, Reaching safepoint: 165362 ns, At safepoint: 8058 ns, Total: 173420 ns
[2024-01-18T00:08:08.838+0000][7][safepoint   ] Safepoint "Cleanup", Time since last: 1000278389 ns, Reaching safepoint: 74425 ns, At safepoint: 7809 ns, Total: 82234 ns
[2024-01-18T00:08:26.840+0000][7][safepoint   ] Safepoint "Cleanup", Time since last: 18002701320 ns, Reaching safepoint: 55362 ns, At safepoint: 3869 ns, Total: 59231 ns
[2024-01-18T00:08:44.843+0000][7][safepoint   ] Safepoint "Cleanup", Time since last: 18002160874 ns, Reaching safepoint: 106745 ns, At safepoint: 5149 ns, Total: 111894 ns
[2024-01-18T00:08:50.843+0000][7][safepoint   ] Safepoint "Cleanup", Time since last: 6000707437 ns, Reaching safepoint: 75687 ns, At safepoint: 6846 ns, Total: 82533 ns
[2024-01-18T00:08:59.845+0000][7][safepoint   ] Safepoint "Cleanup", Time since last: 9001140370 ns, Reaching safepoint: 95784 ns, At safepoint: 7938 ns, Total: 103722 ns
[2024-01-18T00:09:05.218+0000][7][gc,start    ] GC(41) Pause Young (Normal) (G1 Evacuation Pause)
[2024-01-18T00:09:05.218+0000][7][gc,task     ] GC(41) Using 8 workers of 8 for evacuation
[2024-01-18T00:09:05.218+0000][7][gc,age      ] GC(41) Desired survivor size 41943040 bytes, new threshold 15 (max threshold 15)
[2024-01-18T00:09:05.223+0000][7][gc,phases   ] GC(41)   Pre Evacuate Collection Set: 0.1ms
[2024-01-18T00:09:05.223+0000][7][gc,phases   ] GC(41)   Merge Heap Roots: 0.1ms
[2024-01-18T00:09:05.223+0000][7][gc,phases   ] GC(41)   Evacuate Collection Set: 4.0ms
[2024-01-18T00:09:05.223+0000][7][gc,phases   ] GC(41)   Post Evacuate Collection Set: 0.9ms
[2024-01-18T00:09:05.223+0000][7][gc,phases   ] GC(41)   Other: 0.1ms
[2024-01-18T00:09:05.223+0000][7][gc,age      ] GC(41) Age table with threshold 15 (max threshold 15)
[2024-01-18T00:09:05.223+0000][7][gc,age      ] GC(41) - age   1:    1194704 bytes,    1194704 total
[2024-01-18T00:09:05.223+0000][7][gc,age      ] GC(41) - age   2:      19584 bytes,    1214288 total
[2024-01-18T00:09:05.223+0000][7][gc,age      ] GC(41) - age   3:     428736 bytes,    1643024 total
[2024-01-18T00:09:05.223+0000][7][gc,age      ] GC(41) - age   4:       2776 bytes,    1645800 total
[2024-01-18T00:09:05.223+0000][7][gc,age      ] GC(41) - age   5:       6600 bytes,    1652400 total
[2024-01-18T00:09:05.223+0000][7][gc,age      ] GC(41) - age   6:       5728 bytes,    1658128 total
[2024-01-18T00:09:05.223+0000][7][gc,age      ] GC(41) - age   7:       9120 bytes,    1667248 total
[2024-01-18T00:09:05.223+0000][7][gc,age      ] GC(41) - age   8:      74256 bytes,    1741504 total
[2024-01-18T00:09:05.223+0000][7][gc,age      ] GC(41) - age   9:       5792 bytes,    1747296 total
[2024-01-18T00:09:05.223+0000][7][gc,age      ] GC(41) - age  10:      99000 bytes,    1846296 total
[2024-01-18T00:09:05.223+0000][7][gc,age      ] GC(41) - age  11:      28104 bytes,    1874400 total
[2024-01-18T00:09:05.223+0000][7][gc,age      ] GC(41) - age  12:      39104 bytes,    1913504 total
[2024-01-18T00:09:05.223+0000][7][gc,age      ] GC(41) - age  13:      65568 bytes,    1979072 total
[2024-01-18T00:09:05.223+0000][7][gc,age      ] GC(41) - age  14:     189056 bytes,    2168128 total
[2024-01-18T00:09:05.223+0000][7][gc,age      ] GC(41) - age  15:      53480 bytes,    2221608 total
[2024-01-18T00:09:05.223+0000][7][gc,heap     ] GC(41) Eden regions: 151->0(152)
[2024-01-18T00:09:05.223+0000][7][gc,heap     ] GC(41) Survivor regions: 2->1(20)
[2024-01-18T00:09:05.223+0000][7][gc,heap     ] GC(41) Old regions: 31->31
[2024-01-18T00:09:05.223+0000][7][gc,heap     ] GC(41) Archive regions: 2->2
[2024-01-18T00:09:05.223+0000][7][gc,heap     ] GC(41) Humongous regions: 0->0
[2024-01-18T00:09:05.223+0000][7][gc,metaspace] GC(41) Metaspace: 128330K(131968K)->128330K(131968K) NonClass: 111387K(113280K)->111387K(113280K) Class: 16943K(18688K)->16943K(18688K)
[2024-01-18T00:09:05.224+0000][7][gc          ] GC(41) Pause Young (Normal) (G1 Evacuation Pause) 732M->128M(1024M) 5.653ms
[2024-01-18T00:09:05.224+0000][7][gc,cpu      ] GC(41) User=0.02s Sys=0.00s Real=0.01s
[2024-01-18T00:09:05.224+0000][7][safepoint   ] Safepoint "G1CollectForAllocation", Time since last: 5373108892 ns, Reaching safepoint: 66066 ns, At safepoint: 5756429 ns, Total: 5822495 ns
[2024-01-18T00:09:08.224+0000][7][safepoint   ] Safepoint "Cleanup", Time since last: 3000440494 ns, Reaching safepoint: 61469 ns, At safepoint: 7135 ns, Total: 68604 ns
[2024-01-18T00:09:17.225+0000][7][safepoint   ] Safepoint "Cleanup", Time since last: 9001085311 ns, Reaching safepoint: 87161 ns, At safepoint: 12889 ns, Total: 100050 ns
[2024-01-18T00:09:37.228+0000][7][safepoint   ] Safepoint "Cleanup", Time since last: 20002690194 ns, Reaching safepoint: 92717 ns, At safepoint: 6179 ns, Total: 98896 ns
[2024-01-18T00:10:07.232+0000][7][safepoint   ] Safepoint "Cleanup", Time since last: 30003481970 ns, Reaching safepoint: 119788 ns, At safepoint: 11320 ns, Total: 131108 ns
[2024-01-18T00:10:09.232+0000][7][safepoint   ] Safepoint "Cleanup", Time since last: 2000343927 ns, Reaching safepoint: 81880 ns, At safepoint: 6903 ns, Total: 88783 ns
[2024-01-18T00:10:26.234+0000][7][safepoint   ] Safepoint "Cleanup", Time since last: 17001675008 ns, Reaching safepoint: 60208 ns, At safepoint: 5568 ns, Total: 65776 ns
[2024-01-18T00:11:05.238+0000][7][safepoint   ] Safepoint "Cleanup", Time since last: 39004100780 ns, Reaching safepoint: 121294 ns, At safepoint: 25022 ns, Total: 146316 ns
[2024-01-18T00:11:07.238+0000][7][safepoint   ] Safepoint "Cleanup", Time since last: 2000277665 ns, Reaching safepoint: 75574 ns, At safepoint: 14208 ns, Total: 89782 ns
[2024-01-18T00:11:09.239+0000][7][safepoint   ] Safepoint "Cleanup", Time since last: 2000224129 ns, Reaching safepoint: 99538 ns, At safepoint: 13304 ns, Total: 112842 ns
[2024-01-18T00:11:15.240+0000][7][safepoint   ] Safepoint "Cleanup", Time since last: 6000613158 ns, Reaching safepoint: 86641 ns, At safepoint: 5471 ns, Total: 92112 ns
[2024-01-18T00:11:17.240+0000][7][safepoint   ] Safepoint "Cleanup", Time since last: 2000294150 ns, Reaching safepoint: 41561 ns, At safepoint: 3120 ns, Total: 44681 ns
[2024-01-18T00:11:26.241+0000][7][safepoint   ] Safepoint "Cleanup", Time since last: 9000776949 ns, Reaching safepoint: 75588 ns, At safepoint: 7853 ns, Total: 83441 ns
[2024-01-18T00:11:37.242+0000][7][safepoint   ] Safepoint "Cleanup", Time since last: 11001008593 ns, Reaching safepoint: 76022 ns, At safepoint: 9709 ns, Total: 85731 ns
[2024-01-18T00:11:47.243+0000][7][safepoint   ] Safepoint "Cleanup", Time since last: 10001258872 ns, Reaching safepoint: 78384 ns, At safepoint: 4873 ns, Total: 83257 ns
[2024-01-18T00:11:50.244+0000][7][safepoint   ] Safepoint "Cleanup", Time since last: 3000439858 ns, Reaching safepoint: 136857 ns, At safepoint: 10730 ns, Total: 147587 ns
[2024-01-18T00:11:51.244+0000][7][safepoint   ] Safepoint "Cleanup", Time since last: 1000284387 ns, Reaching safepoint: 122827 ns, At safepoint: 6051 ns, Total: 128878 ns
[2024-01-18T00:11:56.245+0000][7][safepoint   ] Safepoint "Cleanup", Time since last: 5000340069 ns, Reaching safepoint: 97312 ns, At safepoint: 9588 ns, Total: 106900 ns
[2024-01-18T00:12:03.245+0000][7][safepoint   ] Safepoint "Cleanup", Time since last: 7000611625 ns, Reaching safepoint: 154779 ns, At safepoint: 41445 ns, Total: 196224 ns
[2024-01-18T00:12:14.247+0000][7][safepoint   ] Safepoint "Cleanup", Time since last: 11001539447 ns, Reaching safepoint: 73775 ns, At safepoint: 7584 ns, Total: 81359 ns
[2024-01-18T00:12:17.248+0000][7][safepoint   ] Safepoint "Cleanup", Time since last: 3000474741 ns, Reaching safepoint: 96647 ns, At safepoint: 11658 ns, Total: 108305 ns
[2024-01-18T00:12:21.248+0000][7][safepoint   ] Safepoint "Cleanup", Time since last: 4000434954 ns, Reaching safepoint: 74541 ns, At safepoint: 7663 ns, Total: 82204 ns
[2024-01-18T00:12:26.249+0000][7][safepoint   ] Safepoint "Cleanup", Time since last: 5000554193 ns, Reaching safepoint: 157536 ns, At safepoint: 6946 ns, Total: 164482 ns
[2024-01-18T00:12:32.240+0000][7][gc,start    ] GC(42) Pause Young (Normal) (G1 Evacuation Pause)
[2024-01-18T00:12:32.240+0000][7][gc,task     ] GC(42) Using 8 workers of 8 for evacuation
[2024-01-18T00:12:32.240+0000][7][gc,age      ] GC(42) Desired survivor size 41943040 bytes, new threshold 15 (max threshold 15)
[2024-01-18T00:12:32.244+0000][7][gc,phases   ] GC(42)   Pre Evacuate Collection Set: 0.1ms
[2024-01-18T00:12:32.244+0000][7][gc,phases   ] GC(42)   Merge Heap Roots: 0.1ms
[2024-01-18T00:12:32.244+0000][7][gc,phases   ] GC(42)   Evacuate Collection Set: 2.7ms
[2024-01-18T00:12:32.244+0000][7][gc,phases   ] GC(42)   Post Evacuate Collection Set: 0.8ms
[2024-01-18T00:12:32.244+0000][7][gc,phases   ] GC(42)   Other: 0.1ms
[2024-01-18T00:12:32.244+0000][7][gc,age      ] GC(42) Age table with threshold 15 (max threshold 15)
[2024-01-18T00:12:32.244+0000][7][gc,age      ] GC(42) - age   1:    1279632 bytes,    1279632 total
[2024-01-18T00:12:32.244+0000][7][gc,age      ] GC(42) - age   2:       9808 bytes,    1289440 total
[2024-01-18T00:12:32.244+0000][7][gc,age      ] GC(42) - age   3:       8800 bytes,    1298240 total
[2024-01-18T00:12:32.244+0000][7][gc,age      ] GC(42) - age   4:     428344 bytes,    1726584 total
[2024-01-18T00:12:32.244+0000][7][gc,age      ] GC(42) - age   5:       2592 bytes,    1729176 total
[2024-01-18T00:12:32.244+0000][7][gc,age      ] GC(42) - age   6:       6600 bytes,    1735776 total
[2024-01-18T00:12:32.244+0000][7][gc,age      ] GC(42) - age   7:       5728 bytes,    1741504 total
[2024-01-18T00:12:32.244+0000][7][gc,age      ] GC(42) - age   8:       9120 bytes,    1750624 total
[2024-01-18T00:12:32.244+0000][7][gc,age      ] GC(42) - age   9:      74256 bytes,    1824880 total
[2024-01-18T00:12:32.244+0000][7][gc,age      ] GC(42) - age  10:       5792 bytes,    1830672 total
[2024-01-18T00:12:32.244+0000][7][gc,age      ] GC(42) - age  11:      99000 bytes,    1929672 total
[2024-01-18T00:12:32.244+0000][7][gc,age      ] GC(42) - age  12:      28104 bytes,    1957776 total
[2024-01-18T00:12:32.244+0000][7][gc,age      ] GC(42) - age  13:      39104 bytes,    1996880 total
[2024-01-18T00:12:32.244+0000][7][gc,age      ] GC(42) - age  14:      65568 bytes,    2062448 total
[2024-01-18T00:12:32.244+0000][7][gc,age      ] GC(42) - age  15:     189056 bytes,    2251504 total
[2024-01-18T00:12:32.244+0000][7][gc,heap     ] GC(42) Eden regions: 152->0(152)
[2024-01-18T00:12:32.244+0000][7][gc,heap     ] GC(42) Survivor regions: 1->1(20)
[2024-01-18T00:12:32.244+0000][7][gc,heap     ] GC(42) Old regions: 31->31
[2024-01-18T00:12:32.244+0000][7][gc,heap     ] GC(42) Archive regions: 2->2
[2024-01-18T00:12:32.244+0000][7][gc,heap     ] GC(42) Humongous regions: 0->0
[2024-01-18T00:12:32.244+0000][7][gc,metaspace] GC(42) Metaspace: 128373K(132032K)->128373K(132032K) NonClass: 111429K(113344K)->111429K(113344K) Class: 16944K(18688K)->16944K(18688K)
[2024-01-18T00:12:32.244+0000][7][gc          ] GC(42) Pause Young (Normal) (G1 Evacuation Pause) 736M->128M(1024M) 4.091ms
[2024-01-18T00:12:32.244+0000][7][gc,cpu      ] GC(42) User=0.02s Sys=0.00s Real=0.00s
[2024-01-18T00:12:32.244+0000][7][safepoint   ] Safepoint "G1CollectForAllocation", Time since last: 5991243395 ns, Reaching safepoint: 68652 ns, At safepoint: 4186523 ns, Total: 4255175 ns
[2024-01-18T00:12:37.245+0000][7][safepoint   ] Safepoint "Cleanup", Time since last: 5000537382 ns, Reaching safepoint: 52077 ns, At safepoint: 4811 ns, Total: 56888 ns
[2024-01-18T00:12:39.245+0000][7][safepoint   ] Safepoint "Cleanup", Time since last: 2000227674 ns, Reaching safepoint: 60936 ns, At safepoint: 7327 ns, Total: 68263 ns
[2024-01-18T00:12:45.246+0000][7][safepoint   ] Safepoint "Cleanup", Time since last: 6000631811 ns, Reaching safepoint: 83261 ns, At safepoint: 43770 ns, Total: 127031 ns
[2024-01-18T00:13:06.249+0000][7][safepoint   ] Safepoint "Cleanup", Time since last: 21002398473 ns, Reaching safepoint: 130076 ns, At safepoint: 26080 ns, Total: 156156 ns
[2024-01-18T00:13:07.249+0000][7][safepoint   ] Safepoint "Cleanup", Time since last: 1000157153 ns, Reaching safepoint: 87981 ns, At safepoint: 7216 ns, Total: 95197 ns
[2024-01-18T00:13:08.249+0000][7][safepoint   ] Safepoint "Cleanup", Time since last: 1000150787 ns, Reaching safepoint: 104657 ns, At safepoint: 5267 ns, Total: 109924 ns
[2024-01-18T00:13:09.249+0000][7][safepoint   ] Safepoint "Cleanup", Time since last: 1000266903 ns, Reaching safepoint: 86601 ns, At safepoint: 8611 ns, Total: 95212 ns
[2024-01-18T00:13:26.252+0000][7][safepoint   ] Safepoint "Cleanup", Time since last: 17002547453 ns, Reaching safepoint: 77902 ns, At safepoint: 6497 ns, Total: 84399 ns
[2024-01-18T00:13:27.252+0000][7][safepoint   ] Safepoint "Cleanup", Time since last: 1000116489 ns, Reaching safepoint: 80300 ns, At safepoint: 12195 ns, Total: 92495 ns
[2024-01-18T00:13:30.253+0000][7][safepoint   ] Safepoint "Cleanup", Time since last: 3000300659 ns, Reaching safepoint: 77621 ns, At safepoint: 6154 ns, Total: 83775 ns
[2024-01-18T00:13:33.256+0000][7][safepoint   ] Safepoint "Cleanup", Time since last: 3003149691 ns, Reaching safepoint: 76479 ns, At safepoint: 5122 ns, Total: 81601 ns
[2024-01-18T00:13:50.258+0000][7][safepoint   ] Safepoint "Cleanup", Time since last: 17001531271 ns, Reaching safepoint: 121418 ns, At safepoint: 10749 ns, Total: 132167 ns
[2024-01-18T00:13:59.259+0000][7][safepoint   ] Safepoint "Cleanup", Time since last: 9000955101 ns, Reaching safepoint: 86487 ns, At safepoint: 6550 ns, Total: 93037 ns
[2024-01-18T00:14:09.260+0000][7][safepoint   ] Safepoint "Cleanup", Time since last: 10001040385 ns, Reaching safepoint: 73037 ns, At safepoint: 6044 ns, Total: 79081 ns
[2024-01-18T00:14:24.261+0000][7][safepoint   ] Safepoint "Cleanup", Time since last: 15001603750 ns, Reaching safepoint: 110733 ns, At safepoint: 5460 ns, Total: 116193 ns
[2024-01-18T00:14:25.262+0000][7][safepoint   ] Safepoint "Cleanup", Time since last: 1000145488 ns, Reaching safepoint: 77715 ns, At safepoint: 19466 ns, Total: 97181 ns
[2024-01-18T00:14:26.262+0000][7][safepoint   ] Safepoint "Cleanup", Time since last: 1000218743 ns, Reaching safepoint: 72287 ns, At safepoint: 6363 ns, Total: 78650 ns
[2024-01-18T00:14:30.263+0000][7][safepoint   ] Safepoint "Cleanup", Time since last: 4000585178 ns, Reaching safepoint: 76695 ns, At safepoint: 7997 ns, Total: 84692 ns
[2024-01-18T00:14:37.264+0000][7][safepoint   ] Safepoint "Cleanup", Time since last: 7000994064 ns, Reaching safepoint: 110287 ns, At safepoint: 10230 ns, Total: 120517 ns
[2024-01-18T00:15:07.267+0000][7][safepoint   ] Safepoint "Cleanup", Time since last: 30003152528 ns, Reaching safepoint: 92207 ns, At safepoint: 6787 ns, Total: 98994 ns
[2024-01-18T00:15:08.267+0000][7][safepoint   ] Safepoint "Cleanup", Time since last: 1000114882 ns, Reaching safepoint: 116754 ns, At safepoint: 7710 ns, Total: 124464 ns
[2024-01-18T00:15:09.267+0000][7][safepoint   ] Safepoint "Cleanup", Time since last: 1000139299 ns, Reaching safepoint: 74568 ns, At safepoint: 8239 ns, Total: 82807 ns
[2024-01-18T00:15:32.270+0000][7][safepoint   ] Safepoint "Cleanup", Time since last: 23002737890 ns, Reaching safepoint: 87826 ns, At safepoint: 5314 ns, Total: 93140 ns
[2024-01-18T00:15:38.271+0000][7][safepoint   ] Safepoint "Cleanup", Time since last: 6000945197 ns, Reaching safepoint: 142651 ns, At safepoint: 9197 ns, Total: 151848 ns
[2024-01-18T00:15:46.275+0000][7][gc,start    ] GC(43) Pause Young (Normal) (G1 Evacuation Pause)
[2024-01-18T00:15:46.275+0000][7][gc,task     ] GC(43) Using 8 workers of 8 for evacuation
[2024-01-18T00:15:46.275+0000][7][gc,age      ] GC(43) Desired survivor size 41943040 bytes, new threshold 15 (max threshold 15)
[2024-01-18T00:15:46.278+0000][7][gc,phases   ] GC(43)   Pre Evacuate Collection Set: 0.1ms
[2024-01-18T00:15:46.278+0000][7][gc,phases   ] GC(43)   Merge Heap Roots: 0.1ms
[2024-01-18T00:15:46.278+0000][7][gc,phases   ] GC(43)   Evacuate Collection Set: 2.1ms
[2024-01-18T00:15:46.278+0000][7][gc,phases   ] GC(43)   Post Evacuate Collection Set: 0.7ms
[2024-01-18T00:15:46.278+0000][7][gc,phases   ] GC(43)   Other: 0.1ms
[2024-01-18T00:15:46.278+0000][7][gc,age      ] GC(43) Age table with threshold 15 (max threshold 15)
[2024-01-18T00:15:46.278+0000][7][gc,age      ] GC(43) - age   1:     705480 bytes,     705480 total
[2024-01-18T00:15:46.278+0000][7][gc,age      ] GC(43) - age   2:       8592 bytes,     714072 total
[2024-01-18T00:15:46.278+0000][7][gc,age      ] GC(43) - age   3:       7944 bytes,     722016 total
[2024-01-18T00:15:46.278+0000][7][gc,age      ] GC(43) - age   4:       5008 bytes,     727024 total
[2024-01-18T00:15:46.278+0000][7][gc,age      ] GC(43) - age   5:     396728 bytes,    1123752 total
[2024-01-18T00:15:46.278+0000][7][gc,age      ] GC(43) - age   6:       2200 bytes,    1125952 total
[2024-01-18T00:15:46.278+0000][7][gc,age      ] GC(43) - age   7:       6568 bytes,    1132520 total
[2024-01-18T00:15:46.278+0000][7][gc,age      ] GC(43) - age   8:       5728 bytes,    1138248 total
[2024-01-18T00:15:46.278+0000][7][gc,age      ] GC(43) - age   9:       9120 bytes,    1147368 total
[2024-01-18T00:15:46.278+0000][7][gc,age      ] GC(43) - age  10:      73712 bytes,    1221080 total
[2024-01-18T00:15:46.278+0000][7][gc,age      ] GC(43) - age  11:       5792 bytes,    1226872 total
[2024-01-18T00:15:46.278+0000][7][gc,age      ] GC(43) - age  12:      99000 bytes,    1325872 total
[2024-01-18T00:15:46.278+0000][7][gc,age      ] GC(43) - age  13:      28064 bytes,    1353936 total
[2024-01-18T00:15:46.278+0000][7][gc,age      ] GC(43) - age  14:      39088 bytes,    1393024 total
[2024-01-18T00:15:46.278+0000][7][gc,age      ] GC(43) - age  15:      65568 bytes,    1458592 total
[2024-01-18T00:15:46.278+0000][7][gc,heap     ] GC(43) Eden regions: 152->0(152)
[2024-01-18T00:15:46.278+0000][7][gc,heap     ] GC(43) Survivor regions: 1->1(20)
[2024-01-18T00:15:46.278+0000][7][gc,heap     ] GC(43) Old regions: 31->31
[2024-01-18T00:15:46.278+0000][7][gc,heap     ] GC(43) Archive regions: 2->2
[2024-01-18T00:15:46.278+0000][7][gc,heap     ] GC(43) Humongous regions: 0->0
[2024-01-18T00:15:46.278+0000][7][gc,metaspace] GC(43) Metaspace: 128402K(132032K)->128402K(132032K) NonClass: 111457K(113344K)->111457K(113344K) Class: 16944K(18688K)->16944K(18688K)
[2024-01-18T00:15:46.278+0000][7][gc          ] GC(43) Pause Young (Normal) (G1 Evacuation Pause) 736M->127M(1024M) 3.400ms
[2024-01-18T00:15:46.278+0000][7][gc,cpu      ] GC(43) User=0.01s Sys=0.00s Real=0.00s
[2024-01-18T00:15:46.278+0000][7][safepoint   ] Safepoint "G1CollectForAllocation", Time since last: 8003395884 ns, Reaching safepoint: 32800 ns, At safepoint: 3493815 ns, Total: 3526615 ns
[2024-01-18T00:15:49.279+0000][7][safepoint   ] Safepoint "Cleanup", Time since last: 3000295681 ns, Reaching safepoint: 61902 ns, At safepoint: 4272 ns, Total: 66174 ns
[2024-01-18T00:16:14.196+0000][7][safepoint   ] Safepoint "Cleanup", Time since last: 24917457844 ns, Reaching safepoint: 66747 ns, At safepoint: 7257 ns, Total: 74004 ns
[2024-01-18T00:16:15.197+0000][7][safepoint   ] Safepoint "Cleanup", Time since last: 1000199257 ns, Reaching safepoint: 92401 ns, At safepoint: 8114 ns, Total: 100515 ns
[2024-01-18T00:16:18.197+0000][7][safepoint   ] Safepoint "Cleanup", Time since last: 3000490372 ns, Reaching safepoint: 126622 ns, At safepoint: 15118 ns, Total: 141740 ns
[2024-01-18T00:16:21.198+0000][7][safepoint   ] Safepoint "Cleanup", Time since last: 3000454211 ns, Reaching safepoint: 83353 ns, At safepoint: 7186 ns, Total: 90539 ns
[2024-01-18T00:16:26.199+0000][7][safepoint   ] Safepoint "Cleanup", Time since last: 5000877284 ns, Reaching safepoint: 69661 ns, At safepoint: 10167 ns, Total: 79828 ns
[2024-01-18T00:16:33.200+0000][7][safepoint   ] Safepoint "Cleanup", Time since last: 7000975725 ns, Reaching safepoint: 58417 ns, At safepoint: 3841 ns, Total: 62258 ns
[2024-01-18T00:16:36.200+0000][7][safepoint   ] Safepoint "Cleanup", Time since last: 3000367889 ns, Reaching safepoint: 77195 ns, At safepoint: 6469 ns, Total: 83664 ns
[2024-01-18T00:16:57.203+0000][7][safepoint   ] Safepoint "Cleanup", Time since last: 21002612476 ns, Reaching safepoint: 87048 ns, At safepoint: 11623 ns, Total: 98671 ns
[2024-01-18T00:17:07.204+0000][7][safepoint   ] Safepoint "Cleanup", Time since last: 10001470554 ns, Reaching safepoint: 101816 ns, At safepoint: 8594 ns, Total: 110410 ns
[2024-01-18T00:17:21.207+0000][7][safepoint   ] Safepoint "Cleanup", Time since last: 14002046367 ns, Reaching safepoint: 109335 ns, At safepoint: 41947 ns, Total: 151282 ns
[2024-01-18T00:17:26.207+0000][7][safepoint   ] Safepoint "Cleanup", Time since last: 5000698227 ns, Reaching safepoint: 112951 ns, At safepoint: 8027 ns, Total: 120978 ns
[2024-01-18T00:17:27.208+0000][7][safepoint   ] Safepoint "Cleanup", Time since last: 1000229631 ns, Reaching safepoint: 74833 ns, At safepoint: 18867 ns, Total: 93700 ns
[2024-01-18T00:17:33.209+0000][7][safepoint   ] Safepoint "Cleanup", Time since last: 6000750172 ns, Reaching safepoint: 62670 ns, At safepoint: 6331 ns, Total: 69001 ns
[2024-01-18T00:18:00.213+0000][7][safepoint   ] Safepoint "Cleanup", Time since last: 27003880794 ns, Reaching safepoint: 107015 ns, At safepoint: 6620 ns, Total: 113635 ns
[2024-01-18T00:18:15.215+0000][7][safepoint   ] Safepoint "Cleanup", Time since last: 15001850938 ns, Reaching safepoint: 128637 ns, At safepoint: 7103 ns, Total: 135740 ns
[2024-01-18T00:18:16.215+0000][7][safepoint   ] Safepoint "Cleanup", Time since last: 1000245650 ns, Reaching safepoint: 67006 ns, At safepoint: 9644 ns, Total: 76650 ns
[2024-01-18T00:18:21.216+0000][7][safepoint   ] Safepoint "Cleanup", Time since last: 5000881987 ns, Reaching safepoint: 258612 ns, At safepoint: 18104 ns, Total: 276716 ns
[2024-01-18T00:18:26.217+0000][7][safepoint   ] Safepoint "Cleanup", Time since last: 5000685571 ns, Reaching safepoint: 93049 ns, At safepoint: 6846 ns, Total: 99895 ns
[2024-01-18T00:18:42.219+0000][7][safepoint   ] Safepoint "Cleanup", Time since last: 16002122517 ns, Reaching safepoint: 95558 ns, At safepoint: 6320 ns, Total: 101878 ns
[2024-01-18T00:18:52.220+0000][7][safepoint   ] Safepoint "Cleanup", Time since last: 10001103716 ns, Reaching safepoint: 54290 ns, At safepoint: 7116 ns, Total: 61406 ns
[2024-01-18T00:18:54.221+0000][7][safepoint   ] Safepoint "Cleanup", Time since last: 2000223910 ns, Reaching safepoint: 79433 ns, At safepoint: 9497 ns, Total: 88930 ns
[2024-01-18T00:19:03.222+0000][7][safepoint   ] Safepoint "Cleanup", Time since last: 9000996760 ns, Reaching safepoint: 107292 ns, At safepoint: 8329 ns, Total: 115621 ns
[2024-01-18T00:19:06.222+0000][7][safepoint   ] Safepoint "Cleanup", Time since last: 3000330278 ns, Reaching safepoint: 99707 ns, At safepoint: 5847 ns, Total: 105554 ns
[2024-01-18T00:19:09.223+0000][7][safepoint   ] Safepoint "Cleanup", Time since last: 3000391554 ns, Reaching safepoint: 69993 ns, At safepoint: 5151 ns, Total: 75144 ns
[2024-01-18T00:19:11.244+0000][7][gc,start    ] GC(44) Pause Young (Normal) (G1 Evacuation Pause)
[2024-01-18T00:19:11.244+0000][7][gc,task     ] GC(44) Using 8 workers of 8 for evacuation
[2024-01-18T00:19:11.245+0000][7][gc,age      ] GC(44) Desired survivor size 41943040 bytes, new threshold 15 (max threshold 15)
[2024-01-18T00:19:11.247+0000][7][gc,phases   ] GC(44)   Pre Evacuate Collection Set: 0.2ms
[2024-01-18T00:19:11.247+0000][7][gc,phases   ] GC(44)   Merge Heap Roots: 0.1ms
[2024-01-18T00:19:11.247+0000][7][gc,phases   ] GC(44)   Evacuate Collection Set: 1.5ms
[2024-01-18T00:19:11.247+0000][7][gc,phases   ] GC(44)   Post Evacuate Collection Set: 0.8ms
[2024-01-18T00:19:11.247+0000][7][gc,phases   ] GC(44)   Other: 0.2ms
[2024-01-18T00:19:11.247+0000][7][gc,age      ] GC(44) Age table with threshold 15 (max threshold 15)
[2024-01-18T00:19:11.247+0000][7][gc,age      ] GC(44) - age   1:     569664 bytes,     569664 total
[2024-01-18T00:19:11.247+0000][7][gc,age      ] GC(44) - age   2:     331952 bytes,     901616 total
[2024-01-18T00:19:11.247+0000][7][gc,age      ] GC(44) - age   3:       6672 bytes,     908288 total
[2024-01-18T00:19:11.247+0000][7][gc,age      ] GC(44) - age   4:       7752 bytes,     916040 total
[2024-01-18T00:19:11.247+0000][7][gc,age      ] GC(44) - age   5:       4880 bytes,     920920 total
[2024-01-18T00:19:11.247+0000][7][gc,age      ] GC(44) - age   6:     378232 bytes,    1299152 total
[2024-01-18T00:19:11.247+0000][7][gc,age      ] GC(44) - age   7:       2200 bytes,    1301352 total
[2024-01-18T00:19:11.247+0000][7][gc,age      ] GC(44) - age   8:       6568 bytes,    1307920 total
[2024-01-18T00:19:11.247+0000][7][gc,age      ] GC(44) - age   9:       5728 bytes,    1313648 total
[2024-01-18T00:19:11.247+0000][7][gc,age      ] GC(44) - age  10:       9120 bytes,    1322768 total
[2024-01-18T00:19:11.247+0000][7][gc,age      ] GC(44) - age  11:      57464 bytes,    1380232 total
[2024-01-18T00:19:11.247+0000][7][gc,age      ] GC(44) - age  12:       5792 bytes,    1386024 total
[2024-01-18T00:19:11.247+0000][7][gc,age      ] GC(44) - age  13:      98880 bytes,    1484904 total
[2024-01-18T00:19:11.247+0000][7][gc,age      ] GC(44) - age  14:      28024 bytes,    1512928 total
[2024-01-18T00:19:11.247+0000][7][gc,age      ] GC(44) - age  15:      39088 bytes,    1552016 total
[2024-01-18T00:19:11.247+0000][7][gc,heap     ] GC(44) Eden regions: 152->0(152)
[2024-01-18T00:19:11.247+0000][7][gc,heap     ] GC(44) Survivor regions: 1->1(20)
[2024-01-18T00:19:11.247+0000][7][gc,heap     ] GC(44) Old regions: 31->31
[2024-01-18T00:19:11.247+0000][7][gc,heap     ] GC(44) Archive regions: 2->2
[2024-01-18T00:19:11.247+0000][7][gc,heap     ] GC(44) Humongous regions: 0->0
[2024-01-18T00:19:11.247+0000][7][gc,metaspace] GC(44) Metaspace: 128454K(132032K)->128454K(132032K) NonClass: 111509K(113344K)->111509K(113344K) Class: 16944K(18688K)->16944K(18688K)
[2024-01-18T00:19:11.247+0000][7][gc          ] GC(44) Pause Young (Normal) (G1 Evacuation Pause) 735M->128M(1024M) 3.133ms
[2024-01-18T00:19:11.248+0000][7][gc,cpu      ] GC(44) User=0.01s Sys=0.00s Real=0.00s
[2024-01-18T00:19:11.248+0000][7][safepoint   ] Safepoint "G1CollectForAllocation", Time since last: 2021708634 ns, Reaching safepoint: 45145 ns, At safepoint: 3236558 ns, Total: 3281703 ns
[2024-01-18T00:19:25.249+0000][7][safepoint   ] Safepoint "Cleanup", Time since last: 14001399528 ns, Reaching safepoint: 112325 ns, At safepoint: 8397 ns, Total: 120722 ns
[2024-01-18T00:19:26.249+0000][7][safepoint   ] Safepoint "Cleanup", Time since last: 1000103154 ns, Reaching safepoint: 120209 ns, At safepoint: 8403 ns, Total: 128612 ns
[2024-01-18T00:19:29.250+0000][7][safepoint   ] Safepoint "Cleanup", Time since last: 3000398904 ns, Reaching safepoint: 82984 ns, At safepoint: 11097 ns, Total: 94081 ns
[2024-01-18T00:19:33.250+0000][7][safepoint   ] Safepoint "Cleanup", Time since last: 4000590746 ns, Reaching safepoint: 73093 ns, At safepoint: 8075 ns, Total: 81168 ns
[2024-01-18T00:19:35.251+0000][7][safepoint   ] Safepoint "Cleanup", Time since last: 2000328765 ns, Reaching safepoint: 84526 ns, At safepoint: 9081 ns, Total: 93607 ns
[2024-01-18T00:19:44.252+0000][7][safepoint   ] Safepoint "Cleanup", Time since last: 9001238717 ns, Reaching safepoint: 73911 ns, At safepoint: 11641 ns, Total: 85552 ns
[2024-01-18T00:19:45.252+0000][7][safepoint   ] Safepoint "Cleanup", Time since last: 1000155353 ns, Reaching safepoint: 62268 ns, At safepoint: 6943 ns, Total: 69211 ns
[2024-01-18T00:19:47.253+0000][7][safepoint   ] Safepoint "Cleanup", Time since last: 2000308873 ns, Reaching safepoint: 55424 ns, At safepoint: 7410 ns, Total: 62834 ns
[2024-01-18T00:19:48.253+0000][7][safepoint   ] Safepoint "Cleanup", Time since last: 1000143060 ns, Reaching safepoint: 84217 ns, At safepoint: 8609 ns, Total: 92826 ns
[2024-01-18T00:19:53.254+0000][7][safepoint   ] Safepoint "Cleanup", Time since last: 5000640056 ns, Reaching safepoint: 120246 ns, At safepoint: 9903 ns, Total: 130149 ns
[2024-01-18T00:20:09.256+0000][7][safepoint   ] Safepoint "Cleanup", Time since last: 16002288092 ns, Reaching safepoint: 78119 ns, At safepoint: 7609 ns, Total: 85728 ns
[2024-01-18T00:20:26.258+0000][7][safepoint   ] Safepoint "Cleanup", Time since last: 17001737768 ns, Reaching safepoint: 83285 ns, At safepoint: 6475 ns, Total: 89760 ns
[2024-01-18T00:20:33.259+0000][7][safepoint   ] Safepoint "Cleanup", Time since last: 7000826284 ns, Reaching safepoint: 72106 ns, At safepoint: 10111 ns, Total: 82217 ns
[2024-01-18T00:20:45.261+0000][7][safepoint   ] Safepoint "Cleanup", Time since last: 12001457727 ns, Reaching safepoint: 107193 ns, At safepoint: 9266 ns, Total: 116459 ns
[2024-01-18T00:20:46.261+0000][7][safepoint   ] Safepoint "Cleanup", Time since last: 1000150737 ns, Reaching safepoint: 62278 ns, At safepoint: 5773 ns, Total: 68051 ns
[2024-01-18T00:20:47.261+0000][7][safepoint   ] Safepoint "Cleanup", Time since last: 1000133871 ns, Reaching safepoint: 104691 ns, At safepoint: 7366 ns, Total: 112057 ns
[2024-01-18T00:20:48.261+0000][7][safepoint   ] Safepoint "Cleanup", Time since last: 1000146809 ns, Reaching safepoint: 115970 ns, At safepoint: 6501 ns, Total: 122471 ns
[2024-01-18T00:20:49.262+0000][7][safepoint   ] Safepoint "Cleanup", Time since last: 1000220260 ns, Reaching safepoint: 65171 ns, At safepoint: 6629 ns, Total: 71800 ns
[2024-01-18T00:20:51.262+0000][7][safepoint   ] Safepoint "Cleanup", Time since last: 2000218105 ns, Reaching safepoint: 38421 ns, At safepoint: 2677 ns, Total: 41098 ns
[2024-01-18T00:20:53.262+0000][7][safepoint   ] Safepoint "Cleanup", Time since last: 2000220527 ns, Reaching safepoint: 70690 ns, At safepoint: 5926 ns, Total: 76616 ns
[2024-01-18T00:20:56.263+0000][7][safepoint   ] Safepoint "Cleanup", Time since last: 3000460660 ns, Reaching safepoint: 88618 ns, At safepoint: 14091 ns, Total: 102709 ns
[2024-01-18T00:21:03.264+0000][7][safepoint   ] Safepoint "Cleanup", Time since last: 7000916358 ns, Reaching safepoint: 134023 ns, At safepoint: 13409 ns, Total: 147432 ns
[2024-01-18T00:21:04.264+0000][7][safepoint   ] Safepoint "Cleanup", Time since last: 1000131376 ns, Reaching safepoint: 54189 ns, At safepoint: 4440 ns, Total: 58629 ns
[2024-01-18T00:21:05.264+0000][7][safepoint   ] Safepoint "Cleanup", Time since last: 1000155581 ns, Reaching safepoint: 86302 ns, At safepoint: 6373 ns, Total: 92675 ns
[2024-01-18T00:21:06.264+0000][7][safepoint   ] Safepoint "Cleanup", Time since last: 1000131166 ns, Reaching safepoint: 47808 ns, At safepoint: 4368 ns, Total: 52176 ns
[2024-01-18T00:21:07.265+0000][7][safepoint   ] Safepoint "Cleanup", Time since last: 1000137919 ns, Reaching safepoint: 61062 ns, At safepoint: 7489 ns, Total: 68551 ns
[2024-01-18T00:21:08.265+0000][7][safepoint   ] Safepoint "Cleanup", Time since last: 1000146492 ns, Reaching safepoint: 228377 ns, At safepoint: 15709 ns, Total: 244086 ns
[2024-01-18T00:21:09.265+0000][7][safepoint   ] Safepoint "Cleanup", Time since last: 1000144232 ns, Reaching safepoint: 96632 ns, At safepoint: 7219 ns, Total: 103851 ns
[2024-01-18T00:21:11.265+0000][7][safepoint   ] Safepoint "Cleanup", Time since last: 2000211499 ns, Reaching safepoint: 69644 ns, At safepoint: 8035 ns, Total: 77679 ns
[2024-01-18T00:21:14.266+0000][7][safepoint   ] Safepoint "Cleanup", Time since last: 3000398809 ns, Reaching safepoint: 111927 ns, At safepoint: 10298 ns, Total: 122225 ns
[2024-01-18T00:21:15.266+0000][7][safepoint   ] Safepoint "Cleanup", Time since last: 1000133378 ns, Reaching safepoint: 98432 ns, At safepoint: 5961 ns, Total: 104393 ns
[2024-01-18T00:21:21.267+0000][7][safepoint   ] Safepoint "Cleanup", Time since last: 6000759574 ns, Reaching safepoint: 116115 ns, At safepoint: 6480 ns, Total: 122595 ns
[2024-01-18T00:21:26.268+0000][7][safepoint   ] Safepoint "Cleanup", Time since last: 5000767304 ns, Reaching safepoint: 139702 ns, At safepoint: 7803 ns, Total: 147505 ns
[2024-01-18T00:21:37.269+0000][7][safepoint   ] Safepoint "Cleanup", Time since last: 11000969433 ns, Reaching safepoint: 87113 ns, At safepoint: 5796 ns, Total: 92909 ns
[2024-01-18T00:21:45.270+0000][7][safepoint   ] Safepoint "Cleanup", Time since last: 8000925125 ns, Reaching safepoint: 101376 ns, At safepoint: 5513 ns, Total: 106889 ns
[2024-01-18T00:22:09.273+0000][7][safepoint   ] Safepoint "Cleanup", Time since last: 24002655764 ns, Reaching safepoint: 112558 ns, At safepoint: 5609 ns, Total: 118167 ns
[2024-01-18T00:22:15.274+0000][7][safepoint   ] Safepoint "Cleanup", Time since last: 6000523067 ns, Reaching safepoint: 98821 ns, At safepoint: 4875 ns, Total: 103696 ns
[2024-01-18T00:22:26.275+0000][7][safepoint   ] Safepoint "Cleanup", Time since last: 11001083708 ns, Reaching safepoint: 184143 ns, At safepoint: 17499 ns, Total: 201642 ns
[2024-01-18T00:22:36.276+0000][7][safepoint   ] Safepoint "Cleanup", Time since last: 10001292873 ns, Reaching safepoint: 69442 ns, At safepoint: 4875 ns, Total: 74317 ns
[2024-01-18T00:22:47.291+0000][7][gc,start    ] GC(45) Pause Young (Normal) (G1 Evacuation Pause)
[2024-01-18T00:22:47.291+0000][7][gc,task     ] GC(45) Using 8 workers of 8 for evacuation
[2024-01-18T00:22:47.291+0000][7][gc,age      ] GC(45) Desired survivor size 41943040 bytes, new threshold 15 (max threshold 15)
[2024-01-18T00:22:47.294+0000][7][gc,phases   ] GC(45)   Pre Evacuate Collection Set: 0.1ms
[2024-01-18T00:22:47.294+0000][7][gc,phases   ] GC(45)   Merge Heap Roots: 0.1ms
[2024-01-18T00:22:47.294+0000][7][gc,phases   ] GC(45)   Evacuate Collection Set: 1.9ms
[2024-01-18T00:22:47.294+0000][7][gc,phases   ] GC(45)   Post Evacuate Collection Set: 0.8ms
[2024-01-18T00:22:47.294+0000][7][gc,phases   ] GC(45)   Other: 0.1ms
[2024-01-18T00:22:47.294+0000][7][gc,age      ] GC(45) Age table with threshold 15 (max threshold 15)
[2024-01-18T00:22:47.294+0000][7][gc,age      ] GC(45) - age   1:    1219600 bytes,    1219600 total
[2024-01-18T00:22:47.294+0000][7][gc,age      ] GC(45) - age   2:      98864 bytes,    1318464 total
[2024-01-18T00:22:47.294+0000][7][gc,age      ] GC(45) - age   3:     244168 bytes,    1562632 total
[2024-01-18T00:22:47.294+0000][7][gc,age      ] GC(45) - age   4:       6608 bytes,    1569240 total
[2024-01-18T00:22:47.294+0000][7][gc,age      ] GC(45) - age   5:       7752 bytes,    1576992 total
[2024-01-18T00:22:47.294+0000][7][gc,age      ] GC(45) - age   6:       4880 bytes,    1581872 total
[2024-01-18T00:22:47.294+0000][7][gc,age      ] GC(45) - age   7:     378168 bytes,    1960040 total
[2024-01-18T00:22:47.294+0000][7][gc,age      ] GC(45) - age   8:       2200 bytes,    1962240 total
[2024-01-18T00:22:47.294+0000][7][gc,age      ] GC(45) - age   9:       6568 bytes,    1968808 total
[2024-01-18T00:22:47.294+0000][7][gc,age      ] GC(45) - age  10:       5728 bytes,    1974536 total
[2024-01-18T00:22:47.294+0000][7][gc,age      ] GC(45) - age  11:       9120 bytes,    1983656 total
[2024-01-18T00:22:47.294+0000][7][gc,age      ] GC(45) - age  12:      57424 bytes,    2041080 total
[2024-01-18T00:22:47.294+0000][7][gc,age      ] GC(45) - age  13:       5792 bytes,    2046872 total
[2024-01-18T00:22:47.295+0000][7][gc,age      ] GC(45) - age  14:      98768 bytes,    2145640 total
[2024-01-18T00:22:47.295+0000][7][gc,age      ] GC(45) - age  15:      27840 bytes,    2173480 total
[2024-01-18T00:22:47.295+0000][7][gc,heap     ] GC(45) Eden regions: 152->0(152)
[2024-01-18T00:22:47.295+0000][7][gc,heap     ] GC(45) Survivor regions: 1->1(20)
[2024-01-18T00:22:47.295+0000][7][gc,heap     ] GC(45) Old regions: 31->31
[2024-01-18T00:22:47.295+0000][7][gc,heap     ] GC(45) Archive regions: 2->2
[2024-01-18T00:22:47.295+0000][7][gc,heap     ] GC(45) Humongous regions: 0->0
[2024-01-18T00:22:47.295+0000][7][gc,metaspace] GC(45) Metaspace: 128473K(132096K)->128473K(132096K) NonClass: 111528K(113408K)->111528K(113408K) Class: 16944K(18688K)->16944K(18688K)
[2024-01-18T00:22:47.295+0000][7][gc          ] GC(45) Pause Young (Normal) (G1 Evacuation Pause) 736M->128M(1024M) 3.244ms
[2024-01-18T00:22:47.295+0000][7][gc,cpu      ] GC(45) User=0.02s Sys=0.00s Real=0.00s
[2024-01-18T00:22:47.295+0000][7][safepoint   ] Safepoint "G1CollectForAllocation", Time since last: 11015067241 ns, Reaching safepoint: 69196 ns, At safepoint: 3333747 ns, Total: 3402943 ns
[2024-01-18T00:22:50.295+0000][7][safepoint   ] Safepoint "Cleanup", Time since last: 3000249136 ns, Reaching safepoint: 84240 ns, At safepoint: 5799 ns, Total: 90039 ns
[2024-01-18T00:23:13.298+0000][7][safepoint   ] Safepoint "Cleanup", Time since last: 23002543586 ns, Reaching safepoint: 71466 ns, At safepoint: 20107 ns, Total: 91573 ns
[2024-01-18T00:23:15.298+0000][7][safepoint   ] Safepoint "Cleanup", Time since last: 2000405797 ns, Reaching safepoint: 81833 ns, At safepoint: 10272 ns, Total: 92105 ns
[2024-01-18T00:23:26.300+0000][7][safepoint   ] Safepoint "Cleanup", Time since last: 11001526817 ns, Reaching safepoint: 80631 ns, At safepoint: 5233 ns, Total: 85864 ns
[2024-01-18T00:23:33.301+0000][7][safepoint   ] Safepoint "Cleanup", Time since last: 7001028627 ns, Reaching safepoint: 110611 ns, At safepoint: 6024 ns, Total: 116635 ns
[2024-01-18T00:23:36.301+0000][7][safepoint   ] Safepoint "Cleanup", Time since last: 3000406663 ns, Reaching safepoint: 89320 ns, At safepoint: 10182 ns, Total: 99502 ns
[2024-01-18T00:23:44.303+0000][7][safepoint   ] Safepoint "Cleanup", Time since last: 8001084089 ns, Reaching safepoint: 139135 ns, At safepoint: 9833 ns, Total: 148968 ns
[2024-01-18T00:23:51.304+0000][7][safepoint   ] Safepoint "Cleanup", Time since last: 7000926141 ns, Reaching safepoint: 182462 ns, At safepoint: 17723 ns, Total: 200185 ns
[2024-01-18T00:23:53.304+0000][7][safepoint   ] Safepoint "Cleanup", Time since last: 2000447162 ns, Reaching safepoint: 70829 ns, At safepoint: 8080 ns, Total: 78909 ns
[2024-01-18T00:24:26.308+0000][7][safepoint   ] Safepoint "Cleanup", Time since last: 33004132273 ns, Reaching safepoint: 76285 ns, At safepoint: 6563 ns, Total: 82848 ns
[2024-01-18T00:24:34.309+0000][7][safepoint   ] Safepoint "Cleanup", Time since last: 8000880130 ns, Reaching safepoint: 74683 ns, At safepoint: 6793 ns, Total: 81476 ns
[2024-01-18T00:25:51.320+0000][7][safepoint   ] Safepoint "Cleanup", Time since last: 77010030033 ns, Reaching safepoint: 107071 ns, At safepoint: 7629 ns, Total: 114700 ns
[2024-01-18T00:25:59.321+0000][7][safepoint   ] Safepoint "Cleanup", Time since last: 8000986520 ns, Reaching safepoint: 103270 ns, At safepoint: 8572 ns, Total: 111842 ns
[2024-01-18T00:26:14.316+0000][7][gc,start    ] GC(46) Pause Young (Normal) (G1 Evacuation Pause)
[2024-01-18T00:26:14.316+0000][7][gc,task     ] GC(46) Using 8 workers of 8 for evacuation
[2024-01-18T00:26:14.316+0000][7][gc,age      ] GC(46) Desired survivor size 41943040 bytes, new threshold 15 (max threshold 15)
[2024-01-18T00:26:14.319+0000][7][gc,phases   ] GC(46)   Pre Evacuate Collection Set: 0.1ms
[2024-01-18T00:26:14.319+0000][7][gc,phases   ] GC(46)   Merge Heap Roots: 0.1ms
[2024-01-18T00:26:14.319+0000][7][gc,phases   ] GC(46)   Evacuate Collection Set: 1.8ms
[2024-01-18T00:26:14.319+0000][7][gc,phases   ] GC(46)   Post Evacuate Collection Set: 0.7ms
[2024-01-18T00:26:14.319+0000][7][gc,phases   ] GC(46)   Other: 0.1ms
[2024-01-18T00:26:14.319+0000][7][gc,age      ] GC(46) Age table with threshold 15 (max threshold 15)
[2024-01-18T00:26:14.319+0000][7][gc,age      ] GC(46) - age   1:    1885936 bytes,    1885936 total
[2024-01-18T00:26:14.319+0000][7][gc,age      ] GC(46) - age   2:     218240 bytes,    2104176 total
[2024-01-18T00:26:14.319+0000][7][gc,age      ] GC(46) - age   3:      97032 bytes,    2201208 total
[2024-01-18T00:26:14.319+0000][7][gc,age      ] GC(46) - age   4:     240160 bytes,    2441368 total
[2024-01-18T00:26:14.319+0000][7][gc,age      ] GC(46) - age   5:       6608 bytes,    2447976 total
[2024-01-18T00:26:14.319+0000][7][gc,age      ] GC(46) - age   6:       7752 bytes,    2455728 total
[2024-01-18T00:26:14.319+0000][7][gc,age      ] GC(46) - age   7:       4496 bytes,    2460224 total
[2024-01-18T00:26:14.319+0000][7][gc,age      ] GC(46) - age   8:     378040 bytes,    2838264 total
[2024-01-18T00:26:14.319+0000][7][gc,age      ] GC(46) - age   9:       2200 bytes,    2840464 total
[2024-01-18T00:26:14.319+0000][7][gc,age      ] GC(46) - age  10:       6568 bytes,    2847032 total
[2024-01-18T00:26:14.319+0000][7][gc,age      ] GC(46) - age  11:       5728 bytes,    2852760 total
[2024-01-18T00:26:14.319+0000][7][gc,age      ] GC(46) - age  12:       8936 bytes,    2861696 total
[2024-01-18T00:26:14.319+0000][7][gc,age      ] GC(46) - age  13:      57384 bytes,    2919080 total
[2024-01-18T00:26:14.319+0000][7][gc,age      ] GC(46) - age  14:       5792 bytes,    2924872 total
[2024-01-18T00:26:14.319+0000][7][gc,age      ] GC(46) - age  15:      98768 bytes,    3023640 total
[2024-01-18T00:26:14.319+0000][7][gc,heap     ] GC(46) Eden regions: 152->0(152)
[2024-01-18T00:26:14.319+0000][7][gc,heap     ] GC(46) Survivor regions: 1->1(20)
[2024-01-18T00:26:14.319+0000][7][gc,heap     ] GC(46) Old regions: 31->31
[2024-01-18T00:26:14.319+0000][7][gc,heap     ] GC(46) Archive regions: 2->2
[2024-01-18T00:26:14.319+0000][7][gc,heap     ] GC(46) Humongous regions: 0->0
[2024-01-18T00:26:14.319+0000][7][gc,metaspace] GC(46) Metaspace: 128508K(132096K)->128508K(132096K) NonClass: 111563K(113408K)->111563K(113408K) Class: 16945K(18688K)->16945K(18688K)
[2024-01-18T00:26:14.319+0000][7][gc          ] GC(46) Pause Young (Normal) (G1 Evacuation Pause) 736M->129M(1024M) 3.045ms
[2024-01-18T00:26:14.319+0000][7][gc,cpu      ] GC(46) User=0.02s Sys=0.01s Real=0.00s
[2024-01-18T00:26:14.319+0000][7][safepoint   ] Safepoint "G1CollectForAllocation", Time since last: 14995617061 ns, Reaching safepoint: 57328 ns, At safepoint: 3132279 ns, Total: 3189607 ns
[2024-01-18T00:26:27.321+0000][7][safepoint   ] Safepoint "Cleanup", Time since last: 13001464307 ns, Reaching safepoint: 94234 ns, At safepoint: 6910 ns, Total: 101144 ns
[2024-01-18T00:26:29.321+0000][7][safepoint   ] Safepoint "Cleanup", Time since last: 2000253597 ns, Reaching safepoint: 84572 ns, At safepoint: 7281 ns, Total: 91853 ns
[2024-01-18T00:27:08.326+0000][7][safepoint   ] Safepoint "Cleanup", Time since last: 39004333722 ns, Reaching safepoint: 81698 ns, At safepoint: 7289 ns, Total: 88987 ns
[2024-01-18T00:27:14.327+0000][7][safepoint   ] Safepoint "Cleanup", Time since last: 6000933517 ns, Reaching safepoint: 63107 ns, At safepoint: 6403 ns, Total: 69510 ns
[2024-01-18T00:27:20.328+0000][7][safepoint   ] Safepoint "Cleanup", Time since last: 6001069746 ns, Reaching safepoint: 141983 ns, At safepoint: 19718 ns, Total: 161701 ns
[2024-01-18T00:27:26.329+0000][7][safepoint   ] Safepoint "Cleanup", Time since last: 6000636628 ns, Reaching safepoint: 108152 ns, At safepoint: 7447 ns, Total: 115599 ns
[2024-01-18T00:27:52.333+0000][7][safepoint   ] Safepoint "Cleanup", Time since last: 26003784521 ns, Reaching safepoint: 63616 ns, At safepoint: 5863 ns, Total: 69479 ns
[2024-01-18T00:27:54.333+0000][7][safepoint   ] Safepoint "Cleanup", Time since last: 2000325581 ns, Reaching safepoint: 103448 ns, At safepoint: 6548 ns, Total: 109996 ns
[2024-01-18T00:27:56.334+0000][7][safepoint   ] Safepoint "Cleanup", Time since last: 2000417459 ns, Reaching safepoint: 78476 ns, At safepoint: 5368 ns, Total: 83844 ns
[2024-01-18T00:27:57.334+0000][7][safepoint   ] Safepoint "Cleanup", Time since last: 1000245284 ns, Reaching safepoint: 86084 ns, At safepoint: 7914 ns, Total: 93998 ns
[2024-01-18T00:28:09.336+0000][7][safepoint   ] Safepoint "Cleanup", Time since last: 12002263170 ns, Reaching safepoint: 87515 ns, At safepoint: 8201 ns, Total: 95716 ns
[2024-01-18T00:28:15.337+0000][7][safepoint   ] Safepoint "Cleanup", Time since last: 6000713240 ns, Reaching safepoint: 104610 ns, At safepoint: 7677 ns, Total: 112287 ns
[2024-01-18T00:28:26.339+0000][7][safepoint   ] Safepoint "Cleanup", Time since last: 11001676528 ns, Reaching safepoint: 104385 ns, At safepoint: 8035 ns, Total: 112420 ns
[2024-01-18T00:28:56.342+0000][7][safepoint   ] Safepoint "Cleanup", Time since last: 30003285928 ns, Reaching safepoint: 94763 ns, At safepoint: 6707 ns, Total: 101470 ns
[2024-01-18T00:29:10.344+0000][7][safepoint   ] Safepoint "Cleanup", Time since last: 14001798438 ns, Reaching safepoint: 70134 ns, At safepoint: 6762 ns, Total: 76896 ns
[2024-01-18T00:29:15.345+0000][7][safepoint   ] Safepoint "Cleanup", Time since last: 5000585176 ns, Reaching safepoint: 71094 ns, At safepoint: 10483 ns, Total: 81577 ns
[2024-01-18T00:29:26.346+0000][7][safepoint   ] Safepoint "Cleanup", Time since last: 11001430888 ns, Reaching safepoint: 78653 ns, At safepoint: 5299 ns, Total: 83952 ns
[2024-01-18T00:29:44.315+0000][7][gc,start    ] GC(47) Pause Young (Normal) (G1 Evacuation Pause)
[2024-01-18T00:29:44.315+0000][7][gc,task     ] GC(47) Using 8 workers of 8 for evacuation
[2024-01-18T00:29:44.315+0000][7][gc,age      ] GC(47) Desired survivor size 41943040 bytes, new threshold 15 (max threshold 15)
[2024-01-18T00:29:44.318+0000][7][gc,phases   ] GC(47)   Pre Evacuate Collection Set: 0.1ms
[2024-01-18T00:29:44.318+0000][7][gc,phases   ] GC(47)   Merge Heap Roots: 0.1ms
[2024-01-18T00:29:44.318+0000][7][gc,phases   ] GC(47)   Evacuate Collection Set: 2.0ms
[2024-01-18T00:29:44.318+0000][7][gc,phases   ] GC(47)   Post Evacuate Collection Set: 0.7ms
[2024-01-18T00:29:44.318+0000][7][gc,phases   ] GC(47)   Other: 0.1ms
[2024-01-18T00:29:44.318+0000][7][gc,age      ] GC(47) Age table with threshold 15 (max threshold 15)
[2024-01-18T00:29:44.318+0000][7][gc,age      ] GC(47) - age   1:    1847272 bytes,    1847272 total
[2024-01-18T00:29:44.318+0000][7][gc,age      ] GC(47) - age   2:     129080 bytes,    1976352 total
[2024-01-18T00:29:44.318+0000][7][gc,age      ] GC(47) - age   3:     208568 bytes,    2184920 total
[2024-01-18T00:29:44.318+0000][7][gc,age      ] GC(47) - age   4:      97032 bytes,    2281952 total
[2024-01-18T00:29:44.318+0000][7][gc,age      ] GC(47) - age   5:     239768 bytes,    2521720 total
[2024-01-18T00:29:44.318+0000][7][gc,age      ] GC(47) - age   6:       6608 bytes,    2528328 total
[2024-01-18T00:29:44.318+0000][7][gc,age      ] GC(47) - age   7:       7752 bytes,    2536080 total
[2024-01-18T00:29:44.318+0000][7][gc,age      ] GC(47) - age   8:       4496 bytes,    2540576 total
[2024-01-18T00:29:44.318+0000][7][gc,age      ] GC(47) - age   9:     378040 bytes,    2918616 total
[2024-01-18T00:29:44.318+0000][7][gc,age      ] GC(47) - age  10:       2200 bytes,    2920816 total
[2024-01-18T00:29:44.318+0000][7][gc,age      ] GC(47) - age  11:       6568 bytes,    2927384 total
[2024-01-18T00:29:44.318+0000][7][gc,age      ] GC(47) - age  12:       5728 bytes,    2933112 total
[2024-01-18T00:29:44.318+0000][7][gc,age      ] GC(47) - age  13:       8936 bytes,    2942048 total
[2024-01-18T00:29:44.318+0000][7][gc,age      ] GC(47) - age  14:      57384 bytes,    2999432 total
[2024-01-18T00:29:44.318+0000][7][gc,age      ] GC(47) - age  15:       5792 bytes,    3005224 total
[2024-01-18T00:29:44.318+0000][7][gc,heap     ] GC(47) Eden regions: 152->0(152)
[2024-01-18T00:29:44.318+0000][7][gc,heap     ] GC(47) Survivor regions: 1->1(20)
[2024-01-18T00:29:44.318+0000][7][gc,heap     ] GC(47) Old regions: 31->31
[2024-01-18T00:29:44.318+0000][7][gc,heap     ] GC(47) Archive regions: 2->2
[2024-01-18T00:29:44.318+0000][7][gc,heap     ] GC(47) Humongous regions: 0->0
[2024-01-18T00:29:44.318+0000][7][gc,metaspace] GC(47) Metaspace: 128520K(132096K)->128520K(132096K) NonClass: 111574K(113408K)->111574K(113408K) Class: 16945K(18688K)->16945K(18688K)
[2024-01-18T00:29:44.318+0000][7][gc          ] GC(47) Pause Young (Normal) (G1 Evacuation Pause) 737M->129M(1024M) 3.479ms
[2024-01-18T00:29:44.318+0000][7][gc,cpu      ] GC(47) User=0.02s Sys=0.00s Real=0.00s
[2024-01-18T00:29:44.318+0000][7][safepoint   ] Safepoint "G1CollectForAllocation", Time since last: 17968105177 ns, Reaching safepoint: 71986 ns, At safepoint: 3573776 ns, Total: 3645762 ns
[2024-01-18T00:30:09.321+0000][7][safepoint   ] Safepoint "Cleanup", Time since last: 25003159652 ns, Reaching safepoint: 92604 ns, At safepoint: 8042 ns, Total: 100646 ns
[2024-01-18T00:30:44.326+0000][7][safepoint   ] Safepoint "Cleanup", Time since last: 35004555166 ns, Reaching safepoint: 83639 ns, At safepoint: 4765 ns, Total: 88404 ns
[2024-01-18T00:30:50.327+0000][7][safepoint   ] Safepoint "Cleanup", Time since last: 6000868774 ns, Reaching safepoint: 65468 ns, At safepoint: 5253 ns, Total: 70721 ns
[2024-01-18T00:30:53.327+0000][7][safepoint   ] Safepoint "Cleanup", Time since last: 3000413276 ns, Reaching safepoint: 93773 ns, At safepoint: 6036 ns, Total: 99809 ns
[2024-01-18T00:30:56.328+0000][7][safepoint   ] Safepoint "Cleanup", Time since last: 3000286513 ns, Reaching safepoint: 148887 ns, At safepoint: 10716 ns, Total: 159603 ns
[2024-01-18T00:32:14.338+0000][7][safepoint   ] Safepoint "Cleanup", Time since last: 78009700627 ns, Reaching safepoint: 120913 ns, At safepoint: 25661 ns, Total: 146574 ns
[2024-01-18T00:32:26.340+0000][7][safepoint   ] Safepoint "Cleanup", Time since last: 12001761547 ns, Reaching safepoint: 96852 ns, At safepoint: 6262 ns, Total: 103114 ns
[2024-01-18T00:32:27.340+0000][7][safepoint   ] Safepoint "Cleanup", Time since last: 1000244537 ns, Reaching safepoint: 95470 ns, At safepoint: 8444 ns, Total: 103914 ns
[2024-01-18T00:32:32.341+0000][7][safepoint   ] Safepoint "Cleanup", Time since last: 5000641168 ns, Reaching safepoint: 71821 ns, At safepoint: 10840 ns, Total: 82661 ns
[2024-01-18T00:32:57.516+0000][7][safepoint   ] Safepoint "Cleanup", Time since last: 25174707728 ns, Reaching safepoint: 260469 ns, At safepoint: 8149 ns, Total: 268618 ns
[2024-01-18T00:33:17.334+0000][7][gc,start    ] GC(48) Pause Young (Normal) (G1 Evacuation Pause)
[2024-01-18T00:33:17.335+0000][7][gc,task     ] GC(48) Using 8 workers of 8 for evacuation
[2024-01-18T00:33:17.335+0000][7][gc,age      ] GC(48) Desired survivor size 41943040 bytes, new threshold 15 (max threshold 15)
[2024-01-18T00:33:17.337+0000][7][gc,phases   ] GC(48)   Pre Evacuate Collection Set: 0.1ms
[2024-01-18T00:33:17.337+0000][7][gc,phases   ] GC(48)   Merge Heap Roots: 0.1ms
[2024-01-18T00:33:17.337+0000][7][gc,phases   ] GC(48)   Evacuate Collection Set: 1.5ms
[2024-01-18T00:33:17.337+0000][7][gc,phases   ] GC(48)   Post Evacuate Collection Set: 0.8ms
[2024-01-18T00:33:17.337+0000][7][gc,phases   ] GC(48)   Other: 0.1ms
[2024-01-18T00:33:17.337+0000][7][gc,age      ] GC(48) Age table with threshold 15 (max threshold 15)
[2024-01-18T00:33:17.337+0000][7][gc,age      ] GC(48) - age   1:     898888 bytes,     898888 total
[2024-01-18T00:33:17.337+0000][7][gc,age      ] GC(48) - age   2:       5576 bytes,     904464 total
[2024-01-18T00:33:17.337+0000][7][gc,age      ] GC(48) - age   3:     123784 bytes,    1028248 total
[2024-01-18T00:33:17.337+0000][7][gc,age      ] GC(48) - age   4:     208376 bytes,    1236624 total
[2024-01-18T00:33:17.337+0000][7][gc,age      ] GC(48) - age   5:      97032 bytes,    1333656 total
[2024-01-18T00:33:17.337+0000][7][gc,age      ] GC(48) - age   6:     223400 bytes,    1557056 total
[2024-01-18T00:33:17.337+0000][7][gc,age      ] GC(48) - age   7:       6608 bytes,    1563664 total
[2024-01-18T00:33:17.337+0000][7][gc,age      ] GC(48) - age   8:       7752 bytes,    1571416 total
[2024-01-18T00:33:17.337+0000][7][gc,age      ] GC(48) - age   9:       4496 bytes,    1575912 total
[2024-01-18T00:33:17.337+0000][7][gc,age      ] GC(48) - age  10:     378040 bytes,    1953952 total
[2024-01-18T00:33:17.337+0000][7][gc,age      ] GC(48) - age  11:       2200 bytes,    1956152 total
[2024-01-18T00:33:17.337+0000][7][gc,age      ] GC(48) - age  12:       6568 bytes,    1962720 total
[2024-01-18T00:33:17.337+0000][7][gc,age      ] GC(48) - age  13:       5728 bytes,    1968448 total
[2024-01-18T00:33:17.337+0000][7][gc,age      ] GC(48) - age  14:       8936 bytes,    1977384 total
[2024-01-18T00:33:17.337+0000][7][gc,age      ] GC(48) - age  15:      57384 bytes,    2034768 total
[2024-01-18T00:33:17.337+0000][7][gc,heap     ] GC(48) Eden regions: 152->0(152)
[2024-01-18T00:33:17.337+0000][7][gc,heap     ] GC(48) Survivor regions: 1->1(20)
[2024-01-18T00:33:17.337+0000][7][gc,heap     ] GC(48) Old regions: 31->31
[2024-01-18T00:33:17.337+0000][7][gc,heap     ] GC(48) Archive regions: 2->2
[2024-01-18T00:33:17.337+0000][7][gc,heap     ] GC(48) Humongous regions: 0->0
[2024-01-18T00:33:17.337+0000][7][gc,metaspace] GC(48) Metaspace: 128534K(132160K)->128534K(132160K) NonClass: 111589K(113472K)->111589K(113472K) Class: 16945K(18688K)->16945K(18688K)
[2024-01-18T00:33:17.337+0000][7][gc          ] GC(48) Pause Young (Normal) (G1 Evacuation Pause) 737M->128M(1024M) 2.869ms
[2024-01-18T00:33:17.337+0000][7][gc,cpu      ] GC(48) User=0.02s Sys=0.00s Real=0.00s
[2024-01-18T00:33:17.337+0000][7][safepoint   ] Safepoint "G1CollectForAllocation", Time since last: 19818675349 ns, Reaching safepoint: 85950 ns, At safepoint: 2959099 ns, Total: 3045049 ns
[2024-01-18T00:33:18.338+0000][7][safepoint   ] Safepoint "Cleanup", Time since last: 1000095914 ns, Reaching safepoint: 71622 ns, At safepoint: 13116 ns, Total: 84738 ns
[2024-01-18T00:34:09.343+0000][7][safepoint   ] Safepoint "Cleanup", Time since last: 51005491207 ns, Reaching safepoint: 74933 ns, At safepoint: 6975 ns, Total: 81908 ns
[2024-01-18T00:34:14.344+0000][7][safepoint   ] Safepoint "Cleanup", Time since last: 5000861815 ns, Reaching safepoint: 70878 ns, At safepoint: 9167 ns, Total: 80045 ns
[2024-01-18T00:34:15.344+0000][7][safepoint   ] Safepoint "Cleanup", Time since last: 1000128836 ns, Reaching safepoint: 75464 ns, At safepoint: 10790 ns, Total: 86254 ns
[2024-01-18T00:34:45.348+0000][7][safepoint   ] Safepoint "Cleanup", Time since last: 30003779437 ns, Reaching safepoint: 92519 ns, At safepoint: 17140 ns, Total: 109659 ns
[2024-01-18T00:35:07.351+0000][7][safepoint   ] Safepoint "Cleanup", Time since last: 22002325969 ns, Reaching safepoint: 100932 ns, At safepoint: 25270 ns, Total: 126202 ns
[2024-01-18T00:35:15.762+0000][7][safepoint   ] Safepoint "Cleanup", Time since last: 8410911366 ns, Reaching safepoint: 128040 ns, At safepoint: 6904 ns, Total: 134944 ns
[2024-01-18T00:35:23.763+0000][7][safepoint   ] Safepoint "Cleanup", Time since last: 8001429119 ns, Reaching safepoint: 113364 ns, At safepoint: 10377 ns, Total: 123741 ns
[2024-01-18T00:36:03.131+0000][7][safepoint   ] Safepoint "Cleanup", Time since last: 39367110936 ns, Reaching safepoint: 118752 ns, At safepoint: 15631 ns, Total: 134383 ns
[2024-01-18T00:36:15.133+0000][7][safepoint   ] Safepoint "Cleanup", Time since last: 12001884373 ns, Reaching safepoint: 121742 ns, At safepoint: 19905 ns, Total: 141647 ns
[2024-01-18T00:36:26.135+0000][7][safepoint   ] Safepoint "Cleanup", Time since last: 11001877183 ns, Reaching safepoint: 98952 ns, At safepoint: 7875 ns, Total: 106827 ns
[2024-01-18T00:36:44.415+0000][7][gc,start    ] GC(49) Pause Young (Normal) (G1 Evacuation Pause)
[2024-01-18T00:36:44.415+0000][7][gc,task     ] GC(49) Using 8 workers of 8 for evacuation
[2024-01-18T00:36:44.415+0000][7][gc,age      ] GC(49) Desired survivor size 41943040 bytes, new threshold 15 (max threshold 15)
[2024-01-18T00:36:44.418+0000][7][gc,phases   ] GC(49)   Pre Evacuate Collection Set: 0.1ms
[2024-01-18T00:36:44.418+0000][7][gc,phases   ] GC(49)   Merge Heap Roots: 0.1ms
[2024-01-18T00:36:44.418+0000][7][gc,phases   ] GC(49)   Evacuate Collection Set: 2.0ms
[2024-01-18T00:36:44.418+0000][7][gc,phases   ] GC(49)   Post Evacuate Collection Set: 0.8ms
[2024-01-18T00:36:44.418+0000][7][gc,phases   ] GC(49)   Other: 0.1ms
[2024-01-18T00:36:44.418+0000][7][gc,age      ] GC(49) Age table with threshold 15 (max threshold 15)
[2024-01-18T00:36:44.419+0000][7][gc,age      ] GC(49) - age   1:    1589632 bytes,    1589632 total
[2024-01-18T00:36:44.419+0000][7][gc,age      ] GC(49) - age   2:       8504 bytes,    1598136 total
[2024-01-18T00:36:44.419+0000][7][gc,age      ] GC(49) - age   3:       3016 bytes,    1601152 total
[2024-01-18T00:36:44.419+0000][7][gc,age      ] GC(49) - age   4:     115576 bytes,    1716728 total
[2024-01-18T00:36:44.419+0000][7][gc,age      ] GC(49) - age   5:     208376 bytes,    1925104 total
[2024-01-18T00:36:44.419+0000][7][gc,age      ] GC(49) - age   6:      32392 bytes,    1957496 total
[2024-01-18T00:36:44.419+0000][7][gc,age      ] GC(49) - age   7:     223400 bytes,    2180896 total
[2024-01-18T00:36:44.419+0000][7][gc,age      ] GC(49) - age   8:       6608 bytes,    2187504 total
[2024-01-18T00:36:44.419+0000][7][gc,age      ] GC(49) - age   9:       7752 bytes,    2195256 total
[2024-01-18T00:36:44.419+0000][7][gc,age      ] GC(49) - age  10:       4496 bytes,    2199752 total
[2024-01-18T00:36:44.419+0000][7][gc,age      ] GC(49) - age  11:     378040 bytes,    2577792 total
[2024-01-18T00:36:44.419+0000][7][gc,age      ] GC(49) - age  12:       2200 bytes,    2579992 total
[2024-01-18T00:36:44.419+0000][7][gc,age      ] GC(49) - age  13:       6568 bytes,    2586560 total
[2024-01-18T00:36:44.419+0000][7][gc,age      ] GC(49) - age  14:       5728 bytes,    2592288 total
[2024-01-18T00:36:44.419+0000][7][gc,age      ] GC(49) - age  15:       8936 bytes,    2601224 total
[2024-01-18T00:36:44.419+0000][7][gc,heap     ] GC(49) Eden regions: 152->0(152)
[2024-01-18T00:36:44.419+0000][7][gc,heap     ] GC(49) Survivor regions: 1->1(20)
[2024-01-18T00:36:44.419+0000][7][gc,heap     ] GC(49) Old regions: 31->31
[2024-01-18T00:36:44.419+0000][7][gc,heap     ] GC(49) Archive regions: 2->2
[2024-01-18T00:36:44.419+0000][7][gc,heap     ] GC(49) Humongous regions: 0->0
[2024-01-18T00:36:44.419+0000][7][gc,metaspace] GC(49) Metaspace: 128560K(132160K)->128560K(132160K) NonClass: 111615K(113472K)->111615K(113472K) Class: 16945K(18688K)->16945K(18688K)
[2024-01-18T00:36:44.419+0000][7][gc          ] GC(49) Pause Young (Normal) (G1 Evacuation Pause) 736M->129M(1024M) 3.386ms
[2024-01-18T00:36:44.419+0000][7][gc,cpu      ] GC(49) User=0.02s Sys=0.00s Real=0.00s
[2024-01-18T00:36:44.419+0000][7][safepoint   ] Safepoint "G1CollectForAllocation", Time since last: 18280659773 ns, Reaching safepoint: 69832 ns, At safepoint: 3478520 ns, Total: 3548352 ns
[2024-01-18T00:37:08.422+0000][7][safepoint   ] Safepoint "Cleanup", Time since last: 24003481543 ns, Reaching safepoint: 79838 ns, At safepoint: 43504 ns, Total: 123342 ns
[2024-01-18T00:37:26.425+0000][7][safepoint   ] Safepoint "Cleanup", Time since last: 18002334351 ns, Reaching safepoint: 101215 ns, At safepoint: 6087 ns, Total: 107302 ns
[2024-01-18T00:37:27.425+0000][7][safepoint   ] Safepoint "Cleanup", Time since last: 1000140879 ns, Reaching safepoint: 79932 ns, At safepoint: 10251 ns, Total: 90183 ns
[2024-01-18T00:37:29.425+0000][7][safepoint   ] Safepoint "Cleanup", Time since last: 2000288539 ns, Reaching safepoint: 64232 ns, At safepoint: 5976 ns, Total: 70208 ns
[2024-01-18T00:38:20.431+0000][7][safepoint   ] Safepoint "Cleanup", Time since last: 51005998873 ns, Reaching safepoint: 107493 ns, At safepoint: 10701 ns, Total: 118194 ns
[2024-01-18T00:38:26.432+0000][7][safepoint   ] Safepoint "Cleanup", Time since last: 6000910878 ns, Reaching safepoint: 96703 ns, At safepoint: 6442 ns, Total: 103145 ns
[2024-01-18T00:38:39.434+0000][7][safepoint   ] Safepoint "Cleanup", Time since last: 13001600810 ns, Reaching safepoint: 70904 ns, At safepoint: 10142 ns, Total: 81046 ns
[2024-01-18T00:39:07.438+0000][7][safepoint   ] Safepoint "Cleanup", Time since last: 28004088537 ns, Reaching safepoint: 38973 ns, At safepoint: 4160 ns, Total: 43133 ns
[2024-01-18T00:39:08.439+0000][7][safepoint   ] Safepoint "Cleanup", Time since last: 1000195414 ns, Reaching safepoint: 41575 ns, At safepoint: 4528 ns, Total: 46103 ns
[2024-01-18T00:39:09.439+0000][7][safepoint   ] Safepoint "Cleanup", Time since last: 1000148956 ns, Reaching safepoint: 57265 ns, At safepoint: 3559 ns, Total: 60824 ns
[2024-01-18T00:39:11.439+0000][7][safepoint   ] Safepoint "Cleanup", Time since last: 2000204862 ns, Reaching safepoint: 66681 ns, At safepoint: 22664 ns, Total: 89345 ns
[2024-01-18T00:39:26.441+0000][7][safepoint   ] Safepoint "Cleanup", Time since last: 15002012387 ns, Reaching safepoint: 114473 ns, At safepoint: 9514 ns, Total: 123987 ns
[2024-01-18T00:39:27.441+0000][7][safepoint   ] Safepoint "Cleanup", Time since last: 1000217786 ns, Reaching safepoint: 71575 ns, At safepoint: 10169 ns, Total: 81744 ns
[2024-01-18T00:40:08.341+0000][7][gc,start    ] GC(50) Pause Young (Normal) (G1 Evacuation Pause)
[2024-01-18T00:40:08.341+0000][7][gc,task     ] GC(50) Using 8 workers of 8 for evacuation
[2024-01-18T00:40:08.341+0000][7][gc,age      ] GC(50) Desired survivor size 41943040 bytes, new threshold 15 (max threshold 15)
[2024-01-18T00:40:08.344+0000][7][gc,phases   ] GC(50)   Pre Evacuate Collection Set: 0.2ms
[2024-01-18T00:40:08.344+0000][7][gc,phases   ] GC(50)   Merge Heap Roots: 0.1ms
[2024-01-18T00:40:08.344+0000][7][gc,phases   ] GC(50)   Evacuate Collection Set: 1.9ms
[2024-01-18T00:40:08.344+0000][7][gc,phases   ] GC(50)   Post Evacuate Collection Set: 0.8ms
[2024-01-18T00:40:08.344+0000][7][gc,phases   ] GC(50)   Other: 0.1ms
[2024-01-18T00:40:08.344+0000][7][gc,age      ] GC(50) Age table with threshold 15 (max threshold 15)
[2024-01-18T00:40:08.344+0000][7][gc,age      ] GC(50) - age   1:    1640592 bytes,    1640592 total
[2024-01-18T00:40:08.344+0000][7][gc,age      ] GC(50) - age   2:      11720 bytes,    1652312 total
[2024-01-18T00:40:08.344+0000][7][gc,age      ] GC(50) - age   3:       7168 bytes,    1659480 total
[2024-01-18T00:40:08.344+0000][7][gc,age      ] GC(50) - age   4:       2952 bytes,    1662432 total
[2024-01-18T00:40:08.344+0000][7][gc,age      ] GC(50) - age   5:     115392 bytes,    1777824 total
[2024-01-18T00:40:08.344+0000][7][gc,age      ] GC(50) - age   6:     159920 bytes,    1937744 total
[2024-01-18T00:40:08.344+0000][7][gc,age      ] GC(50) - age   7:      32392 bytes,    1970136 total
[2024-01-18T00:40:08.344+0000][7][gc,age      ] GC(50) - age   8:     223400 bytes,    2193536 total
[2024-01-18T00:40:08.344+0000][7][gc,age      ] GC(50) - age   9:       6608 bytes,    2200144 total
[2024-01-18T00:40:08.344+0000][7][gc,age      ] GC(50) - age  10:       7752 bytes,    2207896 total
[2024-01-18T00:40:08.344+0000][7][gc,age      ] GC(50) - age  11:       4496 bytes,    2212392 total
[2024-01-18T00:40:08.344+0000][7][gc,age      ] GC(50) - age  12:     378040 bytes,    2590432 total
[2024-01-18T00:40:08.344+0000][7][gc,age      ] GC(50) - age  13:       2200 bytes,    2592632 total
[2024-01-18T00:40:08.344+0000][7][gc,age      ] GC(50) - age  14:       6568 bytes,    2599200 total
[2024-01-18T00:40:08.344+0000][7][gc,age      ] GC(50) - age  15:       5728 bytes,    2604928 total
[2024-01-18T00:40:08.344+0000][7][gc,heap     ] GC(50) Eden regions: 152->0(152)
[2024-01-18T00:40:08.344+0000][7][gc,heap     ] GC(50) Survivor regions: 1->1(20)
[2024-01-18T00:40:08.344+0000][7][gc,heap     ] GC(50) Old regions: 31->31
[2024-01-18T00:40:08.344+0000][7][gc,heap     ] GC(50) Archive regions: 2->2
[2024-01-18T00:40:08.344+0000][7][gc,heap     ] GC(50) Humongous regions: 0->0
[2024-01-18T00:40:08.344+0000][7][gc,metaspace] GC(50) Metaspace: 128572K(132224K)->128572K(132224K) NonClass: 111627K(113536K)->111627K(113536K) Class: 16945K(18688K)->16945K(18688K)
[2024-01-18T00:40:08.344+0000][7][gc          ] GC(50) Pause Young (Normal) (G1 Evacuation Pause) 737M->129M(1024M) 3.398ms
[2024-01-18T00:40:08.344+0000][7][gc,cpu      ] GC(50) User=0.01s Sys=0.00s Real=0.00s
[2024-01-18T00:40:08.344+0000][7][safepoint   ] Safepoint "G1CollectForAllocation", Time since last: 40899204109 ns, Reaching safepoint: 42105 ns, At safepoint: 3493726 ns, Total: 3535831 ns
[2024-01-18T00:40:26.346+0000][7][safepoint   ] Safepoint "Cleanup", Time since last: 18001654827 ns, Reaching safepoint: 142969 ns, At safepoint: 10427 ns, Total: 153396 ns
[2024-01-18T00:41:21.352+0000][7][safepoint   ] Safepoint "Cleanup", Time since last: 55006259808 ns, Reaching safepoint: 92498 ns, At safepoint: 6878 ns, Total: 99376 ns
[2024-01-18T00:41:26.353+0000][7][safepoint   ] Safepoint "Cleanup", Time since last: 5000491771 ns, Reaching safepoint: 140956 ns, At safepoint: 8405 ns, Total: 149361 ns
[2024-01-18T00:41:37.355+0000][7][safepoint   ] Safepoint "Cleanup", Time since last: 11001838660 ns, Reaching safepoint: 78213 ns, At safepoint: 45156 ns, Total: 123369 ns
[2024-01-18T00:41:38.355+0000][7][safepoint   ] Safepoint "Cleanup", Time since last: 1000142085 ns, Reaching safepoint: 71328 ns, At safepoint: 7502 ns, Total: 78830 ns
[2024-01-18T00:41:48.357+0000][7][safepoint   ] Safepoint "Cleanup", Time since last: 10001246694 ns, Reaching safepoint: 65704 ns, At safepoint: 6831 ns, Total: 72535 ns
[2024-01-18T00:42:10.359+0000][7][safepoint   ] Safepoint "Cleanup", Time since last: 22002510798 ns, Reaching safepoint: 97320 ns, At safepoint: 24609 ns, Total: 121929 ns
[2024-01-18T00:42:26.361+0000][7][safepoint   ] Safepoint "Cleanup", Time since last: 16001710698 ns, Reaching safepoint: 93368 ns, At safepoint: 3550 ns, Total: 96918 ns
[2024-01-18T00:42:38.362+0000][7][safepoint   ] Safepoint "Cleanup", Time since last: 12001442890 ns, Reaching safepoint: 56119 ns, At safepoint: 5131 ns, Total: 61250 ns
[2024-01-18T00:42:39.363+0000][7][safepoint   ] Safepoint "Cleanup", Time since last: 1000144316 ns, Reaching safepoint: 91060 ns, At safepoint: 23762 ns, Total: 114822 ns
[2024-01-18T00:43:05.366+0000][7][safepoint   ] Safepoint "Cleanup", Time since last: 26003173925 ns, Reaching safepoint: 89208 ns, At safepoint: 6859 ns, Total: 96067 ns
[2024-01-18T00:43:26.369+0000][7][safepoint   ] Safepoint "Cleanup", Time since last: 21002893893 ns, Reaching safepoint: 138021 ns, At safepoint: 6165 ns, Total: 144186 ns
[2024-01-18T00:43:39.218+0000][7][gc,start    ] GC(51) Pause Young (Normal) (G1 Evacuation Pause)
[2024-01-18T00:43:39.218+0000][7][gc,task     ] GC(51) Using 8 workers of 8 for evacuation
[2024-01-18T00:43:39.218+0000][7][gc,age      ] GC(51) Desired survivor size 41943040 bytes, new threshold 15 (max threshold 15)
[2024-01-18T00:43:39.221+0000][7][gc,phases   ] GC(51)   Pre Evacuate Collection Set: 0.2ms
[2024-01-18T00:43:39.221+0000][7][gc,phases   ] GC(51)   Merge Heap Roots: 0.1ms
[2024-01-18T00:43:39.221+0000][7][gc,phases   ] GC(51)   Evacuate Collection Set: 1.5ms
[2024-01-18T00:43:39.221+0000][7][gc,phases   ] GC(51)   Post Evacuate Collection Set: 0.9ms
[2024-01-18T00:43:39.221+0000][7][gc,phases   ] GC(51)   Other: 0.1ms
[2024-01-18T00:43:39.221+0000][7][gc,age      ] GC(51) Age table with threshold 15 (max threshold 15)
[2024-01-18T00:43:39.221+0000][7][gc,age      ] GC(51) - age   1:     743384 bytes,     743384 total
[2024-01-18T00:43:39.221+0000][7][gc,age      ] GC(51) - age   2:      11256 bytes,     754640 total
[2024-01-18T00:43:39.221+0000][7][gc,age      ] GC(51) - age   3:        984 bytes,     755624 total
[2024-01-18T00:43:39.221+0000][7][gc,age      ] GC(51) - age   4:       3192 bytes,     758816 total
[2024-01-18T00:43:39.221+0000][7][gc,age      ] GC(51) - age   5:       2432 bytes,     761248 total
[2024-01-18T00:43:39.221+0000][7][gc,age      ] GC(51) - age   6:      82928 bytes,     844176 total
[2024-01-18T00:43:39.221+0000][7][gc,age      ] GC(51) - age   7:     159920 bytes,    1004096 total
[2024-01-18T00:43:39.221+0000][7][gc,age      ] GC(51) - age   8:      23840 bytes,    1027936 total
[2024-01-18T00:43:39.221+0000][7][gc,age      ] GC(51) - age   9:     223400 bytes,    1251336 total
[2024-01-18T00:43:39.221+0000][7][gc,age      ] GC(51) - age  10:       6608 bytes,    1257944 total
[2024-01-18T00:43:39.221+0000][7][gc,age      ] GC(51) - age  11:       7752 bytes,    1265696 total
[2024-01-18T00:43:39.221+0000][7][gc,age      ] GC(51) - age  12:       4496 bytes,    1270192 total
[2024-01-18T00:43:39.221+0000][7][gc,age      ] GC(51) - age  13:     378040 bytes,    1648232 total
[2024-01-18T00:43:39.221+0000][7][gc,age      ] GC(51) - age  14:       2200 bytes,    1650432 total
[2024-01-18T00:43:39.221+0000][7][gc,age      ] GC(51) - age  15:       6568 bytes,    1657000 total
[2024-01-18T00:43:39.221+0000][7][gc,heap     ] GC(51) Eden regions: 152->0(152)
[2024-01-18T00:43:39.221+0000][7][gc,heap     ] GC(51) Survivor regions: 1->1(20)
[2024-01-18T00:43:39.221+0000][7][gc,heap     ] GC(51) Old regions: 31->31
[2024-01-18T00:43:39.221+0000][7][gc,heap     ] GC(51) Archive regions: 2->2
[2024-01-18T00:43:39.221+0000][7][gc,heap     ] GC(51) Humongous regions: 0->0
[2024-01-18T00:43:39.221+0000][7][gc,metaspace] GC(51) Metaspace: 128588K(132288K)->128588K(132288K) NonClass: 111643K(113600K)->111643K(113600K) Class: 16945K(18688K)->16945K(18688K)
[2024-01-18T00:43:39.221+0000][7][gc          ] GC(51) Pause Young (Normal) (G1 Evacuation Pause) 737M->128M(1024M) 3.160ms
[2024-01-18T00:43:39.221+0000][7][gc,cpu      ] GC(51) User=0.02s Sys=0.00s Real=0.01s
[2024-01-18T00:43:39.221+0000][7][safepoint   ] Safepoint "G1CollectForAllocation", Time since last: 12848653809 ns, Reaching safepoint: 70318 ns, At safepoint: 3260886 ns, Total: 3331204 ns
[2024-01-18T00:44:26.227+0000][7][safepoint   ] Safepoint "Cleanup", Time since last: 47005482147 ns, Reaching safepoint: 136654 ns, At safepoint: 9982 ns, Total: 146636 ns
[2024-01-18T00:45:09.232+0000][7][safepoint   ] Safepoint "Cleanup", Time since last: 43005220299 ns, Reaching safepoint: 72567 ns, At safepoint: 21964 ns, Total: 94531 ns
[2024-01-18T00:45:10.232+0000][7][safepoint   ] Safepoint "Cleanup", Time since last: 1000154582 ns, Reaching safepoint: 79909 ns, At safepoint: 8761 ns, Total: 88670 ns
[2024-01-18T00:45:12.233+0000][7][safepoint   ] Safepoint "Cleanup", Time since last: 2000260499 ns, Reaching safepoint: 106671 ns, At safepoint: 7552 ns, Total: 114223 ns
[2024-01-18T00:45:26.235+0000][7][safepoint   ] Safepoint "Cleanup", Time since last: 14002120994 ns, Reaching safepoint: 116642 ns, At safepoint: 6976 ns, Total: 123618 ns
[2024-01-18T00:46:07.241+0000][7][safepoint   ] Safepoint "Cleanup", Time since last: 41005625301 ns, Reaching safepoint: 95706 ns, At safepoint: 6583 ns, Total: 102289 ns
[2024-01-18T00:46:21.242+0000][7][safepoint   ] Safepoint "Cleanup", Time since last: 14001719314 ns, Reaching safepoint: 93465 ns, At safepoint: 8875 ns, Total: 102340 ns
[2024-01-18T00:46:26.243+0000][7][safepoint   ] Safepoint "Cleanup", Time since last: 5000809927 ns, Reaching safepoint: 90273 ns, At safepoint: 6394 ns, Total: 96667 ns
[2024-01-18T00:46:37.245+0000][7][safepoint   ] Safepoint "Cleanup", Time since last: 11001256231 ns, Reaching safepoint: 78357 ns, At safepoint: 5233 ns, Total: 83590 ns
[2024-01-18T00:46:39.245+0000][7][safepoint   ] Safepoint "Cleanup", Time since last: 2000202300 ns, Reaching safepoint: 48213 ns, At safepoint: 4767 ns, Total: 52980 ns
[2024-01-18T00:47:02.403+0000][7][gc,start    ] GC(52) Pause Young (Normal) (G1 Evacuation Pause)
[2024-01-18T00:47:02.403+0000][7][gc,task     ] GC(52) Using 8 workers of 8 for evacuation
[2024-01-18T00:47:02.403+0000][7][gc,age      ] GC(52) Desired survivor size 41943040 bytes, new threshold 15 (max threshold 15)
[2024-01-18T00:47:02.406+0000][7][gc,phases   ] GC(52)   Pre Evacuate Collection Set: 0.1ms
[2024-01-18T00:47:02.406+0000][7][gc,phases   ] GC(52)   Merge Heap Roots: 0.1ms
[2024-01-18T00:47:02.406+0000][7][gc,phases   ] GC(52)   Evacuate Collection Set: 1.7ms
[2024-01-18T00:47:02.406+0000][7][gc,phases   ] GC(52)   Post Evacuate Collection Set: 0.7ms
[2024-01-18T00:47:02.406+0000][7][gc,phases   ] GC(52)   Other: 0.1ms
[2024-01-18T00:47:02.406+0000][7][gc,age      ] GC(52) Age table with threshold 15 (max threshold 15)
[2024-01-18T00:47:02.406+0000][7][gc,age      ] GC(52) - age   1:    1773776 bytes,    1773776 total
[2024-01-18T00:47:02.406+0000][7][gc,age      ] GC(52) - age   2:      14848 bytes,    1788624 total
[2024-01-18T00:47:02.406+0000][7][gc,age      ] GC(52) - age   3:       1272 bytes,    1789896 total
[2024-01-18T00:47:02.406+0000][7][gc,age      ] GC(52) - age   4:        792 bytes,    1790688 total
[2024-01-18T00:47:02.406+0000][7][gc,age      ] GC(52) - age   5:       3128 bytes,    1793816 total
[2024-01-18T00:47:02.406+0000][7][gc,age      ] GC(52) - age   6:       2432 bytes,    1796248 total
[2024-01-18T00:47:02.406+0000][7][gc,age      ] GC(52) - age   7:      82544 bytes,    1878792 total
[2024-01-18T00:47:02.406+0000][7][gc,age      ] GC(52) - age   8:     159920 bytes,    2038712 total
[2024-01-18T00:47:02.406+0000][7][gc,age      ] GC(52) - age   9:      23656 bytes,    2062368 total
[2024-01-18T00:47:02.406+0000][7][gc,age      ] GC(52) - age  10:     223400 bytes,    2285768 total
[2024-01-18T00:47:02.406+0000][7][gc,age      ] GC(52) - age  11:       6608 bytes,    2292376 total
[2024-01-18T00:47:02.406+0000][7][gc,age      ] GC(52) - age  12:       7752 bytes,    2300128 total
[2024-01-18T00:47:02.406+0000][7][gc,age      ] GC(52) - age  13:       4496 bytes,    2304624 total
[2024-01-18T00:47:02.406+0000][7][gc,age      ] GC(52) - age  14:     378040 bytes,    2682664 total
[2024-01-18T00:47:02.406+0000][7][gc,age      ] GC(52) - age  15:       2200 bytes,    2684864 total
[2024-01-18T00:47:02.406+0000][7][gc,heap     ] GC(52) Eden regions: 152->0(152)
[2024-01-18T00:47:02.406+0000][7][gc,heap     ] GC(52) Survivor regions: 1->1(20)
[2024-01-18T00:47:02.406+0000][7][gc,heap     ] GC(52) Old regions: 31->31
[2024-01-18T00:47:02.406+0000][7][gc,heap     ] GC(52) Archive regions: 2->2
[2024-01-18T00:47:02.406+0000][7][gc,heap     ] GC(52) Humongous regions: 0->0
[2024-01-18T00:47:02.406+0000][7][gc,metaspace] GC(52) Metaspace: 128602K(132288K)->128602K(132288K) NonClass: 111657K(113600K)->111657K(113600K) Class: 16945K(18688K)->16945K(18688K)
[2024-01-18T00:47:02.406+0000][7][gc          ] GC(52) Pause Young (Normal) (G1 Evacuation Pause) 736M->129M(1024M) 2.977ms
[2024-01-18T00:47:02.406+0000][7][gc,cpu      ] GC(52) User=0.02s Sys=0.00s Real=0.00s
[2024-01-18T00:47:02.406+0000][7][safepoint   ] Safepoint "G1CollectForAllocation", Time since last: 23158118924 ns, Reaching safepoint: 54110 ns, At safepoint: 3104075 ns, Total: 3158185 ns
[2024-01-18T00:47:17.408+0000][7][safepoint   ] Safepoint "Cleanup", Time since last: 15001388110 ns, Reaching safepoint: 76954 ns, At safepoint: 4818 ns, Total: 81772 ns
[2024-01-18T00:47:20.408+0000][7][safepoint   ] Safepoint "Cleanup", Time since last: 3000328969 ns, Reaching safepoint: 48117 ns, At safepoint: 3385 ns, Total: 51502 ns
[2024-01-18T00:47:57.412+0000][7][safepoint   ] Safepoint "Cleanup", Time since last: 37004341620 ns, Reaching safepoint: 61779 ns, At safepoint: 5291 ns, Total: 67070 ns
[2024-01-18T00:48:02.413+0000][7][safepoint   ] Safepoint "Cleanup", Time since last: 5000560936 ns, Reaching safepoint: 107831 ns, At safepoint: 6274 ns, Total: 114105 ns
[2024-01-18T00:48:26.416+0000][7][safepoint   ] Safepoint "Cleanup", Time since last: 24002553690 ns, Reaching safepoint: 76137 ns, At safepoint: 7431 ns, Total: 83568 ns
[2024-01-18T00:48:32.416+0000][7][safepoint   ] Safepoint "Cleanup", Time since last: 6000620759 ns, Reaching safepoint: 51462 ns, At safepoint: 3220 ns, Total: 54682 ns
[2024-01-18T00:48:35.417+0000][7][safepoint   ] Safepoint "Cleanup", Time since last: 3000450967 ns, Reaching safepoint: 71951 ns, At safepoint: 10459 ns, Total: 82410 ns
[2024-01-18T00:49:03.421+0000][7][safepoint   ] Safepoint "Cleanup", Time since last: 28003746915 ns, Reaching safepoint: 81604 ns, At safepoint: 9510 ns, Total: 91114 ns
[2024-01-18T00:49:14.422+0000][7][safepoint   ] Safepoint "Cleanup", Time since last: 11001500954 ns, Reaching safepoint: 80180 ns, At safepoint: 3974 ns, Total: 84154 ns
[2024-01-18T00:49:15.423+0000][7][safepoint   ] Safepoint "Cleanup", Time since last: 1000204449 ns, Reaching safepoint: 62042 ns, At safepoint: 6798 ns, Total: 68840 ns
[2024-01-18T00:49:17.423+0000][7][safepoint   ] Safepoint "Cleanup", Time since last: 2000340833 ns, Reaching safepoint: 96933 ns, At safepoint: 6312 ns, Total: 103245 ns
[2024-01-18T00:49:18.423+0000][7][safepoint   ] Safepoint "Cleanup", Time since last: 1000290766 ns, Reaching safepoint: 100269 ns, At safepoint: 8369 ns, Total: 108638 ns
[2024-01-18T00:49:26.425+0000][7][safepoint   ] Safepoint "Cleanup", Time since last: 8000991967 ns, Reaching safepoint: 48013 ns, At safepoint: 5260 ns, Total: 53273 ns
[2024-01-18T00:49:57.428+0000][7][safepoint   ] Safepoint "Cleanup", Time since last: 31003503592 ns, Reaching safepoint: 122505 ns, At safepoint: 31696 ns, Total: 154201 ns
[2024-01-18T00:50:26.443+0000][7][gc,start    ] GC(53) Pause Young (Normal) (G1 Evacuation Pause)
[2024-01-18T00:50:26.443+0000][7][gc,task     ] GC(53) Using 8 workers of 8 for evacuation
[2024-01-18T00:50:26.443+0000][7][gc,age      ] GC(53) Desired survivor size 41943040 bytes, new threshold 15 (max threshold 15)
[2024-01-18T00:50:26.446+0000][7][gc,phases   ] GC(53)   Pre Evacuate Collection Set: 0.1ms
[2024-01-18T00:50:26.446+0000][7][gc,phases   ] GC(53)   Merge Heap Roots: 0.1ms
[2024-01-18T00:50:26.446+0000][7][gc,phases   ] GC(53)   Evacuate Collection Set: 1.5ms
[2024-01-18T00:50:26.446+0000][7][gc,phases   ] GC(53)   Post Evacuate Collection Set: 0.7ms
[2024-01-18T00:50:26.446+0000][7][gc,phases   ] GC(53)   Other: 0.1ms
[2024-01-18T00:50:26.446+0000][7][gc,age      ] GC(53) Age table with threshold 15 (max threshold 15)
[2024-01-18T00:50:26.446+0000][7][gc,age      ] GC(53) - age   1:    1472120 bytes,    1472120 total
[2024-01-18T00:50:26.446+0000][7][gc,age      ] GC(53) - age   2:      11720 bytes,    1483840 total
[2024-01-18T00:50:26.446+0000][7][gc,age      ] GC(53) - age   3:      13912 bytes,    1497752 total
[2024-01-18T00:50:26.446+0000][7][gc,age      ] GC(53) - age   4:        896 bytes,    1498648 total
[2024-01-18T00:50:26.446+0000][7][gc,age      ] GC(53) - age   5:        792 bytes,    1499440 total
[2024-01-18T00:50:26.446+0000][7][gc,age      ] GC(53) - age   6:       2944 bytes,    1502384 total
[2024-01-18T00:50:26.446+0000][7][gc,age      ] GC(53) - age   7:       2432 bytes,    1504816 total
[2024-01-18T00:50:26.446+0000][7][gc,age      ] GC(53) - age   8:      82544 bytes,    1587360 total
[2024-01-18T00:50:26.446+0000][7][gc,age      ] GC(53) - age   9:     159920 bytes,    1747280 total
[2024-01-18T00:50:26.446+0000][7][gc,age      ] GC(53) - age  10:      23656 bytes,    1770936 total
[2024-01-18T00:50:26.446+0000][7][gc,age      ] GC(53) - age  11:     223400 bytes,    1994336 total
[2024-01-18T00:50:26.446+0000][7][gc,age      ] GC(53) - age  12:       6608 bytes,    2000944 total
[2024-01-18T00:50:26.446+0000][7][gc,age      ] GC(53) - age  13:       7752 bytes,    2008696 total
[2024-01-18T00:50:26.446+0000][7][gc,age      ] GC(53) - age  14:       4496 bytes,    2013192 total
[2024-01-18T00:50:26.446+0000][7][gc,age      ] GC(53) - age  15:     378040 bytes,    2391232 total
[2024-01-18T00:50:26.446+0000][7][gc,heap     ] GC(53) Eden regions: 152->0(152)
[2024-01-18T00:50:26.446+0000][7][gc,heap     ] GC(53) Survivor regions: 1->1(20)
[2024-01-18T00:50:26.446+0000][7][gc,heap     ] GC(53) Old regions: 31->31
[2024-01-18T00:50:26.446+0000][7][gc,heap     ] GC(53) Archive regions: 2->2
[2024-01-18T00:50:26.446+0000][7][gc,heap     ] GC(53) Humongous regions: 0->0
[2024-01-18T00:50:26.446+0000][7][gc,metaspace] GC(53) Metaspace: 128619K(132288K)->128619K(132288K) NonClass: 111673K(113600K)->111673K(113600K) Class: 16945K(18688K)->16945K(18688K)
[2024-01-18T00:50:26.446+0000][7][gc          ] GC(53) Pause Young (Normal) (G1 Evacuation Pause) 737M->129M(1024M) 2.807ms
[2024-01-18T00:50:26.446+0000][7][gc,cpu      ] GC(53) User=0.01s Sys=0.00s Real=0.00s
[2024-01-18T00:50:26.446+0000][7][safepoint   ] Safepoint "G1CollectForAllocation", Time since last: 29014925217 ns, Reaching safepoint: 62003 ns, At safepoint: 2898724 ns, Total: 2960727 ns
[2024-01-18T00:51:26.454+0000][7][safepoint   ] Safepoint "Cleanup", Time since last: 60007460287 ns, Reaching safepoint: 100595 ns, At safepoint: 5983 ns, Total: 106578 ns
[2024-01-18T00:51:44.457+0000][7][safepoint   ] Safepoint "Cleanup", Time since last: 18002872892 ns, Reaching safepoint: 67169 ns, At safepoint: 6915 ns, Total: 74084 ns
[2024-01-18T00:52:03.459+0000][7][safepoint   ] Safepoint "Cleanup", Time since last: 19002674801 ns, Reaching safepoint: 116844 ns, At safepoint: 5951 ns, Total: 122795 ns
[2024-01-18T00:52:08.460+0000][7][safepoint   ] Safepoint "Cleanup", Time since last: 5000718760 ns, Reaching safepoint: 54025 ns, At safepoint: 9487 ns, Total: 63512 ns
[2024-01-18T00:52:09.460+0000][7][safepoint   ] Safepoint "Cleanup", Time since last: 1000218917 ns, Reaching safepoint: 62637 ns, At safepoint: 6640 ns, Total: 69277 ns
[2024-01-18T00:52:26.463+0000][7][safepoint   ] Safepoint "Cleanup", Time since last: 17002400471 ns, Reaching safepoint: 112018 ns, At safepoint: 6110 ns, Total: 118128 ns
[2024-01-18T00:52:37.464+0000][7][safepoint   ] Safepoint "Cleanup", Time since last: 11001350524 ns, Reaching safepoint: 62891 ns, At safepoint: 9815 ns, Total: 72706 ns
[2024-01-18T00:52:59.467+0000][7][safepoint   ] Safepoint "Cleanup", Time since last: 22002725831 ns, Reaching safepoint: 146119 ns, At safepoint: 8965 ns, Total: 155084 ns
[2024-01-18T00:53:01.468+0000][7][safepoint   ] Safepoint "Cleanup", Time since last: 2000255032 ns, Reaching safepoint: 76585 ns, At safepoint: 8493 ns, Total: 85078 ns
[2024-01-18T00:53:57.474+0000][7][safepoint   ] Safepoint "Cleanup", Time since last: 56006483882 ns, Reaching safepoint: 113449 ns, At safepoint: 15386 ns, Total: 128835 ns
[2024-01-18T00:53:58.392+0000][7][gc,start    ] GC(54) Pause Young (Normal) (G1 Evacuation Pause)
[2024-01-18T00:53:58.392+0000][7][gc,task     ] GC(54) Using 8 workers of 8 for evacuation
[2024-01-18T00:53:58.392+0000][7][gc,age      ] GC(54) Desired survivor size 41943040 bytes, new threshold 15 (max threshold 15)
[2024-01-18T00:53:58.396+0000][7][gc,phases   ] GC(54)   Pre Evacuate Collection Set: 0.1ms
[2024-01-18T00:53:58.396+0000][7][gc,phases   ] GC(54)   Merge Heap Roots: 0.1ms
[2024-01-18T00:53:58.396+0000][7][gc,phases   ] GC(54)   Evacuate Collection Set: 2.1ms
[2024-01-18T00:53:58.396+0000][7][gc,phases   ] GC(54)   Post Evacuate Collection Set: 0.7ms
[2024-01-18T00:53:58.396+0000][7][gc,phases   ] GC(54)   Other: 0.1ms
[2024-01-18T00:53:58.396+0000][7][gc,age      ] GC(54) Age table with threshold 15 (max threshold 15)
[2024-01-18T00:53:58.396+0000][7][gc,age      ] GC(54) - age   1:    1512616 bytes,    1512616 total
[2024-01-18T00:53:58.396+0000][7][gc,age      ] GC(54) - age   2:       4776 bytes,    1517392 total
[2024-01-18T00:53:58.396+0000][7][gc,age      ] GC(54) - age   3:       1424 bytes,    1518816 total
[2024-01-18T00:53:58.396+0000][7][gc,age      ] GC(54) - age   4:       9968 bytes,    1528784 total
[2024-01-18T00:53:58.396+0000][7][gc,age      ] GC(54) - age   5:        896 bytes,    1529680 total
[2024-01-18T00:53:58.396+0000][7][gc,age      ] GC(54) - age   6:        760 bytes,    1530440 total
[2024-01-18T00:53:58.396+0000][7][gc,age      ] GC(54) - age   7:       2912 bytes,    1533352 total
[2024-01-18T00:53:58.396+0000][7][gc,age      ] GC(54) - age   8:       2432 bytes,    1535784 total
[2024-01-18T00:53:58.396+0000][7][gc,age      ] GC(54) - age   9:      82464 bytes,    1618248 total
[2024-01-18T00:53:58.396+0000][7][gc,age      ] GC(54) - age  10:     159920 bytes,    1778168 total
[2024-01-18T00:53:58.396+0000][7][gc,age      ] GC(54) - age  11:      23592 bytes,    1801760 total
[2024-01-18T00:53:58.396+0000][7][gc,age      ] GC(54) - age  12:     223400 bytes,    2025160 total
[2024-01-18T00:53:58.396+0000][7][gc,age      ] GC(54) - age  13:       6608 bytes,    2031768 total
[2024-01-18T00:53:58.396+0000][7][gc,age      ] GC(54) - age  14:       7752 bytes,    2039520 total
[2024-01-18T00:53:58.396+0000][7][gc,age      ] GC(54) - age  15:       4312 bytes,    2043832 total
[2024-01-18T00:53:58.396+0000][7][gc,heap     ] GC(54) Eden regions: 152->0(152)
[2024-01-18T00:53:58.396+0000][7][gc,heap     ] GC(54) Survivor regions: 1->1(20)
[2024-01-18T00:53:58.396+0000][7][gc,heap     ] GC(54) Old regions: 31->31
[2024-01-18T00:53:58.396+0000][7][gc,heap     ] GC(54) Archive regions: 2->2
[2024-01-18T00:53:58.396+0000][7][gc,heap     ] GC(54) Humongous regions: 0->0
[2024-01-18T00:53:58.396+0000][7][gc,metaspace] GC(54) Metaspace: 128626K(132288K)->128626K(132288K) NonClass: 111681K(113600K)->111681K(113600K) Class: 16945K(18688K)->16945K(18688K)
[2024-01-18T00:53:58.396+0000][7][gc          ] GC(54) Pause Young (Normal) (G1 Evacuation Pause) 737M->129M(1024M) 3.487ms
[2024-01-18T00:53:58.396+0000][7][gc,cpu      ] GC(54) User=0.01s Sys=0.00s Real=0.00s
[2024-01-18T00:53:58.396+0000][7][safepoint   ] Safepoint "G1CollectForAllocation", Time since last: 917994272 ns, Reaching safepoint: 51230 ns, At safepoint: 3579943 ns, Total: 3631173 ns
[2024-01-18T00:54:26.399+0000][7][safepoint   ] Safepoint "Cleanup", Time since last: 28003134616 ns, Reaching safepoint: 88169 ns, At safepoint: 5533 ns, Total: 93702 ns
[2024-01-18T00:54:34.400+0000][7][safepoint   ] Safepoint "Cleanup", Time since last: 8001086023 ns, Reaching safepoint: 92711 ns, At safepoint: 9170 ns, Total: 101881 ns
[2024-01-18T00:55:26.407+0000][7][safepoint   ] Safepoint "Cleanup", Time since last: 52006742263 ns, Reaching safepoint: 136938 ns, At safepoint: 6903 ns, Total: 143841 ns
[2024-01-18T00:56:26.415+0000][7][safepoint   ] Safepoint "Cleanup", Time since last: 60007627196 ns, Reaching safepoint: 97460 ns, At safepoint: 5511 ns, Total: 102971 ns
[2024-01-18T00:57:04.419+0000][7][safepoint   ] Safepoint "Cleanup", Time since last: 38004302751 ns, Reaching safepoint: 81123 ns, At safepoint: 7505 ns, Total: 88628 ns
[2024-01-18T00:57:20.422+0000][7][safepoint   ] Safepoint "Cleanup", Time since last: 16002166921 ns, Reaching safepoint: 83121 ns, At safepoint: 10137 ns, Total: 93258 ns
[2024-01-18T00:57:26.389+0000][7][gc,start    ] GC(55) Pause Young (Normal) (G1 Evacuation Pause)
[2024-01-18T00:57:26.389+0000][7][gc,task     ] GC(55) Using 8 workers of 8 for evacuation
[2024-01-18T00:57:26.389+0000][7][gc,age      ] GC(55) Desired survivor size 41943040 bytes, new threshold 15 (max threshold 15)
[2024-01-18T00:57:26.393+0000][7][gc,phases   ] GC(55)   Pre Evacuate Collection Set: 0.1ms
[2024-01-18T00:57:26.393+0000][7][gc,phases   ] GC(55)   Merge Heap Roots: 0.1ms
[2024-01-18T00:57:26.393+0000][7][gc,phases   ] GC(55)   Evacuate Collection Set: 1.9ms
[2024-01-18T00:57:26.393+0000][7][gc,phases   ] GC(55)   Post Evacuate Collection Set: 0.9ms
[2024-01-18T00:57:26.393+0000][7][gc,phases   ] GC(55)   Other: 0.1ms
[2024-01-18T00:57:26.393+0000][7][gc,age      ] GC(55) Age table with threshold 15 (max threshold 15)
[2024-01-18T00:57:26.393+0000][7][gc,age      ] GC(55) - age   1:    1694008 bytes,    1694008 total
[2024-01-18T00:57:26.393+0000][7][gc,age      ] GC(55) - age   2:      34376 bytes,    1728384 total
[2024-01-18T00:57:26.393+0000][7][gc,age      ] GC(55) - age   3:       3528 bytes,    1731912 total
[2024-01-18T00:57:26.393+0000][7][gc,age      ] GC(55) - age   4:       1424 bytes,    1733336 total
[2024-01-18T00:57:26.393+0000][7][gc,age      ] GC(55) - age   5:       9968 bytes,    1743304 total
[2024-01-18T00:57:26.393+0000][7][gc,age      ] GC(55) - age   6:        896 bytes,    1744200 total
[2024-01-18T00:57:26.393+0000][7][gc,age      ] GC(55) - age   7:        760 bytes,    1744960 total
[2024-01-18T00:57:26.393+0000][7][gc,age      ] GC(55) - age   8:       2912 bytes,    1747872 total
[2024-01-18T00:57:26.393+0000][7][gc,age      ] GC(55) - age   9:       2432 bytes,    1750304 total
[2024-01-18T00:57:26.393+0000][7][gc,age      ] GC(55) - age  10:      82384 bytes,    1832688 total
[2024-01-18T00:57:26.393+0000][7][gc,age      ] GC(55) - age  11:     159920 bytes,    1992608 total
[2024-01-18T00:57:26.393+0000][7][gc,age      ] GC(55) - age  12:      23592 bytes,    2016200 total
[2024-01-18T00:57:26.393+0000][7][gc,age      ] GC(55) - age  13:     223400 bytes,    2239600 total
[2024-01-18T00:57:26.393+0000][7][gc,age      ] GC(55) - age  14:       6608 bytes,    2246208 total
[2024-01-18T00:57:26.393+0000][7][gc,age      ] GC(55) - age  15:       7752 bytes,    2253960 total
[2024-01-18T00:57:26.393+0000][7][gc,heap     ] GC(55) Eden regions: 152->0(152)
[2024-01-18T00:57:26.393+0000][7][gc,heap     ] GC(55) Survivor regions: 1->1(20)
[2024-01-18T00:57:26.393+0000][7][gc,heap     ] GC(55) Old regions: 31->31
[2024-01-18T00:57:26.393+0000][7][gc,heap     ] GC(55) Archive regions: 2->2
[2024-01-18T00:57:26.393+0000][7][gc,heap     ] GC(55) Humongous regions: 0->0
[2024-01-18T00:57:26.393+0000][7][gc,metaspace] GC(55) Metaspace: 128665K(132352K)->128665K(132352K) NonClass: 111719K(113664K)->111719K(113664K) Class: 16945K(18688K)->16945K(18688K)
[2024-01-18T00:57:26.393+0000][7][gc          ] GC(55) Pause Young (Normal) (G1 Evacuation Pause) 737M->129M(1024M) 3.537ms
[2024-01-18T00:57:26.393+0000][7][gc,cpu      ] GC(55) User=0.01s Sys=0.00s Real=0.00s
[2024-01-18T00:57:26.393+0000][7][safepoint   ] Safepoint "G1CollectForAllocation", Time since last: 5967581896 ns, Reaching safepoint: 87782 ns, At safepoint: 3639011 ns, Total: 3726793 ns
[2024-01-18T00:57:56.397+0000][7][safepoint   ] Safepoint "Cleanup", Time since last: 30003701806 ns, Reaching safepoint: 77570 ns, At safepoint: 4895 ns, Total: 82465 ns
[2024-01-18T00:58:08.398+0000][7][safepoint   ] Safepoint "Cleanup", Time since last: 12001356447 ns, Reaching safepoint: 135658 ns, At safepoint: 25164 ns, Total: 160822 ns
[2024-01-18T00:58:14.399+0000][7][safepoint   ] Safepoint "Cleanup", Time since last: 6000914808 ns, Reaching safepoint: 77036 ns, At safepoint: 5312 ns, Total: 82348 ns
[2024-01-18T00:58:17.400+0000][7][safepoint   ] Safepoint "Cleanup", Time since last: 3000290218 ns, Reaching safepoint: 78320 ns, At safepoint: 9091 ns, Total: 87411 ns
[2024-01-18T00:58:30.401+0000][7][safepoint   ] Safepoint "Cleanup", Time since last: 13001330144 ns, Reaching safepoint: 102852 ns, At safepoint: 8462 ns, Total: 111314 ns
[2024-01-18T00:58:38.402+0000][7][safepoint   ] Safepoint "Cleanup", Time since last: 8000860048 ns, Reaching safepoint: 67985 ns, At safepoint: 29838 ns, Total: 97823 ns
[2024-01-18T00:59:33.408+0000][7][safepoint   ] Safepoint "Cleanup", Time since last: 55006368493 ns, Reaching safepoint: 77678 ns, At safepoint: 7958 ns, Total: 85636 ns
[2024-01-18T00:59:38.409+0000][7][safepoint   ] Safepoint "Cleanup", Time since last: 5000456830 ns, Reaching safepoint: 45028 ns, At safepoint: 5318 ns, Total: 50346 ns
[2024-01-18T00:59:51.411+0000][7][safepoint   ] Safepoint "Cleanup", Time since last: 13001672382 ns, Reaching safepoint: 66459 ns, At safepoint: 7198 ns, Total: 73657 ns
[2024-01-18T01:00:00.412+0000][7][safepoint   ] Safepoint "Cleanup", Time since last: 9001249606 ns, Reaching safepoint: 90671 ns, At safepoint: 39574 ns, Total: 130245 ns
[2024-01-18T01:00:12.414+0000][7][safepoint   ] Safepoint "Cleanup", Time since last: 12001503216 ns, Reaching safepoint: 100176 ns, At safepoint: 13796 ns, Total: 113972 ns
[2024-01-18T01:00:50.408+0000][7][gc,start    ] GC(56) Pause Young (Normal) (G1 Evacuation Pause)
[2024-01-18T01:00:50.408+0000][7][gc,task     ] GC(56) Using 8 workers of 8 for evacuation
[2024-01-18T01:00:50.408+0000][7][gc,age      ] GC(56) Desired survivor size 41943040 bytes, new threshold 15 (max threshold 15)
[2024-01-18T01:00:50.410+0000][7][gc,phases   ] GC(56)   Pre Evacuate Collection Set: 0.1ms
[2024-01-18T01:00:50.411+0000][7][gc,phases   ] GC(56)   Merge Heap Roots: 0.1ms
[2024-01-18T01:00:50.411+0000][7][gc,phases   ] GC(56)   Evacuate Collection Set: 1.3ms
[2024-01-18T01:00:50.411+0000][7][gc,phases   ] GC(56)   Post Evacuate Collection Set: 0.8ms
[2024-01-18T01:00:50.411+0000][7][gc,phases   ] GC(56)   Other: 0.1ms
[2024-01-18T01:00:50.411+0000][7][gc,age      ] GC(56) Age table with threshold 15 (max threshold 15)
[2024-01-18T01:00:50.411+0000][7][gc,age      ] GC(56) - age   1:     780528 bytes,     780528 total
[2024-01-18T01:00:50.411+0000][7][gc,age      ] GC(56) - age   2:      53168 bytes,     833696 total
[2024-01-18T01:00:50.411+0000][7][gc,age      ] GC(56) - age   3:      31800 bytes,     865496 total
[2024-01-18T01:00:50.411+0000][7][gc,age      ] GC(56) - age   4:       3208 bytes,     868704 total
[2024-01-18T01:00:50.411+0000][7][gc,age      ] GC(56) - age   5:       1424 bytes,     870128 total
[2024-01-18T01:00:50.411+0000][7][gc,age      ] GC(56) - age   6:       9576 bytes,     879704 total
[2024-01-18T01:00:50.411+0000][7][gc,age      ] GC(56) - age   7:        896 bytes,     880600 total
[2024-01-18T01:00:50.411+0000][7][gc,age      ] GC(56) - age   8:        760 bytes,     881360 total
[2024-01-18T01:00:50.411+0000][7][gc,age      ] GC(56) - age   9:       2912 bytes,     884272 total
[2024-01-18T01:00:50.411+0000][7][gc,age      ] GC(56) - age  10:       2432 bytes,     886704 total
[2024-01-18T01:00:50.411+0000][7][gc,age      ] GC(56) - age  11:      82000 bytes,     968704 total
[2024-01-18T01:00:50.411+0000][7][gc,age      ] GC(56) - age  12:     159920 bytes,    1128624 total
[2024-01-18T01:00:50.411+0000][7][gc,age      ] GC(56) - age  13:      23528 bytes,    1152152 total
[2024-01-18T01:00:50.411+0000][7][gc,age      ] GC(56) - age  14:     223400 bytes,    1375552 total
[2024-01-18T01:00:50.411+0000][7][gc,age      ] GC(56) - age  15:       6608 bytes,    1382160 total
[2024-01-18T01:00:50.411+0000][7][gc,heap     ] GC(56) Eden regions: 152->0(152)
[2024-01-18T01:00:50.411+0000][7][gc,heap     ] GC(56) Survivor regions: 1->1(20)
[2024-01-18T01:00:50.411+0000][7][gc,heap     ] GC(56) Old regions: 31->31
[2024-01-18T01:00:50.411+0000][7][gc,heap     ] GC(56) Archive regions: 2->2
[2024-01-18T01:00:50.411+0000][7][gc,heap     ] GC(56) Humongous regions: 0->0
[2024-01-18T01:00:50.411+0000][7][gc,metaspace] GC(56) Metaspace: 128683K(132352K)->128683K(132352K) NonClass: 111736K(113664K)->111736K(113664K) Class: 16947K(18688K)->16947K(18688K)
[2024-01-18T01:00:50.411+0000][7][gc          ] GC(56) Pause Young (Normal) (G1 Evacuation Pause) 737M->128M(1024M) 2.746ms
[2024-01-18T01:00:50.411+0000][7][gc,cpu      ] GC(56) User=0.01s Sys=0.00s Real=0.00s
[2024-01-18T01:00:50.411+0000][7][safepoint   ] Safepoint "G1CollectForAllocation", Time since last: 37994265813 ns, Reaching safepoint: 52990 ns, At safepoint: 2861473 ns, Total: 2914463 ns
[2024-01-18T01:01:07.413+0000][7][safepoint   ] Safepoint "Cleanup", Time since last: 17001927077 ns, Reaching safepoint: 135048 ns, At safepoint: 42274 ns, Total: 177322 ns
[2024-01-18T01:01:33.416+0000][7][safepoint   ] Safepoint "Cleanup", Time since last: 26003260934 ns, Reaching safepoint: 73181 ns, At safepoint: 6765 ns, Total: 79946 ns
[2024-01-18T01:01:57.419+0000][7][safepoint   ] Safepoint "Cleanup", Time since last: 24002947207 ns, Reaching safepoint: 80473 ns, At safepoint: 13720 ns, Total: 94193 ns
[2024-01-18T01:02:20.422+0000][7][safepoint   ] Safepoint "Cleanup", Time since last: 23002266935 ns, Reaching safepoint: 86740 ns, At safepoint: 5911 ns, Total: 92651 ns
[2024-01-18T01:02:22.422+0000][7][safepoint   ] Safepoint "Cleanup", Time since last: 2000301063 ns, Reaching safepoint: 77782 ns, At safepoint: 11729 ns, Total: 89511 ns
[2024-01-18T01:02:23.422+0000][7][safepoint   ] Safepoint "Cleanup", Time since last: 1000155191 ns, Reaching safepoint: 98628 ns, At safepoint: 10953 ns, Total: 109581 ns
[2024-01-18T01:02:26.423+0000][7][safepoint   ] Safepoint "Cleanup", Time since last: 3000418021 ns, Reaching safepoint: 76593 ns, At safepoint: 4995 ns, Total: 81588 ns
[2024-01-18T01:02:40.425+0000][7][safepoint   ] Safepoint "Cleanup", Time since last: 14002035002 ns, Reaching safepoint: 71766 ns, At safepoint: 7059 ns, Total: 78825 ns
[2024-01-18T01:02:51.427+0000][7][safepoint   ] Safepoint "Cleanup", Time since last: 11001565432 ns, Reaching safepoint: 76176 ns, At safepoint: 10641 ns, Total: 86817 ns
[2024-01-18T01:03:03.428+0000][7][safepoint   ] Safepoint "Cleanup", Time since last: 12001676490 ns, Reaching safepoint: 148769 ns, At safepoint: 10246 ns, Total: 159015 ns
[2024-01-18T01:03:07.429+0000][7][safepoint   ] Safepoint "Cleanup", Time since last: 4000415636 ns, Reaching safepoint: 73081 ns, At safepoint: 9834 ns, Total: 82915 ns
[2024-01-18T01:03:36.433+0000][7][safepoint   ] Safepoint "Cleanup", Time since last: 29003851027 ns, Reaching safepoint: 107084 ns, At safepoint: 6243 ns, Total: 113327 ns
[2024-01-18T01:03:45.434+0000][7][safepoint   ] Safepoint "Cleanup", Time since last: 9001264819 ns, Reaching safepoint: 80013 ns, At safepoint: 5563 ns, Total: 85576 ns
[2024-01-18T01:03:48.435+0000][7][safepoint   ] Safepoint "Cleanup", Time since last: 3000429800 ns, Reaching safepoint: 75216 ns, At safepoint: 41271 ns, Total: 116487 ns
[2024-01-18T01:04:06.437+0000][7][safepoint   ] Safepoint "Cleanup", Time since last: 18002238850 ns, Reaching safepoint: 76273 ns, At safepoint: 5310 ns, Total: 81583 ns
[2024-01-18T01:04:14.598+0000][7][gc,start    ] GC(57) Pause Young (Normal) (G1 Evacuation Pause)
[2024-01-18T01:04:14.598+0000][7][gc,task     ] GC(57) Using 8 workers of 8 for evacuation
[2024-01-18T01:04:14.598+0000][7][gc,age      ] GC(57) Desired survivor size 41943040 bytes, new threshold 15 (max threshold 15)
[2024-01-18T01:04:14.601+0000][7][gc,phases   ] GC(57)   Pre Evacuate Collection Set: 0.2ms
[2024-01-18T01:04:14.601+0000][7][gc,phases   ] GC(57)   Merge Heap Roots: 0.1ms
[2024-01-18T01:04:14.601+0000][7][gc,phases   ] GC(57)   Evacuate Collection Set: 1.6ms
[2024-01-18T01:04:14.601+0000][7][gc,phases   ] GC(57)   Post Evacuate Collection Set: 0.8ms
[2024-01-18T01:04:14.601+0000][7][gc,phases   ] GC(57)   Other: 0.1ms
[2024-01-18T01:04:14.601+0000][7][gc,age      ] GC(57) Age table with threshold 15 (max threshold 15)
[2024-01-18T01:04:14.601+0000][7][gc,age      ] GC(57) - age   1:     804152 bytes,     804152 total
[2024-01-18T01:04:14.601+0000][7][gc,age      ] GC(57) - age   2:      55576 bytes,     859728 total
[2024-01-18T01:04:14.601+0000][7][gc,age      ] GC(57) - age   3:      50992 bytes,     910720 total
[2024-01-18T01:04:14.601+0000][7][gc,age      ] GC(57) - age   4:      27952 bytes,     938672 total
[2024-01-18T01:04:14.601+0000][7][gc,age      ] GC(57) - age   5:       3024 bytes,     941696 total
[2024-01-18T01:04:14.601+0000][7][gc,age      ] GC(57) - age   6:       1424 bytes,     943120 total
[2024-01-18T01:04:14.601+0000][7][gc,age      ] GC(57) - age   7:       9544 bytes,     952664 total
[2024-01-18T01:04:14.601+0000][7][gc,age      ] GC(57) - age   8:        896 bytes,     953560 total
[2024-01-18T01:04:14.601+0000][7][gc,age      ] GC(57) - age   9:        760 bytes,     954320 total
[2024-01-18T01:04:14.601+0000][7][gc,age      ] GC(57) - age  10:       2912 bytes,     957232 total
[2024-01-18T01:04:14.601+0000][7][gc,age      ] GC(57) - age  11:       2432 bytes,     959664 total
[2024-01-18T01:04:14.601+0000][7][gc,age      ] GC(57) - age  12:      82000 bytes,    1041664 total
[2024-01-18T01:04:14.601+0000][7][gc,age      ] GC(57) - age  13:     159920 bytes,    1201584 total
[2024-01-18T01:04:14.601+0000][7][gc,age      ] GC(57) - age  14:      23528 bytes,    1225112 total
[2024-01-18T01:04:14.601+0000][7][gc,age      ] GC(57) - age  15:     223400 bytes,    1448512 total
[2024-01-18T01:04:14.601+0000][7][gc,heap     ] GC(57) Eden regions: 152->0(152)
[2024-01-18T01:04:14.601+0000][7][gc,heap     ] GC(57) Survivor regions: 1->1(20)
[2024-01-18T01:04:14.601+0000][7][gc,heap     ] GC(57) Old regions: 31->31
[2024-01-18T01:04:14.602+0000][7][gc,heap     ] GC(57) Archive regions: 2->2
[2024-01-18T01:04:14.602+0000][7][gc,heap     ] GC(57) Humongous regions: 0->0
[2024-01-18T01:04:14.602+0000][7][gc,metaspace] GC(57) Metaspace: 128716K(132352K)->128716K(132352K) NonClass: 111769K(113664K)->111769K(113664K) Class: 16947K(18688K)->16947K(18688K)
[2024-01-18T01:04:14.602+0000][7][gc          ] GC(57) Pause Young (Normal) (G1 Evacuation Pause) 736M->128M(1024M) 3.267ms
[2024-01-18T01:04:14.602+0000][7][gc,cpu      ] GC(57) User=0.02s Sys=0.00s Real=0.01s
[2024-01-18T01:04:14.602+0000][7][safepoint   ] Safepoint "G1CollectForAllocation", Time since last: 8161112218 ns, Reaching safepoint: 74794 ns, At safepoint: 3389570 ns, Total: 3464364 ns
[2024-01-18T01:04:23.603+0000][7][safepoint   ] Safepoint "Cleanup", Time since last: 9001214654 ns, Reaching safepoint: 110382 ns, At safepoint: 17782 ns, Total: 128164 ns
[2024-01-18T01:04:26.604+0000][7][safepoint   ] Safepoint "Cleanup", Time since last: 3000493459 ns, Reaching safepoint: 72099 ns, At safepoint: 5075 ns, Total: 77174 ns
[2024-01-18T01:05:04.607+0000][7][safepoint   ] Safepoint "Cleanup", Time since last: 38003650783 ns, Reaching safepoint: 70292 ns, At safepoint: 20016 ns, Total: 90308 ns
[2024-01-18T01:05:26.610+0000][7][safepoint   ] Safepoint "Cleanup", Time since last: 22002663704 ns, Reaching safepoint: 68579 ns, At safepoint: 7163 ns, Total: 75742 ns
[2024-01-18T01:07:04.621+0000][7][safepoint   ] Safepoint "Cleanup", Time since last: 98011002687 ns, Reaching safepoint: 107895 ns, At safepoint: 7425 ns, Total: 115320 ns
[2024-01-18T01:07:21.623+0000][7][safepoint   ] Safepoint "Cleanup", Time since last: 17001969201 ns, Reaching safepoint: 58217 ns, At safepoint: 4604 ns, Total: 62821 ns
[2024-01-18T01:07:44.428+0000][7][gc,start    ] GC(58) Pause Young (Normal) (G1 Evacuation Pause)
[2024-01-18T01:07:44.428+0000][7][gc,task     ] GC(58) Using 8 workers of 8 for evacuation
[2024-01-18T01:07:44.428+0000][7][gc,age      ] GC(58) Desired survivor size 41943040 bytes, new threshold 15 (max threshold 15)
[2024-01-18T01:07:44.431+0000][7][gc,phases   ] GC(58)   Pre Evacuate Collection Set: 0.1ms
[2024-01-18T01:07:44.431+0000][7][gc,phases   ] GC(58)   Merge Heap Roots: 0.1ms
[2024-01-18T01:07:44.431+0000][7][gc,phases   ] GC(58)   Evacuate Collection Set: 1.6ms
[2024-01-18T01:07:44.431+0000][7][gc,phases   ] GC(58)   Post Evacuate Collection Set: 0.7ms
[2024-01-18T01:07:44.431+0000][7][gc,phases   ] GC(58)   Other: 0.1ms
[2024-01-18T01:07:44.431+0000][7][gc,age      ] GC(58) Age table with threshold 15 (max threshold 15)
[2024-01-18T01:07:44.431+0000][7][gc,age      ] GC(58) - age   1:    1354448 bytes,    1354448 total
[2024-01-18T01:07:44.431+0000][7][gc,age      ] GC(58) - age   2:       7440 bytes,    1361888 total
[2024-01-18T01:07:44.431+0000][7][gc,age      ] GC(58) - age   3:      54544 bytes,    1416432 total
[2024-01-18T01:07:44.431+0000][7][gc,age      ] GC(58) - age   4:      50992 bytes,    1467424 total
[2024-01-18T01:07:44.431+0000][7][gc,age      ] GC(58) - age   5:      27888 bytes,    1495312 total
[2024-01-18T01:07:44.431+0000][7][gc,age      ] GC(58) - age   6:       3024 bytes,    1498336 total
[2024-01-18T01:07:44.431+0000][7][gc,age      ] GC(58) - age   7:        856 bytes,    1499192 total
[2024-01-18T01:07:44.431+0000][7][gc,age      ] GC(58) - age   8:       9544 bytes,    1508736 total
[2024-01-18T01:07:44.431+0000][7][gc,age      ] GC(58) - age   9:        896 bytes,    1509632 total
[2024-01-18T01:07:44.431+0000][7][gc,age      ] GC(58) - age  10:        760 bytes,    1510392 total
[2024-01-18T01:07:44.431+0000][7][gc,age      ] GC(58) - age  11:       2912 bytes,    1513304 total
[2024-01-18T01:07:44.431+0000][7][gc,age      ] GC(58) - age  12:       2432 bytes,    1515736 total
[2024-01-18T01:07:44.431+0000][7][gc,age      ] GC(58) - age  13:      82000 bytes,    1597736 total
[2024-01-18T01:07:44.431+0000][7][gc,age      ] GC(58) - age  14:     159920 bytes,    1757656 total
[2024-01-18T01:07:44.431+0000][7][gc,age      ] GC(58) - age  15:      23528 bytes,    1781184 total
[2024-01-18T01:07:44.431+0000][7][gc,heap     ] GC(58) Eden regions: 152->0(152)
[2024-01-18T01:07:44.431+0000][7][gc,heap     ] GC(58) Survivor regions: 1->1(20)
[2024-01-18T01:07:44.431+0000][7][gc,heap     ] GC(58) Old regions: 31->31
[2024-01-18T01:07:44.431+0000][7][gc,heap     ] GC(58) Archive regions: 2->2
[2024-01-18T01:07:44.431+0000][7][gc,heap     ] GC(58) Humongous regions: 0->0
[2024-01-18T01:07:44.431+0000][7][gc,metaspace] GC(58) Metaspace: 128725K(132416K)->128725K(132416K) NonClass: 111778K(113728K)->111778K(113728K) Class: 16947K(18688K)->16947K(18688K)
[2024-01-18T01:07:44.431+0000][7][gc          ] GC(58) Pause Young (Normal) (G1 Evacuation Pause) 736M->129M(1024M) 3.000ms
[2024-01-18T01:07:44.431+0000][7][gc,cpu      ] GC(58) User=0.01s Sys=0.00s Real=0.00s
[2024-01-18T01:07:44.431+0000][7][safepoint   ] Safepoint "G1CollectForAllocation", Time since last: 22804755723 ns, Reaching safepoint: 47324 ns, At safepoint: 3105783 ns, Total: 3153107 ns
[2024-01-18T01:07:53.432+0000][7][safepoint   ] Safepoint "Cleanup", Time since last: 9000996497 ns, Reaching safepoint: 90901 ns, At safepoint: 8957 ns, Total: 99858 ns
[2024-01-18T01:08:07.434+0000][7][safepoint   ] Safepoint "Cleanup", Time since last: 14001710896 ns, Reaching safepoint: 82778 ns, At safepoint: 10019 ns, Total: 92797 ns
[2024-01-18T01:08:37.437+0000][7][safepoint   ] Safepoint "Cleanup", Time since last: 30003371156 ns, Reaching safepoint: 69731 ns, At safepoint: 7150 ns, Total: 76881 ns
[2024-01-18T01:09:02.441+0000][7][safepoint   ] Safepoint "Cleanup", Time since last: 25002948056 ns, Reaching safepoint: 110354 ns, At safepoint: 6629 ns, Total: 116983 ns
[2024-01-18T01:09:03.441+0000][7][safepoint   ] Safepoint "Cleanup", Time since last: 1000261314 ns, Reaching safepoint: 95454 ns, At safepoint: 8653 ns, Total: 104107 ns
[2024-01-18T01:09:26.444+0000][7][safepoint   ] Safepoint "Cleanup", Time since last: 23003141241 ns, Reaching safepoint: 131317 ns, At safepoint: 18333 ns, Total: 149650 ns
[2024-01-18T01:09:32.445+0000][7][safepoint   ] Safepoint "Cleanup", Time since last: 6000685616 ns, Reaching safepoint: 59727 ns, At safepoint: 6237 ns, Total: 65964 ns
[2024-01-18T01:10:26.452+0000][7][safepoint   ] Safepoint "Cleanup", Time since last: 54006960571 ns, Reaching safepoint: 99254 ns, At safepoint: 5493 ns, Total: 104747 ns
[2024-01-18T01:10:57.340+0000][7][safepoint   ] Safepoint "Cleanup", Time since last: 30888126730 ns, Reaching safepoint: 49455 ns, At safepoint: 4679 ns, Total: 54134 ns
[2024-01-18T01:10:58.340+0000][7][safepoint   ] Safepoint "Cleanup", Time since last: 1000132166 ns, Reaching safepoint: 101362 ns, At safepoint: 9020 ns, Total: 110382 ns
[2024-01-18T01:11:06.352+0000][7][gc,start    ] GC(59) Pause Young (Normal) (G1 Evacuation Pause)
[2024-01-18T01:11:06.352+0000][7][gc,task     ] GC(59) Using 8 workers of 8 for evacuation
[2024-01-18T01:11:06.352+0000][7][gc,age      ] GC(59) Desired survivor size 41943040 bytes, new threshold 15 (max threshold 15)
[2024-01-18T01:11:06.355+0000][7][gc,phases   ] GC(59)   Pre Evacuate Collection Set: 0.1ms
[2024-01-18T01:11:06.355+0000][7][gc,phases   ] GC(59)   Merge Heap Roots: 0.1ms
[2024-01-18T01:11:06.355+0000][7][gc,phases   ] GC(59)   Evacuate Collection Set: 1.9ms
[2024-01-18T01:11:06.355+0000][7][gc,phases   ] GC(59)   Post Evacuate Collection Set: 0.9ms
[2024-01-18T01:11:06.355+0000][7][gc,phases   ] GC(59)   Other: 0.1ms
[2024-01-18T01:11:06.355+0000][7][gc,age      ] GC(59) Age table with threshold 15 (max threshold 15)
[2024-01-18T01:11:06.355+0000][7][gc,age      ] GC(59) - age   1:    1626856 bytes,    1626856 total
[2024-01-18T01:11:06.355+0000][7][gc,age      ] GC(59) - age   2:       3336 bytes,    1630192 total
[2024-01-18T01:11:06.355+0000][7][gc,age      ] GC(59) - age   3:       6288 bytes,    1636480 total
[2024-01-18T01:11:06.355+0000][7][gc,age      ] GC(59) - age   4:      54400 bytes,    1690880 total
[2024-01-18T01:11:06.355+0000][7][gc,age      ] GC(59) - age   5:      50992 bytes,    1741872 total
[2024-01-18T01:11:06.355+0000][7][gc,age      ] GC(59) - age   6:      11736 bytes,    1753608 total
[2024-01-18T01:11:06.355+0000][7][gc,age      ] GC(59) - age   7:       2728 bytes,    1756336 total
[2024-01-18T01:11:06.355+0000][7][gc,age      ] GC(59) - age   8:        856 bytes,    1757192 total
[2024-01-18T01:11:06.355+0000][7][gc,age      ] GC(59) - age   9:       1528 bytes,    1758720 total
[2024-01-18T01:11:06.355+0000][7][gc,age      ] GC(59) - age  10:        896 bytes,    1759616 total
[2024-01-18T01:11:06.355+0000][7][gc,age      ] GC(59) - age  11:        760 bytes,    1760376 total
[2024-01-18T01:11:06.355+0000][7][gc,age      ] GC(59) - age  12:       2912 bytes,    1763288 total
[2024-01-18T01:11:06.355+0000][7][gc,age      ] GC(59) - age  13:        368 bytes,    1763656 total
[2024-01-18T01:11:06.355+0000][7][gc,age      ] GC(59) - age  14:      82000 bytes,    1845656 total
[2024-01-18T01:11:06.355+0000][7][gc,age      ] GC(59) - age  15:     159728 bytes,    2005384 total
[2024-01-18T01:11:06.355+0000][7][gc,heap     ] GC(59) Eden regions: 152->0(152)
[2024-01-18T01:11:06.355+0000][7][gc,heap     ] GC(59) Survivor regions: 1->1(20)
[2024-01-18T01:11:06.355+0000][7][gc,heap     ] GC(59) Old regions: 31->31
[2024-01-18T01:11:06.355+0000][7][gc,heap     ] GC(59) Archive regions: 2->2
[2024-01-18T01:11:06.355+0000][7][gc,heap     ] GC(59) Humongous regions: 0->0
[2024-01-18T01:11:06.355+0000][7][gc,metaspace] GC(59) Metaspace: 128733K(132416K)->128733K(132416K) NonClass: 111786K(113728K)->111786K(113728K) Class: 16947K(18688K)->16947K(18688K)
[2024-01-18T01:11:06.355+0000][7][gc          ] GC(59) Pause Young (Normal) (G1 Evacuation Pause) 737M->129M(1024M) 3.492ms
[2024-01-18T01:11:06.355+0000][7][gc,cpu      ] GC(59) User=0.02s Sys=0.00s Real=0.00s
[2024-01-18T01:11:06.355+0000][7][safepoint   ] Safepoint "G1CollectForAllocation", Time since last: 8010968292 ns, Reaching safepoint: 65543 ns, At safepoint: 3587917 ns, Total: 3653460 ns
[2024-01-18T01:11:26.357+0000][7][safepoint   ] Safepoint "Cleanup", Time since last: 20002203272 ns, Reaching safepoint: 103034 ns, At safepoint: 6230 ns, Total: 109264 ns
[2024-01-18T01:11:28.358+0000][7][safepoint   ] Safepoint "Cleanup", Time since last: 2000340569 ns, Reaching safepoint: 74408 ns, At safepoint: 7294 ns, Total: 81702 ns
[2024-01-18T01:12:12.363+0000][7][safepoint   ] Safepoint "Cleanup", Time since last: 44005211687 ns, Reaching safepoint: 54521 ns, At safepoint: 3481 ns, Total: 58002 ns
[2024-01-18T01:12:26.365+0000][7][safepoint   ] Safepoint "Cleanup", Time since last: 14001601916 ns, Reaching safepoint: 137834 ns, At safepoint: 8822 ns, Total: 146656 ns
[2024-01-18T01:13:21.372+0000][7][safepoint   ] Safepoint "Cleanup", Time since last: 55006820627 ns, Reaching safepoint: 74563 ns, At safepoint: 5983 ns, Total: 80546 ns
[2024-01-18T01:13:30.373+0000][7][safepoint   ] Safepoint "Cleanup", Time since last: 9000968801 ns, Reaching safepoint: 110854 ns, At safepoint: 8909 ns, Total: 119763 ns
[2024-01-18T01:13:33.373+0000][7][safepoint   ] Safepoint "Cleanup", Time since last: 3000415486 ns, Reaching safepoint: 59275 ns, At safepoint: 6656 ns, Total: 65931 ns
[2024-01-18T01:14:20.478+0000][7][gc,start    ] GC(60) Pause Young (Normal) (G1 Evacuation Pause)
[2024-01-18T01:14:20.478+0000][7][gc,task     ] GC(60) Using 8 workers of 8 for evacuation
[2024-01-18T01:14:20.478+0000][7][gc,age      ] GC(60) Desired survivor size 41943040 bytes, new threshold 15 (max threshold 15)
[2024-01-18T01:14:20.482+0000][7][gc,phases   ] GC(60)   Pre Evacuate Collection Set: 0.1ms
[2024-01-18T01:14:20.482+0000][7][gc,phases   ] GC(60)   Merge Heap Roots: 0.1ms
[2024-01-18T01:14:20.482+0000][7][gc,phases   ] GC(60)   Evacuate Collection Set: 2.5ms
[2024-01-18T01:14:20.482+0000][7][gc,phases   ] GC(60)   Post Evacuate Collection Set: 0.8ms
[2024-01-18T01:14:20.482+0000][7][gc,phases   ] GC(60)   Other: 0.1ms
[2024-01-18T01:14:20.482+0000][7][gc,age      ] GC(60) Age table with threshold 15 (max threshold 15)
[2024-01-18T01:14:20.482+0000][7][gc,age      ] GC(60) - age   1:    1886392 bytes,    1886392 total
[2024-01-18T01:14:20.482+0000][7][gc,age      ] GC(60) - age   2:      91112 bytes,    1977504 total
[2024-01-18T01:14:20.482+0000][7][gc,age      ] GC(60) - age   3:       1800 bytes,    1979304 total
[2024-01-18T01:14:20.482+0000][7][gc,age      ] GC(60) - age   4:       2504 bytes,    1981808 total
[2024-01-18T01:14:20.482+0000][7][gc,age      ] GC(60) - age   5:      51688 bytes,    2033496 total
[2024-01-18T01:14:20.482+0000][7][gc,age      ] GC(60) - age   6:      50992 bytes,    2084488 total
[2024-01-18T01:14:20.482+0000][7][gc,age      ] GC(60) - age   7:      11640 bytes,    2096128 total
[2024-01-18T01:14:20.482+0000][7][gc,age      ] GC(60) - age   8:       2728 bytes,    2098856 total
[2024-01-18T01:14:20.482+0000][7][gc,age      ] GC(60) - age   9:        856 bytes,    2099712 total
[2024-01-18T01:14:20.482+0000][7][gc,age      ] GC(60) - age  10:       1528 bytes,    2101240 total
[2024-01-18T01:14:20.482+0000][7][gc,age      ] GC(60) - age  11:        896 bytes,    2102136 total
[2024-01-18T01:14:20.482+0000][7][gc,age      ] GC(60) - age  12:        760 bytes,    2102896 total
[2024-01-18T01:14:20.482+0000][7][gc,age      ] GC(60) - age  13:       2912 bytes,    2105808 total
[2024-01-18T01:14:20.482+0000][7][gc,age      ] GC(60) - age  14:        368 bytes,    2106176 total
[2024-01-18T01:14:20.482+0000][7][gc,age      ] GC(60) - age  15:      81936 bytes,    2188112 total
[2024-01-18T01:14:20.482+0000][7][gc,heap     ] GC(60) Eden regions: 152->0(152)
[2024-01-18T01:14:20.482+0000][7][gc,heap     ] GC(60) Survivor regions: 1->1(20)
[2024-01-18T01:14:20.482+0000][7][gc,heap     ] GC(60) Old regions: 31->31
[2024-01-18T01:14:20.482+0000][7][gc,heap     ] GC(60) Archive regions: 2->2
[2024-01-18T01:14:20.482+0000][7][gc,heap     ] GC(60) Humongous regions: 0->0
[2024-01-18T01:14:20.482+0000][7][gc,metaspace] GC(60) Metaspace: 128754K(132416K)->128754K(132416K) NonClass: 111806K(113728K)->111806K(113728K) Class: 16947K(18688K)->16947K(18688K)
[2024-01-18T01:14:20.482+0000][7][gc          ] GC(60) Pause Young (Normal) (G1 Evacuation Pause) 737M->129M(1024M) 4.095ms
[2024-01-18T01:14:20.482+0000][7][gc,cpu      ] GC(60) User=0.02s Sys=0.00s Real=0.01s
[2024-01-18T01:14:20.482+0000][7][safepoint   ] Safepoint "G1CollectForAllocation", Time since last: 47104470545 ns, Reaching safepoint: 51623 ns, At safepoint: 4206015 ns, Total: 4257638 ns
[2024-01-18T01:14:24.483+0000][7][safepoint   ] Safepoint "Cleanup", Time since last: 4000573133 ns, Reaching safepoint: 101420 ns, At safepoint: 12332 ns, Total: 113752 ns
[2024-01-18T01:14:25.483+0000][7][safepoint   ] Safepoint "Cleanup", Time since last: 1000128307 ns, Reaching safepoint: 80346 ns, At safepoint: 6482 ns, Total: 86828 ns
[2024-01-18T01:14:26.483+0000][7][safepoint   ] Safepoint "Cleanup", Time since last: 1000150272 ns, Reaching safepoint: 51897 ns, At safepoint: 4914 ns, Total: 56811 ns
[2024-01-18T01:15:26.490+0000][7][safepoint   ] Safepoint "Cleanup", Time since last: 60006656348 ns, Reaching safepoint: 81666 ns, At safepoint: 5407 ns, Total: 87073 ns
[2024-01-18T01:15:33.491+0000][7][safepoint   ] Safepoint "Cleanup", Time since last: 7001177333 ns, Reaching safepoint: 60107 ns, At safepoint: 5750 ns, Total: 65857 ns
[2024-01-18T01:16:02.495+0000][7][safepoint   ] Safepoint "Cleanup", Time since last: 29003985451 ns, Reaching safepoint: 117054 ns, At safepoint: 25897 ns, Total: 142951 ns
[2024-01-18T01:17:50.448+0000][7][gc,start    ] GC(61) Pause Young (Normal) (G1 Evacuation Pause)
[2024-01-18T01:17:50.448+0000][7][gc,task     ] GC(61) Using 8 workers of 8 for evacuation
[2024-01-18T01:17:50.448+0000][7][gc,age      ] GC(61) Desired survivor size 41943040 bytes, new threshold 15 (max threshold 15)
[2024-01-18T01:17:50.451+0000][7][gc,phases   ] GC(61)   Pre Evacuate Collection Set: 0.1ms
[2024-01-18T01:17:50.451+0000][7][gc,phases   ] GC(61)   Merge Heap Roots: 0.1ms
[2024-01-18T01:17:50.451+0000][7][gc,phases   ] GC(61)   Evacuate Collection Set: 1.3ms
[2024-01-18T01:17:50.451+0000][7][gc,phases   ] GC(61)   Post Evacuate Collection Set: 0.8ms
[2024-01-18T01:17:50.451+0000][7][gc,phases   ] GC(61)   Other: 0.1ms
[2024-01-18T01:17:50.451+0000][7][gc,age      ] GC(61) Age table with threshold 15 (max threshold 15)
[2024-01-18T01:17:50.451+0000][7][gc,age      ] GC(61) - age   1:    1102944 bytes,    1102944 total
[2024-01-18T01:17:50.451+0000][7][gc,age      ] GC(61) - age   2:     186136 bytes,    1289080 total
[2024-01-18T01:17:50.451+0000][7][gc,age      ] GC(61) - age   3:      87968 bytes,    1377048 total
[2024-01-18T01:17:50.451+0000][7][gc,age      ] GC(61) - age   4:       1608 bytes,    1378656 total
[2024-01-18T01:17:50.451+0000][7][gc,age      ] GC(61) - age   5:       2504 bytes,    1381160 total
[2024-01-18T01:17:50.451+0000][7][gc,age      ] GC(61) - age   6:      35536 bytes,    1416696 total
[2024-01-18T01:17:50.451+0000][7][gc,age      ] GC(61) - age   7:      50992 bytes,    1467688 total
[2024-01-18T01:17:50.451+0000][7][gc,age      ] GC(61) - age   8:      11640 bytes,    1479328 total
[2024-01-18T01:17:50.451+0000][7][gc,age      ] GC(61) - age   9:       2728 bytes,    1482056 total
[2024-01-18T01:17:50.451+0000][7][gc,age      ] GC(61) - age  10:        856 bytes,    1482912 total
[2024-01-18T01:17:50.451+0000][7][gc,age      ] GC(61) - age  11:       1344 bytes,    1484256 total
[2024-01-18T01:17:50.451+0000][7][gc,age      ] GC(61) - age  12:        896 bytes,    1485152 total
[2024-01-18T01:17:50.451+0000][7][gc,age      ] GC(61) - age  13:        760 bytes,    1485912 total
[2024-01-18T01:17:50.451+0000][7][gc,age      ] GC(61) - age  14:       2912 bytes,    1488824 total
[2024-01-18T01:17:50.451+0000][7][gc,age      ] GC(61) - age  15:        368 bytes,    1489192 total
[2024-01-18T01:17:50.451+0000][7][gc,heap     ] GC(61) Eden regions: 152->0(152)
[2024-01-18T01:17:50.451+0000][7][gc,heap     ] GC(61) Survivor regions: 1->1(20)
[2024-01-18T01:17:50.451+0000][7][gc,heap     ] GC(61) Old regions: 31->31
[2024-01-18T01:17:50.451+0000][7][gc,heap     ] GC(61) Archive regions: 2->2
[2024-01-18T01:17:50.451+0000][7][gc,heap     ] GC(61) Humongous regions: 0->0
[2024-01-18T01:17:50.451+0000][7][gc,metaspace] GC(61) Metaspace: 128806K(132480K)->128806K(132480K) NonClass: 111859K(113792K)->111859K(113792K) Class: 16947K(18688K)->16947K(18688K)
[2024-01-18T01:17:50.451+0000][7][gc          ] GC(61) Pause Young (Normal) (G1 Evacuation Pause) 737M->129M(1024M) 2.743ms
[2024-01-18T01:17:50.451+0000][7][gc,cpu      ] GC(61) User=0.02s Sys=0.00s Real=0.00s
[2024-01-18T01:17:50.451+0000][7][safepoint   ] Safepoint "G1CollectForAllocation", Time since last: 107952708122 ns, Reaching safepoint: 71562 ns, At safepoint: 2833244 ns, Total: 2904806 ns
[2024-01-18T01:18:07.453+0000][7][safepoint   ] Safepoint "Cleanup", Time since last: 17001985611 ns, Reaching safepoint: 77190 ns, At safepoint: 11430 ns, Total: 88620 ns
[2024-01-18T01:18:26.455+0000][7][safepoint   ] Safepoint "Cleanup", Time since last: 19002377891 ns, Reaching safepoint: 79716 ns, At safepoint: 4019 ns, Total: 83735 ns
[2024-01-18T01:18:30.456+0000][7][safepoint   ] Safepoint "Cleanup", Time since last: 4000386427 ns, Reaching safepoint: 91236 ns, At safepoint: 6939 ns, Total: 98175 ns
[2024-01-18T01:18:37.457+0000][7][safepoint   ] Safepoint "Cleanup", Time since last: 7000719841 ns, Reaching safepoint: 54421 ns, At safepoint: 5989 ns, Total: 60410 ns
[2024-01-18T01:18:45.457+0000][7][safepoint   ] Safepoint "Cleanup", Time since last: 8000656105 ns, Reaching safepoint: 65177 ns, At safepoint: 3858 ns, Total: 69035 ns
[2024-01-18T01:18:50.458+0000][7][safepoint   ] Safepoint "Cleanup", Time since last: 5000455321 ns, Reaching safepoint: 116282 ns, At safepoint: 5899 ns, Total: 122181 ns
[2024-01-18T01:18:51.458+0000][7][safepoint   ] Safepoint "Cleanup", Time since last: 1000129299 ns, Reaching safepoint: 83031 ns, At safepoint: 5920 ns, Total: 88951 ns
[2024-01-18T01:19:29.461+0000][7][safepoint   ] Safepoint "Cleanup", Time since last: 38003239616 ns, Reaching safepoint: 58005 ns, At safepoint: 19990 ns, Total: 77995 ns
[2024-01-18T01:19:38.462+0000][7][safepoint   ] Safepoint "Cleanup", Time since last: 9000805398 ns, Reaching safepoint: 127470 ns, At safepoint: 19066 ns, Total: 146536 ns
[2024-01-18T01:19:39.463+0000][7][safepoint   ] Safepoint "Cleanup", Time since last: 1000161899 ns, Reaching safepoint: 54645 ns, At safepoint: 5390 ns, Total: 60035 ns
[2024-01-18T01:21:05.452+0000][7][gc,start    ] GC(62) Pause Young (Normal) (G1 Evacuation Pause)
[2024-01-18T01:21:05.452+0000][7][gc,task     ] GC(62) Using 8 workers of 8 for evacuation
[2024-01-18T01:21:05.452+0000][7][gc,age      ] GC(62) Desired survivor size 41943040 bytes, new threshold 15 (max threshold 15)
[2024-01-18T01:21:05.454+0000][7][gc,phases   ] GC(62)   Pre Evacuate Collection Set: 0.1ms
[2024-01-18T01:21:05.454+0000][7][gc,phases   ] GC(62)   Merge Heap Roots: 0.1ms
[2024-01-18T01:21:05.454+0000][7][gc,phases   ] GC(62)   Evacuate Collection Set: 1.0ms
[2024-01-18T01:21:05.454+0000][7][gc,phases   ] GC(62)   Post Evacuate Collection Set: 0.5ms
[2024-01-18T01:21:05.454+0000][7][gc,phases   ] GC(62)   Other: 0.1ms
[2024-01-18T01:21:05.454+0000][7][gc,age      ] GC(62) Age table with threshold 15 (max threshold 15)
[2024-01-18T01:21:05.454+0000][7][gc,age      ] GC(62) - age   1:     609720 bytes,     609720 total
[2024-01-18T01:21:05.454+0000][7][gc,age      ] GC(62) - age   2:      92584 bytes,     702304 total
[2024-01-18T01:21:05.454+0000][7][gc,age      ] GC(62) - age   3:     183896 bytes,     886200 total
[2024-01-18T01:21:05.454+0000][7][gc,age      ] GC(62) - age   4:      87776 bytes,     973976 total
[2024-01-18T01:21:05.454+0000][7][gc,age      ] GC(62) - age   5:       1544 bytes,     975520 total
[2024-01-18T01:21:05.454+0000][7][gc,age      ] GC(62) - age   6:       2504 bytes,     978024 total
[2024-01-18T01:21:05.454+0000][7][gc,age      ] GC(62) - age   7:      35536 bytes,    1013560 total
[2024-01-18T01:21:05.454+0000][7][gc,age      ] GC(62) - age   8:      50992 bytes,    1064552 total
[2024-01-18T01:21:05.454+0000][7][gc,age      ] GC(62) - age   9:      11424 bytes,    1075976 total
[2024-01-18T01:21:05.454+0000][7][gc,age      ] GC(62) - age  10:       2728 bytes,    1078704 total
[2024-01-18T01:21:05.454+0000][7][gc,age      ] GC(62) - age  11:        856 bytes,    1079560 total
[2024-01-18T01:21:05.454+0000][7][gc,age      ] GC(62) - age  12:       1344 bytes,    1080904 total
[2024-01-18T01:21:05.454+0000][7][gc,age      ] GC(62) - age  13:        896 bytes,    1081800 total
[2024-01-18T01:21:05.454+0000][7][gc,age      ] GC(62) - age  14:        760 bytes,    1082560 total
[2024-01-18T01:21:05.454+0000][7][gc,age      ] GC(62) - age  15:       2912 bytes,    1085472 total
[2024-01-18T01:21:05.454+0000][7][gc,heap     ] GC(62) Eden regions: 152->0(152)
[2024-01-18T01:21:05.454+0000][7][gc,heap     ] GC(62) Survivor regions: 1->1(20)
[2024-01-18T01:21:05.454+0000][7][gc,heap     ] GC(62) Old regions: 31->31
[2024-01-18T01:21:05.454+0000][7][gc,heap     ] GC(62) Archive regions: 2->2
[2024-01-18T01:21:05.454+0000][7][gc,heap     ] GC(62) Humongous regions: 0->0
[2024-01-18T01:21:05.454+0000][7][gc,metaspace] GC(62) Metaspace: 128874K(132544K)->128874K(132544K) NonClass: 111926K(113856K)->111926K(113856K) Class: 16947K(18688K)->16947K(18688K)
[2024-01-18T01:21:05.454+0000][7][gc          ] GC(62) Pause Young (Normal) (G1 Evacuation Pause) 737M->128M(1024M) 1.993ms
[2024-01-18T01:21:05.454+0000][7][gc,cpu      ] GC(62) User=0.01s Sys=0.00s Real=0.00s
[2024-01-18T01:21:05.454+0000][7][safepoint   ] Safepoint "G1CollectForAllocation", Time since last: 85989554505 ns, Reaching safepoint: 48398 ns, At safepoint: 2067949 ns, Total: 2116347 ns
[2024-01-18T01:21:10.455+0000][7][safepoint   ] Safepoint "Cleanup", Time since last: 5000508646 ns, Reaching safepoint: 69065 ns, At safepoint: 17476 ns, Total: 86541 ns
[2024-01-18T01:21:26.457+0000][7][safepoint   ] Safepoint "Cleanup", Time since last: 16001607778 ns, Reaching safepoint: 64783 ns, At safepoint: 6237 ns, Total: 71020 ns
[2024-01-18T01:22:21.462+0000][7][safepoint   ] Safepoint "Cleanup", Time since last: 55005627283 ns, Reaching safepoint: 42967 ns, At safepoint: 4522 ns, Total: 47489 ns
[2024-01-18T01:22:26.463+0000][7][safepoint   ] Safepoint "Cleanup", Time since last: 5000700270 ns, Reaching safepoint: 123762 ns, At safepoint: 20875 ns, Total: 144637 ns
[2024-01-18T01:22:55.466+0000][7][safepoint   ] Safepoint "Cleanup", Time since last: 29002768759 ns, Reaching safepoint: 73514 ns, At safepoint: 5449 ns, Total: 78963 ns
[2024-01-18T01:23:44.507+0000][7][gc,start    ] GC(63) Pause Young (Normal) (G1 Evacuation Pause)
[2024-01-18T01:23:44.507+0000][7][gc,task     ] GC(63) Using 8 workers of 8 for evacuation
[2024-01-18T01:23:44.507+0000][7][gc,age      ] GC(63) Desired survivor size 41943040 bytes, new threshold 15 (max threshold 15)
[2024-01-18T01:23:44.514+0000][7][gc,phases   ] GC(63)   Pre Evacuate Collection Set: 0.1ms
[2024-01-18T01:23:44.514+0000][7][gc,phases   ] GC(63)   Merge Heap Roots: 0.1ms
[2024-01-18T01:23:44.514+0000][7][gc,phases   ] GC(63)   Evacuate Collection Set: 5.3ms
[2024-01-18T01:23:44.514+0000][7][gc,phases   ] GC(63)   Post Evacuate Collection Set: 1.1ms
[2024-01-18T01:23:44.514+0000][7][gc,phases   ] GC(63)   Other: 0.1ms
[2024-01-18T01:23:44.514+0000][7][gc,age      ] GC(63) Age table with threshold 15 (max threshold 15)
[2024-01-18T01:23:44.514+0000][7][gc,age      ] GC(63) - age   1:    1837280 bytes,    1837280 total
[2024-01-18T01:23:44.514+0000][7][gc,age      ] GC(63) - age   2:     114760 bytes,    1952040 total
[2024-01-18T01:23:44.514+0000][7][gc,age      ] GC(63) - age   3:      90248 bytes,    2042288 total
[2024-01-18T01:23:44.514+0000][7][gc,age      ] GC(63) - age   4:     179896 bytes,    2222184 total
[2024-01-18T01:23:44.514+0000][7][gc,age      ] GC(63) - age   5:      85528 bytes,    2307712 total
[2024-01-18T01:23:44.514+0000][7][gc,age      ] GC(63) - age   6:       1544 bytes,    2309256 total
[2024-01-18T01:23:44.514+0000][7][gc,age      ] GC(63) - age   7:       2472 bytes,    2311728 total
[2024-01-18T01:23:44.514+0000][7][gc,age      ] GC(63) - age   8:      35536 bytes,    2347264 total
[2024-01-18T01:23:44.514+0000][7][gc,age      ] GC(63) - age   9:      50992 bytes,    2398256 total
[2024-01-18T01:23:44.514+0000][7][gc,age      ] GC(63) - age  10:      11424 bytes,    2409680 total
[2024-01-18T01:23:44.514+0000][7][gc,age      ] GC(63) - age  11:       2728 bytes,    2412408 total
[2024-01-18T01:23:44.514+0000][7][gc,age      ] GC(63) - age  12:        856 bytes,    2413264 total
[2024-01-18T01:23:44.514+0000][7][gc,age      ] GC(63) - age  13:       1344 bytes,    2414608 total
[2024-01-18T01:23:44.514+0000][7][gc,age      ] GC(63) - age  14:        896 bytes,    2415504 total
[2024-01-18T01:23:44.514+0000][7][gc,age      ] GC(63) - age  15:        760 bytes,    2416264 total
[2024-01-18T01:23:44.514+0000][7][gc,heap     ] GC(63) Eden regions: 152->0(152)
[2024-01-18T01:23:44.514+0000][7][gc,heap     ] GC(63) Survivor regions: 1->1(20)
[2024-01-18T01:23:44.514+0000][7][gc,heap     ] GC(63) Old regions: 31->31
[2024-01-18T01:23:44.514+0000][7][gc,heap     ] GC(63) Archive regions: 2->2
[2024-01-18T01:23:44.514+0000][7][gc,heap     ] GC(63) Humongous regions: 0->0
[2024-01-18T01:23:44.514+0000][7][gc,metaspace] GC(63) Metaspace: 128886K(132544K)->128886K(132544K) NonClass: 111937K(113856K)->111937K(113856K) Class: 16948K(18688K)->16948K(18688K)
[2024-01-18T01:23:44.514+0000][7][gc          ] GC(63) Pause Young (Normal) (G1 Evacuation Pause) 736M->129M(1024M) 7.256ms
[2024-01-18T01:23:44.514+0000][7][gc,cpu      ] GC(63) User=0.01s Sys=0.00s Real=0.01s
[2024-01-18T01:23:44.514+0000][7][safepoint   ] Safepoint "G1CollectForAllocation", Time since last: 49040709767 ns, Reaching safepoint: 87208 ns, At safepoint: 7361692 ns, Total: 7448900 ns
[2024-01-18T01:24:26.519+0000][7][safepoint   ] Safepoint "Cleanup", Time since last: 42005045166 ns, Reaching safepoint: 119306 ns, At safepoint: 6157 ns, Total: 125463 ns
[2024-01-18T01:24:50.522+0000][7][safepoint   ] Safepoint "Cleanup", Time since last: 24002745519 ns, Reaching safepoint: 105616 ns, At safepoint: 6343 ns, Total: 111959 ns
[2024-01-18T01:24:57.523+0000][7][safepoint   ] Safepoint "Cleanup", Time since last: 7000953676 ns, Reaching safepoint: 61391 ns, At safepoint: 38324 ns, Total: 99715 ns
[2024-01-18T01:25:26.527+0000][7][safepoint   ] Safepoint "Cleanup", Time since last: 29003352348 ns, Reaching safepoint: 106333 ns, At safepoint: 16757 ns, Total: 123090 ns
[2024-01-18T01:25:50.529+0000][7][safepoint   ] Safepoint "Cleanup", Time since last: 24002495877 ns, Reaching safepoint: 45906 ns, At safepoint: 4232 ns, Total: 50138 ns
[2024-01-18T01:26:07.532+0000][7][safepoint   ] Safepoint "Cleanup", Time since last: 17002360171 ns, Reaching safepoint: 58603 ns, At safepoint: 6546 ns, Total: 65149 ns
[2024-01-18T01:26:29.484+0000][7][gc,start    ] GC(64) Pause Young (Normal) (G1 Evacuation Pause)
[2024-01-18T01:26:29.484+0000][7][gc,task     ] GC(64) Using 8 workers of 8 for evacuation
[2024-01-18T01:26:29.484+0000][7][gc,age      ] GC(64) Desired survivor size 41943040 bytes, new threshold 15 (max threshold 15)
[2024-01-18T01:26:29.486+0000][7][gc,phases   ] GC(64)   Pre Evacuate Collection Set: 0.2ms
[2024-01-18T01:26:29.486+0000][7][gc,phases   ] GC(64)   Merge Heap Roots: 0.1ms
[2024-01-18T01:26:29.486+0000][7][gc,phases   ] GC(64)   Evacuate Collection Set: 1.2ms
[2024-01-18T01:26:29.486+0000][7][gc,phases   ] GC(64)   Post Evacuate Collection Set: 0.7ms
[2024-01-18T01:26:29.486+0000][7][gc,phases   ] GC(64)   Other: 0.1ms
[2024-01-18T01:26:29.486+0000][7][gc,age      ] GC(64) Age table with threshold 15 (max threshold 15)
[2024-01-18T01:26:29.486+0000][7][gc,age      ] GC(64) - age   1:     682088 bytes,     682088 total
[2024-01-18T01:26:29.486+0000][7][gc,age      ] GC(64) - age   2:     307296 bytes,     989384 total
[2024-01-18T01:26:29.486+0000][7][gc,age      ] GC(64) - age   3:     113632 bytes,    1103016 total
[2024-01-18T01:26:29.486+0000][7][gc,age      ] GC(64) - age   4:      90248 bytes,    1193264 total
[2024-01-18T01:26:29.486+0000][7][gc,age      ] GC(64) - age   5:     179736 bytes,    1373000 total
[2024-01-18T01:26:29.486+0000][7][gc,age      ] GC(64) - age   6:      20856 bytes,    1393856 total
[2024-01-18T01:26:29.486+0000][7][gc,age      ] GC(64) - age   7:       1160 bytes,    1395016 total
[2024-01-18T01:26:29.486+0000][7][gc,age      ] GC(64) - age   8:       2472 bytes,    1397488 total
[2024-01-18T01:26:29.486+0000][7][gc,age      ] GC(64) - age   9:      35472 bytes,    1432960 total
[2024-01-18T01:26:29.486+0000][7][gc,age      ] GC(64) - age  10:      50992 bytes,    1483952 total
[2024-01-18T01:26:29.486+0000][7][gc,age      ] GC(64) - age  11:      11424 bytes,    1495376 total
[2024-01-18T01:26:29.486+0000][7][gc,age      ] GC(64) - age  12:       2728 bytes,    1498104 total
[2024-01-18T01:26:29.486+0000][7][gc,age      ] GC(64) - age  13:        856 bytes,    1498960 total
[2024-01-18T01:26:29.486+0000][7][gc,age      ] GC(64) - age  14:       1344 bytes,    1500304 total
[2024-01-18T01:26:29.486+0000][7][gc,age      ] GC(64) - age  15:        896 bytes,    1501200 total
[2024-01-18T01:26:29.486+0000][7][gc,heap     ] GC(64) Eden regions: 152->0(152)
[2024-01-18T01:26:29.486+0000][7][gc,heap     ] GC(64) Survivor regions: 1->1(20)
[2024-01-18T01:26:29.486+0000][7][gc,heap     ] GC(64) Old regions: 31->31
[2024-01-18T01:26:29.486+0000][7][gc,heap     ] GC(64) Archive regions: 2->2
[2024-01-18T01:26:29.486+0000][7][gc,heap     ] GC(64) Humongous regions: 0->0
[2024-01-18T01:26:29.486+0000][7][gc,metaspace] GC(64) Metaspace: 128916K(132544K)->128916K(132544K) NonClass: 111964K(113856K)->111964K(113856K) Class: 16951K(18688K)->16951K(18688K)
[2024-01-18T01:26:29.486+0000][7][gc          ] GC(64) Pause Young (Normal) (G1 Evacuation Pause) 737M->129M(1024M) 2.560ms
[2024-01-18T01:26:29.487+0000][7][gc,cpu      ] GC(64) User=0.01s Sys=0.00s Real=0.00s
[2024-01-18T01:26:29.487+0000][7][safepoint   ] Safepoint "G1CollectForAllocation", Time since last: 21952199570 ns, Reaching safepoint: 41890 ns, At safepoint: 2657351 ns, Total: 2699241 ns
[2024-01-18T01:26:47.489+0000][7][safepoint   ] Safepoint "Cleanup", Time since last: 18002583547 ns, Reaching safepoint: 78856 ns, At safepoint: 29567 ns, Total: 108423 ns
[2024-01-18T01:27:33.495+0000][7][safepoint   ] Safepoint "Cleanup", Time since last: 46005389850 ns, Reaching safepoint: 86215 ns, At safepoint: 10682 ns, Total: 96897 ns
[2024-01-18T01:28:26.501+0000][7][safepoint   ] Safepoint "Cleanup", Time since last: 53006230926 ns, Reaching safepoint: 93904 ns, At safepoint: 9293 ns, Total: 103197 ns
[2024-01-18T01:29:11.503+0000][7][gc,start    ] GC(65) Pause Young (Normal) (G1 Evacuation Pause)
[2024-01-18T01:29:11.503+0000][7][gc,task     ] GC(65) Using 8 workers of 8 for evacuation
[2024-01-18T01:29:11.503+0000][7][gc,age      ] GC(65) Desired survivor size 41943040 bytes, new threshold 15 (max threshold 15)
[2024-01-18T01:29:11.506+0000][7][gc,phases   ] GC(65)   Pre Evacuate Collection Set: 0.1ms
[2024-01-18T01:29:11.506+0000][7][gc,phases   ] GC(65)   Merge Heap Roots: 0.1ms
[2024-01-18T01:29:11.506+0000][7][gc,phases   ] GC(65)   Evacuate Collection Set: 1.3ms
[2024-01-18T01:29:11.506+0000][7][gc,phases   ] GC(65)   Post Evacuate Collection Set: 0.7ms
[2024-01-18T01:29:11.506+0000][7][gc,phases   ] GC(65)   Other: 0.1ms
[2024-01-18T01:29:11.506+0000][7][gc,age      ] GC(65) Age table with threshold 15 (max threshold 15)
[2024-01-18T01:29:11.506+0000][7][gc,age      ] GC(65) - age   1:    2141624 bytes,    2141624 total
[2024-01-18T01:29:11.506+0000][7][gc,age      ] GC(65) - age   2:      46744 bytes,    2188368 total
[2024-01-18T01:29:11.506+0000][7][gc,age      ] GC(65) - age   3:     303992 bytes,    2492360 total
[2024-01-18T01:29:11.506+0000][7][gc,age      ] GC(65) - age   4:     113000 bytes,    2605360 total
[2024-01-18T01:29:11.506+0000][7][gc,age      ] GC(65) - age   5:      90248 bytes,    2695608 total
[2024-01-18T01:29:11.506+0000][7][gc,age      ] GC(65) - age   6:     147040 bytes,    2842648 total
[2024-01-18T01:29:11.506+0000][7][gc,age      ] GC(65) - age   7:      20856 bytes,    2863504 total
[2024-01-18T01:29:11.506+0000][7][gc,age      ] GC(65) - age   8:       1160 bytes,    2864664 total
[2024-01-18T01:29:11.506+0000][7][gc,age      ] GC(65) - age   9:       2472 bytes,    2867136 total
[2024-01-18T01:29:11.506+0000][7][gc,age      ] GC(65) - age  10:      35472 bytes,    2902608 total
[2024-01-18T01:29:11.506+0000][7][gc,age      ] GC(65) - age  11:      50992 bytes,    2953600 total
[2024-01-18T01:29:11.506+0000][7][gc,age      ] GC(65) - age  12:      11424 bytes,    2965024 total
[2024-01-18T01:29:11.506+0000][7][gc,age      ] GC(65) - age  13:       2544 bytes,    2967568 total
[2024-01-18T01:29:11.506+0000][7][gc,age      ] GC(65) - age  14:        856 bytes,    2968424 total
[2024-01-18T01:29:11.506+0000][7][gc,age      ] GC(65) - age  15:       1344 bytes,    2969768 total
[2024-01-18T01:29:11.506+0000][7][gc,heap     ] GC(65) Eden regions: 152->0(152)
[2024-01-18T01:29:11.506+0000][7][gc,heap     ] GC(65) Survivor regions: 1->1(20)
[2024-01-18T01:29:11.506+0000][7][gc,heap     ] GC(65) Old regions: 31->31
[2024-01-18T01:29:11.506+0000][7][gc,heap     ] GC(65) Archive regions: 2->2
[2024-01-18T01:29:11.506+0000][7][gc,heap     ] GC(65) Humongous regions: 0->0
[2024-01-18T01:29:11.506+0000][7][gc,metaspace] GC(65) Metaspace: 128916K(132544K)->128916K(132544K) NonClass: 111965K(113856K)->111965K(113856K) Class: 16951K(18688K)->16951K(18688K)
[2024-01-18T01:29:11.506+0000][7][gc          ] GC(65) Pause Young (Normal) (G1 Evacuation Pause) 737M->130M(1024M) 2.426ms
[2024-01-18T01:29:11.506+0000][7][gc,cpu      ] GC(65) User=0.01s Sys=0.00s Real=0.00s
[2024-01-18T01:29:11.506+0000][7][safepoint   ] Safepoint "G1CollectForAllocation", Time since last: 45002168929 ns, Reaching safepoint: 92187 ns, At safepoint: 2502936 ns, Total: 2595123 ns
[2024-01-18T01:29:44.510+0000][7][safepoint   ] Safepoint "Cleanup", Time since last: 33004278409 ns, Reaching safepoint: 81595 ns, At safepoint: 10088 ns, Total: 91683 ns
[2024-01-18T01:30:26.516+0000][7][safepoint   ] Safepoint "Cleanup", Time since last: 42005249953 ns, Reaching safepoint: 72112 ns, At safepoint: 9358 ns, Total: 81470 ns
[2024-01-18T01:31:29.523+0000][7][safepoint   ] Safepoint "Cleanup", Time since last: 63007188115 ns, Reaching safepoint: 140020 ns, At safepoint: 27864 ns, Total: 167884 ns
[2024-01-18T01:31:53.571+0000][7][gc,start    ] GC(66) Pause Young (Normal) (G1 Evacuation Pause)
[2024-01-18T01:31:53.571+0000][7][gc,task     ] GC(66) Using 8 workers of 8 for evacuation
[2024-01-18T01:31:53.571+0000][7][gc,age      ] GC(66) Desired survivor size 41943040 bytes, new threshold 15 (max threshold 15)
[2024-01-18T01:31:53.574+0000][7][gc,phases   ] GC(66)   Pre Evacuate Collection Set: 0.1ms
[2024-01-18T01:31:53.574+0000][7][gc,phases   ] GC(66)   Merge Heap Roots: 0.1ms
[2024-01-18T01:31:53.574+0000][7][gc,phases   ] GC(66)   Evacuate Collection Set: 1.4ms
[2024-01-18T01:31:53.574+0000][7][gc,phases   ] GC(66)   Post Evacuate Collection Set: 0.8ms
[2024-01-18T01:31:53.574+0000][7][gc,phases   ] GC(66)   Other: 0.1ms
[2024-01-18T01:31:53.574+0000][7][gc,age      ] GC(66) Age table with threshold 15 (max threshold 15)
[2024-01-18T01:31:53.574+0000][7][gc,age      ] GC(66) - age   1:    1000864 bytes,    1000864 total
[2024-01-18T01:31:53.574+0000][7][gc,age      ] GC(66) - age   2:       3360 bytes,    1004224 total
[2024-01-18T01:31:53.574+0000][7][gc,age      ] GC(66) - age   3:      45560 bytes,    1049784 total
[2024-01-18T01:31:53.574+0000][7][gc,age      ] GC(66) - age   4:     303672 bytes,    1353456 total
[2024-01-18T01:31:53.574+0000][7][gc,age      ] GC(66) - age   5:     112744 bytes,    1466200 total
[2024-01-18T01:31:53.574+0000][7][gc,age      ] GC(66) - age   6:      90184 bytes,    1556384 total
[2024-01-18T01:31:53.574+0000][7][gc,age      ] GC(66) - age   7:     147040 bytes,    1703424 total
[2024-01-18T01:31:53.574+0000][7][gc,age      ] GC(66) - age   8:      20856 bytes,    1724280 total
[2024-01-18T01:31:53.574+0000][7][gc,age      ] GC(66) - age   9:       1160 bytes,    1725440 total
[2024-01-18T01:31:53.574+0000][7][gc,age      ] GC(66) - age  10:       2472 bytes,    1727912 total
[2024-01-18T01:31:53.574+0000][7][gc,age      ] GC(66) - age  11:      35352 bytes,    1763264 total
[2024-01-18T01:31:53.574+0000][7][gc,age      ] GC(66) - age  12:      50992 bytes,    1814256 total
[2024-01-18T01:31:53.574+0000][7][gc,age      ] GC(66) - age  13:      11424 bytes,    1825680 total
[2024-01-18T01:31:53.574+0000][7][gc,age      ] GC(66) - age  14:       2544 bytes,    1828224 total
[2024-01-18T01:31:53.574+0000][7][gc,age      ] GC(66) - age  15:        856 bytes,    1829080 total
[2024-01-18T01:31:53.574+0000][7][gc,heap     ] GC(66) Eden regions: 152->0(152)
[2024-01-18T01:31:53.574+0000][7][gc,heap     ] GC(66) Survivor regions: 1->1(20)
[2024-01-18T01:31:53.574+0000][7][gc,heap     ] GC(66) Old regions: 31->31
[2024-01-18T01:31:53.574+0000][7][gc,heap     ] GC(66) Archive regions: 2->2
[2024-01-18T01:31:53.574+0000][7][gc,heap     ] GC(66) Humongous regions: 0->0
[2024-01-18T01:31:53.574+0000][7][gc,metaspace] GC(66) Metaspace: 128963K(132608K)->128963K(132608K) NonClass: 112008K(113920K)->112008K(113920K) Class: 16955K(18688K)->16955K(18688K)
[2024-01-18T01:31:53.574+0000][7][gc          ] GC(66) Pause Young (Normal) (G1 Evacuation Pause) 738M->129M(1024M) 2.917ms
[2024-01-18T01:31:53.574+0000][7][gc,cpu      ] GC(66) User=0.02s Sys=0.00s Real=0.00s
[2024-01-18T01:31:53.574+0000][7][safepoint   ] Safepoint "G1CollectForAllocation", Time since last: 24047916096 ns, Reaching safepoint: 64671 ns, At safepoint: 3015295 ns, Total: 3079966 ns
[2024-01-18T01:32:05.576+0000][7][safepoint   ] Safepoint "Cleanup", Time since last: 12001621265 ns, Reaching safepoint: 57624 ns, At safepoint: 6336 ns, Total: 63960 ns
[2024-01-18T01:32:33.580+0000][7][safepoint   ] Safepoint "Cleanup", Time since last: 28004382171 ns, Reaching safepoint: 124499 ns, At safepoint: 6413 ns, Total: 130912 ns
[2024-01-18T01:32:57.583+0000][7][safepoint   ] Safepoint "Cleanup", Time since last: 24003189571 ns, Reaching safepoint: 75647 ns, At safepoint: 33887 ns, Total: 109534 ns
[2024-01-18T01:33:07.585+0000][7][safepoint   ] Safepoint "Cleanup", Time since last: 10001216052 ns, Reaching safepoint: 73998 ns, At safepoint: 7614 ns, Total: 81612 ns
[2024-01-18T01:33:26.590+0000][7][safepoint   ] Safepoint "Cleanup", Time since last: 19005609369 ns, Reaching safepoint: 116297 ns, At safepoint: 24685 ns, Total: 140982 ns
[2024-01-18T01:34:17.596+0000][7][safepoint   ] Safepoint "Cleanup", Time since last: 51005115359 ns, Reaching safepoint: 100025 ns, At safepoint: 32177 ns, Total: 132202 ns
[2024-01-18T01:34:32.729+0000][7][gc,start    ] GC(67) Pause Young (Normal) (G1 Evacuation Pause)
[2024-01-18T01:34:32.729+0000][7][gc,task     ] GC(67) Using 8 workers of 8 for evacuation
[2024-01-18T01:34:32.729+0000][7][gc,age      ] GC(67) Desired survivor size 41943040 bytes, new threshold 15 (max threshold 15)
[2024-01-18T01:34:32.731+0000][7][gc,phases   ] GC(67)   Pre Evacuate Collection Set: 0.1ms
[2024-01-18T01:34:32.731+0000][7][gc,phases   ] GC(67)   Merge Heap Roots: 0.1ms
[2024-01-18T01:34:32.731+0000][7][gc,phases   ] GC(67)   Evacuate Collection Set: 1.3ms
[2024-01-18T01:34:32.731+0000][7][gc,phases   ] GC(67)   Post Evacuate Collection Set: 0.6ms
[2024-01-18T01:34:32.731+0000][7][gc,phases   ] GC(67)   Other: 0.1ms
[2024-01-18T01:34:32.731+0000][7][gc,age      ] GC(67) Age table with threshold 15 (max threshold 15)
[2024-01-18T01:34:32.731+0000][7][gc,age      ] GC(67) - age   1:    1835992 bytes,    1835992 total
[2024-01-18T01:34:32.731+0000][7][gc,age      ] GC(67) - age   2:      30448 bytes,    1866440 total
[2024-01-18T01:34:32.731+0000][7][gc,age      ] GC(67) - age   3:       1216 bytes,    1867656 total
[2024-01-18T01:34:32.731+0000][7][gc,age      ] GC(67) - age   4:      45368 bytes,    1913024 total
[2024-01-18T01:34:32.731+0000][7][gc,age      ] GC(67) - age   5:     299664 bytes,    2212688 total
[2024-01-18T01:34:32.731+0000][7][gc,age      ] GC(67) - age   6:     112616 bytes,    2325304 total
[2024-01-18T01:34:32.731+0000][7][gc,age      ] GC(67) - age   7:      90184 bytes,    2415488 total
[2024-01-18T01:34:32.731+0000][7][gc,age      ] GC(67) - age   8:     147008 bytes,    2562496 total
[2024-01-18T01:34:32.731+0000][7][gc,age      ] GC(67) - age   9:      20856 bytes,    2583352 total
[2024-01-18T01:34:32.731+0000][7][gc,age      ] GC(67) - age  10:       1160 bytes,    2584512 total
[2024-01-18T01:34:32.731+0000][7][gc,age      ] GC(67) - age  11:       2472 bytes,    2586984 total
[2024-01-18T01:34:32.731+0000][7][gc,age      ] GC(67) - age  12:      35352 bytes,    2622336 total
[2024-01-18T01:34:32.731+0000][7][gc,age      ] GC(67) - age  13:      50992 bytes,    2673328 total
[2024-01-18T01:34:32.731+0000][7][gc,age      ] GC(67) - age  14:      11424 bytes,    2684752 total
[2024-01-18T01:34:32.731+0000][7][gc,age      ] GC(67) - age  15:       2544 bytes,    2687296 total
[2024-01-18T01:34:32.731+0000][7][gc,heap     ] GC(67) Eden regions: 152->0(152)
[2024-01-18T01:34:32.731+0000][7][gc,heap     ] GC(67) Survivor regions: 1->1(20)
[2024-01-18T01:34:32.731+0000][7][gc,heap     ] GC(67) Old regions: 31->31
[2024-01-18T01:34:32.731+0000][7][gc,heap     ] GC(67) Archive regions: 2->2
[2024-01-18T01:34:32.731+0000][7][gc,heap     ] GC(67) Humongous regions: 0->0
[2024-01-18T01:34:32.731+0000][7][gc,metaspace] GC(67) Metaspace: 128969K(132608K)->128969K(132608K) NonClass: 112014K(113920K)->112014K(113920K) Class: 16955K(18688K)->16955K(18688K)
[2024-01-18T01:34:32.731+0000][7][gc          ] GC(67) Pause Young (Normal) (G1 Evacuation Pause) 737M->130M(1024M) 2.316ms
[2024-01-18T01:34:32.731+0000][7][gc,cpu      ] GC(67) User=0.02s Sys=0.00s Real=0.00s
[2024-01-18T01:34:32.731+0000][7][safepoint   ] Safepoint "G1CollectForAllocation", Time since last: 15133152752 ns, Reaching safepoint: 29833 ns, At safepoint: 2444010 ns, Total: 2473843 ns
[2024-01-18T01:35:03.734+0000][7][safepoint   ] Safepoint "Cleanup", Time since last: 31002931075 ns, Reaching safepoint: 95909 ns, At safepoint: 10668 ns, Total: 106577 ns
[2024-01-18T01:35:26.738+0000][7][safepoint   ] Safepoint "Cleanup", Time since last: 23003137191 ns, Reaching safepoint: 84988 ns, At safepoint: 7498 ns, Total: 92486 ns
[2024-01-18T01:35:50.741+0000][7][safepoint   ] Safepoint "Cleanup", Time since last: 24003301861 ns, Reaching safepoint: 71400 ns, At safepoint: 6661 ns, Total: 78061 ns
[2024-01-18T01:36:07.744+0000][7][safepoint   ] Safepoint "Cleanup", Time since last: 17002520646 ns, Reaching safepoint: 61593 ns, At safepoint: 7187 ns, Total: 68780 ns
[2024-01-18T01:36:38.747+0000][7][safepoint   ] Safepoint "Cleanup", Time since last: 31003576660 ns, Reaching safepoint: 64150 ns, At safepoint: 9016 ns, Total: 73166 ns
[2024-01-18T01:38:00.756+0000][7][safepoint   ] Safepoint "Cleanup", Time since last: 82009058775 ns, Reaching safepoint: 80857 ns, At safepoint: 7178 ns, Total: 88035 ns
[2024-01-18T01:38:02.505+0000][7][gc,start    ] GC(68) Pause Young (Normal) (G1 Evacuation Pause)
[2024-01-18T01:38:02.505+0000][7][gc,task     ] GC(68) Using 8 workers of 8 for evacuation
[2024-01-18T01:38:02.505+0000][7][gc,age      ] GC(68) Desired survivor size 41943040 bytes, new threshold 15 (max threshold 15)
[2024-01-18T01:38:02.508+0000][7][gc,phases   ] GC(68)   Pre Evacuate Collection Set: 0.1ms
[2024-01-18T01:38:02.508+0000][7][gc,phases   ] GC(68)   Merge Heap Roots: 0.1ms
[2024-01-18T01:38:02.508+0000][7][gc,phases   ] GC(68)   Evacuate Collection Set: 1.7ms
[2024-01-18T01:38:02.508+0000][7][gc,phases   ] GC(68)   Post Evacuate Collection Set: 0.9ms
[2024-01-18T01:38:02.508+0000][7][gc,phases   ] GC(68)   Other: 0.1ms
[2024-01-18T01:38:02.508+0000][7][gc,age      ] GC(68) Age table with threshold 15 (max threshold 15)
[2024-01-18T01:38:02.508+0000][7][gc,age      ] GC(68) - age   1:     810080 bytes,     810080 total
[2024-01-18T01:38:02.508+0000][7][gc,age      ] GC(68) - age   2:       5920 bytes,     816000 total
[2024-01-18T01:38:02.508+0000][7][gc,age      ] GC(68) - age   3:      28624 bytes,     844624 total
[2024-01-18T01:38:02.508+0000][7][gc,age      ] GC(68) - age   4:        416 bytes,     845040 total
[2024-01-18T01:38:02.508+0000][7][gc,age      ] GC(68) - age   5:      44944 bytes,     889984 total
[2024-01-18T01:38:02.509+0000][7][gc,age      ] GC(68) - age   6:     299576 bytes,    1189560 total
[2024-01-18T01:38:02.509+0000][7][gc,age      ] GC(68) - age   7:     112528 bytes,    1302088 total
[2024-01-18T01:38:02.509+0000][7][gc,age      ] GC(68) - age   8:      90184 bytes,    1392272 total
[2024-01-18T01:38:02.509+0000][7][gc,age      ] GC(68) - age   9:     146896 bytes,    1539168 total
[2024-01-18T01:38:02.509+0000][7][gc,age      ] GC(68) - age  10:      20856 bytes,    1560024 total
[2024-01-18T01:38:02.509+0000][7][gc,age      ] GC(68) - age  11:       1160 bytes,    1561184 total
[2024-01-18T01:38:02.509+0000][7][gc,age      ] GC(68) - age  12:       2288 bytes,    1563472 total
[2024-01-18T01:38:02.509+0000][7][gc,age      ] GC(68) - age  13:      35352 bytes,    1598824 total
[2024-01-18T01:38:02.509+0000][7][gc,age      ] GC(68) - age  14:      50992 bytes,    1649816 total
[2024-01-18T01:38:02.509+0000][7][gc,age      ] GC(68) - age  15:      11424 bytes,    1661240 total
[2024-01-18T01:38:02.509+0000][7][gc,heap     ] GC(68) Eden regions: 152->0(152)
[2024-01-18T01:38:02.509+0000][7][gc,heap     ] GC(68) Survivor regions: 1->1(20)
[2024-01-18T01:38:02.509+0000][7][gc,heap     ] GC(68) Old regions: 31->31
[2024-01-18T01:38:02.509+0000][7][gc,heap     ] GC(68) Archive regions: 2->2
[2024-01-18T01:38:02.509+0000][7][gc,heap     ] GC(68) Humongous regions: 0->0
[2024-01-18T01:38:02.509+0000][7][gc,metaspace] GC(68) Metaspace: 129229K(132864K)->129229K(132864K) NonClass: 112224K(114112K)->112224K(114112K) Class: 17004K(18752K)->17004K(18752K)
[2024-01-18T01:38:02.509+0000][7][gc          ] GC(68) Pause Young (Normal) (G1 Evacuation Pause) 738M->129M(1024M) 3.270ms
[2024-01-18T01:38:02.509+0000][7][gc,cpu      ] GC(68) User=0.01s Sys=0.00s Real=0.01s
[2024-01-18T01:38:02.509+0000][7][safepoint   ] Safepoint "G1CollectForAllocation", Time since last: 1748960450 ns, Reaching safepoint: 48817 ns, At safepoint: 3372820 ns, Total: 3421637 ns
[2024-01-18T01:39:39.520+0000][7][safepoint   ] Safepoint "Cleanup", Time since last: 97010800978 ns, Reaching safepoint: 64102 ns, At safepoint: 10919 ns, Total: 75021 ns
[2024-01-18T01:39:50.521+0000][7][safepoint   ] Safepoint "Cleanup", Time since last: 11001278021 ns, Reaching safepoint: 71657 ns, At safepoint: 6822 ns, Total: 78479 ns
[2024-01-18T01:39:53.521+0000][7][safepoint   ] Safepoint "Cleanup", Time since last: 3000320428 ns, Reaching safepoint: 150660 ns, At safepoint: 7078 ns, Total: 157738 ns
[2024-01-18T01:39:56.522+0000][7][safepoint   ] Safepoint "Cleanup", Time since last: 3000307126 ns, Reaching safepoint: 47477 ns, At safepoint: 3618 ns, Total: 51095 ns
[2024-01-18T01:39:57.522+0000][7][safepoint   ] Safepoint "Cleanup", Time since last: 1000122371 ns, Reaching safepoint: 84755 ns, At safepoint: 5572 ns, Total: 90327 ns
[2024-01-18T01:40:06.523+0000][7][safepoint   ] Safepoint "Cleanup", Time since last: 9000967865 ns, Reaching safepoint: 125326 ns, At safepoint: 7065 ns, Total: 132391 ns
[2024-01-18T01:40:21.525+0000][7][safepoint   ] Safepoint "Cleanup", Time since last: 15001452437 ns, Reaching safepoint: 77611 ns, At safepoint: 38840 ns, Total: 116451 ns
[2024-01-18T01:40:26.525+0000][7][safepoint   ] Safepoint "Cleanup", Time since last: 5000583035 ns, Reaching safepoint: 152117 ns, At safepoint: 7757 ns, Total: 159874 ns
[2024-01-18T01:40:45.528+0000][7][safepoint   ] Safepoint "Cleanup", Time since last: 19002467457 ns, Reaching safepoint: 65911 ns, At safepoint: 5246 ns, Total: 71157 ns
[2024-01-18T01:41:08.530+0000][7][safepoint   ] Safepoint "Cleanup", Time since last: 23002198316 ns, Reaching safepoint: 63703 ns, At safepoint: 4534 ns, Total: 68237 ns
[2024-01-18T01:41:14.531+0000][7][safepoint   ] Safepoint "Cleanup", Time since last: 6000647105 ns, Reaching safepoint: 125358 ns, At safepoint: 14075 ns, Total: 139433 ns
[2024-01-18T01:41:27.509+0000][7][gc,start    ] GC(69) Pause Young (Normal) (G1 Evacuation Pause)
[2024-01-18T01:41:27.509+0000][7][gc,task     ] GC(69) Using 8 workers of 8 for evacuation
[2024-01-18T01:41:27.509+0000][7][gc,age      ] GC(69) Desired survivor size 41943040 bytes, new threshold 15 (max threshold 15)
[2024-01-18T01:41:27.512+0000][7][gc,phases   ] GC(69)   Pre Evacuate Collection Set: 0.1ms
[2024-01-18T01:41:27.512+0000][7][gc,phases   ] GC(69)   Merge Heap Roots: 0.0ms
[2024-01-18T01:41:27.512+0000][7][gc,phases   ] GC(69)   Evacuate Collection Set: 1.5ms
[2024-01-18T01:41:27.512+0000][7][gc,phases   ] GC(69)   Post Evacuate Collection Set: 0.7ms
[2024-01-18T01:41:27.512+0000][7][gc,phases   ] GC(69)   Other: 0.1ms
[2024-01-18T01:41:27.512+0000][7][gc,age      ] GC(69) Age table with threshold 15 (max threshold 15)
[2024-01-18T01:41:27.512+0000][7][gc,age      ] GC(69) - age   1:    1117928 bytes,    1117928 total
[2024-01-18T01:41:27.512+0000][7][gc,age      ] GC(69) - age   2:     104248 bytes,    1222176 total
[2024-01-18T01:41:27.512+0000][7][gc,age      ] GC(69) - age   3:       4512 bytes,    1226688 total
[2024-01-18T01:41:27.512+0000][7][gc,age      ] GC(69) - age   4:      28624 bytes,    1255312 total
[2024-01-18T01:41:27.512+0000][7][gc,age      ] GC(69) - age   5:        416 bytes,    1255728 total
[2024-01-18T01:41:27.512+0000][7][gc,age      ] GC(69) - age   6:      44784 bytes,    1300512 total
[2024-01-18T01:41:27.512+0000][7][gc,age      ] GC(69) - age   7:     267128 bytes,    1567640 total
[2024-01-18T01:41:27.512+0000][7][gc,age      ] GC(69) - age   8:     112528 bytes,    1680168 total
[2024-01-18T01:41:27.512+0000][7][gc,age      ] GC(69) - age   9:      90184 bytes,    1770352 total
[2024-01-18T01:41:27.512+0000][7][gc,age      ] GC(69) - age  10:     138880 bytes,    1909232 total
[2024-01-18T01:41:27.512+0000][7][gc,age      ] GC(69) - age  11:      12176 bytes,    1921408 total
[2024-01-18T01:41:27.512+0000][7][gc,age      ] GC(69) - age  12:       1160 bytes,    1922568 total
[2024-01-18T01:41:27.512+0000][7][gc,age      ] GC(69) - age  13:       2288 bytes,    1924856 total
[2024-01-18T01:41:27.512+0000][7][gc,age      ] GC(69) - age  14:      35352 bytes,    1960208 total
[2024-01-18T01:41:27.512+0000][7][gc,age      ] GC(69) - age  15:      50872 bytes,    2011080 total
[2024-01-18T01:41:27.512+0000][7][gc,heap     ] GC(69) Eden regions: 152->0(152)
[2024-01-18T01:41:27.512+0000][7][gc,heap     ] GC(69) Survivor regions: 1->1(20)
[2024-01-18T01:41:27.512+0000][7][gc,heap     ] GC(69) Old regions: 31->31
[2024-01-18T01:41:27.512+0000][7][gc,heap     ] GC(69) Archive regions: 2->2
[2024-01-18T01:41:27.512+0000][7][gc,heap     ] GC(69) Humongous regions: 0->0
[2024-01-18T01:41:27.512+0000][7][gc,metaspace] GC(69) Metaspace: 129245K(132864K)->129245K(132864K) NonClass: 112241K(114112K)->112241K(114112K) Class: 17004K(18752K)->17004K(18752K)
[2024-01-18T01:41:27.512+0000][7][gc          ] GC(69) Pause Young (Normal) (G1 Evacuation Pause) 737M->129M(1024M) 2.685ms
[2024-01-18T01:41:27.512+0000][7][gc,cpu      ] GC(69) User=0.01s Sys=0.00s Real=0.00s
[2024-01-18T01:41:27.512+0000][7][safepoint   ] Safepoint "G1CollectForAllocation", Time since last: 12977991394 ns, Reaching safepoint: 40265 ns, At safepoint: 2788302 ns, Total: 2828567 ns
[2024-01-18T01:41:36.513+0000][7][safepoint   ] Safepoint "Cleanup", Time since last: 9000945803 ns, Reaching safepoint: 80330 ns, At safepoint: 7839 ns, Total: 88169 ns
[2024-01-18T01:41:37.513+0000][7][safepoint   ] Safepoint "Cleanup", Time since last: 1000173562 ns, Reaching safepoint: 82514 ns, At safepoint: 6990 ns, Total: 89504 ns
[2024-01-18T01:42:09.517+0000][7][safepoint   ] Safepoint "Cleanup", Time since last: 32003877691 ns, Reaching safepoint: 78273 ns, At safepoint: 45044 ns, Total: 123317 ns
[2024-01-18T01:42:21.519+0000][7][safepoint   ] Safepoint "Cleanup", Time since last: 12001412960 ns, Reaching safepoint: 103513 ns, At safepoint: 6206 ns, Total: 109719 ns
[2024-01-18T01:42:26.519+0000][7][safepoint   ] Safepoint "Cleanup", Time since last: 5000447758 ns, Reaching safepoint: 83292 ns, At safepoint: 12582 ns, Total: 95874 ns
[2024-01-18T01:42:32.520+0000][7][safepoint   ] Safepoint "Cleanup", Time since last: 6000646359 ns, Reaching safepoint: 229311 ns, At safepoint: 33603 ns, Total: 262914 ns
[2024-01-18T01:43:33.527+0000][7][safepoint   ] Safepoint "Cleanup", Time since last: 61006800932 ns, Reaching safepoint: 120507 ns, At safepoint: 12468 ns, Total: 132975 ns
[2024-01-18T01:44:47.521+0000][7][gc,start    ] GC(70) Pause Young (Normal) (G1 Evacuation Pause)
[2024-01-18T01:44:47.521+0000][7][gc,task     ] GC(70) Using 8 workers of 8 for evacuation
[2024-01-18T01:44:47.521+0000][7][gc,age      ] GC(70) Desired survivor size 41943040 bytes, new threshold 15 (max threshold 15)
[2024-01-18T01:44:47.524+0000][7][gc,phases   ] GC(70)   Pre Evacuate Collection Set: 0.1ms
[2024-01-18T01:44:47.524+0000][7][gc,phases   ] GC(70)   Merge Heap Roots: 0.1ms
[2024-01-18T01:44:47.524+0000][7][gc,phases   ] GC(70)   Evacuate Collection Set: 1.8ms
[2024-01-18T01:44:47.524+0000][7][gc,phases   ] GC(70)   Post Evacuate Collection Set: 0.9ms
[2024-01-18T01:44:47.524+0000][7][gc,phases   ] GC(70)   Other: 0.1ms
[2024-01-18T01:44:47.524+0000][7][gc,age      ] GC(70) Age table with threshold 15 (max threshold 15)
[2024-01-18T01:44:47.524+0000][7][gc,age      ] GC(70) - age   1:     872472 bytes,     872472 total
[2024-01-18T01:44:47.524+0000][7][gc,age      ] GC(70) - age   2:      38848 bytes,     911320 total
[2024-01-18T01:44:47.524+0000][7][gc,age      ] GC(70) - age   3:     102224 bytes,    1013544 total
[2024-01-18T01:44:47.524+0000][7][gc,age      ] GC(70) - age   4:        512 bytes,    1014056 total
[2024-01-18T01:44:47.524+0000][7][gc,age      ] GC(70) - age   5:      28624 bytes,    1042680 total
[2024-01-18T01:44:47.524+0000][7][gc,age      ] GC(70) - age   7:      28248 bytes,    1070928 total
[2024-01-18T01:44:47.524+0000][7][gc,age      ] GC(70) - age   8:     267096 bytes,    1338024 total
[2024-01-18T01:44:47.524+0000][7][gc,age      ] GC(70) - age   9:     112504 bytes,    1450528 total
[2024-01-18T01:44:47.524+0000][7][gc,age      ] GC(70) - age  10:      90184 bytes,    1540712 total
[2024-01-18T01:44:47.524+0000][7][gc,age      ] GC(70) - age  11:     138880 bytes,    1679592 total
[2024-01-18T01:44:47.524+0000][7][gc,age      ] GC(70) - age  12:      12152 bytes,    1691744 total
[2024-01-18T01:44:47.524+0000][7][gc,age      ] GC(70) - age  13:       1160 bytes,    1692904 total
[2024-01-18T01:44:47.524+0000][7][gc,age      ] GC(70) - age  14:       2288 bytes,    1695192 total
[2024-01-18T01:44:47.524+0000][7][gc,age      ] GC(70) - age  15:      35352 bytes,    1730544 total
[2024-01-18T01:44:47.524+0000][7][gc,heap     ] GC(70) Eden regions: 152->0(152)
[2024-01-18T01:44:47.524+0000][7][gc,heap     ] GC(70) Survivor regions: 1->1(20)
[2024-01-18T01:44:47.524+0000][7][gc,heap     ] GC(70) Old regions: 31->31
[2024-01-18T01:44:47.524+0000][7][gc,heap     ] GC(70) Archive regions: 2->2
[2024-01-18T01:44:47.524+0000][7][gc,heap     ] GC(70) Humongous regions: 0->0
[2024-01-18T01:44:47.524+0000][7][gc,metaspace] GC(70) Metaspace: 129254K(132864K)->129254K(132864K) NonClass: 112249K(114112K)->112249K(114112K) Class: 17004K(18752K)->17004K(18752K)
[2024-01-18T01:44:47.524+0000][7][gc          ] GC(70) Pause Young (Normal) (G1 Evacuation Pause) 737M->129M(1024M) 3.512ms
[2024-01-18T01:44:47.524+0000][7][gc,cpu      ] GC(70) User=0.01s Sys=0.01s Real=0.00s
[2024-01-18T01:44:47.524+0000][7][safepoint   ] Safepoint "G1CollectForAllocation", Time since last: 73993585864 ns, Reaching safepoint: 78009 ns, At safepoint: 3621840 ns, Total: 3699849 ns
[2024-01-18T01:45:44.530+0000][7][safepoint   ] Safepoint "Cleanup", Time since last: 57005948592 ns, Reaching safepoint: 114688 ns, At safepoint: 11743 ns, Total: 126431 ns
[2024-01-18T01:46:07.534+0000][7][safepoint   ] Safepoint "Cleanup", Time since last: 23003247661 ns, Reaching safepoint: 116889 ns, At safepoint: 12763 ns, Total: 129652 ns
[2024-01-18T01:46:48.538+0000][7][safepoint   ] Safepoint "Cleanup", Time since last: 41004577626 ns, Reaching safepoint: 54074 ns, At safepoint: 3598 ns, Total: 57672 ns
[2024-01-18T01:47:09.540+0000][7][safepoint   ] Safepoint "Cleanup", Time since last: 21001808897 ns, Reaching safepoint: 67817 ns, At safepoint: 4866 ns, Total: 72683 ns
[2024-01-18T01:47:51.544+0000][7][safepoint   ] Safepoint "Cleanup", Time since last: 42003917568 ns, Reaching safepoint: 61117 ns, At safepoint: 13449 ns, Total: 74566 ns
[2024-01-18T01:48:08.547+0000][7][safepoint   ] Safepoint "Cleanup", Time since last: 17002202754 ns, Reaching safepoint: 120620 ns, At safepoint: 14643 ns, Total: 135263 ns
[2024-01-18T01:48:17.532+0000][7][gc,start    ] GC(71) Pause Young (Normal) (G1 Evacuation Pause)
[2024-01-18T01:48:17.533+0000][7][gc,task     ] GC(71) Using 8 workers of 8 for evacuation
[2024-01-18T01:48:17.533+0000][7][gc,age      ] GC(71) Desired survivor size 41943040 bytes, new threshold 15 (max threshold 15)
[2024-01-18T01:48:17.535+0000][7][gc,phases   ] GC(71)   Pre Evacuate Collection Set: 0.1ms
[2024-01-18T01:48:17.535+0000][7][gc,phases   ] GC(71)   Merge Heap Roots: 0.1ms
[2024-01-18T01:48:17.535+0000][7][gc,phases   ] GC(71)   Evacuate Collection Set: 1.3ms
[2024-01-18T01:48:17.535+0000][7][gc,phases   ] GC(71)   Post Evacuate Collection Set: 0.7ms
[2024-01-18T01:48:17.535+0000][7][gc,phases   ] GC(71)   Other: 0.1ms
[2024-01-18T01:48:17.535+0000][7][gc,age      ] GC(71) Age table with threshold 15 (max threshold 15)
[2024-01-18T01:48:17.535+0000][7][gc,age      ] GC(71) - age   1:    1382104 bytes,    1382104 total
[2024-01-18T01:48:17.535+0000][7][gc,age      ] GC(71) - age   2:       6552 bytes,    1388656 total
[2024-01-18T01:48:17.535+0000][7][gc,age      ] GC(71) - age   3:      36192 bytes,    1424848 total
[2024-01-18T01:48:17.535+0000][7][gc,age      ] GC(71) - age   4:      93824 bytes,    1518672 total
[2024-01-18T01:48:17.535+0000][7][gc,age      ] GC(71) - age   5:        512 bytes,    1519184 total
[2024-01-18T01:48:17.535+0000][7][gc,age      ] GC(71) - age   6:      28624 bytes,    1547808 total
[2024-01-18T01:48:17.535+0000][7][gc,age      ] GC(71) - age   8:      28064 bytes,    1575872 total
[2024-01-18T01:48:17.535+0000][7][gc,age      ] GC(71) - age   9:     267096 bytes,    1842968 total
[2024-01-18T01:48:17.535+0000][7][gc,age      ] GC(71) - age  10:     112504 bytes,    1955472 total
[2024-01-18T01:48:17.535+0000][7][gc,age      ] GC(71) - age  11:      90184 bytes,    2045656 total
[2024-01-18T01:48:17.535+0000][7][gc,age      ] GC(71) - age  12:     138880 bytes,    2184536 total
[2024-01-18T01:48:17.535+0000][7][gc,age      ] GC(71) - age  13:      12152 bytes,    2196688 total
[2024-01-18T01:48:17.535+0000][7][gc,age      ] GC(71) - age  14:       1160 bytes,    2197848 total
[2024-01-18T01:48:17.535+0000][7][gc,age      ] GC(71) - age  15:       2288 bytes,    2200136 total
[2024-01-18T01:48:17.535+0000][7][gc,heap     ] GC(71) Eden regions: 152->0(152)
[2024-01-18T01:48:17.535+0000][7][gc,heap     ] GC(71) Survivor regions: 1->1(20)
[2024-01-18T01:48:17.535+0000][7][gc,heap     ] GC(71) Old regions: 31->31
[2024-01-18T01:48:17.535+0000][7][gc,heap     ] GC(71) Archive regions: 2->2
[2024-01-18T01:48:17.535+0000][7][gc,heap     ] GC(71) Humongous regions: 0->0
[2024-01-18T01:48:17.535+0000][7][gc,metaspace] GC(71) Metaspace: 129255K(132864K)->129255K(132864K) NonClass: 112250K(114112K)->112250K(114112K) Class: 17004K(18752K)->17004K(18752K)
[2024-01-18T01:48:17.535+0000][7][gc          ] GC(71) Pause Young (Normal) (G1 Evacuation Pause) 737M->129M(1024M) 2.519ms
[2024-01-18T01:48:17.535+0000][7][gc,cpu      ] GC(71) User=0.02s Sys=0.00s Real=0.00s
[2024-01-18T01:48:17.535+0000][7][safepoint   ] Safepoint "G1CollectForAllocation", Time since last: 8985763972 ns, Reaching safepoint: 51929 ns, At safepoint: 2601192 ns, Total: 2653121 ns
[2024-01-18T01:48:27.536+0000][7][safepoint   ] Safepoint "Cleanup", Time since last: 10001041076 ns, Reaching safepoint: 56201 ns, At safepoint: 5156 ns, Total: 61357 ns
[2024-01-18T01:49:33.544+0000][7][safepoint   ] Safepoint "Cleanup", Time since last: 66007762229 ns, Reaching safepoint: 121458 ns, At safepoint: 16767 ns, Total: 138225 ns
[2024-01-18T01:49:45.821+0000][7][safepoint   ] Safepoint "Cleanup", Time since last: 12277261778 ns, Reaching safepoint: 124634 ns, At safepoint: 7954 ns, Total: 132588 ns
[2024-01-18T01:51:38.566+0000][7][gc,start    ] GC(72) Pause Young (Normal) (G1 Evacuation Pause)
[2024-01-18T01:51:38.566+0000][7][gc,task     ] GC(72) Using 8 workers of 8 for evacuation
[2024-01-18T01:51:38.566+0000][7][gc,age      ] GC(72) Desired survivor size 41943040 bytes, new threshold 15 (max threshold 15)
[2024-01-18T01:51:38.568+0000][7][gc,phases   ] GC(72)   Pre Evacuate Collection Set: 0.1ms
[2024-01-18T01:51:38.568+0000][7][gc,phases   ] GC(72)   Merge Heap Roots: 0.1ms
[2024-01-18T01:51:38.568+0000][7][gc,phases   ] GC(72)   Evacuate Collection Set: 1.5ms
[2024-01-18T01:51:38.568+0000][7][gc,phases   ] GC(72)   Post Evacuate Collection Set: 0.7ms
[2024-01-18T01:51:38.568+0000][7][gc,phases   ] GC(72)   Other: 0.1ms
[2024-01-18T01:51:38.568+0000][7][gc,age      ] GC(72) Age table with threshold 15 (max threshold 15)
[2024-01-18T01:51:38.569+0000][7][gc,age      ] GC(72) - age   1:     914192 bytes,     914192 total
[2024-01-18T01:51:38.569+0000][7][gc,age      ] GC(72) - age   2:      11240 bytes,     925432 total
[2024-01-18T01:51:38.569+0000][7][gc,age      ] GC(72) - age   3:       5496 bytes,     930928 total
[2024-01-18T01:51:38.569+0000][7][gc,age      ] GC(72) - age   4:      36128 bytes,     967056 total
[2024-01-18T01:51:38.569+0000][7][gc,age      ] GC(72) - age   5:      93640 bytes,    1060696 total
[2024-01-18T01:51:38.569+0000][7][gc,age      ] GC(72) - age   6:        216 bytes,    1060912 total
[2024-01-18T01:51:38.569+0000][7][gc,age      ] GC(72) - age   7:      28624 bytes,    1089536 total
[2024-01-18T01:51:38.569+0000][7][gc,age      ] GC(72) - age   9:      28064 bytes,    1117600 total
[2024-01-18T01:51:38.569+0000][7][gc,age      ] GC(72) - age  10:     267096 bytes,    1384696 total
[2024-01-18T01:51:38.569+0000][7][gc,age      ] GC(72) - age  11:     112504 bytes,    1497200 total
[2024-01-18T01:51:38.569+0000][7][gc,age      ] GC(72) - age  12:      90000 bytes,    1587200 total
[2024-01-18T01:51:38.569+0000][7][gc,age      ] GC(72) - age  13:     138880 bytes,    1726080 total
[2024-01-18T01:51:38.569+0000][7][gc,age      ] GC(72) - age  14:      12152 bytes,    1738232 total
[2024-01-18T01:51:38.569+0000][7][gc,age      ] GC(72) - age  15:       1160 bytes,    1739392 total
[2024-01-18T01:51:38.569+0000][7][gc,heap     ] GC(72) Eden regions: 152->0(152)
[2024-01-18T01:51:38.569+0000][7][gc,heap     ] GC(72) Survivor regions: 1->1(20)
[2024-01-18T01:51:38.569+0000][7][gc,heap     ] GC(72) Old regions: 31->31
[2024-01-18T01:51:38.569+0000][7][gc,heap     ] GC(72) Archive regions: 2->2
[2024-01-18T01:51:38.569+0000][7][gc,heap     ] GC(72) Humongous regions: 0->0
[2024-01-18T01:51:38.569+0000][7][gc,metaspace] GC(72) Metaspace: 129262K(132928K)->129262K(132928K) NonClass: 112257K(114176K)->112257K(114176K) Class: 17004K(18752K)->17004K(18752K)
[2024-01-18T01:51:38.569+0000][7][gc          ] GC(72) Pause Young (Normal) (G1 Evacuation Pause) 737M->129M(1024M) 2.825ms
[2024-01-18T01:51:38.569+0000][7][gc,cpu      ] GC(72) User=0.02s Sys=0.00s Real=0.01s
[2024-01-18T01:51:38.569+0000][7][safepoint   ] Safepoint "G1CollectForAllocation", Time since last: 112744344745 ns, Reaching safepoint: 43018 ns, At safepoint: 2918371 ns, Total: 2961389 ns
[2024-01-18T01:52:26.574+0000][7][safepoint   ] Safepoint "Cleanup", Time since last: 48005148338 ns, Reaching safepoint: 125195 ns, At safepoint: 6056 ns, Total: 131251 ns
[2024-01-18T01:54:01.584+0000][7][safepoint   ] Safepoint "Cleanup", Time since last: 95010301871 ns, Reaching safepoint: 134318 ns, At safepoint: 18398 ns, Total: 152716 ns
[2024-01-18T01:54:48.589+0000][7][safepoint   ] Safepoint "Cleanup", Time since last: 47004626495 ns, Reaching safepoint: 84122 ns, At safepoint: 12949 ns, Total: 97071 ns
[2024-01-18T01:54:51.590+0000][7][safepoint   ] Safepoint "Cleanup", Time since last: 3000310036 ns, Reaching safepoint: 107109 ns, At safepoint: 10673 ns, Total: 117782 ns
[2024-01-18T01:54:57.590+0000][7][safepoint   ] Safepoint "Cleanup", Time since last: 6000645089 ns, Reaching safepoint: 72669 ns, At safepoint: 4413 ns, Total: 77082 ns
[2024-01-18T01:55:01.722+0000][7][safepoint   ] Safepoint "Cleanup", Time since last: 4131391713 ns, Reaching safepoint: 77107 ns, At safepoint: 6466 ns, Total: 83573 ns
[2024-01-18T01:55:02.571+0000][7][gc,start    ] GC(73) Pause Young (Normal) (G1 Evacuation Pause)
[2024-01-18T01:55:02.571+0000][7][gc,task     ] GC(73) Using 8 workers of 8 for evacuation
[2024-01-18T01:55:02.571+0000][7][gc,age      ] GC(73) Desired survivor size 41943040 bytes, new threshold 15 (max threshold 15)
[2024-01-18T01:55:02.575+0000][7][gc,phases   ] GC(73)   Pre Evacuate Collection Set: 0.1ms
[2024-01-18T01:55:02.575+0000][7][gc,phases   ] GC(73)   Merge Heap Roots: 0.1ms
[2024-01-18T01:55:02.575+0000][7][gc,phases   ] GC(73)   Evacuate Collection Set: 2.8ms
[2024-01-18T01:55:02.575+0000][7][gc,phases   ] GC(73)   Post Evacuate Collection Set: 0.8ms
[2024-01-18T01:55:02.575+0000][7][gc,phases   ] GC(73)   Other: 0.1ms
[2024-01-18T01:55:02.575+0000][7][gc,age      ] GC(73) Age table with threshold 15 (max threshold 15)
[2024-01-18T01:55:02.575+0000][7][gc,age      ] GC(73) - age   1:    1552152 bytes,    1552152 total
[2024-01-18T01:55:02.575+0000][7][gc,age      ] GC(73) - age   2:      10840 bytes,    1562992 total
[2024-01-18T01:55:02.575+0000][7][gc,age      ] GC(73) - age   3:       1456 bytes,    1564448 total
[2024-01-18T01:55:02.575+0000][7][gc,age      ] GC(73) - age   4:       1544 bytes,    1565992 total
[2024-01-18T01:55:02.575+0000][7][gc,age      ] GC(73) - age   5:      35968 bytes,    1601960 total
[2024-01-18T01:55:02.575+0000][7][gc,age      ] GC(73) - age   6:      93072 bytes,    1695032 total
[2024-01-18T01:55:02.575+0000][7][gc,age      ] GC(73) - age   7:        184 bytes,    1695216 total
[2024-01-18T01:55:02.575+0000][7][gc,age      ] GC(73) - age   8:      28440 bytes,    1723656 total
[2024-01-18T01:55:02.575+0000][7][gc,age      ] GC(73) - age  10:      28064 bytes,    1751720 total
[2024-01-18T01:55:02.575+0000][7][gc,age      ] GC(73) - age  11:     267096 bytes,    2018816 total
[2024-01-18T01:55:02.575+0000][7][gc,age      ] GC(73) - age  12:     112504 bytes,    2131320 total
[2024-01-18T01:55:02.575+0000][7][gc,age      ] GC(73) - age  13:      90000 bytes,    2221320 total
[2024-01-18T01:55:02.575+0000][7][gc,age      ] GC(73) - age  14:     138816 bytes,    2360136 total
[2024-01-18T01:55:02.575+0000][7][gc,age      ] GC(73) - age  15:      12048 bytes,    2372184 total
[2024-01-18T01:55:02.575+0000][7][gc,heap     ] GC(73) Eden regions: 152->0(152)
[2024-01-18T01:55:02.575+0000][7][gc,heap     ] GC(73) Survivor regions: 1->1(20)
[2024-01-18T01:55:02.575+0000][7][gc,heap     ] GC(73) Old regions: 31->31
[2024-01-18T01:55:02.575+0000][7][gc,heap     ] GC(73) Archive regions: 2->2
[2024-01-18T01:55:02.575+0000][7][gc,heap     ] GC(73) Humongous regions: 0->0
[2024-01-18T01:55:02.575+0000][7][gc,metaspace] GC(73) Metaspace: 129266K(132928K)->129266K(132928K) NonClass: 112261K(114176K)->112261K(114176K) Class: 17004K(18752K)->17004K(18752K)
[2024-01-18T01:55:02.575+0000][7][gc          ] GC(73) Pause Young (Normal) (G1 Evacuation Pause) 737M->130M(1024M) 4.252ms
[2024-01-18T01:55:02.575+0000][7][gc,cpu      ] GC(73) User=0.02s Sys=0.00s Real=0.00s
[2024-01-18T01:55:02.575+0000][7][safepoint   ] Safepoint "G1CollectForAllocation", Time since last: 848807279 ns, Reaching safepoint: 129874 ns, At safepoint: 4349709 ns, Total: 4479583 ns
[2024-01-18T01:55:03.575+0000][7][safepoint   ] Safepoint "Cleanup", Time since last: 1000101187 ns, Reaching safepoint: 70311 ns, At safepoint: 8753 ns, Total: 79064 ns
[2024-01-18T01:55:21.694+0000][7][safepoint   ] Safepoint "Cleanup", Time since last: 18118212988 ns, Reaching safepoint: 115705 ns, At safepoint: 14133 ns, Total: 129838 ns
[2024-01-18T01:55:26.694+0000][7][safepoint   ] Safepoint "Cleanup", Time since last: 5000493890 ns, Reaching safepoint: 89711 ns, At safepoint: 5504 ns, Total: 95215 ns
[2024-01-18T01:56:08.700+0000][7][safepoint   ] Safepoint "Cleanup", Time since last: 42005226867 ns, Reaching safepoint: 57742 ns, At safepoint: 40660 ns, Total: 98402 ns
[2024-01-18T01:56:18.701+0000][7][safepoint   ] Safepoint "Cleanup", Time since last: 10000971701 ns, Reaching safepoint: 65149 ns, At safepoint: 37829 ns, Total: 102978 ns
[2024-01-18T01:56:26.702+0000][7][safepoint   ] Safepoint "Cleanup", Time since last: 8001224372 ns, Reaching safepoint: 118095 ns, At safepoint: 17939 ns, Total: 136034 ns
[2024-01-18T01:57:07.708+0000][7][safepoint   ] Safepoint "Cleanup", Time since last: 41005628802 ns, Reaching safepoint: 68011 ns, At safepoint: 6472 ns, Total: 74483 ns
[2024-01-18T01:57:37.712+0000][7][safepoint   ] Safepoint "Cleanup", Time since last: 30003990985 ns, Reaching safepoint: 84614 ns, At safepoint: 8112 ns, Total: 92726 ns
[2024-01-18T01:57:38.712+0000][7][safepoint   ] Safepoint "Cleanup", Time since last: 1000245134 ns, Reaching safepoint: 70925 ns, At safepoint: 6815 ns, Total: 77740 ns
[2024-01-18T01:58:23.616+0000][7][gc,start    ] GC(74) Pause Young (Normal) (G1 Evacuation Pause)
[2024-01-18T01:58:23.616+0000][7][gc,task     ] GC(74) Using 8 workers of 8 for evacuation
[2024-01-18T01:58:23.616+0000][7][gc,age      ] GC(74) Desired survivor size 41943040 bytes, new threshold 15 (max threshold 15)
[2024-01-18T01:58:23.619+0000][7][gc,phases   ] GC(74)   Pre Evacuate Collection Set: 0.1ms
[2024-01-18T01:58:23.619+0000][7][gc,phases   ] GC(74)   Merge Heap Roots: 0.1ms
[2024-01-18T01:58:23.619+0000][7][gc,phases   ] GC(74)   Evacuate Collection Set: 1.7ms
[2024-01-18T01:58:23.619+0000][7][gc,phases   ] GC(74)   Post Evacuate Collection Set: 0.7ms
[2024-01-18T01:58:23.619+0000][7][gc,phases   ] GC(74)   Other: 0.1ms
[2024-01-18T01:58:23.619+0000][7][gc,age      ] GC(74) Age table with threshold 15 (max threshold 15)
[2024-01-18T01:58:23.619+0000][7][gc,age      ] GC(74) - age   1:    1797168 bytes,    1797168 total
[2024-01-18T01:58:23.619+0000][7][gc,age      ] GC(74) - age   2:      56416 bytes,    1853584 total
[2024-01-18T01:58:23.619+0000][7][gc,age      ] GC(74) - age   3:       1672 bytes,    1855256 total
[2024-01-18T01:58:23.619+0000][7][gc,age      ] GC(74) - age   4:       1208 bytes,    1856464 total
[2024-01-18T01:58:23.619+0000][7][gc,age      ] GC(74) - age   5:       1152 bytes,    1857616 total
[2024-01-18T01:58:23.619+0000][7][gc,age      ] GC(74) - age   6:       3664 bytes,    1861280 total
[2024-01-18T01:58:23.619+0000][7][gc,age      ] GC(74) - age   7:      93072 bytes,    1954352 total
[2024-01-18T01:58:23.619+0000][7][gc,age      ] GC(74) - age   8:        184 bytes,    1954536 total
[2024-01-18T01:58:23.619+0000][7][gc,age      ] GC(74) - age   9:      28440 bytes,    1982976 total
[2024-01-18T01:58:23.619+0000][7][gc,age      ] GC(74) - age  11:      28064 bytes,    2011040 total
[2024-01-18T01:58:23.619+0000][7][gc,age      ] GC(74) - age  12:     267096 bytes,    2278136 total
[2024-01-18T01:58:23.619+0000][7][gc,age      ] GC(74) - age  13:     112504 bytes,    2390640 total
[2024-01-18T01:58:23.619+0000][7][gc,age      ] GC(74) - age  14:      90000 bytes,    2480640 total
[2024-01-18T01:58:23.619+0000][7][gc,age      ] GC(74) - age  15:     138816 bytes,    2619456 total
[2024-01-18T01:58:23.619+0000][7][gc,heap     ] GC(74) Eden regions: 152->0(152)
[2024-01-18T01:58:23.619+0000][7][gc,heap     ] GC(74) Survivor regions: 1->1(20)
[2024-01-18T01:58:23.619+0000][7][gc,heap     ] GC(74) Old regions: 31->31
[2024-01-18T01:58:23.619+0000][7][gc,heap     ] GC(74) Archive regions: 2->2
[2024-01-18T01:58:23.619+0000][7][gc,heap     ] GC(74) Humongous regions: 0->0
[2024-01-18T01:58:23.619+0000][7][gc,metaspace] GC(74) Metaspace: 129274K(132928K)->129274K(132928K) NonClass: 112270K(114176K)->112270K(114176K) Class: 17004K(18752K)->17004K(18752K)
[2024-01-18T01:58:23.619+0000][7][gc          ] GC(74) Pause Young (Normal) (G1 Evacuation Pause) 738M->130M(1024M) 3.011ms
[2024-01-18T01:58:23.619+0000][7][gc,cpu      ] GC(74) User=0.02s Sys=0.01s Real=0.00s
[2024-01-18T01:58:23.619+0000][7][safepoint   ] Safepoint "G1CollectForAllocation", Time since last: 44904125390 ns, Reaching safepoint: 69769 ns, At safepoint: 3102113 ns, Total: 3171882 ns
[2024-01-18T01:59:14.626+0000][7][safepoint   ] Safepoint "Cleanup", Time since last: 51006264717 ns, Reaching safepoint: 121453 ns, At safepoint: 32030 ns, Total: 153483 ns
[2024-01-18T01:59:26.627+0000][7][safepoint   ] Safepoint "Cleanup", Time since last: 12001468812 ns, Reaching safepoint: 86049 ns, At safepoint: 10038 ns, Total: 96087 ns
[2024-01-18T02:00:39.636+0000][7][safepoint   ] Safepoint "Cleanup", Time since last: 73008964677 ns, Reaching safepoint: 68857 ns, At safepoint: 4775 ns, Total: 73632 ns
[2024-01-18T02:00:51.638+0000][7][safepoint   ] Safepoint "Cleanup", Time since last: 12001133164 ns, Reaching safepoint: 86257 ns, At safepoint: 5146 ns, Total: 91403 ns
[2024-01-18T02:01:38.642+0000][7][safepoint   ] Safepoint "Cleanup", Time since last: 47004564340 ns, Reaching safepoint: 45343 ns, At safepoint: 25533 ns, Total: 70876 ns
[2024-01-18T02:01:44.643+0000][7][safepoint   ] Safepoint "Cleanup", Time since last: 6000959440 ns, Reaching safepoint: 94800 ns, At safepoint: 5793 ns, Total: 100593 ns
[2024-01-18T02:01:44.663+0000][7][gc,start    ] GC(75) Pause Young (Normal) (G1 Evacuation Pause)
[2024-01-18T02:01:44.663+0000][7][gc,task     ] GC(75) Using 8 workers of 8 for evacuation
[2024-01-18T02:01:44.663+0000][7][gc,age      ] GC(75) Desired survivor size 41943040 bytes, new threshold 15 (max threshold 15)
[2024-01-18T02:01:44.666+0000][7][gc,phases   ] GC(75)   Pre Evacuate Collection Set: 0.1ms
[2024-01-18T02:01:44.666+0000][7][gc,phases   ] GC(75)   Merge Heap Roots: 0.1ms
[2024-01-18T02:01:44.666+0000][7][gc,phases   ] GC(75)   Evacuate Collection Set: 1.5ms
[2024-01-18T02:01:44.666+0000][7][gc,phases   ] GC(75)   Post Evacuate Collection Set: 0.8ms
[2024-01-18T02:01:44.666+0000][7][gc,phases   ] GC(75)   Other: 0.1ms
[2024-01-18T02:01:44.666+0000][7][gc,age      ] GC(75) Age table with threshold 15 (max threshold 15)
[2024-01-18T02:01:44.666+0000][7][gc,age      ] GC(75) - age   1:    1165768 bytes,    1165768 total
[2024-01-18T02:01:44.666+0000][7][gc,age      ] GC(75) - age   2:      12232 bytes,    1178000 total
[2024-01-18T02:01:44.666+0000][7][gc,age      ] GC(75) - age   3:      54256 bytes,    1232256 total
[2024-01-18T02:01:44.666+0000][7][gc,age      ] GC(75) - age   4:       1488 bytes,    1233744 total
[2024-01-18T02:01:44.666+0000][7][gc,age      ] GC(75) - age   5:       1208 bytes,    1234952 total
[2024-01-18T02:01:44.666+0000][7][gc,age      ] GC(75) - age   6:        936 bytes,    1235888 total
[2024-01-18T02:01:44.666+0000][7][gc,age      ] GC(75) - age   7:       3664 bytes,    1239552 total
[2024-01-18T02:01:44.666+0000][7][gc,age      ] GC(75) - age   8:      93072 bytes,    1332624 total
[2024-01-18T02:01:44.666+0000][7][gc,age      ] GC(75) - age   9:        184 bytes,    1332808 total
[2024-01-18T02:01:44.666+0000][7][gc,age      ] GC(75) - age  10:      28440 bytes,    1361248 total
[2024-01-18T02:01:44.666+0000][7][gc,age      ] GC(75) - age  12:      28064 bytes,    1389312 total
[2024-01-18T02:01:44.666+0000][7][gc,age      ] GC(75) - age  13:     267096 bytes,    1656408 total
[2024-01-18T02:01:44.666+0000][7][gc,age      ] GC(75) - age  14:     112504 bytes,    1768912 total
[2024-01-18T02:01:44.666+0000][7][gc,age      ] GC(75) - age  15:      90000 bytes,    1858912 total
[2024-01-18T02:01:44.666+0000][7][gc,heap     ] GC(75) Eden regions: 152->0(152)
[2024-01-18T02:01:44.666+0000][7][gc,heap     ] GC(75) Survivor regions: 1->1(20)
[2024-01-18T02:01:44.666+0000][7][gc,heap     ] GC(75) Old regions: 31->32
[2024-01-18T02:01:44.666+0000][7][gc,heap     ] GC(75) Archive regions: 2->2
[2024-01-18T02:01:44.666+0000][7][gc,heap     ] GC(75) Humongous regions: 0->0
[2024-01-18T02:01:44.666+0000][7][gc,metaspace] GC(75) Metaspace: 129276K(132928K)->129276K(132928K) NonClass: 112271K(114176K)->112271K(114176K) Class: 17004K(18752K)->17004K(18752K)
[2024-01-18T02:01:44.666+0000][7][gc          ] GC(75) Pause Young (Normal) (G1 Evacuation Pause) 738M->130M(1024M) 2.971ms
[2024-01-18T02:01:44.666+0000][7][gc,cpu      ] GC(75) User=0.01s Sys=0.00s Real=0.00s
[2024-01-18T02:01:44.666+0000][7][safepoint   ] Safepoint "G1CollectForAllocation", Time since last: 19930452 ns, Reaching safepoint: 39340 ns, At safepoint: 3065871 ns, Total: 3105211 ns
[2024-01-18T02:01:47.667+0000][7][safepoint   ] Safepoint "Cleanup", Time since last: 3000443013 ns, Reaching safepoint: 63345 ns, At safepoint: 4521 ns, Total: 67866 ns
[2024-01-18T02:01:50.667+0000][7][safepoint   ] Safepoint "Cleanup", Time since last: 3000441284 ns, Reaching safepoint: 56343 ns, At safepoint: 5766 ns, Total: 62109 ns
[2024-01-18T02:01:51.668+0000][7][safepoint   ] Safepoint "Cleanup", Time since last: 1000142666 ns, Reaching safepoint: 45433 ns, At safepoint: 3472 ns, Total: 48905 ns
[2024-01-18T02:02:26.671+0000][7][safepoint   ] Safepoint "Cleanup", Time since last: 35003745715 ns, Reaching safepoint: 161672 ns, At safepoint: 7488 ns, Total: 169160 ns
[2024-01-18T02:02:28.672+0000][7][safepoint   ] Safepoint "Cleanup", Time since last: 2000223407 ns, Reaching safepoint: 70356 ns, At safepoint: 4414 ns, Total: 74770 ns
[2024-01-18T02:02:36.673+0000][7][safepoint   ] Safepoint "Cleanup", Time since last: 8000753621 ns, Reaching safepoint: 98046 ns, At safepoint: 11410 ns, Total: 109456 ns
[2024-01-18T02:02:56.675+0000][7][safepoint   ] Safepoint "Cleanup", Time since last: 20002665998 ns, Reaching safepoint: 72399 ns, At safepoint: 3754 ns, Total: 76153 ns
[2024-01-18T02:03:07.676+0000][7][safepoint   ] Safepoint "Cleanup", Time since last: 11001023199 ns, Reaching safepoint: 68296 ns, At safepoint: 8425 ns, Total: 76721 ns
[2024-01-18T02:03:26.679+0000][7][safepoint   ] Safepoint "Cleanup", Time since last: 19002245787 ns, Reaching safepoint: 70768 ns, At safepoint: 20494 ns, Total: 91262 ns
[2024-01-18T02:04:26.686+0000][7][safepoint   ] Safepoint "Cleanup", Time since last: 60007369598 ns, Reaching safepoint: 94001 ns, At safepoint: 7695 ns, Total: 101696 ns
[2024-01-18T02:05:09.268+0000][7][gc,start    ] GC(76) Pause Young (Normal) (G1 Evacuation Pause)
[2024-01-18T02:05:09.268+0000][7][gc,task     ] GC(76) Using 8 workers of 8 for evacuation
[2024-01-18T02:05:09.268+0000][7][gc,age      ] GC(76) Desired survivor size 41943040 bytes, new threshold 15 (max threshold 15)
[2024-01-18T02:05:09.270+0000][7][gc,phases   ] GC(76)   Pre Evacuate Collection Set: 0.1ms
[2024-01-18T02:05:09.270+0000][7][gc,phases   ] GC(76)   Merge Heap Roots: 0.1ms
[2024-01-18T02:05:09.270+0000][7][gc,phases   ] GC(76)   Evacuate Collection Set: 1.7ms
[2024-01-18T02:05:09.270+0000][7][gc,phases   ] GC(76)   Post Evacuate Collection Set: 0.6ms
[2024-01-18T02:05:09.270+0000][7][gc,phases   ] GC(76)   Other: 0.1ms
[2024-01-18T02:05:09.270+0000][7][gc,age      ] GC(76) Age table with threshold 15 (max threshold 15)
[2024-01-18T02:05:09.270+0000][7][gc,age      ] GC(76) - age   1:    1910456 bytes,    1910456 total
[2024-01-18T02:05:09.270+0000][7][gc,age      ] GC(76) - age   2:       2968 bytes,    1913424 total
[2024-01-18T02:05:09.270+0000][7][gc,age      ] GC(76) - age   3:       1184 bytes,    1914608 total
[2024-01-18T02:05:09.270+0000][7][gc,age      ] GC(76) - age   4:      42104 bytes,    1956712 total
[2024-01-18T02:05:09.270+0000][7][gc,age      ] GC(76) - age   5:       1488 bytes,    1958200 total
[2024-01-18T02:05:09.271+0000][7][gc,age      ] GC(76) - age   6:       1208 bytes,    1959408 total
[2024-01-18T02:05:09.271+0000][7][gc,age      ] GC(76) - age   7:        520 bytes,    1959928 total
[2024-01-18T02:05:09.271+0000][7][gc,age      ] GC(76) - age   8:       3664 bytes,    1963592 total
[2024-01-18T02:05:09.271+0000][7][gc,age      ] GC(76) - age   9:      93072 bytes,    2056664 total
[2024-01-18T02:05:09.271+0000][7][gc,age      ] GC(76) - age  10:        184 bytes,    2056848 total
[2024-01-18T02:05:09.271+0000][7][gc,age      ] GC(76) - age  11:      28440 bytes,    2085288 total
[2024-01-18T02:05:09.271+0000][7][gc,age      ] GC(76) - age  13:      28032 bytes,    2113320 total
[2024-01-18T02:05:09.271+0000][7][gc,age      ] GC(76) - age  14:     267096 bytes,    2380416 total
[2024-01-18T02:05:09.271+0000][7][gc,age      ] GC(76) - age  15:     112504 bytes,    2492920 total
[2024-01-18T02:05:09.271+0000][7][gc,heap     ] GC(76) Eden regions: 152->0(152)
[2024-01-18T02:05:09.271+0000][7][gc,heap     ] GC(76) Survivor regions: 1->1(20)
[2024-01-18T02:05:09.271+0000][7][gc,heap     ] GC(76) Old regions: 32->32
[2024-01-18T02:05:09.271+0000][7][gc,heap     ] GC(76) Archive regions: 2->2
[2024-01-18T02:05:09.271+0000][7][gc,heap     ] GC(76) Humongous regions: 0->0
[2024-01-18T02:05:09.271+0000][7][gc,metaspace] GC(76) Metaspace: 129284K(132992K)->129284K(132992K) NonClass: 112280K(114240K)->112280K(114240K) Class: 17004K(18752K)->17004K(18752K)
[2024-01-18T02:05:09.271+0000][7][gc          ] GC(76) Pause Young (Normal) (G1 Evacuation Pause) 738M->130M(1024M) 2.883ms
[2024-01-18T02:05:09.271+0000][7][gc,cpu      ] GC(76) User=0.00s Sys=0.01s Real=0.01s
[2024-01-18T02:05:09.271+0000][7][safepoint   ] Safepoint "G1CollectForAllocation", Time since last: 42581360175 ns, Reaching safepoint: 41911 ns, At safepoint: 2967072 ns, Total: 3008983 ns
[2024-01-18T02:05:38.274+0000][7][safepoint   ] Safepoint "Cleanup", Time since last: 29003515929 ns, Reaching safepoint: 60229 ns, At safepoint: 6438 ns, Total: 66667 ns
[2024-01-18T02:06:26.282+0000][7][safepoint   ] Safepoint "Cleanup", Time since last: 48007236145 ns, Reaching safepoint: 94338 ns, At safepoint: 9552 ns, Total: 103890 ns
[2024-01-18T02:07:40.291+0000][7][safepoint   ] Safepoint "Cleanup", Time since last: 74009341215 ns, Reaching safepoint: 90177 ns, At safepoint: 8017 ns, Total: 98194 ns
[2024-01-18T02:07:45.292+0000][7][safepoint   ] Safepoint "Cleanup", Time since last: 5000697380 ns, Reaching safepoint: 99297 ns, At safepoint: 10725 ns, Total: 110022 ns
[2024-01-18T02:08:35.604+0000][7][gc,start    ] GC(77) Pause Young (Normal) (G1 Evacuation Pause)
[2024-01-18T02:08:35.604+0000][7][gc,task     ] GC(77) Using 8 workers of 8 for evacuation
[2024-01-18T02:08:35.604+0000][7][gc,age      ] GC(77) Desired survivor size 41943040 bytes, new threshold 15 (max threshold 15)
[2024-01-18T02:08:35.607+0000][7][gc,phases   ] GC(77)   Pre Evacuate Collection Set: 0.1ms
[2024-01-18T02:08:35.607+0000][7][gc,phases   ] GC(77)   Merge Heap Roots: 0.1ms
[2024-01-18T02:08:35.607+0000][7][gc,phases   ] GC(77)   Evacuate Collection Set: 1.4ms
[2024-01-18T02:08:35.607+0000][7][gc,phases   ] GC(77)   Post Evacuate Collection Set: 0.7ms
[2024-01-18T02:08:35.607+0000][7][gc,phases   ] GC(77)   Other: 0.1ms
[2024-01-18T02:08:35.607+0000][7][gc,age      ] GC(77) Age table with threshold 15 (max threshold 15)
[2024-01-18T02:08:35.607+0000][7][gc,age      ] GC(77) - age   1:     754216 bytes,     754216 total
[2024-01-18T02:08:35.607+0000][7][gc,age      ] GC(77) - age   2:      48952 bytes,     803168 total
[2024-01-18T02:08:35.607+0000][7][gc,age      ] GC(77) - age   3:       1784 bytes,     804952 total
[2024-01-18T02:08:35.607+0000][7][gc,age      ] GC(77) - age   4:       1056 bytes,     806008 total
[2024-01-18T02:08:35.607+0000][7][gc,age      ] GC(77) - age   5:      41976 bytes,     847984 total
[2024-01-18T02:08:35.607+0000][7][gc,age      ] GC(77) - age   6:       1304 bytes,     849288 total
[2024-01-18T02:08:35.607+0000][7][gc,age      ] GC(77) - age   7:       1208 bytes,     850496 total
[2024-01-18T02:08:35.607+0000][7][gc,age      ] GC(77) - age   8:        520 bytes,     851016 total
[2024-01-18T02:08:35.607+0000][7][gc,age      ] GC(77) - age   9:       3600 bytes,     854616 total
[2024-01-18T02:08:35.607+0000][7][gc,age      ] GC(77) - age  10:      93072 bytes,     947688 total
[2024-01-18T02:08:35.607+0000][7][gc,age      ] GC(77) - age  11:        184 bytes,     947872 total
[2024-01-18T02:08:35.607+0000][7][gc,age      ] GC(77) - age  12:      28440 bytes,     976312 total
[2024-01-18T02:08:35.607+0000][7][gc,age      ] GC(77) - age  14:      27968 bytes,    1004280 total
[2024-01-18T02:08:35.607+0000][7][gc,age      ] GC(77) - age  15:     267096 bytes,    1271376 total
[2024-01-18T02:08:35.607+0000][7][gc,heap     ] GC(77) Eden regions: 152->0(152)
[2024-01-18T02:08:35.607+0000][7][gc,heap     ] GC(77) Survivor regions: 1->1(20)
[2024-01-18T02:08:35.607+0000][7][gc,heap     ] GC(77) Old regions: 32->32
[2024-01-18T02:08:35.607+0000][7][gc,heap     ] GC(77) Archive regions: 2->2
[2024-01-18T02:08:35.607+0000][7][gc,heap     ] GC(77) Humongous regions: 0->0
[2024-01-18T02:08:35.607+0000][7][gc,metaspace] GC(77) Metaspace: 129285K(132992K)->129285K(132992K) NonClass: 112281K(114240K)->112281K(114240K) Class: 17004K(18752K)->17004K(18752K)
[2024-01-18T02:08:35.607+0000][7][gc          ] GC(77) Pause Young (Normal) (G1 Evacuation Pause) 738M->129M(1024M) 2.853ms
[2024-01-18T02:08:35.607+0000][7][gc,cpu      ] GC(77) User=0.02s Sys=0.00s Real=0.00s
[2024-01-18T02:08:35.607+0000][7][safepoint   ] Safepoint "G1CollectForAllocation", Time since last: 50312196774 ns, Reaching safepoint: 61950 ns, At safepoint: 2948999 ns, Total: 3010949 ns
[2024-01-18T02:08:54.609+0000][7][safepoint   ] Safepoint "Cleanup", Time since last: 19001976661 ns, Reaching safepoint: 73800 ns, At safepoint: 6092 ns, Total: 79892 ns
[2024-01-18T02:09:26.612+0000][7][safepoint   ] Safepoint "Cleanup", Time since last: 32003114571 ns, Reaching safepoint: 66089 ns, At safepoint: 9097 ns, Total: 75186 ns
[2024-01-18T02:09:33.613+0000][7][safepoint   ] Safepoint "Cleanup", Time since last: 7000740478 ns, Reaching safepoint: 40090 ns, At safepoint: 3794 ns, Total: 43884 ns
[2024-01-18T02:09:57.616+0000][7][safepoint   ] Safepoint "Cleanup", Time since last: 24002998864 ns, Reaching safepoint: 61396 ns, At safepoint: 5091 ns, Total: 66487 ns
[2024-01-18T02:09:59.616+0000][7][safepoint   ] Safepoint "Cleanup", Time since last: 2000230332 ns, Reaching safepoint: 68426 ns, At safepoint: 5502 ns, Total: 73928 ns
[2024-01-18T02:10:02.617+0000][7][safepoint   ] Safepoint "Cleanup", Time since last: 3000351084 ns, Reaching safepoint: 148188 ns, At safepoint: 16408 ns, Total: 164596 ns
[2024-01-18T02:10:21.619+0000][7][safepoint   ] Safepoint "Cleanup", Time since last: 19002326471 ns, Reaching safepoint: 86304 ns, At safepoint: 42707 ns, Total: 129011 ns
[2024-01-18T02:10:37.621+0000][7][safepoint   ] Safepoint "Cleanup", Time since last: 16001598532 ns, Reaching safepoint: 42561 ns, At safepoint: 25427 ns, Total: 67988 ns
[2024-01-18T02:11:26.627+0000][7][safepoint   ] Safepoint "Cleanup", Time since last: 49006058908 ns, Reaching safepoint: 79450 ns, At safepoint: 8846 ns, Total: 88296 ns
[2024-01-18T02:11:59.620+0000][7][gc,start    ] GC(78) Pause Young (Normal) (G1 Evacuation Pause)
[2024-01-18T02:11:59.620+0000][7][gc,task     ] GC(78) Using 8 workers of 8 for evacuation
[2024-01-18T02:11:59.620+0000][7][gc,age      ] GC(78) Desired survivor size 41943040 bytes, new threshold 15 (max threshold 15)
[2024-01-18T02:11:59.623+0000][7][gc,phases   ] GC(78)   Pre Evacuate Collection Set: 0.1ms
[2024-01-18T02:11:59.623+0000][7][gc,phases   ] GC(78)   Merge Heap Roots: 0.1ms
[2024-01-18T02:11:59.623+0000][7][gc,phases   ] GC(78)   Evacuate Collection Set: 1.7ms
[2024-01-18T02:11:59.623+0000][7][gc,phases   ] GC(78)   Post Evacuate Collection Set: 0.7ms
[2024-01-18T02:11:59.623+0000][7][gc,phases   ] GC(78)   Other: 0.1ms
[2024-01-18T02:11:59.623+0000][7][gc,age      ] GC(78) Age table with threshold 15 (max threshold 15)
[2024-01-18T02:11:59.623+0000][7][gc,age      ] GC(78) - age   1:    1747352 bytes,    1747352 total
[2024-01-18T02:11:59.623+0000][7][gc,age      ] GC(78) - age   2:      51792 bytes,    1799144 total
[2024-01-18T02:11:59.623+0000][7][gc,age      ] GC(78) - age   3:      38248 bytes,    1837392 total
[2024-01-18T02:11:59.623+0000][7][gc,age      ] GC(78) - age   4:       1656 bytes,    1839048 total
[2024-01-18T02:11:59.623+0000][7][gc,age      ] GC(78) - age   5:        928 bytes,    1839976 total
[2024-01-18T02:11:59.623+0000][7][gc,age      ] GC(78) - age   6:       9544 bytes,    1849520 total
[2024-01-18T02:11:59.623+0000][7][gc,age      ] GC(78) - age   7:       1304 bytes,    1850824 total
[2024-01-18T02:11:59.623+0000][7][gc,age      ] GC(78) - age   8:       1208 bytes,    1852032 total
[2024-01-18T02:11:59.623+0000][7][gc,age      ] GC(78) - age   9:        520 bytes,    1852552 total
[2024-01-18T02:11:59.623+0000][7][gc,age      ] GC(78) - age  10:       3536 bytes,    1856088 total
[2024-01-18T02:11:59.623+0000][7][gc,age      ] GC(78) - age  11:      93072 bytes,    1949160 total
[2024-01-18T02:11:59.623+0000][7][gc,age      ] GC(78) - age  12:        184 bytes,    1949344 total
[2024-01-18T02:11:59.623+0000][7][gc,age      ] GC(78) - age  13:      28440 bytes,    1977784 total
[2024-01-18T02:11:59.623+0000][7][gc,age      ] GC(78) - age  15:      27968 bytes,    2005752 total
[2024-01-18T02:11:59.623+0000][7][gc,heap     ] GC(78) Eden regions: 152->0(152)
[2024-01-18T02:11:59.623+0000][7][gc,heap     ] GC(78) Survivor regions: 1->1(20)
[2024-01-18T02:11:59.623+0000][7][gc,heap     ] GC(78) Old regions: 32->32
[2024-01-18T02:11:59.623+0000][7][gc,heap     ] GC(78) Archive regions: 2->2
[2024-01-18T02:11:59.623+0000][7][gc,heap     ] GC(78) Humongous regions: 0->0
[2024-01-18T02:11:59.623+0000][7][gc,metaspace] GC(78) Metaspace: 129289K(132992K)->129289K(132992K) NonClass: 112284K(114240K)->112284K(114240K) Class: 17004K(18752K)->17004K(18752K)
[2024-01-18T02:11:59.623+0000][7][gc          ] GC(78) Pause Young (Normal) (G1 Evacuation Pause) 737M->130M(1024M) 3.160ms
[2024-01-18T02:11:59.623+0000][7][gc,cpu      ] GC(78) User=0.02s Sys=0.01s Real=0.01s
[2024-01-18T02:11:59.623+0000][7][safepoint   ] Safepoint "G1CollectForAllocation", Time since last: 32992481843 ns, Reaching safepoint: 80166 ns, At safepoint: 3257722 ns, Total: 3337888 ns
[2024-01-18T02:12:09.624+0000][7][safepoint   ] Safepoint "Cleanup", Time since last: 10001271335 ns, Reaching safepoint: 68234 ns, At safepoint: 6875 ns, Total: 75109 ns
[2024-01-18T02:12:11.625+0000][7][safepoint   ] Safepoint "Cleanup", Time since last: 2000330680 ns, Reaching safepoint: 67638 ns, At safepoint: 10921 ns, Total: 78559 ns
[2024-01-18T02:12:14.625+0000][7][safepoint   ] Safepoint "Cleanup", Time since last: 3000500127 ns, Reaching safepoint: 120416 ns, At safepoint: 5087 ns, Total: 125503 ns
[2024-01-18T02:13:33.633+0000][7][safepoint   ] Safepoint "Cleanup", Time since last: 79007988326 ns, Reaching safepoint: 61189 ns, At safepoint: 5044 ns, Total: 66233 ns
[2024-01-18T02:14:06.637+0000][7][safepoint   ] Safepoint "Cleanup", Time since last: 33003618095 ns, Reaching safepoint: 120575 ns, At safepoint: 35219 ns, Total: 155794 ns
[2024-01-18T02:14:25.639+0000][7][safepoint   ] Safepoint "Cleanup", Time since last: 19001920509 ns, Reaching safepoint: 109915 ns, At safepoint: 10638 ns, Total: 120553 ns
[2024-01-18T02:15:08.668+0000][7][gc,start    ] GC(79) Pause Young (Normal) (G1 Evacuation Pause)
[2024-01-18T02:15:08.668+0000][7][gc,task     ] GC(79) Using 8 workers of 8 for evacuation
[2024-01-18T02:15:08.668+0000][7][gc,age      ] GC(79) Desired survivor size 41943040 bytes, new threshold 15 (max threshold 15)
[2024-01-18T02:15:08.671+0000][7][gc,phases   ] GC(79)   Pre Evacuate Collection Set: 0.1ms
[2024-01-18T02:15:08.671+0000][7][gc,phases   ] GC(79)   Merge Heap Roots: 0.1ms
[2024-01-18T02:15:08.671+0000][7][gc,phases   ] GC(79)   Evacuate Collection Set: 1.6ms
[2024-01-18T02:15:08.671+0000][7][gc,phases   ] GC(79)   Post Evacuate Collection Set: 0.7ms
[2024-01-18T02:15:08.671+0000][7][gc,phases   ] GC(79)   Other: 0.1ms
[2024-01-18T02:15:08.671+0000][7][gc,age      ] GC(79) Age table with threshold 15 (max threshold 15)
[2024-01-18T02:15:08.671+0000][7][gc,age      ] GC(79) - age   1:    2312744 bytes,    2312744 total
[2024-01-18T02:15:08.671+0000][7][gc,age      ] GC(79) - age   2:      54472 bytes,    2367216 total
[2024-01-18T02:15:08.671+0000][7][gc,age      ] GC(79) - age   3:      42456 bytes,    2409672 total
[2024-01-18T02:15:08.671+0000][7][gc,age      ] GC(79) - age   4:      34168 bytes,    2443840 total
[2024-01-18T02:15:08.671+0000][7][gc,age      ] GC(79) - age   5:       1568 bytes,    2445408 total
[2024-01-18T02:15:08.671+0000][7][gc,age      ] GC(79) - age   6:        536 bytes,    2445944 total
[2024-01-18T02:15:08.671+0000][7][gc,age      ] GC(79) - age   7:       9432 bytes,    2455376 total
[2024-01-18T02:15:08.671+0000][7][gc,age      ] GC(79) - age   8:       1304 bytes,    2456680 total
[2024-01-18T02:15:08.671+0000][7][gc,age      ] GC(79) - age   9:       1208 bytes,    2457888 total
[2024-01-18T02:15:08.671+0000][7][gc,age      ] GC(79) - age  10:        520 bytes,    2458408 total
[2024-01-18T02:15:08.671+0000][7][gc,age      ] GC(79) - age  11:       3456 bytes,    2461864 total
[2024-01-18T02:15:08.671+0000][7][gc,age      ] GC(79) - age  12:      92952 bytes,    2554816 total
[2024-01-18T02:15:08.671+0000][7][gc,age      ] GC(79) - age  13:        184 bytes,    2555000 total
[2024-01-18T02:15:08.671+0000][7][gc,age      ] GC(79) - age  14:      28440 bytes,    2583440 total
[2024-01-18T02:15:08.671+0000][7][gc,heap     ] GC(79) Eden regions: 152->0(152)
[2024-01-18T02:15:08.671+0000][7][gc,heap     ] GC(79) Survivor regions: 1->1(20)
[2024-01-18T02:15:08.671+0000][7][gc,heap     ] GC(79) Old regions: 32->32
[2024-01-18T02:15:08.671+0000][7][gc,heap     ] GC(79) Archive regions: 2->2
[2024-01-18T02:15:08.671+0000][7][gc,heap     ] GC(79) Humongous regions: 0->0
[2024-01-18T02:15:08.671+0000][7][gc,metaspace] GC(79) Metaspace: 129293K(132992K)->129293K(132992K) NonClass: 112289K(114240K)->112289K(114240K) Class: 17004K(18752K)->17004K(18752K)
[2024-01-18T02:15:08.671+0000][7][gc          ] GC(79) Pause Young (Normal) (G1 Evacuation Pause) 738M->131M(1024M) 2.909ms
[2024-01-18T02:15:08.671+0000][7][gc,cpu      ] GC(79) User=0.01s Sys=0.00s Real=0.01s
[2024-01-18T02:15:08.671+0000][7][safepoint   ] Safepoint "G1CollectForAllocation", Time since last: 43028487003 ns, Reaching safepoint: 46334 ns, At safepoint: 2994251 ns, Total: 3040585 ns
[2024-01-18T02:15:09.671+0000][7][safepoint   ] Safepoint "Cleanup", Time since last: 1000198140 ns, Reaching safepoint: 80579 ns, At safepoint: 11000 ns, Total: 91579 ns
[2024-01-18T02:18:26.636+0000][7][gc,start    ] GC(80) Pause Young (Normal) (G1 Evacuation Pause)
[2024-01-18T02:18:26.636+0000][7][gc,task     ] GC(80) Using 8 workers of 8 for evacuation
[2024-01-18T02:18:26.636+0000][7][gc,age      ] GC(80) Desired survivor size 41943040 bytes, new threshold 15 (max threshold 15)
[2024-01-18T02:18:26.640+0000][7][gc,phases   ] GC(80)   Pre Evacuate Collection Set: 0.1ms
[2024-01-18T02:18:26.640+0000][7][gc,phases   ] GC(80)   Merge Heap Roots: 0.1ms
[2024-01-18T02:18:26.640+0000][7][gc,phases   ] GC(80)   Evacuate Collection Set: 2.7ms
[2024-01-18T02:18:26.640+0000][7][gc,phases   ] GC(80)   Post Evacuate Collection Set: 1.1ms
[2024-01-18T02:18:26.640+0000][7][gc,phases   ] GC(80)   Other: 0.1ms
[2024-01-18T02:18:26.640+0000][7][gc,age      ] GC(80) Age table with threshold 15 (max threshold 15)
[2024-01-18T02:18:26.640+0000][7][gc,age      ] GC(80) - age   1:    1514312 bytes,    1514312 total
[2024-01-18T02:18:26.640+0000][7][gc,age      ] GC(80) - age   2:     412216 bytes,    1926528 total
[2024-01-18T02:18:26.640+0000][7][gc,age      ] GC(80) - age   3:      50760 bytes,    1977288 total
[2024-01-18T02:18:26.640+0000][7][gc,age      ] GC(80) - age   4:      42232 bytes,    2019520 total
[2024-01-18T02:18:26.640+0000][7][gc,age      ] GC(80) - age   5:      33984 bytes,    2053504 total
[2024-01-18T02:18:26.640+0000][7][gc,age      ] GC(80) - age   6:       1568 bytes,    2055072 total
[2024-01-18T02:18:26.640+0000][7][gc,age      ] GC(80) - age   7:        536 bytes,    2055608 total
[2024-01-18T02:18:26.640+0000][7][gc,age      ] GC(80) - age   8:       9432 bytes,    2065040 total
[2024-01-18T02:18:26.640+0000][7][gc,age      ] GC(80) - age   9:       1304 bytes,    2066344 total
[2024-01-18T02:18:26.640+0000][7][gc,age      ] GC(80) - age  10:       1208 bytes,    2067552 total
[2024-01-18T02:18:26.640+0000][7][gc,age      ] GC(80) - age  11:        520 bytes,    2068072 total
[2024-01-18T02:18:26.640+0000][7][gc,age      ] GC(80) - age  12:       3456 bytes,    2071528 total
[2024-01-18T02:18:26.640+0000][7][gc,age      ] GC(80) - age  13:      92848 bytes,    2164376 total
[2024-01-18T02:18:26.640+0000][7][gc,age      ] GC(80) - age  14:        184 bytes,    2164560 total
[2024-01-18T02:18:26.640+0000][7][gc,age      ] GC(80) - age  15:      28440 bytes,    2193000 total
[2024-01-18T02:18:26.640+0000][7][gc,heap     ] GC(80) Eden regions: 152->0(152)
[2024-01-18T02:18:26.640+0000][7][gc,heap     ] GC(80) Survivor regions: 1->1(20)
[2024-01-18T02:18:26.640+0000][7][gc,heap     ] GC(80) Old regions: 32->32
[2024-01-18T02:18:26.640+0000][7][gc,heap     ] GC(80) Archive regions: 2->2
[2024-01-18T02:18:26.640+0000][7][gc,heap     ] GC(80) Humongous regions: 0->0
[2024-01-18T02:18:26.640+0000][7][gc,metaspace] GC(80) Metaspace: 129303K(132992K)->129303K(132992K) NonClass: 112298K(114240K)->112298K(114240K) Class: 17005K(18752K)->17005K(18752K)
[2024-01-18T02:18:26.640+0000][7][gc          ] GC(80) Pause Young (Normal) (G1 Evacuation Pause) 739M->130M(1024M) 4.455ms
[2024-01-18T02:18:26.640+0000][7][gc,cpu      ] GC(80) User=0.02s Sys=0.01s Real=0.01s
[2024-01-18T02:18:26.640+0000][7][safepoint   ] Safepoint "G1CollectForAllocation", Time since last: 196964686186 ns, Reaching safepoint: 94667 ns, At safepoint: 4571421 ns, Total: 4666088 ns
[2024-01-18T02:18:33.641+0000][7][safepoint   ] Safepoint "Cleanup", Time since last: 7000841921 ns, Reaching safepoint: 75259 ns, At safepoint: 19455 ns, Total: 94714 ns
[2024-01-18T02:19:29.648+0000][7][safepoint   ] Safepoint "Cleanup", Time since last: 56006767222 ns, Reaching safepoint: 77168 ns, At safepoint: 5891 ns, Total: 83059 ns
[2024-01-18T02:20:38.656+0000][7][safepoint   ] Safepoint "Cleanup", Time since last: 69007907630 ns, Reaching safepoint: 124309 ns, At safepoint: 6245 ns, Total: 130554 ns
[2024-01-18T02:20:56.658+0000][7][safepoint   ] Safepoint "Cleanup", Time since last: 18001769548 ns, Reaching safepoint: 91797 ns, At safepoint: 20688 ns, Total: 112485 ns
[2024-01-18T02:21:05.660+0000][7][safepoint   ] Safepoint "Cleanup", Time since last: 9001273529 ns, Reaching safepoint: 106066 ns, At safepoint: 6421 ns, Total: 112487 ns
[2024-01-18T02:21:28.662+0000][7][safepoint   ] Safepoint "Cleanup", Time since last: 23002735935 ns, Reaching safepoint: 72915 ns, At safepoint: 18274 ns, Total: 91189 ns
[2024-01-18T02:21:44.668+0000][7][gc,start    ] GC(81) Pause Young (Normal) (G1 Evacuation Pause)
[2024-01-18T02:21:44.668+0000][7][gc,task     ] GC(81) Using 8 workers of 8 for evacuation
[2024-01-18T02:21:44.668+0000][7][gc,age      ] GC(81) Desired survivor size 41943040 bytes, new threshold 15 (max threshold 15)
[2024-01-18T02:21:44.671+0000][7][gc,phases   ] GC(81)   Pre Evacuate Collection Set: 0.1ms
[2024-01-18T02:21:44.671+0000][7][gc,phases   ] GC(81)   Merge Heap Roots: 0.1ms
[2024-01-18T02:21:44.671+0000][7][gc,phases   ] GC(81)   Evacuate Collection Set: 2.3ms
[2024-01-18T02:21:44.671+0000][7][gc,phases   ] GC(81)   Post Evacuate Collection Set: 0.7ms
[2024-01-18T02:21:44.671+0000][7][gc,phases   ] GC(81)   Other: 0.1ms
[2024-01-18T02:21:44.671+0000][7][gc,age      ] GC(81) Age table with threshold 15 (max threshold 15)
[2024-01-18T02:21:44.671+0000][7][gc,age      ] GC(81) - age   1:    2004608 bytes,    2004608 total
[2024-01-18T02:21:44.671+0000][7][gc,age      ] GC(81) - age   2:       4496 bytes,    2009104 total
[2024-01-18T02:21:44.671+0000][7][gc,age      ] GC(81) - age   3:     325288 bytes,    2334392 total
[2024-01-18T02:21:44.671+0000][7][gc,age      ] GC(81) - age   4:      50504 bytes,    2384896 total
[2024-01-18T02:21:44.671+0000][7][gc,age      ] GC(81) - age   5:      42232 bytes,    2427128 total
[2024-01-18T02:21:44.671+0000][7][gc,age      ] GC(81) - age   6:      33984 bytes,    2461112 total
[2024-01-18T02:21:44.671+0000][7][gc,age      ] GC(81) - age   7:       1384 bytes,    2462496 total
[2024-01-18T02:21:44.671+0000][7][gc,age      ] GC(81) - age   8:        536 bytes,    2463032 total
[2024-01-18T02:21:44.671+0000][7][gc,age      ] GC(81) - age   9:       9432 bytes,    2472464 total
[2024-01-18T02:21:44.671+0000][7][gc,age      ] GC(81) - age  10:       1304 bytes,    2473768 total
[2024-01-18T02:21:44.671+0000][7][gc,age      ] GC(81) - age  11:       1208 bytes,    2474976 total
[2024-01-18T02:21:44.671+0000][7][gc,age      ] GC(81) - age  12:        520 bytes,    2475496 total
[2024-01-18T02:21:44.671+0000][7][gc,age      ] GC(81) - age  13:       3456 bytes,    2478952 total
[2024-01-18T02:21:44.671+0000][7][gc,age      ] GC(81) - age  14:      92848 bytes,    2571800 total
[2024-01-18T02:21:44.671+0000][7][gc,age      ] GC(81) - age  15:        184 bytes,    2571984 total
[2024-01-18T02:21:44.671+0000][7][gc,heap     ] GC(81) Eden regions: 152->0(152)
[2024-01-18T02:21:44.671+0000][7][gc,heap     ] GC(81) Survivor regions: 1->1(20)
[2024-01-18T02:21:44.671+0000][7][gc,heap     ] GC(81) Old regions: 32->32
[2024-01-18T02:21:44.671+0000][7][gc,heap     ] GC(81) Archive regions: 2->2
[2024-01-18T02:21:44.671+0000][7][gc,heap     ] GC(81) Humongous regions: 0->0
[2024-01-18T02:21:44.671+0000][7][gc,metaspace] GC(81) Metaspace: 129308K(132992K)->129308K(132992K) NonClass: 112303K(114240K)->112303K(114240K) Class: 17005K(18752K)->17005K(18752K)
[2024-01-18T02:21:44.671+0000][7][gc          ] GC(81) Pause Young (Normal) (G1 Evacuation Pause) 738M->131M(1024M) 3.667ms
[2024-01-18T02:21:44.671+0000][7][gc,cpu      ] GC(81) User=0.01s Sys=0.00s Real=0.01s
[2024-01-18T02:21:44.671+0000][7][safepoint   ] Safepoint "G1CollectForAllocation", Time since last: 16005007323 ns, Reaching safepoint: 132045 ns, At safepoint: 3761602 ns, Total: 3893647 ns
[2024-01-18T02:22:09.674+0000][7][safepoint   ] Safepoint "Cleanup", Time since last: 25002681778 ns, Reaching safepoint: 79311 ns, At safepoint: 10831 ns, Total: 90142 ns
[2024-01-18T02:22:23.676+0000][7][safepoint   ] Safepoint "Cleanup", Time since last: 14001846043 ns, Reaching safepoint: 123640 ns, At safepoint: 8540 ns, Total: 132180 ns
[2024-01-18T02:22:49.680+0000][7][safepoint   ] Safepoint "Cleanup", Time since last: 26003313068 ns, Reaching safepoint: 132425 ns, At safepoint: 21852 ns, Total: 154277 ns
[2024-01-18T02:22:51.680+0000][7][safepoint   ] Safepoint "Cleanup", Time since last: 2000399914 ns, Reaching safepoint: 101313 ns, At safepoint: 10233 ns, Total: 111546 ns
[2024-01-18T02:23:07.682+0000][7][safepoint   ] Safepoint "Cleanup", Time since last: 16001838109 ns, Reaching safepoint: 69012 ns, At safepoint: 11791 ns, Total: 80803 ns
[2024-01-18T02:23:08.682+0000][7][safepoint   ] Safepoint "Cleanup", Time since last: 1000146138 ns, Reaching safepoint: 125533 ns, At safepoint: 7853 ns, Total: 133386 ns
[2024-01-18T02:23:23.684+0000][7][safepoint   ] Safepoint "Cleanup", Time since last: 15002042456 ns, Reaching safepoint: 56428 ns, At safepoint: 17770 ns, Total: 74198 ns
[2024-01-18T02:24:07.690+0000][7][safepoint   ] Safepoint "Cleanup", Time since last: 44005295451 ns, Reaching safepoint: 103155 ns, At safepoint: 7449 ns, Total: 110604 ns
[2024-01-18T02:24:26.692+0000][7][safepoint   ] Safepoint "Cleanup", Time since last: 19002543127 ns, Reaching safepoint: 80789 ns, At safepoint: 5551 ns, Total: 86340 ns
[2024-01-18T02:25:08.651+0000][7][gc,start    ] GC(82) Pause Young (Normal) (G1 Evacuation Pause)
[2024-01-18T02:25:08.651+0000][7][gc,task     ] GC(82) Using 8 workers of 8 for evacuation
[2024-01-18T02:25:08.651+0000][7][gc,age      ] GC(82) Desired survivor size 41943040 bytes, new threshold 15 (max threshold 15)
[2024-01-18T02:25:08.654+0000][7][gc,phases   ] GC(82)   Pre Evacuate Collection Set: 0.1ms
[2024-01-18T02:25:08.654+0000][7][gc,phases   ] GC(82)   Merge Heap Roots: 0.1ms
[2024-01-18T02:25:08.654+0000][7][gc,phases   ] GC(82)   Evacuate Collection Set: 1.5ms
[2024-01-18T02:25:08.654+0000][7][gc,phases   ] GC(82)   Post Evacuate Collection Set: 0.7ms
[2024-01-18T02:25:08.654+0000][7][gc,phases   ] GC(82)   Other: 0.1ms
[2024-01-18T02:25:08.654+0000][7][gc,age      ] GC(82) Age table with threshold 15 (max threshold 15)
[2024-01-18T02:25:08.654+0000][7][gc,age      ] GC(82) - age   1:     661760 bytes,     661760 total
[2024-01-18T02:25:08.654+0000][7][gc,age      ] GC(82) - age   2:     125864 bytes,     787624 total
[2024-01-18T02:25:08.654+0000][7][gc,age      ] GC(82) - age   3:       2704 bytes,     790328 total
[2024-01-18T02:25:08.654+0000][7][gc,age      ] GC(82) - age   4:     313232 bytes,    1103560 total
[2024-01-18T02:25:08.654+0000][7][gc,age      ] GC(82) - age   5:      50144 bytes,    1153704 total
[2024-01-18T02:25:08.654+0000][7][gc,age      ] GC(82) - age   6:      42232 bytes,    1195936 total
[2024-01-18T02:25:08.654+0000][7][gc,age      ] GC(82) - age   7:      33568 bytes,    1229504 total
[2024-01-18T02:25:08.654+0000][7][gc,age      ] GC(82) - age   8:       1384 bytes,    1230888 total
[2024-01-18T02:25:08.654+0000][7][gc,age      ] GC(82) - age   9:        536 bytes,    1231424 total
[2024-01-18T02:25:08.654+0000][7][gc,age      ] GC(82) - age  10:       9432 bytes,    1240856 total
[2024-01-18T02:25:08.654+0000][7][gc,age      ] GC(82) - age  11:       1304 bytes,    1242160 total
[2024-01-18T02:25:08.654+0000][7][gc,age      ] GC(82) - age  12:       1208 bytes,    1243368 total
[2024-01-18T02:25:08.654+0000][7][gc,age      ] GC(82) - age  13:        520 bytes,    1243888 total
[2024-01-18T02:25:08.654+0000][7][gc,age      ] GC(82) - age  14:       3456 bytes,    1247344 total
[2024-01-18T02:25:08.654+0000][7][gc,age      ] GC(82) - age  15:      92848 bytes,    1340192 total
[2024-01-18T02:25:08.654+0000][7][gc,heap     ] GC(82) Eden regions: 152->0(152)
[2024-01-18T02:25:08.654+0000][7][gc,heap     ] GC(82) Survivor regions: 1->1(20)
[2024-01-18T02:25:08.654+0000][7][gc,heap     ] GC(82) Old regions: 32->32
[2024-01-18T02:25:08.654+0000][7][gc,heap     ] GC(82) Archive regions: 2->2
[2024-01-18T02:25:08.654+0000][7][gc,heap     ] GC(82) Humongous regions: 0->0
[2024-01-18T02:25:08.654+0000][7][gc,metaspace] GC(82) Metaspace: 129348K(133056K)->129348K(133056K) NonClass: 112342K(114304K)->112342K(114304K) Class: 17005K(18752K)->17005K(18752K)
[2024-01-18T02:25:08.654+0000][7][gc          ] GC(82) Pause Young (Normal) (G1 Evacuation Pause) 739M->130M(1024M) 2.805ms
[2024-01-18T02:25:08.654+0000][7][gc,cpu      ] GC(82) User=0.02s Sys=0.00s Real=0.00s
[2024-01-18T02:25:08.654+0000][7][safepoint   ] Safepoint "G1CollectForAllocation", Time since last: 41958622480 ns, Reaching safepoint: 63816 ns, At safepoint: 2895961 ns, Total: 2959777 ns
[2024-01-18T02:25:26.656+0000][7][safepoint   ] Safepoint "Cleanup", Time since last: 18001784154 ns, Reaching safepoint: 96236 ns, At safepoint: 5060 ns, Total: 101296 ns
[2024-01-18T02:26:26.662+0000][7][safepoint   ] Safepoint "Cleanup", Time since last: 60006253090 ns, Reaching safepoint: 97743 ns, At safepoint: 8155 ns, Total: 105898 ns
[2024-01-18T02:26:32.663+0000][7][safepoint   ] Safepoint "Cleanup", Time since last: 6000841735 ns, Reaching safepoint: 135439 ns, At safepoint: 9031 ns, Total: 144470 ns
[2024-01-18T02:26:45.665+0000][7][safepoint   ] Safepoint "Cleanup", Time since last: 13001698618 ns, Reaching safepoint: 86339 ns, At safepoint: 20941 ns, Total: 107280 ns
[2024-01-18T02:28:12.675+0000][7][safepoint   ] Safepoint "Cleanup", Time since last: 87009722459 ns, Reaching safepoint: 61398 ns, At safepoint: 4886 ns, Total: 66284 ns
[2024-01-18T02:28:29.655+0000][7][gc,start    ] GC(83) Pause Young (Normal) (G1 Evacuation Pause)
[2024-01-18T02:28:29.655+0000][7][gc,task     ] GC(83) Using 8 workers of 8 for evacuation
[2024-01-18T02:28:29.655+0000][7][gc,age      ] GC(83) Desired survivor size 41943040 bytes, new threshold 15 (max threshold 15)
[2024-01-18T02:28:29.658+0000][7][gc,phases   ] GC(83)   Pre Evacuate Collection Set: 0.1ms
[2024-01-18T02:28:29.658+0000][7][gc,phases   ] GC(83)   Merge Heap Roots: 0.1ms
[2024-01-18T02:28:29.658+0000][7][gc,phases   ] GC(83)   Evacuate Collection Set: 2.1ms
[2024-01-18T02:28:29.658+0000][7][gc,phases   ] GC(83)   Post Evacuate Collection Set: 0.8ms
[2024-01-18T02:28:29.658+0000][7][gc,phases   ] GC(83)   Other: 0.1ms
[2024-01-18T02:28:29.658+0000][7][gc,age      ] GC(83) Age table with threshold 15 (max threshold 15)
[2024-01-18T02:28:29.658+0000][7][gc,age      ] GC(83) - age   1:    1316624 bytes,    1316624 total
[2024-01-18T02:28:29.658+0000][7][gc,age      ] GC(83) - age   2:      34848 bytes,    1351472 total
[2024-01-18T02:28:29.658+0000][7][gc,age      ] GC(83) - age   3:     123608 bytes,    1475080 total
[2024-01-18T02:28:29.658+0000][7][gc,age      ] GC(83) - age   4:       2704 bytes,    1477784 total
[2024-01-18T02:28:29.658+0000][7][gc,age      ] GC(83) - age   5:     312840 bytes,    1790624 total
[2024-01-18T02:28:29.658+0000][7][gc,age      ] GC(83) - age   6:      50144 bytes,    1840768 total
[2024-01-18T02:28:29.658+0000][7][gc,age      ] GC(83) - age   7:      42232 bytes,    1883000 total
[2024-01-18T02:28:29.658+0000][7][gc,age      ] GC(83) - age   8:      33568 bytes,    1916568 total
[2024-01-18T02:28:29.658+0000][7][gc,age      ] GC(83) - age   9:       1200 bytes,    1917768 total
[2024-01-18T02:28:29.658+0000][7][gc,age      ] GC(83) - age  10:        536 bytes,    1918304 total
[2024-01-18T02:28:29.658+0000][7][gc,age      ] GC(83) - age  11:       9432 bytes,    1927736 total
[2024-01-18T02:28:29.659+0000][7][gc,age      ] GC(83) - age  12:       1304 bytes,    1929040 total
[2024-01-18T02:28:29.659+0000][7][gc,age      ] GC(83) - age  13:       1208 bytes,    1930248 total
[2024-01-18T02:28:29.659+0000][7][gc,age      ] GC(83) - age  14:        520 bytes,    1930768 total
[2024-01-18T02:28:29.659+0000][7][gc,age      ] GC(83) - age  15:       3456 bytes,    1934224 total
[2024-01-18T02:28:29.659+0000][7][gc,heap     ] GC(83) Eden regions: 152->0(152)
[2024-01-18T02:28:29.659+0000][7][gc,heap     ] GC(83) Survivor regions: 1->1(20)
[2024-01-18T02:28:29.659+0000][7][gc,heap     ] GC(83) Old regions: 32->32
[2024-01-18T02:28:29.659+0000][7][gc,heap     ] GC(83) Archive regions: 2->2
[2024-01-18T02:28:29.659+0000][7][gc,heap     ] GC(83) Humongous regions: 0->0
[2024-01-18T02:28:29.659+0000][7][gc,metaspace] GC(83) Metaspace: 129354K(133056K)->129354K(133056K) NonClass: 112348K(114304K)->112348K(114304K) Class: 17006K(18752K)->17006K(18752K)
[2024-01-18T02:28:29.659+0000][7][gc          ] GC(83) Pause Young (Normal) (G1 Evacuation Pause) 738M->130M(1024M) 3.610ms
[2024-01-18T02:28:29.659+0000][7][gc,cpu      ] GC(83) User=0.01s Sys=0.00s Real=0.00s
[2024-01-18T02:28:29.659+0000][7][safepoint   ] Safepoint "G1CollectForAllocation", Time since last: 16980065465 ns, Reaching safepoint: 115762 ns, At safepoint: 3709585 ns, Total: 3825347 ns
[2024-01-18T02:28:57.661+0000][7][safepoint   ] Safepoint "Cleanup", Time since last: 28002688924 ns, Reaching safepoint: 58431 ns, At safepoint: 32822 ns, Total: 91253 ns
[2024-01-18T02:29:24.664+0000][7][safepoint   ] Safepoint "Cleanup", Time since last: 27002845098 ns, Reaching safepoint: 150384 ns, At safepoint: 8510 ns, Total: 158894 ns
[2024-01-18T02:29:50.668+0000][7][safepoint   ] Safepoint "Cleanup", Time since last: 26002995211 ns, Reaching safepoint: 99495 ns, At safepoint: 18260 ns, Total: 117755 ns
[2024-01-18T02:30:27.671+0000][7][safepoint   ] Safepoint "Cleanup", Time since last: 37003617444 ns, Reaching safepoint: 107392 ns, At safepoint: 11204 ns, Total: 118596 ns
[2024-01-18T02:31:51.340+0000][7][gc,start    ] GC(84) Pause Young (Normal) (G1 Evacuation Pause)
[2024-01-18T02:31:51.340+0000][7][gc,task     ] GC(84) Using 8 workers of 8 for evacuation
[2024-01-18T02:31:51.340+0000][7][gc,age      ] GC(84) Desired survivor size 41943040 bytes, new threshold 15 (max threshold 15)
[2024-01-18T02:31:51.344+0000][7][gc,phases   ] GC(84)   Pre Evacuate Collection Set: 0.2ms
[2024-01-18T02:31:51.344+0000][7][gc,phases   ] GC(84)   Merge Heap Roots: 0.2ms
[2024-01-18T02:31:51.344+0000][7][gc,phases   ] GC(84)   Evacuate Collection Set: 2.4ms
[2024-01-18T02:31:51.344+0000][7][gc,phases   ] GC(84)   Post Evacuate Collection Set: 1.2ms
[2024-01-18T02:31:51.344+0000][7][gc,phases   ] GC(84)   Other: 0.1ms
[2024-01-18T02:31:51.344+0000][7][gc,age      ] GC(84) Age table with threshold 15 (max threshold 15)
[2024-01-18T02:31:51.344+0000][7][gc,age      ] GC(84) - age   1:    1873992 bytes,    1873992 total
[2024-01-18T02:31:51.344+0000][7][gc,age      ] GC(84) - age   2:      14272 bytes,    1888264 total
[2024-01-18T02:31:51.344+0000][7][gc,age      ] GC(84) - age   3:      33504 bytes,    1921768 total
[2024-01-18T02:31:51.344+0000][7][gc,age      ] GC(84) - age   4:     123608 bytes,    2045376 total
[2024-01-18T02:31:51.344+0000][7][gc,age      ] GC(84) - age   5:       2520 bytes,    2047896 total
[2024-01-18T02:31:51.344+0000][7][gc,age      ] GC(84) - age   6:     312840 bytes,    2360736 total
[2024-01-18T02:31:51.344+0000][7][gc,age      ] GC(84) - age   7:      50144 bytes,    2410880 total
[2024-01-18T02:31:51.344+0000][7][gc,age      ] GC(84) - age   8:      42232 bytes,    2453112 total
[2024-01-18T02:31:51.344+0000][7][gc,age      ] GC(84) - age   9:      33568 bytes,    2486680 total
[2024-01-18T02:31:51.344+0000][7][gc,age      ] GC(84) - age  10:       1200 bytes,    2487880 total
[2024-01-18T02:31:51.344+0000][7][gc,age      ] GC(84) - age  11:        536 bytes,    2488416 total
[2024-01-18T02:31:51.344+0000][7][gc,age      ] GC(84) - age  12:       9432 bytes,    2497848 total
[2024-01-18T02:31:51.344+0000][7][gc,age      ] GC(84) - age  13:       1304 bytes,    2499152 total
[2024-01-18T02:31:51.344+0000][7][gc,age      ] GC(84) - age  14:       1208 bytes,    2500360 total
[2024-01-18T02:31:51.344+0000][7][gc,age      ] GC(84) - age  15:        520 bytes,    2500880 total
[2024-01-18T02:31:51.344+0000][7][gc,heap     ] GC(84) Eden regions: 152->0(152)
[2024-01-18T02:31:51.344+0000][7][gc,heap     ] GC(84) Survivor regions: 1->1(20)
[2024-01-18T02:31:51.344+0000][7][gc,heap     ] GC(84) Old regions: 32->32
[2024-01-18T02:31:51.345+0000][7][gc,heap     ] GC(84) Archive regions: 2->2
[2024-01-18T02:31:51.345+0000][7][gc,heap     ] GC(84) Humongous regions: 0->0
[2024-01-18T02:31:51.345+0000][7][gc,metaspace] GC(84) Metaspace: 129372K(133056K)->129372K(133056K) NonClass: 112366K(114304K)->112366K(114304K) Class: 17006K(18752K)->17006K(18752K)
[2024-01-18T02:31:51.345+0000][7][gc          ] GC(84) Pause Young (Normal) (G1 Evacuation Pause) 738M->131M(1024M) 4.399ms
[2024-01-18T02:31:51.345+0000][7][gc,cpu      ] GC(84) User=0.02s Sys=0.00s Real=0.00s
[2024-01-18T02:31:51.345+0000][7][safepoint   ] Safepoint "G1CollectForAllocation", Time since last: 83668781233 ns, Reaching safepoint: 38877 ns, At safepoint: 4498070 ns, Total: 4536947 ns
[2024-01-18T02:32:26.349+0000][7][safepoint   ] Safepoint "Cleanup", Time since last: 35004551130 ns, Reaching safepoint: 79339 ns, At safepoint: 4996 ns, Total: 84335 ns
[2024-01-18T02:33:07.355+0000][7][safepoint   ] Safepoint "Cleanup", Time since last: 41005696270 ns, Reaching safepoint: 82663 ns, At safepoint: 16586 ns, Total: 99249 ns
[2024-01-18T02:35:11.685+0000][7][gc,start    ] GC(85) Pause Young (Normal) (G1 Evacuation Pause)
[2024-01-18T02:35:11.685+0000][7][gc,task     ] GC(85) Using 8 workers of 8 for evacuation
[2024-01-18T02:35:11.685+0000][7][gc,age      ] GC(85) Desired survivor size 41943040 bytes, new threshold 15 (max threshold 15)
[2024-01-18T02:35:11.687+0000][7][gc,phases   ] GC(85)   Pre Evacuate Collection Set: 0.1ms
[2024-01-18T02:35:11.687+0000][7][gc,phases   ] GC(85)   Merge Heap Roots: 0.1ms
[2024-01-18T02:35:11.687+0000][7][gc,phases   ] GC(85)   Evacuate Collection Set: 1.4ms
[2024-01-18T02:35:11.687+0000][7][gc,phases   ] GC(85)   Post Evacuate Collection Set: 0.8ms
[2024-01-18T02:35:11.687+0000][7][gc,phases   ] GC(85)   Other: 0.1ms
[2024-01-18T02:35:11.687+0000][7][gc,age      ] GC(85) Age table with threshold 15 (max threshold 15)
[2024-01-18T02:35:11.687+0000][7][gc,age      ] GC(85) - age   1:     702360 bytes,     702360 total
[2024-01-18T02:35:11.687+0000][7][gc,age      ] GC(85) - age   2:       5648 bytes,     708008 total
[2024-01-18T02:35:11.687+0000][7][gc,age      ] GC(85) - age   3:       3272 bytes,     711280 total
[2024-01-18T02:35:11.687+0000][7][gc,age      ] GC(85) - age   4:      29552 bytes,     740832 total
[2024-01-18T02:35:11.687+0000][7][gc,age      ] GC(85) - age   5:     115592 bytes,     856424 total
[2024-01-18T02:35:11.688+0000][7][gc,age      ] GC(85) - age   6:       2488 bytes,     858912 total
[2024-01-18T02:35:11.688+0000][7][gc,age      ] GC(85) - age   7:     312808 bytes,    1171720 total
[2024-01-18T02:35:11.688+0000][7][gc,age      ] GC(85) - age   8:      50144 bytes,    1221864 total
[2024-01-18T02:35:11.688+0000][7][gc,age      ] GC(85) - age   9:      42232 bytes,    1264096 total
[2024-01-18T02:35:11.688+0000][7][gc,age      ] GC(85) - age  10:      33568 bytes,    1297664 total
[2024-01-18T02:35:11.688+0000][7][gc,age      ] GC(85) - age  11:       1200 bytes,    1298864 total
[2024-01-18T02:35:11.688+0000][7][gc,age      ] GC(85) - age  12:        536 bytes,    1299400 total
[2024-01-18T02:35:11.688+0000][7][gc,age      ] GC(85) - age  13:       9432 bytes,    1308832 total
[2024-01-18T02:35:11.688+0000][7][gc,age      ] GC(85) - age  14:       1304 bytes,    1310136 total
[2024-01-18T02:35:11.688+0000][7][gc,age      ] GC(85) - age  15:       1208 bytes,    1311344 total
[2024-01-18T02:35:11.688+0000][7][gc,heap     ] GC(85) Eden regions: 152->0(152)
[2024-01-18T02:35:11.688+0000][7][gc,heap     ] GC(85) Survivor regions: 1->1(20)
[2024-01-18T02:35:11.688+0000][7][gc,heap     ] GC(85) Old regions: 32->32
[2024-01-18T02:35:11.688+0000][7][gc,heap     ] GC(85) Archive regions: 2->2
[2024-01-18T02:35:11.688+0000][7][gc,heap     ] GC(85) Humongous regions: 0->0
[2024-01-18T02:35:11.688+0000][7][gc,metaspace] GC(85) Metaspace: 129383K(133056K)->129383K(133056K) NonClass: 112377K(114304K)->112377K(114304K) Class: 17006K(18752K)->17006K(18752K)
[2024-01-18T02:35:11.688+0000][7][gc          ] GC(85) Pause Young (Normal) (G1 Evacuation Pause) 739M->130M(1024M) 2.890ms
[2024-01-18T02:35:11.688+0000][7][gc,cpu      ] GC(85) User=0.01s Sys=0.01s Real=0.00s
[2024-01-18T02:35:11.688+0000][7][safepoint   ] Safepoint "G1CollectForAllocation", Time since last: 124329610469 ns, Reaching safepoint: 56308 ns, At safepoint: 2988911 ns, Total: 3045219 ns
[2024-01-18T02:35:32.781+0000][7][safepoint   ] Safepoint "Cleanup", Time since last: 21092998401 ns, Reaching safepoint: 35169 ns, At safepoint: 2623 ns, Total: 37792 ns
[2024-01-18T02:35:33.781+0000][7][safepoint   ] Safepoint "Cleanup", Time since last: 1000260155 ns, Reaching safepoint: 75707 ns, At safepoint: 11180 ns, Total: 86887 ns
[2024-01-18T02:35:51.784+0000][7][safepoint   ] Safepoint "Cleanup", Time since last: 18002552127 ns, Reaching safepoint: 78625 ns, At safepoint: 11521 ns, Total: 90146 ns
[2024-01-18T02:36:26.788+0000][7][safepoint   ] Safepoint "Cleanup", Time since last: 35003821035 ns, Reaching safepoint: 96051 ns, At safepoint: 6253 ns, Total: 102304 ns
[2024-01-18T02:37:03.792+0000][7][safepoint   ] Safepoint "Cleanup", Time since last: 37004536628 ns, Reaching safepoint: 90827 ns, At safepoint: 6727 ns, Total: 97554 ns
[2024-01-18T02:38:26.802+0000][7][safepoint   ] Safepoint "Cleanup", Time since last: 83009566726 ns, Reaching safepoint: 86994 ns, At safepoint: 8814 ns, Total: 95808 ns
[2024-01-18T02:38:32.727+0000][7][gc,start    ] GC(86) Pause Young (Normal) (G1 Evacuation Pause)
[2024-01-18T02:38:32.727+0000][7][gc,task     ] GC(86) Using 8 workers of 8 for evacuation
[2024-01-18T02:38:32.727+0000][7][gc,age      ] GC(86) Desired survivor size 41943040 bytes, new threshold 15 (max threshold 15)
[2024-01-18T02:38:32.730+0000][7][gc,phases   ] GC(86)   Pre Evacuate Collection Set: 0.1ms
[2024-01-18T02:38:32.730+0000][7][gc,phases   ] GC(86)   Merge Heap Roots: 0.1ms
[2024-01-18T02:38:32.730+0000][7][gc,phases   ] GC(86)   Evacuate Collection Set: 1.4ms
[2024-01-18T02:38:32.730+0000][7][gc,phases   ] GC(86)   Post Evacuate Collection Set: 0.8ms
[2024-01-18T02:38:32.730+0000][7][gc,phases   ] GC(86)   Other: 0.1ms
[2024-01-18T02:38:32.730+0000][7][gc,age      ] GC(86) Age table with threshold 15 (max threshold 15)
[2024-01-18T02:38:32.730+0000][7][gc,age      ] GC(86) - age   1:    1183264 bytes,    1183264 total
[2024-01-18T02:38:32.730+0000][7][gc,age      ] GC(86) - age   2:      13744 bytes,    1197008 total
[2024-01-18T02:38:32.730+0000][7][gc,age      ] GC(86) - age   3:       3064 bytes,    1200072 total
[2024-01-18T02:38:32.730+0000][7][gc,age      ] GC(86) - age   4:       3208 bytes,    1203280 total
[2024-01-18T02:38:32.730+0000][7][gc,age      ] GC(86) - age   5:      29488 bytes,    1232768 total
[2024-01-18T02:38:32.730+0000][7][gc,age      ] GC(86) - age   6:     115592 bytes,    1348360 total
[2024-01-18T02:38:32.730+0000][7][gc,age      ] GC(86) - age   7:       2488 bytes,    1350848 total
[2024-01-18T02:38:32.730+0000][7][gc,age      ] GC(86) - age   8:     312808 bytes,    1663656 total
[2024-01-18T02:38:32.730+0000][7][gc,age      ] GC(86) - age   9:      49960 bytes,    1713616 total
[2024-01-18T02:38:32.730+0000][7][gc,age      ] GC(86) - age  10:      42232 bytes,    1755848 total
[2024-01-18T02:38:32.730+0000][7][gc,age      ] GC(86) - age  11:      33568 bytes,    1789416 total
[2024-01-18T02:38:32.730+0000][7][gc,age      ] GC(86) - age  12:       1200 bytes,    1790616 total
[2024-01-18T02:38:32.730+0000][7][gc,age      ] GC(86) - age  13:        536 bytes,    1791152 total
[2024-01-18T02:38:32.730+0000][7][gc,age      ] GC(86) - age  14:       9432 bytes,    1800584 total
[2024-01-18T02:38:32.730+0000][7][gc,age      ] GC(86) - age  15:       1304 bytes,    1801888 total
[2024-01-18T02:38:32.730+0000][7][gc,heap     ] GC(86) Eden regions: 152->0(152)
[2024-01-18T02:38:32.730+0000][7][gc,heap     ] GC(86) Survivor regions: 1->1(20)
[2024-01-18T02:38:32.730+0000][7][gc,heap     ] GC(86) Old regions: 32->32
[2024-01-18T02:38:32.730+0000][7][gc,heap     ] GC(86) Archive regions: 2->2
[2024-01-18T02:38:32.730+0000][7][gc,heap     ] GC(86) Humongous regions: 0->0
[2024-01-18T02:38:32.730+0000][7][gc,metaspace] GC(86) Metaspace: 129395K(133056K)->129395K(133056K) NonClass: 112387K(114304K)->112387K(114304K) Class: 17007K(18752K)->17007K(18752K)
[2024-01-18T02:38:32.730+0000][7][gc          ] GC(86) Pause Young (Normal) (G1 Evacuation Pause) 738M->130M(1024M) 2.747ms
[2024-01-18T02:38:32.730+0000][7][gc,cpu      ] GC(86) User=0.02s Sys=0.00s Real=0.01s
[2024-01-18T02:38:32.730+0000][7][safepoint   ] Safepoint "G1CollectForAllocation", Time since last: 5925337641 ns, Reaching safepoint: 90137 ns, At safepoint: 2839937 ns, Total: 2930074 ns
[2024-01-18T02:39:26.736+0000][7][safepoint   ] Safepoint "Cleanup", Time since last: 54006052431 ns, Reaching safepoint: 152614 ns, At safepoint: 22122 ns, Total: 174736 ns
[2024-01-18T02:40:08.741+0000][7][safepoint   ] Safepoint "Cleanup", Time since last: 42004498403 ns, Reaching safepoint: 49299 ns, At safepoint: 25999 ns, Total: 75298 ns
[2024-01-18T02:40:21.743+0000][7][safepoint   ] Safepoint "Cleanup", Time since last: 13001587921 ns, Reaching safepoint: 111613 ns, At safepoint: 11164 ns, Total: 122777 ns
[2024-01-18T02:40:26.744+0000][7][safepoint   ] Safepoint "Cleanup", Time since last: 5000707121 ns, Reaching safepoint: 143276 ns, At safepoint: 5318 ns, Total: 148594 ns
[2024-01-18T02:40:45.746+0000][7][safepoint   ] Safepoint "Cleanup", Time since last: 19001899048 ns, Reaching safepoint: 80855 ns, At safepoint: 10474 ns, Total: 91329 ns
[2024-01-18T02:41:27.751+0000][7][safepoint   ] Safepoint "Cleanup", Time since last: 42004854495 ns, Reaching safepoint: 103873 ns, At safepoint: 7952 ns, Total: 111825 ns
[2024-01-18T02:41:30.751+0000][7][safepoint   ] Safepoint "Cleanup", Time since last: 3000433684 ns, Reaching safepoint: 62239 ns, At safepoint: 6185 ns, Total: 68424 ns
[2024-01-18T02:41:32.752+0000][7][safepoint   ] Safepoint "Cleanup", Time since last: 2000320781 ns, Reaching safepoint: 137408 ns, At safepoint: 5509 ns, Total: 142917 ns
[2024-01-18T02:41:33.752+0000][7][safepoint   ] Safepoint "Cleanup", Time since last: 1000229144 ns, Reaching safepoint: 70215 ns, At safepoint: 7197 ns, Total: 77412 ns
[2024-01-18T02:41:48.753+0000][7][safepoint   ] Safepoint "Cleanup", Time since last: 15001552687 ns, Reaching safepoint: 115341 ns, At safepoint: 7293 ns, Total: 122634 ns
[2024-01-18T02:41:50.520+0000][7][safepoint   ] Safepoint "Cleanup", Time since last: 1766105375 ns, Reaching safepoint: 117818 ns, At safepoint: 5445 ns, Total: 123263 ns
[2024-01-18T02:41:51.520+0000][7][safepoint   ] Safepoint "Cleanup", Time since last: 1000117588 ns, Reaching safepoint: 51001 ns, At safepoint: 4619 ns, Total: 55620 ns
[2024-01-18T02:41:53.720+0000][7][gc,start    ] GC(87) Pause Young (Normal) (G1 Evacuation Pause)
[2024-01-18T02:41:53.720+0000][7][gc,task     ] GC(87) Using 8 workers of 8 for evacuation
[2024-01-18T02:41:53.720+0000][7][gc,age      ] GC(87) Desired survivor size 41943040 bytes, new threshold 15 (max threshold 15)
[2024-01-18T02:41:53.723+0000][7][gc,phases   ] GC(87)   Pre Evacuate Collection Set: 0.1ms
[2024-01-18T02:41:53.723+0000][7][gc,phases   ] GC(87)   Merge Heap Roots: 0.1ms
[2024-01-18T02:41:53.723+0000][7][gc,phases   ] GC(87)   Evacuate Collection Set: 1.8ms
[2024-01-18T02:41:53.723+0000][7][gc,phases   ] GC(87)   Post Evacuate Collection Set: 0.8ms
[2024-01-18T02:41:53.723+0000][7][gc,phases   ] GC(87)   Other: 0.1ms
[2024-01-18T02:41:53.723+0000][7][gc,age      ] GC(87) Age table with threshold 15 (max threshold 15)
[2024-01-18T02:41:53.723+0000][7][gc,age      ] GC(87) - age   1:    1687576 bytes,    1687576 total
[2024-01-18T02:41:53.723+0000][7][gc,age      ] GC(87) - age   2:       3928 bytes,    1691504 total
[2024-01-18T02:41:53.723+0000][7][gc,age      ] GC(87) - age   3:       4480 bytes,    1695984 total
[2024-01-18T02:41:53.723+0000][7][gc,age      ] GC(87) - age   4:       2488 bytes,    1698472 total
[2024-01-18T02:41:53.723+0000][7][gc,age      ] GC(87) - age   5:       3144 bytes,    1701616 total
[2024-01-18T02:41:53.723+0000][7][gc,age      ] GC(87) - age   6:      29488 bytes,    1731104 total
[2024-01-18T02:41:53.723+0000][7][gc,age      ] GC(87) - age   7:     115592 bytes,    1846696 total
[2024-01-18T02:41:53.723+0000][7][gc,age      ] GC(87) - age   8:       2488 bytes,    1849184 total
[2024-01-18T02:41:53.723+0000][7][gc,age      ] GC(87) - age   9:     312808 bytes,    2161992 total
[2024-01-18T02:41:53.723+0000][7][gc,age      ] GC(87) - age  10:      49960 bytes,    2211952 total
[2024-01-18T02:41:53.723+0000][7][gc,age      ] GC(87) - age  11:      42232 bytes,    2254184 total
[2024-01-18T02:41:53.723+0000][7][gc,age      ] GC(87) - age  12:      33568 bytes,    2287752 total
[2024-01-18T02:41:53.723+0000][7][gc,age      ] GC(87) - age  13:       1200 bytes,    2288952 total
[2024-01-18T02:41:53.723+0000][7][gc,age      ] GC(87) - age  14:        536 bytes,    2289488 total
[2024-01-18T02:41:53.723+0000][7][gc,age      ] GC(87) - age  15:       9432 bytes,    2298920 total
[2024-01-18T02:41:53.723+0000][7][gc,heap     ] GC(87) Eden regions: 152->0(152)
[2024-01-18T02:41:53.723+0000][7][gc,heap     ] GC(87) Survivor regions: 1->1(20)
[2024-01-18T02:41:53.723+0000][7][gc,heap     ] GC(87) Old regions: 32->32
[2024-01-18T02:41:53.723+0000][7][gc,heap     ] GC(87) Archive regions: 2->2
[2024-01-18T02:41:53.723+0000][7][gc,heap     ] GC(87) Humongous regions: 0->0
[2024-01-18T02:41:53.723+0000][7][gc,metaspace] GC(87) Metaspace: 129401K(133056K)->129401K(133056K) NonClass: 112393K(114304K)->112393K(114304K) Class: 17008K(18752K)->17008K(18752K)
[2024-01-18T02:41:53.723+0000][7][gc          ] GC(87) Pause Young (Normal) (G1 Evacuation Pause) 738M->131M(1024M) 3.181ms
[2024-01-18T02:41:53.723+0000][7][gc,cpu      ] GC(87) User=0.01s Sys=0.00s Real=0.00s
[2024-01-18T02:41:53.723+0000][7][safepoint   ] Safepoint "G1CollectForAllocation", Time since last: 2200242897 ns, Reaching safepoint: 80494 ns, At safepoint: 3273574 ns, Total: 3354068 ns
[2024-01-18T02:41:57.724+0000][7][safepoint   ] Safepoint "Cleanup", Time since last: 4000652946 ns, Reaching safepoint: 43240 ns, At safepoint: 4257 ns, Total: 47497 ns
[2024-01-18T02:42:27.727+0000][7][safepoint   ] Safepoint "Cleanup", Time since last: 30003053100 ns, Reaching safepoint: 95182 ns, At safepoint: 8138 ns, Total: 103320 ns
[2024-01-18T02:42:30.728+0000][7][safepoint   ] Safepoint "Cleanup", Time since last: 3000458270 ns, Reaching safepoint: 109229 ns, At safepoint: 5099 ns, Total: 114328 ns
[2024-01-18T02:42:32.728+0000][7][safepoint   ] Safepoint "Cleanup", Time since last: 2000187143 ns, Reaching safepoint: 31177 ns, At safepoint: 5143 ns, Total: 36320 ns
[2024-01-18T02:43:08.019+0000][7][safepoint   ] Safepoint "ICBufferFull", Time since last: 35291122243 ns, Reaching safepoint: 200174 ns, At safepoint: 3327 ns, Total: 203501 ns
[2024-01-18T02:43:08.252+0000][7][safepoint   ] Safepoint "ICBufferFull", Time since last: 232590469 ns, Reaching safepoint: 210823 ns, At safepoint: 10451 ns, Total: 221274 ns
[2024-01-18T02:43:09.383+0000][7][safepoint   ] Safepoint "Cleanup", Time since last: 1130057454 ns, Reaching safepoint: 271234 ns, At safepoint: 14505 ns, Total: 285739 ns
[2024-01-18T02:43:10.383+0000][7][safepoint   ] Safepoint "Cleanup", Time since last: 1000249467 ns, Reaching safepoint: 112045 ns, At safepoint: 9788 ns, Total: 121833 ns
[2024-01-18T02:43:12.383+0000][7][safepoint   ] Safepoint "Cleanup", Time since last: 2000348181 ns, Reaching safepoint: 73833 ns, At safepoint: 6980 ns, Total: 80813 ns
[2024-01-18T02:43:15.384+0000][7][safepoint   ] Safepoint "Cleanup", Time since last: 3000584625 ns, Reaching safepoint: 62442 ns, At safepoint: 9534 ns, Total: 71976 ns
[2024-01-18T02:43:16.384+0000][7][safepoint   ] Safepoint "Cleanup", Time since last: 1000132046 ns, Reaching safepoint: 71629 ns, At safepoint: 8105 ns, Total: 79734 ns
[2024-01-18T02:43:18.385+0000][7][safepoint   ] Safepoint "Cleanup", Time since last: 2000259425 ns, Reaching safepoint: 69053 ns, At safepoint: 7326 ns, Total: 76379 ns
[2024-01-18T02:43:19.385+0000][7][safepoint   ] Safepoint "Cleanup", Time since last: 1000156467 ns, Reaching safepoint: 69410 ns, At safepoint: 8668 ns, Total: 78078 ns
[2024-01-18T02:43:20.385+0000][7][safepoint   ] Safepoint "Cleanup", Time since last: 1000154123 ns, Reaching safepoint: 69093 ns, At safepoint: 18417 ns, Total: 87510 ns
[2024-01-18T02:43:21.385+0000][7][safepoint   ] Safepoint "Cleanup", Time since last: 1000149598 ns, Reaching safepoint: 58656 ns, At safepoint: 8350 ns, Total: 67006 ns
[2024-01-18T02:43:22.385+0000][7][safepoint   ] Safepoint "Cleanup", Time since last: 1000142044 ns, Reaching safepoint: 36393 ns, At safepoint: 3348 ns, Total: 39741 ns
[2024-01-18T02:43:24.386+0000][7][safepoint   ] Safepoint "Cleanup", Time since last: 2000203519 ns, Reaching safepoint: 42253 ns, At safepoint: 3142 ns, Total: 45395 ns
[2024-01-18T02:43:25.386+0000][7][safepoint   ] Safepoint "Cleanup", Time since last: 1000097252 ns, Reaching safepoint: 38956 ns, At safepoint: 3399 ns, Total: 42355 ns
[2024-01-18T02:43:30.386+0000][7][safepoint   ] Safepoint "Cleanup", Time since last: 5000455518 ns, Reaching safepoint: 73926 ns, At safepoint: 6320 ns, Total: 80246 ns
[2024-01-18T02:43:36.387+0000][7][safepoint   ] Safepoint "Cleanup", Time since last: 6000650023 ns, Reaching safepoint: 80102 ns, At safepoint: 7398 ns, Total: 87500 ns
[2024-01-18T02:43:37.387+0000][7][safepoint   ] Safepoint "Cleanup", Time since last: 1000139417 ns, Reaching safepoint: 51728 ns, At safepoint: 5465 ns, Total: 57193 ns
[2024-01-18T02:43:38.388+0000][7][safepoint   ] Safepoint "Cleanup", Time since last: 1000151733 ns, Reaching safepoint: 84406 ns, At safepoint: 5235 ns, Total: 89641 ns
[2024-01-18T02:43:42.388+0000][7][safepoint   ] Safepoint "Cleanup", Time since last: 4000493134 ns, Reaching safepoint: 180724 ns, At safepoint: 6637 ns, Total: 187361 ns
[2024-01-18T02:43:42.774+0000][7][gc,start    ] GC(88) Pause Young (Normal) (G1 Evacuation Pause)
[2024-01-18T02:43:42.775+0000][7][gc,task     ] GC(88) Using 8 workers of 8 for evacuation
[2024-01-18T02:43:42.775+0000][7][gc,age      ] GC(88) Desired survivor size 41943040 bytes, new threshold 15 (max threshold 15)
[2024-01-18T02:43:42.777+0000][7][gc,phases   ] GC(88)   Pre Evacuate Collection Set: 0.1ms
[2024-01-18T02:43:42.777+0000][7][gc,phases   ] GC(88)   Merge Heap Roots: 0.1ms
[2024-01-18T02:43:42.777+0000][7][gc,phases   ] GC(88)   Evacuate Collection Set: 1.9ms
[2024-01-18T02:43:42.777+0000][7][gc,phases   ] GC(88)   Post Evacuate Collection Set: 0.6ms
[2024-01-18T02:43:42.777+0000][7][gc,phases   ] GC(88)   Other: 0.1ms
[2024-01-18T02:43:42.777+0000][7][gc,age      ] GC(88) Age table with threshold 15 (max threshold 15)
[2024-01-18T02:43:42.777+0000][7][gc,age      ] GC(88) - age   1:    3013080 bytes,    3013080 total
[2024-01-18T02:43:42.777+0000][7][gc,age      ] GC(88) - age   2:     306536 bytes,    3319616 total
[2024-01-18T02:43:42.777+0000][7][gc,age      ] GC(88) - age   3:       2336 bytes,    3321952 total
[2024-01-18T02:43:42.777+0000][7][gc,age      ] GC(88) - age   4:         88 bytes,    3322040 total
[2024-01-18T02:43:42.777+0000][7][gc,age      ] GC(88) - age   5:       2304 bytes,    3324344 total
[2024-01-18T02:43:42.777+0000][7][gc,age      ] GC(88) - age   6:       2448 bytes,    3326792 total
[2024-01-18T02:43:42.777+0000][7][gc,age      ] GC(88) - age   7:      28888 bytes,    3355680 total
[2024-01-18T02:43:42.777+0000][7][gc,age      ] GC(88) - age   8:     115592 bytes,    3471272 total
[2024-01-18T02:43:42.777+0000][7][gc,age      ] GC(88) - age   9:       2488 bytes,    3473760 total
[2024-01-18T02:43:42.777+0000][7][gc,age      ] GC(88) - age  10:     312808 bytes,    3786568 total
[2024-01-18T02:43:42.777+0000][7][gc,age      ] GC(88) - age  11:      49960 bytes,    3836528 total
[2024-01-18T02:43:42.777+0000][7][gc,age      ] GC(88) - age  12:      42232 bytes,    3878760 total
[2024-01-18T02:43:42.777+0000][7][gc,age      ] GC(88) - age  13:      33568 bytes,    3912328 total
[2024-01-18T02:43:42.777+0000][7][gc,age      ] GC(88) - age  14:       1200 bytes,    3913528 total
[2024-01-18T02:43:42.777+0000][7][gc,age      ] GC(88) - age  15:        536 bytes,    3914064 total
[2024-01-18T02:43:42.777+0000][7][gc,heap     ] GC(88) Eden regions: 152->0(152)
[2024-01-18T02:43:42.777+0000][7][gc,heap     ] GC(88) Survivor regions: 1->1(20)
[2024-01-18T02:43:42.777+0000][7][gc,heap     ] GC(88) Old regions: 32->32
[2024-01-18T02:43:42.777+0000][7][gc,heap     ] GC(88) Archive regions: 2->2
[2024-01-18T02:43:42.777+0000][7][gc,heap     ] GC(88) Humongous regions: 0->0
[2024-01-18T02:43:42.777+0000][7][gc,metaspace] GC(88) Metaspace: 129912K(133568K)->129912K(133568K) NonClass: 112860K(114752K)->112860K(114752K) Class: 17052K(18816K)->17052K(18816K)
[2024-01-18T02:43:42.777+0000][7][gc          ] GC(88) Pause Young (Normal) (G1 Evacuation Pause) 739M->132M(1024M) 2.911ms
[2024-01-18T02:43:42.777+0000][7][gc,cpu      ] GC(88) User=0.02s Sys=0.00s Real=0.00s
[2024-01-18T02:43:42.777+0000][7][safepoint   ] Safepoint "G1CollectForAllocation", Time since last: 386110646 ns, Reaching safepoint: 62565 ns, At safepoint: 2980633 ns, Total: 3043198 ns
[2024-01-18T02:43:43.778+0000][7][safepoint   ] Safepoint "Cleanup", Time since last: 1000086854 ns, Reaching safepoint: 176278 ns, At safepoint: 6390 ns, Total: 182668 ns
[2024-01-18T02:43:44.778+0000][7][safepoint   ] Safepoint "Cleanup", Time since last: 1000150535 ns, Reaching safepoint: 93722 ns, At safepoint: 5738 ns, Total: 99460 ns
[2024-01-18T02:43:48.779+0000][7][safepoint   ] Safepoint "Cleanup", Time since last: 4000522913 ns, Reaching safepoint: 136899 ns, At safepoint: 15435 ns, Total: 152334 ns
[2024-01-18T02:43:49.779+0000][7][safepoint   ] Safepoint "Cleanup", Time since last: 1000229376 ns, Reaching safepoint: 59158 ns, At safepoint: 10071 ns, Total: 69229 ns
[2024-01-18T02:43:53.780+0000][7][safepoint   ] Safepoint "Cleanup", Time since last: 4000554256 ns, Reaching safepoint: 81621 ns, At safepoint: 10702 ns, Total: 92323 ns
[2024-01-18T02:44:01.780+0000][7][safepoint   ] Safepoint "Cleanup", Time since last: 8000758449 ns, Reaching safepoint: 69410 ns, At safepoint: 20939 ns, Total: 90349 ns
[2024-01-18T02:44:04.781+0000][7][safepoint   ] Safepoint "Cleanup", Time since last: 3000458579 ns, Reaching safepoint: 70786 ns, At safepoint: 5603 ns, Total: 76389 ns
[2024-01-18T02:44:06.781+0000][7][safepoint   ] Safepoint "Cleanup", Time since last: 2000231756 ns, Reaching safepoint: 62411 ns, At safepoint: 7838 ns, Total: 70249 ns
[2024-01-18T02:44:07.781+0000][7][safepoint   ] Safepoint "Cleanup", Time since last: 1000133757 ns, Reaching safepoint: 68970 ns, At safepoint: 8970 ns, Total: 77940 ns
[2024-01-18T02:44:11.782+0000][7][safepoint   ] Safepoint "Cleanup", Time since last: 4000565250 ns, Reaching safepoint: 53943 ns, At safepoint: 12120 ns, Total: 66063 ns
[2024-01-18T02:44:17.783+0000][7][safepoint   ] Safepoint "Cleanup", Time since last: 6000744065 ns, Reaching safepoint: 57327 ns, At safepoint: 4667 ns, Total: 61994 ns
[2024-01-18T02:44:21.784+0000][7][safepoint   ] Safepoint "Cleanup", Time since last: 4000550616 ns, Reaching safepoint: 54727 ns, At safepoint: 4972 ns, Total: 59699 ns
[2024-01-18T02:44:59.788+0000][7][safepoint   ] Safepoint "Cleanup", Time since last: 38004888249 ns, Reaching safepoint: 79492 ns, At safepoint: 7356 ns, Total: 86848 ns
[2024-01-18T02:45:11.790+0000][7][safepoint   ] Safepoint "Cleanup", Time since last: 12001452569 ns, Reaching safepoint: 51322 ns, At safepoint: 4372 ns, Total: 55694 ns
[2024-01-18T02:45:12.790+0000][7][safepoint   ] Safepoint "Cleanup", Time since last: 1000159800 ns, Reaching safepoint: 136751 ns, At safepoint: 6484 ns, Total: 143235 ns
[2024-01-18T02:45:13.791+0000][7][safepoint   ] Safepoint "Cleanup", Time since last: 1000253701 ns, Reaching safepoint: 66418 ns, At safepoint: 7307 ns, Total: 73725 ns
[2024-01-18T02:45:26.792+0000][7][safepoint   ] Safepoint "Cleanup", Time since last: 13001347524 ns, Reaching safepoint: 51877 ns, At safepoint: 3276 ns, Total: 55153 ns
[2024-01-18T02:45:45.794+0000][7][safepoint   ] Safepoint "Cleanup", Time since last: 19001830160 ns, Reaching safepoint: 65368 ns, At safepoint: 5407 ns, Total: 70775 ns
[2024-01-18T02:45:48.131+0000][7][gc,start    ] GC(89) Pause Young (Normal) (G1 Evacuation Pause)
[2024-01-18T02:45:48.131+0000][7][gc,task     ] GC(89) Using 8 workers of 8 for evacuation
[2024-01-18T02:45:48.131+0000][7][gc,age      ] GC(89) Desired survivor size 41943040 bytes, new threshold 15 (max threshold 15)
[2024-01-18T02:45:48.133+0000][7][gc,phases   ] GC(89)   Pre Evacuate Collection Set: 0.1ms
[2024-01-18T02:45:48.133+0000][7][gc,phases   ] GC(89)   Merge Heap Roots: 0.1ms
[2024-01-18T02:45:48.133+0000][7][gc,phases   ] GC(89)   Evacuate Collection Set: 1.5ms
[2024-01-18T02:45:48.133+0000][7][gc,phases   ] GC(89)   Post Evacuate Collection Set: 0.6ms
[2024-01-18T02:45:48.133+0000][7][gc,phases   ] GC(89)   Other: 0.1ms
[2024-01-18T02:45:48.133+0000][7][gc,age      ] GC(89) Age table with threshold 15 (max threshold 15)
[2024-01-18T02:45:48.133+0000][7][gc,age      ] GC(89) - age   1:    1093184 bytes,    1093184 total
[2024-01-18T02:45:48.133+0000][7][gc,age      ] GC(89) - age   2:     833320 bytes,    1926504 total
[2024-01-18T02:45:48.133+0000][7][gc,age      ] GC(89) - age   3:     303440 bytes,    2229944 total
[2024-01-18T02:45:48.133+0000][7][gc,age      ] GC(89) - age   4:       2144 bytes,    2232088 total
[2024-01-18T02:45:48.133+0000][7][gc,age      ] GC(89) - age   5:         88 bytes,    2232176 total
[2024-01-18T02:45:48.133+0000][7][gc,age      ] GC(89) - age   6:       2304 bytes,    2234480 total
[2024-01-18T02:45:48.133+0000][7][gc,age      ] GC(89) - age   7:       2448 bytes,    2236928 total
[2024-01-18T02:45:48.133+0000][7][gc,age      ] GC(89) - age   8:      28888 bytes,    2265816 total
[2024-01-18T02:45:48.133+0000][7][gc,age      ] GC(89) - age   9:     115592 bytes,    2381408 total
[2024-01-18T02:45:48.133+0000][7][gc,age      ] GC(89) - age  10:       2488 bytes,    2383896 total
[2024-01-18T02:45:48.133+0000][7][gc,age      ] GC(89) - age  11:     312808 bytes,    2696704 total
[2024-01-18T02:45:48.133+0000][7][gc,age      ] GC(89) - age  12:      49960 bytes,    2746664 total
[2024-01-18T02:45:48.133+0000][7][gc,age      ] GC(89) - age  13:      42232 bytes,    2788896 total
[2024-01-18T02:45:48.133+0000][7][gc,age      ] GC(89) - age  14:      33568 bytes,    2822464 total
[2024-01-18T02:45:48.133+0000][7][gc,age      ] GC(89) - age  15:       1200 bytes,    2823664 total
[2024-01-18T02:45:48.133+0000][7][gc,heap     ] GC(89) Eden regions: 152->0(152)
[2024-01-18T02:45:48.133+0000][7][gc,heap     ] GC(89) Survivor regions: 1->1(20)
[2024-01-18T02:45:48.133+0000][7][gc,heap     ] GC(89) Old regions: 32->32
[2024-01-18T02:45:48.133+0000][7][gc,heap     ] GC(89) Archive regions: 2->2
[2024-01-18T02:45:48.133+0000][7][gc,heap     ] GC(89) Humongous regions: 0->0
[2024-01-18T02:45:48.133+0000][7][gc,metaspace] GC(89) Metaspace: 129956K(133632K)->129956K(133632K) NonClass: 112904K(114816K)->112904K(114816K) Class: 17052K(18816K)->17052K(18816K)
[2024-01-18T02:45:48.133+0000][7][gc          ] GC(89) Pause Young (Normal) (G1 Evacuation Pause) 740M->131M(1024M) 2.611ms
[2024-01-18T02:45:48.133+0000][7][gc,cpu      ] GC(89) User=0.02s Sys=0.00s Real=0.00s
[2024-01-18T02:45:48.134+0000][7][safepoint   ] Safepoint "G1CollectForAllocation", Time since last: 2336855742 ns, Reaching safepoint: 28915 ns, At safepoint: 2684183 ns, Total: 2713098 ns
[2024-01-18T02:46:06.136+0000][7][safepoint   ] Safepoint "Cleanup", Time since last: 18002190455 ns, Reaching safepoint: 93027 ns, At safepoint: 9115 ns, Total: 102142 ns
[2024-01-18T02:46:07.136+0000][7][safepoint   ] Safepoint "Cleanup", Time since last: 1000238244 ns, Reaching safepoint: 65837 ns, At safepoint: 9583 ns, Total: 75420 ns
[2024-01-18T02:46:22.137+0000][7][safepoint   ] Safepoint "Cleanup", Time since last: 15001254290 ns, Reaching safepoint: 63713 ns, At safepoint: 3064 ns, Total: 66777 ns
[2024-01-18T02:46:26.138+0000][7][safepoint   ] Safepoint "Cleanup", Time since last: 4000462280 ns, Reaching safepoint: 70401 ns, At safepoint: 7928 ns, Total: 78329 ns
[2024-01-18T02:46:40.140+0000][7][safepoint   ] Safepoint "Cleanup", Time since last: 14001714697 ns, Reaching safepoint: 62723 ns, At safepoint: 5301 ns, Total: 68024 ns
[2024-01-18T02:47:12.144+0000][7][safepoint   ] Safepoint "Cleanup", Time since last: 32004081482 ns, Reaching safepoint: 66031 ns, At safepoint: 10093 ns, Total: 76124 ns
[2024-01-18T02:48:08.150+0000][7][safepoint   ] Safepoint "Cleanup", Time since last: 56006470247 ns, Reaching safepoint: 74855 ns, At safepoint: 8705 ns, Total: 83560 ns
[2024-01-18T02:48:24.152+0000][7][safepoint   ] Safepoint "Cleanup", Time since last: 16001643403 ns, Reaching safepoint: 72466 ns, At safepoint: 5293 ns, Total: 77759 ns
[2024-01-18T02:48:27.153+0000][7][safepoint   ] Safepoint "Cleanup", Time since last: 3000338370 ns, Reaching safepoint: 66169 ns, At safepoint: 6424 ns, Total: 72593 ns
[2024-01-18T02:48:31.153+0000][7][safepoint   ] Safepoint "Cleanup", Time since last: 4000559540 ns, Reaching safepoint: 63253 ns, At safepoint: 12804 ns, Total: 76057 ns
[2024-01-18T02:48:32.744+0000][7][gc,start    ] GC(90) Pause Young (Normal) (G1 Evacuation Pause)
[2024-01-18T02:48:32.744+0000][7][gc,task     ] GC(90) Using 8 workers of 8 for evacuation
[2024-01-18T02:48:32.744+0000][7][gc,age      ] GC(90) Desired survivor size 41943040 bytes, new threshold 15 (max threshold 15)
[2024-01-18T02:48:32.746+0000][7][gc,phases   ] GC(90)   Pre Evacuate Collection Set: 0.1ms
[2024-01-18T02:48:32.746+0000][7][gc,phases   ] GC(90)   Merge Heap Roots: 0.0ms
[2024-01-18T02:48:32.746+0000][7][gc,phases   ] GC(90)   Evacuate Collection Set: 1.7ms
[2024-01-18T02:48:32.746+0000][7][gc,phases   ] GC(90)   Post Evacuate Collection Set: 0.8ms
[2024-01-18T02:48:32.746+0000][7][gc,phases   ] GC(90)   Other: 0.1ms
[2024-01-18T02:48:32.746+0000][7][gc,age      ] GC(90) Age table with threshold 15 (max threshold 15)
[2024-01-18T02:48:32.746+0000][7][gc,age      ] GC(90) - age   1:    1067040 bytes,    1067040 total
[2024-01-18T02:48:32.746+0000][7][gc,age      ] GC(90) - age   2:     274704 bytes,    1341744 total
[2024-01-18T02:48:32.746+0000][7][gc,age      ] GC(90) - age   3:     832240 bytes,    2173984 total
[2024-01-18T02:48:32.746+0000][7][gc,age      ] GC(90) - age   4:     302928 bytes,    2476912 total
[2024-01-18T02:48:32.746+0000][7][gc,age      ] GC(90) - age   5:       2144 bytes,    2479056 total
[2024-01-18T02:48:32.746+0000][7][gc,age      ] GC(90) - age   6:         88 bytes,    2479144 total
[2024-01-18T02:48:32.746+0000][7][gc,age      ] GC(90) - age   7:       2304 bytes,    2481448 total
[2024-01-18T02:48:32.746+0000][7][gc,age      ] GC(90) - age   8:       2448 bytes,    2483896 total
[2024-01-18T02:48:32.746+0000][7][gc,age      ] GC(90) - age   9:      28888 bytes,    2512784 total
[2024-01-18T02:48:32.746+0000][7][gc,age      ] GC(90) - age  10:     115592 bytes,    2628376 total
[2024-01-18T02:48:32.746+0000][7][gc,age      ] GC(90) - age  11:       2488 bytes,    2630864 total
[2024-01-18T02:48:32.746+0000][7][gc,age      ] GC(90) - age  12:     312808 bytes,    2943672 total
[2024-01-18T02:48:32.747+0000][7][gc,age      ] GC(90) - age  13:      49960 bytes,    2993632 total
[2024-01-18T02:48:32.747+0000][7][gc,age      ] GC(90) - age  14:      42232 bytes,    3035864 total
[2024-01-18T02:48:32.747+0000][7][gc,age      ] GC(90) - age  15:      33568 bytes,    3069432 total
[2024-01-18T02:48:32.747+0000][7][gc,heap     ] GC(90) Eden regions: 152->0(152)
[2024-01-18T02:48:32.747+0000][7][gc,heap     ] GC(90) Survivor regions: 1->1(20)
[2024-01-18T02:48:32.747+0000][7][gc,heap     ] GC(90) Old regions: 32->32
[2024-01-18T02:48:32.747+0000][7][gc,heap     ] GC(90) Archive regions: 2->2
[2024-01-18T02:48:32.747+0000][7][gc,heap     ] GC(90) Humongous regions: 0->0
[2024-01-18T02:48:32.747+0000][7][gc,metaspace] GC(90) Metaspace: 129958K(133632K)->129958K(133632K) NonClass: 112906K(114816K)->112906K(114816K) Class: 17052K(18816K)->17052K(18816K)
[2024-01-18T02:48:32.747+0000][7][gc          ] GC(90) Pause Young (Normal) (G1 Evacuation Pause) 739M->131M(1024M) 2.962ms
[2024-01-18T02:48:32.747+0000][7][gc,cpu      ] GC(90) User=0.01s Sys=0.00s Real=0.00s
[2024-01-18T02:48:32.747+0000][7][safepoint   ] Safepoint "G1CollectForAllocation", Time since last: 1590341192 ns, Reaching safepoint: 32522 ns, At safepoint: 3060482 ns, Total: 3093004 ns
[2024-01-18T02:48:33.747+0000][7][safepoint   ] Safepoint "Cleanup", Time since last: 1000093534 ns, Reaching safepoint: 62563 ns, At safepoint: 6800 ns, Total: 69363 ns
[2024-01-18T02:48:44.748+0000][7][safepoint   ] Safepoint "Cleanup", Time since last: 11000969832 ns, Reaching safepoint: 66582 ns, At safepoint: 5901 ns, Total: 72483 ns
[2024-01-18T02:48:56.749+0000][7][safepoint   ] Safepoint "Cleanup", Time since last: 12000952088 ns, Reaching safepoint: 57120 ns, At safepoint: 4505 ns, Total: 61625 ns
[2024-01-18T02:50:09.756+0000][7][safepoint   ] Safepoint "Cleanup", Time since last: 73007284486 ns, Reaching safepoint: 81696 ns, At safepoint: 6441 ns, Total: 88137 ns
[2024-01-18T02:50:15.757+0000][7][safepoint   ] Safepoint "Cleanup", Time since last: 6000583302 ns, Reaching safepoint: 52187 ns, At safepoint: 4184 ns, Total: 56371 ns
[2024-01-18T02:51:05.762+0000][7][gc,start    ] GC(91) Pause Young (Normal) (G1 Evacuation Pause)
[2024-01-18T02:51:05.762+0000][7][gc,task     ] GC(91) Using 8 workers of 8 for evacuation
[2024-01-18T02:51:05.762+0000][7][gc,age      ] GC(91) Desired survivor size 41943040 bytes, new threshold 15 (max threshold 15)
[2024-01-18T02:51:05.765+0000][7][gc,phases   ] GC(91)   Pre Evacuate Collection Set: 0.1ms
[2024-01-18T02:51:05.765+0000][7][gc,phases   ] GC(91)   Merge Heap Roots: 0.1ms
[2024-01-18T02:51:05.765+0000][7][gc,phases   ] GC(91)   Evacuate Collection Set: 2.3ms
[2024-01-18T02:51:05.765+0000][7][gc,phases   ] GC(91)   Post Evacuate Collection Set: 0.7ms
[2024-01-18T02:51:05.765+0000][7][gc,phases   ] GC(91)   Other: 0.1ms
[2024-01-18T02:51:05.765+0000][7][gc,age      ] GC(91) Age table with threshold 15 (max threshold 15)
[2024-01-18T02:51:05.765+0000][7][gc,age      ] GC(91) - age   1:    2049856 bytes,    2049856 total
[2024-01-18T02:51:05.765+0000][7][gc,age      ] GC(91) - age   2:       4728 bytes,    2054584 total
[2024-01-18T02:51:05.765+0000][7][gc,age      ] GC(91) - age   3:     259904 bytes,    2314488 total
[2024-01-18T02:51:05.765+0000][7][gc,age      ] GC(91) - age   4:     810456 bytes,    3124944 total
[2024-01-18T02:51:05.765+0000][7][gc,age      ] GC(91) - age   5:     298592 bytes,    3423536 total
[2024-01-18T02:51:05.765+0000][7][gc,age      ] GC(91) - age   6:       2144 bytes,    3425680 total
[2024-01-18T02:51:05.765+0000][7][gc,age      ] GC(91) - age   7:         88 bytes,    3425768 total
[2024-01-18T02:51:05.765+0000][7][gc,age      ] GC(91) - age   8:       2304 bytes,    3428072 total
[2024-01-18T02:51:05.765+0000][7][gc,age      ] GC(91) - age   9:       2448 bytes,    3430520 total
[2024-01-18T02:51:05.765+0000][7][gc,age      ] GC(91) - age  10:      28888 bytes,    3459408 total
[2024-01-18T02:51:05.765+0000][7][gc,age      ] GC(91) - age  11:     115048 bytes,    3574456 total
[2024-01-18T02:51:05.765+0000][7][gc,age      ] GC(91) - age  12:       2488 bytes,    3576944 total
[2024-01-18T02:51:05.765+0000][7][gc,age      ] GC(91) - age  13:     312808 bytes,    3889752 total
[2024-01-18T02:51:05.765+0000][7][gc,age      ] GC(91) - age  14:      49960 bytes,    3939712 total
[2024-01-18T02:51:05.765+0000][7][gc,age      ] GC(91) - age  15:      42232 bytes,    3981944 total
[2024-01-18T02:51:05.765+0000][7][gc,heap     ] GC(91) Eden regions: 152->0(151)
[2024-01-18T02:51:05.765+0000][7][gc,heap     ] GC(91) Survivor regions: 1->2(20)
[2024-01-18T02:51:05.765+0000][7][gc,heap     ] GC(91) Old regions: 32->32
[2024-01-18T02:51:05.765+0000][7][gc,heap     ] GC(91) Archive regions: 2->2
[2024-01-18T02:51:05.765+0000][7][gc,heap     ] GC(91) Humongous regions: 0->0
[2024-01-18T02:51:05.765+0000][7][gc,metaspace] GC(91) Metaspace: 129959K(133632K)->129959K(133632K) NonClass: 112907K(114816K)->112907K(114816K) Class: 17052K(18816K)->17052K(18816K)
[2024-01-18T02:51:05.765+0000][7][gc          ] GC(91) Pause Young (Normal) (G1 Evacuation Pause) 739M->132M(1024M) 3.590ms
[2024-01-18T02:51:05.766+0000][7][gc,cpu      ] GC(91) User=0.03s Sys=0.00s Real=0.00s
[2024-01-18T02:51:05.766+0000][7][safepoint   ] Safepoint "G1CollectForAllocation", Time since last: 50004912763 ns, Reaching safepoint: 45250 ns, At safepoint: 3682251 ns, Total: 3727501 ns
[2024-01-18T02:53:07.779+0000][7][safepoint   ] Safepoint "Cleanup", Time since last: 122013112423 ns, Reaching safepoint: 67821 ns, At safepoint: 5905 ns, Total: 73726 ns
[2024-01-18T02:54:02.845+0000][7][gc,start    ] GC(92) Pause Young (Normal) (G1 Evacuation Pause)
[2024-01-18T02:54:02.845+0000][7][gc,task     ] GC(92) Using 8 workers of 8 for evacuation
[2024-01-18T02:54:02.845+0000][7][gc,age      ] GC(92) Desired survivor size 41943040 bytes, new threshold 15 (max threshold 15)
[2024-01-18T02:54:02.848+0000][7][gc,phases   ] GC(92)   Pre Evacuate Collection Set: 0.1ms
[2024-01-18T02:54:02.848+0000][7][gc,phases   ] GC(92)   Merge Heap Roots: 0.1ms
[2024-01-18T02:54:02.848+0000][7][gc,phases   ] GC(92)   Evacuate Collection Set: 2.3ms
[2024-01-18T02:54:02.848+0000][7][gc,phases   ] GC(92)   Post Evacuate Collection Set: 0.8ms
[2024-01-18T02:54:02.848+0000][7][gc,phases   ] GC(92)   Other: 0.1ms
[2024-01-18T02:54:02.848+0000][7][gc,age      ] GC(92) Age table with threshold 15 (max threshold 15)
[2024-01-18T02:54:02.848+0000][7][gc,age      ] GC(92) - age   1:    1499768 bytes,    1499768 total
[2024-01-18T02:54:02.848+0000][7][gc,age      ] GC(92) - age   2:      50592 bytes,    1550360 total
[2024-01-18T02:54:02.848+0000][7][gc,age      ] GC(92) - age   3:       3600 bytes,    1553960 total
[2024-01-18T02:54:02.848+0000][7][gc,age      ] GC(92) - age   4:     258512 bytes,    1812472 total
[2024-01-18T02:54:02.848+0000][7][gc,age      ] GC(92) - age   5:     807184 bytes,    2619656 total
[2024-01-18T02:54:02.848+0000][7][gc,age      ] GC(92) - age   6:     298472 bytes,    2918128 total
[2024-01-18T02:54:02.848+0000][7][gc,age      ] GC(92) - age   7:       2144 bytes,    2920272 total
[2024-01-18T02:54:02.848+0000][7][gc,age      ] GC(92) - age   8:         88 bytes,    2920360 total
[2024-01-18T02:54:02.848+0000][7][gc,age      ] GC(92) - age   9:       2304 bytes,    2922664 total
[2024-01-18T02:54:02.848+0000][7][gc,age      ] GC(92) - age  10:       2448 bytes,    2925112 total
[2024-01-18T02:54:02.848+0000][7][gc,age      ] GC(92) - age  11:      28888 bytes,    2954000 total
[2024-01-18T02:54:02.848+0000][7][gc,age      ] GC(92) - age  12:     115048 bytes,    3069048 total
[2024-01-18T02:54:02.848+0000][7][gc,age      ] GC(92) - age  13:       2488 bytes,    3071536 total
[2024-01-18T02:54:02.848+0000][7][gc,age      ] GC(92) - age  14:     312808 bytes,    3384344 total
[2024-01-18T02:54:02.848+0000][7][gc,age      ] GC(92) - age  15:      49960 bytes,    3434304 total
[2024-01-18T02:54:02.848+0000][7][gc,heap     ] GC(92) Eden regions: 151->0(152)
[2024-01-18T02:54:02.848+0000][7][gc,heap     ] GC(92) Survivor regions: 2->1(20)
[2024-01-18T02:54:02.848+0000][7][gc,heap     ] GC(92) Old regions: 32->32
[2024-01-18T02:54:02.848+0000][7][gc,heap     ] GC(92) Archive regions: 2->2
[2024-01-18T02:54:02.848+0000][7][gc,heap     ] GC(92) Humongous regions: 0->0
[2024-01-18T02:54:02.848+0000][7][gc,metaspace] GC(92) Metaspace: 129968K(133632K)->129968K(133632K) NonClass: 112916K(114816K)->112916K(114816K) Class: 17052K(18816K)->17052K(18816K)
[2024-01-18T02:54:02.848+0000][7][gc          ] GC(92) Pause Young (Normal) (G1 Evacuation Pause) 736M->132M(1024M) 3.611ms
[2024-01-18T02:54:02.848+0000][7][gc,cpu      ] GC(92) User=0.02s Sys=0.00s Real=0.01s
[2024-01-18T02:54:02.849+0000][7][safepoint   ] Safepoint "G1CollectForAllocation", Time since last: 55066072714 ns, Reaching safepoint: 26060 ns, At safepoint: 3702549 ns, Total: 3728609 ns
[2024-01-18T02:55:02.855+0000][7][safepoint   ] Safepoint "Cleanup", Time since last: 60006819914 ns, Reaching safepoint: 68907 ns, At safepoint: 18668 ns, Total: 87575 ns
[2024-01-18T02:55:15.857+0000][7][safepoint   ] Safepoint "Cleanup", Time since last: 13001614289 ns, Reaching safepoint: 70539 ns, At safepoint: 7642 ns, Total: 78181 ns
[2024-01-18T02:57:08.871+0000][7][safepoint   ] Safepoint "Cleanup", Time since last: 113013293459 ns, Reaching safepoint: 91642 ns, At safepoint: 7324 ns, Total: 98966 ns
[2024-01-18T02:57:18.778+0000][7][gc,start    ] GC(93) Pause Young (Normal) (G1 Evacuation Pause)
[2024-01-18T02:57:18.778+0000][7][gc,task     ] GC(93) Using 8 workers of 8 for evacuation
[2024-01-18T02:57:18.778+0000][7][gc,age      ] GC(93) Desired survivor size 41943040 bytes, new threshold 15 (max threshold 15)
[2024-01-18T02:57:18.781+0000][7][gc,phases   ] GC(93)   Pre Evacuate Collection Set: 0.1ms
[2024-01-18T02:57:18.781+0000][7][gc,phases   ] GC(93)   Merge Heap Roots: 0.1ms
[2024-01-18T02:57:18.781+0000][7][gc,phases   ] GC(93)   Evacuate Collection Set: 2.0ms
[2024-01-18T02:57:18.781+0000][7][gc,phases   ] GC(93)   Post Evacuate Collection Set: 0.7ms
[2024-01-18T02:57:18.781+0000][7][gc,phases   ] GC(93)   Other: 0.1ms
[2024-01-18T02:57:18.781+0000][7][gc,age      ] GC(93) Age table with threshold 15 (max threshold 15)
[2024-01-18T02:57:18.781+0000][7][gc,age      ] GC(93) - age   1:    1812584 bytes,    1812584 total
[2024-01-18T02:57:18.781+0000][7][gc,age      ] GC(93) - age   2:       6800 bytes,    1819384 total
[2024-01-18T02:57:18.781+0000][7][gc,age      ] GC(93) - age   3:      47200 bytes,    1866584 total
[2024-01-18T02:57:18.781+0000][7][gc,age      ] GC(93) - age   4:       3600 bytes,    1870184 total
[2024-01-18T02:57:18.781+0000][7][gc,age      ] GC(93) - age   5:     258512 bytes,    2128696 total
[2024-01-18T02:57:18.781+0000][7][gc,age      ] GC(93) - age   6:     807184 bytes,    2935880 total
[2024-01-18T02:57:18.781+0000][7][gc,age      ] GC(93) - age   7:     298176 bytes,    3234056 total
[2024-01-18T02:57:18.781+0000][7][gc,age      ] GC(93) - age   8:       2144 bytes,    3236200 total
[2024-01-18T02:57:18.781+0000][7][gc,age      ] GC(93) - age   9:         88 bytes,    3236288 total
[2024-01-18T02:57:18.781+0000][7][gc,age      ] GC(93) - age  10:       2304 bytes,    3238592 total
[2024-01-18T02:57:18.781+0000][7][gc,age      ] GC(93) - age  11:       2448 bytes,    3241040 total
[2024-01-18T02:57:18.781+0000][7][gc,age      ] GC(93) - age  12:      28888 bytes,    3269928 total
[2024-01-18T02:57:18.781+0000][7][gc,age      ] GC(93) - age  13:     115048 bytes,    3384976 total
[2024-01-18T02:57:18.781+0000][7][gc,age      ] GC(93) - age  14:       2488 bytes,    3387464 total
[2024-01-18T02:57:18.781+0000][7][gc,age      ] GC(93) - age  15:     280504 bytes,    3667968 total
[2024-01-18T02:57:18.781+0000][7][gc,heap     ] GC(93) Eden regions: 152->0(152)
[2024-01-18T02:57:18.781+0000][7][gc,heap     ] GC(93) Survivor regions: 1->1(20)
[2024-01-18T02:57:18.781+0000][7][gc,heap     ] GC(93) Old regions: 32->32
[2024-01-18T02:57:18.781+0000][7][gc,heap     ] GC(93) Archive regions: 2->2
[2024-01-18T02:57:18.781+0000][7][gc,heap     ] GC(93) Humongous regions: 0->0
[2024-01-18T02:57:18.781+0000][7][gc,metaspace] GC(93) Metaspace: 129968K(133632K)->129968K(133632K) NonClass: 112916K(114816K)->112916K(114816K) Class: 17052K(18816K)->17052K(18816K)
[2024-01-18T02:57:18.781+0000][7][gc          ] GC(93) Pause Young (Normal) (G1 Evacuation Pause) 740M->132M(1024M) 3.203ms
[2024-01-18T02:57:18.781+0000][7][gc,cpu      ] GC(93) User=0.01s Sys=0.00s Real=0.01s
[2024-01-18T02:57:18.781+0000][7][safepoint   ] Safepoint "G1CollectForAllocation", Time since last: 9907588006 ns, Reaching safepoint: 39898 ns, At safepoint: 3283459 ns, Total: 3323357 ns
[2024-01-18T02:57:37.784+0000][7][safepoint   ] Safepoint "Cleanup", Time since last: 19002367876 ns, Reaching safepoint: 77206 ns, At safepoint: 7410 ns, Total: 84616 ns
[2024-01-18T02:57:56.786+0000][7][safepoint   ] Safepoint "Cleanup", Time since last: 19001912408 ns, Reaching safepoint: 77760 ns, At safepoint: 5920 ns, Total: 83680 ns
[2024-01-18T02:58:32.790+0000][7][safepoint   ] Safepoint "Cleanup", Time since last: 36003967334 ns, Reaching safepoint: 54584 ns, At safepoint: 7740 ns, Total: 62324 ns
[2024-01-18T02:59:05.793+0000][7][safepoint   ] Safepoint "Cleanup", Time since last: 33003400404 ns, Reaching safepoint: 125932 ns, At safepoint: 5987 ns, Total: 131919 ns
[2024-01-18T02:59:29.775+0000][7][safepoint   ] Safepoint "Cleanup", Time since last: 23981215954 ns, Reaching safepoint: 40811 ns, At safepoint: 3425 ns, Total: 44236 ns
[2024-01-18T02:59:30.775+0000][7][safepoint   ] Safepoint "Cleanup", Time since last: 1000116145 ns, Reaching safepoint: 107907 ns, At safepoint: 20467 ns, Total: 128374 ns
[2024-01-18T02:59:56.800+0000][7][gc,start    ] GC(94) Pause Young (Normal) (G1 Evacuation Pause)
[2024-01-18T02:59:56.800+0000][7][gc,task     ] GC(94) Using 8 workers of 8 for evacuation
[2024-01-18T02:59:56.800+0000][7][gc,age      ] GC(94) Desired survivor size 41943040 bytes, new threshold 15 (max threshold 15)
[2024-01-18T02:59:56.803+0000][7][gc,phases   ] GC(94)   Pre Evacuate Collection Set: 0.1ms
[2024-01-18T02:59:56.803+0000][7][gc,phases   ] GC(94)   Merge Heap Roots: 0.1ms
[2024-01-18T02:59:56.803+0000][7][gc,phases   ] GC(94)   Evacuate Collection Set: 2.0ms
[2024-01-18T02:59:56.803+0000][7][gc,phases   ] GC(94)   Post Evacuate Collection Set: 0.8ms
[2024-01-18T02:59:56.803+0000][7][gc,phases   ] GC(94)   Other: 0.1ms
[2024-01-18T02:59:56.803+0000][7][gc,age      ] GC(94) Age table with threshold 15 (max threshold 15)
[2024-01-18T02:59:56.804+0000][7][gc,age      ] GC(94) - age   1:    1001240 bytes,    1001240 total
[2024-01-18T02:59:56.804+0000][7][gc,age      ] GC(94) - age   2:       3192 bytes,    1004432 total
[2024-01-18T02:59:56.804+0000][7][gc,age      ] GC(94) - age   3:       4944 bytes,    1009376 total
[2024-01-18T02:59:56.804+0000][7][gc,age      ] GC(94) - age   4:      46944 bytes,    1056320 total
[2024-01-18T02:59:56.804+0000][7][gc,age      ] GC(94) - age   5:       3576 bytes,    1059896 total
[2024-01-18T02:59:56.804+0000][7][gc,age      ] GC(94) - age   6:     258328 bytes,    1318224 total
[2024-01-18T02:59:56.804+0000][7][gc,age      ] GC(94) - age   7:     739632 bytes,    2057856 total
[2024-01-18T02:59:56.804+0000][7][gc,age      ] GC(94) - age   8:     298176 bytes,    2356032 total
[2024-01-18T02:59:56.804+0000][7][gc,age      ] GC(94) - age   9:       2144 bytes,    2358176 total
[2024-01-18T02:59:56.804+0000][7][gc,age      ] GC(94) - age  10:         88 bytes,    2358264 total
[2024-01-18T02:59:56.804+0000][7][gc,age      ] GC(94) - age  11:       2304 bytes,    2360568 total
[2024-01-18T02:59:56.804+0000][7][gc,age      ] GC(94) - age  12:       2448 bytes,    2363016 total
[2024-01-18T02:59:56.804+0000][7][gc,age      ] GC(94) - age  13:      28888 bytes,    2391904 total
[2024-01-18T02:59:56.804+0000][7][gc,age      ] GC(94) - age  14:     115048 bytes,    2506952 total
[2024-01-18T02:59:56.804+0000][7][gc,age      ] GC(94) - age  15:       2488 bytes,    2509440 total
[2024-01-18T02:59:56.804+0000][7][gc,heap     ] GC(94) Eden regions: 152->0(152)
[2024-01-18T02:59:56.804+0000][7][gc,heap     ] GC(94) Survivor regions: 1->1(20)
[2024-01-18T02:59:56.804+0000][7][gc,heap     ] GC(94) Old regions: 32->32
[2024-01-18T02:59:56.804+0000][7][gc,heap     ] GC(94) Archive regions: 2->2
[2024-01-18T02:59:56.804+0000][7][gc,heap     ] GC(94) Humongous regions: 0->0
[2024-01-18T02:59:56.804+0000][7][gc,metaspace] GC(94) Metaspace: 129971K(133632K)->129971K(133632K) NonClass: 112919K(114816K)->112919K(114816K) Class: 17052K(18816K)->17052K(18816K)
[2024-01-18T02:59:56.804+0000][7][gc          ] GC(94) Pause Young (Normal) (G1 Evacuation Pause) 740M->132M(1024M) 3.342ms
[2024-01-18T02:59:56.804+0000][7][gc,cpu      ] GC(94) User=0.02s Sys=0.00s Real=0.00s
[2024-01-18T02:59:56.804+0000][7][safepoint   ] Safepoint "G1CollectForAllocation", Time since last: 26025289801 ns, Reaching safepoint: 57182 ns, At safepoint: 3435894 ns, Total: 3493076 ns
[2024-01-18T03:01:44.816+0000][7][safepoint   ] Safepoint "Cleanup", Time since last: 108012115124 ns, Reaching safepoint: 66301 ns, At safepoint: 10717 ns, Total: 77018 ns
[2024-01-18T03:02:26.821+0000][7][safepoint   ] Safepoint "Cleanup", Time since last: 42005334110 ns, Reaching safepoint: 197980 ns, At safepoint: 6924 ns, Total: 204904 ns
[2024-01-18T03:02:35.853+0000][7][gc,start    ] GC(95) Pause Young (Normal) (G1 Evacuation Pause)
[2024-01-18T03:02:35.853+0000][7][gc,task     ] GC(95) Using 8 workers of 8 for evacuation
[2024-01-18T03:02:35.853+0000][7][gc,age      ] GC(95) Desired survivor size 41943040 bytes, new threshold 15 (max threshold 15)
[2024-01-18T03:02:35.856+0000][7][gc,phases   ] GC(95)   Pre Evacuate Collection Set: 0.1ms
[2024-01-18T03:02:35.856+0000][7][gc,phases   ] GC(95)   Merge Heap Roots: 0.1ms
[2024-01-18T03:02:35.856+0000][7][gc,phases   ] GC(95)   Evacuate Collection Set: 2.2ms
[2024-01-18T03:02:35.856+0000][7][gc,phases   ] GC(95)   Post Evacuate Collection Set: 0.9ms
[2024-01-18T03:02:35.857+0000][7][gc,phases   ] GC(95)   Other: 0.1ms
[2024-01-18T03:02:35.857+0000][7][gc,age      ] GC(95) Age table with threshold 15 (max threshold 15)
[2024-01-18T03:02:35.857+0000][7][gc,age      ] GC(95) - age   1:    1112616 bytes,    1112616 total
[2024-01-18T03:02:35.857+0000][7][gc,age      ] GC(95) - age   2:      10528 bytes,    1123144 total
[2024-01-18T03:02:35.857+0000][7][gc,age      ] GC(95) - age   3:        376 bytes,    1123520 total
[2024-01-18T03:02:35.857+0000][7][gc,age      ] GC(95) - age   4:       4944 bytes,    1128464 total
[2024-01-18T03:02:35.857+0000][7][gc,age      ] GC(95) - age   5:      46944 bytes,    1175408 total
[2024-01-18T03:02:35.857+0000][7][gc,age      ] GC(95) - age   6:       3576 bytes,    1178984 total
[2024-01-18T03:02:35.857+0000][7][gc,age      ] GC(95) - age   7:     258032 bytes,    1437016 total
[2024-01-18T03:02:35.857+0000][7][gc,age      ] GC(95) - age   8:     672728 bytes,    2109744 total
[2024-01-18T03:02:35.857+0000][7][gc,age      ] GC(95) - age   9:     290160 bytes,    2399904 total
[2024-01-18T03:02:35.857+0000][7][gc,age      ] GC(95) - age  10:       2144 bytes,    2402048 total
[2024-01-18T03:02:35.857+0000][7][gc,age      ] GC(95) - age  11:         88 bytes,    2402136 total
[2024-01-18T03:02:35.857+0000][7][gc,age      ] GC(95) - age  12:       2304 bytes,    2404440 total
[2024-01-18T03:02:35.857+0000][7][gc,age      ] GC(95) - age  13:       2448 bytes,    2406888 total
[2024-01-18T03:02:35.857+0000][7][gc,age      ] GC(95) - age  14:      28888 bytes,    2435776 total
[2024-01-18T03:02:35.857+0000][7][gc,age      ] GC(95) - age  15:     115048 bytes,    2550824 total
[2024-01-18T03:02:35.857+0000][7][gc,heap     ] GC(95) Eden regions: 152->0(152)
[2024-01-18T03:02:35.857+0000][7][gc,heap     ] GC(95) Survivor regions: 1->1(20)
[2024-01-18T03:02:35.857+0000][7][gc,heap     ] GC(95) Old regions: 32->32
[2024-01-18T03:02:35.857+0000][7][gc,heap     ] GC(95) Archive regions: 2->2
[2024-01-18T03:02:35.857+0000][7][gc,heap     ] GC(95) Humongous regions: 0->0
[2024-01-18T03:02:35.857+0000][7][gc,metaspace] GC(95) Metaspace: 129972K(133632K)->129972K(133632K) NonClass: 112920K(114816K)->112920K(114816K) Class: 17052K(18816K)->17052K(18816K)
[2024-01-18T03:02:35.857+0000][7][gc          ] GC(95) Pause Young (Normal) (G1 Evacuation Pause) 740M->131M(1024M) 3.900ms
[2024-01-18T03:02:35.857+0000][7][gc,cpu      ] GC(95) User=0.02s Sys=0.00s Real=0.00s
[2024-01-18T03:02:35.857+0000][7][safepoint   ] Safepoint "G1CollectForAllocation", Time since last: 9031256331 ns, Reaching safepoint: 63279 ns, At safepoint: 4003463 ns, Total: 4066742 ns
[2024-01-18T03:04:56.872+0000][7][safepoint   ] Safepoint "Cleanup", Time since last: 141014927936 ns, Reaching safepoint: 59739 ns, At safepoint: 4952 ns, Total: 64691 ns
[2024-01-18T03:05:17.779+0000][7][gc,start    ] GC(96) Pause Young (Normal) (G1 Evacuation Pause)
[2024-01-18T03:05:17.779+0000][7][gc,task     ] GC(96) Using 8 workers of 8 for evacuation
[2024-01-18T03:05:17.779+0000][7][gc,age      ] GC(96) Desired survivor size 41943040 bytes, new threshold 15 (max threshold 15)
[2024-01-18T03:05:17.782+0000][7][gc,phases   ] GC(96)   Pre Evacuate Collection Set: 0.1ms
[2024-01-18T03:05:17.782+0000][7][gc,phases   ] GC(96)   Merge Heap Roots: 0.1ms
[2024-01-18T03:05:17.782+0000][7][gc,phases   ] GC(96)   Evacuate Collection Set: 2.0ms
[2024-01-18T03:05:17.782+0000][7][gc,phases   ] GC(96)   Post Evacuate Collection Set: 0.9ms
[2024-01-18T03:05:17.782+0000][7][gc,phases   ] GC(96)   Other: 0.1ms
[2024-01-18T03:05:17.782+0000][7][gc,age      ] GC(96) Age table with threshold 15 (max threshold 15)
[2024-01-18T03:05:17.782+0000][7][gc,age      ] GC(96) - age   1:     377144 bytes,     377144 total
[2024-01-18T03:05:17.782+0000][7][gc,age      ] GC(96) - age   2:       3944 bytes,     381088 total
[2024-01-18T03:05:17.782+0000][7][gc,age      ] GC(96) - age   3:       8912 bytes,     390000 total
[2024-01-18T03:05:17.782+0000][7][gc,age      ] GC(96) - age   4:        184 bytes,     390184 total
[2024-01-18T03:05:17.782+0000][7][gc,age      ] GC(96) - age   5:       1032 bytes,     391216 total
[2024-01-18T03:05:17.782+0000][7][gc,age      ] GC(96) - age   6:      46912 bytes,     438128 total
[2024-01-18T03:05:17.782+0000][7][gc,age      ] GC(96) - age   7:       3392 bytes,     441520 total
[2024-01-18T03:05:17.782+0000][7][gc,age      ] GC(96) - age   8:     258000 bytes,     699520 total
[2024-01-18T03:05:17.782+0000][7][gc,age      ] GC(96) - age   9:     672464 bytes,    1371984 total
[2024-01-18T03:05:17.782+0000][7][gc,age      ] GC(96) - age  10:     290160 bytes,    1662144 total
[2024-01-18T03:05:17.782+0000][7][gc,age      ] GC(96) - age  11:       2144 bytes,    1664288 total
[2024-01-18T03:05:17.782+0000][7][gc,age      ] GC(96) - age  12:         88 bytes,    1664376 total
[2024-01-18T03:05:17.782+0000][7][gc,age      ] GC(96) - age  13:       2304 bytes,    1666680 total
[2024-01-18T03:05:17.782+0000][7][gc,age      ] GC(96) - age  14:       2448 bytes,    1669128 total
[2024-01-18T03:05:17.782+0000][7][gc,age      ] GC(96) - age  15:      28888 bytes,    1698016 total
[2024-01-18T03:05:17.782+0000][7][gc,heap     ] GC(96) Eden regions: 152->0(152)
[2024-01-18T03:05:17.782+0000][7][gc,heap     ] GC(96) Survivor regions: 1->1(20)
[2024-01-18T03:05:17.782+0000][7][gc,heap     ] GC(96) Old regions: 32->32
[2024-01-18T03:05:17.782+0000][7][gc,heap     ] GC(96) Archive regions: 2->2
[2024-01-18T03:05:17.782+0000][7][gc,heap     ] GC(96) Humongous regions: 0->0
[2024-01-18T03:05:17.782+0000][7][gc,metaspace] GC(96) Metaspace: 129972K(133632K)->129972K(133632K) NonClass: 112920K(114816K)->112920K(114816K) Class: 17052K(18816K)->17052K(18816K)
[2024-01-18T03:05:17.782+0000][7][gc          ] GC(96) Pause Young (Normal) (G1 Evacuation Pause) 739M->131M(1024M) 3.647ms
[2024-01-18T03:05:17.782+0000][7][gc,cpu      ] GC(96) User=0.02s Sys=0.00s Real=0.01s
[2024-01-18T03:05:17.782+0000][7][safepoint   ] Safepoint "G1CollectForAllocation", Time since last: 20906647763 ns, Reaching safepoint: 71393 ns, At safepoint: 3752620 ns, Total: 3824013 ns
[2024-01-18T03:05:18.782+0000][7][safepoint   ] Safepoint "Cleanup", Time since last: 1000123394 ns, Reaching safepoint: 98205 ns, At safepoint: 18145 ns, Total: 116350 ns
[2024-01-18T03:06:26.790+0000][7][safepoint   ] Safepoint "Cleanup", Time since last: 68007465638 ns, Reaching safepoint: 124529 ns, At safepoint: 7900 ns, Total: 132429 ns
[2024-01-18T03:06:45.792+0000][7][safepoint   ] Safepoint "Cleanup", Time since last: 19002193202 ns, Reaching safepoint: 67396 ns, At safepoint: 9785 ns, Total: 77181 ns
[2024-01-18T03:08:14.802+0000][7][gc,start    ] GC(97) Pause Young (Normal) (G1 Evacuation Pause)
[2024-01-18T03:08:14.802+0000][7][gc,task     ] GC(97) Using 8 workers of 8 for evacuation
[2024-01-18T03:08:14.802+0000][7][gc,age      ] GC(97) Desired survivor size 41943040 bytes, new threshold 15 (max threshold 15)
[2024-01-18T03:08:14.805+0000][7][gc,phases   ] GC(97)   Pre Evacuate Collection Set: 0.1ms
[2024-01-18T03:08:14.805+0000][7][gc,phases   ] GC(97)   Merge Heap Roots: 0.1ms
[2024-01-18T03:08:14.805+0000][7][gc,phases   ] GC(97)   Evacuate Collection Set: 2.3ms
[2024-01-18T03:08:14.805+0000][7][gc,phases   ] GC(97)   Post Evacuate Collection Set: 0.7ms
[2024-01-18T03:08:14.805+0000][7][gc,phases   ] GC(97)   Other: 0.1ms
[2024-01-18T03:08:14.805+0000][7][gc,age      ] GC(97) Age table with threshold 15 (max threshold 15)
[2024-01-18T03:08:14.805+0000][7][gc,age      ] GC(97) - age   1:    1641128 bytes,    1641128 total
[2024-01-18T03:08:14.805+0000][7][gc,age      ] GC(97) - age   2:       6584 bytes,    1647712 total
[2024-01-18T03:08:14.805+0000][7][gc,age      ] GC(97) - age   3:       1632 bytes,    1649344 total
[2024-01-18T03:08:14.805+0000][7][gc,age      ] GC(97) - age   4:       8848 bytes,    1658192 total
[2024-01-18T03:08:14.805+0000][7][gc,age      ] GC(97) - age   6:       1032 bytes,    1659224 total
[2024-01-18T03:08:14.805+0000][7][gc,age      ] GC(97) - age   7:      46912 bytes,    1706136 total
[2024-01-18T03:08:14.805+0000][7][gc,age      ] GC(97) - age   8:       3392 bytes,    1709528 total
[2024-01-18T03:08:14.805+0000][7][gc,age      ] GC(97) - age   9:     258000 bytes,    1967528 total
[2024-01-18T03:08:14.805+0000][7][gc,age      ] GC(97) - age  10:     672464 bytes,    2639992 total
[2024-01-18T03:08:14.805+0000][7][gc,age      ] GC(97) - age  11:     290160 bytes,    2930152 total
[2024-01-18T03:08:14.805+0000][7][gc,age      ] GC(97) - age  12:       2144 bytes,    2932296 total
[2024-01-18T03:08:14.805+0000][7][gc,age      ] GC(97) - age  13:         88 bytes,    2932384 total
[2024-01-18T03:08:14.805+0000][7][gc,age      ] GC(97) - age  14:       2304 bytes,    2934688 total
[2024-01-18T03:08:14.805+0000][7][gc,age      ] GC(97) - age  15:       2448 bytes,    2937136 total
[2024-01-18T03:08:14.805+0000][7][gc,heap     ] GC(97) Eden regions: 152->0(152)
[2024-01-18T03:08:14.805+0000][7][gc,heap     ] GC(97) Survivor regions: 1->1(20)
[2024-01-18T03:08:14.805+0000][7][gc,heap     ] GC(97) Old regions: 32->32
[2024-01-18T03:08:14.805+0000][7][gc,heap     ] GC(97) Archive regions: 2->2
[2024-01-18T03:08:14.805+0000][7][gc,heap     ] GC(97) Humongous regions: 0->0
[2024-01-18T03:08:14.805+0000][7][gc,metaspace] GC(97) Metaspace: 129978K(133632K)->129978K(133632K) NonClass: 112926K(114816K)->112926K(114816K) Class: 17052K(18816K)->17052K(18816K)
[2024-01-18T03:08:14.805+0000][7][gc          ] GC(97) Pause Young (Normal) (G1 Evacuation Pause) 739M->132M(1024M) 3.699ms
[2024-01-18T03:08:14.805+0000][7][gc,cpu      ] GC(97) User=0.02s Sys=0.00s Real=0.00s
[2024-01-18T03:08:14.805+0000][7][safepoint   ] Safepoint "G1CollectForAllocation", Time since last: 89009157291 ns, Reaching safepoint: 46242 ns, At safepoint: 3792525 ns, Total: 3838767 ns
[2024-01-18T03:08:26.807+0000][7][safepoint   ] Safepoint "Cleanup", Time since last: 12001206696 ns, Reaching safepoint: 134094 ns, At safepoint: 6497 ns, Total: 140591 ns
[2024-01-18T03:08:27.807+0000][7][safepoint   ] Safepoint "Cleanup", Time since last: 1000121578 ns, Reaching safepoint: 87265 ns, At safepoint: 5115 ns, Total: 92380 ns
[2024-01-18T03:10:26.820+0000][7][safepoint   ] Safepoint "Cleanup", Time since last: 119012630359 ns, Reaching safepoint: 120616 ns, At safepoint: 29301 ns, Total: 149917 ns
[2024-01-18T03:10:45.822+0000][7][safepoint   ] Safepoint "Cleanup", Time since last: 19002117511 ns, Reaching safepoint: 85492 ns, At safepoint: 6175 ns, Total: 91667 ns
[2024-01-18T03:11:32.854+0000][7][gc,start    ] GC(98) Pause Young (Normal) (G1 Evacuation Pause)
[2024-01-18T03:11:32.854+0000][7][gc,task     ] GC(98) Using 8 workers of 8 for evacuation
[2024-01-18T03:11:32.854+0000][7][gc,age      ] GC(98) Desired survivor size 41943040 bytes, new threshold 15 (max threshold 15)
[2024-01-18T03:11:32.857+0000][7][gc,phases   ] GC(98)   Pre Evacuate Collection Set: 0.1ms
[2024-01-18T03:11:32.857+0000][7][gc,phases   ] GC(98)   Merge Heap Roots: 0.1ms
[2024-01-18T03:11:32.857+0000][7][gc,phases   ] GC(98)   Evacuate Collection Set: 2.2ms
[2024-01-18T03:11:32.857+0000][7][gc,phases   ] GC(98)   Post Evacuate Collection Set: 0.7ms
[2024-01-18T03:11:32.857+0000][7][gc,phases   ] GC(98)   Other: 0.1ms
[2024-01-18T03:11:32.857+0000][7][gc,age      ] GC(98) Age table with threshold 15 (max threshold 15)
[2024-01-18T03:11:32.857+0000][7][gc,age      ] GC(98) - age   1:    1758888 bytes,    1758888 total
[2024-01-18T03:11:32.857+0000][7][gc,age      ] GC(98) - age   2:       3176 bytes,    1762064 total
[2024-01-18T03:11:32.857+0000][7][gc,age      ] GC(98) - age   3:       4376 bytes,    1766440 total
[2024-01-18T03:11:32.857+0000][7][gc,age      ] GC(98) - age   4:       1192 bytes,    1767632 total
[2024-01-18T03:11:32.857+0000][7][gc,age      ] GC(98) - age   5:       8592 bytes,    1776224 total
[2024-01-18T03:11:32.857+0000][7][gc,age      ] GC(98) - age   7:       1032 bytes,    1777256 total
[2024-01-18T03:11:32.857+0000][7][gc,age      ] GC(98) - age   8:      46912 bytes,    1824168 total
[2024-01-18T03:11:32.857+0000][7][gc,age      ] GC(98) - age   9:       3392 bytes,    1827560 total
[2024-01-18T03:11:32.857+0000][7][gc,age      ] GC(98) - age  10:     258000 bytes,    2085560 total
[2024-01-18T03:11:32.857+0000][7][gc,age      ] GC(98) - age  11:     672464 bytes,    2758024 total
[2024-01-18T03:11:32.857+0000][7][gc,age      ] GC(98) - age  12:     290160 bytes,    3048184 total
[2024-01-18T03:11:32.857+0000][7][gc,age      ] GC(98) - age  13:       2144 bytes,    3050328 total
[2024-01-18T03:11:32.857+0000][7][gc,age      ] GC(98) - age  14:         88 bytes,    3050416 total
[2024-01-18T03:11:32.857+0000][7][gc,age      ] GC(98) - age  15:       2304 bytes,    3052720 total
[2024-01-18T03:11:32.857+0000][7][gc,heap     ] GC(98) Eden regions: 152->0(152)
[2024-01-18T03:11:32.857+0000][7][gc,heap     ] GC(98) Survivor regions: 1->1(20)
[2024-01-18T03:11:32.857+0000][7][gc,heap     ] GC(98) Old regions: 32->32
[2024-01-18T03:11:32.857+0000][7][gc,heap     ] GC(98) Archive regions: 2->2
[2024-01-18T03:11:32.857+0000][7][gc,heap     ] GC(98) Humongous regions: 0->0
[2024-01-18T03:11:32.857+0000][7][gc,metaspace] GC(98) Metaspace: 129984K(133632K)->129984K(133632K) NonClass: 112932K(114816K)->112932K(114816K) Class: 17052K(18816K)->17052K(18816K)
[2024-01-18T03:11:32.857+0000][7][gc          ] GC(98) Pause Young (Normal) (G1 Evacuation Pause) 740M->132M(1024M) 3.522ms
[2024-01-18T03:11:32.858+0000][7][gc,cpu      ] GC(98) User=0.02s Sys=0.00s Real=0.00s
[2024-01-18T03:11:32.858+0000][7][safepoint   ] Safepoint "G1CollectForAllocation", Time since last: 47031963773 ns, Reaching safepoint: 58258 ns, At safepoint: 3611425 ns, Total: 3669683 ns
[2024-01-18T03:11:45.859+0000][7][safepoint   ] Safepoint "Cleanup", Time since last: 13001259760 ns, Reaching safepoint: 65126 ns, At safepoint: 6432 ns, Total: 71558 ns
[2024-01-18T03:12:21.863+0000][7][safepoint   ] Safepoint "Cleanup", Time since last: 36004426137 ns, Reaching safepoint: 110785 ns, At safepoint: 21597 ns, Total: 132382 ns
[2024-01-18T03:12:26.864+0000][7][safepoint   ] Safepoint "Cleanup", Time since last: 5000789720 ns, Reaching safepoint: 57456 ns, At safepoint: 7198 ns, Total: 64654 ns
[2024-01-18T03:13:07.869+0000][7][safepoint   ] Safepoint "Cleanup", Time since last: 41004554850 ns, Reaching safepoint: 57324 ns, At safepoint: 4897 ns, Total: 62221 ns
[2024-01-18T03:13:26.871+0000][7][safepoint   ] Safepoint "Cleanup", Time since last: 19002538389 ns, Reaching safepoint: 56631 ns, At safepoint: 5789 ns, Total: 62420 ns
[2024-01-18T03:13:33.872+0000][7][safepoint   ] Safepoint "Cleanup", Time since last: 7000750465 ns, Reaching safepoint: 95512 ns, At safepoint: 9475 ns, Total: 104987 ns
[2024-01-18T03:13:59.875+0000][7][safepoint   ] Safepoint "Cleanup", Time since last: 26002970879 ns, Reaching safepoint: 108268 ns, At safepoint: 6059 ns, Total: 114327 ns
[2024-01-18T03:14:25.878+0000][7][safepoint   ] Safepoint "Cleanup", Time since last: 26002731498 ns, Reaching safepoint: 87937 ns, At safepoint: 18145 ns, Total: 106082 ns
[2024-01-18T03:14:39.089+0000][7][gc,start    ] GC(99) Pause Young (Normal) (G1 Evacuation Pause)
[2024-01-18T03:14:39.089+0000][7][gc,task     ] GC(99) Using 8 workers of 8 for evacuation
[2024-01-18T03:14:39.089+0000][7][gc,age      ] GC(99) Desired survivor size 41943040 bytes, new threshold 15 (max threshold 15)
[2024-01-18T03:14:39.092+0000][7][gc,phases   ] GC(99)   Pre Evacuate Collection Set: 0.1ms
[2024-01-18T03:14:39.092+0000][7][gc,phases   ] GC(99)   Merge Heap Roots: 0.1ms
[2024-01-18T03:14:39.092+0000][7][gc,phases   ] GC(99)   Evacuate Collection Set: 1.5ms
[2024-01-18T03:14:39.092+0000][7][gc,phases   ] GC(99)   Post Evacuate Collection Set: 0.6ms
[2024-01-18T03:14:39.092+0000][7][gc,phases   ] GC(99)   Other: 0.1ms
[2024-01-18T03:14:39.092+0000][7][gc,age      ] GC(99) Age table with threshold 15 (max threshold 15)
[2024-01-18T03:14:39.092+0000][7][gc,age      ] GC(99) - age   1:    1530552 bytes,    1530552 total
[2024-01-18T03:14:39.092+0000][7][gc,age      ] GC(99) - age   2:       2840 bytes,    1533392 total
[2024-01-18T03:14:39.092+0000][7][gc,age      ] GC(99) - age   3:        680 bytes,    1534072 total
[2024-01-18T03:14:39.092+0000][7][gc,age      ] GC(99) - age   4:        520 bytes,    1534592 total
[2024-01-18T03:14:39.092+0000][7][gc,age      ] GC(99) - age   5:        896 bytes,    1535488 total
[2024-01-18T03:14:39.092+0000][7][gc,age      ] GC(99) - age   8:       1000 bytes,    1536488 total
[2024-01-18T03:14:39.092+0000][7][gc,age      ] GC(99) - age   9:      46912 bytes,    1583400 total
[2024-01-18T03:14:39.092+0000][7][gc,age      ] GC(99) - age  10:       3392 bytes,    1586792 total
[2024-01-18T03:14:39.092+0000][7][gc,age      ] GC(99) - age  11:     258000 bytes,    1844792 total
[2024-01-18T03:14:39.092+0000][7][gc,age      ] GC(99) - age  12:     672464 bytes,    2517256 total
[2024-01-18T03:14:39.092+0000][7][gc,age      ] GC(99) - age  13:     290160 bytes,    2807416 total
[2024-01-18T03:14:39.092+0000][7][gc,age      ] GC(99) - age  14:       2144 bytes,    2809560 total
[2024-01-18T03:14:39.092+0000][7][gc,age      ] GC(99) - age  15:         88 bytes,    2809648 total
[2024-01-18T03:14:39.092+0000][7][gc,heap     ] GC(99) Eden regions: 152->0(152)
[2024-01-18T03:14:39.092+0000][7][gc,heap     ] GC(99) Survivor regions: 1->1(20)
[2024-01-18T03:14:39.092+0000][7][gc,heap     ] GC(99) Old regions: 32->32
[2024-01-18T03:14:39.092+0000][7][gc,heap     ] GC(99) Archive regions: 2->2
[2024-01-18T03:14:39.092+0000][7][gc,heap     ] GC(99) Humongous regions: 0->0
[2024-01-18T03:14:39.092+0000][7][gc,metaspace] GC(99) Metaspace: 129992K(133696K)->129992K(133696K) NonClass: 112940K(114880K)->112940K(114880K) Class: 17052K(18816K)->17052K(18816K)
[2024-01-18T03:14:39.092+0000][7][gc          ] GC(99) Pause Young (Normal) (G1 Evacuation Pause) 740M->132M(1024M) 2.567ms
[2024-01-18T03:14:39.092+0000][7][gc,cpu      ] GC(99) User=0.01s Sys=0.00s Real=0.00s
[2024-01-18T03:14:39.092+0000][7][safepoint   ] Safepoint "G1CollectForAllocation", Time since last: 13210976271 ns, Reaching safepoint: 30137 ns, At safepoint: 2638268 ns, Total: 2668405 ns
[2024-01-18T03:14:51.093+0000][7][safepoint   ] Safepoint "Cleanup", Time since last: 12000839082 ns, Reaching safepoint: 59108 ns, At safepoint: 5386 ns, Total: 64494 ns
[2024-01-18T03:15:26.097+0000][7][safepoint   ] Safepoint "Cleanup", Time since last: 35003806523 ns, Reaching safepoint: 80761 ns, At safepoint: 10106 ns, Total: 90867 ns
[2024-01-18T03:15:45.099+0000][7][safepoint   ] Safepoint "Cleanup", Time since last: 19002089650 ns, Reaching safepoint: 73219 ns, At safepoint: 11109 ns, Total: 84328 ns
[2024-01-18T03:16:22.103+0000][7][safepoint   ] Safepoint "Cleanup", Time since last: 37003807057 ns, Reaching safepoint: 70075 ns, At safepoint: 9563 ns, Total: 79638 ns
[2024-01-18T03:16:46.105+0000][7][safepoint   ] Safepoint "Cleanup", Time since last: 24002526943 ns, Reaching safepoint: 115933 ns, At safepoint: 8927 ns, Total: 124860 ns
[2024-01-18T03:17:59.815+0000][7][gc,start    ] GC(100) Pause Young (Normal) (G1 Evacuation Pause)
[2024-01-18T03:17:59.815+0000][7][gc,task     ] GC(100) Using 8 workers of 8 for evacuation
[2024-01-18T03:17:59.815+0000][7][gc,age      ] GC(100) Desired survivor size 41943040 bytes, new threshold 15 (max threshold 15)
[2024-01-18T03:17:59.820+0000][7][gc,phases   ] GC(100)   Pre Evacuate Collection Set: 0.1ms
[2024-01-18T03:17:59.820+0000][7][gc,phases   ] GC(100)   Merge Heap Roots: 0.1ms
[2024-01-18T03:17:59.820+0000][7][gc,phases   ] GC(100)   Evacuate Collection Set: 3.2ms
[2024-01-18T03:17:59.820+0000][7][gc,phases   ] GC(100)   Post Evacuate Collection Set: 1.0ms
[2024-01-18T03:17:59.820+0000][7][gc,phases   ] GC(100)   Other: 0.1ms
[2024-01-18T03:17:59.820+0000][7][gc,age      ] GC(100) Age table with threshold 15 (max threshold 15)
[2024-01-18T03:17:59.820+0000][7][gc,age      ] GC(100) - age   1:    1439968 bytes,    1439968 total
[2024-01-18T03:17:59.820+0000][7][gc,age      ] GC(100) - age   2:     312760 bytes,    1752728 total
[2024-01-18T03:17:59.820+0000][7][gc,age      ] GC(100) - age   3:        408 bytes,    1753136 total
[2024-01-18T03:17:59.820+0000][7][gc,age      ] GC(100) - age   4:        552 bytes,    1753688 total
[2024-01-18T03:17:59.820+0000][7][gc,age      ] GC(100) - age   5:        520 bytes,    1754208 total
[2024-01-18T03:17:59.820+0000][7][gc,age      ] GC(100) - age   6:        896 bytes,    1755104 total
[2024-01-18T03:17:59.820+0000][7][gc,age      ] GC(100) - age   9:       1000 bytes,    1756104 total
[2024-01-18T03:17:59.820+0000][7][gc,age      ] GC(100) - age  10:      46912 bytes,    1803016 total
[2024-01-18T03:17:59.820+0000][7][gc,age      ] GC(100) - age  11:       3392 bytes,    1806408 total
[2024-01-18T03:17:59.820+0000][7][gc,age      ] GC(100) - age  12:     258000 bytes,    2064408 total
[2024-01-18T03:17:59.820+0000][7][gc,age      ] GC(100) - age  13:     672464 bytes,    2736872 total
[2024-01-18T03:17:59.820+0000][7][gc,age      ] GC(100) - age  14:     290160 bytes,    3027032 total
[2024-01-18T03:17:59.820+0000][7][gc,age      ] GC(100) - age  15:       2144 bytes,    3029176 total
[2024-01-18T03:17:59.820+0000][7][gc,heap     ] GC(100) Eden regions: 152->0(152)
[2024-01-18T03:17:59.820+0000][7][gc,heap     ] GC(100) Survivor regions: 1->1(20)
[2024-01-18T03:17:59.820+0000][7][gc,heap     ] GC(100) Old regions: 32->32
[2024-01-18T03:17:59.820+0000][7][gc,heap     ] GC(100) Archive regions: 2->2
[2024-01-18T03:17:59.820+0000][7][gc,heap     ] GC(100) Humongous regions: 0->0
[2024-01-18T03:17:59.820+0000][7][gc,metaspace] GC(100) Metaspace: 130007K(133696K)->130007K(133696K) NonClass: 112955K(114880K)->112955K(114880K) Class: 17052K(18816K)->17052K(18816K)
[2024-01-18T03:17:59.820+0000][7][gc          ] GC(100) Pause Young (Normal) (G1 Evacuation Pause) 740M->132M(1024M) 5.038ms
[2024-01-18T03:17:59.820+0000][7][gc,cpu      ] GC(100) User=0.02s Sys=0.00s Real=0.01s
[2024-01-18T03:17:59.820+0000][7][safepoint   ] Safepoint "G1CollectForAllocation", Time since last: 73709398127 ns, Reaching safepoint: 74517 ns, At safepoint: 5158629 ns, Total: 5233146 ns
[2024-01-18T03:18:09.821+0000][7][safepoint   ] Safepoint "Cleanup", Time since last: 10001001752 ns, Reaching safepoint: 81131 ns, At safepoint: 7661 ns, Total: 88792 ns
[2024-01-18T03:18:26.823+0000][7][safepoint   ] Safepoint "Cleanup", Time since last: 17001546237 ns, Reaching safepoint: 54432 ns, At safepoint: 5104 ns, Total: 59536 ns
[2024-01-18T14:14:18.136+0000][7][safepoint   ] Safepoint "Cleanup", Time since last: 34288297828 ns, Reaching safepoint: 40243 ns, At safepoint: 2978 ns, Total: 43221 ns
[2024-01-18T14:14:21.137+0000][7][safepoint   ] Safepoint "Cleanup", Time since last: 3000294307 ns, Reaching safepoint: 155710 ns, At safepoint: 4193 ns, Total: 159903 ns
[2024-01-18T14:14:23.137+0000][7][safepoint   ] Safepoint "Cleanup", Time since last: 2000189383 ns, Reaching safepoint: 60940 ns, At safepoint: 4324 ns, Total: 65264 ns
[2024-01-18T14:14:25.137+0000][7][safepoint   ] Safepoint "Cleanup", Time since last: 2000188981 ns, Reaching safepoint: 49546 ns, At safepoint: 11793 ns, Total: 61339 ns
[2024-01-18T14:14:43.138+0000][7][safepoint   ] Safepoint "Cleanup", Time since last: 18001253543 ns, Reaching safepoint: 45312 ns, At safepoint: 3669 ns, Total: 48981 ns
[2024-01-18T14:14:51.139+0000][7][safepoint   ] Safepoint "Cleanup", Time since last: 8000598603 ns, Reaching safepoint: 36574 ns, At safepoint: 3259 ns, Total: 39833 ns
[2024-01-18T14:14:54.139+0000][7][safepoint   ] Safepoint "Cleanup", Time since last: 3000236642 ns, Reaching safepoint: 41315 ns, At safepoint: 3672 ns, Total: 44987 ns
[2024-01-18T14:15:13.141+0000][7][safepoint   ] Safepoint "Cleanup", Time since last: 19001552142 ns, Reaching safepoint: 50876 ns, At safepoint: 3441 ns, Total: 54317 ns
[2024-01-18T14:15:36.143+0000][7][safepoint   ] Safepoint "Cleanup", Time since last: 23001949124 ns, Reaching safepoint: 39804 ns, At safepoint: 4460 ns, Total: 44264 ns
[2024-01-18T14:15:43.144+0000][7][safepoint   ] Safepoint "Cleanup", Time since last: 7000546544 ns, Reaching safepoint: 70799 ns, At safepoint: 3863 ns, Total: 74662 ns
[2024-01-18T23:20:52.238+0000][7][gc,start    ] GC(101) Pause Young (Normal) (G1 Evacuation Pause)
[2024-01-18T23:20:52.238+0000][7][gc,task     ] GC(101) Using 8 workers of 8 for evacuation
[2024-01-18T23:20:52.238+0000][7][gc,age      ] GC(101) Desired survivor size 41943040 bytes, new threshold 15 (max threshold 15)
[2024-01-18T23:20:52.244+0000][7][gc,phases   ] GC(101)   Pre Evacuate Collection Set: 0.1ms
[2024-01-18T23:20:52.244+0000][7][gc,phases   ] GC(101)   Merge Heap Roots: 0.1ms
[2024-01-18T23:20:52.244+0000][7][gc,phases   ] GC(101)   Evacuate Collection Set: 4.2ms
[2024-01-18T23:20:52.244+0000][7][gc,phases   ] GC(101)   Post Evacuate Collection Set: 0.9ms
[2024-01-18T23:20:52.244+0000][7][gc,phases   ] GC(101)   Other: 0.1ms
[2024-01-18T23:20:52.244+0000][7][gc,age      ] GC(101) Age table with threshold 15 (max threshold 15)
[2024-01-18T23:20:52.244+0000][7][gc,age      ] GC(101) - age   1:    2775800 bytes,    2775800 total
[2024-01-18T23:20:52.244+0000][7][gc,age      ] GC(101) - age   2:       2008 bytes,    2777808 total
[2024-01-18T23:20:52.244+0000][7][gc,age      ] GC(101) - age   3:     233424 bytes,    3011232 total
[2024-01-18T23:20:52.244+0000][7][gc,age      ] GC(101) - age   4:        160 bytes,    3011392 total
[2024-01-18T23:20:52.244+0000][7][gc,age      ] GC(101) - age   5:        552 bytes,    3011944 total
[2024-01-18T23:20:52.244+0000][7][gc,age      ] GC(101) - age   6:        488 bytes,    3012432 total
[2024-01-18T23:20:52.244+0000][7][gc,age      ] GC(101) - age   7:        488 bytes,    3012920 total
[2024-01-18T23:20:52.244+0000][7][gc,age      ] GC(101) - age  10:       1000 bytes,    3013920 total
[2024-01-18T23:20:52.244+0000][7][gc,age      ] GC(101) - age  11:      46768 bytes,    3060688 total
[2024-01-18T23:20:52.244+0000][7][gc,age      ] GC(101) - age  12:       3328 bytes,    3064016 total
[2024-01-18T23:20:52.244+0000][7][gc,age      ] GC(101) - age  13:     257008 bytes,    3321024 total
[2024-01-18T23:20:52.244+0000][7][gc,age      ] GC(101) - age  14:     672400 bytes,    3993424 total
[2024-01-18T23:20:52.244+0000][7][gc,age      ] GC(101) - age  15:     290160 bytes,    4283584 total
[2024-01-18T23:20:52.244+0000][7][gc,heap     ] GC(101) Eden regions: 152->0(151)
[2024-01-18T23:20:52.244+0000][7][gc,heap     ] GC(101) Survivor regions: 1->2(20)
[2024-01-18T23:20:52.244+0000][7][gc,heap     ] GC(101) Old regions: 32->32
[2024-01-18T23:20:52.244+0000][7][gc,heap     ] GC(101) Archive regions: 2->2
[2024-01-18T23:20:52.244+0000][7][gc,heap     ] GC(101) Humongous regions: 0->0
[2024-01-18T23:20:52.244+0000][7][gc,metaspace] GC(101) Metaspace: 130041K(133696K)->130041K(133696K) NonClass: 112989K(114880K)->112989K(114880K) Class: 17052K(18816K)->17052K(18816K)
[2024-01-18T23:20:52.244+0000][7][gc          ] GC(101) Pause Young (Normal) (G1 Evacuation Pause) 740M->133M(1024M) 5.643ms
[2024-01-18T23:20:52.244+0000][7][gc,cpu      ] GC(101) User=0.01s Sys=0.00s Real=0.01s
[2024-01-18T23:20:52.244+0000][7][safepoint   ] Safepoint "G1CollectForAllocation", Time since last: 28417372949 ns, Reaching safepoint: 101321 ns, At safepoint: 5721255 ns, Total: 5822576 ns
[2024-01-18T23:20:55.244+0000][7][safepoint   ] Safepoint "Cleanup", Time since last: 3000263287 ns, Reaching safepoint: 38187 ns, At safepoint: 5101 ns, Total: 43288 ns
[2024-01-18T23:20:56.244+0000][7][safepoint   ] Safepoint "Cleanup", Time since last: 1000198691 ns, Reaching safepoint: 59492 ns, At safepoint: 6010 ns, Total: 65502 ns
[2024-01-18T23:21:04.245+0000][7][safepoint   ] Safepoint "Cleanup", Time since last: 8000639955 ns, Reaching safepoint: 43317 ns, At safepoint: 3456 ns, Total: 46773 ns
[2024-01-18T23:21:11.246+0000][7][safepoint   ] Safepoint "Cleanup", Time since last: 7000651470 ns, Reaching safepoint: 50568 ns, At safepoint: 3145 ns, Total: 53713 ns
[2024-01-18T23:21:22.247+0000][7][safepoint   ] Safepoint "Cleanup", Time since last: 11000958415 ns, Reaching safepoint: 74918 ns, At safepoint: 6335 ns, Total: 81253 ns
[2024-01-18T23:21:40.248+0000][7][safepoint   ] Safepoint "Cleanup", Time since last: 18001424006 ns, Reaching safepoint: 40309 ns, At safepoint: 3400 ns, Total: 43709 ns
[2024-01-18T23:21:42.249+0000][7][safepoint   ] Safepoint "Cleanup", Time since last: 2000200578 ns, Reaching safepoint: 68433 ns, At safepoint: 24352 ns, Total: 92785 ns
[2024-01-18T23:22:05.251+0000][7][safepoint   ] Safepoint "Cleanup", Time since last: 23002399543 ns, Reaching safepoint: 66478 ns, At safepoint: 4184 ns, Total: 70662 ns
[2024-01-18T23:22:24.253+0000][7][safepoint   ] Safepoint "Cleanup", Time since last: 19002190658 ns, Reaching safepoint: 57835 ns, At safepoint: 4255 ns, Total: 62090 ns
[2024-01-18T23:23:05.258+0000][7][safepoint   ] Safepoint "Cleanup", Time since last: 41004922429 ns, Reaching safepoint: 74025 ns, At safepoint: 15739 ns, Total: 89764 ns
[2024-01-18T23:23:10.259+0000][7][safepoint   ] Safepoint "Cleanup", Time since last: 5000616305 ns, Reaching safepoint: 40442 ns, At safepoint: 4919 ns, Total: 45361 ns
[2024-01-18T23:23:16.260+0000][7][safepoint   ] Safepoint "Cleanup", Time since last: 6001053666 ns, Reaching safepoint: 81773 ns, At safepoint: 11657 ns, Total: 93430 ns
[2024-01-18T23:23:24.262+0000][7][safepoint   ] Safepoint "Cleanup", Time since last: 8001496881 ns, Reaching safepoint: 92119 ns, At safepoint: 8387 ns, Total: 100506 ns
[2024-01-18T23:24:04.196+0000][7][gc,start    ] GC(102) Pause Young (Normal) (G1 Evacuation Pause)
[2024-01-18T23:24:04.196+0000][7][gc,task     ] GC(102) Using 8 workers of 8 for evacuation
[2024-01-18T23:24:04.196+0000][7][gc,age      ] GC(102) Desired survivor size 41943040 bytes, new threshold 15 (max threshold 15)
[2024-01-18T23:24:04.199+0000][7][gc,phases   ] GC(102)   Pre Evacuate Collection Set: 0.1ms
[2024-01-18T23:24:04.199+0000][7][gc,phases   ] GC(102)   Merge Heap Roots: 0.1ms
[2024-01-18T23:24:04.199+0000][7][gc,phases   ] GC(102)   Evacuate Collection Set: 2.0ms
[2024-01-18T23:24:04.199+0000][7][gc,phases   ] GC(102)   Post Evacuate Collection Set: 0.8ms
[2024-01-18T23:24:04.199+0000][7][gc,phases   ] GC(102)   Other: 0.1ms
[2024-01-18T23:24:04.199+0000][7][gc,age      ] GC(102) Age table with threshold 15 (max threshold 15)
[2024-01-18T23:24:04.199+0000][7][gc,age      ] GC(102) - age   1:     972864 bytes,     972864 total
[2024-01-18T23:24:04.199+0000][7][gc,age      ] GC(102) - age   2:     598384 bytes,    1571248 total
[2024-01-18T23:24:04.199+0000][7][gc,age      ] GC(102) - age   3:        600 bytes,    1571848 total
[2024-01-18T23:24:04.199+0000][7][gc,age      ] GC(102) - age   4:     229512 bytes,    1801360 total
[2024-01-18T23:24:04.199+0000][7][gc,age      ] GC(102) - age   5:        160 bytes,    1801520 total
[2024-01-18T23:24:04.199+0000][7][gc,age      ] GC(102) - age   6:        552 bytes,    1802072 total
[2024-01-18T23:24:04.199+0000][7][gc,age      ] GC(102) - age   7:        488 bytes,    1802560 total
[2024-01-18T23:24:04.199+0000][7][gc,age      ] GC(102) - age   8:        488 bytes,    1803048 total
[2024-01-18T23:24:04.199+0000][7][gc,age      ] GC(102) - age  11:        816 bytes,    1803864 total
[2024-01-18T23:24:04.199+0000][7][gc,age      ] GC(102) - age  12:      46736 bytes,    1850600 total
[2024-01-18T23:24:04.199+0000][7][gc,age      ] GC(102) - age  13:       3264 bytes,    1853864 total
[2024-01-18T23:24:04.199+0000][7][gc,age      ] GC(102) - age  14:     257008 bytes,    2110872 total
[2024-01-18T23:24:04.199+0000][7][gc,age      ] GC(102) - age  15:     672400 bytes,    2783272 total
[2024-01-18T23:24:04.199+0000][7][gc,heap     ] GC(102) Eden regions: 151->0(152)
[2024-01-18T23:24:04.199+0000][7][gc,heap     ] GC(102) Survivor regions: 2->1(20)
[2024-01-18T23:24:04.199+0000][7][gc,heap     ] GC(102) Old regions: 32->32
[2024-01-18T23:24:04.199+0000][7][gc,heap     ] GC(102) Archive regions: 2->2
[2024-01-18T23:24:04.199+0000][7][gc,heap     ] GC(102) Humongous regions: 0->0
[2024-01-18T23:24:04.199+0000][7][gc,metaspace] GC(102) Metaspace: 130045K(133696K)->130045K(133696K) NonClass: 112993K(114880K)->112993K(114880K) Class: 17052K(18816K)->17052K(18816K)
[2024-01-18T23:24:04.199+0000][7][gc          ] GC(102) Pause Young (Normal) (G1 Evacuation Pause) 737M->132M(1024M) 3.423ms
[2024-01-18T23:24:04.199+0000][7][gc,cpu      ] GC(102) User=0.01s Sys=0.01s Real=0.00s
[2024-01-18T23:24:04.199+0000][7][safepoint   ] Safepoint "G1CollectForAllocation", Time since last: 39933962289 ns, Reaching safepoint: 78083 ns, At safepoint: 3513850 ns, Total: 3591933 ns
[2024-01-18T23:24:24.202+0000][7][safepoint   ] Safepoint "Cleanup", Time since last: 20002670177 ns, Reaching safepoint: 86222 ns, At safepoint: 7763 ns, Total: 93985 ns
[2024-01-18T23:24:56.206+0000][7][safepoint   ] Safepoint "Cleanup", Time since last: 32004281512 ns, Reaching safepoint: 63559 ns, At safepoint: 6102 ns, Total: 69661 ns
[2024-01-18T23:24:58.207+0000][7][safepoint   ] Safepoint "Cleanup", Time since last: 2000352536 ns, Reaching safepoint: 103860 ns, At safepoint: 16561 ns, Total: 120421 ns
[2024-01-18T23:25:04.207+0000][7][safepoint   ] Safepoint "Cleanup", Time since last: 6000518525 ns, Reaching safepoint: 39299 ns, At safepoint: 4510 ns, Total: 43809 ns
[2024-01-18T23:25:06.208+0000][7][safepoint   ] Safepoint "Cleanup", Time since last: 2000180135 ns, Reaching safepoint: 65298 ns, At safepoint: 4549 ns, Total: 69847 ns
[2024-01-18T23:25:24.209+0000][7][safepoint   ] Safepoint "Cleanup", Time since last: 18001651270 ns, Reaching safepoint: 67967 ns, At safepoint: 8829 ns, Total: 76796 ns
[2024-01-18T23:25:58.214+0000][7][safepoint   ] Safepoint "Cleanup", Time since last: 34004195994 ns, Reaching safepoint: 53714 ns, At safepoint: 6890 ns, Total: 60604 ns
[2024-01-18T23:27:06.222+0000][7][safepoint   ] Safepoint "Cleanup", Time since last: 68007837147 ns, Reaching safepoint: 62564 ns, At safepoint: 3992 ns, Total: 66556 ns
[2024-01-18T23:27:28.272+0000][7][gc,start    ] GC(103) Pause Young (Normal) (G1 Evacuation Pause)
[2024-01-18T23:27:28.272+0000][7][gc,task     ] GC(103) Using 8 workers of 8 for evacuation
[2024-01-18T23:27:28.272+0000][7][gc,age      ] GC(103) Desired survivor size 41943040 bytes, new threshold 15 (max threshold 15)
[2024-01-18T23:27:28.274+0000][7][gc,phases   ] GC(103)   Pre Evacuate Collection Set: 0.1ms
[2024-01-18T23:27:28.274+0000][7][gc,phases   ] GC(103)   Merge Heap Roots: 0.1ms
[2024-01-18T23:27:28.274+0000][7][gc,phases   ] GC(103)   Evacuate Collection Set: 1.4ms
[2024-01-18T23:27:28.274+0000][7][gc,phases   ] GC(103)   Post Evacuate Collection Set: 0.5ms
[2024-01-18T23:27:28.274+0000][7][gc,phases   ] GC(103)   Other: 0.1ms
[2024-01-18T23:27:28.274+0000][7][gc,age      ] GC(103) Age table with threshold 15 (max threshold 15)
[2024-01-18T23:27:28.274+0000][7][gc,age      ] GC(103) - age   1:     777928 bytes,     777928 total
[2024-01-18T23:27:28.274+0000][7][gc,age      ] GC(103) - age   2:     143096 bytes,     921024 total
[2024-01-18T23:27:28.274+0000][7][gc,age      ] GC(103) - age   3:     501944 bytes,    1422968 total
[2024-01-18T23:27:28.274+0000][7][gc,age      ] GC(103) - age   4:        280 bytes,    1423248 total
[2024-01-18T23:27:28.274+0000][7][gc,age      ] GC(103) - age   5:     229408 bytes,    1652656 total
[2024-01-18T23:27:28.274+0000][7][gc,age      ] GC(103) - age   6:        160 bytes,    1652816 total
[2024-01-18T23:27:28.274+0000][7][gc,age      ] GC(103) - age   7:        552 bytes,    1653368 total
[2024-01-18T23:27:28.274+0000][7][gc,age      ] GC(103) - age   8:        304 bytes,    1653672 total
[2024-01-18T23:27:28.274+0000][7][gc,age      ] GC(103) - age   9:        488 bytes,    1654160 total
[2024-01-18T23:27:28.274+0000][7][gc,age      ] GC(103) - age  12:        816 bytes,    1654976 total
[2024-01-18T23:27:28.274+0000][7][gc,age      ] GC(103) - age  13:      46120 bytes,    1701096 total
[2024-01-18T23:27:28.274+0000][7][gc,age      ] GC(103) - age  14:       3264 bytes,    1704360 total
[2024-01-18T23:27:28.274+0000][7][gc,age      ] GC(103) - age  15:     257008 bytes,    1961368 total
[2024-01-18T23:27:28.274+0000][7][gc,heap     ] GC(103) Eden regions: 152->0(152)
[2024-01-18T23:27:28.274+0000][7][gc,heap     ] GC(103) Survivor regions: 1->1(20)
[2024-01-18T23:27:28.274+0000][7][gc,heap     ] GC(103) Old regions: 32->32
[2024-01-18T23:27:28.274+0000][7][gc,heap     ] GC(103) Archive regions: 2->2
[2024-01-18T23:27:28.274+0000][7][gc,heap     ] GC(103) Humongous regions: 0->0
[2024-01-18T23:27:28.274+0000][7][gc,metaspace] GC(103) Metaspace: 130072K(133760K)->130072K(133760K) NonClass: 113020K(114944K)->113020K(114944K) Class: 17052K(18816K)->17052K(18816K)
[2024-01-18T23:27:28.274+0000][7][gc          ] GC(103) Pause Young (Normal) (G1 Evacuation Pause) 740M->132M(1024M) 2.269ms
[2024-01-18T23:27:28.274+0000][7][gc,cpu      ] GC(103) User=0.00s Sys=0.01s Real=0.00s
[2024-01-18T23:27:28.274+0000][7][safepoint   ] Safepoint "G1CollectForAllocation", Time since last: 22050282224 ns, Reaching safepoint: 34456 ns, At safepoint: 2333618 ns, Total: 2368074 ns
[2024-01-18T23:28:24.280+0000][7][safepoint   ] Safepoint "Cleanup", Time since last: 56005978642 ns, Reaching safepoint: 77436 ns, At safepoint: 11343 ns, Total: 88779 ns
[2024-01-18T23:29:06.285+0000][7][safepoint   ] Safepoint "Cleanup", Time since last: 42004927496 ns, Reaching safepoint: 72281 ns, At safepoint: 5835 ns, Total: 78116 ns
[2024-01-18T23:29:22.287+0000][7][safepoint   ] Safepoint "Cleanup", Time since last: 16001662340 ns, Reaching safepoint: 75398 ns, At safepoint: 6955 ns, Total: 82353 ns
[2024-01-18T23:29:24.287+0000][7][safepoint   ] Safepoint "Cleanup", Time since last: 2000229582 ns, Reaching safepoint: 45135 ns, At safepoint: 4114 ns, Total: 49249 ns
[2024-01-18T23:30:02.291+0000][7][safepoint   ] Safepoint "Cleanup", Time since last: 38003236325 ns, Reaching safepoint: 66935 ns, At safepoint: 6177 ns, Total: 73112 ns
[2024-01-18T23:30:19.292+0000][7][safepoint   ] Safepoint "Cleanup", Time since last: 17001423350 ns, Reaching safepoint: 50852 ns, At safepoint: 24716 ns, Total: 75568 ns
[2024-01-18T23:30:37.174+0000][7][gc,start    ] GC(104) Pause Young (Normal) (G1 Evacuation Pause)
[2024-01-18T23:30:37.174+0000][7][gc,task     ] GC(104) Using 8 workers of 8 for evacuation
[2024-01-18T23:30:37.174+0000][7][gc,age      ] GC(104) Desired survivor size 41943040 bytes, new threshold 15 (max threshold 15)
[2024-01-18T23:30:37.178+0000][7][gc,phases   ] GC(104)   Pre Evacuate Collection Set: 0.1ms
[2024-01-18T23:30:37.178+0000][7][gc,phases   ] GC(104)   Merge Heap Roots: 0.1ms
[2024-01-18T23:30:37.178+0000][7][gc,phases   ] GC(104)   Evacuate Collection Set: 2.1ms
[2024-01-18T23:30:37.178+0000][7][gc,phases   ] GC(104)   Post Evacuate Collection Set: 0.7ms
[2024-01-18T23:30:37.178+0000][7][gc,phases   ] GC(104)   Other: 0.1ms
[2024-01-18T23:30:37.178+0000][7][gc,age      ] GC(104) Age table with threshold 15 (max threshold 15)
[2024-01-18T23:30:37.178+0000][7][gc,age      ] GC(104) - age   1:    1546664 bytes,    1546664 total
[2024-01-18T23:30:37.178+0000][7][gc,age      ] GC(104) - age   2:     127520 bytes,    1674184 total
[2024-01-18T23:30:37.178+0000][7][gc,age      ] GC(104) - age   3:     141744 bytes,    1815928 total
[2024-01-18T23:30:37.178+0000][7][gc,age      ] GC(104) - age   4:     501880 bytes,    2317808 total
[2024-01-18T23:30:37.178+0000][7][gc,age      ] GC(104) - age   5:         96 bytes,    2317904 total
[2024-01-18T23:30:37.178+0000][7][gc,age      ] GC(104) - age   6:     229016 bytes,    2546920 total
[2024-01-18T23:30:37.178+0000][7][gc,age      ] GC(104) - age   7:        160 bytes,    2547080 total
[2024-01-18T23:30:37.178+0000][7][gc,age      ] GC(104) - age   8:        552 bytes,    2547632 total
[2024-01-18T23:30:37.178+0000][7][gc,age      ] GC(104) - age   9:        304 bytes,    2547936 total
[2024-01-18T23:30:37.178+0000][7][gc,age      ] GC(104) - age  10:        488 bytes,    2548424 total
[2024-01-18T23:30:37.178+0000][7][gc,age      ] GC(104) - age  13:        816 bytes,    2549240 total
[2024-01-18T23:30:37.178+0000][7][gc,age      ] GC(104) - age  14:      46120 bytes,    2595360 total
[2024-01-18T23:30:37.178+0000][7][gc,age      ] GC(104) - age  15:       3264 bytes,    2598624 total
[2024-01-18T23:30:37.178+0000][7][gc,heap     ] GC(104) Eden regions: 152->0(152)
[2024-01-18T23:30:37.178+0000][7][gc,heap     ] GC(104) Survivor regions: 1->1(20)
[2024-01-18T23:30:37.178+0000][7][gc,heap     ] GC(104) Old regions: 32->32
[2024-01-18T23:30:37.178+0000][7][gc,heap     ] GC(104) Archive regions: 2->2
[2024-01-18T23:30:37.178+0000][7][gc,heap     ] GC(104) Humongous regions: 0->0
[2024-01-18T23:30:37.178+0000][7][gc,metaspace] GC(104) Metaspace: 130120K(133888K)->130120K(133888K) NonClass: 113068K(115072K)->113068K(115072K) Class: 17052K(18816K)->17052K(18816K)
[2024-01-18T23:30:37.178+0000][7][gc          ] GC(104) Pause Young (Normal) (G1 Evacuation Pause) 740M->133M(1024M) 3.514ms
[2024-01-18T23:30:37.178+0000][7][gc,cpu      ] GC(104) User=0.01s Sys=0.00s Real=0.00s
[2024-01-18T23:30:37.178+0000][7][safepoint   ] Safepoint "G1CollectForAllocation", Time since last: 17881982787 ns, Reaching safepoint: 109662 ns, At safepoint: 3637090 ns, Total: 3746752 ns
[2024-01-18T23:30:56.180+0000][7][safepoint   ] Safepoint "Cleanup", Time since last: 19001627636 ns, Reaching safepoint: 68852 ns, At safepoint: 6592 ns, Total: 75444 ns
[2024-01-18T23:33:24.195+0000][7][safepoint   ] Safepoint "Cleanup", Time since last: 148015641657 ns, Reaching safepoint: 156746 ns, At safepoint: 41757 ns, Total: 198503 ns
[2024-01-18T23:33:25.196+0000][7][gc,start    ] GC(105) Pause Young (Normal) (G1 Evacuation Pause)
[2024-01-18T23:33:25.196+0000][7][gc,task     ] GC(105) Using 8 workers of 8 for evacuation
[2024-01-18T23:33:25.196+0000][7][gc,age      ] GC(105) Desired survivor size 41943040 bytes, new threshold 15 (max threshold 15)
[2024-01-18T23:33:25.199+0000][7][gc,phases   ] GC(105)   Pre Evacuate Collection Set: 0.1ms
[2024-01-18T23:33:25.199+0000][7][gc,phases   ] GC(105)   Merge Heap Roots: 0.1ms
[2024-01-18T23:33:25.199+0000][7][gc,phases   ] GC(105)   Evacuate Collection Set: 2.2ms
[2024-01-18T23:33:25.199+0000][7][gc,phases   ] GC(105)   Post Evacuate Collection Set: 0.8ms
[2024-01-18T23:33:25.199+0000][7][gc,phases   ] GC(105)   Other: 0.1ms
[2024-01-18T23:33:25.199+0000][7][gc,age      ] GC(105) Age table with threshold 15 (max threshold 15)
[2024-01-18T23:33:25.199+0000][7][gc,age      ] GC(105) - age   1:    1232768 bytes,    1232768 total
[2024-01-18T23:33:25.199+0000][7][gc,age      ] GC(105) - age   2:      44008 bytes,    1276776 total
[2024-01-18T23:33:25.199+0000][7][gc,age      ] GC(105) - age   3:     125848 bytes,    1402624 total
[2024-01-18T23:33:25.199+0000][7][gc,age      ] GC(105) - age   4:     138632 bytes,    1541256 total
[2024-01-18T23:33:25.199+0000][7][gc,age      ] GC(105) - age   5:     501816 bytes,    2043072 total
[2024-01-18T23:33:25.199+0000][7][gc,age      ] GC(105) - age   6:         96 bytes,    2043168 total
[2024-01-18T23:33:25.199+0000][7][gc,age      ] GC(105) - age   7:     229016 bytes,    2272184 total
[2024-01-18T23:33:25.199+0000][7][gc,age      ] GC(105) - age   8:        160 bytes,    2272344 total
[2024-01-18T23:33:25.199+0000][7][gc,age      ] GC(105) - age   9:        552 bytes,    2272896 total
[2024-01-18T23:33:25.199+0000][7][gc,age      ] GC(105) - age  10:        304 bytes,    2273200 total
[2024-01-18T23:33:25.199+0000][7][gc,age      ] GC(105) - age  11:        304 bytes,    2273504 total
[2024-01-18T23:33:25.199+0000][7][gc,age      ] GC(105) - age  14:        816 bytes,    2274320 total
[2024-01-18T23:33:25.199+0000][7][gc,age      ] GC(105) - age  15:      46120 bytes,    2320440 total
[2024-01-18T23:33:25.199+0000][7][gc,heap     ] GC(105) Eden regions: 152->0(152)
[2024-01-18T23:33:25.199+0000][7][gc,heap     ] GC(105) Survivor regions: 1->1(20)
[2024-01-18T23:33:25.199+0000][7][gc,heap     ] GC(105) Old regions: 32->32
[2024-01-18T23:33:25.199+0000][7][gc,heap     ] GC(105) Archive regions: 2->2
[2024-01-18T23:33:25.199+0000][7][gc,heap     ] GC(105) Humongous regions: 0->0
[2024-01-18T23:33:25.199+0000][7][gc,metaspace] GC(105) Metaspace: 130124K(133888K)->130124K(133888K) NonClass: 113072K(115072K)->113072K(115072K) Class: 17052K(18816K)->17052K(18816K)
[2024-01-18T23:33:25.199+0000][7][gc          ] GC(105) Pause Young (Normal) (G1 Evacuation Pause) 741M->133M(1024M) 3.599ms
[2024-01-18T23:33:25.199+0000][7][gc,cpu      ] GC(105) User=0.01s Sys=0.00s Real=0.00s
[2024-01-18T23:33:25.199+0000][7][safepoint   ] Safepoint "G1CollectForAllocation", Time since last: 1000078982 ns, Reaching safepoint: 50792 ns, At safepoint: 3704040 ns, Total: 3754832 ns
[2024-01-18T23:34:24.206+0000][7][safepoint   ] Safepoint "Cleanup", Time since last: 59006578516 ns, Reaching safepoint: 63543 ns, At safepoint: 9909 ns, Total: 73452 ns
[2024-01-18T23:35:59.216+0000][7][safepoint   ] Safepoint "Cleanup", Time since last: 95010410151 ns, Reaching safepoint: 67357 ns, At safepoint: 7391 ns, Total: 74748 ns
[2024-01-18T23:36:01.217+0000][7][safepoint   ] Safepoint "Cleanup", Time since last: 2000446156 ns, Reaching safepoint: 93586 ns, At safepoint: 9849 ns, Total: 103435 ns
[2024-01-18T23:36:35.220+0000][7][safepoint   ] Safepoint "Cleanup", Time since last: 34003151413 ns, Reaching safepoint: 50086 ns, At safepoint: 19706 ns, Total: 69792 ns
[2024-01-18T23:36:49.197+0000][7][gc,start    ] GC(106) Pause Young (Normal) (G1 Evacuation Pause)
[2024-01-18T23:36:49.197+0000][7][gc,task     ] GC(106) Using 8 workers of 8 for evacuation
[2024-01-18T23:36:49.197+0000][7][gc,age      ] GC(106) Desired survivor size 41943040 bytes, new threshold 15 (max threshold 15)
[2024-01-18T23:36:49.200+0000][7][gc,phases   ] GC(106)   Pre Evacuate Collection Set: 0.1ms
[2024-01-18T23:36:49.200+0000][7][gc,phases   ] GC(106)   Merge Heap Roots: 0.1ms
[2024-01-18T23:36:49.200+0000][7][gc,phases   ] GC(106)   Evacuate Collection Set: 1.8ms
[2024-01-18T23:36:49.200+0000][7][gc,phases   ] GC(106)   Post Evacuate Collection Set: 0.8ms
[2024-01-18T23:36:49.200+0000][7][gc,phases   ] GC(106)   Other: 0.1ms
[2024-01-18T23:36:49.200+0000][7][gc,age      ] GC(106) Age table with threshold 15 (max threshold 15)
[2024-01-18T23:36:49.200+0000][7][gc,age      ] GC(106) - age   1:    1432704 bytes,    1432704 total
[2024-01-18T23:36:49.200+0000][7][gc,age      ] GC(106) - age   2:       6888 bytes,    1439592 total
[2024-01-18T23:36:49.200+0000][7][gc,age      ] GC(106) - age   3:      42032 bytes,    1481624 total
[2024-01-18T23:36:49.200+0000][7][gc,age      ] GC(106) - age   4:     125528 bytes,    1607152 total
[2024-01-18T23:36:49.200+0000][7][gc,age      ] GC(106) - age   5:     137616 bytes,    1744768 total
[2024-01-18T23:36:49.200+0000][7][gc,age      ] GC(106) - age   6:     485664 bytes,    2230432 total
[2024-01-18T23:36:49.200+0000][7][gc,age      ] GC(106) - age   7:         96 bytes,    2230528 total
[2024-01-18T23:36:49.200+0000][7][gc,age      ] GC(106) - age   8:     229016 bytes,    2459544 total
[2024-01-18T23:36:49.200+0000][7][gc,age      ] GC(106) - age   9:        160 bytes,    2459704 total
[2024-01-18T23:36:49.200+0000][7][gc,age      ] GC(106) - age  10:        552 bytes,    2460256 total
[2024-01-18T23:36:49.200+0000][7][gc,age      ] GC(106) - age  11:        304 bytes,    2460560 total
[2024-01-18T23:36:49.200+0000][7][gc,age      ] GC(106) - age  12:        304 bytes,    2460864 total
[2024-01-18T23:36:49.200+0000][7][gc,age      ] GC(106) - age  15:        816 bytes,    2461680 total
[2024-01-18T23:36:49.200+0000][7][gc,heap     ] GC(106) Eden regions: 152->0(152)
[2024-01-18T23:36:49.200+0000][7][gc,heap     ] GC(106) Survivor regions: 1->1(20)
[2024-01-18T23:36:49.200+0000][7][gc,heap     ] GC(106) Old regions: 32->32
[2024-01-18T23:36:49.200+0000][7][gc,heap     ] GC(106) Archive regions: 2->2
[2024-01-18T23:36:49.200+0000][7][gc,heap     ] GC(106) Humongous regions: 0->0
[2024-01-18T23:36:49.200+0000][7][gc,metaspace] GC(106) Metaspace: 130124K(133888K)->130124K(133888K) NonClass: 113072K(115072K)->113072K(115072K) Class: 17052K(18816K)->17052K(18816K)
[2024-01-18T23:36:49.200+0000][7][gc          ] GC(106) Pause Young (Normal) (G1 Evacuation Pause) 741M->133M(1024M) 3.326ms
[2024-01-18T23:36:49.201+0000][7][gc,cpu      ] GC(106) User=0.01s Sys=0.00s Real=0.00s
[2024-01-18T23:36:49.201+0000][7][safepoint   ] Safepoint "G1CollectForAllocation", Time since last: 13976843591 ns, Reaching safepoint: 76394 ns, At safepoint: 3425423 ns, Total: 3501817 ns
[2024-01-18T23:37:59.321+0000][7][safepoint   ] Safepoint "Cleanup", Time since last: 70120447847 ns, Reaching safepoint: 103610 ns, At safepoint: 8513 ns, Total: 112123 ns
[2024-01-18T23:38:10.322+0000][7][safepoint   ] Safepoint "Cleanup", Time since last: 11001335313 ns, Reaching safepoint: 39092 ns, At safepoint: 2637 ns, Total: 41729 ns
[2024-01-18T23:39:58.335+0000][7][safepoint   ] Safepoint "Cleanup", Time since last: 108012868620 ns, Reaching safepoint: 54292 ns, At safepoint: 12055 ns, Total: 66347 ns
[2024-01-18T23:40:16.246+0000][7][gc,start    ] GC(107) Pause Young (Normal) (G1 Evacuation Pause)
[2024-01-18T23:40:16.247+0000][7][gc,task     ] GC(107) Using 8 workers of 8 for evacuation
[2024-01-18T23:40:16.247+0000][7][gc,age      ] GC(107) Desired survivor size 41943040 bytes, new threshold 15 (max threshold 15)
[2024-01-18T23:40:16.250+0000][7][gc,phases   ] GC(107)   Pre Evacuate Collection Set: 0.1ms
[2024-01-18T23:40:16.250+0000][7][gc,phases   ] GC(107)   Merge Heap Roots: 0.1ms
[2024-01-18T23:40:16.250+0000][7][gc,phases   ] GC(107)   Evacuate Collection Set: 2.0ms
[2024-01-18T23:40:16.250+0000][7][gc,phases   ] GC(107)   Post Evacuate Collection Set: 0.7ms
[2024-01-18T23:40:16.250+0000][7][gc,phases   ] GC(107)   Other: 0.1ms
[2024-01-18T23:40:16.250+0000][7][gc,age      ] GC(107) Age table with threshold 15 (max threshold 15)
[2024-01-18T23:40:16.250+0000][7][gc,age      ] GC(107) - age   1:    1824096 bytes,    1824096 total
[2024-01-18T23:40:16.250+0000][7][gc,age      ] GC(107) - age   2:       3304 bytes,    1827400 total
[2024-01-18T23:40:16.250+0000][7][gc,age      ] GC(107) - age   3:       4000 bytes,    1831400 total
[2024-01-18T23:40:16.250+0000][7][gc,age      ] GC(107) - age   4:      33952 bytes,    1865352 total
[2024-01-18T23:40:16.250+0000][7][gc,age      ] GC(107) - age   5:     125448 bytes,    1990800 total
[2024-01-18T23:40:16.250+0000][7][gc,age      ] GC(107) - age   6:     137480 bytes,    2128280 total
[2024-01-18T23:40:16.250+0000][7][gc,age      ] GC(107) - age   7:     485096 bytes,    2613376 total
[2024-01-18T23:40:16.250+0000][7][gc,age      ] GC(107) - age   8:         96 bytes,    2613472 total
[2024-01-18T23:40:16.250+0000][7][gc,age      ] GC(107) - age   9:     229016 bytes,    2842488 total
[2024-01-18T23:40:16.250+0000][7][gc,age      ] GC(107) - age  10:        160 bytes,    2842648 total
[2024-01-18T23:40:16.250+0000][7][gc,age      ] GC(107) - age  11:        552 bytes,    2843200 total
[2024-01-18T23:40:16.250+0000][7][gc,age      ] GC(107) - age  12:        304 bytes,    2843504 total
[2024-01-18T23:40:16.250+0000][7][gc,age      ] GC(107) - age  13:        304 bytes,    2843808 total
[2024-01-18T23:40:16.250+0000][7][gc,heap     ] GC(107) Eden regions: 152->0(152)
[2024-01-18T23:40:16.250+0000][7][gc,heap     ] GC(107) Survivor regions: 1->1(20)
[2024-01-18T23:40:16.250+0000][7][gc,heap     ] GC(107) Old regions: 32->32
[2024-01-18T23:40:16.250+0000][7][gc,heap     ] GC(107) Archive regions: 2->2
[2024-01-18T23:40:16.250+0000][7][gc,heap     ] GC(107) Humongous regions: 0->0
[2024-01-18T23:40:16.250+0000][7][gc,metaspace] GC(107) Metaspace: 130125K(133888K)->130125K(133888K) NonClass: 113073K(115072K)->113073K(115072K) Class: 17052K(18816K)->17052K(18816K)
[2024-01-18T23:40:16.250+0000][7][gc          ] GC(107) Pause Young (Normal) (G1 Evacuation Pause) 741M->133M(1024M) 3.363ms
[2024-01-18T23:40:16.250+0000][7][gc,cpu      ] GC(107) User=0.02s Sys=0.00s Real=0.00s
[2024-01-18T23:40:16.250+0000][7][safepoint   ] Safepoint "G1CollectForAllocation", Time since last: 17910966160 ns, Reaching safepoint: 61002 ns, At safepoint: 3458834 ns, Total: 3519836 ns
[2024-01-18T23:40:24.251+0000][7][safepoint   ] Safepoint "Cleanup", Time since last: 8000871400 ns, Reaching safepoint: 90793 ns, At safepoint: 9760 ns, Total: 100553 ns
[2024-01-18T23:43:07.269+0000][7][safepoint   ] Safepoint "Cleanup", Time since last: 163018262235 ns, Reaching safepoint: 85829 ns, At safepoint: 8080 ns, Total: 93909 ns
[2024-01-18T23:43:40.262+0000][7][gc,start    ] GC(108) Pause Young (Normal) (G1 Evacuation Pause)
[2024-01-18T23:43:40.262+0000][7][gc,task     ] GC(108) Using 8 workers of 8 for evacuation
[2024-01-18T23:43:40.262+0000][7][gc,age      ] GC(108) Desired survivor size 41943040 bytes, new threshold 15 (max threshold 15)
[2024-01-18T23:43:40.265+0000][7][gc,phases   ] GC(108)   Pre Evacuate Collection Set: 0.1ms
[2024-01-18T23:43:40.265+0000][7][gc,phases   ] GC(108)   Merge Heap Roots: 0.1ms
[2024-01-18T23:43:40.265+0000][7][gc,phases   ] GC(108)   Evacuate Collection Set: 1.9ms
[2024-01-18T23:43:40.265+0000][7][gc,phases   ] GC(108)   Post Evacuate Collection Set: 0.7ms
[2024-01-18T23:43:40.265+0000][7][gc,phases   ] GC(108)   Other: 0.1ms
[2024-01-18T23:43:40.265+0000][7][gc,age      ] GC(108) Age table with threshold 15 (max threshold 15)
[2024-01-18T23:43:40.265+0000][7][gc,age      ] GC(108) - age   1:    2147368 bytes,    2147368 total
[2024-01-18T23:43:40.265+0000][7][gc,age      ] GC(108) - age   2:       9648 bytes,    2157016 total
[2024-01-18T23:43:40.265+0000][7][gc,age      ] GC(108) - age   3:        616 bytes,    2157632 total
[2024-01-18T23:43:40.265+0000][7][gc,age      ] GC(108) - age   4:        728 bytes,    2158360 total
[2024-01-18T23:43:40.265+0000][7][gc,age      ] GC(108) - age   5:      33560 bytes,    2191920 total
[2024-01-18T23:43:40.265+0000][7][gc,age      ] GC(108) - age   6:     125448 bytes,    2317368 total
[2024-01-18T23:43:40.265+0000][7][gc,age      ] GC(108) - age   7:     137448 bytes,    2454816 total
[2024-01-18T23:43:40.265+0000][7][gc,age      ] GC(108) - age   8:     485096 bytes,    2939912 total
[2024-01-18T23:43:40.265+0000][7][gc,age      ] GC(108) - age   9:         96 bytes,    2940008 total
[2024-01-18T23:43:40.265+0000][7][gc,age      ] GC(108) - age  10:     229016 bytes,    3169024 total
[2024-01-18T23:43:40.265+0000][7][gc,age      ] GC(108) - age  11:        160 bytes,    3169184 total
[2024-01-18T23:43:40.265+0000][7][gc,age      ] GC(108) - age  12:        552 bytes,    3169736 total
[2024-01-18T23:43:40.265+0000][7][gc,age      ] GC(108) - age  13:        304 bytes,    3170040 total
[2024-01-18T23:43:40.265+0000][7][gc,age      ] GC(108) - age  14:        304 bytes,    3170344 total
[2024-01-18T23:43:40.265+0000][7][gc,heap     ] GC(108) Eden regions: 152->0(152)
[2024-01-18T23:43:40.265+0000][7][gc,heap     ] GC(108) Survivor regions: 1->1(20)
[2024-01-18T23:43:40.265+0000][7][gc,heap     ] GC(108) Old regions: 32->32
[2024-01-18T23:43:40.265+0000][7][gc,heap     ] GC(108) Archive regions: 2->2
[2024-01-18T23:43:40.265+0000][7][gc,heap     ] GC(108) Humongous regions: 0->0
[2024-01-18T23:43:40.265+0000][7][gc,metaspace] GC(108) Metaspace: 130126K(133888K)->130126K(133888K) NonClass: 113074K(115072K)->113074K(115072K) Class: 17052K(18816K)->17052K(18816K)
[2024-01-18T23:43:40.265+0000][7][gc          ] GC(108) Pause Young (Normal) (G1 Evacuation Pause) 741M->133M(1024M) 3.280ms
[2024-01-18T23:43:40.265+0000][7][gc,cpu      ] GC(108) User=0.02s Sys=0.00s Real=0.01s
[2024-01-18T23:43:40.265+0000][7][safepoint   ] Safepoint "G1CollectForAllocation", Time since last: 32992515208 ns, Reaching safepoint: 58933 ns, At safepoint: 3384891 ns, Total: 3443824 ns
[2024-01-18T23:44:24.270+0000][7][safepoint   ] Safepoint "Cleanup", Time since last: 44004744484 ns, Reaching safepoint: 62788 ns, At safepoint: 6623 ns, Total: 69411 ns
[2024-01-18T23:46:53.194+0000][7][gc,start    ] GC(109) Pause Young (Normal) (G1 Evacuation Pause)
[2024-01-18T23:46:53.194+0000][7][gc,task     ] GC(109) Using 8 workers of 8 for evacuation
[2024-01-18T23:46:53.194+0000][7][gc,age      ] GC(109) Desired survivor size 41943040 bytes, new threshold 15 (max threshold 15)
[2024-01-18T23:46:53.197+0000][7][gc,phases   ] GC(109)   Pre Evacuate Collection Set: 0.1ms
[2024-01-18T23:46:53.197+0000][7][gc,phases   ] GC(109)   Merge Heap Roots: 0.1ms
[2024-01-18T23:46:53.197+0000][7][gc,phases   ] GC(109)   Evacuate Collection Set: 1.8ms
[2024-01-18T23:46:53.197+0000][7][gc,phases   ] GC(109)   Post Evacuate Collection Set: 0.8ms
[2024-01-18T23:46:53.197+0000][7][gc,phases   ] GC(109)   Other: 0.1ms
[2024-01-18T23:46:53.197+0000][7][gc,age      ] GC(109) Age table with threshold 15 (max threshold 15)
[2024-01-18T23:46:53.197+0000][7][gc,age      ] GC(109) - age   1:    1486176 bytes,    1486176 total
[2024-01-18T23:46:53.197+0000][7][gc,age      ] GC(109) - age   2:       7000 bytes,    1493176 total
[2024-01-18T23:46:53.197+0000][7][gc,age      ] GC(109) - age   3:       7536 bytes,    1500712 total
[2024-01-18T23:46:53.197+0000][7][gc,age      ] GC(109) - age   4:         64 bytes,    1500776 total
[2024-01-18T23:46:53.197+0000][7][gc,age      ] GC(109) - age   5:        728 bytes,    1501504 total
[2024-01-18T23:46:53.197+0000][7][gc,age      ] GC(109) - age   6:      33560 bytes,    1535064 total
[2024-01-18T23:46:53.197+0000][7][gc,age      ] GC(109) - age   7:     125448 bytes,    1660512 total
[2024-01-18T23:46:53.197+0000][7][gc,age      ] GC(109) - age   8:     137424 bytes,    1797936 total
[2024-01-18T23:46:53.197+0000][7][gc,age      ] GC(109) - age   9:     485096 bytes,    2283032 total
[2024-01-18T23:46:53.197+0000][7][gc,age      ] GC(109) - age  10:         96 bytes,    2283128 total
[2024-01-18T23:46:53.197+0000][7][gc,age      ] GC(109) - age  11:     229016 bytes,    2512144 total
[2024-01-18T23:46:53.197+0000][7][gc,age      ] GC(109) - age  12:        160 bytes,    2512304 total
[2024-01-18T23:46:53.197+0000][7][gc,age      ] GC(109) - age  13:        552 bytes,    2512856 total
[2024-01-18T23:46:53.197+0000][7][gc,age      ] GC(109) - age  14:        304 bytes,    2513160 total
[2024-01-18T23:46:53.197+0000][7][gc,age      ] GC(109) - age  15:        304 bytes,    2513464 total
[2024-01-18T23:46:53.197+0000][7][gc,heap     ] GC(109) Eden regions: 152->0(152)
[2024-01-18T23:46:53.197+0000][7][gc,heap     ] GC(109) Survivor regions: 1->1(20)
[2024-01-18T23:46:53.197+0000][7][gc,heap     ] GC(109) Old regions: 32->32
[2024-01-18T23:46:53.197+0000][7][gc,heap     ] GC(109) Archive regions: 2->2
[2024-01-18T23:46:53.197+0000][7][gc,heap     ] GC(109) Humongous regions: 0->0
[2024-01-18T23:46:53.197+0000][7][gc,metaspace] GC(109) Metaspace: 130126K(133888K)->130126K(133888K) NonClass: 113074K(115072K)->113074K(115072K) Class: 17052K(18816K)->17052K(18816K)
[2024-01-18T23:46:53.197+0000][7][gc          ] GC(109) Pause Young (Normal) (G1 Evacuation Pause) 741M->133M(1024M) 3.315ms
[2024-01-18T23:46:53.197+0000][7][gc,cpu      ] GC(109) User=0.02s Sys=0.00s Real=0.00s
[2024-01-18T23:46:53.197+0000][7][safepoint   ] Safepoint "G1CollectForAllocation", Time since last: 148923949137 ns, Reaching safepoint: 69432 ns, At safepoint: 3419493 ns, Total: 3488925 ns
[2024-01-18T23:48:24.209+0000][7][safepoint   ] Safepoint "Cleanup", Time since last: 91011144805 ns, Reaching safepoint: 62075 ns, At safepoint: 38177 ns, Total: 100252 ns
[2024-01-18T23:49:05.214+0000][7][safepoint   ] Safepoint "Cleanup", Time since last: 41005234309 ns, Reaching safepoint: 90752 ns, At safepoint: 12044 ns, Total: 102796 ns
[2024-01-18T23:49:32.217+0000][7][safepoint   ] Safepoint "Cleanup", Time since last: 27002877460 ns, Reaching safepoint: 88323 ns, At safepoint: 9337 ns, Total: 97660 ns
[2024-01-18T23:50:04.237+0000][7][gc,start    ] GC(110) Pause Young (Normal) (G1 Evacuation Pause)
[2024-01-18T23:50:04.237+0000][7][gc,task     ] GC(110) Using 8 workers of 8 for evacuation
[2024-01-18T23:50:04.237+0000][7][gc,age      ] GC(110) Desired survivor size 41943040 bytes, new threshold 15 (max threshold 15)
[2024-01-18T23:50:04.240+0000][7][gc,phases   ] GC(110)   Pre Evacuate Collection Set: 0.1ms
[2024-01-18T23:50:04.240+0000][7][gc,phases   ] GC(110)   Merge Heap Roots: 0.1ms
[2024-01-18T23:50:04.240+0000][7][gc,phases   ] GC(110)   Evacuate Collection Set: 1.9ms
[2024-01-18T23:50:04.240+0000][7][gc,phases   ] GC(110)   Post Evacuate Collection Set: 0.8ms
[2024-01-18T23:50:04.240+0000][7][gc,phases   ] GC(110)   Other: 0.1ms
[2024-01-18T23:50:04.240+0000][7][gc,age      ] GC(110) Age table with threshold 15 (max threshold 15)
[2024-01-18T23:50:04.240+0000][7][gc,age      ] GC(110) - age   1:    1670520 bytes,    1670520 total
[2024-01-18T23:50:04.240+0000][7][gc,age      ] GC(110) - age   2:      11592 bytes,    1682112 total
[2024-01-18T23:50:04.240+0000][7][gc,age      ] GC(110) - age   3:       4488 bytes,    1686600 total
[2024-01-18T23:50:04.240+0000][7][gc,age      ] GC(110) - age   4:       7032 bytes,    1693632 total
[2024-01-18T23:50:04.240+0000][7][gc,age      ] GC(110) - age   5:         64 bytes,    1693696 total
[2024-01-18T23:50:04.240+0000][7][gc,age      ] GC(110) - age   6:        728 bytes,    1694424 total
[2024-01-18T23:50:04.240+0000][7][gc,age      ] GC(110) - age   7:      33528 bytes,    1727952 total
[2024-01-18T23:50:04.240+0000][7][gc,age      ] GC(110) - age   8:     125448 bytes,    1853400 total
[2024-01-18T23:50:04.240+0000][7][gc,age      ] GC(110) - age   9:     137424 bytes,    1990824 total
[2024-01-18T23:50:04.240+0000][7][gc,age      ] GC(110) - age  10:     485096 bytes,    2475920 total
[2024-01-18T23:50:04.240+0000][7][gc,age      ] GC(110) - age  11:         96 bytes,    2476016 total
[2024-01-18T23:50:04.240+0000][7][gc,age      ] GC(110) - age  12:     229016 bytes,    2705032 total
[2024-01-18T23:50:04.240+0000][7][gc,age      ] GC(110) - age  13:        160 bytes,    2705192 total
[2024-01-18T23:50:04.240+0000][7][gc,age      ] GC(110) - age  14:        552 bytes,    2705744 total
[2024-01-18T23:50:04.240+0000][7][gc,age      ] GC(110) - age  15:        304 bytes,    2706048 total
[2024-01-18T23:50:04.240+0000][7][gc,heap     ] GC(110) Eden regions: 152->0(152)
[2024-01-18T23:50:04.240+0000][7][gc,heap     ] GC(110) Survivor regions: 1->1(20)
[2024-01-18T23:50:04.240+0000][7][gc,heap     ] GC(110) Old regions: 32->32
[2024-01-18T23:50:04.240+0000][7][gc,heap     ] GC(110) Archive regions: 2->2
[2024-01-18T23:50:04.240+0000][7][gc,heap     ] GC(110) Humongous regions: 0->0
[2024-01-18T23:50:04.240+0000][7][gc,metaspace] GC(110) Metaspace: 130126K(133888K)->130126K(133888K) NonClass: 113074K(115072K)->113074K(115072K) Class: 17052K(18816K)->17052K(18816K)
[2024-01-18T23:50:04.240+0000][7][gc          ] GC(110) Pause Young (Normal) (G1 Evacuation Pause) 741M->133M(1024M) 3.389ms
[2024-01-18T23:50:04.240+0000][7][gc,cpu      ] GC(110) User=0.02s Sys=0.00s Real=0.00s
[2024-01-18T23:50:04.241+0000][7][safepoint   ] Safepoint "G1CollectForAllocation", Time since last: 32019958706 ns, Reaching safepoint: 50955 ns, At safepoint: 3485527 ns, Total: 3536482 ns
[2024-01-18T23:50:08.371+0000][7][safepoint   ] Safepoint "Cleanup", Time since last: 4130371116 ns, Reaching safepoint: 74882 ns, At safepoint: 6127 ns, Total: 81009 ns
[2024-01-18T23:50:10.371+0000][7][safepoint   ] Safepoint "Cleanup", Time since last: 2000252956 ns, Reaching safepoint: 61470 ns, At safepoint: 6690 ns, Total: 68160 ns
[2024-01-18T23:53:25.254+0000][7][gc,start    ] GC(111) Pause Young (Normal) (G1 Evacuation Pause)
[2024-01-18T23:53:25.254+0000][7][gc,task     ] GC(111) Using 8 workers of 8 for evacuation
[2024-01-18T23:53:25.254+0000][7][gc,age      ] GC(111) Desired survivor size 41943040 bytes, new threshold 15 (max threshold 15)
[2024-01-18T23:53:25.257+0000][7][gc,phases   ] GC(111)   Pre Evacuate Collection Set: 0.1ms
[2024-01-18T23:53:25.257+0000][7][gc,phases   ] GC(111)   Merge Heap Roots: 0.1ms
[2024-01-18T23:53:25.257+0000][7][gc,phases   ] GC(111)   Evacuate Collection Set: 2.0ms
[2024-01-18T23:53:25.257+0000][7][gc,phases   ] GC(111)   Post Evacuate Collection Set: 0.6ms
[2024-01-18T23:53:25.257+0000][7][gc,phases   ] GC(111)   Other: 0.1ms
[2024-01-18T23:53:25.257+0000][7][gc,age      ] GC(111) Age table with threshold 15 (max threshold 15)
[2024-01-18T23:53:25.257+0000][7][gc,age      ] GC(111) - age   1:    1816472 bytes,    1816472 total
[2024-01-18T23:53:25.257+0000][7][gc,age      ] GC(111) - age   2:       2976 bytes,    1819448 total
[2024-01-18T23:53:25.257+0000][7][gc,age      ] GC(111) - age   3:        448 bytes,    1819896 total
[2024-01-18T23:53:25.257+0000][7][gc,age      ] GC(111) - age   4:       1248 bytes,    1821144 total
[2024-01-18T23:53:25.257+0000][7][gc,age      ] GC(111) - age   5:       7032 bytes,    1828176 total
[2024-01-18T23:53:25.257+0000][7][gc,age      ] GC(111) - age   6:         64 bytes,    1828240 total
[2024-01-18T23:53:25.257+0000][7][gc,age      ] GC(111) - age   7:        728 bytes,    1828968 total
[2024-01-18T23:53:25.257+0000][7][gc,age      ] GC(111) - age   8:      33528 bytes,    1862496 total
[2024-01-18T23:53:25.257+0000][7][gc,age      ] GC(111) - age   9:     125264 bytes,    1987760 total
[2024-01-18T23:53:25.257+0000][7][gc,age      ] GC(111) - age  10:     137424 bytes,    2125184 total
[2024-01-18T23:53:25.257+0000][7][gc,age      ] GC(111) - age  11:     485096 bytes,    2610280 total
[2024-01-18T23:53:25.257+0000][7][gc,age      ] GC(111) - age  12:         96 bytes,    2610376 total
[2024-01-18T23:53:25.257+0000][7][gc,age      ] GC(111) - age  13:     229016 bytes,    2839392 total
[2024-01-18T23:53:25.257+0000][7][gc,age      ] GC(111) - age  14:        160 bytes,    2839552 total
[2024-01-18T23:53:25.257+0000][7][gc,age      ] GC(111) - age  15:        552 bytes,    2840104 total
[2024-01-18T23:53:25.257+0000][7][gc,heap     ] GC(111) Eden regions: 152->0(152)
[2024-01-18T23:53:25.257+0000][7][gc,heap     ] GC(111) Survivor regions: 1->1(20)
[2024-01-18T23:53:25.257+0000][7][gc,heap     ] GC(111) Old regions: 32->32
[2024-01-18T23:53:25.257+0000][7][gc,heap     ] GC(111) Archive regions: 2->2
[2024-01-18T23:53:25.257+0000][7][gc,heap     ] GC(111) Humongous regions: 0->0
[2024-01-18T23:53:25.257+0000][7][gc,metaspace] GC(111) Metaspace: 130127K(133888K)->130127K(133888K) NonClass: 113075K(115072K)->113075K(115072K) Class: 17052K(18816K)->17052K(18816K)
[2024-01-18T23:53:25.257+0000][7][gc          ] GC(111) Pause Young (Normal) (G1 Evacuation Pause) 741M->133M(1024M) 3.206ms
[2024-01-18T23:53:25.257+0000][7][gc,cpu      ] GC(111) User=0.01s Sys=0.00s Real=0.00s
[2024-01-18T23:53:25.257+0000][7][safepoint   ] Safepoint "G1CollectForAllocation", Time since last: 194882215327 ns, Reaching safepoint: 36449 ns, At safepoint: 3287299 ns, Total: 3323748 ns
[2024-01-18T23:54:41.266+0000][7][safepoint   ] Safepoint "Cleanup", Time since last: 76008841548 ns, Reaching safepoint: 65133 ns, At safepoint: 30135 ns, Total: 95268 ns
[2024-01-18T23:55:25.808+0000][7][safepoint   ] Safepoint "Cleanup", Time since last: 43004917292 ns, Reaching safepoint: 66123 ns, At safepoint: 7663 ns, Total: 73786 ns
[2024-01-18T23:56:38.819+0000][7][gc,start    ] GC(112) Pause Young (Normal) (G1 Evacuation Pause)
[2024-01-18T23:56:38.819+0000][7][gc,task     ] GC(112) Using 8 workers of 8 for evacuation
[2024-01-18T23:56:38.819+0000][7][gc,age      ] GC(112) Desired survivor size 41943040 bytes, new threshold 15 (max threshold 15)
[2024-01-18T23:56:38.821+0000][7][gc,phases   ] GC(112)   Pre Evacuate Collection Set: 0.1ms
[2024-01-18T23:56:38.821+0000][7][gc,phases   ] GC(112)   Merge Heap Roots: 0.1ms
[2024-01-18T23:56:38.821+0000][7][gc,phases   ] GC(112)   Evacuate Collection Set: 1.3ms
[2024-01-18T23:56:38.821+0000][7][gc,phases   ] GC(112)   Post Evacuate Collection Set: 0.7ms
[2024-01-18T23:56:38.821+0000][7][gc,phases   ] GC(112)   Other: 0.1ms
[2024-01-18T23:56:38.821+0000][7][gc,age      ] GC(112) Age table with threshold 15 (max threshold 15)
[2024-01-18T23:56:38.821+0000][7][gc,age      ] GC(112) - age   1:     788552 bytes,     788552 total
[2024-01-18T23:56:38.821+0000][7][gc,age      ] GC(112) - age   2:       5704 bytes,     794256 total
[2024-01-18T23:56:38.822+0000][7][gc,age      ] GC(112) - age   3:        320 bytes,     794576 total
[2024-01-18T23:56:38.822+0000][7][gc,age      ] GC(112) - age   5:        608 bytes,     795184 total
[2024-01-18T23:56:38.822+0000][7][gc,age      ] GC(112) - age   6:       6848 bytes,     802032 total
[2024-01-18T23:56:38.822+0000][7][gc,age      ] GC(112) - age   7:         64 bytes,     802096 total
[2024-01-18T23:56:38.822+0000][7][gc,age      ] GC(112) - age   8:        728 bytes,     802824 total
[2024-01-18T23:56:38.822+0000][7][gc,age      ] GC(112) - age   9:      33528 bytes,     836352 total
[2024-01-18T23:56:38.822+0000][7][gc,age      ] GC(112) - age  10:     125264 bytes,     961616 total
[2024-01-18T23:56:38.822+0000][7][gc,age      ] GC(112) - age  11:     137424 bytes,    1099040 total
[2024-01-18T23:56:38.822+0000][7][gc,age      ] GC(112) - age  12:     485096 bytes,    1584136 total
[2024-01-18T23:56:38.822+0000][7][gc,age      ] GC(112) - age  13:         96 bytes,    1584232 total
[2024-01-18T23:56:38.822+0000][7][gc,age      ] GC(112) - age  14:     229016 bytes,    1813248 total
[2024-01-18T23:56:38.822+0000][7][gc,age      ] GC(112) - age  15:        160 bytes,    1813408 total
[2024-01-18T23:56:38.822+0000][7][gc,heap     ] GC(112) Eden regions: 152->0(152)
[2024-01-18T23:56:38.822+0000][7][gc,heap     ] GC(112) Survivor regions: 1->1(20)
[2024-01-18T23:56:38.822+0000][7][gc,heap     ] GC(112) Old regions: 32->32
[2024-01-18T23:56:38.822+0000][7][gc,heap     ] GC(112) Archive regions: 2->2
[2024-01-18T23:56:38.822+0000][7][gc,heap     ] GC(112) Humongous regions: 0->0
[2024-01-18T23:56:38.822+0000][7][gc,metaspace] GC(112) Metaspace: 130127K(133888K)->130127K(133888K) NonClass: 113075K(115072K)->113075K(115072K) Class: 17052K(18816K)->17052K(18816K)
[2024-01-18T23:56:38.822+0000][7][gc          ] GC(112) Pause Young (Normal) (G1 Evacuation Pause) 741M->132M(1024M) 2.648ms
[2024-01-18T23:56:38.822+0000][7][gc,cpu      ] GC(112) User=0.01s Sys=0.00s Real=0.00s
[2024-01-18T23:56:38.822+0000][7][safepoint   ] Safepoint "G1CollectForAllocation", Time since last: 73011340908 ns, Reaching safepoint: 96747 ns, At safepoint: 2743867 ns, Total: 2840614 ns
[2024-01-18T23:58:25.831+0000][7][safepoint   ] Safepoint "Cleanup", Time since last: 107009453639 ns, Reaching safepoint: 92385 ns, At safepoint: 6749 ns, Total: 99134 ns
[2024-01-19T00:00:02.819+0000][7][gc,start    ] GC(113) Pause Young (Normal) (G1 Evacuation Pause)
[2024-01-19T00:00:02.819+0000][7][gc,task     ] GC(113) Using 8 workers of 8 for evacuation
[2024-01-19T00:00:02.819+0000][7][gc,age      ] GC(113) Desired survivor size 41943040 bytes, new threshold 15 (max threshold 15)
[2024-01-19T00:00:02.821+0000][7][gc,phases   ] GC(113)   Pre Evacuate Collection Set: 0.1ms
[2024-01-19T00:00:02.821+0000][7][gc,phases   ] GC(113)   Merge Heap Roots: 0.1ms
[2024-01-19T00:00:02.821+0000][7][gc,phases   ] GC(113)   Evacuate Collection Set: 1.6ms
[2024-01-19T00:00:02.821+0000][7][gc,phases   ] GC(113)   Post Evacuate Collection Set: 0.6ms
[2024-01-19T00:00:02.821+0000][7][gc,phases   ] GC(113)   Other: 0.1ms
[2024-01-19T00:00:02.821+0000][7][gc,age      ] GC(113) Age table with threshold 15 (max threshold 15)
[2024-01-19T00:00:02.821+0000][7][gc,age      ] GC(113) - age   1:     787744 bytes,     787744 total
[2024-01-19T00:00:02.821+0000][7][gc,age      ] GC(113) - age   2:       1792 bytes,     789536 total
[2024-01-19T00:00:02.821+0000][7][gc,age      ] GC(113) - age   3:       3656 bytes,     793192 total
[2024-01-19T00:00:02.821+0000][7][gc,age      ] GC(113) - age   4:        320 bytes,     793512 total
[2024-01-19T00:00:02.821+0000][7][gc,age      ] GC(113) - age   6:         32 bytes,     793544 total
[2024-01-19T00:00:02.821+0000][7][gc,age      ] GC(113) - age   7:       6464 bytes,     800008 total
[2024-01-19T00:00:02.821+0000][7][gc,age      ] GC(113) - age   8:         64 bytes,     800072 total
[2024-01-19T00:00:02.821+0000][7][gc,age      ] GC(113) - age   9:        728 bytes,     800800 total
[2024-01-19T00:00:02.821+0000][7][gc,age      ] GC(113) - age  10:      33528 bytes,     834328 total
[2024-01-19T00:00:02.821+0000][7][gc,age      ] GC(113) - age  11:     125264 bytes,     959592 total
[2024-01-19T00:00:02.821+0000][7][gc,age      ] GC(113) - age  12:     137424 bytes,    1097016 total
[2024-01-19T00:00:02.821+0000][7][gc,age      ] GC(113) - age  13:     485096 bytes,    1582112 total
[2024-01-19T00:00:02.821+0000][7][gc,age      ] GC(113) - age  14:         96 bytes,    1582208 total
[2024-01-19T00:00:02.821+0000][7][gc,age      ] GC(113) - age  15:     229016 bytes,    1811224 total
[2024-01-19T00:00:02.821+0000][7][gc,heap     ] GC(113) Eden regions: 152->0(152)
[2024-01-19T00:00:02.821+0000][7][gc,heap     ] GC(113) Survivor regions: 1->1(20)
[2024-01-19T00:00:02.821+0000][7][gc,heap     ] GC(113) Old regions: 32->32
[2024-01-19T00:00:02.821+0000][7][gc,heap     ] GC(113) Archive regions: 2->2
[2024-01-19T00:00:02.821+0000][7][gc,heap     ] GC(113) Humongous regions: 0->0
[2024-01-19T00:00:02.821+0000][7][gc,metaspace] GC(113) Metaspace: 130127K(133888K)->130127K(133888K) NonClass: 113075K(115072K)->113075K(115072K) Class: 17052K(18816K)->17052K(18816K)
[2024-01-19T00:00:02.821+0000][7][gc          ] GC(113) Pause Young (Normal) (G1 Evacuation Pause) 740M->132M(1024M) 2.728ms
[2024-01-19T00:00:02.821+0000][7][gc,cpu      ] GC(113) User=0.00s Sys=0.01s Real=0.01s
[2024-01-19T00:00:02.821+0000][7][safepoint   ] Safepoint "G1CollectForAllocation", Time since last: 96987300028 ns, Reaching safepoint: 35283 ns, At safepoint: 2844652 ns, Total: 2879935 ns
[2024-01-19T00:00:03.902+0000][7][safepoint   ] Safepoint "Cleanup", Time since last: 1080461186 ns, Reaching safepoint: 167718 ns, At safepoint: 12884 ns, Total: 180602 ns
[2024-01-19T00:00:14.904+0000][7][safepoint   ] Safepoint "Cleanup", Time since last: 11001405145 ns, Reaching safepoint: 74087 ns, At safepoint: 10507 ns, Total: 84594 ns
[2024-01-19T00:00:38.906+0000][7][safepoint   ] Safepoint "Cleanup", Time since last: 24001962593 ns, Reaching safepoint: 63613 ns, At safepoint: 5625 ns, Total: 69238 ns
[2024-01-19T00:02:06.915+0000][7][safepoint   ] Safepoint "Cleanup", Time since last: 88009756159 ns, Reaching safepoint: 60626 ns, At safepoint: 4993 ns, Total: 65619 ns
[2024-01-19T00:02:25.917+0000][7][safepoint   ] Safepoint "Cleanup", Time since last: 19001728799 ns, Reaching safepoint: 63622 ns, At safepoint: 5947 ns, Total: 69569 ns
[2024-01-19T00:02:43.854+0000][7][gc,start    ] GC(114) Pause Young (Normal) (G1 Evacuation Pause)
[2024-01-19T00:02:43.854+0000][7][gc,task     ] GC(114) Using 8 workers of 8 for evacuation
[2024-01-19T00:02:43.854+0000][7][gc,age      ] GC(114) Desired survivor size 41943040 bytes, new threshold 15 (max threshold 15)
[2024-01-19T00:02:43.856+0000][7][gc,phases   ] GC(114)   Pre Evacuate Collection Set: 0.1ms
[2024-01-19T00:02:43.856+0000][7][gc,phases   ] GC(114)   Merge Heap Roots: 0.1ms
[2024-01-19T00:02:43.856+0000][7][gc,phases   ] GC(114)   Evacuate Collection Set: 1.3ms
[2024-01-19T00:02:43.856+0000][7][gc,phases   ] GC(114)   Post Evacuate Collection Set: 0.8ms
[2024-01-19T00:02:43.857+0000][7][gc,phases   ] GC(114)   Other: 0.1ms
[2024-01-19T00:02:43.857+0000][7][gc,age      ] GC(114) Age table with threshold 15 (max threshold 15)
[2024-01-19T00:02:43.857+0000][7][gc,age      ] GC(114) - age   1:     629480 bytes,     629480 total
[2024-01-19T00:02:43.857+0000][7][gc,age      ] GC(114) - age   2:       5424 bytes,     634904 total
[2024-01-19T00:02:43.857+0000][7][gc,age      ] GC(114) - age   3:        952 bytes,     635856 total
[2024-01-19T00:02:43.857+0000][7][gc,age      ] GC(114) - age   4:       3280 bytes,     639136 total
[2024-01-19T00:02:43.857+0000][7][gc,age      ] GC(114) - age   5:        320 bytes,     639456 total
[2024-01-19T00:02:43.857+0000][7][gc,age      ] GC(114) - age   7:         32 bytes,     639488 total
[2024-01-19T00:02:43.857+0000][7][gc,age      ] GC(114) - age   8:       6464 bytes,     645952 total
[2024-01-19T00:02:43.857+0000][7][gc,age      ] GC(114) - age   9:         64 bytes,     646016 total
[2024-01-19T00:02:43.857+0000][7][gc,age      ] GC(114) - age  10:        728 bytes,     646744 total
[2024-01-19T00:02:43.857+0000][7][gc,age      ] GC(114) - age  11:      33528 bytes,     680272 total
[2024-01-19T00:02:43.857+0000][7][gc,age      ] GC(114) - age  12:     125240 bytes,     805512 total
[2024-01-19T00:02:43.857+0000][7][gc,age      ] GC(114) - age  13:     135896 bytes,     941408 total
[2024-01-19T00:02:43.857+0000][7][gc,age      ] GC(114) - age  14:     279192 bytes,    1220600 total
[2024-01-19T00:02:43.857+0000][7][gc,age      ] GC(114) - age  15:         96 bytes,    1220696 total
[2024-01-19T00:02:43.857+0000][7][gc,heap     ] GC(114) Eden regions: 152->0(152)
[2024-01-19T00:02:43.857+0000][7][gc,heap     ] GC(114) Survivor regions: 1->1(20)
[2024-01-19T00:02:43.857+0000][7][gc,heap     ] GC(114) Old regions: 32->32
[2024-01-19T00:02:43.857+0000][7][gc,heap     ] GC(114) Archive regions: 2->2
[2024-01-19T00:02:43.857+0000][7][gc,heap     ] GC(114) Humongous regions: 0->0
[2024-01-19T00:02:43.857+0000][7][gc,metaspace] GC(114) Metaspace: 130133K(133888K)->130133K(133888K) NonClass: 113081K(115072K)->113081K(115072K) Class: 17052K(18816K)->17052K(18816K)
[2024-01-19T00:02:43.857+0000][7][gc          ] GC(114) Pause Young (Normal) (G1 Evacuation Pause) 740M->132M(1024M) 2.734ms
[2024-01-19T00:02:43.857+0000][7][gc,cpu      ] GC(114) User=0.01s Sys=0.00s Real=0.00s
[2024-01-19T00:02:43.857+0000][7][safepoint   ] Safepoint "G1CollectForAllocation", Time since last: 17936701484 ns, Reaching safepoint: 39004 ns, At safepoint: 2864320 ns, Total: 2903324 ns
[2024-01-19T00:04:25.868+0000][7][safepoint   ] Safepoint "Cleanup", Time since last: 102011448252 ns, Reaching safepoint: 99116 ns, At safepoint: 13650 ns, Total: 112766 ns
[2024-01-19T00:05:56.829+0000][7][gc,start    ] GC(115) Pause Young (Normal) (G1 Evacuation Pause)
[2024-01-19T00:05:56.829+0000][7][gc,task     ] GC(115) Using 8 workers of 8 for evacuation
[2024-01-19T00:05:56.830+0000][7][gc,age      ] GC(115) Desired survivor size 41943040 bytes, new threshold 15 (max threshold 15)
[2024-01-19T00:05:56.833+0000][7][gc,phases   ] GC(115)   Pre Evacuate Collection Set: 0.1ms
[2024-01-19T00:05:56.833+0000][7][gc,phases   ] GC(115)   Merge Heap Roots: 0.1ms
[2024-01-19T00:05:56.833+0000][7][gc,phases   ] GC(115)   Evacuate Collection Set: 1.9ms
[2024-01-19T00:05:56.833+0000][7][gc,phases   ] GC(115)   Post Evacuate Collection Set: 0.8ms
[2024-01-19T00:05:56.833+0000][7][gc,phases   ] GC(115)   Other: 0.1ms
[2024-01-19T00:05:56.833+0000][7][gc,age      ] GC(115) Age table with threshold 15 (max threshold 15)
[2024-01-19T00:05:56.833+0000][7][gc,age      ] GC(115) - age   1:    1497400 bytes,    1497400 total
[2024-01-19T00:05:56.833+0000][7][gc,age      ] GC(115) - age   2:     298768 bytes,    1796168 total
[2024-01-19T00:05:56.833+0000][7][gc,age      ] GC(115) - age   3:       2448 bytes,    1798616 total
[2024-01-19T00:05:56.833+0000][7][gc,age      ] GC(115) - age   4:         24 bytes,    1798640 total
[2024-01-19T00:05:56.833+0000][7][gc,age      ] GC(115) - age   5:        824 bytes,    1799464 total
[2024-01-19T00:05:56.833+0000][7][gc,age      ] GC(115) - age   6:        320 bytes,    1799784 total
[2024-01-19T00:05:56.833+0000][7][gc,age      ] GC(115) - age   9:       6464 bytes,    1806248 total
[2024-01-19T00:05:56.833+0000][7][gc,age      ] GC(115) - age  10:         64 bytes,    1806312 total
[2024-01-19T00:05:56.833+0000][7][gc,age      ] GC(115) - age  11:        728 bytes,    1807040 total
[2024-01-19T00:05:56.833+0000][7][gc,age      ] GC(115) - age  12:      33528 bytes,    1840568 total
[2024-01-19T00:05:56.833+0000][7][gc,age      ] GC(115) - age  13:     125240 bytes,    1965808 total
[2024-01-19T00:05:56.833+0000][7][gc,age      ] GC(115) - age  14:     135896 bytes,    2101704 total
[2024-01-19T00:05:56.833+0000][7][gc,age      ] GC(115) - age  15:     279192 bytes,    2380896 total
[2024-01-19T00:05:56.833+0000][7][gc,heap     ] GC(115) Eden regions: 152->0(152)
[2024-01-19T00:05:56.833+0000][7][gc,heap     ] GC(115) Survivor regions: 1->1(20)
[2024-01-19T00:05:56.833+0000][7][gc,heap     ] GC(115) Old regions: 32->32
[2024-01-19T00:05:56.833+0000][7][gc,heap     ] GC(115) Archive regions: 2->2
[2024-01-19T00:05:56.833+0000][7][gc,heap     ] GC(115) Humongous regions: 0->0
[2024-01-19T00:05:56.833+0000][7][gc,metaspace] GC(115) Metaspace: 130134K(133888K)->130134K(133888K) NonClass: 113082K(115072K)->113082K(115072K) Class: 17052K(18816K)->17052K(18816K)
[2024-01-19T00:05:56.833+0000][7][gc          ] GC(115) Pause Young (Normal) (G1 Evacuation Pause) 740M->133M(1024M) 3.365ms
[2024-01-19T00:05:56.833+0000][7][gc,cpu      ] GC(115) User=0.02s Sys=0.00s Real=0.00s
[2024-01-19T00:05:56.833+0000][7][safepoint   ] Safepoint "G1CollectForAllocation", Time since last: 90960927941 ns, Reaching safepoint: 56873 ns, At safepoint: 3464289 ns, Total: 3521162 ns
[2024-01-19T00:06:02.834+0000][7][safepoint   ] Safepoint "Cleanup", Time since last: 6000652956 ns, Reaching safepoint: 44922 ns, At safepoint: 4365 ns, Total: 49287 ns
[2024-01-19T00:08:25.848+0000][7][safepoint   ] Safepoint "Cleanup", Time since last: 143014264942 ns, Reaching safepoint: 76206 ns, At safepoint: 6966 ns, Total: 83172 ns
[2024-01-19T00:09:20.823+0000][7][gc,start    ] GC(116) Pause Young (Normal) (G1 Evacuation Pause)
[2024-01-19T00:09:20.823+0000][7][gc,task     ] GC(116) Using 8 workers of 8 for evacuation
[2024-01-19T00:09:20.823+0000][7][gc,age      ] GC(116) Desired survivor size 41943040 bytes, new threshold 15 (max threshold 15)
[2024-01-19T00:09:20.826+0000][7][gc,phases   ] GC(116)   Pre Evacuate Collection Set: 0.1ms
[2024-01-19T00:09:20.826+0000][7][gc,phases   ] GC(116)   Merge Heap Roots: 0.1ms
[2024-01-19T00:09:20.826+0000][7][gc,phases   ] GC(116)   Evacuate Collection Set: 1.9ms
[2024-01-19T00:09:20.826+0000][7][gc,phases   ] GC(116)   Post Evacuate Collection Set: 1.0ms
[2024-01-19T00:09:20.826+0000][7][gc,phases   ] GC(116)   Other: 0.1ms
[2024-01-19T00:09:20.826+0000][7][gc,age      ] GC(116) Age table with threshold 15 (max threshold 15)
[2024-01-19T00:09:20.826+0000][7][gc,age      ] GC(116) - age   1:    1189128 bytes,    1189128 total
[2024-01-19T00:09:20.826+0000][7][gc,age      ] GC(116) - age   2:       4848 bytes,    1193976 total
[2024-01-19T00:09:20.826+0000][7][gc,age      ] GC(116) - age   3:     296784 bytes,    1490760 total
[2024-01-19T00:09:20.826+0000][7][gc,age      ] GC(116) - age   4:       1944 bytes,    1492704 total
[2024-01-19T00:09:20.826+0000][7][gc,age      ] GC(116) - age   5:         24 bytes,    1492728 total
[2024-01-19T00:09:20.826+0000][7][gc,age      ] GC(116) - age   6:        824 bytes,    1493552 total
[2024-01-19T00:09:20.826+0000][7][gc,age      ] GC(116) - age   7:        320 bytes,    1493872 total
[2024-01-19T00:09:20.826+0000][7][gc,age      ] GC(116) - age  10:       6464 bytes,    1500336 total
[2024-01-19T00:09:20.826+0000][7][gc,age      ] GC(116) - age  11:         64 bytes,    1500400 total
[2024-01-19T00:09:20.826+0000][7][gc,age      ] GC(116) - age  12:        728 bytes,    1501128 total
[2024-01-19T00:09:20.826+0000][7][gc,age      ] GC(116) - age  13:      33528 bytes,    1534656 total
[2024-01-19T00:09:20.826+0000][7][gc,age      ] GC(116) - age  14:     125240 bytes,    1659896 total
[2024-01-19T00:09:20.826+0000][7][gc,age      ] GC(116) - age  15:     135896 bytes,    1795792 total
[2024-01-19T00:09:20.826+0000][7][gc,heap     ] GC(116) Eden regions: 152->0(152)
[2024-01-19T00:09:20.826+0000][7][gc,heap     ] GC(116) Survivor regions: 1->1(20)
[2024-01-19T00:09:20.826+0000][7][gc,heap     ] GC(116) Old regions: 32->32
[2024-01-19T00:09:20.826+0000][7][gc,heap     ] GC(116) Archive regions: 2->2
[2024-01-19T00:09:20.826+0000][7][gc,heap     ] GC(116) Humongous regions: 0->0
[2024-01-19T00:09:20.826+0000][7][gc,metaspace] GC(116) Metaspace: 130134K(133888K)->130134K(133888K) NonClass: 113082K(115072K)->113082K(115072K) Class: 17052K(18816K)->17052K(18816K)
[2024-01-19T00:09:20.826+0000][7][gc          ] GC(116) Pause Young (Normal) (G1 Evacuation Pause) 741M->133M(1024M) 3.563ms
[2024-01-19T00:09:20.826+0000][7][gc,cpu      ] GC(116) User=0.02s Sys=0.00s Real=0.00s
[2024-01-19T00:09:20.826+0000][7][safepoint   ] Safepoint "G1CollectForAllocation", Time since last: 54974627045 ns, Reaching safepoint: 41101 ns, At safepoint: 3669694 ns, Total: 3710795 ns
[2024-01-19T00:10:56.835+0000][7][safepoint   ] Safepoint "Cleanup", Time since last: 96008310080 ns, Reaching safepoint: 67396 ns, At safepoint: 7385 ns, Total: 74781 ns
[2024-01-19T00:11:09.836+0000][7][safepoint   ] Safepoint "Cleanup", Time since last: 13001228305 ns, Reaching safepoint: 64645 ns, At safepoint: 6750 ns, Total: 71395 ns
[2024-01-19T00:11:25.838+0000][7][safepoint   ] Safepoint "Cleanup", Time since last: 16001869233 ns, Reaching safepoint: 44836 ns, At safepoint: 3723 ns, Total: 48559 ns
[2024-01-19T00:12:39.930+0000][7][gc,start    ] GC(117) Pause Young (Normal) (G1 Evacuation Pause)
[2024-01-19T00:12:39.930+0000][7][gc,task     ] GC(117) Using 8 workers of 8 for evacuation
[2024-01-19T00:12:39.930+0000][7][gc,age      ] GC(117) Desired survivor size 41943040 bytes, new threshold 15 (max threshold 15)
[2024-01-19T00:12:39.933+0000][7][gc,phases   ] GC(117)   Pre Evacuate Collection Set: 0.1ms
[2024-01-19T00:12:39.933+0000][7][gc,phases   ] GC(117)   Merge Heap Roots: 0.1ms
[2024-01-19T00:12:39.933+0000][7][gc,phases   ] GC(117)   Evacuate Collection Set: 1.5ms
[2024-01-19T00:12:39.933+0000][7][gc,phases   ] GC(117)   Post Evacuate Collection Set: 0.8ms
[2024-01-19T00:12:39.933+0000][7][gc,phases   ] GC(117)   Other: 0.1ms
[2024-01-19T00:12:39.933+0000][7][gc,age      ] GC(117) Age table with threshold 15 (max threshold 15)
[2024-01-19T00:12:39.933+0000][7][gc,age      ] GC(117) - age   1:    1182152 bytes,    1182152 total
[2024-01-19T00:12:39.933+0000][7][gc,age      ] GC(117) - age   2:      10512 bytes,    1192664 total
[2024-01-19T00:12:39.933+0000][7][gc,age      ] GC(117) - age   3:       3440 bytes,    1196104 total
[2024-01-19T00:12:39.933+0000][7][gc,age      ] GC(117) - age   4:     296296 bytes,    1492400 total
[2024-01-19T00:12:39.933+0000][7][gc,age      ] GC(117) - age   5:       1880 bytes,    1494280 total
[2024-01-19T00:12:39.933+0000][7][gc,age      ] GC(117) - age   6:         24 bytes,    1494304 total
[2024-01-19T00:12:39.933+0000][7][gc,age      ] GC(117) - age   7:        640 bytes,    1494944 total
[2024-01-19T00:12:39.933+0000][7][gc,age      ] GC(117) - age   8:        320 bytes,    1495264 total
[2024-01-19T00:12:39.933+0000][7][gc,age      ] GC(117) - age  11:       6464 bytes,    1501728 total
[2024-01-19T00:12:39.933+0000][7][gc,age      ] GC(117) - age  12:         64 bytes,    1501792 total
[2024-01-19T00:12:39.933+0000][7][gc,age      ] GC(117) - age  13:        728 bytes,    1502520 total
[2024-01-19T00:12:39.933+0000][7][gc,age      ] GC(117) - age  14:      33528 bytes,    1536048 total
[2024-01-19T00:12:39.933+0000][7][gc,age      ] GC(117) - age  15:     125240 bytes,    1661288 total
[2024-01-19T00:12:39.933+0000][7][gc,heap     ] GC(117) Eden regions: 152->0(152)
[2024-01-19T00:12:39.933+0000][7][gc,heap     ] GC(117) Survivor regions: 1->1(20)
[2024-01-19T00:12:39.933+0000][7][gc,heap     ] GC(117) Old regions: 32->32
[2024-01-19T00:12:39.933+0000][7][gc,heap     ] GC(117) Archive regions: 2->2
[2024-01-19T00:12:39.933+0000][7][gc,heap     ] GC(117) Humongous regions: 0->0
[2024-01-19T00:12:39.933+0000][7][gc,metaspace] GC(117) Metaspace: 130134K(133888K)->130134K(133888K) NonClass: 113082K(115072K)->113082K(115072K) Class: 17052K(18816K)->17052K(18816K)
[2024-01-19T00:12:39.933+0000][7][gc          ] GC(117) Pause Young (Normal) (G1 Evacuation Pause) 741M->132M(1024M) 2.921ms
[2024-01-19T00:12:39.933+0000][7][gc,cpu      ] GC(117) User=0.01s Sys=0.00s Real=0.00s
[2024-01-19T00:12:39.933+0000][7][safepoint   ] Safepoint "G1CollectForAllocation", Time since last: 74092429465 ns, Reaching safepoint: 52700 ns, At safepoint: 3018319 ns, Total: 3071019 ns
[2024-01-19T00:13:25.939+0000][7][safepoint   ] Safepoint "Cleanup", Time since last: 46005872565 ns, Reaching safepoint: 80697 ns, At safepoint: 6741 ns, Total: 87438 ns
[2024-01-19T00:14:23.947+0000][7][safepoint   ] Safepoint "Cleanup", Time since last: 58007407398 ns, Reaching safepoint: 105203 ns, At safepoint: 7022 ns, Total: 112225 ns
[2024-01-19T00:14:25.947+0000][7][safepoint   ] Safepoint "Cleanup", Time since last: 2000261574 ns, Reaching safepoint: 74185 ns, At safepoint: 6504 ns, Total: 80689 ns
[2024-01-19T00:15:04.952+0000][7][safepoint   ] Safepoint "Cleanup", Time since last: 39004802419 ns, Reaching safepoint: 76661 ns, At safepoint: 5980 ns, Total: 82641 ns
[2024-01-19T00:16:08.849+0000][7][gc,start    ] GC(118) Pause Young (Normal) (G1 Evacuation Pause)
[2024-01-19T00:16:08.849+0000][7][gc,task     ] GC(118) Using 8 workers of 8 for evacuation
[2024-01-19T00:16:08.849+0000][7][gc,age      ] GC(118) Desired survivor size 41943040 bytes, new threshold 15 (max threshold 15)
[2024-01-19T00:16:08.852+0000][7][gc,phases   ] GC(118)   Pre Evacuate Collection Set: 0.1ms
[2024-01-19T00:16:08.852+0000][7][gc,phases   ] GC(118)   Merge Heap Roots: 0.1ms
[2024-01-19T00:16:08.852+0000][7][gc,phases   ] GC(118)   Evacuate Collection Set: 1.7ms
[2024-01-19T00:16:08.852+0000][7][gc,phases   ] GC(118)   Post Evacuate Collection Set: 0.8ms
[2024-01-19T00:16:08.852+0000][7][gc,phases   ] GC(118)   Other: 0.1ms
[2024-01-19T00:16:08.852+0000][7][gc,age      ] GC(118) Age table with threshold 15 (max threshold 15)
[2024-01-19T00:16:08.852+0000][7][gc,age      ] GC(118) - age   1:    1590280 bytes,    1590280 total
[2024-01-19T00:16:08.852+0000][7][gc,age      ] GC(118) - age   2:       3072 bytes,    1593352 total
[2024-01-19T00:16:08.852+0000][7][gc,age      ] GC(118) - age   3:        624 bytes,    1593976 total
[2024-01-19T00:16:08.852+0000][7][gc,age      ] GC(118) - age   4:         64 bytes,    1594040 total
[2024-01-19T00:16:08.852+0000][7][gc,age      ] GC(118) - age   5:     281584 bytes,    1875624 total
[2024-01-19T00:16:08.852+0000][7][gc,age      ] GC(118) - age   6:       1488 bytes,    1877112 total
[2024-01-19T00:16:08.852+0000][7][gc,age      ] GC(118) - age   8:         72 bytes,    1877184 total
[2024-01-19T00:16:08.852+0000][7][gc,age      ] GC(118) - age   9:        320 bytes,    1877504 total
[2024-01-19T00:16:08.852+0000][7][gc,age      ] GC(118) - age  12:       6464 bytes,    1883968 total
[2024-01-19T00:16:08.852+0000][7][gc,age      ] GC(118) - age  13:         64 bytes,    1884032 total
[2024-01-19T00:16:08.852+0000][7][gc,age      ] GC(118) - age  14:        712 bytes,    1884744 total
[2024-01-19T00:16:08.852+0000][7][gc,age      ] GC(118) - age  15:      13072 bytes,    1897816 total
[2024-01-19T00:16:08.852+0000][7][gc,heap     ] GC(118) Eden regions: 152->0(152)
[2024-01-19T00:16:08.852+0000][7][gc,heap     ] GC(118) Survivor regions: 1->1(20)
[2024-01-19T00:16:08.852+0000][7][gc,heap     ] GC(118) Old regions: 32->32
[2024-01-19T00:16:08.852+0000][7][gc,heap     ] GC(118) Archive regions: 2->2
[2024-01-19T00:16:08.852+0000][7][gc,heap     ] GC(118) Humongous regions: 0->0
[2024-01-19T00:16:08.852+0000][7][gc,metaspace] GC(118) Metaspace: 130137K(133888K)->130137K(133888K) NonClass: 113085K(115072K)->113085K(115072K) Class: 17052K(18816K)->17052K(18816K)
[2024-01-19T00:16:08.852+0000][7][gc          ] GC(118) Pause Young (Normal) (G1 Evacuation Pause) 740M->133M(1024M) 3.130ms
[2024-01-19T00:16:08.852+0000][7][gc,cpu      ] GC(118) User=0.01s Sys=0.00s Real=0.00s
[2024-01-19T00:16:08.852+0000][7][safepoint   ] Safepoint "G1CollectForAllocation", Time since last: 63896964044 ns, Reaching safepoint: 57443 ns, At safepoint: 3223875 ns, Total: 3281318 ns
[2024-01-19T00:16:25.854+0000][7][safepoint   ] Safepoint "Cleanup", Time since last: 17001918080 ns, Reaching safepoint: 108682 ns, At safepoint: 9819 ns, Total: 118501 ns
[2024-01-19T00:18:25.868+0000][7][safepoint   ] Safepoint "Cleanup", Time since last: 120013346809 ns, Reaching safepoint: 68908 ns, At safepoint: 38664 ns, Total: 107572 ns
[2024-01-19T00:19:26.871+0000][7][gc,start    ] GC(119) Pause Young (Normal) (G1 Evacuation Pause)
[2024-01-19T00:19:26.871+0000][7][gc,task     ] GC(119) Using 8 workers of 8 for evacuation
[2024-01-19T00:19:26.871+0000][7][gc,age      ] GC(119) Desired survivor size 41943040 bytes, new threshold 15 (max threshold 15)
[2024-01-19T00:19:26.873+0000][7][gc,phases   ] GC(119)   Pre Evacuate Collection Set: 0.1ms
[2024-01-19T00:19:26.873+0000][7][gc,phases   ] GC(119)   Merge Heap Roots: 0.1ms
[2024-01-19T00:19:26.873+0000][7][gc,phases   ] GC(119)   Evacuate Collection Set: 1.6ms
[2024-01-19T00:19:26.873+0000][7][gc,phases   ] GC(119)   Post Evacuate Collection Set: 0.7ms
[2024-01-19T00:19:26.874+0000][7][gc,phases   ] GC(119)   Other: 0.1ms
[2024-01-19T00:19:26.874+0000][7][gc,age      ] GC(119) Age table with threshold 15 (max threshold 15)
[2024-01-19T00:19:26.874+0000][7][gc,age      ] GC(119) - age   1:    1702024 bytes,    1702024 total
[2024-01-19T00:19:26.874+0000][7][gc,age      ] GC(119) - age   2:      95408 bytes,    1797432 total
[2024-01-19T00:19:26.874+0000][7][gc,age      ] GC(119) - age   3:        824 bytes,    1798256 total
[2024-01-19T00:19:26.874+0000][7][gc,age      ] GC(119) - age   4:        184 bytes,    1798440 total
[2024-01-19T00:19:26.874+0000][7][gc,age      ] GC(119) - age   5:         64 bytes,    1798504 total
[2024-01-19T00:19:26.874+0000][7][gc,age      ] GC(119) - age   6:     265128 bytes,    2063632 total
[2024-01-19T00:19:26.874+0000][7][gc,age      ] GC(119) - age   7:       1104 bytes,    2064736 total
[2024-01-19T00:19:26.874+0000][7][gc,age      ] GC(119) - age   9:         72 bytes,    2064808 total
[2024-01-19T00:19:26.874+0000][7][gc,age      ] GC(119) - age  10:        320 bytes,    2065128 total
[2024-01-19T00:19:26.874+0000][7][gc,age      ] GC(119) - age  13:       6464 bytes,    2071592 total
[2024-01-19T00:19:26.874+0000][7][gc,age      ] GC(119) - age  14:         64 bytes,    2071656 total
[2024-01-19T00:19:26.874+0000][7][gc,age      ] GC(119) - age  15:        712 bytes,    2072368 total
[2024-01-19T00:19:26.874+0000][7][gc,heap     ] GC(119) Eden regions: 152->0(152)
[2024-01-19T00:19:26.874+0000][7][gc,heap     ] GC(119) Survivor regions: 1->1(20)
[2024-01-19T00:19:26.874+0000][7][gc,heap     ] GC(119) Old regions: 32->32
[2024-01-19T00:19:26.874+0000][7][gc,heap     ] GC(119) Archive regions: 2->2
[2024-01-19T00:19:26.874+0000][7][gc,heap     ] GC(119) Humongous regions: 0->0
[2024-01-19T00:19:26.874+0000][7][gc,metaspace] GC(119) Metaspace: 130137K(133888K)->130137K(133888K) NonClass: 113085K(115072K)->113085K(115072K) Class: 17052K(18816K)->17052K(18816K)
[2024-01-19T00:19:26.874+0000][7][gc          ] GC(119) Pause Young (Normal) (G1 Evacuation Pause) 741M->133M(1024M) 2.961ms
[2024-01-19T00:19:26.874+0000][7][gc,cpu      ] GC(119) User=0.02s Sys=0.00s Real=0.00s
[2024-01-19T00:19:26.874+0000][7][safepoint   ] Safepoint "G1CollectForAllocation", Time since last: 61002820056 ns, Reaching safepoint: 88096 ns, At safepoint: 3056438 ns, Total: 3144534 ns
[2024-01-19T00:20:49.882+0000][7][safepoint   ] Safepoint "Cleanup", Time since last: 83008050989 ns, Reaching safepoint: 89828 ns, At safepoint: 8639 ns, Total: 98467 ns
[2024-01-19T00:20:54.883+0000][7][safepoint   ] Safepoint "Cleanup", Time since last: 5000784532 ns, Reaching safepoint: 70921 ns, At safepoint: 10099 ns, Total: 81020 ns
[2024-01-19T00:21:59.875+0000][7][gc,start    ] GC(120) Pause Young (Normal) (G1 Evacuation Pause)
[2024-01-19T00:21:59.875+0000][7][gc,task     ] GC(120) Using 8 workers of 8 for evacuation
[2024-01-19T00:21:59.875+0000][7][gc,age      ] GC(120) Desired survivor size 41943040 bytes, new threshold 15 (max threshold 15)
[2024-01-19T00:21:59.878+0000][7][gc,phases   ] GC(120)   Pre Evacuate Collection Set: 0.1ms
[2024-01-19T00:21:59.878+0000][7][gc,phases   ] GC(120)   Merge Heap Roots: 0.1ms
[2024-01-19T00:21:59.878+0000][7][gc,phases   ] GC(120)   Evacuate Collection Set: 1.6ms
[2024-01-19T00:21:59.878+0000][7][gc,phases   ] GC(120)   Post Evacuate Collection Set: 0.7ms
[2024-01-19T00:21:59.878+0000][7][gc,phases   ] GC(120)   Other: 0.1ms
[2024-01-19T00:21:59.878+0000][7][gc,age      ] GC(120) Age table with threshold 15 (max threshold 15)
[2024-01-19T00:21:59.878+0000][7][gc,age      ] GC(120) - age   1:    1896864 bytes,    1896864 total
[2024-01-19T00:21:59.878+0000][7][gc,age      ] GC(120) - age   2:      84456 bytes,    1981320 total
[2024-01-19T00:21:59.878+0000][7][gc,age      ] GC(120) - age   3:      85160 bytes,    2066480 total
[2024-01-19T00:21:59.878+0000][7][gc,age      ] GC(120) - age   4:        440 bytes,    2066920 total
[2024-01-19T00:21:59.878+0000][7][gc,age      ] GC(120) - age   5:        184 bytes,    2067104 total
[2024-01-19T00:21:59.878+0000][7][gc,age      ] GC(120) - age   6:         64 bytes,    2067168 total
[2024-01-19T00:21:59.878+0000][7][gc,age      ] GC(120) - age   7:     264888 bytes,    2332056 total
[2024-01-19T00:21:59.878+0000][7][gc,age      ] GC(120) - age   8:       1104 bytes,    2333160 total
[2024-01-19T00:21:59.878+0000][7][gc,age      ] GC(120) - age  10:         72 bytes,    2333232 total
[2024-01-19T00:21:59.878+0000][7][gc,age      ] GC(120) - age  11:        320 bytes,    2333552 total
[2024-01-19T00:21:59.878+0000][7][gc,age      ] GC(120) - age  14:       6464 bytes,    2340016 total
[2024-01-19T00:21:59.878+0000][7][gc,age      ] GC(120) - age  15:         64 bytes,    2340080 total
[2024-01-19T00:21:59.878+0000][7][gc,heap     ] GC(120) Eden regions: 152->0(152)
[2024-01-19T00:21:59.878+0000][7][gc,heap     ] GC(120) Survivor regions: 1->1(20)
[2024-01-19T00:21:59.878+0000][7][gc,heap     ] GC(120) Old regions: 32->32
[2024-01-19T00:21:59.878+0000][7][gc,heap     ] GC(120) Archive regions: 2->2
[2024-01-19T00:21:59.878+0000][7][gc,heap     ] GC(120) Humongous regions: 0->0
[2024-01-19T00:21:59.878+0000][7][gc,metaspace] GC(120) Metaspace: 130137K(133888K)->130137K(133888K) NonClass: 113085K(115072K)->113085K(115072K) Class: 17052K(18816K)->17052K(18816K)
[2024-01-19T00:21:59.878+0000][7][gc          ] GC(120) Pause Young (Normal) (G1 Evacuation Pause) 741M->133M(1024M) 2.944ms
[2024-01-19T00:21:59.878+0000][7][gc,cpu      ] GC(120) User=0.01s Sys=0.00s Real=0.00s
[2024-01-19T00:21:59.878+0000][7][safepoint   ] Safepoint "G1CollectForAllocation", Time since last: 64992139960 ns, Reaching safepoint: 80433 ns, At safepoint: 3035842 ns, Total: 3116275 ns
[2024-01-19T00:23:07.886+0000][7][safepoint   ] Safepoint "Cleanup", Time since last: 68008225526 ns, Reaching safepoint: 63149 ns, At safepoint: 7161 ns, Total: 70310 ns
[2024-01-19T00:24:38.885+0000][7][gc,start    ] GC(121) Pause Young (Normal) (G1 Evacuation Pause)
[2024-01-19T00:24:38.885+0000][7][gc,task     ] GC(121) Using 8 workers of 8 for evacuation
[2024-01-19T00:24:38.885+0000][7][gc,age      ] GC(121) Desired survivor size 41943040 bytes, new threshold 15 (max threshold 15)
[2024-01-19T00:24:38.888+0000][7][gc,phases   ] GC(121)   Pre Evacuate Collection Set: 0.1ms
[2024-01-19T00:24:38.888+0000][7][gc,phases   ] GC(121)   Merge Heap Roots: 0.1ms
[2024-01-19T00:24:38.888+0000][7][gc,phases   ] GC(121)   Evacuate Collection Set: 1.6ms
[2024-01-19T00:24:38.888+0000][7][gc,phases   ] GC(121)   Post Evacuate Collection Set: 0.7ms
[2024-01-19T00:24:38.888+0000][7][gc,phases   ] GC(121)   Other: 0.1ms
[2024-01-19T00:24:38.888+0000][7][gc,age      ] GC(121) Age table with threshold 15 (max threshold 15)
[2024-01-19T00:24:38.888+0000][7][gc,age      ] GC(121) - age   1:    1360520 bytes,    1360520 total
[2024-01-19T00:24:38.888+0000][7][gc,age      ] GC(121) - age   2:     204968 bytes,    1565488 total
[2024-01-19T00:24:38.888+0000][7][gc,age      ] GC(121) - age   3:      82432 bytes,    1647920 total
[2024-01-19T00:24:38.888+0000][7][gc,age      ] GC(121) - age   4:      81272 bytes,    1729192 total
[2024-01-19T00:24:38.888+0000][7][gc,age      ] GC(121) - age   5:        440 bytes,    1729632 total
[2024-01-19T00:24:38.888+0000][7][gc,age      ] GC(121) - age   6:        184 bytes,    1729816 total
[2024-01-19T00:24:38.888+0000][7][gc,age      ] GC(121) - age   7:         32 bytes,    1729848 total
[2024-01-19T00:24:38.888+0000][7][gc,age      ] GC(121) - age   8:     264888 bytes,    1994736 total
[2024-01-19T00:24:38.888+0000][7][gc,age      ] GC(121) - age   9:       1104 bytes,    1995840 total
[2024-01-19T00:24:38.888+0000][7][gc,age      ] GC(121) - age  11:         72 bytes,    1995912 total
[2024-01-19T00:24:38.888+0000][7][gc,age      ] GC(121) - age  12:        320 bytes,    1996232 total
[2024-01-19T00:24:38.888+0000][7][gc,age      ] GC(121) - age  15:       6464 bytes,    2002696 total
[2024-01-19T00:24:38.888+0000][7][gc,heap     ] GC(121) Eden regions: 152->0(152)
[2024-01-19T00:24:38.888+0000][7][gc,heap     ] GC(121) Survivor regions: 1->1(20)
[2024-01-19T00:24:38.888+0000][7][gc,heap     ] GC(121) Old regions: 32->32
[2024-01-19T00:24:38.888+0000][7][gc,heap     ] GC(121) Archive regions: 2->2
[2024-01-19T00:24:38.888+0000][7][gc,heap     ] GC(121) Humongous regions: 0->0
[2024-01-19T00:24:38.888+0000][7][gc,metaspace] GC(121) Metaspace: 130138K(133888K)->130138K(133888K) NonClass: 113086K(115072K)->113086K(115072K) Class: 17052K(18816K)->17052K(18816K)
[2024-01-19T00:24:38.888+0000][7][gc          ] GC(121) Pause Young (Normal) (G1 Evacuation Pause) 741M->133M(1024M) 2.910ms
[2024-01-19T00:24:38.888+0000][7][gc,cpu      ] GC(121) User=0.00s Sys=0.01s Real=0.01s
[2024-01-19T00:24:38.888+0000][7][safepoint   ] Safepoint "G1CollectForAllocation", Time since last: 90998616610 ns, Reaching safepoint: 41669 ns, At safepoint: 3002016 ns, Total: 3043685 ns
[2024-01-19T00:27:11.921+0000][7][gc,start    ] GC(122) Pause Young (Normal) (G1 Evacuation Pause)
[2024-01-19T00:27:11.921+0000][7][gc,task     ] GC(122) Using 8 workers of 8 for evacuation
[2024-01-19T00:27:11.921+0000][7][gc,age      ] GC(122) Desired survivor size 41943040 bytes, new threshold 15 (max threshold 15)
[2024-01-19T00:27:11.924+0000][7][gc,phases   ] GC(122)   Pre Evacuate Collection Set: 0.1ms
[2024-01-19T00:27:11.924+0000][7][gc,phases   ] GC(122)   Merge Heap Roots: 0.1ms
[2024-01-19T00:27:11.924+0000][7][gc,phases   ] GC(122)   Evacuate Collection Set: 1.9ms
[2024-01-19T00:27:11.924+0000][7][gc,phases   ] GC(122)   Post Evacuate Collection Set: 0.7ms
[2024-01-19T00:27:11.924+0000][7][gc,phases   ] GC(122)   Other: 0.1ms
[2024-01-19T00:27:11.924+0000][7][gc,age      ] GC(122) Age table with threshold 15 (max threshold 15)
[2024-01-19T00:27:11.924+0000][7][gc,age      ] GC(122) - age   1:    2034336 bytes,    2034336 total
[2024-01-19T00:27:11.924+0000][7][gc,age      ] GC(122) - age   2:      31616 bytes,    2065952 total
[2024-01-19T00:27:11.924+0000][7][gc,age      ] GC(122) - age   3:     201896 bytes,    2267848 total
[2024-01-19T00:27:11.924+0000][7][gc,age      ] GC(122) - age   4:      82048 bytes,    2349896 total
[2024-01-19T00:27:11.924+0000][7][gc,age      ] GC(122) - age   5:      81272 bytes,    2431168 total
[2024-01-19T00:27:11.924+0000][7][gc,age      ] GC(122) - age   6:        440 bytes,    2431608 total
[2024-01-19T00:27:11.924+0000][7][gc,age      ] GC(122) - age   7:        184 bytes,    2431792 total
[2024-01-19T00:27:11.924+0000][7][gc,age      ] GC(122) - age   9:     264704 bytes,    2696496 total
[2024-01-19T00:27:11.924+0000][7][gc,age      ] GC(122) - age  10:       1104 bytes,    2697600 total
[2024-01-19T00:27:11.924+0000][7][gc,age      ] GC(122) - age  12:         72 bytes,    2697672 total
[2024-01-19T00:27:11.924+0000][7][gc,age      ] GC(122) - age  13:        320 bytes,    2697992 total
[2024-01-19T00:27:11.924+0000][7][gc,heap     ] GC(122) Eden regions: 152->0(152)
[2024-01-19T00:27:11.924+0000][7][gc,heap     ] GC(122) Survivor regions: 1->1(20)
[2024-01-19T00:27:11.924+0000][7][gc,heap     ] GC(122) Old regions: 32->32
[2024-01-19T00:27:11.924+0000][7][gc,heap     ] GC(122) Archive regions: 2->2
[2024-01-19T00:27:11.924+0000][7][gc,heap     ] GC(122) Humongous regions: 0->0
[2024-01-19T00:27:11.924+0000][7][gc,metaspace] GC(122) Metaspace: 130138K(133888K)->130138K(133888K) NonClass: 113086K(115072K)->113086K(115072K) Class: 17052K(18816K)->17052K(18816K)
[2024-01-19T00:27:11.924+0000][7][gc          ] GC(122) Pause Young (Normal) (G1 Evacuation Pause) 741M->134M(1024M) 3.182ms
[2024-01-19T00:27:11.924+0000][7][gc,cpu      ] GC(122) User=0.02s Sys=0.00s Real=0.00s
[2024-01-19T00:27:11.924+0000][7][safepoint   ] Safepoint "G1CollectForAllocation", Time since last: 153033063311 ns, Reaching safepoint: 108017 ns, At safepoint: 3277427 ns, Total: 3385444 ns
[2024-01-19T00:29:50.960+0000][7][gc,start    ] GC(123) Pause Young (Normal) (G1 Evacuation Pause)
[2024-01-19T00:29:50.960+0000][7][gc,task     ] GC(123) Using 8 workers of 8 for evacuation
[2024-01-19T00:29:50.960+0000][7][gc,age      ] GC(123) Desired survivor size 41943040 bytes, new threshold 15 (max threshold 15)
[2024-01-19T00:29:50.963+0000][7][gc,phases   ] GC(123)   Pre Evacuate Collection Set: 0.1ms
[2024-01-19T00:29:50.963+0000][7][gc,phases   ] GC(123)   Merge Heap Roots: 0.1ms
[2024-01-19T00:29:50.963+0000][7][gc,phases   ] GC(123)   Evacuate Collection Set: 1.7ms
[2024-01-19T00:29:50.963+0000][7][gc,phases   ] GC(123)   Post Evacuate Collection Set: 0.8ms
[2024-01-19T00:29:50.963+0000][7][gc,phases   ] GC(123)   Other: 0.1ms
[2024-01-19T00:29:50.963+0000][7][gc,age      ] GC(123) Age table with threshold 15 (max threshold 15)
[2024-01-19T00:29:50.963+0000][7][gc,age      ] GC(123) - age   1:    1337816 bytes,    1337816 total
[2024-01-19T00:29:50.963+0000][7][gc,age      ] GC(123) - age   2:       4120 bytes,    1341936 total
[2024-01-19T00:29:50.963+0000][7][gc,age      ] GC(123) - age   3:      29616 bytes,    1371552 total
[2024-01-19T00:29:50.963+0000][7][gc,age      ] GC(123) - age   4:     201624 bytes,    1573176 total
[2024-01-19T00:29:50.963+0000][7][gc,age      ] GC(123) - age   5:      82048 bytes,    1655224 total
[2024-01-19T00:29:50.963+0000][7][gc,age      ] GC(123) - age   6:      80816 bytes,    1736040 total
[2024-01-19T00:29:50.963+0000][7][gc,age      ] GC(123) - age   7:        440 bytes,    1736480 total
[2024-01-19T00:29:50.963+0000][7][gc,age      ] GC(123) - age   8:        184 bytes,    1736664 total
[2024-01-19T00:29:50.963+0000][7][gc,age      ] GC(123) - age  10:     264704 bytes,    2001368 total
[2024-01-19T00:29:50.963+0000][7][gc,age      ] GC(123) - age  11:       1104 bytes,    2002472 total
[2024-01-19T00:29:50.963+0000][7][gc,age      ] GC(123) - age  13:         72 bytes,    2002544 total
[2024-01-19T00:29:50.963+0000][7][gc,age      ] GC(123) - age  14:        320 bytes,    2002864 total
[2024-01-19T00:29:50.963+0000][7][gc,heap     ] GC(123) Eden regions: 152->0(152)
[2024-01-19T00:29:50.963+0000][7][gc,heap     ] GC(123) Survivor regions: 1->1(20)
[2024-01-19T00:29:50.963+0000][7][gc,heap     ] GC(123) Old regions: 32->32
[2024-01-19T00:29:50.963+0000][7][gc,heap     ] GC(123) Archive regions: 2->2
[2024-01-19T00:29:50.963+0000][7][gc,heap     ] GC(123) Humongous regions: 0->0
[2024-01-19T00:29:50.963+0000][7][gc,metaspace] GC(123) Metaspace: 130144K(133888K)->130144K(133888K) NonClass: 113092K(115072K)->113092K(115072K) Class: 17052K(18816K)->17052K(18816K)
[2024-01-19T00:29:50.963+0000][7][gc          ] GC(123) Pause Young (Normal) (G1 Evacuation Pause) 742M->133M(1024M) 3.107ms
[2024-01-19T00:29:50.963+0000][7][gc,cpu      ] GC(123) User=0.02s Sys=0.00s Real=0.00s
[2024-01-19T00:29:50.963+0000][7][safepoint   ] Safepoint "G1CollectForAllocation", Time since last: 159035293792 ns, Reaching safepoint: 61263 ns, At safepoint: 3230334 ns, Total: 3291597 ns
[2024-01-19T00:31:18.974+0000][7][safepoint   ] Safepoint "Cleanup", Time since last: 88010777542 ns, Reaching safepoint: 81474 ns, At safepoint: 7054 ns, Total: 88528 ns
[2024-01-19T00:31:47.978+0000][7][safepoint   ] Safepoint "Cleanup", Time since last: 29003979393 ns, Reaching safepoint: 71043 ns, At safepoint: 7377 ns, Total: 78420 ns
[2024-01-19T00:32:26.983+0000][7][gc,start    ] GC(124) Pause Young (Normal) (G1 Evacuation Pause)
[2024-01-19T00:32:26.983+0000][7][gc,task     ] GC(124) Using 8 workers of 8 for evacuation
[2024-01-19T00:32:26.983+0000][7][gc,age      ] GC(124) Desired survivor size 41943040 bytes, new threshold 15 (max threshold 15)
[2024-01-19T00:32:26.986+0000][7][gc,phases   ] GC(124)   Pre Evacuate Collection Set: 0.1ms
[2024-01-19T00:32:26.986+0000][7][gc,phases   ] GC(124)   Merge Heap Roots: 0.1ms
[2024-01-19T00:32:26.986+0000][7][gc,phases   ] GC(124)   Evacuate Collection Set: 1.7ms
[2024-01-19T00:32:26.986+0000][7][gc,phases   ] GC(124)   Post Evacuate Collection Set: 0.8ms
[2024-01-19T00:32:26.986+0000][7][gc,phases   ] GC(124)   Other: 0.1ms
[2024-01-19T00:32:26.986+0000][7][gc,age      ] GC(124) Age table with threshold 15 (max threshold 15)
[2024-01-19T00:32:26.986+0000][7][gc,age      ] GC(124) - age   1:    1431728 bytes,    1431728 total
[2024-01-19T00:32:26.986+0000][7][gc,age      ] GC(124) - age   2:       9920 bytes,    1441648 total
[2024-01-19T00:32:26.986+0000][7][gc,age      ] GC(124) - age   3:       1896 bytes,    1443544 total
[2024-01-19T00:32:26.986+0000][7][gc,age      ] GC(124) - age   4:      29488 bytes,    1473032 total
[2024-01-19T00:32:26.986+0000][7][gc,age      ] GC(124) - age   5:     201624 bytes,    1674656 total
[2024-01-19T00:32:26.986+0000][7][gc,age      ] GC(124) - age   6:      82048 bytes,    1756704 total
[2024-01-19T00:32:26.986+0000][7][gc,age      ] GC(124) - age   7:      80816 bytes,    1837520 total
[2024-01-19T00:32:26.986+0000][7][gc,age      ] GC(124) - age   8:        440 bytes,    1837960 total
[2024-01-19T00:32:26.986+0000][7][gc,age      ] GC(124) - age   9:        184 bytes,    1838144 total
[2024-01-19T00:32:26.986+0000][7][gc,age      ] GC(124) - age  11:     264704 bytes,    2102848 total
[2024-01-19T00:32:26.986+0000][7][gc,age      ] GC(124) - age  12:       1104 bytes,    2103952 total
[2024-01-19T00:32:26.986+0000][7][gc,age      ] GC(124) - age  14:         72 bytes,    2104024 total
[2024-01-19T00:32:26.986+0000][7][gc,age      ] GC(124) - age  15:        136 bytes,    2104160 total
[2024-01-19T00:32:26.986+0000][7][gc,heap     ] GC(124) Eden regions: 152->0(152)
[2024-01-19T00:32:26.986+0000][7][gc,heap     ] GC(124) Survivor regions: 1->1(20)
[2024-01-19T00:32:26.986+0000][7][gc,heap     ] GC(124) Old regions: 32->32
[2024-01-19T00:32:26.986+0000][7][gc,heap     ] GC(124) Archive regions: 2->2
[2024-01-19T00:32:26.986+0000][7][gc,heap     ] GC(124) Humongous regions: 0->0
[2024-01-19T00:32:26.986+0000][7][gc,metaspace] GC(124) Metaspace: 130144K(133888K)->130144K(133888K) NonClass: 113092K(115072K)->113092K(115072K) Class: 17052K(18816K)->17052K(18816K)
[2024-01-19T00:32:26.986+0000][7][gc          ] GC(124) Pause Young (Normal) (G1 Evacuation Pause) 741M->133M(1024M) 3.187ms
[2024-01-19T00:32:26.986+0000][7][gc,cpu      ] GC(124) User=0.02s Sys=0.00s Real=0.00s
[2024-01-19T00:32:26.986+0000][7][safepoint   ] Safepoint "G1CollectForAllocation", Time since last: 39004778403 ns, Reaching safepoint: 37070 ns, At safepoint: 3283473 ns, Total: 3320543 ns
[2024-01-19T00:34:26.000+0000][7][safepoint   ] Safepoint "Cleanup", Time since last: 119014299373 ns, Reaching safepoint: 89071 ns, At safepoint: 8058 ns, Total: 97129 ns
[2024-01-19T00:35:44.946+0000][7][gc,start    ] GC(125) Pause Young (Normal) (G1 Evacuation Pause)
[2024-01-19T00:35:44.946+0000][7][gc,task     ] GC(125) Using 8 workers of 8 for evacuation
[2024-01-19T00:35:44.946+0000][7][gc,age      ] GC(125) Desired survivor size 41943040 bytes, new threshold 15 (max threshold 15)
[2024-01-19T00:35:44.948+0000][7][gc,phases   ] GC(125)   Pre Evacuate Collection Set: 0.1ms
[2024-01-19T00:35:44.949+0000][7][gc,phases   ] GC(125)   Merge Heap Roots: 0.1ms
[2024-01-19T00:35:44.949+0000][7][gc,phases   ] GC(125)   Evacuate Collection Set: 1.7ms
[2024-01-19T00:35:44.949+0000][7][gc,phases   ] GC(125)   Post Evacuate Collection Set: 0.7ms
[2024-01-19T00:35:44.949+0000][7][gc,phases   ] GC(125)   Other: 0.1ms
[2024-01-19T00:35:44.949+0000][7][gc,age      ] GC(125) Age table with threshold 15 (max threshold 15)
[2024-01-19T00:35:44.949+0000][7][gc,age      ] GC(125) - age   1:    2059280 bytes,    2059280 total
[2024-01-19T00:35:44.949+0000][7][gc,age      ] GC(125) - age   2:      10728 bytes,    2070008 total
[2024-01-19T00:35:44.949+0000][7][gc,age      ] GC(125) - age   3:       7408 bytes,    2077416 total
[2024-01-19T00:35:44.949+0000][7][gc,age      ] GC(125) - age   4:        392 bytes,    2077808 total
[2024-01-19T00:35:44.949+0000][7][gc,age      ] GC(125) - age   5:      25392 bytes,    2103200 total
[2024-01-19T00:35:44.949+0000][7][gc,age      ] GC(125) - age   6:     201304 bytes,    2304504 total
[2024-01-19T00:35:44.949+0000][7][gc,age      ] GC(125) - age   7:      81864 bytes,    2386368 total
[2024-01-19T00:35:44.949+0000][7][gc,age      ] GC(125) - age   8:      80784 bytes,    2467152 total
[2024-01-19T00:35:44.949+0000][7][gc,age      ] GC(125) - age   9:        440 bytes,    2467592 total
[2024-01-19T00:35:44.949+0000][7][gc,age      ] GC(125) - age  10:        184 bytes,    2467776 total
[2024-01-19T00:35:44.949+0000][7][gc,age      ] GC(125) - age  12:     264704 bytes,    2732480 total
[2024-01-19T00:35:44.949+0000][7][gc,age      ] GC(125) - age  13:       1104 bytes,    2733584 total
[2024-01-19T00:35:44.949+0000][7][gc,age      ] GC(125) - age  15:         72 bytes,    2733656 total
[2024-01-19T00:35:44.949+0000][7][gc,heap     ] GC(125) Eden regions: 152->0(152)
[2024-01-19T00:35:44.949+0000][7][gc,heap     ] GC(125) Survivor regions: 1->1(20)
[2024-01-19T00:35:44.949+0000][7][gc,heap     ] GC(125) Old regions: 32->32
[2024-01-19T00:35:44.949+0000][7][gc,heap     ] GC(125) Archive regions: 2->2
[2024-01-19T00:35:44.949+0000][7][gc,heap     ] GC(125) Humongous regions: 0->0
[2024-01-19T00:35:44.949+0000][7][gc,metaspace] GC(125) Metaspace: 130162K(133888K)->130162K(133888K) NonClass: 113109K(115072K)->113109K(115072K) Class: 17052K(18816K)->17052K(18816K)
[2024-01-19T00:35:44.949+0000][7][gc          ] GC(125) Pause Young (Normal) (G1 Evacuation Pause) 741M->134M(1024M) 2.997ms
[2024-01-19T00:35:44.949+0000][7][gc,cpu      ] GC(125) User=0.01s Sys=0.00s Real=0.01s
[2024-01-19T00:35:44.949+0000][7][safepoint   ] Safepoint "G1CollectForAllocation", Time since last: 78945138624 ns, Reaching safepoint: 118929 ns, At safepoint: 3089718 ns, Total: 3208647 ns
[2024-01-19T00:39:08.912+0000][7][gc,start    ] GC(126) Pause Young (Normal) (G1 Evacuation Pause)
[2024-01-19T00:39:08.912+0000][7][gc,task     ] GC(126) Using 8 workers of 8 for evacuation
[2024-01-19T00:39:08.912+0000][7][gc,age      ] GC(126) Desired survivor size 41943040 bytes, new threshold 15 (max threshold 15)
[2024-01-19T00:39:08.915+0000][7][gc,phases   ] GC(126)   Pre Evacuate Collection Set: 0.1ms
[2024-01-19T00:39:08.915+0000][7][gc,phases   ] GC(126)   Merge Heap Roots: 0.1ms
[2024-01-19T00:39:08.915+0000][7][gc,phases   ] GC(126)   Evacuate Collection Set: 1.8ms
[2024-01-19T00:39:08.915+0000][7][gc,phases   ] GC(126)   Post Evacuate Collection Set: 0.8ms
[2024-01-19T00:39:08.915+0000][7][gc,phases   ] GC(126)   Other: 0.1ms
[2024-01-19T00:39:08.915+0000][7][gc,age      ] GC(126) Age table with threshold 15 (max threshold 15)
[2024-01-19T00:39:08.915+0000][7][gc,age      ] GC(126) - age   1:    1621504 bytes,    1621504 total
[2024-01-19T00:39:08.915+0000][7][gc,age      ] GC(126) - age   2:       7880 bytes,    1629384 total
[2024-01-19T00:39:08.915+0000][7][gc,age      ] GC(126) - age   3:       8520 bytes,    1637904 total
[2024-01-19T00:39:08.915+0000][7][gc,age      ] GC(126) - age   4:       7408 bytes,    1645312 total
[2024-01-19T00:39:08.915+0000][7][gc,age      ] GC(126) - age   5:        328 bytes,    1645640 total
[2024-01-19T00:39:08.915+0000][7][gc,age      ] GC(126) - age   6:      25392 bytes,    1671032 total
[2024-01-19T00:39:08.915+0000][7][gc,age      ] GC(126) - age   7:     201200 bytes,    1872232 total
[2024-01-19T00:39:08.915+0000][7][gc,age      ] GC(126) - age   8:      81480 bytes,    1953712 total
[2024-01-19T00:39:08.915+0000][7][gc,age      ] GC(126) - age   9:      80784 bytes,    2034496 total
[2024-01-19T00:39:08.915+0000][7][gc,age      ] GC(126) - age  10:        440 bytes,    2034936 total
[2024-01-19T00:39:08.915+0000][7][gc,age      ] GC(126) - age  11:        184 bytes,    2035120 total
[2024-01-19T00:39:08.915+0000][7][gc,age      ] GC(126) - age  13:     264704 bytes,    2299824 total
[2024-01-19T00:39:08.915+0000][7][gc,age      ] GC(126) - age  14:       1104 bytes,    2300928 total
[2024-01-19T00:39:08.915+0000][7][gc,heap     ] GC(126) Eden regions: 152->0(152)
[2024-01-19T00:39:08.915+0000][7][gc,heap     ] GC(126) Survivor regions: 1->1(20)
[2024-01-19T00:39:08.915+0000][7][gc,heap     ] GC(126) Old regions: 32->32
[2024-01-19T00:39:08.915+0000][7][gc,heap     ] GC(126) Archive regions: 2->2
[2024-01-19T00:39:08.915+0000][7][gc,heap     ] GC(126) Humongous regions: 0->0
[2024-01-19T00:39:08.915+0000][7][gc,metaspace] GC(126) Metaspace: 130162K(133888K)->130162K(133888K) NonClass: 113109K(115072K)->113109K(115072K) Class: 17052K(18816K)->17052K(18816K)
[2024-01-19T00:39:08.915+0000][7][gc          ] GC(126) Pause Young (Normal) (G1 Evacuation Pause) 742M->133M(1024M) 3.237ms
[2024-01-19T00:39:08.915+0000][7][gc,cpu      ] GC(126) User=0.01s Sys=0.01s Real=0.00s
[2024-01-19T00:39:08.915+0000][7][safepoint   ] Safepoint "G1CollectForAllocation", Time since last: 203962874356 ns, Reaching safepoint: 37124 ns, At safepoint: 3344820 ns, Total: 3381944 ns
[2024-01-19T00:42:21.138+0000][7][gc,start    ] GC(127) Pause Young (Normal) (G1 Evacuation Pause)
[2024-01-19T00:42:21.138+0000][7][gc,task     ] GC(127) Using 8 workers of 8 for evacuation
[2024-01-19T00:42:21.138+0000][7][gc,age      ] GC(127) Desired survivor size 41943040 bytes, new threshold 15 (max threshold 15)
[2024-01-19T00:42:21.141+0000][7][gc,phases   ] GC(127)   Pre Evacuate Collection Set: 0.1ms
[2024-01-19T00:42:21.141+0000][7][gc,phases   ] GC(127)   Merge Heap Roots: 0.1ms
[2024-01-19T00:42:21.141+0000][7][gc,phases   ] GC(127)   Evacuate Collection Set: 1.5ms
[2024-01-19T00:42:21.141+0000][7][gc,phases   ] GC(127)   Post Evacuate Collection Set: 0.7ms
[2024-01-19T00:42:21.141+0000][7][gc,phases   ] GC(127)   Other: 0.1ms
[2024-01-19T00:42:21.141+0000][7][gc,age      ] GC(127) Age table with threshold 15 (max threshold 15)
[2024-01-19T00:42:21.141+0000][7][gc,age      ] GC(127) - age   1:    1852136 bytes,    1852136 total
[2024-01-19T00:42:21.141+0000][7][gc,age      ] GC(127) - age   2:       4160 bytes,    1856296 total
[2024-01-19T00:42:21.141+0000][7][gc,age      ] GC(127) - age   3:       5112 bytes,    1861408 total
[2024-01-19T00:42:21.141+0000][7][gc,age      ] GC(127) - age   4:       8200 bytes,    1869608 total
[2024-01-19T00:42:21.141+0000][7][gc,age      ] GC(127) - age   5:       7160 bytes,    1876768 total
[2024-01-19T00:42:21.141+0000][7][gc,age      ] GC(127) - age   6:        200 bytes,    1876968 total
[2024-01-19T00:42:21.141+0000][7][gc,age      ] GC(127) - age   7:      25392 bytes,    1902360 total
[2024-01-19T00:42:21.141+0000][7][gc,age      ] GC(127) - age   8:     201080 bytes,    2103440 total
[2024-01-19T00:42:21.141+0000][7][gc,age      ] GC(127) - age   9:      81480 bytes,    2184920 total
[2024-01-19T00:42:21.141+0000][7][gc,age      ] GC(127) - age  10:      80784 bytes,    2265704 total
[2024-01-19T00:42:21.141+0000][7][gc,age      ] GC(127) - age  11:        440 bytes,    2266144 total
[2024-01-19T00:42:21.141+0000][7][gc,age      ] GC(127) - age  12:        184 bytes,    2266328 total
[2024-01-19T00:42:21.141+0000][7][gc,age      ] GC(127) - age  14:     264704 bytes,    2531032 total
[2024-01-19T00:42:21.141+0000][7][gc,age      ] GC(127) - age  15:       1104 bytes,    2532136 total
[2024-01-19T00:42:21.141+0000][7][gc,heap     ] GC(127) Eden regions: 152->0(152)
[2024-01-19T00:42:21.141+0000][7][gc,heap     ] GC(127) Survivor regions: 1->1(20)
[2024-01-19T00:42:21.141+0000][7][gc,heap     ] GC(127) Old regions: 32->32
[2024-01-19T00:42:21.141+0000][7][gc,heap     ] GC(127) Archive regions: 2->2
[2024-01-19T00:42:21.141+0000][7][gc,heap     ] GC(127) Humongous regions: 0->0
[2024-01-19T00:42:21.141+0000][7][gc,metaspace] GC(127) Metaspace: 130162K(133888K)->130162K(133888K) NonClass: 113109K(115072K)->113109K(115072K) Class: 17052K(18816K)->17052K(18816K)
[2024-01-19T00:42:21.141+0000][7][gc          ] GC(127) Pause Young (Normal) (G1 Evacuation Pause) 741M->134M(1024M) 2.720ms
[2024-01-19T00:42:21.141+0000][7][gc,cpu      ] GC(127) User=0.01s Sys=0.00s Real=0.01s
[2024-01-19T00:42:21.141+0000][7][safepoint   ] Safepoint "G1CollectForAllocation", Time since last: 192223275368 ns, Reaching safepoint: 47663 ns, At safepoint: 2807530 ns, Total: 2855193 ns
[2024-01-19T00:45:26.946+0000][7][gc,start    ] GC(128) Pause Young (Normal) (G1 Evacuation Pause)
[2024-01-19T00:45:26.946+0000][7][gc,task     ] GC(128) Using 8 workers of 8 for evacuation
[2024-01-19T00:45:26.946+0000][7][gc,age      ] GC(128) Desired survivor size 41943040 bytes, new threshold 15 (max threshold 15)
[2024-01-19T00:45:26.948+0000][7][gc,phases   ] GC(128)   Pre Evacuate Collection Set: 0.1ms
[2024-01-19T00:45:26.948+0000][7][gc,phases   ] GC(128)   Merge Heap Roots: 0.1ms
[2024-01-19T00:45:26.948+0000][7][gc,phases   ] GC(128)   Evacuate Collection Set: 1.2ms
[2024-01-19T00:45:26.948+0000][7][gc,phases   ] GC(128)   Post Evacuate Collection Set: 0.8ms
[2024-01-19T00:45:26.948+0000][7][gc,phases   ] GC(128)   Other: 0.1ms
[2024-01-19T00:45:26.948+0000][7][gc,age      ] GC(128) Age table with threshold 15 (max threshold 15)
[2024-01-19T00:45:26.948+0000][7][gc,age      ] GC(128) - age   1:     848472 bytes,     848472 total
[2024-01-19T00:45:26.948+0000][7][gc,age      ] GC(128) - age   2:       2608 bytes,     851080 total
[2024-01-19T00:45:26.948+0000][7][gc,age      ] GC(128) - age   3:        760 bytes,     851840 total
[2024-01-19T00:45:26.948+0000][7][gc,age      ] GC(128) - age   4:       1320 bytes,     853160 total
[2024-01-19T00:45:26.948+0000][7][gc,age      ] GC(128) - age   5:       8200 bytes,     861360 total
[2024-01-19T00:45:26.948+0000][7][gc,age      ] GC(128) - age   6:       6768 bytes,     868128 total
[2024-01-19T00:45:26.948+0000][7][gc,age      ] GC(128) - age   7:        200 bytes,     868328 total
[2024-01-19T00:45:26.948+0000][7][gc,age      ] GC(128) - age   8:      25360 bytes,     893688 total
[2024-01-19T00:45:26.948+0000][7][gc,age      ] GC(128) - age   9:     201080 bytes,    1094768 total
[2024-01-19T00:45:26.948+0000][7][gc,age      ] GC(128) - age  10:      81480 bytes,    1176248 total
[2024-01-19T00:45:26.948+0000][7][gc,age      ] GC(128) - age  11:      80784 bytes,    1257032 total
[2024-01-19T00:45:26.948+0000][7][gc,age      ] GC(128) - age  12:        440 bytes,    1257472 total
[2024-01-19T00:45:26.948+0000][7][gc,age      ] GC(128) - age  13:        184 bytes,    1257656 total
[2024-01-19T00:45:26.948+0000][7][gc,age      ] GC(128) - age  15:     264704 bytes,    1522360 total
[2024-01-19T00:45:26.948+0000][7][gc,heap     ] GC(128) Eden regions: 152->0(152)
[2024-01-19T00:45:26.948+0000][7][gc,heap     ] GC(128) Survivor regions: 1->1(20)
[2024-01-19T00:45:26.948+0000][7][gc,heap     ] GC(128) Old regions: 32->32
[2024-01-19T00:45:26.948+0000][7][gc,heap     ] GC(128) Archive regions: 2->2
[2024-01-19T00:45:26.948+0000][7][gc,heap     ] GC(128) Humongous regions: 0->0
[2024-01-19T00:45:26.948+0000][7][gc,metaspace] GC(128) Metaspace: 130165K(133888K)->130165K(133888K) NonClass: 113113K(115072K)->113113K(115072K) Class: 17052K(18816K)->17052K(18816K)
[2024-01-19T00:45:26.948+0000][7][gc          ] GC(128) Pause Young (Normal) (G1 Evacuation Pause) 742M->133M(1024M) 2.718ms
[2024-01-19T00:45:26.948+0000][7][gc,cpu      ] GC(128) User=0.00s Sys=0.01s Real=0.01s
[2024-01-19T00:45:26.948+0000][7][safepoint   ] Safepoint "G1CollectForAllocation", Time since last: 185804153656 ns, Reaching safepoint: 106412 ns, At safepoint: 2876529 ns, Total: 2982941 ns
[2024-01-19T00:46:25.955+0000][7][safepoint   ] Safepoint "Cleanup", Time since last: 59006677755 ns, Reaching safepoint: 46295 ns, At safepoint: 4967 ns, Total: 51262 ns
[2024-01-19T00:46:27.955+0000][7][safepoint   ] Safepoint "Cleanup", Time since last: 2000213115 ns, Reaching safepoint: 73393 ns, At safepoint: 21382 ns, Total: 94775 ns
[2024-01-19T00:47:02.959+0000][7][safepoint   ] Safepoint "Cleanup", Time since last: 35003791245 ns, Reaching safepoint: 135759 ns, At safepoint: 7032 ns, Total: 142791 ns
[2024-01-19T00:48:20.940+0000][7][gc,start    ] GC(129) Pause Young (Normal) (G1 Evacuation Pause)
[2024-01-19T00:48:20.940+0000][7][gc,task     ] GC(129) Using 8 workers of 8 for evacuation
[2024-01-19T00:48:20.940+0000][7][gc,age      ] GC(129) Desired survivor size 41943040 bytes, new threshold 15 (max threshold 15)
[2024-01-19T00:48:20.943+0000][7][gc,phases   ] GC(129)   Pre Evacuate Collection Set: 0.1ms
[2024-01-19T00:48:20.943+0000][7][gc,phases   ] GC(129)   Merge Heap Roots: 0.1ms
[2024-01-19T00:48:20.943+0000][7][gc,phases   ] GC(129)   Evacuate Collection Set: 1.7ms
[2024-01-19T00:48:20.943+0000][7][gc,phases   ] GC(129)   Post Evacuate Collection Set: 0.7ms
[2024-01-19T00:48:20.943+0000][7][gc,phases   ] GC(129)   Other: 0.1ms
[2024-01-19T00:48:20.943+0000][7][gc,age      ] GC(129) Age table with threshold 15 (max threshold 15)
[2024-01-19T00:48:20.943+0000][7][gc,age      ] GC(129) - age   1:    1362288 bytes,    1362288 total
[2024-01-19T00:48:20.943+0000][7][gc,age      ] GC(129) - age   2:      16776 bytes,    1379064 total
[2024-01-19T00:48:20.943+0000][7][gc,age      ] GC(129) - age   3:       1040 bytes,    1380104 total
[2024-01-19T00:48:20.943+0000][7][gc,age      ] GC(129) - age   4:        696 bytes,    1380800 total
[2024-01-19T00:48:20.943+0000][7][gc,age      ] GC(129) - age   5:       1320 bytes,    1382120 total
[2024-01-19T00:48:20.943+0000][7][gc,age      ] GC(129) - age   6:        184 bytes,    1382304 total
[2024-01-19T00:48:20.943+0000][7][gc,age      ] GC(129) - age   7:       6768 bytes,    1389072 total
[2024-01-19T00:48:20.943+0000][7][gc,age      ] GC(129) - age   8:         16 bytes,    1389088 total
[2024-01-19T00:48:20.943+0000][7][gc,age      ] GC(129) - age   9:      25360 bytes,    1414448 total
[2024-01-19T00:48:20.943+0000][7][gc,age      ] GC(129) - age  10:     201080 bytes,    1615528 total
[2024-01-19T00:48:20.943+0000][7][gc,age      ] GC(129) - age  11:      81480 bytes,    1697008 total
[2024-01-19T00:48:20.943+0000][7][gc,age      ] GC(129) - age  12:      80784 bytes,    1777792 total
[2024-01-19T00:48:20.943+0000][7][gc,age      ] GC(129) - age  13:        440 bytes,    1778232 total
[2024-01-19T00:48:20.943+0000][7][gc,age      ] GC(129) - age  14:        184 bytes,    1778416 total
[2024-01-19T00:48:20.943+0000][7][gc,heap     ] GC(129) Eden regions: 152->0(152)
[2024-01-19T00:48:20.943+0000][7][gc,heap     ] GC(129) Survivor regions: 1->1(20)
[2024-01-19T00:48:20.943+0000][7][gc,heap     ] GC(129) Old regions: 32->32
[2024-01-19T00:48:20.943+0000][7][gc,heap     ] GC(129) Archive regions: 2->2
[2024-01-19T00:48:20.943+0000][7][gc,heap     ] GC(129) Humongous regions: 0->0
[2024-01-19T00:48:20.943+0000][7][gc,metaspace] GC(129) Metaspace: 130169K(133888K)->130169K(133888K) NonClass: 113116K(115072K)->113116K(115072K) Class: 17052K(18816K)->17052K(18816K)
[2024-01-19T00:48:20.943+0000][7][gc          ] GC(129) Pause Young (Normal) (G1 Evacuation Pause) 741M->133M(1024M) 3.042ms
[2024-01-19T00:48:20.943+0000][7][gc,cpu      ] GC(129) User=0.02s Sys=0.00s Real=0.00s
[2024-01-19T00:48:20.943+0000][7][safepoint   ] Safepoint "G1CollectForAllocation", Time since last: 77980522619 ns, Reaching safepoint: 46280 ns, At safepoint: 3150848 ns, Total: 3197128 ns
[2024-01-19T00:48:24.943+0000][7][safepoint   ] Safepoint "Cleanup", Time since last: 4000288799 ns, Reaching safepoint: 67727 ns, At safepoint: 3474 ns, Total: 71201 ns
[2024-01-19T00:49:15.948+0000][7][safepoint   ] Safepoint "Cleanup", Time since last: 51004393942 ns, Reaching safepoint: 74326 ns, At safepoint: 6499 ns, Total: 80825 ns
[2024-01-19T00:49:16.948+0000][7][safepoint   ] Safepoint "Cleanup", Time since last: 1000128383 ns, Reaching safepoint: 62608 ns, At safepoint: 6220 ns, Total: 68828 ns
[2024-01-19T00:49:25.949+0000][7][safepoint   ] Safepoint "Cleanup", Time since last: 9001102313 ns, Reaching safepoint: 64413 ns, At safepoint: 5322 ns, Total: 69735 ns
[2024-01-19T00:50:39.957+0000][7][safepoint   ] Safepoint "Cleanup", Time since last: 74007393295 ns, Reaching safepoint: 61399 ns, At safepoint: 5800 ns, Total: 67199 ns
[2024-01-19T00:50:54.207+0000][7][gc,start    ] GC(130) Pause Young (Normal) (G1 Evacuation Pause)
[2024-01-19T00:50:54.208+0000][7][gc,task     ] GC(130) Using 8 workers of 8 for evacuation
[2024-01-19T00:50:54.208+0000][7][gc,age      ] GC(130) Desired survivor size 41943040 bytes, new threshold 15 (max threshold 15)
[2024-01-19T00:50:54.210+0000][7][gc,phases   ] GC(130)   Pre Evacuate Collection Set: 0.1ms
[2024-01-19T00:50:54.210+0000][7][gc,phases   ] GC(130)   Merge Heap Roots: 0.1ms
[2024-01-19T00:50:54.210+0000][7][gc,phases   ] GC(130)   Evacuate Collection Set: 1.2ms
[2024-01-19T00:50:54.210+0000][7][gc,phases   ] GC(130)   Post Evacuate Collection Set: 0.6ms
[2024-01-19T00:50:54.210+0000][7][gc,phases   ] GC(130)   Other: 0.1ms
[2024-01-19T00:50:54.210+0000][7][gc,age      ] GC(130) Age table with threshold 15 (max threshold 15)
[2024-01-19T00:50:54.210+0000][7][gc,age      ] GC(130) - age   1:    1665312 bytes,    1665312 total
[2024-01-19T00:50:54.210+0000][7][gc,age      ] GC(130) - age   2:      10832 bytes,    1676144 total
[2024-01-19T00:50:54.210+0000][7][gc,age      ] GC(130) - age   3:       5048 bytes,    1681192 total
[2024-01-19T00:50:54.210+0000][7][gc,age      ] GC(130) - age   4:        400 bytes,    1681592 total
[2024-01-19T00:50:54.210+0000][7][gc,age      ] GC(130) - age   5:        568 bytes,    1682160 total
[2024-01-19T00:50:54.210+0000][7][gc,age      ] GC(130) - age   6:       1288 bytes,    1683448 total
[2024-01-19T00:50:54.210+0000][7][gc,age      ] GC(130) - age   8:       6768 bytes,    1690216 total
[2024-01-19T00:50:54.210+0000][7][gc,age      ] GC(130) - age   9:         16 bytes,    1690232 total
[2024-01-19T00:50:54.210+0000][7][gc,age      ] GC(130) - age  10:      25360 bytes,    1715592 total
[2024-01-19T00:50:54.210+0000][7][gc,age      ] GC(130) - age  11:     201080 bytes,    1916672 total
[2024-01-19T00:50:54.210+0000][7][gc,age      ] GC(130) - age  12:      81480 bytes,    1998152 total
[2024-01-19T00:50:54.210+0000][7][gc,age      ] GC(130) - age  13:      80784 bytes,    2078936 total
[2024-01-19T00:50:54.210+0000][7][gc,age      ] GC(130) - age  14:        440 bytes,    2079376 total
[2024-01-19T00:50:54.210+0000][7][gc,age      ] GC(130) - age  15:        184 bytes,    2079560 total
[2024-01-19T00:50:54.210+0000][7][gc,heap     ] GC(130) Eden regions: 152->0(152)
[2024-01-19T00:50:54.210+0000][7][gc,heap     ] GC(130) Survivor regions: 1->1(20)
[2024-01-19T00:50:54.210+0000][7][gc,heap     ] GC(130) Old regions: 32->32
[2024-01-19T00:50:54.210+0000][7][gc,heap     ] GC(130) Archive regions: 2->2
[2024-01-19T00:50:54.210+0000][7][gc,heap     ] GC(130) Humongous regions: 0->0
[2024-01-19T00:50:54.210+0000][7][gc,metaspace] GC(130) Metaspace: 130175K(133888K)->130175K(133888K) NonClass: 113123K(115072K)->113123K(115072K) Class: 17052K(18816K)->17052K(18816K)
[2024-01-19T00:50:54.210+0000][7][gc          ] GC(130) Pause Young (Normal) (G1 Evacuation Pause) 741M->133M(1024M) 2.323ms
[2024-01-19T00:50:54.210+0000][7][gc,cpu      ] GC(130) User=0.01s Sys=0.00s Real=0.00s
[2024-01-19T00:50:54.210+0000][7][safepoint   ] Safepoint "G1CollectForAllocation", Time since last: 14250735833 ns, Reaching safepoint: 35221 ns, At safepoint: 2396963 ns, Total: 2432184 ns
[2024-01-19T00:53:39.709+0000][7][gc,start    ] GC(131) Pause Young (Normal) (G1 Evacuation Pause)
[2024-01-19T00:53:39.709+0000][7][gc,task     ] GC(131) Using 8 workers of 8 for evacuation
[2024-01-19T00:53:39.709+0000][7][gc,age      ] GC(131) Desired survivor size 41943040 bytes, new threshold 15 (max threshold 15)
[2024-01-19T00:53:39.712+0000][7][gc,phases   ] GC(131)   Pre Evacuate Collection Set: 0.1ms
[2024-01-19T00:53:39.712+0000][7][gc,phases   ] GC(131)   Merge Heap Roots: 0.1ms
[2024-01-19T00:53:39.712+0000][7][gc,phases   ] GC(131)   Evacuate Collection Set: 1.3ms
[2024-01-19T00:53:39.712+0000][7][gc,phases   ] GC(131)   Post Evacuate Collection Set: 0.8ms
[2024-01-19T00:53:39.712+0000][7][gc,phases   ] GC(131)   Other: 0.1ms
[2024-01-19T00:53:39.712+0000][7][gc,age      ] GC(131) Age table with threshold 15 (max threshold 15)
[2024-01-19T00:53:39.712+0000][7][gc,age      ] GC(131) - age   1:     907152 bytes,     907152 total
[2024-01-19T00:53:39.712+0000][7][gc,age      ] GC(131) - age   2:      11104 bytes,     918256 total
[2024-01-19T00:53:39.712+0000][7][gc,age      ] GC(131) - age   3:        544 bytes,     918800 total
[2024-01-19T00:53:39.712+0000][7][gc,age      ] GC(131) - age   4:       1904 bytes,     920704 total
[2024-01-19T00:53:39.712+0000][7][gc,age      ] GC(131) - age   5:        216 bytes,     920920 total
[2024-01-19T00:53:39.712+0000][7][gc,age      ] GC(131) - age   6:        384 bytes,     921304 total
[2024-01-19T00:53:39.712+0000][7][gc,age      ] GC(131) - age   7:       1288 bytes,     922592 total
[2024-01-19T00:53:39.712+0000][7][gc,age      ] GC(131) - age   9:       6768 bytes,     929360 total
[2024-01-19T00:53:39.712+0000][7][gc,age      ] GC(131) - age  10:         16 bytes,     929376 total
[2024-01-19T00:53:39.712+0000][7][gc,age      ] GC(131) - age  11:      25360 bytes,     954736 total
[2024-01-19T00:53:39.712+0000][7][gc,age      ] GC(131) - age  12:     201080 bytes,    1155816 total
[2024-01-19T00:53:39.712+0000][7][gc,age      ] GC(131) - age  13:      81480 bytes,    1237296 total
[2024-01-19T00:53:39.712+0000][7][gc,age      ] GC(131) - age  14:      80784 bytes,    1318080 total
[2024-01-19T00:53:39.712+0000][7][gc,age      ] GC(131) - age  15:        440 bytes,    1318520 total
[2024-01-19T00:53:39.712+0000][7][gc,heap     ] GC(131) Eden regions: 152->0(152)
[2024-01-19T00:53:39.712+0000][7][gc,heap     ] GC(131) Survivor regions: 1->1(20)
[2024-01-19T00:53:39.712+0000][7][gc,heap     ] GC(131) Old regions: 32->32
[2024-01-19T00:53:39.712+0000][7][gc,heap     ] GC(131) Archive regions: 2->2
[2024-01-19T00:53:39.712+0000][7][gc,heap     ] GC(131) Humongous regions: 0->0
[2024-01-19T00:53:39.712+0000][7][gc,metaspace] GC(131) Metaspace: 130177K(133888K)->130177K(133888K) NonClass: 113124K(115072K)->113124K(115072K) Class: 17052K(18816K)->17052K(18816K)
[2024-01-19T00:53:39.712+0000][7][gc          ] GC(131) Pause Young (Normal) (G1 Evacuation Pause) 741M->133M(1024M) 2.787ms
[2024-01-19T00:53:39.712+0000][7][gc,cpu      ] GC(131) User=0.01s Sys=0.00s Real=0.00s
[2024-01-19T00:53:39.712+0000][7][safepoint   ] Safepoint "G1CollectForAllocation", Time since last: 165499277057 ns, Reaching safepoint: 55540 ns, At safepoint: 2888240 ns, Total: 2943780 ns
[2024-01-19T00:54:25.718+0000][7][safepoint   ] Safepoint "Cleanup", Time since last: 46005517970 ns, Reaching safepoint: 67872 ns, At safepoint: 8316 ns, Total: 76188 ns
[2024-01-19T00:56:17.981+0000][7][gc,start    ] GC(132) Pause Young (Normal) (G1 Evacuation Pause)
[2024-01-19T00:56:17.981+0000][7][gc,task     ] GC(132) Using 8 workers of 8 for evacuation
[2024-01-19T00:56:17.982+0000][7][gc,age      ] GC(132) Desired survivor size 41943040 bytes, new threshold 15 (max threshold 15)
[2024-01-19T00:56:17.984+0000][7][gc,phases   ] GC(132)   Pre Evacuate Collection Set: 0.1ms
[2024-01-19T00:56:17.984+0000][7][gc,phases   ] GC(132)   Merge Heap Roots: 0.1ms
[2024-01-19T00:56:17.984+0000][7][gc,phases   ] GC(132)   Evacuate Collection Set: 1.4ms
[2024-01-19T00:56:17.984+0000][7][gc,phases   ] GC(132)   Post Evacuate Collection Set: 0.9ms
[2024-01-19T00:56:17.984+0000][7][gc,phases   ] GC(132)   Other: 0.1ms
[2024-01-19T00:56:17.984+0000][7][gc,age      ] GC(132) Age table with threshold 15 (max threshold 15)
[2024-01-19T00:56:17.984+0000][7][gc,age      ] GC(132) - age   1:     897720 bytes,     897720 total
[2024-01-19T00:56:17.984+0000][7][gc,age      ] GC(132) - age   2:      14296 bytes,     912016 total
[2024-01-19T00:56:17.984+0000][7][gc,age      ] GC(132) - age   3:       9056 bytes,     921072 total
[2024-01-19T00:56:17.984+0000][7][gc,age      ] GC(132) - age   5:       1136 bytes,     922208 total
[2024-01-19T00:56:17.984+0000][7][gc,age      ] GC(132) - age   6:        152 bytes,     922360 total
[2024-01-19T00:56:17.984+0000][7][gc,age      ] GC(132) - age   7:        384 bytes,     922744 total
[2024-01-19T00:56:17.984+0000][7][gc,age      ] GC(132) - age   8:       1288 bytes,     924032 total
[2024-01-19T00:56:17.984+0000][7][gc,age      ] GC(132) - age  10:       6768 bytes,     930800 total
[2024-01-19T00:56:17.984+0000][7][gc,age      ] GC(132) - age  11:         16 bytes,     930816 total
[2024-01-19T00:56:17.984+0000][7][gc,age      ] GC(132) - age  12:      25360 bytes,     956176 total
[2024-01-19T00:56:17.984+0000][7][gc,age      ] GC(132) - age  13:     201080 bytes,    1157256 total
[2024-01-19T00:56:17.984+0000][7][gc,age      ] GC(132) - age  14:      81480 bytes,    1238736 total
[2024-01-19T00:56:17.984+0000][7][gc,age      ] GC(132) - age  15:      80784 bytes,    1319520 total
[2024-01-19T00:56:17.984+0000][7][gc,heap     ] GC(132) Eden regions: 152->0(152)
[2024-01-19T00:56:17.984+0000][7][gc,heap     ] GC(132) Survivor regions: 1->1(20)
[2024-01-19T00:56:17.984+0000][7][gc,heap     ] GC(132) Old regions: 32->32
[2024-01-19T00:56:17.984+0000][7][gc,heap     ] GC(132) Archive regions: 2->2
[2024-01-19T00:56:17.984+0000][7][gc,heap     ] GC(132) Humongous regions: 0->0
[2024-01-19T00:56:17.984+0000][7][gc,metaspace] GC(132) Metaspace: 130177K(133888K)->130177K(133888K) NonClass: 113124K(115072K)->113124K(115072K) Class: 17052K(18816K)->17052K(18816K)
[2024-01-19T00:56:17.984+0000][7][gc          ] GC(132) Pause Young (Normal) (G1 Evacuation Pause) 741M->133M(1024M) 2.837ms
[2024-01-19T00:56:17.984+0000][7][gc,cpu      ] GC(132) User=0.01s Sys=0.00s Real=0.00s
[2024-01-19T00:56:17.984+0000][7][safepoint   ] Safepoint "G1CollectForAllocation", Time since last: 112263710367 ns, Reaching safepoint: 47494 ns, At safepoint: 2944360 ns, Total: 2991854 ns
[2024-01-19T00:59:03.058+0000][7][gc,start    ] GC(133) Pause Young (Normal) (G1 Evacuation Pause)
[2024-01-19T00:59:03.058+0000][7][gc,task     ] GC(133) Using 8 workers of 8 for evacuation
[2024-01-19T00:59:03.058+0000][7][gc,age      ] GC(133) Desired survivor size 41943040 bytes, new threshold 15 (max threshold 15)
[2024-01-19T00:59:03.061+0000][7][gc,phases   ] GC(133)   Pre Evacuate Collection Set: 0.1ms
[2024-01-19T00:59:03.061+0000][7][gc,phases   ] GC(133)   Merge Heap Roots: 0.1ms
[2024-01-19T00:59:03.061+0000][7][gc,phases   ] GC(133)   Evacuate Collection Set: 1.5ms
[2024-01-19T00:59:03.061+0000][7][gc,phases   ] GC(133)   Post Evacuate Collection Set: 0.6ms
[2024-01-19T00:59:03.061+0000][7][gc,phases   ] GC(133)   Other: 0.1ms
[2024-01-19T00:59:03.061+0000][7][gc,age      ] GC(133) Age table with threshold 15 (max threshold 15)
[2024-01-19T00:59:03.061+0000][7][gc,age      ] GC(133) - age   1:    2049040 bytes,    2049040 total
[2024-01-19T00:59:03.061+0000][7][gc,age      ] GC(133) - age   2:       2272 bytes,    2051312 total
[2024-01-19T00:59:03.061+0000][7][gc,age      ] GC(133) - age   3:       3848 bytes,    2055160 total
[2024-01-19T00:59:03.061+0000][7][gc,age      ] GC(133) - age   4:       8672 bytes,    2063832 total
[2024-01-19T00:59:03.061+0000][7][gc,age      ] GC(133) - age   6:        744 bytes,    2064576 total
[2024-01-19T00:59:03.061+0000][7][gc,age      ] GC(133) - age   7:        152 bytes,    2064728 total
[2024-01-19T00:59:03.061+0000][7][gc,age      ] GC(133) - age   9:       1288 bytes,    2066016 total
[2024-01-19T00:59:03.061+0000][7][gc,age      ] GC(133) - age  11:       6768 bytes,    2072784 total
[2024-01-19T00:59:03.061+0000][7][gc,age      ] GC(133) - age  12:         16 bytes,    2072800 total
[2024-01-19T00:59:03.061+0000][7][gc,age      ] GC(133) - age  13:      25360 bytes,    2098160 total
[2024-01-19T00:59:03.061+0000][7][gc,age      ] GC(133) - age  14:     201080 bytes,    2299240 total
[2024-01-19T00:59:03.061+0000][7][gc,age      ] GC(133) - age  15:      81480 bytes,    2380720 total
[2024-01-19T00:59:03.061+0000][7][gc,heap     ] GC(133) Eden regions: 152->0(152)
[2024-01-19T00:59:03.061+0000][7][gc,heap     ] GC(133) Survivor regions: 1->1(20)
[2024-01-19T00:59:03.061+0000][7][gc,heap     ] GC(133) Old regions: 32->32
[2024-01-19T00:59:03.061+0000][7][gc,heap     ] GC(133) Archive regions: 2->2
[2024-01-19T00:59:03.061+0000][7][gc,heap     ] GC(133) Humongous regions: 0->0
[2024-01-19T00:59:03.061+0000][7][gc,metaspace] GC(133) Metaspace: 130184K(133952K)->130184K(133952K) NonClass: 113131K(115136K)->113131K(115136K) Class: 17052K(18816K)->17052K(18816K)
[2024-01-19T00:59:03.061+0000][7][gc          ] GC(133) Pause Young (Normal) (G1 Evacuation Pause) 741M->134M(1024M) 2.521ms
[2024-01-19T00:59:03.061+0000][7][gc,cpu      ] GC(133) User=0.01s Sys=0.00s Real=0.01s
[2024-01-19T00:59:03.061+0000][7][safepoint   ] Safepoint "G1CollectForAllocation", Time since last: 165073857460 ns, Reaching safepoint: 112598 ns, At safepoint: 2593356 ns, Total: 2705954 ns
[2024-01-19T14:47:46.110+0000][7][safepoint   ] Safepoint "Cleanup", Time since last: 102295080207 ns, Reaching safepoint: 49272 ns, At safepoint: 12396 ns, Total: 61668 ns
[2024-01-19T14:47:49.110+0000][7][safepoint   ] Safepoint "Cleanup", Time since last: 3000279680 ns, Reaching safepoint: 71239 ns, At safepoint: 10088 ns, Total: 81327 ns
[2024-01-19T14:47:50.111+0000][7][safepoint   ] Safepoint "Cleanup", Time since last: 1000211938 ns, Reaching safepoint: 78429 ns, At safepoint: 20516 ns, Total: 98945 ns
[2024-01-19T14:48:06.113+0000][7][safepoint   ] Safepoint "Cleanup", Time since last: 16001866599 ns, Reaching safepoint: 83519 ns, At safepoint: 7060 ns, Total: 90579 ns
[2024-01-19T14:48:11.113+0000][7][safepoint   ] Safepoint "Cleanup", Time since last: 5000497851 ns, Reaching safepoint: 83119 ns, At safepoint: 14872 ns, Total: 97991 ns
[2024-01-19T14:48:26.115+0000][7][safepoint   ] Safepoint "Cleanup", Time since last: 15001668551 ns, Reaching safepoint: 76089 ns, At safepoint: 10376 ns, Total: 86465 ns
[2024-01-19T14:48:54.832+0000][7][gc,start    ] GC(134) Pause Young (Normal) (G1 Evacuation Pause)
[2024-01-19T14:48:54.832+0000][7][gc,task     ] GC(134) Using 8 workers of 8 for evacuation
[2024-01-19T14:48:54.832+0000][7][gc,age      ] GC(134) Desired survivor size 41943040 bytes, new threshold 15 (max threshold 15)
[2024-01-19T14:48:54.834+0000][7][gc,phases   ] GC(134)   Pre Evacuate Collection Set: 0.1ms
[2024-01-19T14:48:54.834+0000][7][gc,phases   ] GC(134)   Merge Heap Roots: 0.1ms
[2024-01-19T14:48:54.834+0000][7][gc,phases   ] GC(134)   Evacuate Collection Set: 1.6ms
[2024-01-19T14:48:54.834+0000][7][gc,phases   ] GC(134)   Post Evacuate Collection Set: 0.6ms
[2024-01-19T14:48:54.834+0000][7][gc,phases   ] GC(134)   Other: 0.1ms
[2024-01-19T14:48:54.834+0000][7][gc,age      ] GC(134) Age table with threshold 15 (max threshold 15)
[2024-01-19T14:48:54.834+0000][7][gc,age      ] GC(134) - age   1:    2261976 bytes,    2261976 total
[2024-01-19T14:48:54.834+0000][7][gc,age      ] GC(134) - age   2:      12920 bytes,    2274896 total
[2024-01-19T14:48:54.834+0000][7][gc,age      ] GC(134) - age   3:       1208 bytes,    2276104 total
[2024-01-19T14:48:54.834+0000][7][gc,age      ] GC(134) - age   4:       3304 bytes,    2279408 total
[2024-01-19T14:48:54.834+0000][7][gc,age      ] GC(134) - age   5:       8328 bytes,    2287736 total
[2024-01-19T14:48:54.834+0000][7][gc,age      ] GC(134) - age   7:        376 bytes,    2288112 total
[2024-01-19T14:48:54.834+0000][7][gc,age      ] GC(134) - age   8:         64 bytes,    2288176 total
[2024-01-19T14:48:54.834+0000][7][gc,age      ] GC(134) - age  10:       1288 bytes,    2289464 total
[2024-01-19T14:48:54.834+0000][7][gc,age      ] GC(134) - age  12:        480 bytes,    2289944 total
[2024-01-19T14:48:54.834+0000][7][gc,age      ] GC(134) - age  14:        264 bytes,    2290208 total
[2024-01-19T14:48:54.834+0000][7][gc,age      ] GC(134) - age  15:        824 bytes,    2291032 total
[2024-01-19T14:48:54.834+0000][7][gc,heap     ] GC(134) Eden regions: 152->0(152)
[2024-01-19T14:48:54.834+0000][7][gc,heap     ] GC(134) Survivor regions: 1->1(20)
[2024-01-19T14:48:54.834+0000][7][gc,heap     ] GC(134) Old regions: 32->33
[2024-01-19T14:48:54.834+0000][7][gc,heap     ] GC(134) Archive regions: 2->2
[2024-01-19T14:48:54.834+0000][7][gc,heap     ] GC(134) Humongous regions: 0->0
[2024-01-19T14:48:54.834+0000][7][gc,metaspace] GC(134) Metaspace: 130221K(133952K)->130221K(133952K) NonClass: 113168K(115136K)->113168K(115136K) Class: 17052K(18816K)->17052K(18816K)
[2024-01-19T14:48:54.834+0000][7][gc          ] GC(134) Pause Young (Normal) (G1 Evacuation Pause) 742M->134M(1024M) 2.757ms
[2024-01-19T14:48:54.834+0000][7][gc,cpu      ] GC(134) User=0.02s Sys=0.00s Real=0.01s
[2024-01-19T14:48:54.834+0000][7][safepoint   ] Safepoint "G1CollectForAllocation", Time since last: 28716650354 ns, Reaching safepoint: 30164 ns, At safepoint: 2840231 ns, Total: 2870395 ns
[2024-01-19T14:50:00.842+0000][7][safepoint   ] Safepoint "Cleanup", Time since last: 66007543678 ns, Reaching safepoint: 65287 ns, At safepoint: 30540 ns, Total: 95827 ns
[2024-01-19T14:50:26.845+0000][7][safepoint   ] Safepoint "Cleanup", Time since last: 26002910503 ns, Reaching safepoint: 83427 ns, At safepoint: 10346 ns, Total: 93773 ns
[2024-01-19T14:51:31.732+0000][7][gc,start    ] GC(135) Pause Young (Normal) (G1 Evacuation Pause)
[2024-01-19T14:51:31.732+0000][7][gc,task     ] GC(135) Using 8 workers of 8 for evacuation
[2024-01-19T14:51:31.732+0000][7][gc,age      ] GC(135) Desired survivor size 41943040 bytes, new threshold 15 (max threshold 15)
[2024-01-19T14:51:31.735+0000][7][gc,phases   ] GC(135)   Pre Evacuate Collection Set: 0.3ms
[2024-01-19T14:51:31.735+0000][7][gc,phases   ] GC(135)   Merge Heap Roots: 0.1ms
[2024-01-19T14:51:31.735+0000][7][gc,phases   ] GC(135)   Evacuate Collection Set: 1.8ms
[2024-01-19T14:51:31.735+0000][7][gc,phases   ] GC(135)   Post Evacuate Collection Set: 0.8ms
[2024-01-19T14:51:31.735+0000][7][gc,phases   ] GC(135)   Other: 0.1ms
[2024-01-19T14:51:31.735+0000][7][gc,age      ] GC(135) Age table with threshold 15 (max threshold 15)
[2024-01-19T14:51:31.735+0000][7][gc,age      ] GC(135) - age   1:    1807288 bytes,    1807288 total
[2024-01-19T14:51:31.735+0000][7][gc,age      ] GC(135) - age   2:     377280 bytes,    2184568 total
[2024-01-19T14:51:31.735+0000][7][gc,age      ] GC(135) - age   3:      10360 bytes,    2194928 total
[2024-01-19T14:51:31.735+0000][7][gc,age      ] GC(135) - age   4:        312 bytes,    2195240 total
[2024-01-19T14:51:31.735+0000][7][gc,age      ] GC(135) - age   6:       8264 bytes,    2203504 total
[2024-01-19T14:51:31.736+0000][7][gc,age      ] GC(135) - age   8:        376 bytes,    2203880 total
[2024-01-19T14:51:31.736+0000][7][gc,age      ] GC(135) - age   9:         64 bytes,    2203944 total
[2024-01-19T14:51:31.736+0000][7][gc,age      ] GC(135) - age  11:       1288 bytes,    2205232 total
[2024-01-19T14:51:31.736+0000][7][gc,age      ] GC(135) - age  13:        480 bytes,    2205712 total
[2024-01-19T14:51:31.736+0000][7][gc,age      ] GC(135) - age  15:        200 bytes,    2205912 total
[2024-01-19T14:51:31.736+0000][7][gc,heap     ] GC(135) Eden regions: 152->0(152)
[2024-01-19T14:51:31.736+0000][7][gc,heap     ] GC(135) Survivor regions: 1->1(20)
[2024-01-19T14:51:31.736+0000][7][gc,heap     ] GC(135) Old regions: 33->33
[2024-01-19T14:51:31.736+0000][7][gc,heap     ] GC(135) Archive regions: 2->2
[2024-01-19T14:51:31.736+0000][7][gc,heap     ] GC(135) Humongous regions: 0->0
[2024-01-19T14:51:31.736+0000][7][gc,metaspace] GC(135) Metaspace: 130227K(133952K)->130227K(133952K) NonClass: 113175K(115136K)->113175K(115136K) Class: 17052K(18816K)->17052K(18816K)
[2024-01-19T14:51:31.736+0000][7][gc          ] GC(135) Pause Young (Normal) (G1 Evacuation Pause) 742M->134M(1024M) 3.552ms
[2024-01-19T14:51:31.736+0000][7][gc,cpu      ] GC(135) User=0.02s Sys=0.00s Real=0.01s
[2024-01-19T14:51:31.736+0000][7][safepoint   ] Safepoint "G1CollectForAllocation", Time since last: 64886863754 ns, Reaching safepoint: 61375 ns, At safepoint: 3659016 ns, Total: 3720391 ns
[2024-01-19T14:51:38.737+0000][7][safepoint   ] Safepoint "Cleanup", Time since last: 7000973078 ns, Reaching safepoint: 51329 ns, At safepoint: 4959 ns, Total: 56288 ns
[2024-01-19T14:54:06.788+0000][7][gc,start    ] GC(136) Pause Young (Normal) (G1 Evacuation Pause)
[2024-01-19T14:54:06.788+0000][7][gc,task     ] GC(136) Using 8 workers of 8 for evacuation
[2024-01-19T14:54:06.788+0000][7][gc,age      ] GC(136) Desired survivor size 41943040 bytes, new threshold 15 (max threshold 15)
[2024-01-19T14:54:06.790+0000][7][gc,phases   ] GC(136)   Pre Evacuate Collection Set: 0.1ms
[2024-01-19T14:54:06.790+0000][7][gc,phases   ] GC(136)   Merge Heap Roots: 0.1ms
[2024-01-19T14:54:06.790+0000][7][gc,phases   ] GC(136)   Evacuate Collection Set: 1.6ms
[2024-01-19T14:54:06.790+0000][7][gc,phases   ] GC(136)   Post Evacuate Collection Set: 0.6ms
[2024-01-19T14:54:06.790+0000][7][gc,phases   ] GC(136)   Other: 0.1ms
[2024-01-19T14:54:06.790+0000][7][gc,age      ] GC(136) Age table with threshold 15 (max threshold 15)
[2024-01-19T14:54:06.790+0000][7][gc,age      ] GC(136) - age   1:    1978792 bytes,    1978792 total
[2024-01-19T14:54:06.790+0000][7][gc,age      ] GC(136) - age   2:      13648 bytes,    1992440 total
[2024-01-19T14:54:06.790+0000][7][gc,age      ] GC(136) - age   3:     279456 bytes,    2271896 total
[2024-01-19T14:54:06.790+0000][7][gc,age      ] GC(136) - age   4:       9848 bytes,    2281744 total
[2024-01-19T14:54:06.790+0000][7][gc,age      ] GC(136) - age   5:        248 bytes,    2281992 total
[2024-01-19T14:54:06.790+0000][7][gc,age      ] GC(136) - age   7:       8048 bytes,    2290040 total
[2024-01-19T14:54:06.790+0000][7][gc,age      ] GC(136) - age   9:        376 bytes,    2290416 total
[2024-01-19T14:54:06.790+0000][7][gc,age      ] GC(136) - age  10:         64 bytes,    2290480 total
[2024-01-19T14:54:06.790+0000][7][gc,age      ] GC(136) - age  12:       1288 bytes,    2291768 total
[2024-01-19T14:54:06.790+0000][7][gc,age      ] GC(136) - age  14:        480 bytes,    2292248 total
[2024-01-19T14:54:06.790+0000][7][gc,heap     ] GC(136) Eden regions: 152->0(152)
[2024-01-19T14:54:06.790+0000][7][gc,heap     ] GC(136) Survivor regions: 1->1(20)
[2024-01-19T14:54:06.790+0000][7][gc,heap     ] GC(136) Old regions: 33->33
[2024-01-19T14:54:06.790+0000][7][gc,heap     ] GC(136) Archive regions: 2->2
[2024-01-19T14:54:06.790+0000][7][gc,heap     ] GC(136) Humongous regions: 0->0
[2024-01-19T14:54:06.790+0000][7][gc,metaspace] GC(136) Metaspace: 130227K(133952K)->130227K(133952K) NonClass: 113175K(115136K)->113175K(115136K) Class: 17052K(18816K)->17052K(18816K)
[2024-01-19T14:54:06.790+0000][7][gc          ] GC(136) Pause Young (Normal) (G1 Evacuation Pause) 742M->134M(1024M) 2.701ms
[2024-01-19T14:54:06.790+0000][7][gc,cpu      ] GC(136) User=0.02s Sys=0.00s Real=0.00s
[2024-01-19T14:54:06.790+0000][7][safepoint   ] Safepoint "G1CollectForAllocation", Time since last: 148050817402 ns, Reaching safepoint: 60942 ns, At safepoint: 2778551 ns, Total: 2839493 ns
[2024-01-19T14:55:26.801+0000][7][safepoint   ] Safepoint "Cleanup", Time since last: 80010073420 ns, Reaching safepoint: 43506 ns, At safepoint: 30130 ns, Total: 73636 ns
[2024-01-19T14:56:45.809+0000][7][safepoint   ] Safepoint "Cleanup", Time since last: 79008905786 ns, Reaching safepoint: 51652 ns, At safepoint: 5380 ns, Total: 57032 ns
[2024-01-19T14:57:09.833+0000][7][gc,start    ] GC(137) Pause Young (Normal) (G1 Evacuation Pause)
[2024-01-19T14:57:09.834+0000][7][gc,task     ] GC(137) Using 8 workers of 8 for evacuation
[2024-01-19T14:57:09.834+0000][7][gc,age      ] GC(137) Desired survivor size 41943040 bytes, new threshold 15 (max threshold 15)
[2024-01-19T14:57:09.837+0000][7][gc,phases   ] GC(137)   Pre Evacuate Collection Set: 0.1ms
[2024-01-19T14:57:09.837+0000][7][gc,phases   ] GC(137)   Merge Heap Roots: 0.1ms
[2024-01-19T14:57:09.837+0000][7][gc,phases   ] GC(137)   Evacuate Collection Set: 2.0ms
[2024-01-19T14:57:09.837+0000][7][gc,phases   ] GC(137)   Post Evacuate Collection Set: 0.7ms
[2024-01-19T14:57:09.837+0000][7][gc,phases   ] GC(137)   Other: 0.1ms
[2024-01-19T14:57:09.837+0000][7][gc,age      ] GC(137) Age table with threshold 15 (max threshold 15)
[2024-01-19T14:57:09.837+0000][7][gc,age      ] GC(137) - age   1:    1916144 bytes,    1916144 total
[2024-01-19T14:57:09.837+0000][7][gc,age      ] GC(137) - age   2:     123832 bytes,    2039976 total
[2024-01-19T14:57:09.837+0000][7][gc,age      ] GC(137) - age   3:       3736 bytes,    2043712 total
[2024-01-19T14:57:09.837+0000][7][gc,age      ] GC(137) - age   4:     278848 bytes,    2322560 total
[2024-01-19T14:57:09.837+0000][7][gc,age      ] GC(137) - age   5:       9664 bytes,    2332224 total
[2024-01-19T14:57:09.837+0000][7][gc,age      ] GC(137) - age   6:        248 bytes,    2332472 total
[2024-01-19T14:57:09.837+0000][7][gc,age      ] GC(137) - age   8:       8048 bytes,    2340520 total
[2024-01-19T14:57:09.837+0000][7][gc,age      ] GC(137) - age  10:        376 bytes,    2340896 total
[2024-01-19T14:57:09.837+0000][7][gc,age      ] GC(137) - age  11:         64 bytes,    2340960 total
[2024-01-19T14:57:09.837+0000][7][gc,age      ] GC(137) - age  13:       1288 bytes,    2342248 total
[2024-01-19T14:57:09.837+0000][7][gc,age      ] GC(137) - age  15:        480 bytes,    2342728 total
[2024-01-19T14:57:09.837+0000][7][gc,heap     ] GC(137) Eden regions: 152->0(152)
[2024-01-19T14:57:09.837+0000][7][gc,heap     ] GC(137) Survivor regions: 1->1(20)
[2024-01-19T14:57:09.837+0000][7][gc,heap     ] GC(137) Old regions: 33->33
[2024-01-19T14:57:09.837+0000][7][gc,heap     ] GC(137) Archive regions: 2->2
[2024-01-19T14:57:09.837+0000][7][gc,heap     ] GC(137) Humongous regions: 0->0
[2024-01-19T14:57:09.837+0000][7][gc,metaspace] GC(137) Metaspace: 130227K(133952K)->130227K(133952K) NonClass: 113175K(115136K)->113175K(115136K) Class: 17052K(18816K)->17052K(18816K)
[2024-01-19T14:57:09.837+0000][7][gc          ] GC(137) Pause Young (Normal) (G1 Evacuation Pause) 742M->134M(1024M) 3.222ms
[2024-01-19T14:57:09.837+0000][7][gc,cpu      ] GC(137) User=0.01s Sys=0.00s Real=0.00s
[2024-01-19T14:57:09.837+0000][7][safepoint   ] Safepoint "G1CollectForAllocation", Time since last: 24023943485 ns, Reaching safepoint: 29521 ns, At safepoint: 3327265 ns, Total: 3356786 ns
[2024-01-19T14:59:57.812+0000][7][gc,start    ] GC(138) Pause Young (Normal) (G1 Evacuation Pause)
[2024-01-19T14:59:57.812+0000][7][gc,task     ] GC(138) Using 8 workers of 8 for evacuation
[2024-01-19T14:59:57.812+0000][7][gc,age      ] GC(138) Desired survivor size 41943040 bytes, new threshold 15 (max threshold 15)
[2024-01-19T14:59:57.814+0000][7][gc,phases   ] GC(138)   Pre Evacuate Collection Set: 0.1ms
[2024-01-19T14:59:57.814+0000][7][gc,phases   ] GC(138)   Merge Heap Roots: 0.1ms
[2024-01-19T14:59:57.814+0000][7][gc,phases   ] GC(138)   Evacuate Collection Set: 1.6ms
[2024-01-19T14:59:57.814+0000][7][gc,phases   ] GC(138)   Post Evacuate Collection Set: 0.7ms
[2024-01-19T14:59:57.814+0000][7][gc,phases   ] GC(138)   Other: 0.1ms
[2024-01-19T14:59:57.814+0000][7][gc,age      ] GC(138) Age table with threshold 15 (max threshold 15)
[2024-01-19T14:59:57.814+0000][7][gc,age      ] GC(138) - age   1:    1769264 bytes,    1769264 total
[2024-01-19T14:59:57.814+0000][7][gc,age      ] GC(138) - age   2:      42336 bytes,    1811600 total
[2024-01-19T14:59:57.814+0000][7][gc,age      ] GC(138) - age   3:     121280 bytes,    1932880 total
[2024-01-19T14:59:57.814+0000][7][gc,age      ] GC(138) - age   4:       3288 bytes,    1936168 total
[2024-01-19T14:59:57.814+0000][7][gc,age      ] GC(138) - age   5:     278664 bytes,    2214832 total
[2024-01-19T14:59:57.814+0000][7][gc,age      ] GC(138) - age   6:       9664 bytes,    2224496 total
[2024-01-19T14:59:57.814+0000][7][gc,age      ] GC(138) - age   7:        248 bytes,    2224744 total
[2024-01-19T14:59:57.814+0000][7][gc,age      ] GC(138) - age   9:       8048 bytes,    2232792 total
[2024-01-19T14:59:57.814+0000][7][gc,age      ] GC(138) - age  11:        376 bytes,    2233168 total
[2024-01-19T14:59:57.814+0000][7][gc,age      ] GC(138) - age  12:         64 bytes,    2233232 total
[2024-01-19T14:59:57.814+0000][7][gc,age      ] GC(138) - age  14:       1288 bytes,    2234520 total
[2024-01-19T14:59:57.814+0000][7][gc,heap     ] GC(138) Eden regions: 152->0(152)
[2024-01-19T14:59:57.814+0000][7][gc,heap     ] GC(138) Survivor regions: 1->1(20)
[2024-01-19T14:59:57.814+0000][7][gc,heap     ] GC(138) Old regions: 33->33
[2024-01-19T14:59:57.814+0000][7][gc,heap     ] GC(138) Archive regions: 2->2
[2024-01-19T14:59:57.814+0000][7][gc,heap     ] GC(138) Humongous regions: 0->0
[2024-01-19T14:59:57.814+0000][7][gc,metaspace] GC(138) Metaspace: 130228K(133952K)->130228K(133952K) NonClass: 113175K(115136K)->113175K(115136K) Class: 17052K(18816K)->17052K(18816K)
[2024-01-19T14:59:57.815+0000][7][gc          ] GC(138) Pause Young (Normal) (G1 Evacuation Pause) 742M->134M(1024M) 2.935ms
[2024-01-19T14:59:57.815+0000][7][gc,cpu      ] GC(138) User=0.02s Sys=0.00s Real=0.01s
[2024-01-19T14:59:57.815+0000][7][safepoint   ] Safepoint "G1CollectForAllocation", Time since last: 167974709829 ns, Reaching safepoint: 70181 ns, At safepoint: 3024751 ns, Total: 3094932 ns
[2024-01-19T15:00:26.818+0000][7][safepoint   ] Safepoint "Cleanup", Time since last: 29003127163 ns, Reaching safepoint: 88315 ns, At safepoint: 9251 ns, Total: 97566 ns
[2024-01-19T15:01:07.823+0000][7][safepoint   ] Safepoint "Cleanup", Time since last: 41004857829 ns, Reaching safepoint: 72835 ns, At safepoint: 45544 ns, Total: 118379 ns
[2024-01-19T15:01:24.825+0000][7][safepoint   ] Safepoint "Cleanup", Time since last: 17002200430 ns, Reaching safepoint: 39009 ns, At safepoint: 3581 ns, Total: 42590 ns
[2024-01-19T15:02:30.833+0000][7][safepoint   ] Safepoint "Cleanup", Time since last: 66007892338 ns, Reaching safepoint: 67613 ns, At safepoint: 13291 ns, Total: 80904 ns
[2024-01-19T15:02:33.833+0000][7][safepoint   ] Safepoint "Cleanup", Time since last: 3000292727 ns, Reaching safepoint: 75308 ns, At safepoint: 20062 ns, Total: 95370 ns
[2024-01-19T15:02:36.834+0000][7][safepoint   ] Safepoint "Cleanup", Time since last: 3000306541 ns, Reaching safepoint: 93025 ns, At safepoint: 15198 ns, Total: 108223 ns
[2024-01-19T15:02:39.834+0000][7][safepoint   ] Safepoint "Cleanup", Time since last: 3000453084 ns, Reaching safepoint: 52724 ns, At safepoint: 4982 ns, Total: 57706 ns
[2024-01-19T15:02:42.835+0000][7][safepoint   ] Safepoint "Cleanup", Time since last: 3000610230 ns, Reaching safepoint: 73403 ns, At safepoint: 8301 ns, Total: 81704 ns
[2024-01-19T15:02:45.836+0000][7][safepoint   ] Safepoint "Cleanup", Time since last: 3000577716 ns, Reaching safepoint: 67164 ns, At safepoint: 12208 ns, Total: 79372 ns
[2024-01-19T15:02:48.836+0000][7][safepoint   ] Safepoint "Cleanup", Time since last: 3000398374 ns, Reaching safepoint: 50261 ns, At safepoint: 4952 ns, Total: 55213 ns
[2024-01-19T15:02:49.836+0000][7][safepoint   ] Safepoint "Cleanup", Time since last: 1000269393 ns, Reaching safepoint: 83164 ns, At safepoint: 8957 ns, Total: 92121 ns
[2024-01-19T15:03:06.839+0000][7][safepoint   ] Safepoint "Cleanup", Time since last: 17002569452 ns, Reaching safepoint: 107515 ns, At safepoint: 10536 ns, Total: 118051 ns
[2024-01-19T15:03:07.839+0000][7][safepoint   ] Safepoint "Cleanup", Time since last: 1000123560 ns, Reaching safepoint: 65295 ns, At safepoint: 6553 ns, Total: 71848 ns
[2024-01-19T15:03:12.801+0000][7][gc,start    ] GC(139) Pause Young (Normal) (G1 Evacuation Pause)
[2024-01-19T15:03:12.801+0000][7][gc,task     ] GC(139) Using 8 workers of 8 for evacuation
[2024-01-19T15:03:12.801+0000][7][gc,age      ] GC(139) Desired survivor size 41943040 bytes, new threshold 15 (max threshold 15)
[2024-01-19T15:03:12.804+0000][7][gc,phases   ] GC(139)   Pre Evacuate Collection Set: 0.1ms
[2024-01-19T15:03:12.804+0000][7][gc,phases   ] GC(139)   Merge Heap Roots: 0.1ms
[2024-01-19T15:03:12.804+0000][7][gc,phases   ] GC(139)   Evacuate Collection Set: 1.8ms
[2024-01-19T15:03:12.804+0000][7][gc,phases   ] GC(139)   Post Evacuate Collection Set: 0.8ms
[2024-01-19T15:03:12.804+0000][7][gc,phases   ] GC(139)   Other: 0.1ms
[2024-01-19T15:03:12.804+0000][7][gc,age      ] GC(139) Age table with threshold 15 (max threshold 15)
[2024-01-19T15:03:12.804+0000][7][gc,age      ] GC(139) - age   1:    1687456 bytes,    1687456 total
[2024-01-19T15:03:12.804+0000][7][gc,age      ] GC(139) - age   2:       2776 bytes,    1690232 total
[2024-01-19T15:03:12.804+0000][7][gc,age      ] GC(139) - age   3:        688 bytes,    1690920 total
[2024-01-19T15:03:12.804+0000][7][gc,age      ] GC(139) - age   4:      21568 bytes,    1712488 total
[2024-01-19T15:03:12.804+0000][7][gc,age      ] GC(139) - age   6:     273736 bytes,    1986224 total
[2024-01-19T15:03:12.804+0000][7][gc,age      ] GC(139) - age   7:       9192 bytes,    1995416 total
[2024-01-19T15:03:12.804+0000][7][gc,age      ] GC(139) - age   8:        248 bytes,    1995664 total
[2024-01-19T15:03:12.804+0000][7][gc,age      ] GC(139) - age  10:       8048 bytes,    2003712 total
[2024-01-19T15:03:12.804+0000][7][gc,age      ] GC(139) - age  12:        376 bytes,    2004088 total
[2024-01-19T15:03:12.804+0000][7][gc,age      ] GC(139) - age  13:         64 bytes,    2004152 total
[2024-01-19T15:03:12.804+0000][7][gc,age      ] GC(139) - age  15:       1288 bytes,    2005440 total
[2024-01-19T15:03:12.804+0000][7][gc,heap     ] GC(139) Eden regions: 152->0(152)
[2024-01-19T15:03:12.804+0000][7][gc,heap     ] GC(139) Survivor regions: 1->1(20)
[2024-01-19T15:03:12.804+0000][7][gc,heap     ] GC(139) Old regions: 33->33
[2024-01-19T15:03:12.804+0000][7][gc,heap     ] GC(139) Archive regions: 2->2
[2024-01-19T15:03:12.804+0000][7][gc,heap     ] GC(139) Humongous regions: 0->0
[2024-01-19T15:03:12.805+0000][7][gc,metaspace] GC(139) Metaspace: 130267K(134016K)->130267K(134016K) NonClass: 113210K(115200K)->113210K(115200K) Class: 17056K(18816K)->17056K(18816K)
[2024-01-19T15:03:12.805+0000][7][gc          ] GC(139) Pause Young (Normal) (G1 Evacuation Pause) 742M->134M(1024M) 3.247ms
[2024-01-19T15:03:12.805+0000][7][gc,cpu      ] GC(139) User=0.01s Sys=0.00s Real=0.00s
[2024-01-19T15:03:12.805+0000][7][safepoint   ] Safepoint "G1CollectForAllocation", Time since last: 4961862085 ns, Reaching safepoint: 55079 ns, At safepoint: 3349348 ns, Total: 3404427 ns
[2024-01-19T15:03:21.805+0000][7][safepoint   ] Safepoint "Cleanup", Time since last: 9000718342 ns, Reaching safepoint: 33010 ns, At safepoint: 5468 ns, Total: 38478 ns
[2024-01-19T15:03:26.806+0000][7][safepoint   ] Safepoint "Cleanup", Time since last: 5000554729 ns, Reaching safepoint: 71856 ns, At safepoint: 10249 ns, Total: 82105 ns
[2024-01-19T15:05:03.818+0000][7][safepoint   ] Safepoint "Cleanup", Time since last: 97011353229 ns, Reaching safepoint: 131740 ns, At safepoint: 9228 ns, Total: 140968 ns
[2024-01-19T15:05:18.820+0000][7][safepoint   ] Safepoint "Cleanup", Time since last: 15002035348 ns, Reaching safepoint: 86105 ns, At safepoint: 41378 ns, Total: 127483 ns
[2024-01-19T15:05:26.821+0000][7][safepoint   ] Safepoint "Cleanup", Time since last: 8001020662 ns, Reaching safepoint: 72651 ns, At safepoint: 7814 ns, Total: 80465 ns
[2024-01-19T15:05:36.822+0000][7][safepoint   ] Safepoint "Cleanup", Time since last: 10000946520 ns, Reaching safepoint: 149631 ns, At safepoint: 7714 ns, Total: 157345 ns
[2024-01-19T15:06:27.816+0000][7][gc,start    ] GC(140) Pause Young (Normal) (G1 Evacuation Pause)
[2024-01-19T15:06:27.816+0000][7][gc,task     ] GC(140) Using 8 workers of 8 for evacuation
[2024-01-19T15:06:27.816+0000][7][gc,age      ] GC(140) Desired survivor size 41943040 bytes, new threshold 15 (max threshold 15)
[2024-01-19T15:06:27.819+0000][7][gc,phases   ] GC(140)   Pre Evacuate Collection Set: 0.1ms
[2024-01-19T15:06:27.819+0000][7][gc,phases   ] GC(140)   Merge Heap Roots: 0.1ms
[2024-01-19T15:06:27.819+0000][7][gc,phases   ] GC(140)   Evacuate Collection Set: 1.7ms
[2024-01-19T15:06:27.819+0000][7][gc,phases   ] GC(140)   Post Evacuate Collection Set: 0.7ms
[2024-01-19T15:06:27.819+0000][7][gc,phases   ] GC(140)   Other: 0.1ms
[2024-01-19T15:06:27.819+0000][7][gc,age      ] GC(140) Age table with threshold 15 (max threshold 15)
[2024-01-19T15:06:27.819+0000][7][gc,age      ] GC(140) - age   1:    1867752 bytes,    1867752 total
[2024-01-19T15:06:27.819+0000][7][gc,age      ] GC(140) - age   2:      88736 bytes,    1956488 total
[2024-01-19T15:06:27.819+0000][7][gc,age      ] GC(140) - age   3:        664 bytes,    1957152 total
[2024-01-19T15:06:27.819+0000][7][gc,age      ] GC(140) - age   4:        248 bytes,    1957400 total
[2024-01-19T15:06:27.819+0000][7][gc,age      ] GC(140) - age   5:        272 bytes,    1957672 total
[2024-01-19T15:06:27.819+0000][7][gc,age      ] GC(140) - age   7:     257584 bytes,    2215256 total
[2024-01-19T15:06:27.819+0000][7][gc,age      ] GC(140) - age   8:       8808 bytes,    2224064 total
[2024-01-19T15:06:27.819+0000][7][gc,age      ] GC(140) - age   9:        248 bytes,    2224312 total
[2024-01-19T15:06:27.819+0000][7][gc,age      ] GC(140) - age  11:       8048 bytes,    2232360 total
[2024-01-19T15:06:27.819+0000][7][gc,age      ] GC(140) - age  13:        376 bytes,    2232736 total
[2024-01-19T15:06:27.819+0000][7][gc,age      ] GC(140) - age  14:         64 bytes,    2232800 total
[2024-01-19T15:06:27.819+0000][7][gc,heap     ] GC(140) Eden regions: 152->0(152)
[2024-01-19T15:06:27.819+0000][7][gc,heap     ] GC(140) Survivor regions: 1->1(20)
[2024-01-19T15:06:27.819+0000][7][gc,heap     ] GC(140) Old regions: 33->33
[2024-01-19T15:06:27.819+0000][7][gc,heap     ] GC(140) Archive regions: 2->2
[2024-01-19T15:06:27.819+0000][7][gc,heap     ] GC(140) Humongous regions: 0->0
[2024-01-19T15:06:27.819+0000][7][gc,metaspace] GC(140) Metaspace: 130272K(134016K)->130272K(134016K) NonClass: 113216K(115200K)->113216K(115200K) Class: 17056K(18816K)->17056K(18816K)
[2024-01-19T15:06:27.819+0000][7][gc          ] GC(140) Pause Young (Normal) (G1 Evacuation Pause) 742M->134M(1024M) 3.071ms
[2024-01-19T15:06:27.819+0000][7][gc,cpu      ] GC(140) User=0.01s Sys=0.00s Real=0.00s
[2024-01-19T15:06:27.819+0000][7][safepoint   ] Safepoint "G1CollectForAllocation", Time since last: 50993909522 ns, Reaching safepoint: 70586 ns, At safepoint: 3182232 ns, Total: 3252818 ns
[2024-01-19T15:07:09.824+0000][7][safepoint   ] Safepoint "Cleanup", Time since last: 42005116799 ns, Reaching safepoint: 43548 ns, At safepoint: 3746 ns, Total: 47294 ns
[2024-01-19T15:07:49.829+0000][7][safepoint   ] Safepoint "Cleanup", Time since last: 40004783473 ns, Reaching safepoint: 67014 ns, At safepoint: 7011 ns, Total: 74025 ns
[2024-01-19T15:09:09.799+0000][7][gc,start    ] GC(141) Pause Young (Normal) (G1 Evacuation Pause)
[2024-01-19T15:09:09.799+0000][7][gc,task     ] GC(141) Using 8 workers of 8 for evacuation
[2024-01-19T15:09:09.799+0000][7][gc,age      ] GC(141) Desired survivor size 41943040 bytes, new threshold 15 (max threshold 15)
[2024-01-19T15:09:09.802+0000][7][gc,phases   ] GC(141)   Pre Evacuate Collection Set: 0.1ms
[2024-01-19T15:09:09.802+0000][7][gc,phases   ] GC(141)   Merge Heap Roots: 0.1ms
[2024-01-19T15:09:09.802+0000][7][gc,phases   ] GC(141)   Evacuate Collection Set: 1.9ms
[2024-01-19T15:09:09.802+0000][7][gc,phases   ] GC(141)   Post Evacuate Collection Set: 0.9ms
[2024-01-19T15:09:09.802+0000][7][gc,phases   ] GC(141)   Other: 0.1ms
[2024-01-19T15:09:09.802+0000][7][gc,age      ] GC(141) Age table with threshold 15 (max threshold 15)
[2024-01-19T15:09:09.802+0000][7][gc,age      ] GC(141) - age   1:    1454416 bytes,    1454416 total
[2024-01-19T15:09:09.802+0000][7][gc,age      ] GC(141) - age   2:      93752 bytes,    1548168 total
[2024-01-19T15:09:09.802+0000][7][gc,age      ] GC(141) - age   3:      86240 bytes,    1634408 total
[2024-01-19T15:09:09.802+0000][7][gc,age      ] GC(141) - age   4:        216 bytes,    1634624 total
[2024-01-19T15:09:09.802+0000][7][gc,age      ] GC(141) - age   5:        120 bytes,    1634744 total
[2024-01-19T15:09:09.802+0000][7][gc,age      ] GC(141) - age   6:        184 bytes,    1634928 total
[2024-01-19T15:09:09.802+0000][7][gc,age      ] GC(141) - age   8:     257584 bytes,    1892512 total
[2024-01-19T15:09:09.802+0000][7][gc,age      ] GC(141) - age   9:       8808 bytes,    1901320 total
[2024-01-19T15:09:09.802+0000][7][gc,age      ] GC(141) - age  10:        248 bytes,    1901568 total
[2024-01-19T15:09:09.802+0000][7][gc,age      ] GC(141) - age  12:       8048 bytes,    1909616 total
[2024-01-19T15:09:09.802+0000][7][gc,age      ] GC(141) - age  14:        376 bytes,    1909992 total
[2024-01-19T15:09:09.802+0000][7][gc,age      ] GC(141) - age  15:         64 bytes,    1910056 total
[2024-01-19T15:09:09.802+0000][7][gc,heap     ] GC(141) Eden regions: 152->0(152)
[2024-01-19T15:09:09.802+0000][7][gc,heap     ] GC(141) Survivor regions: 1->1(20)
[2024-01-19T15:09:09.802+0000][7][gc,heap     ] GC(141) Old regions: 33->33
[2024-01-19T15:09:09.802+0000][7][gc,heap     ] GC(141) Archive regions: 2->2
[2024-01-19T15:09:09.802+0000][7][gc,heap     ] GC(141) Humongous regions: 0->0
[2024-01-19T15:09:09.802+0000][7][gc,metaspace] GC(141) Metaspace: 130275K(134016K)->130275K(134016K) NonClass: 113218K(115200K)->113218K(115200K) Class: 17056K(18816K)->17056K(18816K)
[2024-01-19T15:09:09.802+0000][7][gc          ] GC(141) Pause Young (Normal) (G1 Evacuation Pause) 742M->133M(1024M) 3.480ms
[2024-01-19T15:09:09.802+0000][7][gc,cpu      ] GC(141) User=0.02s Sys=0.00s Real=0.01s
[2024-01-19T15:09:09.803+0000][7][safepoint   ] Safepoint "G1CollectForAllocation", Time since last: 79969799692 ns, Reaching safepoint: 67228 ns, At safepoint: 3587335 ns, Total: 3654563 ns
[2024-01-19T15:09:46.807+0000][7][safepoint   ] Safepoint "Cleanup", Time since last: 37004360862 ns, Reaching safepoint: 82953 ns, At safepoint: 8800 ns, Total: 91753 ns
[2024-01-19T15:10:43.814+0000][7][safepoint   ] Safepoint "Cleanup", Time since last: 57007144479 ns, Reaching safepoint: 68076 ns, At safepoint: 8832 ns, Total: 76908 ns
[2024-01-19T15:11:26.820+0000][7][safepoint   ] Safepoint "Cleanup", Time since last: 43005249366 ns, Reaching safepoint: 138968 ns, At safepoint: 27311 ns, Total: 166279 ns
[2024-01-19T15:11:48.920+0000][7][gc,start    ] GC(142) Pause Young (Normal) (G1 Evacuation Pause)
[2024-01-19T15:11:48.920+0000][7][gc,task     ] GC(142) Using 8 workers of 8 for evacuation
[2024-01-19T15:11:48.920+0000][7][gc,age      ] GC(142) Desired survivor size 41943040 bytes, new threshold 15 (max threshold 15)
[2024-01-19T15:11:48.923+0000][7][gc,phases   ] GC(142)   Pre Evacuate Collection Set: 0.1ms
[2024-01-19T15:11:48.923+0000][7][gc,phases   ] GC(142)   Merge Heap Roots: 0.1ms
[2024-01-19T15:11:48.923+0000][7][gc,phases   ] GC(142)   Evacuate Collection Set: 1.6ms
[2024-01-19T15:11:48.923+0000][7][gc,phases   ] GC(142)   Post Evacuate Collection Set: 0.9ms
[2024-01-19T15:11:48.923+0000][7][gc,phases   ] GC(142)   Other: 0.1ms
[2024-01-19T15:11:48.923+0000][7][gc,age      ] GC(142) Age table with threshold 15 (max threshold 15)
[2024-01-19T15:11:48.923+0000][7][gc,age      ] GC(142) - age   1:    1083696 bytes,    1083696 total
[2024-01-19T15:11:48.923+0000][7][gc,age      ] GC(142) - age   2:      86608 bytes,    1170304 total
[2024-01-19T15:11:48.923+0000][7][gc,age      ] GC(142) - age   3:      90840 bytes,    1261144 total
[2024-01-19T15:11:48.923+0000][7][gc,age      ] GC(142) - age   4:      83104 bytes,    1344248 total
[2024-01-19T15:11:48.923+0000][7][gc,age      ] GC(142) - age   5:        216 bytes,    1344464 total
[2024-01-19T15:11:48.923+0000][7][gc,age      ] GC(142) - age   6:        120 bytes,    1344584 total
[2024-01-19T15:11:48.923+0000][7][gc,age      ] GC(142) - age   7:        184 bytes,    1344768 total
[2024-01-19T15:11:48.923+0000][7][gc,age      ] GC(142) - age   9:     257584 bytes,    1602352 total
[2024-01-19T15:11:48.923+0000][7][gc,age      ] GC(142) - age  10:       8808 bytes,    1611160 total
[2024-01-19T15:11:48.923+0000][7][gc,age      ] GC(142) - age  11:        248 bytes,    1611408 total
[2024-01-19T15:11:48.923+0000][7][gc,age      ] GC(142) - age  13:       8048 bytes,    1619456 total
[2024-01-19T15:11:48.923+0000][7][gc,age      ] GC(142) - age  15:        376 bytes,    1619832 total
[2024-01-19T15:11:48.923+0000][7][gc,heap     ] GC(142) Eden regions: 152->0(152)
[2024-01-19T15:11:48.923+0000][7][gc,heap     ] GC(142) Survivor regions: 1->1(20)
[2024-01-19T15:11:48.923+0000][7][gc,heap     ] GC(142) Old regions: 33->33
[2024-01-19T15:11:48.923+0000][7][gc,heap     ] GC(142) Archive regions: 2->2
[2024-01-19T15:11:48.923+0000][7][gc,heap     ] GC(142) Humongous regions: 0->0
[2024-01-19T15:11:48.923+0000][7][gc,metaspace] GC(142) Metaspace: 130275K(134016K)->130275K(134016K) NonClass: 113218K(115200K)->113218K(115200K) Class: 17056K(18816K)->17056K(18816K)
[2024-01-19T15:11:48.923+0000][7][gc          ] GC(142) Pause Young (Normal) (G1 Evacuation Pause) 741M->133M(1024M) 3.132ms
[2024-01-19T15:11:48.923+0000][7][gc,cpu      ] GC(142) User=0.01s Sys=0.00s Real=0.01s
[2024-01-19T15:11:48.923+0000][7][safepoint   ] Safepoint "G1CollectForAllocation", Time since last: 22100271177 ns, Reaching safepoint: 67287 ns, At safepoint: 3230416 ns, Total: 3297703 ns
[2024-01-19T15:12:51.931+0000][7][safepoint   ] Safepoint "Cleanup", Time since last: 63007816964 ns, Reaching safepoint: 81440 ns, At safepoint: 47615 ns, Total: 129055 ns
[2024-01-19T15:13:06.933+0000][7][safepoint   ] Safepoint "Cleanup", Time since last: 15002169707 ns, Reaching safepoint: 43510 ns, At safepoint: 5611 ns, Total: 49121 ns
[2024-01-19T15:13:26.936+0000][7][safepoint   ] Safepoint "Cleanup", Time since last: 20002433083 ns, Reaching safepoint: 106655 ns, At safepoint: 8253 ns, Total: 114908 ns
[2024-01-19T15:14:26.944+0000][7][safepoint   ] Safepoint "Cleanup", Time since last: 60007569485 ns, Reaching safepoint: 130377 ns, At safepoint: 14427 ns, Total: 144804 ns
[2024-01-19T15:14:46.231+0000][7][gc,start    ] GC(143) Pause Young (Normal) (G1 Evacuation Pause)
[2024-01-19T15:14:46.231+0000][7][gc,task     ] GC(143) Using 8 workers of 8 for evacuation
[2024-01-19T15:14:46.231+0000][7][gc,age      ] GC(143) Desired survivor size 41943040 bytes, new threshold 15 (max threshold 15)
[2024-01-19T15:14:46.234+0000][7][gc,phases   ] GC(143)   Pre Evacuate Collection Set: 0.1ms
[2024-01-19T15:14:46.234+0000][7][gc,phases   ] GC(143)   Merge Heap Roots: 0.1ms
[2024-01-19T15:14:46.234+0000][7][gc,phases   ] GC(143)   Evacuate Collection Set: 1.4ms
[2024-01-19T15:14:46.234+0000][7][gc,phases   ] GC(143)   Post Evacuate Collection Set: 0.6ms
[2024-01-19T15:14:46.234+0000][7][gc,phases   ] GC(143)   Other: 0.1ms
[2024-01-19T15:14:46.234+0000][7][gc,age      ] GC(143) Age table with threshold 15 (max threshold 15)
[2024-01-19T15:14:46.234+0000][7][gc,age      ] GC(143) - age   1:    1805144 bytes,    1805144 total
[2024-01-19T15:14:46.234+0000][7][gc,age      ] GC(143) - age   2:      14368 bytes,    1819512 total
[2024-01-19T15:14:46.234+0000][7][gc,age      ] GC(143) - age   3:      84400 bytes,    1903912 total
[2024-01-19T15:14:46.234+0000][7][gc,age      ] GC(143) - age   4:      90072 bytes,    1993984 total
[2024-01-19T15:14:46.234+0000][7][gc,age      ] GC(143) - age   5:      82392 bytes,    2076376 total
[2024-01-19T15:14:46.234+0000][7][gc,age      ] GC(143) - age   6:         32 bytes,    2076408 total
[2024-01-19T15:14:46.234+0000][7][gc,age      ] GC(143) - age   7:        120 bytes,    2076528 total
[2024-01-19T15:14:46.234+0000][7][gc,age      ] GC(143) - age   8:        152 bytes,    2076680 total
[2024-01-19T15:14:46.234+0000][7][gc,age      ] GC(143) - age  10:     257584 bytes,    2334264 total
[2024-01-19T15:14:46.234+0000][7][gc,age      ] GC(143) - age  11:       8808 bytes,    2343072 total
[2024-01-19T15:14:46.234+0000][7][gc,age      ] GC(143) - age  12:        248 bytes,    2343320 total
[2024-01-19T15:14:46.234+0000][7][gc,age      ] GC(143) - age  14:       8048 bytes,    2351368 total
[2024-01-19T15:14:46.234+0000][7][gc,heap     ] GC(143) Eden regions: 152->0(152)
[2024-01-19T15:14:46.234+0000][7][gc,heap     ] GC(143) Survivor regions: 1->1(20)
[2024-01-19T15:14:46.234+0000][7][gc,heap     ] GC(143) Old regions: 33->33
[2024-01-19T15:14:46.234+0000][7][gc,heap     ] GC(143) Archive regions: 2->2
[2024-01-19T15:14:46.234+0000][7][gc,heap     ] GC(143) Humongous regions: 0->0
[2024-01-19T15:14:46.234+0000][7][gc,metaspace] GC(143) Metaspace: 130277K(134016K)->130277K(134016K) NonClass: 113221K(115200K)->113221K(115200K) Class: 17056K(18816K)->17056K(18816K)
[2024-01-19T15:14:46.234+0000][7][gc          ] GC(143) Pause Young (Normal) (G1 Evacuation Pause) 741M->134M(1024M) 2.597ms
[2024-01-19T15:14:46.234+0000][7][gc,cpu      ] GC(143) User=0.02s Sys=0.00s Real=0.01s
[2024-01-19T15:14:46.234+0000][7][safepoint   ] Safepoint "G1CollectForAllocation", Time since last: 19287576287 ns, Reaching safepoint: 54861 ns, At safepoint: 2678495 ns, Total: 2733356 ns
[2024-01-19T15:15:07.237+0000][7][safepoint   ] Safepoint "Cleanup", Time since last: 21003324944 ns, Reaching safepoint: 74327 ns, At safepoint: 11933 ns, Total: 86260 ns
[2024-01-19T15:17:06.254+0000][7][safepoint   ] Safepoint "Cleanup", Time since last: 119016293530 ns, Reaching safepoint: 70433 ns, At safepoint: 6537 ns, Total: 76970 ns
[2024-01-19T15:17:21.894+0000][7][gc,start    ] GC(144) Pause Young (Normal) (G1 Evacuation Pause)
[2024-01-19T15:17:21.894+0000][7][gc,task     ] GC(144) Using 8 workers of 8 for evacuation
[2024-01-19T15:17:21.894+0000][7][gc,age      ] GC(144) Desired survivor size 41943040 bytes, new threshold 15 (max threshold 15)
[2024-01-19T15:17:21.896+0000][7][gc,phases   ] GC(144)   Pre Evacuate Collection Set: 0.2ms
[2024-01-19T15:17:21.896+0000][7][gc,phases   ] GC(144)   Merge Heap Roots: 0.1ms
[2024-01-19T15:17:21.896+0000][7][gc,phases   ] GC(144)   Evacuate Collection Set: 1.4ms
[2024-01-19T15:17:21.896+0000][7][gc,phases   ] GC(144)   Post Evacuate Collection Set: 0.7ms
[2024-01-19T15:17:21.896+0000][7][gc,phases   ] GC(144)   Other: 0.1ms
[2024-01-19T15:17:21.896+0000][7][gc,age      ] GC(144) Age table with threshold 15 (max threshold 15)
[2024-01-19T15:17:21.896+0000][7][gc,age      ] GC(144) - age   1:    1891240 bytes,    1891240 total
[2024-01-19T15:17:21.896+0000][7][gc,age      ] GC(144) - age   2:       5536 bytes,    1896776 total
[2024-01-19T15:17:21.896+0000][7][gc,age      ] GC(144) - age   3:      12752 bytes,    1909528 total
[2024-01-19T15:17:21.896+0000][7][gc,age      ] GC(144) - age   4:      84336 bytes,    1993864 total
[2024-01-19T15:17:21.896+0000][7][gc,age      ] GC(144) - age   5:      89880 bytes,    2083744 total
[2024-01-19T15:17:21.896+0000][7][gc,age      ] GC(144) - age   6:      82000 bytes,    2165744 total
[2024-01-19T15:17:21.896+0000][7][gc,age      ] GC(144) - age   7:         32 bytes,    2165776 total
[2024-01-19T15:17:21.896+0000][7][gc,age      ] GC(144) - age   8:        120 bytes,    2165896 total
[2024-01-19T15:17:21.896+0000][7][gc,age      ] GC(144) - age   9:        152 bytes,    2166048 total
[2024-01-19T15:17:21.896+0000][7][gc,age      ] GC(144) - age  11:     257584 bytes,    2423632 total
[2024-01-19T15:17:21.896+0000][7][gc,age      ] GC(144) - age  12:       8808 bytes,    2432440 total
[2024-01-19T15:17:21.896+0000][7][gc,age      ] GC(144) - age  13:         64 bytes,    2432504 total
[2024-01-19T15:17:21.896+0000][7][gc,age      ] GC(144) - age  15:       8048 bytes,    2440552 total
[2024-01-19T15:17:21.896+0000][7][gc,heap     ] GC(144) Eden regions: 152->0(152)
[2024-01-19T15:17:21.896+0000][7][gc,heap     ] GC(144) Survivor regions: 1->1(20)
[2024-01-19T15:17:21.896+0000][7][gc,heap     ] GC(144) Old regions: 33->33
[2024-01-19T15:17:21.896+0000][7][gc,heap     ] GC(144) Archive regions: 2->2
[2024-01-19T15:17:21.896+0000][7][gc,heap     ] GC(144) Humongous regions: 0->0
[2024-01-19T15:17:21.896+0000][7][gc,metaspace] GC(144) Metaspace: 130278K(134016K)->130278K(134016K) NonClass: 113221K(115200K)->113221K(115200K) Class: 17056K(18816K)->17056K(18816K)
[2024-01-19T15:17:21.896+0000][7][gc          ] GC(144) Pause Young (Normal) (G1 Evacuation Pause) 742M->134M(1024M) 2.734ms
[2024-01-19T15:17:21.896+0000][7][gc,cpu      ] GC(144) User=0.01s Sys=0.00s Real=0.00s
[2024-01-19T15:17:21.897+0000][7][safepoint   ] Safepoint "G1CollectForAllocation", Time since last: 15639938471 ns, Reaching safepoint: 51980 ns, At safepoint: 2818047 ns, Total: 2870027 ns
[2024-01-19T15:17:58.902+0000][7][safepoint   ] Safepoint "Cleanup", Time since last: 37005010017 ns, Reaching safepoint: 76052 ns, At safepoint: 6817 ns, Total: 82869 ns
[2024-01-19T15:19:37.915+0000][7][safepoint   ] Safepoint "Cleanup", Time since last: 99012896697 ns, Reaching safepoint: 95142 ns, At safepoint: 50138 ns, Total: 145280 ns
[2024-01-19T15:19:55.133+0000][7][gc,start    ] GC(145) Pause Young (Normal) (G1 Evacuation Pause)
[2024-01-19T15:19:55.133+0000][7][gc,task     ] GC(145) Using 8 workers of 8 for evacuation
[2024-01-19T15:19:55.133+0000][7][gc,age      ] GC(145) Desired survivor size 41943040 bytes, new threshold 15 (max threshold 15)
[2024-01-19T15:19:55.135+0000][7][gc,phases   ] GC(145)   Pre Evacuate Collection Set: 0.1ms
[2024-01-19T15:19:55.135+0000][7][gc,phases   ] GC(145)   Merge Heap Roots: 0.1ms
[2024-01-19T15:19:55.135+0000][7][gc,phases   ] GC(145)   Evacuate Collection Set: 1.5ms
[2024-01-19T15:19:55.135+0000][7][gc,phases   ] GC(145)   Post Evacuate Collection Set: 0.6ms
[2024-01-19T15:19:55.135+0000][7][gc,phases   ] GC(145)   Other: 0.1ms
[2024-01-19T15:19:55.135+0000][7][gc,age      ] GC(145) Age table with threshold 15 (max threshold 15)
[2024-01-19T15:19:55.135+0000][7][gc,age      ] GC(145) - age   1:    1836608 bytes,    1836608 total
[2024-01-19T15:19:55.135+0000][7][gc,age      ] GC(145) - age   2:       3160 bytes,    1839768 total
[2024-01-19T15:19:55.135+0000][7][gc,age      ] GC(145) - age   3:       2416 bytes,    1842184 total
[2024-01-19T15:19:55.135+0000][7][gc,age      ] GC(145) - age   4:      12496 bytes,    1854680 total
[2024-01-19T15:19:55.135+0000][7][gc,age      ] GC(145) - age   5:      84312 bytes,    1938992 total
[2024-01-19T15:19:55.135+0000][7][gc,age      ] GC(145) - age   6:      89880 bytes,    2028872 total
[2024-01-19T15:19:55.135+0000][7][gc,age      ] GC(145) - age   7:      81568 bytes,    2110440 total
[2024-01-19T15:19:55.135+0000][7][gc,age      ] GC(145) - age   9:        120 bytes,    2110560 total
[2024-01-19T15:19:55.135+0000][7][gc,age      ] GC(145) - age  10:        152 bytes,    2110712 total
[2024-01-19T15:19:55.135+0000][7][gc,age      ] GC(145) - age  12:     257584 bytes,    2368296 total
[2024-01-19T15:19:55.135+0000][7][gc,age      ] GC(145) - age  13:       8808 bytes,    2377104 total
[2024-01-19T15:19:55.135+0000][7][gc,age      ] GC(145) - age  14:         64 bytes,    2377168 total
[2024-01-19T15:19:55.135+0000][7][gc,heap     ] GC(145) Eden regions: 152->0(152)
[2024-01-19T15:19:55.135+0000][7][gc,heap     ] GC(145) Survivor regions: 1->1(20)
[2024-01-19T15:19:55.135+0000][7][gc,heap     ] GC(145) Old regions: 33->33
[2024-01-19T15:19:55.135+0000][7][gc,heap     ] GC(145) Archive regions: 2->2
[2024-01-19T15:19:55.135+0000][7][gc,heap     ] GC(145) Humongous regions: 0->0
[2024-01-19T15:19:55.135+0000][7][gc,metaspace] GC(145) Metaspace: 130278K(134016K)->130278K(134016K) NonClass: 113221K(115200K)->113221K(115200K) Class: 17056K(18816K)->17056K(18816K)
[2024-01-19T15:19:55.135+0000][7][gc          ] GC(145) Pause Young (Normal) (G1 Evacuation Pause) 742M->134M(1024M) 2.608ms
[2024-01-19T15:19:55.135+0000][7][gc,cpu      ] GC(145) User=0.01s Sys=0.00s Real=0.01s
[2024-01-19T15:19:55.135+0000][7][safepoint   ] Safepoint "G1CollectForAllocation", Time since last: 17217937585 ns, Reaching safepoint: 56241 ns, At safepoint: 2691740 ns, Total: 2747981 ns
[2024-01-19T15:22:27.204+0000][7][safepoint   ] Safepoint "Cleanup", Time since last: 151020321726 ns, Reaching safepoint: 51970 ns, At safepoint: 6946 ns, Total: 58916 ns
[2024-01-19T15:22:37.954+0000][7][gc,start    ] GC(146) Pause Young (Normal) (G1 Evacuation Pause)
[2024-01-19T15:22:37.954+0000][7][gc,task     ] GC(146) Using 8 workers of 8 for evacuation
[2024-01-19T15:22:37.954+0000][7][gc,age      ] GC(146) Desired survivor size 41943040 bytes, new threshold 15 (max threshold 15)
[2024-01-19T15:22:37.956+0000][7][gc,phases   ] GC(146)   Pre Evacuate Collection Set: 0.1ms
[2024-01-19T15:22:37.956+0000][7][gc,phases   ] GC(146)   Merge Heap Roots: 0.1ms
[2024-01-19T15:22:37.956+0000][7][gc,phases   ] GC(146)   Evacuate Collection Set: 1.5ms
[2024-01-19T15:22:37.956+0000][7][gc,phases   ] GC(146)   Post Evacuate Collection Set: 0.7ms
[2024-01-19T15:22:37.956+0000][7][gc,phases   ] GC(146)   Other: 0.1ms
[2024-01-19T15:22:37.956+0000][7][gc,age      ] GC(146) Age table with threshold 15 (max threshold 15)
[2024-01-19T15:22:37.956+0000][7][gc,age      ] GC(146) - age   1:    1455480 bytes,    1455480 total
[2024-01-19T15:22:37.956+0000][7][gc,age      ] GC(146) - age   2:       3216 bytes,    1458696 total
[2024-01-19T15:22:37.956+0000][7][gc,age      ] GC(146) - age   3:       1008 bytes,    1459704 total
[2024-01-19T15:22:37.956+0000][7][gc,age      ] GC(146) - age   4:       1848 bytes,    1461552 total
[2024-01-19T15:22:37.956+0000][7][gc,age      ] GC(146) - age   5:       9232 bytes,    1470784 total
[2024-01-19T15:22:37.956+0000][7][gc,age      ] GC(146) - age   6:      84312 bytes,    1555096 total
[2024-01-19T15:22:37.956+0000][7][gc,age      ] GC(146) - age   7:      89880 bytes,    1644976 total
[2024-01-19T15:22:37.956+0000][7][gc,age      ] GC(146) - age   8:      81568 bytes,    1726544 total
[2024-01-19T15:22:37.956+0000][7][gc,age      ] GC(146) - age  10:        120 bytes,    1726664 total
[2024-01-19T15:22:37.956+0000][7][gc,age      ] GC(146) - age  11:        152 bytes,    1726816 total
[2024-01-19T15:22:37.956+0000][7][gc,age      ] GC(146) - age  13:     257400 bytes,    1984216 total
[2024-01-19T15:22:37.956+0000][7][gc,age      ] GC(146) - age  14:       8808 bytes,    1993024 total
[2024-01-19T15:22:37.956+0000][7][gc,age      ] GC(146) - age  15:         64 bytes,    1993088 total
[2024-01-19T15:22:37.956+0000][7][gc,heap     ] GC(146) Eden regions: 152->0(152)
[2024-01-19T15:22:37.956+0000][7][gc,heap     ] GC(146) Survivor regions: 1->1(20)
[2024-01-19T15:22:37.956+0000][7][gc,heap     ] GC(146) Old regions: 33->33
[2024-01-19T15:22:37.956+0000][7][gc,heap     ] GC(146) Archive regions: 2->2
[2024-01-19T15:22:37.956+0000][7][gc,heap     ] GC(146) Humongous regions: 0->0
[2024-01-19T15:22:37.956+0000][7][gc,metaspace] GC(146) Metaspace: 130294K(134016K)->130294K(134016K) NonClass: 113238K(115200K)->113238K(115200K) Class: 17056K(18816K)->17056K(18816K)
[2024-01-19T15:22:37.956+0000][7][gc          ] GC(146) Pause Young (Normal) (G1 Evacuation Pause) 742M->134M(1024M) 2.727ms
[2024-01-19T15:22:37.956+0000][7][gc,cpu      ] GC(146) User=0.02s Sys=0.00s Real=0.00s
[2024-01-19T15:22:37.956+0000][7][safepoint   ] Safepoint "G1CollectForAllocation", Time since last: 10749845582 ns, Reaching safepoint: 50894 ns, At safepoint: 2821397 ns, Total: 2872291 ns
[2024-01-19T15:43:17.110+0000][7][safepoint   ] Safepoint "Cleanup", Time since last: 30117588789 ns, Reaching safepoint: 75238 ns, At safepoint: 7585 ns, Total: 82823 ns
[2024-01-19T15:43:37.112+0000][7][safepoint   ] Safepoint "Cleanup", Time since last: 20001902937 ns, Reaching safepoint: 93642 ns, At safepoint: 6660 ns, Total: 100302 ns
[2024-01-19T15:44:39.425+0000][7][safepoint   ] Safepoint "Cleanup", Time since last: 60005288931 ns, Reaching safepoint: 69128 ns, At safepoint: 5086 ns, Total: 74214 ns
[2024-01-19T15:46:04.892+0000][7][gc,start    ] GC(147) Pause Young (Normal) (G1 Evacuation Pause)
[2024-01-19T15:46:04.892+0000][7][gc,task     ] GC(147) Using 8 workers of 8 for evacuation
[2024-01-19T15:46:04.892+0000][7][gc,age      ] GC(147) Desired survivor size 41943040 bytes, new threshold 15 (max threshold 15)
[2024-01-19T15:46:04.895+0000][7][gc,phases   ] GC(147)   Pre Evacuate Collection Set: 0.1ms
[2024-01-19T15:46:04.895+0000][7][gc,phases   ] GC(147)   Merge Heap Roots: 0.1ms
[2024-01-19T15:46:04.895+0000][7][gc,phases   ] GC(147)   Evacuate Collection Set: 1.9ms
[2024-01-19T15:46:04.895+0000][7][gc,phases   ] GC(147)   Post Evacuate Collection Set: 0.8ms
[2024-01-19T15:46:04.895+0000][7][gc,phases   ] GC(147)   Other: 0.1ms
[2024-01-19T15:46:04.895+0000][7][gc,age      ] GC(147) Age table with threshold 15 (max threshold 15)
[2024-01-19T15:46:04.895+0000][7][gc,age      ] GC(147) - age   1:    2091304 bytes,    2091304 total
[2024-01-19T15:46:04.895+0000][7][gc,age      ] GC(147) - age   2:       5408 bytes,    2096712 total
[2024-01-19T15:46:04.895+0000][7][gc,age      ] GC(147) - age   3:        440 bytes,    2097152 total
[2024-01-19T15:46:04.895+0000][7][gc,age      ] GC(147) - age   4:        456 bytes,    2097608 total
[2024-01-19T15:46:04.895+0000][7][gc,age      ] GC(147) - age   5:       1072 bytes,    2098680 total
[2024-01-19T15:46:04.895+0000][7][gc,age      ] GC(147) - age   6:       9232 bytes,    2107912 total
[2024-01-19T15:46:04.895+0000][7][gc,age      ] GC(147) - age   7:      84312 bytes,    2192224 total
[2024-01-19T15:46:04.895+0000][7][gc,age      ] GC(147) - age   8:      81480 bytes,    2273704 total
[2024-01-19T15:46:04.895+0000][7][gc,age      ] GC(147) - age   9:      81536 bytes,    2355240 total
[2024-01-19T15:46:04.895+0000][7][gc,age      ] GC(147) - age  12:        152 bytes,    2355392 total
[2024-01-19T15:46:04.895+0000][7][gc,age      ] GC(147) - age  14:     257304 bytes,    2612696 total
[2024-01-19T15:46:04.895+0000][7][gc,age      ] GC(147) - age  15:       8808 bytes,    2621504 total
[2024-01-19T15:46:04.895+0000][7][gc,heap     ] GC(147) Eden regions: 152->0(152)
[2024-01-19T15:46:04.895+0000][7][gc,heap     ] GC(147) Survivor regions: 1->1(20)
[2024-01-19T15:46:04.895+0000][7][gc,heap     ] GC(147) Old regions: 33->33
[2024-01-19T15:46:04.895+0000][7][gc,heap     ] GC(147) Archive regions: 2->2
[2024-01-19T15:46:04.895+0000][7][gc,heap     ] GC(147) Humongous regions: 0->0
[2024-01-19T15:46:04.895+0000][7][gc,metaspace] GC(147) Metaspace: 130307K(134016K)->130307K(134016K) NonClass: 113250K(115200K)->113250K(115200K) Class: 17056K(18816K)->17056K(18816K)
[2024-01-19T15:46:04.895+0000][7][gc          ] GC(147) Pause Young (Normal) (G1 Evacuation Pause) 742M->134M(1024M) 3.254ms
[2024-01-19T15:46:04.895+0000][7][gc,cpu      ] GC(147) User=0.02s Sys=0.00s Real=0.01s
[2024-01-19T15:46:04.895+0000][7][safepoint   ] Safepoint "G1CollectForAllocation", Time since last: 86037187388 ns, Reaching safepoint: 103590 ns, At safepoint: 3370798 ns, Total: 3474388 ns
[2024-01-19T15:46:14.896+0000][7][safepoint   ] Safepoint "Cleanup", Time since last: 10001020198 ns, Reaching safepoint: 74450 ns, At safepoint: 10776 ns, Total: 85226 ns
[2024-01-20T01:12:59.071+0000][7][safepoint   ] Safepoint "Cleanup", Time since last: 39174918092 ns, Reaching safepoint: 72539 ns, At safepoint: 14749 ns, Total: 87288 ns
[2024-01-20T01:13:00.071+0000][7][safepoint   ] Safepoint "Cleanup", Time since last: 1000133441 ns, Reaching safepoint: 57599 ns, At safepoint: 6382 ns, Total: 63981 ns
[2024-01-20T01:13:02.072+0000][7][safepoint   ] Safepoint "Cleanup", Time since last: 2000202964 ns, Reaching safepoint: 87299 ns, At safepoint: 6083 ns, Total: 93382 ns
[2024-01-20T01:13:05.072+0000][7][safepoint   ] Safepoint "Cleanup", Time since last: 3000255509 ns, Reaching safepoint: 68166 ns, At safepoint: 8682 ns, Total: 76848 ns
[2024-01-20T22:14:41.046+0000][7][safepoint   ] Safepoint "Cleanup", Time since last: 27973868537 ns, Reaching safepoint: 58517 ns, At safepoint: 3416 ns, Total: 61933 ns
[2024-01-20T22:15:34.127+0000][7][safepoint   ] Safepoint "Cleanup", Time since last: 53080548318 ns, Reaching safepoint: 67379 ns, At safepoint: 8726 ns, Total: 76105 ns
[2024-01-20T22:15:51.129+0000][7][safepoint   ] Safepoint "Cleanup", Time since last: 17002142958 ns, Reaching safepoint: 63958 ns, At safepoint: 6217 ns, Total: 70175 ns
[2024-01-20T22:16:02.045+0000][7][gc,start    ] GC(148) Pause Young (Normal) (G1 Evacuation Pause)
[2024-01-20T22:16:02.045+0000][7][gc,task     ] GC(148) Using 8 workers of 8 for evacuation
[2024-01-20T22:16:02.045+0000][7][gc,age      ] GC(148) Desired survivor size 41943040 bytes, new threshold 15 (max threshold 15)
[2024-01-20T22:16:02.048+0000][7][gc,phases   ] GC(148)   Pre Evacuate Collection Set: 0.1ms
[2024-01-20T22:16:02.048+0000][7][gc,phases   ] GC(148)   Merge Heap Roots: 0.1ms
[2024-01-20T22:16:02.048+0000][7][gc,phases   ] GC(148)   Evacuate Collection Set: 1.8ms
[2024-01-20T22:16:02.048+0000][7][gc,phases   ] GC(148)   Post Evacuate Collection Set: 0.8ms
[2024-01-20T22:16:02.048+0000][7][gc,phases   ] GC(148)   Other: 0.1ms
[2024-01-20T22:16:02.048+0000][7][gc,age      ] GC(148) Age table with threshold 15 (max threshold 15)
[2024-01-20T22:16:02.048+0000][7][gc,age      ] GC(148) - age   1:    1805288 bytes,    1805288 total
[2024-01-20T22:16:02.048+0000][7][gc,age      ] GC(148) - age   2:      10992 bytes,    1816280 total
[2024-01-20T22:16:02.048+0000][7][gc,age      ] GC(148) - age   3:       3496 bytes,    1819776 total
[2024-01-20T22:16:02.048+0000][7][gc,age      ] GC(148) - age   4:         32 bytes,    1819808 total
[2024-01-20T22:16:02.048+0000][7][gc,age      ] GC(148) - age   5:        392 bytes,    1820200 total
[2024-01-20T22:16:02.048+0000][7][gc,age      ] GC(148) - age   6:       1056 bytes,    1821256 total
[2024-01-20T22:16:02.048+0000][7][gc,age      ] GC(148) - age   7:        152 bytes,    1821408 total
[2024-01-20T22:16:02.048+0000][7][gc,age      ] GC(148) - age   8:        288 bytes,    1821696 total
[2024-01-20T22:16:02.048+0000][7][gc,age      ] GC(148) - age   9:      21672 bytes,    1843368 total
[2024-01-20T22:16:02.048+0000][7][gc,age      ] GC(148) - age  10:      81048 bytes,    1924416 total
[2024-01-20T22:16:02.048+0000][7][gc,age      ] GC(148) - age  13:        152 bytes,    1924568 total
[2024-01-20T22:16:02.048+0000][7][gc,age      ] GC(148) - age  15:      49944 bytes,    1974512 total
[2024-01-20T22:16:02.048+0000][7][gc,heap     ] GC(148) Eden regions: 152->0(152)
[2024-01-20T22:16:02.048+0000][7][gc,heap     ] GC(148) Survivor regions: 1->1(20)
[2024-01-20T22:16:02.048+0000][7][gc,heap     ] GC(148) Old regions: 33->33
[2024-01-20T22:16:02.048+0000][7][gc,heap     ] GC(148) Archive regions: 2->2
[2024-01-20T22:16:02.048+0000][7][gc,heap     ] GC(148) Humongous regions: 0->0
[2024-01-20T22:16:02.048+0000][7][gc,metaspace] GC(148) Metaspace: 130317K(134016K)->130317K(134016K) NonClass: 113261K(115200K)->113261K(115200K) Class: 17056K(18816K)->17056K(18816K)
[2024-01-20T22:16:02.048+0000][7][gc          ] GC(148) Pause Young (Normal) (G1 Evacuation Pause) 742M->134M(1024M) 3.330ms
[2024-01-20T22:16:02.048+0000][7][gc,cpu      ] GC(148) User=0.02s Sys=0.00s Real=0.00s
[2024-01-20T22:16:02.048+0000][7][safepoint   ] Safepoint "G1CollectForAllocation", Time since last: 10916204006 ns, Reaching safepoint: 64735 ns, At safepoint: 3432979 ns, Total: 3497714 ns
[2024-01-20T22:16:34.052+0000][7][safepoint   ] Safepoint "Cleanup", Time since last: 32003057611 ns, Reaching safepoint: 131327 ns, At safepoint: 7527 ns, Total: 138854 ns
[2024-01-20T22:17:03.314+0000][7][safepoint   ] Safepoint "Cleanup", Time since last: 30003144391 ns, Reaching safepoint: 68019 ns, At safepoint: 32544 ns, Total: 100563 ns
[2024-01-20T22:19:30.319+0000][7][gc,start    ] GC(149) Pause Young (Normal) (G1 Evacuation Pause)
[2024-01-20T22:19:30.319+0000][7][gc,task     ] GC(149) Using 8 workers of 8 for evacuation
[2024-01-20T22:19:30.319+0000][7][gc,age      ] GC(149) Desired survivor size 41943040 bytes, new threshold 15 (max threshold 15)
[2024-01-20T22:19:30.322+0000][7][gc,phases   ] GC(149)   Pre Evacuate Collection Set: 0.2ms
[2024-01-20T22:19:30.322+0000][7][gc,phases   ] GC(149)   Merge Heap Roots: 0.1ms
[2024-01-20T22:19:30.322+0000][7][gc,phases   ] GC(149)   Evacuate Collection Set: 1.8ms
[2024-01-20T22:19:30.322+0000][7][gc,phases   ] GC(149)   Post Evacuate Collection Set: 0.9ms
[2024-01-20T22:19:30.322+0000][7][gc,phases   ] GC(149)   Other: 0.1ms
[2024-01-20T22:19:30.322+0000][7][gc,age      ] GC(149) Age table with threshold 15 (max threshold 15)
[2024-01-20T22:19:30.322+0000][7][gc,age      ] GC(149) - age   1:    1034344 bytes,    1034344 total
[2024-01-20T22:19:30.322+0000][7][gc,age      ] GC(149) - age   2:     552416 bytes,    1586760 total
[2024-01-20T22:19:30.322+0000][7][gc,age      ] GC(149) - age   3:       9328 bytes,    1596088 total
[2024-01-20T22:19:30.322+0000][7][gc,age      ] GC(149) - age   4:        360 bytes,    1596448 total
[2024-01-20T22:19:30.322+0000][7][gc,age      ] GC(149) - age   5:         32 bytes,    1596480 total
[2024-01-20T22:19:30.322+0000][7][gc,age      ] GC(149) - age   7:       1056 bytes,    1597536 total
[2024-01-20T22:19:30.322+0000][7][gc,age      ] GC(149) - age   8:        152 bytes,    1597688 total
[2024-01-20T22:19:30.322+0000][7][gc,age      ] GC(149) - age   9:         32 bytes,    1597720 total
[2024-01-20T22:19:30.323+0000][7][gc,age      ] GC(149) - age  10:      21672 bytes,    1619392 total
[2024-01-20T22:19:30.323+0000][7][gc,age      ] GC(149) - age  11:      81048 bytes,    1700440 total
[2024-01-20T22:19:30.323+0000][7][gc,age      ] GC(149) - age  14:        152 bytes,    1700592 total
[2024-01-20T22:19:30.323+0000][7][gc,heap     ] GC(149) Eden regions: 152->0(152)
[2024-01-20T22:19:30.323+0000][7][gc,heap     ] GC(149) Survivor regions: 1->1(20)
[2024-01-20T22:19:30.323+0000][7][gc,heap     ] GC(149) Old regions: 33->33
[2024-01-20T22:19:30.323+0000][7][gc,heap     ] GC(149) Archive regions: 2->2
[2024-01-20T22:19:30.323+0000][7][gc,heap     ] GC(149) Humongous regions: 0->0
[2024-01-20T22:19:30.323+0000][7][gc,metaspace] GC(149) Metaspace: 130320K(134016K)->130320K(134016K) NonClass: 113264K(115200K)->113264K(115200K) Class: 17056K(18816K)->17056K(18816K)
[2024-01-20T22:19:30.323+0000][7][gc          ] GC(149) Pause Young (Normal) (G1 Evacuation Pause) 742M->133M(1024M) 3.445ms
[2024-01-20T22:19:30.323+0000][7][gc,cpu      ] GC(149) User=0.01s Sys=0.00s Real=0.01s
[2024-01-20T22:19:30.323+0000][7][safepoint   ] Safepoint "G1CollectForAllocation", Time since last: 147005013921 ns, Reaching safepoint: 62361 ns, At safepoint: 3551340 ns, Total: 3613701 ns
[2024-01-20T22:19:31.323+0000][7][safepoint   ] Safepoint "Cleanup", Time since last: 1000095819 ns, Reaching safepoint: 79686 ns, At safepoint: 9165 ns, Total: 88851 ns
[2024-01-20T22:19:50.325+0000][7][safepoint   ] Safepoint "Cleanup", Time since last: 19002361650 ns, Reaching safepoint: 93521 ns, At safepoint: 10993 ns, Total: 104514 ns
[2024-01-20T22:22:01.278+0000][7][gc,start    ] GC(150) Pause Young (Normal) (G1 Evacuation Pause)
[2024-01-20T22:22:01.278+0000][7][gc,task     ] GC(150) Using 8 workers of 8 for evacuation
[2024-01-20T22:22:01.278+0000][7][gc,age      ] GC(150) Desired survivor size 41943040 bytes, new threshold 15 (max threshold 15)
[2024-01-20T22:22:01.281+0000][7][gc,phases   ] GC(150)   Pre Evacuate Collection Set: 0.2ms
[2024-01-20T22:22:01.281+0000][7][gc,phases   ] GC(150)   Merge Heap Roots: 0.1ms
[2024-01-20T22:22:01.281+0000][7][gc,phases   ] GC(150)   Evacuate Collection Set: 1.4ms
[2024-01-20T22:22:01.281+0000][7][gc,phases   ] GC(150)   Post Evacuate Collection Set: 0.8ms
[2024-01-20T22:22:01.281+0000][7][gc,phases   ] GC(150)   Other: 0.1ms
[2024-01-20T22:22:01.281+0000][7][gc,age      ] GC(150) Age table with threshold 15 (max threshold 15)
[2024-01-20T22:22:01.281+0000][7][gc,age      ] GC(150) - age   1:     728144 bytes,     728144 total
[2024-01-20T22:22:01.281+0000][7][gc,age      ] GC(150) - age   2:      27168 bytes,     755312 total
[2024-01-20T22:22:01.281+0000][7][gc,age      ] GC(150) - age   3:     435328 bytes,    1190640 total
[2024-01-20T22:22:01.281+0000][7][gc,age      ] GC(150) - age   4:       8616 bytes,    1199256 total
[2024-01-20T22:22:01.281+0000][7][gc,age      ] GC(150) - age   5:        360 bytes,    1199616 total
[2024-01-20T22:22:01.281+0000][7][gc,age      ] GC(150) - age   6:         32 bytes,    1199648 total
[2024-01-20T22:22:01.281+0000][7][gc,age      ] GC(150) - age   8:        840 bytes,    1200488 total
[2024-01-20T22:22:01.281+0000][7][gc,age      ] GC(150) - age   9:        152 bytes,    1200640 total
[2024-01-20T22:22:01.281+0000][7][gc,age      ] GC(150) - age  11:        832 bytes,    1201472 total
[2024-01-20T22:22:01.281+0000][7][gc,age      ] GC(150) - age  12:      81048 bytes,    1282520 total
[2024-01-20T22:22:01.281+0000][7][gc,age      ] GC(150) - age  15:        120 bytes,    1282640 total
[2024-01-20T22:22:01.281+0000][7][gc,heap     ] GC(150) Eden regions: 152->0(152)
[2024-01-20T22:22:01.281+0000][7][gc,heap     ] GC(150) Survivor regions: 1->1(20)
[2024-01-20T22:22:01.281+0000][7][gc,heap     ] GC(150) Old regions: 33->33
[2024-01-20T22:22:01.281+0000][7][gc,heap     ] GC(150) Archive regions: 2->2
[2024-01-20T22:22:01.281+0000][7][gc,heap     ] GC(150) Humongous regions: 0->0
[2024-01-20T22:22:01.281+0000][7][gc,metaspace] GC(150) Metaspace: 130323K(134016K)->130323K(134016K) NonClass: 113266K(115200K)->113266K(115200K) Class: 17056K(18816K)->17056K(18816K)
[2024-01-20T22:22:01.281+0000][7][gc          ] GC(150) Pause Young (Normal) (G1 Evacuation Pause) 741M->133M(1024M) 2.996ms
[2024-01-20T22:22:01.281+0000][7][gc,cpu      ] GC(150) User=0.01s Sys=0.00s Real=0.01s
[2024-01-20T22:22:01.281+0000][7][safepoint   ] Safepoint "G1CollectForAllocation", Time since last: 130952694394 ns, Reaching safepoint: 68802 ns, At safepoint: 3105943 ns, Total: 3174745 ns
[2024-01-20T22:22:52.289+0000][7][safepoint   ] Safepoint "Cleanup", Time since last: 51007272078 ns, Reaching safepoint: 81587 ns, At safepoint: 7563 ns, Total: 89150 ns
[2024-01-20T22:23:04.290+0000][7][safepoint   ] Safepoint "Cleanup", Time since last: 12001303384 ns, Reaching safepoint: 95752 ns, At safepoint: 9031 ns, Total: 104783 ns
[2024-01-20T22:24:42.356+0000][7][gc,start    ] GC(151) Pause Young (Normal) (G1 Evacuation Pause)
[2024-01-20T22:24:42.357+0000][7][gc,task     ] GC(151) Using 8 workers of 8 for evacuation
[2024-01-20T22:24:42.357+0000][7][gc,age      ] GC(151) Desired survivor size 41943040 bytes, new threshold 15 (max threshold 15)
[2024-01-20T22:24:42.359+0000][7][gc,phases   ] GC(151)   Pre Evacuate Collection Set: 0.1ms
[2024-01-20T22:24:42.359+0000][7][gc,phases   ] GC(151)   Merge Heap Roots: 0.1ms
[2024-01-20T22:24:42.359+0000][7][gc,phases   ] GC(151)   Evacuate Collection Set: 1.3ms
[2024-01-20T22:24:42.359+0000][7][gc,phases   ] GC(151)   Post Evacuate Collection Set: 0.8ms
[2024-01-20T22:24:42.359+0000][7][gc,phases   ] GC(151)   Other: 0.1ms
[2024-01-20T22:24:42.359+0000][7][gc,age      ] GC(151) Age table with threshold 15 (max threshold 15)
[2024-01-20T22:24:42.359+0000][7][gc,age      ] GC(151) - age   1:     846608 bytes,     846608 total
[2024-01-20T22:24:42.359+0000][7][gc,age      ] GC(151) - age   2:     170944 bytes,    1017552 total
[2024-01-20T22:24:42.359+0000][7][gc,age      ] GC(151) - age   3:      25296 bytes,    1042848 total
[2024-01-20T22:24:42.359+0000][7][gc,age      ] GC(151) - age   4:     435136 bytes,    1477984 total
[2024-01-20T22:24:42.359+0000][7][gc,age      ] GC(151) - age   5:        384 bytes,    1478368 total
[2024-01-20T22:24:42.359+0000][7][gc,age      ] GC(151) - age   6:        360 bytes,    1478728 total
[2024-01-20T22:24:42.359+0000][7][gc,age      ] GC(151) - age   7:         32 bytes,    1478760 total
[2024-01-20T22:24:42.359+0000][7][gc,age      ] GC(151) - age   9:        840 bytes,    1479600 total
[2024-01-20T22:24:42.359+0000][7][gc,age      ] GC(151) - age  10:        152 bytes,    1479752 total
[2024-01-20T22:24:42.359+0000][7][gc,age      ] GC(151) - age  12:        832 bytes,    1480584 total
[2024-01-20T22:24:42.359+0000][7][gc,age      ] GC(151) - age  13:      81048 bytes,    1561632 total
[2024-01-20T22:24:42.359+0000][7][gc,heap     ] GC(151) Eden regions: 152->0(152)
[2024-01-20T22:24:42.359+0000][7][gc,heap     ] GC(151) Survivor regions: 1->1(20)
[2024-01-20T22:24:42.359+0000][7][gc,heap     ] GC(151) Old regions: 33->33
[2024-01-20T22:24:42.359+0000][7][gc,heap     ] GC(151) Archive regions: 2->2
[2024-01-20T22:24:42.359+0000][7][gc,heap     ] GC(151) Humongous regions: 0->0
[2024-01-20T22:24:42.359+0000][7][gc,metaspace] GC(151) Metaspace: 130324K(134016K)->130324K(134016K) NonClass: 113268K(115200K)->113268K(115200K) Class: 17056K(18816K)->17056K(18816K)
[2024-01-20T22:24:42.359+0000][7][gc          ] GC(151) Pause Young (Normal) (G1 Evacuation Pause) 741M->133M(1024M) 2.704ms
[2024-01-20T22:24:42.359+0000][7][gc,cpu      ] GC(151) User=0.01s Sys=0.00s Real=0.00s
[2024-01-20T22:24:42.359+0000][7][safepoint   ] Safepoint "G1CollectForAllocation", Time since last: 98066429434 ns, Reaching safepoint: 38508 ns, At safepoint: 2805170 ns, Total: 2843678 ns
[2024-01-20T22:27:01.375+0000][7][safepoint   ] Safepoint "Cleanup", Time since last: 139015573117 ns, Reaching safepoint: 97774 ns, At safepoint: 8175 ns, Total: 105949 ns
[2024-01-20T22:27:57.526+0000][7][gc,start    ] GC(152) Pause Young (Normal) (G1 Evacuation Pause)
[2024-01-20T22:27:57.527+0000][7][gc,task     ] GC(152) Using 8 workers of 8 for evacuation
[2024-01-20T22:27:57.527+0000][7][gc,age      ] GC(152) Desired survivor size 41943040 bytes, new threshold 15 (max threshold 15)
[2024-01-20T22:27:57.529+0000][7][gc,phases   ] GC(152)   Pre Evacuate Collection Set: 0.2ms
[2024-01-20T22:27:57.529+0000][7][gc,phases   ] GC(152)   Merge Heap Roots: 0.1ms
[2024-01-20T22:27:57.529+0000][7][gc,phases   ] GC(152)   Evacuate Collection Set: 1.4ms
[2024-01-20T22:27:57.529+0000][7][gc,phases   ] GC(152)   Post Evacuate Collection Set: 0.7ms
[2024-01-20T22:27:57.529+0000][7][gc,phases   ] GC(152)   Other: 0.1ms
[2024-01-20T22:27:57.529+0000][7][gc,age      ] GC(152) Age table with threshold 15 (max threshold 15)
[2024-01-20T22:27:57.529+0000][7][gc,age      ] GC(152) - age   1:     491392 bytes,     491392 total
[2024-01-20T22:27:57.529+0000][7][gc,age      ] GC(152) - age   2:       3400 bytes,     494792 total
[2024-01-20T22:27:57.529+0000][7][gc,age      ] GC(152) - age   3:     169720 bytes,     664512 total
[2024-01-20T22:27:57.529+0000][7][gc,age      ] GC(152) - age   4:      22928 bytes,     687440 total
[2024-01-20T22:27:57.529+0000][7][gc,age      ] GC(152) - age   5:     435136 bytes,    1122576 total
[2024-01-20T22:27:57.529+0000][7][gc,age      ] GC(152) - age   6:        384 bytes,    1122960 total
[2024-01-20T22:27:57.529+0000][7][gc,age      ] GC(152) - age   7:        360 bytes,    1123320 total
[2024-01-20T22:27:57.529+0000][7][gc,age      ] GC(152) - age   8:         32 bytes,    1123352 total
[2024-01-20T22:27:57.529+0000][7][gc,age      ] GC(152) - age  10:        840 bytes,    1124192 total
[2024-01-20T22:27:57.529+0000][7][gc,age      ] GC(152) - age  11:        152 bytes,    1124344 total
[2024-01-20T22:27:57.529+0000][7][gc,age      ] GC(152) - age  13:        832 bytes,    1125176 total
[2024-01-20T22:27:57.529+0000][7][gc,age      ] GC(152) - age  14:      80864 bytes,    1206040 total
[2024-01-20T22:27:57.529+0000][7][gc,heap     ] GC(152) Eden regions: 152->0(152)
[2024-01-20T22:27:57.529+0000][7][gc,heap     ] GC(152) Survivor regions: 1->1(20)
[2024-01-20T22:27:57.529+0000][7][gc,heap     ] GC(152) Old regions: 33->33
[2024-01-20T22:27:57.529+0000][7][gc,heap     ] GC(152) Archive regions: 2->2
[2024-01-20T22:27:57.529+0000][7][gc,heap     ] GC(152) Humongous regions: 0->0
[2024-01-20T22:27:57.529+0000][7][gc,metaspace] GC(152) Metaspace: 130324K(134016K)->130324K(134016K) NonClass: 113268K(115200K)->113268K(115200K) Class: 17056K(18816K)->17056K(18816K)
[2024-01-20T22:27:57.529+0000][7][gc          ] GC(152) Pause Young (Normal) (G1 Evacuation Pause) 741M->133M(1024M) 2.848ms
[2024-01-20T22:27:57.529+0000][7][gc,cpu      ] GC(152) User=0.02s Sys=0.00s Real=0.00s
[2024-01-20T22:27:57.529+0000][7][safepoint   ] Safepoint "G1CollectForAllocation", Time since last: 56151433244 ns, Reaching safepoint: 66136 ns, At safepoint: 2945427 ns, Total: 3011563 ns
[2024-01-20T22:31:15.366+0000][7][gc,start    ] GC(153) Pause Young (Normal) (G1 Evacuation Pause)
[2024-01-20T22:31:15.366+0000][7][gc,task     ] GC(153) Using 8 workers of 8 for evacuation
[2024-01-20T22:31:15.366+0000][7][gc,age      ] GC(153) Desired survivor size 41943040 bytes, new threshold 15 (max threshold 15)
[2024-01-20T22:31:15.369+0000][7][gc,phases   ] GC(153)   Pre Evacuate Collection Set: 0.2ms
[2024-01-20T22:31:15.369+0000][7][gc,phases   ] GC(153)   Merge Heap Roots: 0.1ms
[2024-01-20T22:31:15.369+0000][7][gc,phases   ] GC(153)   Evacuate Collection Set: 1.6ms
[2024-01-20T22:31:15.369+0000][7][gc,phases   ] GC(153)   Post Evacuate Collection Set: 0.8ms
[2024-01-20T22:31:15.369+0000][7][gc,phases   ] GC(153)   Other: 0.1ms
[2024-01-20T22:31:15.369+0000][7][gc,age      ] GC(153) Age table with threshold 15 (max threshold 15)
[2024-01-20T22:31:15.369+0000][7][gc,age      ] GC(153) - age   1:     980544 bytes,     980544 total
[2024-01-20T22:31:15.369+0000][7][gc,age      ] GC(153) - age   2:      10520 bytes,     991064 total
[2024-01-20T22:31:15.369+0000][7][gc,age      ] GC(153) - age   3:       1056 bytes,     992120 total
[2024-01-20T22:31:15.369+0000][7][gc,age      ] GC(153) - age   4:     169512 bytes,    1161632 total
[2024-01-20T22:31:15.369+0000][7][gc,age      ] GC(153) - age   5:      21800 bytes,    1183432 total
[2024-01-20T22:31:15.369+0000][7][gc,age      ] GC(153) - age   6:     435136 bytes,    1618568 total
[2024-01-20T22:31:15.369+0000][7][gc,age      ] GC(153) - age   8:        176 bytes,    1618744 total
[2024-01-20T22:31:15.369+0000][7][gc,age      ] GC(153) - age   9:         32 bytes,    1618776 total
[2024-01-20T22:31:15.369+0000][7][gc,age      ] GC(153) - age  11:        840 bytes,    1619616 total
[2024-01-20T22:31:15.369+0000][7][gc,age      ] GC(153) - age  12:        152 bytes,    1619768 total
[2024-01-20T22:31:15.369+0000][7][gc,age      ] GC(153) - age  14:        832 bytes,    1620600 total
[2024-01-20T22:31:15.369+0000][7][gc,age      ] GC(153) - age  15:      80864 bytes,    1701464 total
[2024-01-20T22:31:15.369+0000][7][gc,heap     ] GC(153) Eden regions: 152->0(152)
[2024-01-20T22:31:15.369+0000][7][gc,heap     ] GC(153) Survivor regions: 1->1(20)
[2024-01-20T22:31:15.369+0000][7][gc,heap     ] GC(153) Old regions: 33->33
[2024-01-20T22:31:15.369+0000][7][gc,heap     ] GC(153) Archive regions: 2->2
[2024-01-20T22:31:15.369+0000][7][gc,heap     ] GC(153) Humongous regions: 0->0
[2024-01-20T22:31:15.369+0000][7][gc,metaspace] GC(153) Metaspace: 130324K(134016K)->130324K(134016K) NonClass: 113268K(115200K)->113268K(115200K) Class: 17056K(18816K)->17056K(18816K)
[2024-01-20T22:31:15.369+0000][7][gc          ] GC(153) Pause Young (Normal) (G1 Evacuation Pause) 741M->133M(1024M) 3.124ms
[2024-01-20T22:31:15.369+0000][7][gc,cpu      ] GC(153) User=0.01s Sys=0.00s Real=0.00s
[2024-01-20T22:31:15.369+0000][7][safepoint   ] Safepoint "G1CollectForAllocation", Time since last: 197836704437 ns, Reaching safepoint: 48412 ns, At safepoint: 3223757 ns, Total: 3272169 ns
[2024-01-20T22:32:50.380+0000][7][safepoint   ] Safepoint "Cleanup", Time since last: 95010665835 ns, Reaching safepoint: 88156 ns, At safepoint: 7873 ns, Total: 96029 ns
[2024-01-20T22:34:03.388+0000][7][safepoint   ] Safepoint "Cleanup", Time since last: 73007811172 ns, Reaching safepoint: 138989 ns, At safepoint: 12282 ns, Total: 151271 ns
[2024-01-20T22:34:21.426+0000][7][gc,start    ] GC(154) Pause Young (Normal) (G1 Evacuation Pause)
[2024-01-20T22:34:21.426+0000][7][gc,task     ] GC(154) Using 8 workers of 8 for evacuation
[2024-01-20T22:34:21.426+0000][7][gc,age      ] GC(154) Desired survivor size 41943040 bytes, new threshold 15 (max threshold 15)
[2024-01-20T22:34:21.429+0000][7][gc,phases   ] GC(154)   Pre Evacuate Collection Set: 0.1ms
[2024-01-20T22:34:21.429+0000][7][gc,phases   ] GC(154)   Merge Heap Roots: 0.1ms
[2024-01-20T22:34:21.429+0000][7][gc,phases   ] GC(154)   Evacuate Collection Set: 1.6ms
[2024-01-20T22:34:21.429+0000][7][gc,phases   ] GC(154)   Post Evacuate Collection Set: 0.7ms
[2024-01-20T22:34:21.429+0000][7][gc,phases   ] GC(154)   Other: 0.1ms
[2024-01-20T22:34:21.429+0000][7][gc,age      ] GC(154) Age table with threshold 15 (max threshold 15)
[2024-01-20T22:34:21.429+0000][7][gc,age      ] GC(154) - age   1:    1454968 bytes,    1454968 total
[2024-01-20T22:34:21.429+0000][7][gc,age      ] GC(154) - age   2:       8792 bytes,    1463760 total
[2024-01-20T22:34:21.429+0000][7][gc,age      ] GC(154) - age   3:       9240 bytes,    1473000 total
[2024-01-20T22:34:21.429+0000][7][gc,age      ] GC(154) - age   4:         32 bytes,    1473032 total
[2024-01-20T22:34:21.429+0000][7][gc,age      ] GC(154) - age   5:     161464 bytes,    1634496 total
[2024-01-20T22:34:21.429+0000][7][gc,age      ] GC(154) - age   6:      21248 bytes,    1655744 total
[2024-01-20T22:34:21.429+0000][7][gc,age      ] GC(154) - age   7:     434568 bytes,    2090312 total
[2024-01-20T22:34:21.429+0000][7][gc,age      ] GC(154) - age   9:        176 bytes,    2090488 total
[2024-01-20T22:34:21.429+0000][7][gc,age      ] GC(154) - age  10:         32 bytes,    2090520 total
[2024-01-20T22:34:21.429+0000][7][gc,age      ] GC(154) - age  12:        840 bytes,    2091360 total
[2024-01-20T22:34:21.429+0000][7][gc,age      ] GC(154) - age  13:        152 bytes,    2091512 total
[2024-01-20T22:34:21.429+0000][7][gc,age      ] GC(154) - age  15:        832 bytes,    2092344 total
[2024-01-20T22:34:21.429+0000][7][gc,heap     ] GC(154) Eden regions: 152->0(152)
[2024-01-20T22:34:21.429+0000][7][gc,heap     ] GC(154) Survivor regions: 1->1(20)
[2024-01-20T22:34:21.429+0000][7][gc,heap     ] GC(154) Old regions: 33->33
[2024-01-20T22:34:21.429+0000][7][gc,heap     ] GC(154) Archive regions: 2->2
[2024-01-20T22:34:21.429+0000][7][gc,heap     ] GC(154) Humongous regions: 0->0
[2024-01-20T22:34:21.429+0000][7][gc,metaspace] GC(154) Metaspace: 130332K(134016K)->130332K(134016K) NonClass: 113276K(115200K)->113276K(115200K) Class: 17056K(18816K)->17056K(18816K)
[2024-01-20T22:34:21.429+0000][7][gc          ] GC(154) Pause Young (Normal) (G1 Evacuation Pause) 741M->134M(1024M) 2.969ms
[2024-01-20T22:34:21.429+0000][7][gc,cpu      ] GC(154) User=0.01s Sys=0.00s Real=0.00s
[2024-01-20T22:34:21.429+0000][7][safepoint   ] Safepoint "G1CollectForAllocation", Time since last: 18038158402 ns, Reaching safepoint: 56376 ns, At safepoint: 3065727 ns, Total: 3122103 ns
[2024-01-20T22:35:03.433+0000][7][safepoint   ] Safepoint "Cleanup", Time since last: 42004049901 ns, Reaching safepoint: 59816 ns, At safepoint: 11339 ns, Total: 71155 ns
[2024-01-20T22:36:50.445+0000][7][safepoint   ] Safepoint "Cleanup", Time since last: 107011670154 ns, Reaching safepoint: 87694 ns, At safepoint: 19299 ns, Total: 106993 ns
[2024-01-20T22:36:55.362+0000][7][gc,start    ] GC(155) Pause Young (Normal) (G1 Evacuation Pause)
[2024-01-20T22:36:55.362+0000][7][gc,task     ] GC(155) Using 8 workers of 8 for evacuation
[2024-01-20T22:36:55.362+0000][7][gc,age      ] GC(155) Desired survivor size 41943040 bytes, new threshold 15 (max threshold 15)
[2024-01-20T22:36:55.365+0000][7][gc,phases   ] GC(155)   Pre Evacuate Collection Set: 0.1ms
[2024-01-20T22:36:55.365+0000][7][gc,phases   ] GC(155)   Merge Heap Roots: 0.1ms
[2024-01-20T22:36:55.365+0000][7][gc,phases   ] GC(155)   Evacuate Collection Set: 1.5ms
[2024-01-20T22:36:55.365+0000][7][gc,phases   ] GC(155)   Post Evacuate Collection Set: 0.8ms
[2024-01-20T22:36:55.365+0000][7][gc,phases   ] GC(155)   Other: 0.1ms
[2024-01-20T22:36:55.365+0000][7][gc,age      ] GC(155) Age table with threshold 15 (max threshold 15)
[2024-01-20T22:36:55.365+0000][7][gc,age      ] GC(155) - age   1:    1031208 bytes,    1031208 total
[2024-01-20T22:36:55.365+0000][7][gc,age      ] GC(155) - age   2:      41352 bytes,    1072560 total
[2024-01-20T22:36:55.365+0000][7][gc,age      ] GC(155) - age   3:       7928 bytes,    1080488 total
[2024-01-20T22:36:55.365+0000][7][gc,age      ] GC(155) - age   4:       9240 bytes,    1089728 total
[2024-01-20T22:36:55.365+0000][7][gc,age      ] GC(155) - age   5:         32 bytes,    1089760 total
[2024-01-20T22:36:55.365+0000][7][gc,age      ] GC(155) - age   6:     161280 bytes,    1251040 total
[2024-01-20T22:36:55.365+0000][7][gc,age      ] GC(155) - age   7:      21248 bytes,    1272288 total
[2024-01-20T22:36:55.365+0000][7][gc,age      ] GC(155) - age   8:     434504 bytes,    1706792 total
[2024-01-20T22:36:55.365+0000][7][gc,age      ] GC(155) - age  10:        176 bytes,    1706968 total
[2024-01-20T22:36:55.365+0000][7][gc,age      ] GC(155) - age  11:         32 bytes,    1707000 total
[2024-01-20T22:36:55.365+0000][7][gc,age      ] GC(155) - age  13:        840 bytes,    1707840 total
[2024-01-20T22:36:55.365+0000][7][gc,age      ] GC(155) - age  14:        152 bytes,    1707992 total
[2024-01-20T22:36:55.365+0000][7][gc,heap     ] GC(155) Eden regions: 152->0(152)
[2024-01-20T22:36:55.365+0000][7][gc,heap     ] GC(155) Survivor regions: 1->1(20)
[2024-01-20T22:36:55.365+0000][7][gc,heap     ] GC(155) Old regions: 33->33
[2024-01-20T22:36:55.365+0000][7][gc,heap     ] GC(155) Archive regions: 2->2
[2024-01-20T22:36:55.365+0000][7][gc,heap     ] GC(155) Humongous regions: 0->0
[2024-01-20T22:36:55.365+0000][7][gc,metaspace] GC(155) Metaspace: 130333K(134016K)->130333K(134016K) NonClass: 113276K(115200K)->113276K(115200K) Class: 17056K(18816K)->17056K(18816K)
[2024-01-20T22:36:55.365+0000][7][gc          ] GC(155) Pause Young (Normal) (G1 Evacuation Pause) 742M->133M(1024M) 2.985ms
[2024-01-20T22:36:55.365+0000][7][gc,cpu      ] GC(155) User=0.01s Sys=0.00s Real=0.00s
[2024-01-20T22:36:55.365+0000][7][safepoint   ] Safepoint "G1CollectForAllocation", Time since last: 4916751231 ns, Reaching safepoint: 45169 ns, At safepoint: 3104756 ns, Total: 3149925 ns
[2024-01-20T22:37:31.370+0000][7][safepoint   ] Safepoint "Cleanup", Time since last: 36004516864 ns, Reaching safepoint: 69055 ns, At safepoint: 5883 ns, Total: 74938 ns
[2024-01-20T22:39:11.382+0000][7][safepoint   ] Safepoint "Cleanup", Time since last: 100012109834 ns, Reaching safepoint: 64626 ns, At safepoint: 4780 ns, Total: 69406 ns
[2024-01-20T22:40:12.433+0000][7][gc,start    ] GC(156) Pause Young (Normal) (G1 Evacuation Pause)
[2024-01-20T22:40:12.433+0000][7][gc,task     ] GC(156) Using 8 workers of 8 for evacuation
[2024-01-20T22:40:12.433+0000][7][gc,age      ] GC(156) Desired survivor size 41943040 bytes, new threshold 15 (max threshold 15)
[2024-01-20T22:40:12.436+0000][7][gc,phases   ] GC(156)   Pre Evacuate Collection Set: 0.2ms
[2024-01-20T22:40:12.436+0000][7][gc,phases   ] GC(156)   Merge Heap Roots: 0.1ms
[2024-01-20T22:40:12.436+0000][7][gc,phases   ] GC(156)   Evacuate Collection Set: 1.5ms
[2024-01-20T22:40:12.436+0000][7][gc,phases   ] GC(156)   Post Evacuate Collection Set: 0.7ms
[2024-01-20T22:40:12.436+0000][7][gc,phases   ] GC(156)   Other: 0.1ms
[2024-01-20T22:40:12.436+0000][7][gc,age      ] GC(156) Age table with threshold 15 (max threshold 15)
[2024-01-20T22:40:12.436+0000][7][gc,age      ] GC(156) - age   1:    1596216 bytes,    1596216 total
[2024-01-20T22:40:12.436+0000][7][gc,age      ] GC(156) - age   2:      29944 bytes,    1626160 total
[2024-01-20T22:40:12.436+0000][7][gc,age      ] GC(156) - age   3:      38696 bytes,    1664856 total
[2024-01-20T22:40:12.436+0000][7][gc,age      ] GC(156) - age   4:       6736 bytes,    1671592 total
[2024-01-20T22:40:12.436+0000][7][gc,age      ] GC(156) - age   5:       6936 bytes,    1678528 total
[2024-01-20T22:40:12.436+0000][7][gc,age      ] GC(156) - age   6:         32 bytes,    1678560 total
[2024-01-20T22:40:12.436+0000][7][gc,age      ] GC(156) - age   7:     161280 bytes,    1839840 total
[2024-01-20T22:40:12.436+0000][7][gc,age      ] GC(156) - age   8:      21248 bytes,    1861088 total
[2024-01-20T22:40:12.436+0000][7][gc,age      ] GC(156) - age   9:     434480 bytes,    2295568 total
[2024-01-20T22:40:12.436+0000][7][gc,age      ] GC(156) - age  11:        176 bytes,    2295744 total
[2024-01-20T22:40:12.436+0000][7][gc,age      ] GC(156) - age  12:         32 bytes,    2295776 total
[2024-01-20T22:40:12.436+0000][7][gc,age      ] GC(156) - age  14:        840 bytes,    2296616 total
[2024-01-20T22:40:12.436+0000][7][gc,age      ] GC(156) - age  15:        152 bytes,    2296768 total
[2024-01-20T22:40:12.436+0000][7][gc,heap     ] GC(156) Eden regions: 152->0(152)
[2024-01-20T22:40:12.436+0000][7][gc,heap     ] GC(156) Survivor regions: 1->1(20)
[2024-01-20T22:40:12.436+0000][7][gc,heap     ] GC(156) Old regions: 33->33
[2024-01-20T22:40:12.436+0000][7][gc,heap     ] GC(156) Archive regions: 2->2
[2024-01-20T22:40:12.436+0000][7][gc,heap     ] GC(156) Humongous regions: 0->0
[2024-01-20T22:40:12.436+0000][7][gc,metaspace] GC(156) Metaspace: 130333K(134016K)->130333K(134016K) NonClass: 113276K(115200K)->113276K(115200K) Class: 17056K(18816K)->17056K(18816K)
[2024-01-20T22:40:12.436+0000][7][gc          ] GC(156) Pause Young (Normal) (G1 Evacuation Pause) 741M->134M(1024M) 2.974ms
[2024-01-20T22:40:12.436+0000][7][gc,cpu      ] GC(156) User=0.02s Sys=0.00s Real=0.00s
[2024-01-20T22:40:12.436+0000][7][safepoint   ] Safepoint "G1CollectForAllocation", Time since last: 61050963291 ns, Reaching safepoint: 89727 ns, At safepoint: 3079211 ns, Total: 3168938 ns
[2024-01-20T22:43:07.453+0000][7][safepoint   ] Safepoint "Cleanup", Time since last: 175017088035 ns, Reaching safepoint: 70727 ns, At safepoint: 20109 ns, Total: 90836 ns
[2024-01-20T22:43:30.455+0000][7][gc,start    ] GC(157) Pause Young (Normal) (G1 Evacuation Pause)
[2024-01-20T22:43:30.455+0000][7][gc,task     ] GC(157) Using 8 workers of 8 for evacuation
[2024-01-20T22:43:30.455+0000][7][gc,age      ] GC(157) Desired survivor size 41943040 bytes, new threshold 15 (max threshold 15)
[2024-01-20T22:43:30.458+0000][7][gc,phases   ] GC(157)   Pre Evacuate Collection Set: 0.1ms
[2024-01-20T22:43:30.458+0000][7][gc,phases   ] GC(157)   Merge Heap Roots: 0.1ms
[2024-01-20T22:43:30.458+0000][7][gc,phases   ] GC(157)   Evacuate Collection Set: 1.5ms
[2024-01-20T22:43:30.458+0000][7][gc,phases   ] GC(157)   Post Evacuate Collection Set: 0.8ms
[2024-01-20T22:43:30.458+0000][7][gc,phases   ] GC(157)   Other: 0.1ms
[2024-01-20T22:43:30.458+0000][7][gc,age      ] GC(157) Age table with threshold 15 (max threshold 15)
[2024-01-20T22:43:30.458+0000][7][gc,age      ] GC(157) - age   1:    1491272 bytes,    1491272 total
[2024-01-20T22:43:30.458+0000][7][gc,age      ] GC(157) - age   2:       5192 bytes,    1496464 total
[2024-01-20T22:43:30.458+0000][7][gc,age      ] GC(157) - age   3:      27192 bytes,    1523656 total
[2024-01-20T22:43:30.458+0000][7][gc,age      ] GC(157) - age   4:      37368 bytes,    1561024 total
[2024-01-20T22:43:30.458+0000][7][gc,age      ] GC(157) - age   5:       6672 bytes,    1567696 total
[2024-01-20T22:43:30.458+0000][7][gc,age      ] GC(157) - age   6:       6936 bytes,    1574632 total
[2024-01-20T22:43:30.458+0000][7][gc,age      ] GC(157) - age   8:     161280 bytes,    1735912 total
[2024-01-20T22:43:30.458+0000][7][gc,age      ] GC(157) - age   9:      21248 bytes,    1757160 total
[2024-01-20T22:43:30.458+0000][7][gc,age      ] GC(157) - age  10:     434480 bytes,    2191640 total
[2024-01-20T22:43:30.458+0000][7][gc,age      ] GC(157) - age  12:        176 bytes,    2191816 total
[2024-01-20T22:43:30.458+0000][7][gc,age      ] GC(157) - age  13:         32 bytes,    2191848 total
[2024-01-20T22:43:30.458+0000][7][gc,age      ] GC(157) - age  15:        840 bytes,    2192688 total
[2024-01-20T22:43:30.458+0000][7][gc,heap     ] GC(157) Eden regions: 152->0(152)
[2024-01-20T22:43:30.458+0000][7][gc,heap     ] GC(157) Survivor regions: 1->1(20)
[2024-01-20T22:43:30.458+0000][7][gc,heap     ] GC(157) Old regions: 33->33
[2024-01-20T22:43:30.458+0000][7][gc,heap     ] GC(157) Archive regions: 2->2
[2024-01-20T22:43:30.458+0000][7][gc,heap     ] GC(157) Humongous regions: 0->0
[2024-01-20T22:43:30.458+0000][7][gc,metaspace] GC(157) Metaspace: 130333K(134016K)->130333K(134016K) NonClass: 113277K(115200K)->113277K(115200K) Class: 17056K(18816K)->17056K(18816K)
[2024-01-20T22:43:30.458+0000][7][gc          ] GC(157) Pause Young (Normal) (G1 Evacuation Pause) 742M->134M(1024M) 2.866ms
[2024-01-20T22:43:30.458+0000][7][gc,cpu      ] GC(157) User=0.01s Sys=0.01s Real=0.00s
[2024-01-20T22:43:30.458+0000][7][safepoint   ] Safepoint "G1CollectForAllocation", Time since last: 23001628755 ns, Reaching safepoint: 35438 ns, At safepoint: 2960243 ns, Total: 2995681 ns
[2024-01-20T22:44:50.466+0000][7][safepoint   ] Safepoint "Cleanup", Time since last: 80007738207 ns, Reaching safepoint: 83127 ns, At safepoint: 21097 ns, Total: 104224 ns
[2024-01-20T22:46:48.415+0000][7][gc,start    ] GC(158) Pause Young (Normal) (G1 Evacuation Pause)
[2024-01-20T22:46:48.416+0000][7][gc,task     ] GC(158) Using 8 workers of 8 for evacuation
[2024-01-20T22:46:48.416+0000][7][gc,age      ] GC(158) Desired survivor size 41943040 bytes, new threshold 15 (max threshold 15)
[2024-01-20T22:46:48.419+0000][7][gc,phases   ] GC(158)   Pre Evacuate Collection Set: 0.1ms
[2024-01-20T22:46:48.419+0000][7][gc,phases   ] GC(158)   Merge Heap Roots: 0.1ms
[2024-01-20T22:46:48.419+0000][7][gc,phases   ] GC(158)   Evacuate Collection Set: 2.0ms
[2024-01-20T22:46:48.419+0000][7][gc,phases   ] GC(158)   Post Evacuate Collection Set: 0.7ms
[2024-01-20T22:46:48.419+0000][7][gc,phases   ] GC(158)   Other: 0.1ms
[2024-01-20T22:46:48.419+0000][7][gc,age      ] GC(158) Age table with threshold 15 (max threshold 15)
[2024-01-20T22:46:48.419+0000][7][gc,age      ] GC(158) - age   1:    1408000 bytes,    1408000 total
[2024-01-20T22:46:48.419+0000][7][gc,age      ] GC(158) - age   2:       2720 bytes,    1410720 total
[2024-01-20T22:46:48.419+0000][7][gc,age      ] GC(158) - age   3:       3520 bytes,    1414240 total
[2024-01-20T22:46:48.419+0000][7][gc,age      ] GC(158) - age   4:      27192 bytes,    1441432 total
[2024-01-20T22:46:48.419+0000][7][gc,age      ] GC(158) - age   5:      37368 bytes,    1478800 total
[2024-01-20T22:46:48.419+0000][7][gc,age      ] GC(158) - age   6:       6672 bytes,    1485472 total
[2024-01-20T22:46:48.419+0000][7][gc,age      ] GC(158) - age   7:       6936 bytes,    1492408 total
[2024-01-20T22:46:48.419+0000][7][gc,age      ] GC(158) - age   9:     161280 bytes,    1653688 total
[2024-01-20T22:46:48.419+0000][7][gc,age      ] GC(158) - age  10:      21064 bytes,    1674752 total
[2024-01-20T22:46:48.419+0000][7][gc,age      ] GC(158) - age  11:     434480 bytes,    2109232 total
[2024-01-20T22:46:48.419+0000][7][gc,age      ] GC(158) - age  13:        176 bytes,    2109408 total
[2024-01-20T22:46:48.419+0000][7][gc,age      ] GC(158) - age  14:         32 bytes,    2109440 total
[2024-01-20T22:46:48.419+0000][7][gc,heap     ] GC(158) Eden regions: 152->0(152)
[2024-01-20T22:46:48.419+0000][7][gc,heap     ] GC(158) Survivor regions: 1->1(20)
[2024-01-20T22:46:48.419+0000][7][gc,heap     ] GC(158) Old regions: 33->33
[2024-01-20T22:46:48.419+0000][7][gc,heap     ] GC(158) Archive regions: 2->2
[2024-01-20T22:46:48.419+0000][7][gc,heap     ] GC(158) Humongous regions: 0->0
[2024-01-20T22:46:48.419+0000][7][gc,metaspace] GC(158) Metaspace: 130334K(134016K)->130334K(134016K) NonClass: 113277K(115200K)->113277K(115200K) Class: 17056K(18816K)->17056K(18816K)
[2024-01-20T22:46:48.419+0000][7][gc          ] GC(158) Pause Young (Normal) (G1 Evacuation Pause) 742M->134M(1024M) 3.330ms
[2024-01-20T22:46:48.419+0000][7][gc,cpu      ] GC(158) User=0.01s Sys=0.00s Real=0.00s
[2024-01-20T22:46:48.419+0000][7][safepoint   ] Safepoint "G1CollectForAllocation", Time since last: 117949649285 ns, Reaching safepoint: 74357 ns, At safepoint: 3425086 ns, Total: 3499443 ns
[2024-01-20T22:48:50.430+0000][7][safepoint   ] Safepoint "Cleanup", Time since last: 122011409134 ns, Reaching safepoint: 90086 ns, At safepoint: 40180 ns, Total: 130266 ns
[2024-01-20T22:49:54.514+0000][7][gc,start    ] GC(159) Pause Young (Normal) (G1 Evacuation Pause)
[2024-01-20T22:49:54.514+0000][7][gc,task     ] GC(159) Using 8 workers of 8 for evacuation
[2024-01-20T22:49:54.514+0000][7][gc,age      ] GC(159) Desired survivor size 41943040 bytes, new threshold 15 (max threshold 15)
[2024-01-20T22:49:54.518+0000][7][gc,phases   ] GC(159)   Pre Evacuate Collection Set: 0.1ms
[2024-01-20T22:49:54.518+0000][7][gc,phases   ] GC(159)   Merge Heap Roots: 0.1ms
[2024-01-20T22:49:54.518+0000][7][gc,phases   ] GC(159)   Evacuate Collection Set: 2.0ms
[2024-01-20T22:49:54.518+0000][7][gc,phases   ] GC(159)   Post Evacuate Collection Set: 0.8ms
[2024-01-20T22:49:54.518+0000][7][gc,phases   ] GC(159)   Other: 0.1ms
[2024-01-20T22:49:54.518+0000][7][gc,age      ] GC(159) Age table with threshold 15 (max threshold 15)
[2024-01-20T22:49:54.518+0000][7][gc,age      ] GC(159) - age   1:    1623088 bytes,    1623088 total
[2024-01-20T22:49:54.518+0000][7][gc,age      ] GC(159) - age   2:       2440 bytes,    1625528 total
[2024-01-20T22:49:54.518+0000][7][gc,age      ] GC(159) - age   3:       1056 bytes,    1626584 total
[2024-01-20T22:49:54.518+0000][7][gc,age      ] GC(159) - age   4:         24 bytes,    1626608 total
[2024-01-20T22:49:54.518+0000][7][gc,age      ] GC(159) - age   5:      27008 bytes,    1653616 total
[2024-01-20T22:49:54.518+0000][7][gc,age      ] GC(159) - age   6:      12808 bytes,    1666424 total
[2024-01-20T22:49:54.518+0000][7][gc,age      ] GC(159) - age   8:        448 bytes,    1666872 total
[2024-01-20T22:49:54.518+0000][7][gc,age      ] GC(159) - age  10:      21264 bytes,    1688136 total
[2024-01-20T22:49:54.518+0000][7][gc,age      ] GC(159) - age  11:      21064 bytes,    1709200 total
[2024-01-20T22:49:54.518+0000][7][gc,age      ] GC(159) - age  12:     433992 bytes,    2143192 total
[2024-01-20T22:49:54.518+0000][7][gc,age      ] GC(159) - age  14:        176 bytes,    2143368 total
[2024-01-20T22:49:54.518+0000][7][gc,age      ] GC(159) - age  15:         32 bytes,    2143400 total
[2024-01-20T22:49:54.518+0000][7][gc,heap     ] GC(159) Eden regions: 152->0(152)
[2024-01-20T22:49:54.518+0000][7][gc,heap     ] GC(159) Survivor regions: 1->1(20)
[2024-01-20T22:49:54.518+0000][7][gc,heap     ] GC(159) Old regions: 33->33
[2024-01-20T22:49:54.518+0000][7][gc,heap     ] GC(159) Archive regions: 2->2
[2024-01-20T22:49:54.518+0000][7][gc,heap     ] GC(159) Humongous regions: 0->0
[2024-01-20T22:49:54.518+0000][7][gc,metaspace] GC(159) Metaspace: 130334K(134016K)->130334K(134016K) NonClass: 113277K(115200K)->113277K(115200K) Class: 17056K(18816K)->17056K(18816K)
[2024-01-20T22:49:54.518+0000][7][gc          ] GC(159) Pause Young (Normal) (G1 Evacuation Pause) 742M->134M(1024M) 3.659ms
[2024-01-20T22:49:54.518+0000][7][gc,cpu      ] GC(159) User=0.01s Sys=0.01s Real=0.00s
[2024-01-20T22:49:54.518+0000][7][safepoint   ] Safepoint "G1CollectForAllocation", Time since last: 64083869239 ns, Reaching safepoint: 78649 ns, At safepoint: 3848853 ns, Total: 3927502 ns
[2024-01-20T22:50:02.519+0000][7][safepoint   ] Safepoint "Cleanup", Time since last: 8000684868 ns, Reaching safepoint: 59129 ns, At safepoint: 8579 ns, Total: 67708 ns
[2024-01-20T22:52:49.538+0000][7][safepoint   ] Safepoint "Cleanup", Time since last: 167018881744 ns, Reaching safepoint: 92119 ns, At safepoint: 12128 ns, Total: 104247 ns
[2024-01-20T22:52:50.538+0000][7][safepoint   ] Safepoint "Cleanup", Time since last: 1000160933 ns, Reaching safepoint: 60922 ns, At safepoint: 6388 ns, Total: 67310 ns
[2024-01-20T22:52:51.538+0000][7][safepoint   ] Safepoint "Cleanup", Time since last: 1000138353 ns, Reaching safepoint: 69379 ns, At safepoint: 5328 ns, Total: 74707 ns
[2024-01-20T22:52:52.539+0000][7][safepoint   ] Safepoint "Cleanup", Time since last: 1000144307 ns, Reaching safepoint: 69698 ns, At safepoint: 8814 ns, Total: 78512 ns
[2024-01-20T22:52:54.539+0000][7][safepoint   ] Safepoint "Cleanup", Time since last: 2000221231 ns, Reaching safepoint: 58151 ns, At safepoint: 6528 ns, Total: 64679 ns
[2024-01-20T22:53:07.540+0000][7][safepoint   ] Safepoint "Cleanup", Time since last: 13001350752 ns, Reaching safepoint: 58234 ns, At safepoint: 6105 ns, Total: 64339 ns
[2024-01-20T22:53:12.489+0000][7][gc,start    ] GC(160) Pause Young (Normal) (G1 Evacuation Pause)
[2024-01-20T22:53:12.489+0000][7][gc,task     ] GC(160) Using 8 workers of 8 for evacuation
[2024-01-20T22:53:12.489+0000][7][gc,age      ] GC(160) Desired survivor size 41943040 bytes, new threshold 15 (max threshold 15)
[2024-01-20T22:53:12.492+0000][7][gc,phases   ] GC(160)   Pre Evacuate Collection Set: 0.1ms
[2024-01-20T22:53:12.492+0000][7][gc,phases   ] GC(160)   Merge Heap Roots: 0.1ms
[2024-01-20T22:53:12.492+0000][7][gc,phases   ] GC(160)   Evacuate Collection Set: 1.6ms
[2024-01-20T22:53:12.492+0000][7][gc,phases   ] GC(160)   Post Evacuate Collection Set: 0.8ms
[2024-01-20T22:53:12.492+0000][7][gc,phases   ] GC(160)   Other: 0.1ms
[2024-01-20T22:53:12.492+0000][7][gc,age      ] GC(160) Age table with threshold 15 (max threshold 15)
[2024-01-20T22:53:12.492+0000][7][gc,age      ] GC(160) - age   1:    1464232 bytes,    1464232 total
[2024-01-20T22:53:12.492+0000][7][gc,age      ] GC(160) - age   2:     192912 bytes,    1657144 total
[2024-01-20T22:53:12.492+0000][7][gc,age      ] GC(160) - age   3:        504 bytes,    1657648 total
[2024-01-20T22:53:12.492+0000][7][gc,age      ] GC(160) - age   4:        280 bytes,    1657928 total
[2024-01-20T22:53:12.492+0000][7][gc,age      ] GC(160) - age   5:         24 bytes,    1657952 total
[2024-01-20T22:53:12.492+0000][7][gc,age      ] GC(160) - age   6:      10856 bytes,    1668808 total
[2024-01-20T22:53:12.492+0000][7][gc,age      ] GC(160) - age   7:      12776 bytes,    1681584 total
[2024-01-20T22:53:12.492+0000][7][gc,age      ] GC(160) - age   9:        448 bytes,    1682032 total
[2024-01-20T22:53:12.492+0000][7][gc,age      ] GC(160) - age  11:      21008 bytes,    1703040 total
[2024-01-20T22:53:12.492+0000][7][gc,age      ] GC(160) - age  12:      21064 bytes,    1724104 total
[2024-01-20T22:53:12.492+0000][7][gc,age      ] GC(160) - age  13:     433992 bytes,    2158096 total
[2024-01-20T22:53:12.492+0000][7][gc,age      ] GC(160) - age  15:        176 bytes,    2158272 total
[2024-01-20T22:53:12.492+0000][7][gc,heap     ] GC(160) Eden regions: 152->0(152)
[2024-01-20T22:53:12.492+0000][7][gc,heap     ] GC(160) Survivor regions: 1->1(20)
[2024-01-20T22:53:12.492+0000][7][gc,heap     ] GC(160) Old regions: 33->33
[2024-01-20T22:53:12.492+0000][7][gc,heap     ] GC(160) Archive regions: 2->2
[2024-01-20T22:53:12.492+0000][7][gc,heap     ] GC(160) Humongous regions: 0->0
[2024-01-20T22:53:12.492+0000][7][gc,metaspace] GC(160) Metaspace: 130335K(134016K)->130335K(134016K) NonClass: 113279K(115200K)->113279K(115200K) Class: 17056K(18816K)->17056K(18816K)
[2024-01-20T22:53:12.492+0000][7][gc          ] GC(160) Pause Young (Normal) (G1 Evacuation Pause) 742M->134M(1024M) 2.981ms
[2024-01-20T22:53:12.492+0000][7][gc,cpu      ] GC(160) User=0.02s Sys=0.00s Real=0.00s
[2024-01-20T22:53:12.492+0000][7][safepoint   ] Safepoint "G1CollectForAllocation", Time since last: 4948489026 ns, Reaching safepoint: 49144 ns, At safepoint: 3083496 ns, Total: 3132640 ns
[2024-01-20T22:53:30.494+0000][7][safepoint   ] Safepoint "Cleanup", Time since last: 18001829437 ns, Reaching safepoint: 59452 ns, At safepoint: 5864 ns, Total: 65316 ns
[2024-01-20T22:53:51.496+0000][7][safepoint   ] Safepoint "Cleanup", Time since last: 21002350632 ns, Reaching safepoint: 110211 ns, At safepoint: 6900 ns, Total: 117111 ns
[2024-01-20T22:53:54.497+0000][7][safepoint   ] Safepoint "Cleanup", Time since last: 3000471721 ns, Reaching safepoint: 143989 ns, At safepoint: 17683 ns, Total: 161672 ns
[2024-01-20T22:56:18.760+0000][7][gc,start    ] GC(161) Pause Young (Normal) (G1 Evacuation Pause)
[2024-01-20T22:56:18.760+0000][7][gc,task     ] GC(161) Using 8 workers of 8 for evacuation
[2024-01-20T22:56:18.760+0000][7][gc,age      ] GC(161) Desired survivor size 41943040 bytes, new threshold 15 (max threshold 15)
[2024-01-20T22:56:18.763+0000][7][gc,phases   ] GC(161)   Pre Evacuate Collection Set: 0.1ms
[2024-01-20T22:56:18.763+0000][7][gc,phases   ] GC(161)   Merge Heap Roots: 0.1ms
[2024-01-20T22:56:18.763+0000][7][gc,phases   ] GC(161)   Evacuate Collection Set: 1.9ms
[2024-01-20T22:56:18.763+0000][7][gc,phases   ] GC(161)   Post Evacuate Collection Set: 0.8ms
[2024-01-20T22:56:18.763+0000][7][gc,phases   ] GC(161)   Other: 0.1ms
[2024-01-20T22:56:18.763+0000][7][gc,age      ] GC(161) Age table with threshold 15 (max threshold 15)
[2024-01-20T22:56:18.763+0000][7][gc,age      ] GC(161) - age   1:    1690040 bytes,    1690040 total
[2024-01-20T22:56:18.763+0000][7][gc,age      ] GC(161) - age   2:      10760 bytes,    1700800 total
[2024-01-20T22:56:18.763+0000][7][gc,age      ] GC(161) - age   3:      79520 bytes,    1780320 total
[2024-01-20T22:56:18.763+0000][7][gc,age      ] GC(161) - age   4:        184 bytes,    1780504 total
[2024-01-20T22:56:18.764+0000][7][gc,age      ] GC(161) - age   5:        216 bytes,    1780720 total
[2024-01-20T22:56:18.764+0000][7][gc,age      ] GC(161) - age   7:      10856 bytes,    1791576 total
[2024-01-20T22:56:18.764+0000][7][gc,age      ] GC(161) - age   8:      12776 bytes,    1804352 total
[2024-01-20T22:56:18.764+0000][7][gc,age      ] GC(161) - age  10:        264 bytes,    1804616 total
[2024-01-20T22:56:18.764+0000][7][gc,age      ] GC(161) - age  12:         56 bytes,    1804672 total
[2024-01-20T22:56:18.764+0000][7][gc,age      ] GC(161) - age  13:      21064 bytes,    1825736 total
[2024-01-20T22:56:18.764+0000][7][gc,age      ] GC(161) - age  14:     433992 bytes,    2259728 total
[2024-01-20T22:56:18.764+0000][7][gc,heap     ] GC(161) Eden regions: 152->0(152)
[2024-01-20T22:56:18.764+0000][7][gc,heap     ] GC(161) Survivor regions: 1->1(20)
[2024-01-20T22:56:18.764+0000][7][gc,heap     ] GC(161) Old regions: 33->33
[2024-01-20T22:56:18.764+0000][7][gc,heap     ] GC(161) Archive regions: 2->2
[2024-01-20T22:56:18.764+0000][7][gc,heap     ] GC(161) Humongous regions: 0->0
[2024-01-20T22:56:18.764+0000][7][gc,metaspace] GC(161) Metaspace: 130338K(134080K)->130338K(134080K) NonClass: 113282K(115264K)->113282K(115264K) Class: 17056K(18816K)->17056K(18816K)
[2024-01-20T22:56:18.764+0000][7][gc          ] GC(161) Pause Young (Normal) (G1 Evacuation Pause) 742M->134M(1024M) 3.367ms
[2024-01-20T22:56:18.764+0000][7][gc,cpu      ] GC(161) User=0.02s Sys=0.00s Real=0.01s
[2024-01-20T22:56:18.764+0000][7][safepoint   ] Safepoint "G1CollectForAllocation", Time since last: 144263286255 ns, Reaching safepoint: 43682 ns, At safepoint: 3470601 ns, Total: 3514283 ns
[2024-01-20T22:56:50.768+0000][7][safepoint   ] Safepoint "Cleanup", Time since last: 32004137155 ns, Reaching safepoint: 65808 ns, At safepoint: 7866 ns, Total: 73674 ns
[2024-01-20T22:57:50.776+0000][7][safepoint   ] Safepoint "Cleanup", Time since last: 60007889497 ns, Reaching safepoint: 70015 ns, At safepoint: 7691 ns, Total: 77706 ns
[2024-01-20T22:59:27.479+0000][7][gc,start    ] GC(162) Pause Young (Normal) (G1 Evacuation Pause)
[2024-01-20T22:59:27.480+0000][7][gc,task     ] GC(162) Using 8 workers of 8 for evacuation
[2024-01-20T22:59:27.480+0000][7][gc,age      ] GC(162) Desired survivor size 41943040 bytes, new threshold 15 (max threshold 15)
[2024-01-20T22:59:27.482+0000][7][gc,phases   ] GC(162)   Pre Evacuate Collection Set: 0.1ms
[2024-01-20T22:59:27.482+0000][7][gc,phases   ] GC(162)   Merge Heap Roots: 0.1ms
[2024-01-20T22:59:27.482+0000][7][gc,phases   ] GC(162)   Evacuate Collection Set: 1.3ms
[2024-01-20T22:59:27.482+0000][7][gc,phases   ] GC(162)   Post Evacuate Collection Set: 0.9ms
[2024-01-20T22:59:27.482+0000][7][gc,phases   ] GC(162)   Other: 0.1ms
[2024-01-20T22:59:27.482+0000][7][gc,age      ] GC(162) Age table with threshold 15 (max threshold 15)
[2024-01-20T22:59:27.482+0000][7][gc,age      ] GC(162) - age   1:     888536 bytes,     888536 total
[2024-01-20T22:59:27.482+0000][7][gc,age      ] GC(162) - age   2:     173704 bytes,    1062240 total
[2024-01-20T22:59:27.482+0000][7][gc,age      ] GC(162) - age   3:        848 bytes,    1063088 total
[2024-01-20T22:59:27.482+0000][7][gc,age      ] GC(162) - age   4:      76064 bytes,    1139152 total
[2024-01-20T22:59:27.482+0000][7][gc,age      ] GC(162) - age   5:        184 bytes,    1139336 total
[2024-01-20T22:59:27.482+0000][7][gc,age      ] GC(162) - age   6:        216 bytes,    1139552 total
[2024-01-20T22:59:27.482+0000][7][gc,age      ] GC(162) - age   8:      10856 bytes,    1150408 total
[2024-01-20T22:59:27.482+0000][7][gc,age      ] GC(162) - age   9:      12776 bytes,    1163184 total
[2024-01-20T22:59:27.482+0000][7][gc,age      ] GC(162) - age  11:        264 bytes,    1163448 total
[2024-01-20T22:59:27.482+0000][7][gc,age      ] GC(162) - age  13:         56 bytes,    1163504 total
[2024-01-20T22:59:27.482+0000][7][gc,age      ] GC(162) - age  14:      21064 bytes,    1184568 total
[2024-01-20T22:59:27.482+0000][7][gc,age      ] GC(162) - age  15:     433992 bytes,    1618560 total
[2024-01-20T22:59:27.482+0000][7][gc,heap     ] GC(162) Eden regions: 152->0(152)
[2024-01-20T22:59:27.482+0000][7][gc,heap     ] GC(162) Survivor regions: 1->1(20)
[2024-01-20T22:59:27.482+0000][7][gc,heap     ] GC(162) Old regions: 33->33
[2024-01-20T22:59:27.482+0000][7][gc,heap     ] GC(162) Archive regions: 2->2
[2024-01-20T22:59:27.482+0000][7][gc,heap     ] GC(162) Humongous regions: 0->0
[2024-01-20T22:59:27.482+0000][7][gc,metaspace] GC(162) Metaspace: 130338K(134080K)->130338K(134080K) NonClass: 113282K(115264K)->113282K(115264K) Class: 17056K(18816K)->17056K(18816K)
[2024-01-20T22:59:27.482+0000][7][gc          ] GC(162) Pause Young (Normal) (G1 Evacuation Pause) 742M->133M(1024M) 2.899ms
[2024-01-20T22:59:27.482+0000][7][gc,cpu      ] GC(162) User=0.02s Sys=0.00s Real=0.01s
[2024-01-20T22:59:27.482+0000][7][safepoint   ] Safepoint "G1CollectForAllocation", Time since last: 96703465271 ns, Reaching safepoint: 70058 ns, At safepoint: 3000205 ns, Total: 3070263 ns
[2024-01-20T23:00:50.493+0000][7][safepoint   ] Safepoint "Cleanup", Time since last: 83010785089 ns, Reaching safepoint: 83442 ns, At safepoint: 7172 ns, Total: 90614 ns
[2024-01-20T23:01:03.495+0000][7][safepoint   ] Safepoint "Cleanup", Time since last: 13001573469 ns, Reaching safepoint: 66263 ns, At safepoint: 9018 ns, Total: 75281 ns
[2024-01-20T23:02:12.546+0000][7][gc,start    ] GC(163) Pause Young (Normal) (G1 Evacuation Pause)
[2024-01-20T23:02:12.546+0000][7][gc,task     ] GC(163) Using 8 workers of 8 for evacuation
[2024-01-20T23:02:12.546+0000][7][gc,age      ] GC(163) Desired survivor size 41943040 bytes, new threshold 15 (max threshold 15)
[2024-01-20T23:02:12.548+0000][7][gc,phases   ] GC(163)   Pre Evacuate Collection Set: 0.1ms
[2024-01-20T23:02:12.548+0000][7][gc,phases   ] GC(163)   Merge Heap Roots: 0.1ms
[2024-01-20T23:02:12.548+0000][7][gc,phases   ] GC(163)   Evacuate Collection Set: 1.3ms
[2024-01-20T23:02:12.548+0000][7][gc,phases   ] GC(163)   Post Evacuate Collection Set: 0.6ms
[2024-01-20T23:02:12.548+0000][7][gc,phases   ] GC(163)   Other: 0.1ms
[2024-01-20T23:02:12.548+0000][7][gc,age      ] GC(163) Age table with threshold 15 (max threshold 15)
[2024-01-20T23:02:12.548+0000][7][gc,age      ] GC(163) - age   1:    1768656 bytes,    1768656 total
[2024-01-20T23:02:12.548+0000][7][gc,age      ] GC(163) - age   2:      19864 bytes,    1788520 total
[2024-01-20T23:02:12.548+0000][7][gc,age      ] GC(163) - age   3:     170640 bytes,    1959160 total
[2024-01-20T23:02:12.548+0000][7][gc,age      ] GC(163) - age   4:        720 bytes,    1959880 total
[2024-01-20T23:02:12.548+0000][7][gc,age      ] GC(163) - age   5:      75936 bytes,    2035816 total
[2024-01-20T23:02:12.548+0000][7][gc,age      ] GC(163) - age   6:        184 bytes,    2036000 total
[2024-01-20T23:02:12.548+0000][7][gc,age      ] GC(163) - age   7:         32 bytes,    2036032 total
[2024-01-20T23:02:12.548+0000][7][gc,age      ] GC(163) - age   9:      10856 bytes,    2046888 total
[2024-01-20T23:02:12.548+0000][7][gc,age      ] GC(163) - age  10:      12776 bytes,    2059664 total
[2024-01-20T23:02:12.548+0000][7][gc,age      ] GC(163) - age  12:        264 bytes,    2059928 total
[2024-01-20T23:02:12.548+0000][7][gc,age      ] GC(163) - age  14:         56 bytes,    2059984 total
[2024-01-20T23:02:12.548+0000][7][gc,age      ] GC(163) - age  15:      21064 bytes,    2081048 total
[2024-01-20T23:02:12.548+0000][7][gc,heap     ] GC(163) Eden regions: 152->0(152)
[2024-01-20T23:02:12.548+0000][7][gc,heap     ] GC(163) Survivor regions: 1->1(20)
[2024-01-20T23:02:12.548+0000][7][gc,heap     ] GC(163) Old regions: 33->33
[2024-01-20T23:02:12.548+0000][7][gc,heap     ] GC(163) Archive regions: 2->2
[2024-01-20T23:02:12.548+0000][7][gc,heap     ] GC(163) Humongous regions: 0->0
[2024-01-20T23:02:12.548+0000][7][gc,metaspace] GC(163) Metaspace: 130338K(134080K)->130338K(134080K) NonClass: 113282K(115264K)->113282K(115264K) Class: 17056K(18816K)->17056K(18816K)
[2024-01-20T23:02:12.548+0000][7][gc          ] GC(163) Pause Young (Normal) (G1 Evacuation Pause) 741M->134M(1024M) 2.517ms
[2024-01-20T23:02:12.548+0000][7][gc,cpu      ] GC(163) User=0.02s Sys=0.00s Real=0.00s
[2024-01-20T23:02:12.548+0000][7][safepoint   ] Safepoint "G1CollectForAllocation", Time since last: 69050592393 ns, Reaching safepoint: 48312 ns, At safepoint: 2600755 ns, Total: 2649067 ns
[2024-01-20T23:03:07.556+0000][7][safepoint   ] Safepoint "Cleanup", Time since last: 55007713071 ns, Reaching safepoint: 44927 ns, At safepoint: 18410 ns, Total: 63337 ns
[2024-01-20T23:04:46.107+0000][7][gc,start    ] GC(164) Pause Young (Normal) (G1 Evacuation Pause)
[2024-01-20T23:04:46.107+0000][7][gc,task     ] GC(164) Using 8 workers of 8 for evacuation
[2024-01-20T23:04:46.107+0000][7][gc,age      ] GC(164) Desired survivor size 41943040 bytes, new threshold 15 (max threshold 15)
[2024-01-20T23:04:46.110+0000][7][gc,phases   ] GC(164)   Pre Evacuate Collection Set: 0.1ms
[2024-01-20T23:04:46.110+0000][7][gc,phases   ] GC(164)   Merge Heap Roots: 0.1ms
[2024-01-20T23:04:46.110+0000][7][gc,phases   ] GC(164)   Evacuate Collection Set: 1.8ms
[2024-01-20T23:04:46.110+0000][7][gc,phases   ] GC(164)   Post Evacuate Collection Set: 1.0ms
[2024-01-20T23:04:46.110+0000][7][gc,phases   ] GC(164)   Other: 0.1ms
[2024-01-20T23:04:46.110+0000][7][gc,age      ] GC(164) Age table with threshold 15 (max threshold 15)
[2024-01-20T23:04:46.110+0000][7][gc,age      ] GC(164) - age   1:    1670680 bytes,    1670680 total
[2024-01-20T23:04:46.110+0000][7][gc,age      ] GC(164) - age   2:       5296 bytes,    1675976 total
[2024-01-20T23:04:46.110+0000][7][gc,age      ] GC(164) - age   3:      18328 bytes,    1694304 total
[2024-01-20T23:04:46.110+0000][7][gc,age      ] GC(164) - age   4:     170512 bytes,    1864816 total
[2024-01-20T23:04:46.110+0000][7][gc,age      ] GC(164) - age   5:         32 bytes,    1864848 total
[2024-01-20T23:04:46.110+0000][7][gc,age      ] GC(164) - age   6:      75544 bytes,    1940392 total
[2024-01-20T23:04:46.110+0000][7][gc,age      ] GC(164) - age   7:        184 bytes,    1940576 total
[2024-01-20T23:04:46.110+0000][7][gc,age      ] GC(164) - age  10:      10856 bytes,    1951432 total
[2024-01-20T23:04:46.110+0000][7][gc,age      ] GC(164) - age  11:      12776 bytes,    1964208 total
[2024-01-20T23:04:46.110+0000][7][gc,age      ] GC(164) - age  13:        264 bytes,    1964472 total
[2024-01-20T23:04:46.110+0000][7][gc,age      ] GC(164) - age  15:         56 bytes,    1964528 total
[2024-01-20T23:04:46.110+0000][7][gc,heap     ] GC(164) Eden regions: 152->0(152)
[2024-01-20T23:04:46.110+0000][7][gc,heap     ] GC(164) Survivor regions: 1->1(20)
[2024-01-20T23:04:46.110+0000][7][gc,heap     ] GC(164) Old regions: 33->33
[2024-01-20T23:04:46.110+0000][7][gc,heap     ] GC(164) Archive regions: 2->2
[2024-01-20T23:04:46.110+0000][7][gc,heap     ] GC(164) Humongous regions: 0->0
[2024-01-20T23:04:46.110+0000][7][gc,metaspace] GC(164) Metaspace: 130339K(134080K)->130339K(134080K) NonClass: 113283K(115264K)->113283K(115264K) Class: 17056K(18816K)->17056K(18816K)
[2024-01-20T23:04:46.110+0000][7][gc          ] GC(164) Pause Young (Normal) (G1 Evacuation Pause) 742M->134M(1024M) 3.460ms
[2024-01-20T23:04:46.110+0000][7][gc,cpu      ] GC(164) User=0.01s Sys=0.00s Real=0.00s
[2024-01-20T23:04:46.110+0000][7][safepoint   ] Safepoint "G1CollectForAllocation", Time since last: 98550718934 ns, Reaching safepoint: 45666 ns, At safepoint: 3564081 ns, Total: 3609747 ns
[2024-01-20T23:07:12.132+0000][7][safepoint   ] Safepoint "Cleanup", Time since last: 146021211357 ns, Reaching safepoint: 76107 ns, At safepoint: 42921 ns, Total: 119028 ns
[2024-01-20T23:07:24.501+0000][7][gc,start    ] GC(165) Pause Young (Normal) (G1 Evacuation Pause)
[2024-01-20T23:07:24.501+0000][7][gc,task     ] GC(165) Using 8 workers of 8 for evacuation
[2024-01-20T23:07:24.501+0000][7][gc,age      ] GC(165) Desired survivor size 41943040 bytes, new threshold 15 (max threshold 15)
[2024-01-20T23:07:24.504+0000][7][gc,phases   ] GC(165)   Pre Evacuate Collection Set: 0.1ms
[2024-01-20T23:07:24.504+0000][7][gc,phases   ] GC(165)   Merge Heap Roots: 0.1ms
[2024-01-20T23:07:24.504+0000][7][gc,phases   ] GC(165)   Evacuate Collection Set: 1.5ms
[2024-01-20T23:07:24.504+0000][7][gc,phases   ] GC(165)   Post Evacuate Collection Set: 0.9ms
[2024-01-20T23:07:24.504+0000][7][gc,phases   ] GC(165)   Other: 0.1ms
[2024-01-20T23:07:24.504+0000][7][gc,age      ] GC(165) Age table with threshold 15 (max threshold 15)
[2024-01-20T23:07:24.504+0000][7][gc,age      ] GC(165) - age   1:    1279696 bytes,    1279696 total
[2024-01-20T23:07:24.504+0000][7][gc,age      ] GC(165) - age   2:       4048 bytes,    1283744 total
[2024-01-20T23:07:24.504+0000][7][gc,age      ] GC(165) - age   3:       3744 bytes,    1287488 total
[2024-01-20T23:07:24.504+0000][7][gc,age      ] GC(165) - age   4:      18200 bytes,    1305688 total
[2024-01-20T23:07:24.504+0000][7][gc,age      ] GC(165) - age   5:     170512 bytes,    1476200 total
[2024-01-20T23:07:24.504+0000][7][gc,age      ] GC(165) - age   6:         32 bytes,    1476232 total
[2024-01-20T23:07:24.504+0000][7][gc,age      ] GC(165) - age   7:      75544 bytes,    1551776 total
[2024-01-20T23:07:24.504+0000][7][gc,age      ] GC(165) - age  11:      10856 bytes,    1562632 total
[2024-01-20T23:07:24.504+0000][7][gc,age      ] GC(165) - age  12:      12776 bytes,    1575408 total
[2024-01-20T23:07:24.504+0000][7][gc,age      ] GC(165) - age  14:        264 bytes,    1575672 total
[2024-01-20T23:07:24.504+0000][7][gc,heap     ] GC(165) Eden regions: 152->0(152)
[2024-01-20T23:07:24.504+0000][7][gc,heap     ] GC(165) Survivor regions: 1->1(20)
[2024-01-20T23:07:24.504+0000][7][gc,heap     ] GC(165) Old regions: 33->33
[2024-01-20T23:07:24.504+0000][7][gc,heap     ] GC(165) Archive regions: 2->2
[2024-01-20T23:07:24.504+0000][7][gc,heap     ] GC(165) Humongous regions: 0->0
[2024-01-20T23:07:24.504+0000][7][gc,metaspace] GC(165) Metaspace: 130340K(134080K)->130340K(134080K) NonClass: 113284K(115264K)->113284K(115264K) Class: 17056K(18816K)->17056K(18816K)
[2024-01-20T23:07:24.504+0000][7][gc          ] GC(165) Pause Young (Normal) (G1 Evacuation Pause) 742M->134M(1024M) 3.033ms
[2024-01-20T23:07:24.504+0000][7][gc,cpu      ] GC(165) User=0.01s Sys=0.01s Real=0.00s
[2024-01-20T23:07:24.504+0000][7][safepoint   ] Safepoint "G1CollectForAllocation", Time since last: 12369474316 ns, Reaching safepoint: 58820 ns, At safepoint: 3151626 ns, Total: 3210446 ns
[2024-01-20T23:07:33.505+0000][7][safepoint   ] Safepoint "Cleanup", Time since last: 9001057916 ns, Reaching safepoint: 126874 ns, At safepoint: 12334 ns, Total: 139208 ns
[2024-01-20T23:10:36.519+0000][7][gc,start    ] GC(166) Pause Young (Normal) (G1 Evacuation Pause)
[2024-01-20T23:10:36.519+0000][7][gc,task     ] GC(166) Using 8 workers of 8 for evacuation
[2024-01-20T23:10:36.519+0000][7][gc,age      ] GC(166) Desired survivor size 41943040 bytes, new threshold 15 (max threshold 15)
[2024-01-20T23:10:36.522+0000][7][gc,phases   ] GC(166)   Pre Evacuate Collection Set: 0.1ms
[2024-01-20T23:10:36.522+0000][7][gc,phases   ] GC(166)   Merge Heap Roots: 0.1ms
[2024-01-20T23:10:36.522+0000][7][gc,phases   ] GC(166)   Evacuate Collection Set: 1.7ms
[2024-01-20T23:10:36.522+0000][7][gc,phases   ] GC(166)   Post Evacuate Collection Set: 0.9ms
[2024-01-20T23:10:36.522+0000][7][gc,phases   ] GC(166)   Other: 0.1ms
[2024-01-20T23:10:36.522+0000][7][gc,age      ] GC(166) Age table with threshold 15 (max threshold 15)
[2024-01-20T23:10:36.522+0000][7][gc,age      ] GC(166) - age   1:    1746856 bytes,    1746856 total
[2024-01-20T23:10:36.522+0000][7][gc,age      ] GC(166) - age   2:       3216 bytes,    1750072 total
[2024-01-20T23:10:36.522+0000][7][gc,age      ] GC(166) - age   3:       1520 bytes,    1751592 total
[2024-01-20T23:10:36.522+0000][7][gc,age      ] GC(166) - age   4:       3192 bytes,    1754784 total
[2024-01-20T23:10:36.522+0000][7][gc,age      ] GC(166) - age   5:       6736 bytes,    1761520 total
[2024-01-20T23:10:36.522+0000][7][gc,age      ] GC(166) - age   6:     170240 bytes,    1931760 total
[2024-01-20T23:10:36.522+0000][7][gc,age      ] GC(166) - age   7:         32 bytes,    1931792 total
[2024-01-20T23:10:36.522+0000][7][gc,age      ] GC(166) - age   8:      75160 bytes,    2006952 total
[2024-01-20T23:10:36.522+0000][7][gc,age      ] GC(166) - age  12:      10856 bytes,    2017808 total
[2024-01-20T23:10:36.522+0000][7][gc,age      ] GC(166) - age  13:      12776 bytes,    2030584 total
[2024-01-20T23:10:36.522+0000][7][gc,age      ] GC(166) - age  15:        264 bytes,    2030848 total
[2024-01-20T23:10:36.522+0000][7][gc,heap     ] GC(166) Eden regions: 152->0(152)
[2024-01-20T23:10:36.522+0000][7][gc,heap     ] GC(166) Survivor regions: 1->1(20)
[2024-01-20T23:10:36.522+0000][7][gc,heap     ] GC(166) Old regions: 33->33
[2024-01-20T23:10:36.522+0000][7][gc,heap     ] GC(166) Archive regions: 2->2
[2024-01-20T23:10:36.522+0000][7][gc,heap     ] GC(166) Humongous regions: 0->0
[2024-01-20T23:10:36.522+0000][7][gc,metaspace] GC(166) Metaspace: 130340K(134080K)->130340K(134080K) NonClass: 113284K(115264K)->113284K(115264K) Class: 17056K(18816K)->17056K(18816K)
[2024-01-20T23:10:36.522+0000][7][gc          ] GC(166) Pause Young (Normal) (G1 Evacuation Pause) 742M->134M(1024M) 3.142ms
[2024-01-20T23:10:36.522+0000][7][gc,cpu      ] GC(166) User=0.02s Sys=0.00s Real=0.01s
[2024-01-20T23:10:36.522+0000][7][safepoint   ] Safepoint "G1CollectForAllocation", Time since last: 183013650149 ns, Reaching safepoint: 54641 ns, At safepoint: 3240172 ns, Total: 3294813 ns
[2024-01-20T23:11:02.526+0000][7][safepoint   ] Safepoint "Cleanup", Time since last: 26003516159 ns, Reaching safepoint: 77625 ns, At safepoint: 8403 ns, Total: 86028 ns
[2024-01-20T23:11:49.532+0000][7][safepoint   ] Safepoint "Cleanup", Time since last: 47006135458 ns, Reaching safepoint: 86871 ns, At safepoint: 8877 ns, Total: 95748 ns
[2024-01-20T23:12:50.540+0000][7][safepoint   ] Safepoint "Cleanup", Time since last: 61008087479 ns, Reaching safepoint: 68712 ns, At safepoint: 8552 ns, Total: 77264 ns
[2024-01-20T23:13:07.543+0000][7][safepoint   ] Safepoint "Cleanup", Time since last: 17002367989 ns, Reaching safepoint: 74800 ns, At safepoint: 8905 ns, Total: 83705 ns
[2024-01-20T23:13:49.403+0000][7][gc,start    ] GC(167) Pause Young (Normal) (G1 Evacuation Pause)
[2024-01-20T23:13:49.403+0000][7][gc,task     ] GC(167) Using 8 workers of 8 for evacuation
[2024-01-20T23:13:49.403+0000][7][gc,age      ] GC(167) Desired survivor size 41943040 bytes, new threshold 15 (max threshold 15)
[2024-01-20T23:13:49.405+0000][7][gc,phases   ] GC(167)   Pre Evacuate Collection Set: 0.1ms
[2024-01-20T23:13:49.405+0000][7][gc,phases   ] GC(167)   Merge Heap Roots: 0.1ms
[2024-01-20T23:13:49.405+0000][7][gc,phases   ] GC(167)   Evacuate Collection Set: 1.4ms
[2024-01-20T23:13:49.405+0000][7][gc,phases   ] GC(167)   Post Evacuate Collection Set: 0.8ms
[2024-01-20T23:13:49.405+0000][7][gc,phases   ] GC(167)   Other: 0.1ms
[2024-01-20T23:13:49.405+0000][7][gc,age      ] GC(167) Age table with threshold 15 (max threshold 15)
[2024-01-20T23:13:49.405+0000][7][gc,age      ] GC(167) - age   1:    1177424 bytes,    1177424 total
[2024-01-20T23:13:49.405+0000][7][gc,age      ] GC(167) - age   2:      21680 bytes,    1199104 total
[2024-01-20T23:13:49.405+0000][7][gc,age      ] GC(167) - age   3:        424 bytes,    1199528 total
[2024-01-20T23:13:49.405+0000][7][gc,age      ] GC(167) - age   4:        392 bytes,    1199920 total
[2024-01-20T23:13:49.405+0000][7][gc,age      ] GC(167) - age   5:       3128 bytes,    1203048 total
[2024-01-20T23:13:49.405+0000][7][gc,age      ] GC(167) - age   6:       6288 bytes,    1209336 total
[2024-01-20T23:13:49.405+0000][7][gc,age      ] GC(167) - age   7:     170176 bytes,    1379512 total
[2024-01-20T23:13:49.405+0000][7][gc,age      ] GC(167) - age   9:      74976 bytes,    1454488 total
[2024-01-20T23:13:49.405+0000][7][gc,age      ] GC(167) - age  13:      10856 bytes,    1465344 total
[2024-01-20T23:13:49.405+0000][7][gc,age      ] GC(167) - age  14:      12776 bytes,    1478120 total
[2024-01-20T23:13:49.406+0000][7][gc,heap     ] GC(167) Eden regions: 152->0(152)
[2024-01-20T23:13:49.406+0000][7][gc,heap     ] GC(167) Survivor regions: 1->1(20)
[2024-01-20T23:13:49.406+0000][7][gc,heap     ] GC(167) Old regions: 33->33
[2024-01-20T23:13:49.406+0000][7][gc,heap     ] GC(167) Archive regions: 2->2
[2024-01-20T23:13:49.406+0000][7][gc,heap     ] GC(167) Humongous regions: 0->0
[2024-01-20T23:13:49.406+0000][7][gc,metaspace] GC(167) Metaspace: 130340K(134080K)->130340K(134080K) NonClass: 113284K(115264K)->113284K(115264K) Class: 17056K(18816K)->17056K(18816K)
[2024-01-20T23:13:49.406+0000][7][gc          ] GC(167) Pause Young (Normal) (G1 Evacuation Pause) 742M->134M(1024M) 2.862ms
[2024-01-20T23:13:49.406+0000][7][gc,cpu      ] GC(167) User=0.01s Sys=0.00s Real=0.00s
[2024-01-20T23:13:49.406+0000][7][safepoint   ] Safepoint "G1CollectForAllocation", Time since last: 41859738643 ns, Reaching safepoint: 52662 ns, At safepoint: 2954210 ns, Total: 3006872 ns
[2024-01-20T23:14:20.409+0000][7][safepoint   ] Safepoint "Cleanup", Time since last: 31003348428 ns, Reaching safepoint: 91599 ns, At safepoint: 5589 ns, Total: 97188 ns
[2024-01-20T23:14:43.412+0000][7][safepoint   ] Safepoint "Cleanup", Time since last: 23003037963 ns, Reaching safepoint: 52764 ns, At safepoint: 4735 ns, Total: 57499 ns
[2024-01-20T23:14:49.413+0000][7][safepoint   ] Safepoint "Cleanup", Time since last: 6000635197 ns, Reaching safepoint: 38411 ns, At safepoint: 2926 ns, Total: 41337 ns
[2024-01-20T23:14:55.413+0000][7][safepoint   ] Safepoint "Cleanup", Time since last: 6000529385 ns, Reaching safepoint: 65317 ns, At safepoint: 8807 ns, Total: 74124 ns
[2024-01-20T23:16:07.265+0000][7][safepoint   ] Safepoint "ICBufferFull", Time since last: 71851035572 ns, Reaching safepoint: 232612 ns, At safepoint: 12092 ns, Total: 244704 ns
[2024-01-20T23:16:08.265+0000][7][safepoint   ] Safepoint "Cleanup", Time since last: 1000144179 ns, Reaching safepoint: 167416 ns, At safepoint: 5852 ns, Total: 173268 ns
[2024-01-20T23:16:10.265+0000][7][safepoint   ] Safepoint "Cleanup", Time since last: 2000209077 ns, Reaching safepoint: 98780 ns, At safepoint: 5581 ns, Total: 104361 ns
[2024-01-20T23:16:13.266+0000][7][safepoint   ] Safepoint "Cleanup", Time since last: 3000337445 ns, Reaching safepoint: 100292 ns, At safepoint: 7050 ns, Total: 107342 ns
[2024-01-20T23:16:33.269+0000][7][safepoint   ] Safepoint "Cleanup", Time since last: 20002903510 ns, Reaching safepoint: 81385 ns, At safepoint: 44610 ns, Total: 125995 ns
[2024-01-20T23:16:42.525+0000][7][gc,start    ] GC(168) Pause Young (Normal) (G1 Evacuation Pause)
[2024-01-20T23:16:42.525+0000][7][gc,task     ] GC(168) Using 8 workers of 8 for evacuation
[2024-01-20T23:16:42.525+0000][7][gc,age      ] GC(168) Desired survivor size 41943040 bytes, new threshold 15 (max threshold 15)
[2024-01-20T23:16:42.528+0000][7][gc,phases   ] GC(168)   Pre Evacuate Collection Set: 0.1ms
[2024-01-20T23:16:42.529+0000][7][gc,phases   ] GC(168)   Merge Heap Roots: 0.1ms
[2024-01-20T23:16:42.529+0000][7][gc,phases   ] GC(168)   Evacuate Collection Set: 1.9ms
[2024-01-20T23:16:42.529+0000][7][gc,phases   ] GC(168)   Post Evacuate Collection Set: 0.9ms
[2024-01-20T23:16:42.529+0000][7][gc,phases   ] GC(168)   Other: 0.1ms
[2024-01-20T23:16:42.529+0000][7][gc,age      ] GC(168) Age table with threshold 15 (max threshold 15)
[2024-01-20T23:16:42.529+0000][7][gc,age      ] GC(168) - age   1:    1699304 bytes,    1699304 total
[2024-01-20T23:16:42.529+0000][7][gc,age      ] GC(168) - age   2:      12208 bytes,    1711512 total
[2024-01-20T23:16:42.529+0000][7][gc,age      ] GC(168) - age   3:      10752 bytes,    1722264 total
[2024-01-20T23:16:42.529+0000][7][gc,age      ] GC(168) - age   4:        336 bytes,    1722600 total
[2024-01-20T23:16:42.529+0000][7][gc,age      ] GC(168) - age   5:        392 bytes,    1722992 total
[2024-01-20T23:16:42.529+0000][7][gc,age      ] GC(168) - age   6:       3128 bytes,    1726120 total
[2024-01-20T23:16:42.529+0000][7][gc,age      ] GC(168) - age   7:       6288 bytes,    1732408 total
[2024-01-20T23:16:42.529+0000][7][gc,age      ] GC(168) - age   8:     170176 bytes,    1902584 total
[2024-01-20T23:16:42.529+0000][7][gc,age      ] GC(168) - age  10:      74976 bytes,    1977560 total
[2024-01-20T23:16:42.529+0000][7][gc,age      ] GC(168) - age  14:      10504 bytes,    1988064 total
[2024-01-20T23:16:42.529+0000][7][gc,age      ] GC(168) - age  15:      12048 bytes,    2000112 total
[2024-01-20T23:16:42.529+0000][7][gc,heap     ] GC(168) Eden regions: 152->0(152)
[2024-01-20T23:16:42.529+0000][7][gc,heap     ] GC(168) Survivor regions: 1->1(20)
[2024-01-20T23:16:42.529+0000][7][gc,heap     ] GC(168) Old regions: 33->33
[2024-01-20T23:16:42.529+0000][7][gc,heap     ] GC(168) Archive regions: 2->2
[2024-01-20T23:16:42.529+0000][7][gc,heap     ] GC(168) Humongous regions: 0->0
[2024-01-20T23:16:42.529+0000][7][gc,metaspace] GC(168) Metaspace: 130358K(134080K)->130358K(134080K) NonClass: 113302K(115264K)->113302K(115264K) Class: 17056K(18816K)->17056K(18816K)
[2024-01-20T23:16:42.529+0000][7][gc          ] GC(168) Pause Young (Normal) (G1 Evacuation Pause) 742M->134M(1024M) 3.401ms
[2024-01-20T23:16:42.529+0000][7][gc,cpu      ] GC(168) User=0.02s Sys=0.00s Real=0.00s
[2024-01-20T23:16:42.529+0000][7][safepoint   ] Safepoint "G1CollectForAllocation", Time since last: 9256376837 ns, Reaching safepoint: 59008 ns, At safepoint: 3502246 ns, Total: 3561254 ns
[2024-01-20T23:19:55.235+0000][7][gc,start    ] GC(169) Pause Young (Normal) (G1 Evacuation Pause)
[2024-01-20T23:19:55.235+0000][7][gc,task     ] GC(169) Using 8 workers of 8 for evacuation
[2024-01-20T23:19:55.235+0000][7][gc,age      ] GC(169) Desired survivor size 41943040 bytes, new threshold 15 (max threshold 15)
[2024-01-20T23:19:55.237+0000][7][gc,phases   ] GC(169)   Pre Evacuate Collection Set: 0.1ms
[2024-01-20T23:19:55.237+0000][7][gc,phases   ] GC(169)   Merge Heap Roots: 0.0ms
[2024-01-20T23:19:55.237+0000][7][gc,phases   ] GC(169)   Evacuate Collection Set: 1.0ms
[2024-01-20T23:19:55.237+0000][7][gc,phases   ] GC(169)   Post Evacuate Collection Set: 0.5ms
[2024-01-20T23:19:55.237+0000][7][gc,phases   ] GC(169)   Other: 0.1ms
[2024-01-20T23:19:55.237+0000][7][gc,age      ] GC(169) Age table with threshold 15 (max threshold 15)
[2024-01-20T23:19:55.237+0000][7][gc,age      ] GC(169) - age   1:    1481208 bytes,    1481208 total
[2024-01-20T23:19:55.237+0000][7][gc,age      ] GC(169) - age   2:     176824 bytes,    1658032 total
[2024-01-20T23:19:55.237+0000][7][gc,age      ] GC(169) - age   3:       9376 bytes,    1667408 total
[2024-01-20T23:19:55.237+0000][7][gc,age      ] GC(169) - age   4:       7384 bytes,    1674792 total
[2024-01-20T23:19:55.237+0000][7][gc,age      ] GC(169) - age   5:        336 bytes,    1675128 total
[2024-01-20T23:19:55.237+0000][7][gc,age      ] GC(169) - age   7:       2944 bytes,    1678072 total
[2024-01-20T23:19:55.237+0000][7][gc,age      ] GC(169) - age   8:       6288 bytes,    1684360 total
[2024-01-20T23:19:55.237+0000][7][gc,age      ] GC(169) - age   9:     170176 bytes,    1854536 total
[2024-01-20T23:19:55.237+0000][7][gc,age      ] GC(169) - age  11:      74976 bytes,    1929512 total
[2024-01-20T23:19:55.237+0000][7][gc,age      ] GC(169) - age  15:      10504 bytes,    1940016 total
[2024-01-20T23:19:55.237+0000][7][gc,heap     ] GC(169) Eden regions: 152->0(152)
[2024-01-20T23:19:55.237+0000][7][gc,heap     ] GC(169) Survivor regions: 1->1(20)
[2024-01-20T23:19:55.237+0000][7][gc,heap     ] GC(169) Old regions: 33->33
[2024-01-20T23:19:55.237+0000][7][gc,heap     ] GC(169) Archive regions: 2->2
[2024-01-20T23:19:55.237+0000][7][gc,heap     ] GC(169) Humongous regions: 0->0
[2024-01-20T23:19:55.237+0000][7][gc,metaspace] GC(169) Metaspace: 130358K(134080K)->130358K(134080K) NonClass: 113302K(115264K)->113302K(115264K) Class: 17056K(18816K)->17056K(18816K)
[2024-01-20T23:19:55.237+0000][7][gc          ] GC(169) Pause Young (Normal) (G1 Evacuation Pause) 742M->134M(1024M) 1.838ms
[2024-01-20T23:19:55.237+0000][7][gc,cpu      ] GC(169) User=0.00s Sys=0.00s Real=0.00s
[2024-01-20T23:19:55.237+0000][7][safepoint   ] Safepoint "G1CollectForAllocation", Time since last: 192706052078 ns, Reaching safepoint: 33381 ns, At safepoint: 1903299 ns, Total: 1936680 ns
[2024-01-20T23:21:33.250+0000][7][safepoint   ] Safepoint "Cleanup", Time since last: 98013193725 ns, Reaching safepoint: 59923 ns, At safepoint: 24127 ns, Total: 84050 ns
[2024-01-20T23:23:12.560+0000][7][gc,start    ] GC(170) Pause Young (Normal) (G1 Evacuation Pause)
[2024-01-20T23:23:12.560+0000][7][gc,task     ] GC(170) Using 8 workers of 8 for evacuation
[2024-01-20T23:23:12.560+0000][7][gc,age      ] GC(170) Desired survivor size 41943040 bytes, new threshold 15 (max threshold 15)
[2024-01-20T23:23:12.563+0000][7][gc,phases   ] GC(170)   Pre Evacuate Collection Set: 0.1ms
[2024-01-20T23:23:12.563+0000][7][gc,phases   ] GC(170)   Merge Heap Roots: 0.1ms
[2024-01-20T23:23:12.563+0000][7][gc,phases   ] GC(170)   Evacuate Collection Set: 1.5ms
[2024-01-20T23:23:12.563+0000][7][gc,phases   ] GC(170)   Post Evacuate Collection Set: 0.8ms
[2024-01-20T23:23:12.563+0000][7][gc,phases   ] GC(170)   Other: 0.1ms
[2024-01-20T23:23:12.563+0000][7][gc,age      ] GC(170) Age table with threshold 15 (max threshold 15)
[2024-01-20T23:23:12.563+0000][7][gc,age      ] GC(170) - age   1:    1290552 bytes,    1290552 total
[2024-01-20T23:23:12.563+0000][7][gc,age      ] GC(170) - age   2:       6216 bytes,    1296768 total
[2024-01-20T23:23:12.563+0000][7][gc,age      ] GC(170) - age   3:     153744 bytes,    1450512 total
[2024-01-20T23:23:12.563+0000][7][gc,age      ] GC(170) - age   4:       8656 bytes,    1459168 total
[2024-01-20T23:23:12.563+0000][7][gc,age      ] GC(170) - age   5:       7384 bytes,    1466552 total
[2024-01-20T23:23:12.563+0000][7][gc,age      ] GC(170) - age   6:        152 bytes,    1466704 total
[2024-01-20T23:23:12.563+0000][7][gc,age      ] GC(170) - age   8:       2944 bytes,    1469648 total
[2024-01-20T23:23:12.563+0000][7][gc,age      ] GC(170) - age   9:       6288 bytes,    1475936 total
[2024-01-20T23:23:12.563+0000][7][gc,age      ] GC(170) - age  10:     170176 bytes,    1646112 total
[2024-01-20T23:23:12.563+0000][7][gc,age      ] GC(170) - age  12:      74976 bytes,    1721088 total
[2024-01-20T23:23:12.563+0000][7][gc,heap     ] GC(170) Eden regions: 152->0(152)
[2024-01-20T23:23:12.563+0000][7][gc,heap     ] GC(170) Survivor regions: 1->1(20)
[2024-01-20T23:23:12.563+0000][7][gc,heap     ] GC(170) Old regions: 33->33
[2024-01-20T23:23:12.563+0000][7][gc,heap     ] GC(170) Archive regions: 2->2
[2024-01-20T23:23:12.563+0000][7][gc,heap     ] GC(170) Humongous regions: 0->0
[2024-01-20T23:23:12.563+0000][7][gc,metaspace] GC(170) Metaspace: 130359K(134080K)->130359K(134080K) NonClass: 113303K(115264K)->113303K(115264K) Class: 17056K(18816K)->17056K(18816K)
[2024-01-20T23:23:12.563+0000][7][gc          ] GC(170) Pause Young (Normal) (G1 Evacuation Pause) 742M->134M(1024M) 2.968ms
[2024-01-20T23:23:12.563+0000][7][gc,cpu      ] GC(170) User=0.01s Sys=0.00s Real=0.01s
[2024-01-20T23:23:12.563+0000][7][safepoint   ] Safepoint "G1CollectForAllocation", Time since last: 99310108799 ns, Reaching safepoint: 60224 ns, At safepoint: 3062189 ns, Total: 3122413 ns
[2024-01-20T23:26:19.089+0000][7][gc,start    ] GC(171) Pause Young (Normal) (G1 Evacuation Pause)
[2024-01-20T23:26:19.089+0000][7][gc,task     ] GC(171) Using 8 workers of 8 for evacuation
[2024-01-20T23:26:19.089+0000][7][gc,age      ] GC(171) Desired survivor size 41943040 bytes, new threshold 15 (max threshold 15)
[2024-01-20T23:26:19.091+0000][7][gc,phases   ] GC(171)   Pre Evacuate Collection Set: 0.1ms
[2024-01-20T23:26:19.091+0000][7][gc,phases   ] GC(171)   Merge Heap Roots: 0.0ms
[2024-01-20T23:26:19.091+0000][7][gc,phases   ] GC(171)   Evacuate Collection Set: 1.1ms
[2024-01-20T23:26:19.091+0000][7][gc,phases   ] GC(171)   Post Evacuate Collection Set: 0.5ms
[2024-01-20T23:26:19.091+0000][7][gc,phases   ] GC(171)   Other: 0.1ms
[2024-01-20T23:26:19.091+0000][7][gc,age      ] GC(171) Age table with threshold 15 (max threshold 15)
[2024-01-20T23:26:19.091+0000][7][gc,age      ] GC(171) - age   1:    1641448 bytes,    1641448 total
[2024-01-20T23:26:19.091+0000][7][gc,age      ] GC(171) - age   2:       4584 bytes,    1646032 total
[2024-01-20T23:26:19.091+0000][7][gc,age      ] GC(171) - age   3:       4072 bytes,    1650104 total
[2024-01-20T23:26:19.091+0000][7][gc,age      ] GC(171) - age   4:     153656 bytes,    1803760 total
[2024-01-20T23:26:19.091+0000][7][gc,age      ] GC(171) - age   5:       8656 bytes,    1812416 total
[2024-01-20T23:26:19.091+0000][7][gc,age      ] GC(171) - age   6:       7200 bytes,    1819616 total
[2024-01-20T23:26:19.091+0000][7][gc,age      ] GC(171) - age   7:        152 bytes,    1819768 total
[2024-01-20T23:26:19.091+0000][7][gc,age      ] GC(171) - age   9:       2944 bytes,    1822712 total
[2024-01-20T23:26:19.091+0000][7][gc,age      ] GC(171) - age  10:       6288 bytes,    1829000 total
[2024-01-20T23:26:19.091+0000][7][gc,age      ] GC(171) - age  11:     170176 bytes,    1999176 total
[2024-01-20T23:26:19.091+0000][7][gc,age      ] GC(171) - age  13:      74976 bytes,    2074152 total
[2024-01-20T23:26:19.091+0000][7][gc,heap     ] GC(171) Eden regions: 152->0(152)
[2024-01-20T23:26:19.091+0000][7][gc,heap     ] GC(171) Survivor regions: 1->1(20)
[2024-01-20T23:26:19.091+0000][7][gc,heap     ] GC(171) Old regions: 33->33
[2024-01-20T23:26:19.091+0000][7][gc,heap     ] GC(171) Archive regions: 2->2
[2024-01-20T23:26:19.091+0000][7][gc,heap     ] GC(171) Humongous regions: 0->0
[2024-01-20T23:26:19.091+0000][7][gc,metaspace] GC(171) Metaspace: 130359K(134080K)->130359K(134080K) NonClass: 113303K(115264K)->113303K(115264K) Class: 17056K(18816K)->17056K(18816K)
[2024-01-20T23:26:19.091+0000][7][gc          ] GC(171) Pause Young (Normal) (G1 Evacuation Pause) 742M->134M(1024M) 1.968ms
[2024-01-20T23:26:19.091+0000][7][gc,cpu      ] GC(171) User=0.01s Sys=0.01s Real=0.00s
[2024-01-20T23:26:19.091+0000][7][safepoint   ] Safepoint "G1CollectForAllocation", Time since last: 186525856740 ns, Reaching safepoint: 37770 ns, At safepoint: 2036680 ns, Total: 2074450 ns
[2024-01-20T23:26:25.092+0000][7][safepoint   ] Safepoint "Cleanup", Time since last: 6000949966 ns, Reaching safepoint: 82350 ns, At safepoint: 16667 ns, Total: 99017 ns
[2024-01-20T23:26:49.095+0000][7][safepoint   ] Safepoint "Cleanup", Time since last: 24002411761 ns, Reaching safepoint: 36816 ns, At safepoint: 13266 ns, Total: 50082 ns
[2024-01-20T23:26:55.096+0000][7][safepoint   ] Safepoint "Cleanup", Time since last: 6000678121 ns, Reaching safepoint: 94333 ns, At safepoint: 11368 ns, Total: 105701 ns
[2024-01-20T23:27:01.097+0000][7][safepoint   ] Safepoint "Cleanup", Time since last: 6001100540 ns, Reaching safepoint: 75354 ns, At safepoint: 8567 ns, Total: 83921 ns
[2024-01-20T23:29:36.614+0000][7][gc,start    ] GC(172) Pause Young (Normal) (G1 Evacuation Pause)
[2024-01-20T23:29:36.614+0000][7][gc,task     ] GC(172) Using 8 workers of 8 for evacuation
[2024-01-20T23:29:36.614+0000][7][gc,age      ] GC(172) Desired survivor size 41943040 bytes, new threshold 15 (max threshold 15)
[2024-01-20T23:29:36.616+0000][7][gc,phases   ] GC(172)   Pre Evacuate Collection Set: 0.1ms
[2024-01-20T23:29:36.616+0000][7][gc,phases   ] GC(172)   Merge Heap Roots: 0.1ms
[2024-01-20T23:29:36.616+0000][7][gc,phases   ] GC(172)   Evacuate Collection Set: 1.4ms
[2024-01-20T23:29:36.616+0000][7][gc,phases   ] GC(172)   Post Evacuate Collection Set: 0.7ms
[2024-01-20T23:29:36.616+0000][7][gc,phases   ] GC(172)   Other: 0.1ms
[2024-01-20T23:29:36.616+0000][7][gc,age      ] GC(172) Age table with threshold 15 (max threshold 15)
[2024-01-20T23:29:36.616+0000][7][gc,age      ] GC(172) - age   1:    1423288 bytes,    1423288 total
[2024-01-20T23:29:36.616+0000][7][gc,age      ] GC(172) - age   2:       1904 bytes,    1425192 total
[2024-01-20T23:29:36.616+0000][7][gc,age      ] GC(172) - age   3:       2176 bytes,    1427368 total
[2024-01-20T23:29:36.616+0000][7][gc,age      ] GC(172) - age   4:        576 bytes,    1427944 total
[2024-01-20T23:29:36.616+0000][7][gc,age      ] GC(172) - age   5:     153656 bytes,    1581600 total
[2024-01-20T23:29:36.616+0000][7][gc,age      ] GC(172) - age   6:       8656 bytes,    1590256 total
[2024-01-20T23:29:36.616+0000][7][gc,age      ] GC(172) - age   7:       6632 bytes,    1596888 total
[2024-01-20T23:29:36.616+0000][7][gc,age      ] GC(172) - age   8:        152 bytes,    1597040 total
[2024-01-20T23:29:36.616+0000][7][gc,age      ] GC(172) - age  10:       2944 bytes,    1599984 total
[2024-01-20T23:29:36.616+0000][7][gc,age      ] GC(172) - age  11:       6288 bytes,    1606272 total
[2024-01-20T23:29:36.616+0000][7][gc,age      ] GC(172) - age  12:     170176 bytes,    1776448 total
[2024-01-20T23:29:36.616+0000][7][gc,age      ] GC(172) - age  14:      74976 bytes,    1851424 total
[2024-01-20T23:29:36.616+0000][7][gc,heap     ] GC(172) Eden regions: 152->0(152)
[2024-01-20T23:29:36.616+0000][7][gc,heap     ] GC(172) Survivor regions: 1->1(20)
[2024-01-20T23:29:36.616+0000][7][gc,heap     ] GC(172) Old regions: 33->33
[2024-01-20T23:29:36.616+0000][7][gc,heap     ] GC(172) Archive regions: 2->2
[2024-01-20T23:29:36.616+0000][7][gc,heap     ] GC(172) Humongous regions: 0->0
[2024-01-20T23:29:36.617+0000][7][gc,metaspace] GC(172) Metaspace: 130359K(134080K)->130359K(134080K) NonClass: 113303K(115264K)->113303K(115264K) Class: 17056K(18816K)->17056K(18816K)
[2024-01-20T23:29:36.617+0000][7][gc          ] GC(172) Pause Young (Normal) (G1 Evacuation Pause) 742M->134M(1024M) 2.577ms
[2024-01-20T23:29:36.617+0000][7][gc,cpu      ] GC(172) User=0.01s Sys=0.00s Real=0.00s
[2024-01-20T23:29:36.617+0000][7][safepoint   ] Safepoint "G1CollectForAllocation", Time since last: 155517207741 ns, Reaching safepoint: 35808 ns, At safepoint: 2666850 ns, Total: 2702658 ns
[2024-01-20T23:32:42.917+0000][7][gc,start    ] GC(173) Pause Young (Normal) (G1 Evacuation Pause)
[2024-01-20T23:32:42.917+0000][7][gc,task     ] GC(173) Using 8 workers of 8 for evacuation
[2024-01-20T23:32:42.917+0000][7][gc,age      ] GC(173) Desired survivor size 41943040 bytes, new threshold 15 (max threshold 15)
[2024-01-20T23:32:42.920+0000][7][gc,phases   ] GC(173)   Pre Evacuate Collection Set: 0.1ms
[2024-01-20T23:32:42.920+0000][7][gc,phases   ] GC(173)   Merge Heap Roots: 0.1ms
[2024-01-20T23:32:42.920+0000][7][gc,phases   ] GC(173)   Evacuate Collection Set: 1.3ms
[2024-01-20T23:32:42.920+0000][7][gc,phases   ] GC(173)   Post Evacuate Collection Set: 0.6ms
[2024-01-20T23:32:42.920+0000][7][gc,phases   ] GC(173)   Other: 0.1ms
[2024-01-20T23:32:42.920+0000][7][gc,age      ] GC(173) Age table with threshold 15 (max threshold 15)
[2024-01-20T23:32:42.920+0000][7][gc,age      ] GC(173) - age   1:    1901904 bytes,    1901904 total
[2024-01-20T23:32:42.920+0000][7][gc,age      ] GC(173) - age   2:      14760 bytes,    1916664 total
[2024-01-20T23:32:42.920+0000][7][gc,age      ] GC(173) - age   3:        336 bytes,    1917000 total
[2024-01-20T23:32:42.920+0000][7][gc,age      ] GC(173) - age   4:       2112 bytes,    1919112 total
[2024-01-20T23:32:42.920+0000][7][gc,age      ] GC(173) - age   5:        184 bytes,    1919296 total
[2024-01-20T23:32:42.920+0000][7][gc,age      ] GC(173) - age   6:     152680 bytes,    2071976 total
[2024-01-20T23:32:42.920+0000][7][gc,age      ] GC(173) - age   7:       8656 bytes,    2080632 total
[2024-01-20T23:32:42.920+0000][7][gc,age      ] GC(173) - age   8:       6632 bytes,    2087264 total
[2024-01-20T23:32:42.920+0000][7][gc,age      ] GC(173) - age   9:        152 bytes,    2087416 total
[2024-01-20T23:32:42.920+0000][7][gc,age      ] GC(173) - age  11:       2912 bytes,    2090328 total
[2024-01-20T23:32:42.920+0000][7][gc,age      ] GC(173) - age  12:       6288 bytes,    2096616 total
[2024-01-20T23:32:42.920+0000][7][gc,age      ] GC(173) - age  13:     170176 bytes,    2266792 total
[2024-01-20T23:32:42.920+0000][7][gc,age      ] GC(173) - age  15:      74976 bytes,    2341768 total
[2024-01-20T23:32:42.920+0000][7][gc,heap     ] GC(173) Eden regions: 152->0(152)
[2024-01-20T23:32:42.920+0000][7][gc,heap     ] GC(173) Survivor regions: 1->1(20)
[2024-01-20T23:32:42.920+0000][7][gc,heap     ] GC(173) Old regions: 33->33
[2024-01-20T23:32:42.920+0000][7][gc,heap     ] GC(173) Archive regions: 2->2
[2024-01-20T23:32:42.920+0000][7][gc,heap     ] GC(173) Humongous regions: 0->0
[2024-01-20T23:32:42.920+0000][7][gc,metaspace] GC(173) Metaspace: 130359K(134080K)->130359K(134080K) NonClass: 113303K(115264K)->113303K(115264K) Class: 17056K(18816K)->17056K(18816K)
[2024-01-20T23:32:42.920+0000][7][gc          ] GC(173) Pause Young (Normal) (G1 Evacuation Pause) 742M->134M(1024M) 2.449ms
[2024-01-20T23:32:42.920+0000][7][gc,cpu      ] GC(173) User=0.01s Sys=0.00s Real=0.00s
[2024-01-20T23:32:42.920+0000][7][safepoint   ] Safepoint "G1CollectForAllocation", Time since last: 186300581839 ns, Reaching safepoint: 44450 ns, At safepoint: 2531926 ns, Total: 2576376 ns
[2024-01-20T23:35:55.244+0000][7][gc,start    ] GC(174) Pause Young (Normal) (G1 Evacuation Pause)
[2024-01-20T23:35:55.244+0000][7][gc,task     ] GC(174) Using 8 workers of 8 for evacuation
[2024-01-20T23:35:55.244+0000][7][gc,age      ] GC(174) Desired survivor size 41943040 bytes, new threshold 15 (max threshold 15)
[2024-01-20T23:35:55.247+0000][7][gc,phases   ] GC(174)   Pre Evacuate Collection Set: 0.1ms
[2024-01-20T23:35:55.247+0000][7][gc,phases   ] GC(174)   Merge Heap Roots: 0.1ms
[2024-01-20T23:35:55.247+0000][7][gc,phases   ] GC(174)   Evacuate Collection Set: 2.3ms
[2024-01-20T23:35:55.247+0000][7][gc,phases   ] GC(174)   Post Evacuate Collection Set: 0.6ms
[2024-01-20T23:35:55.247+0000][7][gc,phases   ] GC(174)   Other: 0.1ms
[2024-01-20T23:35:55.247+0000][7][gc,age      ] GC(174) Age table with threshold 15 (max threshold 15)
[2024-01-20T23:35:55.247+0000][7][gc,age      ] GC(174) - age   1:    1633008 bytes,    1633008 total
[2024-01-20T23:35:55.247+0000][7][gc,age      ] GC(174) - age   2:       5008 bytes,    1638016 total
[2024-01-20T23:35:55.247+0000][7][gc,age      ] GC(174) - age   3:      12032 bytes,    1650048 total
[2024-01-20T23:35:55.247+0000][7][gc,age      ] GC(174) - age   4:         24 bytes,    1650072 total
[2024-01-20T23:35:55.247+0000][7][gc,age      ] GC(174) - age   5:       1216 bytes,    1651288 total
[2024-01-20T23:35:55.247+0000][7][gc,age      ] GC(174) - age   6:        184 bytes,    1651472 total
[2024-01-20T23:35:55.247+0000][7][gc,age      ] GC(174) - age   7:     152680 bytes,    1804152 total
[2024-01-20T23:35:55.247+0000][7][gc,age      ] GC(174) - age   8:       8624 bytes,    1812776 total
[2024-01-20T23:35:55.247+0000][7][gc,age      ] GC(174) - age   9:       6632 bytes,    1819408 total
[2024-01-20T23:35:55.247+0000][7][gc,age      ] GC(174) - age  10:        152 bytes,    1819560 total
[2024-01-20T23:35:55.247+0000][7][gc,age      ] GC(174) - age  12:       2912 bytes,    1822472 total
[2024-01-20T23:35:55.247+0000][7][gc,age      ] GC(174) - age  13:       6288 bytes,    1828760 total
[2024-01-20T23:35:55.247+0000][7][gc,age      ] GC(174) - age  14:     170176 bytes,    1998936 total
[2024-01-20T23:35:55.247+0000][7][gc,heap     ] GC(174) Eden regions: 152->0(152)
[2024-01-20T23:35:55.247+0000][7][gc,heap     ] GC(174) Survivor regions: 1->1(20)
[2024-01-20T23:35:55.247+0000][7][gc,heap     ] GC(174) Old regions: 33->33
[2024-01-20T23:35:55.247+0000][7][gc,heap     ] GC(174) Archive regions: 2->2
[2024-01-20T23:35:55.247+0000][7][gc,heap     ] GC(174) Humongous regions: 0->0
[2024-01-20T23:35:55.247+0000][7][gc,metaspace] GC(174) Metaspace: 130362K(134080K)->130362K(134080K) NonClass: 113306K(115264K)->113306K(115264K) Class: 17056K(18816K)->17056K(18816K)
[2024-01-20T23:35:55.247+0000][7][gc          ] GC(174) Pause Young (Normal) (G1 Evacuation Pause) 742M->134M(1024M) 3.463ms
[2024-01-20T23:35:55.247+0000][7][gc,cpu      ] GC(174) User=0.02s Sys=0.00s Real=0.00s
[2024-01-20T23:35:55.247+0000][7][safepoint   ] Safepoint "G1CollectForAllocation", Time since last: 192323809688 ns, Reaching safepoint: 44208 ns, At safepoint: 3552068 ns, Total: 3596276 ns
[2024-01-20T23:38:25.265+0000][7][safepoint   ] Safepoint "Cleanup", Time since last: 150017593414 ns, Reaching safepoint: 86784 ns, At safepoint: 7326 ns, Total: 94110 ns
[2024-01-20T23:38:43.267+0000][7][safepoint   ] Safepoint "Cleanup", Time since last: 18002035849 ns, Reaching safepoint: 102776 ns, At safepoint: 15612 ns, Total: 118388 ns
[2024-01-20T23:38:49.268+0000][7][safepoint   ] Safepoint "Cleanup", Time since last: 6000935012 ns, Reaching safepoint: 101427 ns, At safepoint: 17686 ns, Total: 119113 ns
[2024-01-20T23:39:11.990+0000][7][gc,start    ] GC(175) Pause Young (Normal) (G1 Evacuation Pause)
[2024-01-20T23:39:11.990+0000][7][gc,task     ] GC(175) Using 8 workers of 8 for evacuation
[2024-01-20T23:39:11.990+0000][7][gc,age      ] GC(175) Desired survivor size 41943040 bytes, new threshold 15 (max threshold 15)
[2024-01-20T23:39:11.993+0000][7][gc,phases   ] GC(175)   Pre Evacuate Collection Set: 0.1ms
[2024-01-20T23:39:11.993+0000][7][gc,phases   ] GC(175)   Merge Heap Roots: 0.1ms
[2024-01-20T23:39:11.993+0000][7][gc,phases   ] GC(175)   Evacuate Collection Set: 1.4ms
[2024-01-20T23:39:11.993+0000][7][gc,phases   ] GC(175)   Post Evacuate Collection Set: 0.9ms
[2024-01-20T23:39:11.993+0000][7][gc,phases   ] GC(175)   Other: 0.1ms
[2024-01-20T23:39:11.993+0000][7][gc,age      ] GC(175) Age table with threshold 15 (max threshold 15)
[2024-01-20T23:39:11.993+0000][7][gc,age      ] GC(175) - age   1:    1292720 bytes,    1292720 total
[2024-01-20T23:39:11.993+0000][7][gc,age      ] GC(175) - age   2:       6200 bytes,    1298920 total
[2024-01-20T23:39:11.993+0000][7][gc,age      ] GC(175) - age   3:       2376 bytes,    1301296 total
[2024-01-20T23:39:11.993+0000][7][gc,age      ] GC(175) - age   4:       8584 bytes,    1309880 total
[2024-01-20T23:39:11.993+0000][7][gc,age      ] GC(175) - age   5:         24 bytes,    1309904 total
[2024-01-20T23:39:11.993+0000][7][gc,age      ] GC(175) - age   6:       1216 bytes,    1311120 total
[2024-01-20T23:39:11.993+0000][7][gc,age      ] GC(175) - age   7:        184 bytes,    1311304 total
[2024-01-20T23:39:11.993+0000][7][gc,age      ] GC(175) - age   8:     152584 bytes,    1463888 total
[2024-01-20T23:39:11.993+0000][7][gc,age      ] GC(175) - age   9:       8624 bytes,    1472512 total
[2024-01-20T23:39:11.993+0000][7][gc,age      ] GC(175) - age  10:       6632 bytes,    1479144 total
[2024-01-20T23:39:11.993+0000][7][gc,age      ] GC(175) - age  11:        152 bytes,    1479296 total
[2024-01-20T23:39:11.993+0000][7][gc,age      ] GC(175) - age  13:       2912 bytes,    1482208 total
[2024-01-20T23:39:11.993+0000][7][gc,age      ] GC(175) - age  14:       6288 bytes,    1488496 total
[2024-01-20T23:39:11.993+0000][7][gc,age      ] GC(175) - age  15:     170176 bytes,    1658672 total
[2024-01-20T23:39:11.993+0000][7][gc,heap     ] GC(175) Eden regions: 152->0(152)
[2024-01-20T23:39:11.993+0000][7][gc,heap     ] GC(175) Survivor regions: 1->1(20)
[2024-01-20T23:39:11.993+0000][7][gc,heap     ] GC(175) Old regions: 33->33
[2024-01-20T23:39:11.993+0000][7][gc,heap     ] GC(175) Archive regions: 2->2
[2024-01-20T23:39:11.993+0000][7][gc,heap     ] GC(175) Humongous regions: 0->0
[2024-01-20T23:39:11.993+0000][7][gc,metaspace] GC(175) Metaspace: 130363K(134080K)->130363K(134080K) NonClass: 113306K(115264K)->113306K(115264K) Class: 17056K(18816K)->17056K(18816K)
[2024-01-20T23:39:11.993+0000][7][gc          ] GC(175) Pause Young (Normal) (G1 Evacuation Pause) 742M->134M(1024M) 3.020ms
[2024-01-20T23:39:11.993+0000][7][gc,cpu      ] GC(175) User=0.01s Sys=0.00s Real=0.01s
[2024-01-20T23:39:11.993+0000][7][safepoint   ] Safepoint "G1CollectForAllocation", Time since last: 22721705933 ns, Reaching safepoint: 68965 ns, At safepoint: 3147230 ns, Total: 3216195 ns
[2024-01-20T23:41:37.012+0000][7][safepoint   ] Safepoint "Cleanup", Time since last: 145019003429 ns, Reaching safepoint: 75280 ns, At safepoint: 9713 ns, Total: 84993 ns
[2024-01-20T23:42:24.619+0000][7][gc,start    ] GC(176) Pause Young (Normal) (G1 Evacuation Pause)
[2024-01-20T23:42:24.619+0000][7][gc,task     ] GC(176) Using 8 workers of 8 for evacuation
[2024-01-20T23:42:24.619+0000][7][gc,age      ] GC(176) Desired survivor size 41943040 bytes, new threshold 15 (max threshold 15)
[2024-01-20T23:42:24.622+0000][7][gc,phases   ] GC(176)   Pre Evacuate Collection Set: 0.1ms
[2024-01-20T23:42:24.622+0000][7][gc,phases   ] GC(176)   Merge Heap Roots: 0.1ms
[2024-01-20T23:42:24.622+0000][7][gc,phases   ] GC(176)   Evacuate Collection Set: 1.8ms
[2024-01-20T23:42:24.622+0000][7][gc,phases   ] GC(176)   Post Evacuate Collection Set: 0.8ms
[2024-01-20T23:42:24.622+0000][7][gc,phases   ] GC(176)   Other: 0.1ms
[2024-01-20T23:42:24.622+0000][7][gc,age      ] GC(176) Age table with threshold 15 (max threshold 15)
[2024-01-20T23:42:24.622+0000][7][gc,age      ] GC(176) - age   1:    1433408 bytes,    1433408 total
[2024-01-20T23:42:24.622+0000][7][gc,age      ] GC(176) - age   2:      24856 bytes,    1458264 total
[2024-01-20T23:42:24.622+0000][7][gc,age      ] GC(176) - age   3:       3168 bytes,    1461432 total
[2024-01-20T23:42:24.622+0000][7][gc,age      ] GC(176) - age   4:       2120 bytes,    1463552 total
[2024-01-20T23:42:24.622+0000][7][gc,age      ] GC(176) - age   5:       8520 bytes,    1472072 total
[2024-01-20T23:42:24.622+0000][7][gc,age      ] GC(176) - age   7:       1216 bytes,    1473288 total
[2024-01-20T23:42:24.622+0000][7][gc,age      ] GC(176) - age   8:        184 bytes,    1473472 total
[2024-01-20T23:42:24.622+0000][7][gc,age      ] GC(176) - age   9:     152584 bytes,    1626056 total
[2024-01-20T23:42:24.622+0000][7][gc,age      ] GC(176) - age  10:       8624 bytes,    1634680 total
[2024-01-20T23:42:24.622+0000][7][gc,age      ] GC(176) - age  11:       6632 bytes,    1641312 total
[2024-01-20T23:42:24.622+0000][7][gc,age      ] GC(176) - age  12:        152 bytes,    1641464 total
[2024-01-20T23:42:24.622+0000][7][gc,age      ] GC(176) - age  14:       2912 bytes,    1644376 total
[2024-01-20T23:42:24.622+0000][7][gc,age      ] GC(176) - age  15:       6288 bytes,    1650664 total
[2024-01-20T23:42:24.622+0000][7][gc,heap     ] GC(176) Eden regions: 152->0(152)
[2024-01-20T23:42:24.622+0000][7][gc,heap     ] GC(176) Survivor regions: 1->1(20)
[2024-01-20T23:42:24.622+0000][7][gc,heap     ] GC(176) Old regions: 33->33
[2024-01-20T23:42:24.622+0000][7][gc,heap     ] GC(176) Archive regions: 2->2
[2024-01-20T23:42:24.622+0000][7][gc,heap     ] GC(176) Humongous regions: 0->0
[2024-01-20T23:42:24.622+0000][7][gc,metaspace] GC(176) Metaspace: 130369K(134080K)->130369K(134080K) NonClass: 113313K(115264K)->113313K(115264K) Class: 17056K(18816K)->17056K(18816K)
[2024-01-20T23:42:24.622+0000][7][gc          ] GC(176) Pause Young (Normal) (G1 Evacuation Pause) 742M->134M(1024M) 3.225ms
[2024-01-20T23:42:24.622+0000][7][gc,cpu      ] GC(176) User=0.00s Sys=0.02s Real=0.01s
[2024-01-20T23:42:24.622+0000][7][safepoint   ] Safepoint "G1CollectForAllocation", Time since last: 47606678614 ns, Reaching safepoint: 53879 ns, At safepoint: 3323775 ns, Total: 3377654 ns
[2024-01-20T23:44:50.640+0000][7][safepoint   ] Safepoint "Cleanup", Time since last: 146018212871 ns, Reaching safepoint: 109456 ns, At safepoint: 11171 ns, Total: 120627 ns
[2024-01-20T23:45:36.671+0000][7][gc,start    ] GC(177) Pause Young (Normal) (G1 Evacuation Pause)
[2024-01-20T23:45:36.671+0000][7][gc,task     ] GC(177) Using 8 workers of 8 for evacuation
[2024-01-20T23:45:36.671+0000][7][gc,age      ] GC(177) Desired survivor size 41943040 bytes, new threshold 15 (max threshold 15)
[2024-01-20T23:45:36.674+0000][7][gc,phases   ] GC(177)   Pre Evacuate Collection Set: 0.1ms
[2024-01-20T23:45:36.674+0000][7][gc,phases   ] GC(177)   Merge Heap Roots: 0.1ms
[2024-01-20T23:45:36.674+0000][7][gc,phases   ] GC(177)   Evacuate Collection Set: 1.2ms
[2024-01-20T23:45:36.674+0000][7][gc,phases   ] GC(177)   Post Evacuate Collection Set: 0.7ms
[2024-01-20T23:45:36.674+0000][7][gc,phases   ] GC(177)   Other: 0.1ms
[2024-01-20T23:45:36.674+0000][7][gc,age      ] GC(177) Age table with threshold 15 (max threshold 15)
[2024-01-20T23:45:36.674+0000][7][gc,age      ] GC(177) - age   1:    1475800 bytes,    1475800 total
[2024-01-20T23:45:36.674+0000][7][gc,age      ] GC(177) - age   2:       3280 bytes,    1479080 total
[2024-01-20T23:45:36.674+0000][7][gc,age      ] GC(177) - age   3:      22600 bytes,    1501680 total
[2024-01-20T23:45:36.674+0000][7][gc,age      ] GC(177) - age   4:       2224 bytes,    1503904 total
[2024-01-20T23:45:36.674+0000][7][gc,age      ] GC(177) - age   5:       1640 bytes,    1505544 total
[2024-01-20T23:45:36.674+0000][7][gc,age      ] GC(177) - age   6:       8520 bytes,    1514064 total
[2024-01-20T23:45:36.674+0000][7][gc,age      ] GC(177) - age   8:       1184 bytes,    1515248 total
[2024-01-20T23:45:36.674+0000][7][gc,age      ] GC(177) - age   9:        184 bytes,    1515432 total
[2024-01-20T23:45:36.674+0000][7][gc,age      ] GC(177) - age  10:     152584 bytes,    1668016 total
[2024-01-20T23:45:36.674+0000][7][gc,age      ] GC(177) - age  11:       8440 bytes,    1676456 total
[2024-01-20T23:45:36.674+0000][7][gc,age      ] GC(177) - age  12:       6632 bytes,    1683088 total
[2024-01-20T23:45:36.674+0000][7][gc,age      ] GC(177) - age  13:        152 bytes,    1683240 total
[2024-01-20T23:45:36.674+0000][7][gc,age      ] GC(177) - age  15:       2912 bytes,    1686152 total
[2024-01-20T23:45:36.674+0000][7][gc,heap     ] GC(177) Eden regions: 152->0(152)
[2024-01-20T23:45:36.674+0000][7][gc,heap     ] GC(177) Survivor regions: 1->1(20)
[2024-01-20T23:45:36.674+0000][7][gc,heap     ] GC(177) Old regions: 33->33
[2024-01-20T23:45:36.674+0000][7][gc,heap     ] GC(177) Archive regions: 2->2
[2024-01-20T23:45:36.674+0000][7][gc,heap     ] GC(177) Humongous regions: 0->0
[2024-01-20T23:45:36.674+0000][7][gc,metaspace] GC(177) Metaspace: 130369K(134080K)->130369K(134080K) NonClass: 113313K(115264K)->113313K(115264K) Class: 17056K(18816K)->17056K(18816K)
[2024-01-20T23:45:36.674+0000][7][gc          ] GC(177) Pause Young (Normal) (G1 Evacuation Pause) 742M->134M(1024M) 2.458ms
[2024-01-20T23:45:36.674+0000][7][gc,cpu      ] GC(177) User=0.00s Sys=0.00s Real=0.01s
[2024-01-20T23:45:36.674+0000][7][safepoint   ] Safepoint "G1CollectForAllocation", Time since last: 46030749292 ns, Reaching safepoint: 42686 ns, At safepoint: 2543337 ns, Total: 2586023 ns
[2024-01-20T23:48:48.672+0000][7][gc,start    ] GC(178) Pause Young (Normal) (G1 Evacuation Pause)
[2024-01-20T23:48:48.672+0000][7][gc,task     ] GC(178) Using 8 workers of 8 for evacuation
[2024-01-20T23:48:48.672+0000][7][gc,age      ] GC(178) Desired survivor size 41943040 bytes, new threshold 15 (max threshold 15)
[2024-01-20T23:48:48.675+0000][7][gc,phases   ] GC(178)   Pre Evacuate Collection Set: 0.1ms
[2024-01-20T23:48:48.675+0000][7][gc,phases   ] GC(178)   Merge Heap Roots: 0.1ms
[2024-01-20T23:48:48.675+0000][7][gc,phases   ] GC(178)   Evacuate Collection Set: 1.7ms
[2024-01-20T23:48:48.675+0000][7][gc,phases   ] GC(178)   Post Evacuate Collection Set: 0.8ms
[2024-01-20T23:48:48.675+0000][7][gc,phases   ] GC(178)   Other: 0.1ms
[2024-01-20T23:48:48.675+0000][7][gc,age      ] GC(178) Age table with threshold 15 (max threshold 15)
[2024-01-20T23:48:48.675+0000][7][gc,age      ] GC(178) - age   1:    1674712 bytes,    1674712 total
[2024-01-20T23:48:48.675+0000][7][gc,age      ] GC(178) - age   2:       4224 bytes,    1678936 total
[2024-01-20T23:48:48.675+0000][7][gc,age      ] GC(178) - age   3:        720 bytes,    1679656 total
[2024-01-20T23:48:48.675+0000][7][gc,age      ] GC(178) - age   4:      19064 bytes,    1698720 total
[2024-01-20T23:48:48.675+0000][7][gc,age      ] GC(178) - age   5:       2096 bytes,    1700816 total
[2024-01-20T23:48:48.675+0000][7][gc,age      ] GC(178) - age   6:       1248 bytes,    1702064 total
[2024-01-20T23:48:48.675+0000][7][gc,age      ] GC(178) - age   7:       8136 bytes,    1710200 total
[2024-01-20T23:48:48.675+0000][7][gc,age      ] GC(178) - age   9:       1184 bytes,    1711384 total
[2024-01-20T23:48:48.675+0000][7][gc,age      ] GC(178) - age  10:        184 bytes,    1711568 total
[2024-01-20T23:48:48.675+0000][7][gc,age      ] GC(178) - age  11:     152584 bytes,    1864152 total
[2024-01-20T23:48:48.675+0000][7][gc,age      ] GC(178) - age  12:       8440 bytes,    1872592 total
[2024-01-20T23:48:48.675+0000][7][gc,age      ] GC(178) - age  13:       6632 bytes,    1879224 total
[2024-01-20T23:48:48.675+0000][7][gc,age      ] GC(178) - age  14:        152 bytes,    1879376 total
[2024-01-20T23:48:48.675+0000][7][gc,heap     ] GC(178) Eden regions: 152->0(152)
[2024-01-20T23:48:48.675+0000][7][gc,heap     ] GC(178) Survivor regions: 1->1(20)
[2024-01-20T23:48:48.675+0000][7][gc,heap     ] GC(178) Old regions: 33->33
[2024-01-20T23:48:48.675+0000][7][gc,heap     ] GC(178) Archive regions: 2->2
[2024-01-20T23:48:48.675+0000][7][gc,heap     ] GC(178) Humongous regions: 0->0
[2024-01-20T23:48:48.675+0000][7][gc,metaspace] GC(178) Metaspace: 130370K(134080K)->130370K(134080K) NonClass: 113314K(115264K)->113314K(115264K) Class: 17056K(18816K)->17056K(18816K)
[2024-01-20T23:48:48.675+0000][7][gc          ] GC(178) Pause Young (Normal) (G1 Evacuation Pause) 742M->134M(1024M) 3.143ms
[2024-01-20T23:48:48.675+0000][7][gc,cpu      ] GC(178) User=0.01s Sys=0.00s Real=0.01s
[2024-01-20T23:48:48.675+0000][7][safepoint   ] Safepoint "G1CollectForAllocation", Time since last: 191998289395 ns, Reaching safepoint: 45971 ns, At safepoint: 3239050 ns, Total: 3285021 ns
[2024-01-20T23:50:21.686+0000][7][safepoint   ] Safepoint "Cleanup", Time since last: 93010584378 ns, Reaching safepoint: 51456 ns, At safepoint: 6319 ns, Total: 57775 ns
[2024-01-20T23:51:55.270+0000][7][gc,start    ] GC(179) Pause Young (Normal) (G1 Evacuation Pause)
[2024-01-20T23:51:55.270+0000][7][gc,task     ] GC(179) Using 8 workers of 8 for evacuation
[2024-01-20T23:51:55.270+0000][7][gc,age      ] GC(179) Desired survivor size 41943040 bytes, new threshold 15 (max threshold 15)
[2024-01-20T23:51:55.273+0000][7][gc,phases   ] GC(179)   Pre Evacuate Collection Set: 0.2ms
[2024-01-20T23:51:55.273+0000][7][gc,phases   ] GC(179)   Merge Heap Roots: 0.1ms
[2024-01-20T23:51:55.273+0000][7][gc,phases   ] GC(179)   Evacuate Collection Set: 1.7ms
[2024-01-20T23:51:55.273+0000][7][gc,phases   ] GC(179)   Post Evacuate Collection Set: 0.9ms
[2024-01-20T23:51:55.273+0000][7][gc,phases   ] GC(179)   Other: 0.1ms
[2024-01-20T23:51:55.273+0000][7][gc,age      ] GC(179) Age table with threshold 15 (max threshold 15)
[2024-01-20T23:51:55.273+0000][7][gc,age      ] GC(179) - age   1:    1616232 bytes,    1616232 total
[2024-01-20T23:51:55.273+0000][7][gc,age      ] GC(179) - age   2:      40080 bytes,    1656312 total
[2024-01-20T23:51:55.273+0000][7][gc,age      ] GC(179) - age   3:       1848 bytes,    1658160 total
[2024-01-20T23:51:55.273+0000][7][gc,age      ] GC(179) - age   4:        536 bytes,    1658696 total
[2024-01-20T23:51:55.273+0000][7][gc,age      ] GC(179) - age   5:      19064 bytes,    1677760 total
[2024-01-20T23:51:55.273+0000][7][gc,age      ] GC(179) - age   6:       2032 bytes,    1679792 total
[2024-01-20T23:51:55.273+0000][7][gc,age      ] GC(179) - age   7:       1248 bytes,    1681040 total
[2024-01-20T23:51:55.273+0000][7][gc,age      ] GC(179) - age   8:       8136 bytes,    1689176 total
[2024-01-20T23:51:55.273+0000][7][gc,age      ] GC(179) - age  10:       1184 bytes,    1690360 total
[2024-01-20T23:51:55.273+0000][7][gc,age      ] GC(179) - age  11:        184 bytes,    1690544 total
[2024-01-20T23:51:55.273+0000][7][gc,age      ] GC(179) - age  12:     152440 bytes,    1842984 total
[2024-01-20T23:51:55.273+0000][7][gc,age      ] GC(179) - age  13:       8440 bytes,    1851424 total
[2024-01-20T23:51:55.273+0000][7][gc,age      ] GC(179) - age  14:       6632 bytes,    1858056 total
[2024-01-20T23:51:55.273+0000][7][gc,age      ] GC(179) - age  15:        152 bytes,    1858208 total
[2024-01-20T23:51:55.273+0000][7][gc,heap     ] GC(179) Eden regions: 152->0(152)
[2024-01-20T23:51:55.273+0000][7][gc,heap     ] GC(179) Survivor regions: 1->1(20)
[2024-01-20T23:51:55.273+0000][7][gc,heap     ] GC(179) Old regions: 33->33
[2024-01-20T23:51:55.273+0000][7][gc,heap     ] GC(179) Archive regions: 2->2
[2024-01-20T23:51:55.273+0000][7][gc,heap     ] GC(179) Humongous regions: 0->0
[2024-01-20T23:51:55.273+0000][7][gc,metaspace] GC(179) Metaspace: 130380K(134080K)->130380K(134080K) NonClass: 113320K(115264K)->113320K(115264K) Class: 17060K(18816K)->17060K(18816K)
[2024-01-20T23:51:55.273+0000][7][gc          ] GC(179) Pause Young (Normal) (G1 Evacuation Pause) 742M->134M(1024M) 3.446ms
[2024-01-20T23:51:55.273+0000][7][gc,cpu      ] GC(179) User=0.01s Sys=0.01s Real=0.01s
[2024-01-20T23:51:55.273+0000][7][safepoint   ] Safepoint "G1CollectForAllocation", Time since last: 93583519895 ns, Reaching safepoint: 69072 ns, At safepoint: 3548762 ns, Total: 3617834 ns
[2024-01-20T23:55:09.727+0000][7][gc,start    ] GC(180) Pause Young (Normal) (G1 Evacuation Pause)
[2024-01-20T23:55:09.727+0000][7][gc,task     ] GC(180) Using 8 workers of 8 for evacuation
[2024-01-20T23:55:09.727+0000][7][gc,age      ] GC(180) Desired survivor size 41943040 bytes, new threshold 15 (max threshold 15)
[2024-01-20T23:55:09.729+0000][7][gc,phases   ] GC(180)   Pre Evacuate Collection Set: 0.1ms
[2024-01-20T23:55:09.729+0000][7][gc,phases   ] GC(180)   Merge Heap Roots: 0.1ms
[2024-01-20T23:55:09.729+0000][7][gc,phases   ] GC(180)   Evacuate Collection Set: 1.5ms
[2024-01-20T23:55:09.729+0000][7][gc,phases   ] GC(180)   Post Evacuate Collection Set: 0.8ms
[2024-01-20T23:55:09.729+0000][7][gc,phases   ] GC(180)   Other: 0.1ms
[2024-01-20T23:55:09.729+0000][7][gc,age      ] GC(180) Age table with threshold 15 (max threshold 15)
[2024-01-20T23:55:09.729+0000][7][gc,age      ] GC(180) - age   1:    1134976 bytes,    1134976 total
[2024-01-20T23:55:09.729+0000][7][gc,age      ] GC(180) - age   2:      80216 bytes,    1215192 total
[2024-01-20T23:55:09.729+0000][7][gc,age      ] GC(180) - age   3:      37872 bytes,    1253064 total
[2024-01-20T23:55:09.729+0000][7][gc,age      ] GC(180) - age   4:        440 bytes,    1253504 total
[2024-01-20T23:55:09.729+0000][7][gc,age      ] GC(180) - age   5:        184 bytes,    1253688 total
[2024-01-20T23:55:09.729+0000][7][gc,age      ] GC(180) - age   6:       2912 bytes,    1256600 total
[2024-01-20T23:55:09.729+0000][7][gc,age      ] GC(180) - age   7:       2000 bytes,    1258600 total
[2024-01-20T23:55:09.729+0000][7][gc,age      ] GC(180) - age   8:       1248 bytes,    1259848 total
[2024-01-20T23:55:09.730+0000][7][gc,age      ] GC(180) - age   9:       8136 bytes,    1267984 total
[2024-01-20T23:55:09.730+0000][7][gc,age      ] GC(180) - age  11:       1184 bytes,    1269168 total
[2024-01-20T23:55:09.730+0000][7][gc,age      ] GC(180) - age  12:        184 bytes,    1269352 total
[2024-01-20T23:55:09.730+0000][7][gc,age      ] GC(180) - age  13:     152440 bytes,    1421792 total
[2024-01-20T23:55:09.730+0000][7][gc,age      ] GC(180) - age  14:       8440 bytes,    1430232 total
[2024-01-20T23:55:09.730+0000][7][gc,age      ] GC(180) - age  15:       6632 bytes,    1436864 total
[2024-01-20T23:55:09.730+0000][7][gc,heap     ] GC(180) Eden regions: 152->0(152)
[2024-01-20T23:55:09.730+0000][7][gc,heap     ] GC(180) Survivor regions: 1->1(20)
[2024-01-20T23:55:09.730+0000][7][gc,heap     ] GC(180) Old regions: 33->33
[2024-01-20T23:55:09.730+0000][7][gc,heap     ] GC(180) Archive regions: 2->2
[2024-01-20T23:55:09.730+0000][7][gc,heap     ] GC(180) Humongous regions: 0->0
[2024-01-20T23:55:09.730+0000][7][gc,metaspace] GC(180) Metaspace: 130383K(134080K)->130383K(134080K) NonClass: 113323K(115264K)->113323K(115264K) Class: 17060K(18816K)->17060K(18816K)
[2024-01-20T23:55:09.730+0000][7][gc          ] GC(180) Pause Young (Normal) (G1 Evacuation Pause) 742M->134M(1024M) 3.075ms
[2024-01-20T23:55:09.730+0000][7][gc,cpu      ] GC(180) User=0.01s Sys=0.00s Real=0.00s
[2024-01-20T23:55:09.730+0000][7][safepoint   ] Safepoint "G1CollectForAllocation", Time since last: 194453292716 ns, Reaching safepoint: 67777 ns, At safepoint: 3170818 ns, Total: 3238595 ns
[2024-01-20T23:56:48.742+0000][7][safepoint   ] Safepoint "Cleanup", Time since last: 99012658483 ns, Reaching safepoint: 113004 ns, At safepoint: 5846 ns, Total: 118850 ns
[2024-01-20T23:58:21.666+0000][7][gc,start    ] GC(181) Pause Young (Normal) (G1 Evacuation Pause)
[2024-01-20T23:58:21.667+0000][7][gc,task     ] GC(181) Using 8 workers of 8 for evacuation
[2024-01-20T23:58:21.667+0000][7][gc,age      ] GC(181) Desired survivor size 41943040 bytes, new threshold 15 (max threshold 15)
[2024-01-20T23:58:21.669+0000][7][gc,phases   ] GC(181)   Pre Evacuate Collection Set: 0.1ms
[2024-01-20T23:58:21.670+0000][7][gc,phases   ] GC(181)   Merge Heap Roots: 0.1ms
[2024-01-20T23:58:21.670+0000][7][gc,phases   ] GC(181)   Evacuate Collection Set: 1.7ms
[2024-01-20T23:58:21.670+0000][7][gc,phases   ] GC(181)   Post Evacuate Collection Set: 0.8ms
[2024-01-20T23:58:21.670+0000][7][gc,phases   ] GC(181)   Other: 0.1ms
[2024-01-20T23:58:21.670+0000][7][gc,age      ] GC(181) Age table with threshold 15 (max threshold 15)
[2024-01-20T23:58:21.670+0000][7][gc,age      ] GC(181) - age   1:    1308224 bytes,    1308224 total
[2024-01-20T23:58:21.670+0000][7][gc,age      ] GC(181) - age   2:     130256 bytes,    1438480 total
[2024-01-20T23:58:21.670+0000][7][gc,age      ] GC(181) - age   3:      78264 bytes,    1516744 total
[2024-01-20T23:58:21.670+0000][7][gc,age      ] GC(181) - age   4:      34480 bytes,    1551224 total
[2024-01-20T23:58:21.670+0000][7][gc,age      ] GC(181) - age   5:        376 bytes,    1551600 total
[2024-01-20T23:58:21.670+0000][7][gc,age      ] GC(181) - age   7:       2912 bytes,    1554512 total
[2024-01-20T23:58:21.670+0000][7][gc,age      ] GC(181) - age   8:       2000 bytes,    1556512 total
[2024-01-20T23:58:21.670+0000][7][gc,age      ] GC(181) - age   9:       1128 bytes,    1557640 total
[2024-01-20T23:58:21.670+0000][7][gc,age      ] GC(181) - age  10:       8136 bytes,    1565776 total
[2024-01-20T23:58:21.670+0000][7][gc,age      ] GC(181) - age  12:       1184 bytes,    1566960 total
[2024-01-20T23:58:21.670+0000][7][gc,age      ] GC(181) - age  13:        184 bytes,    1567144 total
[2024-01-20T23:58:21.670+0000][7][gc,age      ] GC(181) - age  14:     152440 bytes,    1719584 total
[2024-01-20T23:58:21.670+0000][7][gc,age      ] GC(181) - age  15:       8440 bytes,    1728024 total
[2024-01-20T23:58:21.670+0000][7][gc,heap     ] GC(181) Eden regions: 152->0(152)
[2024-01-20T23:58:21.670+0000][7][gc,heap     ] GC(181) Survivor regions: 1->1(20)
[2024-01-20T23:58:21.670+0000][7][gc,heap     ] GC(181) Old regions: 33->33
[2024-01-20T23:58:21.670+0000][7][gc,heap     ] GC(181) Archive regions: 2->2
[2024-01-20T23:58:21.670+0000][7][gc,heap     ] GC(181) Humongous regions: 0->0
[2024-01-20T23:58:21.670+0000][7][gc,metaspace] GC(181) Metaspace: 130386K(134080K)->130386K(134080K) NonClass: 113326K(115264K)->113326K(115264K) Class: 17060K(18816K)->17060K(18816K)
[2024-01-20T23:58:21.670+0000][7][gc          ] GC(181) Pause Young (Normal) (G1 Evacuation Pause) 742M->134M(1024M) 3.263ms
[2024-01-20T23:58:21.670+0000][7][gc,cpu      ] GC(181) User=0.01s Sys=0.00s Real=0.00s
[2024-01-20T23:58:21.670+0000][7][safepoint   ] Safepoint "G1CollectForAllocation", Time since last: 92923919986 ns, Reaching safepoint: 77822 ns, At safepoint: 3367053 ns, Total: 3444875 ns
[2024-01-20T23:58:50.673+0000][7][safepoint   ] Safepoint "Cleanup", Time since last: 29003534789 ns, Reaching safepoint: 71083 ns, At safepoint: 10814 ns, Total: 81897 ns
[2024-01-21T00:00:01.682+0000][7][safepoint   ] Safepoint "Cleanup", Time since last: 71008312365 ns, Reaching safepoint: 97074 ns, At safepoint: 10394 ns, Total: 107468 ns
[2024-01-21T00:01:27.251+0000][7][gc,start    ] GC(182) Pause Young (Normal) (G1 Evacuation Pause)
[2024-01-21T00:01:27.251+0000][7][gc,task     ] GC(182) Using 8 workers of 8 for evacuation
[2024-01-21T00:01:27.251+0000][7][gc,age      ] GC(182) Desired survivor size 41943040 bytes, new threshold 15 (max threshold 15)
[2024-01-21T00:01:27.254+0000][7][gc,phases   ] GC(182)   Pre Evacuate Collection Set: 0.1ms
[2024-01-21T00:01:27.254+0000][7][gc,phases   ] GC(182)   Merge Heap Roots: 0.1ms
[2024-01-21T00:01:27.254+0000][7][gc,phases   ] GC(182)   Evacuate Collection Set: 1.5ms
[2024-01-21T00:01:27.254+0000][7][gc,phases   ] GC(182)   Post Evacuate Collection Set: 0.9ms
[2024-01-21T00:01:27.254+0000][7][gc,phases   ] GC(182)   Other: 0.1ms
[2024-01-21T00:01:27.254+0000][7][gc,age      ] GC(182) Age table with threshold 15 (max threshold 15)
[2024-01-21T00:01:27.254+0000][7][gc,age      ] GC(182) - age   1:     961544 bytes,     961544 total
[2024-01-21T00:01:27.254+0000][7][gc,age      ] GC(182) - age   2:      48504 bytes,    1010048 total
[2024-01-21T00:01:27.254+0000][7][gc,age      ] GC(182) - age   3:     128376 bytes,    1138424 total
[2024-01-21T00:01:27.254+0000][7][gc,age      ] GC(182) - age   4:      77304 bytes,    1215728 total
[2024-01-21T00:01:27.254+0000][7][gc,age      ] GC(182) - age   5:      34480 bytes,    1250208 total
[2024-01-21T00:01:27.254+0000][7][gc,age      ] GC(182) - age   6:        376 bytes,    1250584 total
[2024-01-21T00:01:27.254+0000][7][gc,age      ] GC(182) - age   8:       2624 bytes,    1253208 total
[2024-01-21T00:01:27.254+0000][7][gc,age      ] GC(182) - age   9:       2000 bytes,    1255208 total
[2024-01-21T00:01:27.254+0000][7][gc,age      ] GC(182) - age  10:       1128 bytes,    1256336 total
[2024-01-21T00:01:27.254+0000][7][gc,age      ] GC(182) - age  11:       8136 bytes,    1264472 total
[2024-01-21T00:01:27.254+0000][7][gc,age      ] GC(182) - age  13:       1184 bytes,    1265656 total
[2024-01-21T00:01:27.254+0000][7][gc,age      ] GC(182) - age  14:        184 bytes,    1265840 total
[2024-01-21T00:01:27.254+0000][7][gc,age      ] GC(182) - age  15:     144136 bytes,    1409976 total
[2024-01-21T00:01:27.254+0000][7][gc,heap     ] GC(182) Eden regions: 152->0(152)
[2024-01-21T00:01:27.254+0000][7][gc,heap     ] GC(182) Survivor regions: 1->1(20)
[2024-01-21T00:01:27.254+0000][7][gc,heap     ] GC(182) Old regions: 33->33
[2024-01-21T00:01:27.254+0000][7][gc,heap     ] GC(182) Archive regions: 2->2
[2024-01-21T00:01:27.254+0000][7][gc,heap     ] GC(182) Humongous regions: 0->0
[2024-01-21T00:01:27.254+0000][7][gc,metaspace] GC(182) Metaspace: 130390K(134080K)->130390K(134080K) NonClass: 113330K(115264K)->113330K(115264K) Class: 17060K(18816K)->17060K(18816K)
[2024-01-21T00:01:27.254+0000][7][gc          ] GC(182) Pause Young (Normal) (G1 Evacuation Pause) 742M->134M(1024M) 3.157ms
[2024-01-21T00:01:27.254+0000][7][gc,cpu      ] GC(182) User=0.02s Sys=0.00s Real=0.01s
[2024-01-21T00:01:27.254+0000][7][safepoint   ] Safepoint "G1CollectForAllocation", Time since last: 85569177103 ns, Reaching safepoint: 52631 ns, At safepoint: 3280281 ns, Total: 3332912 ns
[2024-01-21T00:04:36.734+0000][7][gc,start    ] GC(183) Pause Young (Normal) (G1 Evacuation Pause)
[2024-01-21T00:04:36.734+0000][7][gc,task     ] GC(183) Using 8 workers of 8 for evacuation
[2024-01-21T00:04:36.734+0000][7][gc,age      ] GC(183) Desired survivor size 41943040 bytes, new threshold 15 (max threshold 15)
[2024-01-21T00:04:36.736+0000][7][gc,phases   ] GC(183)   Pre Evacuate Collection Set: 0.1ms
[2024-01-21T00:04:36.736+0000][7][gc,phases   ] GC(183)   Merge Heap Roots: 0.1ms
[2024-01-21T00:04:36.736+0000][7][gc,phases   ] GC(183)   Evacuate Collection Set: 1.3ms
[2024-01-21T00:04:36.736+0000][7][gc,phases   ] GC(183)   Post Evacuate Collection Set: 0.7ms
[2024-01-21T00:04:36.736+0000][7][gc,phases   ] GC(183)   Other: 0.1ms
[2024-01-21T00:04:36.736+0000][7][gc,age      ] GC(183) Age table with threshold 15 (max threshold 15)
[2024-01-21T00:04:36.736+0000][7][gc,age      ] GC(183) - age   1:     913960 bytes,     913960 total
[2024-01-21T00:04:36.736+0000][7][gc,age      ] GC(183) - age   2:      71056 bytes,     985016 total
[2024-01-21T00:04:36.736+0000][7][gc,age      ] GC(183) - age   3:      46120 bytes,    1031136 total
[2024-01-21T00:04:36.736+0000][7][gc,age      ] GC(183) - age   4:     127432 bytes,    1158568 total
[2024-01-21T00:04:36.736+0000][7][gc,age      ] GC(183) - age   5:      77120 bytes,    1235688 total
[2024-01-21T00:04:36.736+0000][7][gc,age      ] GC(183) - age   6:      17936 bytes,    1253624 total
[2024-01-21T00:04:36.736+0000][7][gc,age      ] GC(183) - age   7:        344 bytes,    1253968 total
[2024-01-21T00:04:36.736+0000][7][gc,age      ] GC(183) - age   9:       2624 bytes,    1256592 total
[2024-01-21T00:04:36.736+0000][7][gc,age      ] GC(183) - age  10:       2000 bytes,    1258592 total
[2024-01-21T00:04:36.736+0000][7][gc,age      ] GC(183) - age  11:       1128 bytes,    1259720 total
[2024-01-21T00:04:36.736+0000][7][gc,age      ] GC(183) - age  12:       8136 bytes,    1267856 total
[2024-01-21T00:04:36.736+0000][7][gc,age      ] GC(183) - age  14:       1184 bytes,    1269040 total
[2024-01-21T00:04:36.736+0000][7][gc,age      ] GC(183) - age  15:        184 bytes,    1269224 total
[2024-01-21T00:04:36.736+0000][7][gc,heap     ] GC(183) Eden regions: 152->0(152)
[2024-01-21T00:04:36.736+0000][7][gc,heap     ] GC(183) Survivor regions: 1->1(20)
[2024-01-21T00:04:36.736+0000][7][gc,heap     ] GC(183) Old regions: 33->33
[2024-01-21T00:04:36.736+0000][7][gc,heap     ] GC(183) Archive regions: 2->2
[2024-01-21T00:04:36.736+0000][7][gc,heap     ] GC(183) Humongous regions: 0->0
[2024-01-21T00:04:36.736+0000][7][gc,metaspace] GC(183) Metaspace: 130399K(134080K)->130399K(134080K) NonClass: 113339K(115264K)->113339K(115264K) Class: 17060K(18816K)->17060K(18816K)
[2024-01-21T00:04:36.736+0000][7][gc          ] GC(183) Pause Young (Normal) (G1 Evacuation Pause) 742M->134M(1024M) 2.675ms
[2024-01-21T00:04:36.737+0000][7][gc,cpu      ] GC(183) User=0.01s Sys=0.00s Real=0.00s
[2024-01-21T00:04:36.737+0000][7][safepoint   ] Safepoint "G1CollectForAllocation", Time since last: 189479346285 ns, Reaching safepoint: 59331 ns, At safepoint: 2764821 ns, Total: 2824152 ns
[2024-01-21T00:06:03.748+0000][7][safepoint   ] Safepoint "Cleanup", Time since last: 87011489380 ns, Reaching safepoint: 81982 ns, At safepoint: 6478 ns, Total: 88460 ns
[2024-01-21T00:07:46.398+0000][7][gc,start    ] GC(184) Pause Young (Normal) (G1 Evacuation Pause)
[2024-01-21T00:07:46.398+0000][7][gc,task     ] GC(184) Using 8 workers of 8 for evacuation
[2024-01-21T00:07:46.398+0000][7][gc,age      ] GC(184) Desired survivor size 41943040 bytes, new threshold 15 (max threshold 15)
[2024-01-21T00:07:46.400+0000][7][gc,phases   ] GC(184)   Pre Evacuate Collection Set: 0.1ms
[2024-01-21T00:07:46.400+0000][7][gc,phases   ] GC(184)   Merge Heap Roots: 0.1ms
[2024-01-21T00:07:46.400+0000][7][gc,phases   ] GC(184)   Evacuate Collection Set: 1.3ms
[2024-01-21T00:07:46.400+0000][7][gc,phases   ] GC(184)   Post Evacuate Collection Set: 0.8ms
[2024-01-21T00:07:46.400+0000][7][gc,phases   ] GC(184)   Other: 0.1ms
[2024-01-21T00:07:46.400+0000][7][gc,age      ] GC(184) Age table with threshold 15 (max threshold 15)
[2024-01-21T00:07:46.400+0000][7][gc,age      ] GC(184) - age   1:     680776 bytes,     680776 total
[2024-01-21T00:07:46.400+0000][7][gc,age      ] GC(184) - age   2:      17544 bytes,     698320 total
[2024-01-21T00:07:46.400+0000][7][gc,age      ] GC(184) - age   3:      61984 bytes,     760304 total
[2024-01-21T00:07:46.400+0000][7][gc,age      ] GC(184) - age   4:      43632 bytes,     803936 total
[2024-01-21T00:07:46.400+0000][7][gc,age      ] GC(184) - age   5:     127432 bytes,     931368 total
[2024-01-21T00:07:46.400+0000][7][gc,age      ] GC(184) - age   6:      77120 bytes,    1008488 total
[2024-01-21T00:07:46.400+0000][7][gc,age      ] GC(184) - age   7:      17552 bytes,    1026040 total
[2024-01-21T00:07:46.400+0000][7][gc,age      ] GC(184) - age   8:        344 bytes,    1026384 total
[2024-01-21T00:07:46.400+0000][7][gc,age      ] GC(184) - age  10:       2624 bytes,    1029008 total
[2024-01-21T00:07:46.400+0000][7][gc,age      ] GC(184) - age  11:       2000 bytes,    1031008 total
[2024-01-21T00:07:46.400+0000][7][gc,age      ] GC(184) - age  12:       1128 bytes,    1032136 total
[2024-01-21T00:07:46.400+0000][7][gc,age      ] GC(184) - age  13:       8136 bytes,    1040272 total
[2024-01-21T00:07:46.400+0000][7][gc,age      ] GC(184) - age  15:       1184 bytes,    1041456 total
[2024-01-21T00:07:46.400+0000][7][gc,heap     ] GC(184) Eden regions: 152->0(152)
[2024-01-21T00:07:46.400+0000][7][gc,heap     ] GC(184) Survivor regions: 1->1(20)
[2024-01-21T00:07:46.400+0000][7][gc,heap     ] GC(184) Old regions: 33->33
[2024-01-21T00:07:46.400+0000][7][gc,heap     ] GC(184) Archive regions: 2->2
[2024-01-21T00:07:46.400+0000][7][gc,heap     ] GC(184) Humongous regions: 0->0
[2024-01-21T00:07:46.400+0000][7][gc,metaspace] GC(184) Metaspace: 130400K(134080K)->130400K(134080K) NonClass: 113340K(115264K)->113340K(115264K) Class: 17060K(18816K)->17060K(18816K)
[2024-01-21T00:07:46.400+0000][7][gc          ] GC(184) Pause Young (Normal) (G1 Evacuation Pause) 742M->134M(1024M) 2.695ms
[2024-01-21T00:07:46.400+0000][7][gc,cpu      ] GC(184) User=0.01s Sys=0.00s Real=0.00s
[2024-01-21T00:07:46.400+0000][7][safepoint   ] Safepoint "G1CollectForAllocation", Time since last: 102649398690 ns, Reaching safepoint: 60737 ns, At safepoint: 2788288 ns, Total: 2849025 ns
[2024-01-21T00:10:50.176+0000][7][gc,start    ] GC(185) Pause Young (Normal) (G1 Evacuation Pause)
[2024-01-21T00:10:50.176+0000][7][gc,task     ] GC(185) Using 8 workers of 8 for evacuation
[2024-01-21T00:10:50.176+0000][7][gc,age      ] GC(185) Desired survivor size 41943040 bytes, new threshold 15 (max threshold 15)
[2024-01-21T00:10:50.178+0000][7][gc,phases   ] GC(185)   Pre Evacuate Collection Set: 0.1ms
[2024-01-21T00:10:50.178+0000][7][gc,phases   ] GC(185)   Merge Heap Roots: 0.1ms
[2024-01-21T00:10:50.178+0000][7][gc,phases   ] GC(185)   Evacuate Collection Set: 1.1ms
[2024-01-21T00:10:50.178+0000][7][gc,phases   ] GC(185)   Post Evacuate Collection Set: 0.7ms
[2024-01-21T00:10:50.178+0000][7][gc,phases   ] GC(185)   Other: 0.1ms
[2024-01-21T00:10:50.178+0000][7][gc,age      ] GC(185) Age table with threshold 15 (max threshold 15)
[2024-01-21T00:10:50.178+0000][7][gc,age      ] GC(185) - age   1:     603624 bytes,     603624 total
[2024-01-21T00:10:50.178+0000][7][gc,age      ] GC(185) - age   2:       5464 bytes,     609088 total
[2024-01-21T00:10:50.178+0000][7][gc,age      ] GC(185) - age   3:      15752 bytes,     624840 total
[2024-01-21T00:10:50.178+0000][7][gc,age      ] GC(185) - age   4:      61728 bytes,     686568 total
[2024-01-21T00:10:50.178+0000][7][gc,age      ] GC(185) - age   5:      42864 bytes,     729432 total
[2024-01-21T00:10:50.178+0000][7][gc,age      ] GC(185) - age   6:     127400 bytes,     856832 total
[2024-01-21T00:10:50.178+0000][7][gc,age      ] GC(185) - age   7:      76936 bytes,     933768 total
[2024-01-21T00:10:50.178+0000][7][gc,age      ] GC(185) - age   8:      17552 bytes,     951320 total
[2024-01-21T00:10:50.178+0000][7][gc,age      ] GC(185) - age   9:        344 bytes,     951664 total
[2024-01-21T00:10:50.178+0000][7][gc,age      ] GC(185) - age  11:       2624 bytes,     954288 total
[2024-01-21T00:10:50.178+0000][7][gc,age      ] GC(185) - age  12:       2000 bytes,     956288 total
[2024-01-21T00:10:50.178+0000][7][gc,age      ] GC(185) - age  13:       1128 bytes,     957416 total
[2024-01-21T00:10:50.178+0000][7][gc,age      ] GC(185) - age  14:       8136 bytes,     965552 total
[2024-01-21T00:10:50.178+0000][7][gc,heap     ] GC(185) Eden regions: 152->0(152)
[2024-01-21T00:10:50.178+0000][7][gc,heap     ] GC(185) Survivor regions: 1->1(20)
[2024-01-21T00:10:50.178+0000][7][gc,heap     ] GC(185) Old regions: 33->33
[2024-01-21T00:10:50.178+0000][7][gc,heap     ] GC(185) Archive regions: 2->2
[2024-01-21T00:10:50.178+0000][7][gc,heap     ] GC(185) Humongous regions: 0->0
[2024-01-21T00:10:50.178+0000][7][gc,metaspace] GC(185) Metaspace: 130400K(134080K)->130400K(134080K) NonClass: 113340K(115264K)->113340K(115264K) Class: 17060K(18816K)->17060K(18816K)
[2024-01-21T00:10:50.178+0000][7][gc          ] GC(185) Pause Young (Normal) (G1 Evacuation Pause) 742M->134M(1024M) 2.393ms
[2024-01-21T00:10:50.178+0000][7][gc,cpu      ] GC(185) User=0.01s Sys=0.00s Real=0.00s
[2024-01-21T00:10:50.179+0000][7][safepoint   ] Safepoint "G1CollectForAllocation", Time since last: 183775608425 ns, Reaching safepoint: 57959 ns, At safepoint: 2483217 ns, Total: 2541176 ns
[2024-01-21T00:14:00.835+0000][7][gc,start    ] GC(186) Pause Young (Normal) (G1 Evacuation Pause)
[2024-01-21T00:14:00.835+0000][7][gc,task     ] GC(186) Using 8 workers of 8 for evacuation
[2024-01-21T00:14:00.835+0000][7][gc,age      ] GC(186) Desired survivor size 41943040 bytes, new threshold 15 (max threshold 15)
[2024-01-21T00:14:00.838+0000][7][gc,phases   ] GC(186)   Pre Evacuate Collection Set: 0.1ms
[2024-01-21T00:14:00.838+0000][7][gc,phases   ] GC(186)   Merge Heap Roots: 0.1ms
[2024-01-21T00:14:00.838+0000][7][gc,phases   ] GC(186)   Evacuate Collection Set: 1.6ms
[2024-01-21T00:14:00.838+0000][7][gc,phases   ] GC(186)   Post Evacuate Collection Set: 0.9ms
[2024-01-21T00:14:00.838+0000][7][gc,phases   ] GC(186)   Other: 0.1ms
[2024-01-21T00:14:00.838+0000][7][gc,age      ] GC(186) Age table with threshold 15 (max threshold 15)
[2024-01-21T00:14:00.838+0000][7][gc,age      ] GC(186) - age   1:    1062408 bytes,    1062408 total
[2024-01-21T00:14:00.838+0000][7][gc,age      ] GC(186) - age   2:       2136 bytes,    1064544 total
[2024-01-21T00:14:00.838+0000][7][gc,age      ] GC(186) - age   3:       3192 bytes,    1067736 total
[2024-01-21T00:14:00.838+0000][7][gc,age      ] GC(186) - age   4:       6680 bytes,    1074416 total
[2024-01-21T00:14:00.838+0000][7][gc,age      ] GC(186) - age   5:      61728 bytes,    1136144 total
[2024-01-21T00:14:00.838+0000][7][gc,age      ] GC(186) - age   6:      42864 bytes,    1179008 total
[2024-01-21T00:14:00.838+0000][7][gc,age      ] GC(186) - age   7:     127368 bytes,    1306376 total
[2024-01-21T00:14:00.838+0000][7][gc,age      ] GC(186) - age   8:      76936 bytes,    1383312 total
[2024-01-21T00:14:00.838+0000][7][gc,age      ] GC(186) - age   9:      17552 bytes,    1400864 total
[2024-01-21T00:14:00.838+0000][7][gc,age      ] GC(186) - age  10:        344 bytes,    1401208 total
[2024-01-21T00:14:00.838+0000][7][gc,age      ] GC(186) - age  12:       2624 bytes,    1403832 total
[2024-01-21T00:14:00.838+0000][7][gc,age      ] GC(186) - age  13:       2000 bytes,    1405832 total
[2024-01-21T00:14:00.838+0000][7][gc,age      ] GC(186) - age  14:       1128 bytes,    1406960 total
[2024-01-21T00:14:00.838+0000][7][gc,age      ] GC(186) - age  15:       8136 bytes,    1415096 total
[2024-01-21T00:14:00.838+0000][7][gc,heap     ] GC(186) Eden regions: 152->0(152)
[2024-01-21T00:14:00.838+0000][7][gc,heap     ] GC(186) Survivor regions: 1->1(20)
[2024-01-21T00:14:00.838+0000][7][gc,heap     ] GC(186) Old regions: 33->33
[2024-01-21T00:14:00.838+0000][7][gc,heap     ] GC(186) Archive regions: 2->2
[2024-01-21T00:14:00.838+0000][7][gc,heap     ] GC(186) Humongous regions: 0->0
[2024-01-21T00:14:00.838+0000][7][gc,metaspace] GC(186) Metaspace: 130404K(134080K)->130404K(134080K) NonClass: 113344K(115264K)->113344K(115264K) Class: 17060K(18816K)->17060K(18816K)
[2024-01-21T00:14:00.838+0000][7][gc          ] GC(186) Pause Young (Normal) (G1 Evacuation Pause) 742M->134M(1024M) 3.220ms
[2024-01-21T00:14:00.838+0000][7][gc,cpu      ] GC(186) User=0.01s Sys=0.01s Real=0.00s
[2024-01-21T00:14:00.838+0000][7][safepoint   ] Safepoint "G1CollectForAllocation", Time since last: 190656432172 ns, Reaching safepoint: 47882 ns, At safepoint: 3347722 ns, Total: 3395604 ns
[2024-01-21T00:14:39.844+0000][7][safepoint   ] Safepoint "Cleanup", Time since last: 39005509669 ns, Reaching safepoint: 94534 ns, At safepoint: 8230 ns, Total: 102764 ns
[2024-01-21T00:14:40.844+0000][7][safepoint   ] Safepoint "Cleanup", Time since last: 1000251929 ns, Reaching safepoint: 78326 ns, At safepoint: 8113 ns, Total: 86439 ns
[2024-01-21T00:15:01.847+0000][7][safepoint   ] Safepoint "Cleanup", Time since last: 21002564559 ns, Reaching safepoint: 88885 ns, At safepoint: 8174 ns, Total: 97059 ns
[2024-01-21T00:16:51.764+0000][7][gc,start    ] GC(187) Pause Young (Normal) (G1 Evacuation Pause)
[2024-01-21T00:16:51.764+0000][7][gc,task     ] GC(187) Using 8 workers of 8 for evacuation
[2024-01-21T00:16:51.764+0000][7][gc,age      ] GC(187) Desired survivor size 41943040 bytes, new threshold 15 (max threshold 15)
[2024-01-21T00:16:51.766+0000][7][gc,phases   ] GC(187)   Pre Evacuate Collection Set: 0.1ms
[2024-01-21T00:16:51.766+0000][7][gc,phases   ] GC(187)   Merge Heap Roots: 0.1ms
[2024-01-21T00:16:51.766+0000][7][gc,phases   ] GC(187)   Evacuate Collection Set: 1.2ms
[2024-01-21T00:16:51.766+0000][7][gc,phases   ] GC(187)   Post Evacuate Collection Set: 0.7ms
[2024-01-21T00:16:51.766+0000][7][gc,phases   ] GC(187)   Other: 0.1ms
[2024-01-21T00:16:51.766+0000][7][gc,age      ] GC(187) Age table with threshold 15 (max threshold 15)
[2024-01-21T00:16:51.766+0000][7][gc,age      ] GC(187) - age   1:    1108296 bytes,    1108296 total
[2024-01-21T00:16:51.766+0000][7][gc,age      ] GC(187) - age   2:      11664 bytes,    1119960 total
[2024-01-21T00:16:51.766+0000][7][gc,age      ] GC(187) - age   3:       1232 bytes,    1121192 total
[2024-01-21T00:16:51.766+0000][7][gc,age      ] GC(187) - age   4:       2872 bytes,    1124064 total
[2024-01-21T00:16:51.766+0000][7][gc,age      ] GC(187) - age   5:       6680 bytes,    1130744 total
[2024-01-21T00:16:51.766+0000][7][gc,age      ] GC(187) - age   6:      61112 bytes,    1191856 total
[2024-01-21T00:16:51.766+0000][7][gc,age      ] GC(187) - age   7:      42864 bytes,    1234720 total
[2024-01-21T00:16:51.766+0000][7][gc,age      ] GC(187) - age   8:     127368 bytes,    1362088 total
[2024-01-21T00:16:51.766+0000][7][gc,age      ] GC(187) - age   9:      76936 bytes,    1439024 total
[2024-01-21T00:16:51.766+0000][7][gc,age      ] GC(187) - age  10:      17552 bytes,    1456576 total
[2024-01-21T00:16:51.766+0000][7][gc,age      ] GC(187) - age  11:        344 bytes,    1456920 total
[2024-01-21T00:16:51.766+0000][7][gc,age      ] GC(187) - age  13:       2624 bytes,    1459544 total
[2024-01-21T00:16:51.766+0000][7][gc,age      ] GC(187) - age  14:       1816 bytes,    1461360 total
[2024-01-21T00:16:51.766+0000][7][gc,age      ] GC(187) - age  15:       1128 bytes,    1462488 total
[2024-01-21T00:16:51.766+0000][7][gc,heap     ] GC(187) Eden regions: 152->0(152)
[2024-01-21T00:16:51.766+0000][7][gc,heap     ] GC(187) Survivor regions: 1->1(20)
[2024-01-21T00:16:51.766+0000][7][gc,heap     ] GC(187) Old regions: 33->33
[2024-01-21T00:16:51.766+0000][7][gc,heap     ] GC(187) Archive regions: 2->2
[2024-01-21T00:16:51.766+0000][7][gc,heap     ] GC(187) Humongous regions: 0->0
[2024-01-21T00:16:51.766+0000][7][gc,metaspace] GC(187) Metaspace: 130404K(134080K)->130404K(134080K) NonClass: 113344K(115264K)->113344K(115264K) Class: 17060K(18816K)->17060K(18816K)
[2024-01-21T00:16:51.766+0000][7][gc          ] GC(187) Pause Young (Normal) (G1 Evacuation Pause) 742M->134M(1024M) 2.621ms
[2024-01-21T00:16:51.767+0000][7][gc,cpu      ] GC(187) User=0.01s Sys=0.00s Real=0.00s
[2024-01-21T00:16:51.767+0000][7][safepoint   ] Safepoint "G1CollectForAllocation", Time since last: 109916822077 ns, Reaching safepoint: 52524 ns, At safepoint: 2708979 ns, Total: 2761503 ns
[2024-01-21T00:17:44.773+0000][7][safepoint   ] Safepoint "Cleanup", Time since last: 53006156881 ns, Reaching safepoint: 90417 ns, At safepoint: 5188 ns, Total: 95605 ns
[2024-01-21T00:19:50.789+0000][7][safepoint   ] Safepoint "Cleanup", Time since last: 126015836607 ns, Reaching safepoint: 86297 ns, At safepoint: 7261 ns, Total: 93558 ns
[2024-01-21T00:19:51.759+0000][7][gc,start    ] GC(188) Pause Young (Normal) (G1 Evacuation Pause)
[2024-01-21T00:19:51.759+0000][7][gc,task     ] GC(188) Using 8 workers of 8 for evacuation
[2024-01-21T00:19:51.759+0000][7][gc,age      ] GC(188) Desired survivor size 41943040 bytes, new threshold 15 (max threshold 15)
[2024-01-21T00:19:51.761+0000][7][gc,phases   ] GC(188)   Pre Evacuate Collection Set: 0.1ms
[2024-01-21T00:19:51.761+0000][7][gc,phases   ] GC(188)   Merge Heap Roots: 0.1ms
[2024-01-21T00:19:51.761+0000][7][gc,phases   ] GC(188)   Evacuate Collection Set: 1.3ms
[2024-01-21T00:19:51.761+0000][7][gc,phases   ] GC(188)   Post Evacuate Collection Set: 0.7ms
[2024-01-21T00:19:51.761+0000][7][gc,phases   ] GC(188)   Other: 0.1ms
[2024-01-21T00:19:51.761+0000][7][gc,age      ] GC(188) Age table with threshold 15 (max threshold 15)
[2024-01-21T00:19:51.761+0000][7][gc,age      ] GC(188) - age   1:    1126648 bytes,    1126648 total
[2024-01-21T00:19:51.761+0000][7][gc,age      ] GC(188) - age   2:     147472 bytes,    1274120 total
[2024-01-21T00:19:51.761+0000][7][gc,age      ] GC(188) - age   3:       9272 bytes,    1283392 total
[2024-01-21T00:19:51.761+0000][7][gc,age      ] GC(188) - age   4:        336 bytes,    1283728 total
[2024-01-21T00:19:51.761+0000][7][gc,age      ] GC(188) - age   5:        568 bytes,    1284296 total
[2024-01-21T00:19:51.761+0000][7][gc,age      ] GC(188) - age   6:       6288 bytes,    1290584 total
[2024-01-21T00:19:51.761+0000][7][gc,age      ] GC(188) - age   7:      61112 bytes,    1351696 total
[2024-01-21T00:19:51.761+0000][7][gc,age      ] GC(188) - age   8:      42864 bytes,    1394560 total
[2024-01-21T00:19:51.761+0000][7][gc,age      ] GC(188) - age   9:     127368 bytes,    1521928 total
[2024-01-21T00:19:51.761+0000][7][gc,age      ] GC(188) - age  10:      76824 bytes,    1598752 total
[2024-01-21T00:19:51.761+0000][7][gc,age      ] GC(188) - age  11:      17448 bytes,    1616200 total
[2024-01-21T00:19:51.761+0000][7][gc,age      ] GC(188) - age  12:        344 bytes,    1616544 total
[2024-01-21T00:19:51.761+0000][7][gc,age      ] GC(188) - age  14:       2592 bytes,    1619136 total
[2024-01-21T00:19:51.761+0000][7][gc,age      ] GC(188) - age  15:       1816 bytes,    1620952 total
[2024-01-21T00:19:51.761+0000][7][gc,heap     ] GC(188) Eden regions: 152->0(152)
[2024-01-21T00:19:51.761+0000][7][gc,heap     ] GC(188) Survivor regions: 1->1(20)
[2024-01-21T00:19:51.761+0000][7][gc,heap     ] GC(188) Old regions: 33->33
[2024-01-21T00:19:51.761+0000][7][gc,heap     ] GC(188) Archive regions: 2->2
[2024-01-21T00:19:51.761+0000][7][gc,heap     ] GC(188) Humongous regions: 0->0
[2024-01-21T00:19:51.761+0000][7][gc,metaspace] GC(188) Metaspace: 130412K(134144K)->130412K(134144K) NonClass: 113352K(115328K)->113352K(115328K) Class: 17060K(18816K)->17060K(18816K)
[2024-01-21T00:19:51.762+0000][7][gc          ] GC(188) Pause Young (Normal) (G1 Evacuation Pause) 742M->134M(1024M) 2.660ms
[2024-01-21T00:19:51.762+0000][7][gc,cpu      ] GC(188) User=0.02s Sys=0.00s Real=0.01s
[2024-01-21T00:19:51.762+0000][7][safepoint   ] Safepoint "G1CollectForAllocation", Time since last: 970037456 ns, Reaching safepoint: 55261 ns, At safepoint: 2775015 ns, Total: 2830276 ns
[2024-01-21T00:23:00.767+0000][7][gc,start    ] GC(189) Pause Young (Normal) (G1 Evacuation Pause)
[2024-01-21T00:23:00.767+0000][7][gc,task     ] GC(189) Using 8 workers of 8 for evacuation
[2024-01-21T00:23:00.767+0000][7][gc,age      ] GC(189) Desired survivor size 41943040 bytes, new threshold 15 (max threshold 15)
[2024-01-21T00:23:00.770+0000][7][gc,phases   ] GC(189)   Pre Evacuate Collection Set: 0.1ms
[2024-01-21T00:23:00.770+0000][7][gc,phases   ] GC(189)   Merge Heap Roots: 0.1ms
[2024-01-21T00:23:00.770+0000][7][gc,phases   ] GC(189)   Evacuate Collection Set: 2.1ms
[2024-01-21T00:23:00.770+0000][7][gc,phases   ] GC(189)   Post Evacuate Collection Set: 0.8ms
[2024-01-21T00:23:00.770+0000][7][gc,phases   ] GC(189)   Other: 0.1ms
[2024-01-21T00:23:00.770+0000][7][gc,age      ] GC(189) Age table with threshold 15 (max threshold 15)
[2024-01-21T00:23:00.770+0000][7][gc,age      ] GC(189) - age   1:     820656 bytes,     820656 total
[2024-01-21T00:23:00.770+0000][7][gc,age      ] GC(189) - age   2:      22296 bytes,     842952 total
[2024-01-21T00:23:00.770+0000][7][gc,age      ] GC(189) - age   3:     145552 bytes,     988504 total
[2024-01-21T00:23:00.770+0000][7][gc,age      ] GC(189) - age   4:       8952 bytes,     997456 total
[2024-01-21T00:23:00.770+0000][7][gc,age      ] GC(189) - age   5:        336 bytes,     997792 total
[2024-01-21T00:23:00.770+0000][7][gc,age      ] GC(189) - age   6:        568 bytes,     998360 total
[2024-01-21T00:23:00.770+0000][7][gc,age      ] GC(189) - age   7:       6288 bytes,    1004648 total
[2024-01-21T00:23:00.770+0000][7][gc,age      ] GC(189) - age   8:      61016 bytes,    1065664 total
[2024-01-21T00:23:00.770+0000][7][gc,age      ] GC(189) - age   9:      42864 bytes,    1108528 total
[2024-01-21T00:23:00.770+0000][7][gc,age      ] GC(189) - age  10:     127368 bytes,    1235896 total
[2024-01-21T00:23:00.770+0000][7][gc,age      ] GC(189) - age  11:      76792 bytes,    1312688 total
[2024-01-21T00:23:00.770+0000][7][gc,age      ] GC(189) - age  12:      17448 bytes,    1330136 total
[2024-01-21T00:23:00.770+0000][7][gc,age      ] GC(189) - age  13:        344 bytes,    1330480 total
[2024-01-21T00:23:00.770+0000][7][gc,age      ] GC(189) - age  15:       2592 bytes,    1333072 total
[2024-01-21T00:23:00.770+0000][7][gc,heap     ] GC(189) Eden regions: 152->0(152)
[2024-01-21T00:23:00.770+0000][7][gc,heap     ] GC(189) Survivor regions: 1->1(20)
[2024-01-21T00:23:00.770+0000][7][gc,heap     ] GC(189) Old regions: 33->33
[2024-01-21T00:23:00.770+0000][7][gc,heap     ] GC(189) Archive regions: 2->2
[2024-01-21T00:23:00.770+0000][7][gc,heap     ] GC(189) Humongous regions: 0->0
[2024-01-21T00:23:00.770+0000][7][gc,metaspace] GC(189) Metaspace: 130412K(134144K)->130412K(134144K) NonClass: 113352K(115328K)->113352K(115328K) Class: 17060K(18816K)->17060K(18816K)
[2024-01-21T00:23:00.770+0000][7][gc          ] GC(189) Pause Young (Normal) (G1 Evacuation Pause) 742M->134M(1024M) 3.728ms
[2024-01-21T00:23:00.771+0000][7][gc,cpu      ] GC(189) User=0.01s Sys=0.01s Real=0.00s
[2024-01-21T00:23:00.771+0000][7][safepoint   ] Safepoint "G1CollectForAllocation", Time since last: 189005077042 ns, Reaching safepoint: 55484 ns, At safepoint: 3846467 ns, Total: 3901951 ns
[2024-01-21T00:26:06.807+0000][7][gc,start    ] GC(190) Pause Young (Normal) (G1 Evacuation Pause)
[2024-01-21T00:26:06.808+0000][7][gc,task     ] GC(190) Using 8 workers of 8 for evacuation
[2024-01-21T00:26:06.808+0000][7][gc,age      ] GC(190) Desired survivor size 41943040 bytes, new threshold 15 (max threshold 15)
[2024-01-21T00:26:06.810+0000][7][gc,phases   ] GC(190)   Pre Evacuate Collection Set: 0.1ms
[2024-01-21T00:26:06.810+0000][7][gc,phases   ] GC(190)   Merge Heap Roots: 0.1ms
[2024-01-21T00:26:06.810+0000][7][gc,phases   ] GC(190)   Evacuate Collection Set: 1.0ms
[2024-01-21T00:26:06.810+0000][7][gc,phases   ] GC(190)   Post Evacuate Collection Set: 0.7ms
[2024-01-21T00:26:06.810+0000][7][gc,phases   ] GC(190)   Other: 0.1ms
[2024-01-21T00:26:06.810+0000][7][gc,age      ] GC(190) Age table with threshold 15 (max threshold 15)
[2024-01-21T00:26:06.810+0000][7][gc,age      ] GC(190) - age   1:     747120 bytes,     747120 total
[2024-01-21T00:26:06.810+0000][7][gc,age      ] GC(190) - age   2:       2720 bytes,     749840 total
[2024-01-21T00:26:06.810+0000][7][gc,age      ] GC(190) - age   3:      20896 bytes,     770736 total
[2024-01-21T00:26:06.810+0000][7][gc,age      ] GC(190) - age   4:     145192 bytes,     915928 total
[2024-01-21T00:26:06.810+0000][7][gc,age      ] GC(190) - age   5:       8200 bytes,     924128 total
[2024-01-21T00:26:06.810+0000][7][gc,age      ] GC(190) - age   6:        304 bytes,     924432 total
[2024-01-21T00:26:06.810+0000][7][gc,age      ] GC(190) - age   7:        184 bytes,     924616 total
[2024-01-21T00:26:06.810+0000][7][gc,age      ] GC(190) - age   8:       6288 bytes,     930904 total
[2024-01-21T00:26:06.810+0000][7][gc,age      ] GC(190) - age   9:      61016 bytes,     991920 total
[2024-01-21T00:26:06.810+0000][7][gc,age      ] GC(190) - age  10:      42864 bytes,    1034784 total
[2024-01-21T00:26:06.810+0000][7][gc,age      ] GC(190) - age  11:     127368 bytes,    1162152 total
[2024-01-21T00:26:06.810+0000][7][gc,age      ] GC(190) - age  12:      76792 bytes,    1238944 total
[2024-01-21T00:26:06.810+0000][7][gc,age      ] GC(190) - age  13:      17448 bytes,    1256392 total
[2024-01-21T00:26:06.810+0000][7][gc,age      ] GC(190) - age  14:        344 bytes,    1256736 total
[2024-01-21T00:26:06.810+0000][7][gc,heap     ] GC(190) Eden regions: 152->0(152)
[2024-01-21T00:26:06.810+0000][7][gc,heap     ] GC(190) Survivor regions: 1->1(20)
[2024-01-21T00:26:06.810+0000][7][gc,heap     ] GC(190) Old regions: 33->33
[2024-01-21T00:26:06.810+0000][7][gc,heap     ] GC(190) Archive regions: 2->2
[2024-01-21T00:26:06.810+0000][7][gc,heap     ] GC(190) Humongous regions: 0->0
[2024-01-21T00:26:06.810+0000][7][gc,metaspace] GC(190) Metaspace: 130412K(134144K)->130412K(134144K) NonClass: 113352K(115328K)->113352K(115328K) Class: 17060K(18816K)->17060K(18816K)
[2024-01-21T00:26:06.810+0000][7][gc          ] GC(190) Pause Young (Normal) (G1 Evacuation Pause) 742M->134M(1024M) 2.303ms
[2024-01-21T00:26:06.810+0000][7][gc,cpu      ] GC(190) User=0.00s Sys=0.01s Real=0.00s
[2024-01-21T00:26:06.810+0000][7][safepoint   ] Safepoint "G1CollectForAllocation", Time since last: 186036866593 ns, Reaching safepoint: 34421 ns, At safepoint: 2390444 ns, Total: 2424865 ns
[2024-01-21T00:29:15.784+0000][7][gc,start    ] GC(191) Pause Young (Normal) (G1 Evacuation Pause)
[2024-01-21T00:29:15.785+0000][7][gc,task     ] GC(191) Using 8 workers of 8 for evacuation
[2024-01-21T00:29:15.785+0000][7][gc,age      ] GC(191) Desired survivor size 41943040 bytes, new threshold 15 (max threshold 15)
[2024-01-21T00:29:15.787+0000][7][gc,phases   ] GC(191)   Pre Evacuate Collection Set: 0.1ms
[2024-01-21T00:29:15.787+0000][7][gc,phases   ] GC(191)   Merge Heap Roots: 0.1ms
[2024-01-21T00:29:15.787+0000][7][gc,phases   ] GC(191)   Evacuate Collection Set: 1.1ms
[2024-01-21T00:29:15.787+0000][7][gc,phases   ] GC(191)   Post Evacuate Collection Set: 0.7ms
[2024-01-21T00:29:15.787+0000][7][gc,phases   ] GC(191)   Other: 0.1ms
[2024-01-21T00:29:15.787+0000][7][gc,age      ] GC(191) Age table with threshold 15 (max threshold 15)
[2024-01-21T00:29:15.787+0000][7][gc,age      ] GC(191) - age   1:     583984 bytes,     583984 total
[2024-01-21T00:29:15.787+0000][7][gc,age      ] GC(191) - age   2:      11960 bytes,     595944 total
[2024-01-21T00:29:15.787+0000][7][gc,age      ] GC(191) - age   3:       1464 bytes,     597408 total
[2024-01-21T00:29:15.787+0000][7][gc,age      ] GC(191) - age   4:      17760 bytes,     615168 total
[2024-01-21T00:29:15.787+0000][7][gc,age      ] GC(191) - age   5:     145192 bytes,     760360 total
[2024-01-21T00:29:15.787+0000][7][gc,age      ] GC(191) - age   6:        184 bytes,     760544 total
[2024-01-21T00:29:15.787+0000][7][gc,age      ] GC(191) - age   7:        304 bytes,     760848 total
[2024-01-21T00:29:15.787+0000][7][gc,age      ] GC(191) - age   8:        184 bytes,     761032 total
[2024-01-21T00:29:15.787+0000][7][gc,age      ] GC(191) - age   9:       6288 bytes,     767320 total
[2024-01-21T00:29:15.787+0000][7][gc,age      ] GC(191) - age  10:      61016 bytes,     828336 total
[2024-01-21T00:29:15.787+0000][7][gc,age      ] GC(191) - age  11:      42864 bytes,     871200 total
[2024-01-21T00:29:15.787+0000][7][gc,age      ] GC(191) - age  12:     127368 bytes,     998568 total
[2024-01-21T00:29:15.787+0000][7][gc,age      ] GC(191) - age  13:      76792 bytes,    1075360 total
[2024-01-21T00:29:15.787+0000][7][gc,age      ] GC(191) - age  14:      17448 bytes,    1092808 total
[2024-01-21T00:29:15.787+0000][7][gc,age      ] GC(191) - age  15:        344 bytes,    1093152 total
[2024-01-21T00:29:15.787+0000][7][gc,heap     ] GC(191) Eden regions: 152->0(152)
[2024-01-21T00:29:15.787+0000][7][gc,heap     ] GC(191) Survivor regions: 1->1(20)
[2024-01-21T00:29:15.787+0000][7][gc,heap     ] GC(191) Old regions: 33->33
[2024-01-21T00:29:15.787+0000][7][gc,heap     ] GC(191) Archive regions: 2->2
[2024-01-21T00:29:15.787+0000][7][gc,heap     ] GC(191) Humongous regions: 0->0
[2024-01-21T00:29:15.787+0000][7][gc,metaspace] GC(191) Metaspace: 130412K(134144K)->130412K(134144K) NonClass: 113352K(115328K)->113352K(115328K) Class: 17060K(18816K)->17060K(18816K)
[2024-01-21T00:29:15.787+0000][7][gc          ] GC(191) Pause Young (Normal) (G1 Evacuation Pause) 742M->134M(1024M) 2.320ms
[2024-01-21T00:29:15.787+0000][7][gc,cpu      ] GC(191) User=0.01s Sys=0.00s Real=0.00s
[2024-01-21T00:29:15.787+0000][7][safepoint   ] Safepoint "G1CollectForAllocation", Time since last: 188974514640 ns, Reaching safepoint: 60799 ns, At safepoint: 2407807 ns, Total: 2468606 ns
[2024-01-21T00:29:39.790+0000][7][safepoint   ] Safepoint "Cleanup", Time since last: 24002891151 ns, Reaching safepoint: 58118 ns, At safepoint: 7502 ns, Total: 65620 ns
[2024-01-21T00:29:40.790+0000][7][safepoint   ] Safepoint "Cleanup", Time since last: 1000247985 ns, Reaching safepoint: 72232 ns, At safepoint: 7165 ns, Total: 79397 ns
[2024-01-21T00:29:43.791+0000][7][safepoint   ] Safepoint "Cleanup", Time since last: 3000509941 ns, Reaching safepoint: 100049 ns, At safepoint: 14270 ns, Total: 114319 ns
[2024-01-21T00:30:04.793+0000][7][safepoint   ] Safepoint "Cleanup", Time since last: 21002464440 ns, Reaching safepoint: 82671 ns, At safepoint: 11174 ns, Total: 93845 ns
[2024-01-21T00:30:35.798+0000][7][safepoint   ] Safepoint "Cleanup", Time since last: 31004341123 ns, Reaching safepoint: 73291 ns, At safepoint: 6648 ns, Total: 79939 ns
[2024-01-21T00:30:36.798+0000][7][safepoint   ] Safepoint "Cleanup", Time since last: 1000173804 ns, Reaching safepoint: 46126 ns, At safepoint: 4962 ns, Total: 51088 ns
[2024-01-21T00:30:37.798+0000][7][safepoint   ] Safepoint "Cleanup", Time since last: 1000132811 ns, Reaching safepoint: 66036 ns, At safepoint: 9228 ns, Total: 75264 ns
[2024-01-21T00:30:49.800+0000][7][safepoint   ] Safepoint "Cleanup", Time since last: 12001807955 ns, Reaching safepoint: 86596 ns, At safepoint: 8818 ns, Total: 95414 ns
[2024-01-21T00:31:09.803+0000][7][safepoint   ] Safepoint "Cleanup", Time since last: 20002619196 ns, Reaching safepoint: 76146 ns, At safepoint: 5919 ns, Total: 82065 ns
[2024-01-21T00:32:02.810+0000][7][safepoint   ] Safepoint "Cleanup", Time since last: 53006811112 ns, Reaching safepoint: 77099 ns, At safepoint: 15551 ns, Total: 92650 ns
[2024-01-21T00:32:24.889+0000][7][gc,start    ] GC(192) Pause Young (Normal) (G1 Evacuation Pause)
[2024-01-21T00:32:24.889+0000][7][gc,task     ] GC(192) Using 8 workers of 8 for evacuation
[2024-01-21T00:32:24.889+0000][7][gc,age      ] GC(192) Desired survivor size 41943040 bytes, new threshold 15 (max threshold 15)
[2024-01-21T00:32:24.891+0000][7][gc,phases   ] GC(192)   Pre Evacuate Collection Set: 0.1ms
[2024-01-21T00:32:24.891+0000][7][gc,phases   ] GC(192)   Merge Heap Roots: 0.1ms
[2024-01-21T00:32:24.891+0000][7][gc,phases   ] GC(192)   Evacuate Collection Set: 1.3ms
[2024-01-21T00:32:24.891+0000][7][gc,phases   ] GC(192)   Post Evacuate Collection Set: 0.6ms
[2024-01-21T00:32:24.891+0000][7][gc,phases   ] GC(192)   Other: 0.1ms
[2024-01-21T00:32:24.891+0000][7][gc,age      ] GC(192) Age table with threshold 15 (max threshold 15)
[2024-01-21T00:32:24.891+0000][7][gc,age      ] GC(192) - age   1:    1894432 bytes,    1894432 total
[2024-01-21T00:32:24.891+0000][7][gc,age      ] GC(192) - age   2:       4056 bytes,    1898488 total
[2024-01-21T00:32:24.891+0000][7][gc,age      ] GC(192) - age   3:       9392 bytes,    1907880 total
[2024-01-21T00:32:24.891+0000][7][gc,age      ] GC(192) - age   4:       1336 bytes,    1909216 total
[2024-01-21T00:32:24.891+0000][7][gc,age      ] GC(192) - age   5:      17512 bytes,    1926728 total
[2024-01-21T00:32:24.891+0000][7][gc,age      ] GC(192) - age   6:     145192 bytes,    2071920 total
[2024-01-21T00:32:24.891+0000][7][gc,age      ] GC(192) - age   7:        184 bytes,    2072104 total
[2024-01-21T00:32:24.891+0000][7][gc,age      ] GC(192) - age   8:        304 bytes,    2072408 total
[2024-01-21T00:32:24.891+0000][7][gc,age      ] GC(192) - age   9:        184 bytes,    2072592 total
[2024-01-21T00:32:24.891+0000][7][gc,age      ] GC(192) - age  10:       6288 bytes,    2078880 total
[2024-01-21T00:32:24.891+0000][7][gc,age      ] GC(192) - age  11:      61016 bytes,    2139896 total
[2024-01-21T00:32:24.891+0000][7][gc,age      ] GC(192) - age  12:      42864 bytes,    2182760 total
[2024-01-21T00:32:24.891+0000][7][gc,age      ] GC(192) - age  13:     127368 bytes,    2310128 total
[2024-01-21T00:32:24.891+0000][7][gc,age      ] GC(192) - age  14:      76792 bytes,    2386920 total
[2024-01-21T00:32:24.891+0000][7][gc,age      ] GC(192) - age  15:      17448 bytes,    2404368 total
[2024-01-21T00:32:24.891+0000][7][gc,heap     ] GC(192) Eden regions: 152->0(152)
[2024-01-21T00:32:24.891+0000][7][gc,heap     ] GC(192) Survivor regions: 1->1(20)
[2024-01-21T00:32:24.891+0000][7][gc,heap     ] GC(192) Old regions: 33->33
[2024-01-21T00:32:24.891+0000][7][gc,heap     ] GC(192) Archive regions: 2->2
[2024-01-21T00:32:24.891+0000][7][gc,heap     ] GC(192) Humongous regions: 0->0
[2024-01-21T00:32:24.891+0000][7][gc,metaspace] GC(192) Metaspace: 130416K(134144K)->130416K(134144K) NonClass: 113356K(115328K)->113356K(115328K) Class: 17060K(18816K)->17060K(18816K)
[2024-01-21T00:32:24.891+0000][7][gc          ] GC(192) Pause Young (Normal) (G1 Evacuation Pause) 742M->135M(1024M) 2.281ms
[2024-01-21T00:32:24.891+0000][7][gc,cpu      ] GC(192) User=0.01s Sys=0.00s Real=0.00s
[2024-01-21T00:32:24.891+0000][7][safepoint   ] Safepoint "G1CollectForAllocation", Time since last: 22079350624 ns, Reaching safepoint: 50262 ns, At safepoint: 2356819 ns, Total: 2407081 ns
[2024-01-21T00:35:26.916+0000][7][safepoint   ] Safepoint "Cleanup", Time since last: 182024598628 ns, Reaching safepoint: 74261 ns, At safepoint: 8319 ns, Total: 82580 ns
[2024-01-21T00:35:31.309+0000][7][gc,start    ] GC(193) Pause Young (Normal) (G1 Evacuation Pause)
[2024-01-21T00:35:31.309+0000][7][gc,task     ] GC(193) Using 8 workers of 8 for evacuation
[2024-01-21T00:35:31.309+0000][7][gc,age      ] GC(193) Desired survivor size 41943040 bytes, new threshold 15 (max threshold 15)
[2024-01-21T00:35:31.311+0000][7][gc,phases   ] GC(193)   Pre Evacuate Collection Set: 0.1ms
[2024-01-21T00:35:31.311+0000][7][gc,phases   ] GC(193)   Merge Heap Roots: 0.0ms
[2024-01-21T00:35:31.311+0000][7][gc,phases   ] GC(193)   Evacuate Collection Set: 1.1ms
[2024-01-21T00:35:31.311+0000][7][gc,phases   ] GC(193)   Post Evacuate Collection Set: 0.5ms
[2024-01-21T00:35:31.311+0000][7][gc,phases   ] GC(193)   Other: 0.1ms
[2024-01-21T00:35:31.311+0000][7][gc,age      ] GC(193) Age table with threshold 15 (max threshold 15)
[2024-01-21T00:35:31.311+0000][7][gc,age      ] GC(193) - age   1:    1778616 bytes,    1778616 total
[2024-01-21T00:35:31.311+0000][7][gc,age      ] GC(193) - age   2:       3768 bytes,    1782384 total
[2024-01-21T00:35:31.311+0000][7][gc,age      ] GC(193) - age   3:       3224 bytes,    1785608 total
[2024-01-21T00:35:31.311+0000][7][gc,age      ] GC(193) - age   4:       8616 bytes,    1794224 total
[2024-01-21T00:35:31.311+0000][7][gc,age      ] GC(193) - age   5:       1336 bytes,    1795560 total
[2024-01-21T00:35:31.311+0000][7][gc,age      ] GC(193) - age   6:        968 bytes,    1796528 total
[2024-01-21T00:35:31.311+0000][7][gc,age      ] GC(193) - age   7:     145192 bytes,    1941720 total
[2024-01-21T00:35:31.311+0000][7][gc,age      ] GC(193) - age   8:        184 bytes,    1941904 total
[2024-01-21T00:35:31.311+0000][7][gc,age      ] GC(193) - age   9:        120 bytes,    1942024 total
[2024-01-21T00:35:31.311+0000][7][gc,age      ] GC(193) - age  10:        184 bytes,    1942208 total
[2024-01-21T00:35:31.311+0000][7][gc,age      ] GC(193) - age  11:       6288 bytes,    1948496 total
[2024-01-21T00:35:31.311+0000][7][gc,age      ] GC(193) - age  12:      61016 bytes,    2009512 total
[2024-01-21T00:35:31.311+0000][7][gc,age      ] GC(193) - age  13:      42864 bytes,    2052376 total
[2024-01-21T00:35:31.311+0000][7][gc,age      ] GC(193) - age  14:     127368 bytes,    2179744 total
[2024-01-21T00:35:31.311+0000][7][gc,age      ] GC(193) - age  15:      76792 bytes,    2256536 total
[2024-01-21T00:35:31.311+0000][7][gc,heap     ] GC(193) Eden regions: 152->0(152)
[2024-01-21T00:35:31.311+0000][7][gc,heap     ] GC(193) Survivor regions: 1->1(20)
[2024-01-21T00:35:31.311+0000][7][gc,heap     ] GC(193) Old regions: 33->33
[2024-01-21T00:35:31.311+0000][7][gc,heap     ] GC(193) Archive regions: 2->2
[2024-01-21T00:35:31.311+0000][7][gc,heap     ] GC(193) Humongous regions: 0->0
[2024-01-21T00:35:31.311+0000][7][gc,metaspace] GC(193) Metaspace: 130417K(134144K)->130417K(134144K) NonClass: 113357K(115328K)->113357K(115328K) Class: 17060K(18816K)->17060K(18816K)
[2024-01-21T00:35:31.311+0000][7][gc          ] GC(193) Pause Young (Normal) (G1 Evacuation Pause) 743M->135M(1024M) 2.059ms
[2024-01-21T00:35:31.311+0000][7][gc,cpu      ] GC(193) User=0.01s Sys=0.00s Real=0.00s
[2024-01-21T00:35:31.311+0000][7][safepoint   ] Safepoint "G1CollectForAllocation", Time since last: 4392737673 ns, Reaching safepoint: 37368 ns, At safepoint: 2125903 ns, Total: 2163271 ns
[2024-01-21T00:38:48.827+0000][7][gc,start    ] GC(194) Pause Young (Normal) (G1 Evacuation Pause)
[2024-01-21T00:38:48.827+0000][7][gc,task     ] GC(194) Using 8 workers of 8 for evacuation
[2024-01-21T00:38:48.827+0000][7][gc,age      ] GC(194) Desired survivor size 41943040 bytes, new threshold 15 (max threshold 15)
[2024-01-21T00:38:48.830+0000][7][gc,phases   ] GC(194)   Pre Evacuate Collection Set: 0.1ms
[2024-01-21T00:38:48.830+0000][7][gc,phases   ] GC(194)   Merge Heap Roots: 0.1ms
[2024-01-21T00:38:48.830+0000][7][gc,phases   ] GC(194)   Evacuate Collection Set: 1.7ms
[2024-01-21T00:38:48.830+0000][7][gc,phases   ] GC(194)   Post Evacuate Collection Set: 0.7ms
[2024-01-21T00:38:48.830+0000][7][gc,phases   ] GC(194)   Other: 0.1ms
[2024-01-21T00:38:48.830+0000][7][gc,age      ] GC(194) Age table with threshold 15 (max threshold 15)
[2024-01-21T00:38:48.830+0000][7][gc,age      ] GC(194) - age   1:    1668840 bytes,    1668840 total
[2024-01-21T00:38:48.830+0000][7][gc,age      ] GC(194) - age   2:       3320 bytes,    1672160 total
[2024-01-21T00:38:48.830+0000][7][gc,age      ] GC(194) - age   3:        856 bytes,    1673016 total
[2024-01-21T00:38:48.830+0000][7][gc,age      ] GC(194) - age   4:         88 bytes,    1673104 total
[2024-01-21T00:38:48.830+0000][7][gc,age      ] GC(194) - age   5:       8616 bytes,    1681720 total
[2024-01-21T00:38:48.830+0000][7][gc,age      ] GC(194) - age   6:       1336 bytes,    1683056 total
[2024-01-21T00:38:48.830+0000][7][gc,age      ] GC(194) - age   7:        968 bytes,    1684024 total
[2024-01-21T00:38:48.830+0000][7][gc,age      ] GC(194) - age   8:     145192 bytes,    1829216 total
[2024-01-21T00:38:48.830+0000][7][gc,age      ] GC(194) - age   9:        184 bytes,    1829400 total
[2024-01-21T00:38:48.830+0000][7][gc,age      ] GC(194) - age  10:        120 bytes,    1829520 total
[2024-01-21T00:38:48.830+0000][7][gc,age      ] GC(194) - age  12:       6288 bytes,    1835808 total
[2024-01-21T00:38:48.830+0000][7][gc,age      ] GC(194) - age  13:      61016 bytes,    1896824 total
[2024-01-21T00:38:48.830+0000][7][gc,age      ] GC(194) - age  14:      42864 bytes,    1939688 total
[2024-01-21T00:38:48.830+0000][7][gc,age      ] GC(194) - age  15:     127368 bytes,    2067056 total
[2024-01-21T00:38:48.830+0000][7][gc,heap     ] GC(194) Eden regions: 152->0(152)
[2024-01-21T00:38:48.830+0000][7][gc,heap     ] GC(194) Survivor regions: 1->1(20)
[2024-01-21T00:38:48.830+0000][7][gc,heap     ] GC(194) Old regions: 33->33
[2024-01-21T00:38:48.830+0000][7][gc,heap     ] GC(194) Archive regions: 2->2
[2024-01-21T00:38:48.830+0000][7][gc,heap     ] GC(194) Humongous regions: 0->0
[2024-01-21T00:38:48.830+0000][7][gc,metaspace] GC(194) Metaspace: 130417K(134144K)->130417K(134144K) NonClass: 113357K(115328K)->113357K(115328K) Class: 17060K(18816K)->17060K(18816K)
[2024-01-21T00:38:48.830+0000][7][gc          ] GC(194) Pause Young (Normal) (G1 Evacuation Pause) 743M->135M(1024M) 3.017ms
[2024-01-21T00:38:48.830+0000][7][gc,cpu      ] GC(194) User=0.01s Sys=0.01s Real=0.00s
[2024-01-21T00:38:48.830+0000][7][safepoint   ] Safepoint "G1CollectForAllocation", Time since last: 197515834118 ns, Reaching safepoint: 73291 ns, At safepoint: 3106368 ns, Total: 3179659 ns
[2024-01-21T00:41:25.074+0000][7][gc,start    ] GC(195) Pause Young (Normal) (G1 Evacuation Pause)
[2024-01-21T00:41:25.074+0000][7][gc,task     ] GC(195) Using 8 workers of 8 for evacuation
[2024-01-21T00:41:25.074+0000][7][gc,age      ] GC(195) Desired survivor size 41943040 bytes, new threshold 15 (max threshold 15)
[2024-01-21T00:41:25.076+0000][7][gc,phases   ] GC(195)   Pre Evacuate Collection Set: 0.1ms
[2024-01-21T00:41:25.076+0000][7][gc,phases   ] GC(195)   Merge Heap Roots: 0.1ms
[2024-01-21T00:41:25.076+0000][7][gc,phases   ] GC(195)   Evacuate Collection Set: 1.1ms
[2024-01-21T00:41:25.076+0000][7][gc,phases   ] GC(195)   Post Evacuate Collection Set: 0.8ms
[2024-01-21T00:41:25.076+0000][7][gc,phases   ] GC(195)   Other: 0.1ms
[2024-01-21T00:41:25.076+0000][7][gc,age      ] GC(195) Age table with threshold 15 (max threshold 15)
[2024-01-21T00:41:25.076+0000][7][gc,age      ] GC(195) - age   1:     880784 bytes,     880784 total
[2024-01-21T00:41:25.076+0000][7][gc,age      ] GC(195) - age   2:       6976 bytes,     887760 total
[2024-01-21T00:41:25.076+0000][7][gc,age      ] GC(195) - age   3:       1496 bytes,     889256 total
[2024-01-21T00:41:25.076+0000][7][gc,age      ] GC(195) - age   4:        184 bytes,     889440 total
[2024-01-21T00:41:25.076+0000][7][gc,age      ] GC(195) - age   5:         24 bytes,     889464 total
[2024-01-21T00:41:25.076+0000][7][gc,age      ] GC(195) - age   6:       8616 bytes,     898080 total
[2024-01-21T00:41:25.076+0000][7][gc,age      ] GC(195) - age   7:       1336 bytes,     899416 total
[2024-01-21T00:41:25.076+0000][7][gc,age      ] GC(195) - age   8:        968 bytes,     900384 total
[2024-01-21T00:41:25.076+0000][7][gc,age      ] GC(195) - age   9:     145192 bytes,    1045576 total
[2024-01-21T00:41:25.076+0000][7][gc,age      ] GC(195) - age  10:        184 bytes,    1045760 total
[2024-01-21T00:41:25.076+0000][7][gc,age      ] GC(195) - age  11:        120 bytes,    1045880 total
[2024-01-21T00:41:25.076+0000][7][gc,age      ] GC(195) - age  13:       6288 bytes,    1052168 total
[2024-01-21T00:41:25.076+0000][7][gc,age      ] GC(195) - age  14:      61016 bytes,    1113184 total
[2024-01-21T00:41:25.076+0000][7][gc,age      ] GC(195) - age  15:      42864 bytes,    1156048 total
[2024-01-21T00:41:25.076+0000][7][gc,heap     ] GC(195) Eden regions: 152->0(152)
[2024-01-21T00:41:25.076+0000][7][gc,heap     ] GC(195) Survivor regions: 1->1(20)
[2024-01-21T00:41:25.076+0000][7][gc,heap     ] GC(195) Old regions: 33->33
[2024-01-21T00:41:25.076+0000][7][gc,heap     ] GC(195) Archive regions: 2->2
[2024-01-21T00:41:25.076+0000][7][gc,heap     ] GC(195) Humongous regions: 0->0
[2024-01-21T00:41:25.076+0000][7][gc,metaspace] GC(195) Metaspace: 130417K(134144K)->130417K(134144K) NonClass: 113357K(115328K)->113357K(115328K) Class: 17060K(18816K)->17060K(18816K)
[2024-01-21T00:41:25.076+0000][7][gc          ] GC(195) Pause Young (Normal) (G1 Evacuation Pause) 743M->134M(1024M) 2.557ms
[2024-01-21T00:41:25.076+0000][7][gc,cpu      ] GC(195) User=0.01s Sys=0.00s Real=0.00s
[2024-01-21T00:41:25.076+0000][7][safepoint   ] Safepoint "G1CollectForAllocation", Time since last: 156243460279 ns, Reaching safepoint: 68225 ns, At safepoint: 2651061 ns, Total: 2719286 ns
[2024-01-21T00:41:33.077+0000][7][safepoint   ] Safepoint "Cleanup", Time since last: 8001033071 ns, Reaching safepoint: 61452 ns, At safepoint: 5498 ns, Total: 66950 ns
[2024-01-21T00:44:36.930+0000][7][gc,start    ] GC(196) Pause Young (Normal) (G1 Evacuation Pause)
[2024-01-21T00:44:36.930+0000][7][gc,task     ] GC(196) Using 8 workers of 8 for evacuation
[2024-01-21T00:44:36.930+0000][7][gc,age      ] GC(196) Desired survivor size 41943040 bytes, new threshold 15 (max threshold 15)
[2024-01-21T00:44:36.932+0000][7][gc,phases   ] GC(196)   Pre Evacuate Collection Set: 0.1ms
[2024-01-21T00:44:36.932+0000][7][gc,phases   ] GC(196)   Merge Heap Roots: 0.0ms
[2024-01-21T00:44:36.932+0000][7][gc,phases   ] GC(196)   Evacuate Collection Set: 1.1ms
[2024-01-21T00:44:36.932+0000][7][gc,phases   ] GC(196)   Post Evacuate Collection Set: 0.6ms
[2024-01-21T00:44:36.932+0000][7][gc,phases   ] GC(196)   Other: 0.1ms
[2024-01-21T00:44:36.932+0000][7][gc,age      ] GC(196) Age table with threshold 15 (max threshold 15)
[2024-01-21T00:44:36.932+0000][7][gc,age      ] GC(196) - age   1:    2188000 bytes,    2188000 total
[2024-01-21T00:44:36.932+0000][7][gc,age      ] GC(196) - age   2:       1888 bytes,    2189888 total
[2024-01-21T00:44:36.932+0000][7][gc,age      ] GC(196) - age   3:       3136 bytes,    2193024 total
[2024-01-21T00:44:36.932+0000][7][gc,age      ] GC(196) - age   4:        616 bytes,    2193640 total
[2024-01-21T00:44:36.932+0000][7][gc,age      ] GC(196) - age   5:        184 bytes,    2193824 total
[2024-01-21T00:44:36.932+0000][7][gc,age      ] GC(196) - age   6:         24 bytes,    2193848 total
[2024-01-21T00:44:36.932+0000][7][gc,age      ] GC(196) - age   7:        568 bytes,    2194416 total
[2024-01-21T00:44:36.932+0000][7][gc,age      ] GC(196) - age   8:       1336 bytes,    2195752 total
[2024-01-21T00:44:36.932+0000][7][gc,age      ] GC(196) - age   9:        968 bytes,    2196720 total
[2024-01-21T00:44:36.932+0000][7][gc,age      ] GC(196) - age  10:     145192 bytes,    2341912 total
[2024-01-21T00:44:36.932+0000][7][gc,age      ] GC(196) - age  11:        184 bytes,    2342096 total
[2024-01-21T00:44:36.932+0000][7][gc,age      ] GC(196) - age  12:        120 bytes,    2342216 total
[2024-01-21T00:44:36.932+0000][7][gc,age      ] GC(196) - age  14:       6288 bytes,    2348504 total
[2024-01-21T00:44:36.932+0000][7][gc,age      ] GC(196) - age  15:      61016 bytes,    2409520 total
[2024-01-21T00:44:36.932+0000][7][gc,heap     ] GC(196) Eden regions: 152->0(152)
[2024-01-21T00:44:36.932+0000][7][gc,heap     ] GC(196) Survivor regions: 1->1(20)
[2024-01-21T00:44:36.932+0000][7][gc,heap     ] GC(196) Old regions: 33->33
[2024-01-21T00:44:36.932+0000][7][gc,heap     ] GC(196) Archive regions: 2->2
[2024-01-21T00:44:36.932+0000][7][gc,heap     ] GC(196) Humongous regions: 0->0
[2024-01-21T00:44:36.932+0000][7][gc,metaspace] GC(196) Metaspace: 130417K(134144K)->130417K(134144K) NonClass: 113357K(115328K)->113357K(115328K) Class: 17060K(18816K)->17060K(18816K)
[2024-01-21T00:44:36.932+0000][7][gc          ] GC(196) Pause Young (Normal) (G1 Evacuation Pause) 742M->135M(1024M) 2.066ms
[2024-01-21T00:44:36.932+0000][7][gc,cpu      ] GC(196) User=0.01s Sys=0.01s Real=0.00s
[2024-01-21T00:44:36.932+0000][7][safepoint   ] Safepoint "G1CollectForAllocation", Time since last: 183852690122 ns, Reaching safepoint: 36470 ns, At safepoint: 2131486 ns, Total: 2167956 ns
[2024-01-21T00:47:48.857+0000][7][gc,start    ] GC(197) Pause Young (Normal) (G1 Evacuation Pause)
[2024-01-21T00:47:48.857+0000][7][gc,task     ] GC(197) Using 8 workers of 8 for evacuation
[2024-01-21T00:47:48.857+0000][7][gc,age      ] GC(197) Desired survivor size 41943040 bytes, new threshold 15 (max threshold 15)
[2024-01-21T00:47:48.862+0000][7][gc,phases   ] GC(197)   Pre Evacuate Collection Set: 0.1ms
[2024-01-21T00:47:48.862+0000][7][gc,phases   ] GC(197)   Merge Heap Roots: 0.1ms
[2024-01-21T00:47:48.862+0000][7][gc,phases   ] GC(197)   Evacuate Collection Set: 3.3ms
[2024-01-21T00:47:48.862+0000][7][gc,phases   ] GC(197)   Post Evacuate Collection Set: 0.9ms
[2024-01-21T00:47:48.862+0000][7][gc,phases   ] GC(197)   Other: 0.2ms
[2024-01-21T00:47:48.862+0000][7][gc,age      ] GC(197) Age table with threshold 15 (max threshold 15)
[2024-01-21T00:47:48.862+0000][7][gc,age      ] GC(197) - age   1:    2161408 bytes,    2161408 total
[2024-01-21T00:47:48.862+0000][7][gc,age      ] GC(197) - age   2:       4424 bytes,    2165832 total
[2024-01-21T00:47:48.862+0000][7][gc,age      ] GC(197) - age   3:        576 bytes,    2166408 total
[2024-01-21T00:47:48.862+0000][7][gc,age      ] GC(197) - age   4:        768 bytes,    2167176 total
[2024-01-21T00:47:48.862+0000][7][gc,age      ] GC(197) - age   5:        160 bytes,    2167336 total
[2024-01-21T00:47:48.862+0000][7][gc,age      ] GC(197) - age   7:         24 bytes,    2167360 total
[2024-01-21T00:47:48.862+0000][7][gc,age      ] GC(197) - age   8:        184 bytes,    2167544 total
[2024-01-21T00:47:48.862+0000][7][gc,age      ] GC(197) - age   9:       1176 bytes,    2168720 total
[2024-01-21T00:47:48.862+0000][7][gc,age      ] GC(197) - age  10:        968 bytes,    2169688 total
[2024-01-21T00:47:48.862+0000][7][gc,age      ] GC(197) - age  11:     145192 bytes,    2314880 total
[2024-01-21T00:47:48.862+0000][7][gc,age      ] GC(197) - age  12:        184 bytes,    2315064 total
[2024-01-21T00:47:48.862+0000][7][gc,age      ] GC(197) - age  13:        120 bytes,    2315184 total
[2024-01-21T00:47:48.862+0000][7][gc,age      ] GC(197) - age  15:       6288 bytes,    2321472 total
[2024-01-21T00:47:48.862+0000][7][gc,heap     ] GC(197) Eden regions: 152->0(152)
[2024-01-21T00:47:48.862+0000][7][gc,heap     ] GC(197) Survivor regions: 1->1(20)
[2024-01-21T00:47:48.862+0000][7][gc,heap     ] GC(197) Old regions: 33->33
[2024-01-21T00:47:48.862+0000][7][gc,heap     ] GC(197) Archive regions: 2->2
[2024-01-21T00:47:48.862+0000][7][gc,heap     ] GC(197) Humongous regions: 0->0
[2024-01-21T00:47:48.862+0000][7][gc,metaspace] GC(197) Metaspace: 130418K(134144K)->130418K(134144K) NonClass: 113358K(115328K)->113358K(115328K) Class: 17060K(18816K)->17060K(18816K)
[2024-01-21T00:47:48.862+0000][7][gc          ] GC(197) Pause Young (Normal) (G1 Evacuation Pause) 743M->135M(1024M) 5.076ms
[2024-01-21T00:47:48.862+0000][7][gc,cpu      ] GC(197) User=0.01s Sys=0.01s Real=0.01s
[2024-01-21T00:47:48.862+0000][7][safepoint   ] Safepoint "G1CollectForAllocation", Time since last: 191924485060 ns, Reaching safepoint: 126212 ns, At safepoint: 5205043 ns, Total: 5331255 ns
[2024-01-21T00:48:49.869+0000][7][safepoint   ] Safepoint "Cleanup", Time since last: 61006771561 ns, Reaching safepoint: 48259 ns, At safepoint: 25826 ns, Total: 74085 ns
[2024-01-21T00:50:01.876+0000][7][safepoint   ] Safepoint "Cleanup", Time since last: 72007066562 ns, Reaching safepoint: 74871 ns, At safepoint: 44673 ns, Total: 119544 ns
[2024-01-21T00:50:54.885+0000][7][gc,start    ] GC(198) Pause Young (Normal) (G1 Evacuation Pause)
[2024-01-21T00:50:54.885+0000][7][gc,task     ] GC(198) Using 8 workers of 8 for evacuation
[2024-01-21T00:50:54.885+0000][7][gc,age      ] GC(198) Desired survivor size 41943040 bytes, new threshold 15 (max threshold 15)
[2024-01-21T00:50:54.888+0000][7][gc,phases   ] GC(198)   Pre Evacuate Collection Set: 0.1ms
[2024-01-21T00:50:54.888+0000][7][gc,phases   ] GC(198)   Merge Heap Roots: 0.1ms
[2024-01-21T00:50:54.888+0000][7][gc,phases   ] GC(198)   Evacuate Collection Set: 1.6ms
[2024-01-21T00:50:54.888+0000][7][gc,phases   ] GC(198)   Post Evacuate Collection Set: 1.0ms
[2024-01-21T00:50:54.888+0000][7][gc,phases   ] GC(198)   Other: 0.1ms
[2024-01-21T00:50:54.888+0000][7][gc,age      ] GC(198) Age table with threshold 15 (max threshold 15)
[2024-01-21T00:50:54.888+0000][7][gc,age      ] GC(198) - age   1:    1878168 bytes,    1878168 total
[2024-01-21T00:50:54.888+0000][7][gc,age      ] GC(198) - age   2:      15192 bytes,    1893360 total
[2024-01-21T00:50:54.888+0000][7][gc,age      ] GC(198) - age   3:       1144 bytes,    1894504 total
[2024-01-21T00:50:54.888+0000][7][gc,age      ] GC(198) - age   4:         32 bytes,    1894536 total
[2024-01-21T00:50:54.888+0000][7][gc,age      ] GC(198) - age   6:        160 bytes,    1894696 total
[2024-01-21T00:50:54.888+0000][7][gc,age      ] GC(198) - age   8:         24 bytes,    1894720 total
[2024-01-21T00:50:54.888+0000][7][gc,age      ] GC(198) - age   9:        184 bytes,    1894904 total
[2024-01-21T00:50:54.888+0000][7][gc,age      ] GC(198) - age  10:       1176 bytes,    1896080 total
[2024-01-21T00:50:54.888+0000][7][gc,age      ] GC(198) - age  11:        968 bytes,    1897048 total
[2024-01-21T00:50:54.888+0000][7][gc,age      ] GC(198) - age  12:     145192 bytes,    2042240 total
[2024-01-21T00:50:54.888+0000][7][gc,age      ] GC(198) - age  13:        184 bytes,    2042424 total
[2024-01-21T00:50:54.888+0000][7][gc,age      ] GC(198) - age  14:        120 bytes,    2042544 total
[2024-01-21T00:50:54.888+0000][7][gc,heap     ] GC(198) Eden regions: 152->0(152)
[2024-01-21T00:50:54.888+0000][7][gc,heap     ] GC(198) Survivor regions: 1->1(20)
[2024-01-21T00:50:54.888+0000][7][gc,heap     ] GC(198) Old regions: 33->33
[2024-01-21T00:50:54.888+0000][7][gc,heap     ] GC(198) Archive regions: 2->2
[2024-01-21T00:50:54.888+0000][7][gc,heap     ] GC(198) Humongous regions: 0->0
[2024-01-21T00:50:54.888+0000][7][gc,metaspace] GC(198) Metaspace: 130418K(134144K)->130418K(134144K) NonClass: 113358K(115328K)->113358K(115328K) Class: 17060K(18816K)->17060K(18816K)
[2024-01-21T00:50:54.888+0000][7][gc          ] GC(198) Pause Young (Normal) (G1 Evacuation Pause) 743M->135M(1024M) 3.314ms
[2024-01-21T00:50:54.888+0000][7][gc,cpu      ] GC(198) User=0.01s Sys=0.01s Real=0.00s
[2024-01-21T00:50:54.888+0000][7][safepoint   ] Safepoint "G1CollectForAllocation", Time since last: 53008436746 ns, Reaching safepoint: 106971 ns, At safepoint: 3413118 ns, Total: 3520089 ns
[2024-01-21T00:52:50.899+0000][7][safepoint   ] Safepoint "Cleanup", Time since last: 116011112292 ns, Reaching safepoint: 61089 ns, At safepoint: 30719 ns, Total: 91808 ns
[2024-01-21T00:53:36.904+0000][7][safepoint   ] Safepoint "Cleanup", Time since last: 46004318063 ns, Reaching safepoint: 61205 ns, At safepoint: 7326 ns, Total: 68531 ns
[2024-01-21T00:54:03.863+0000][7][gc,start    ] GC(199) Pause Young (Normal) (G1 Evacuation Pause)
[2024-01-21T00:54:03.863+0000][7][gc,task     ] GC(199) Using 8 workers of 8 for evacuation
[2024-01-21T00:54:03.863+0000][7][gc,age      ] GC(199) Desired survivor size 41943040 bytes, new threshold 15 (max threshold 15)
[2024-01-21T00:54:03.866+0000][7][gc,phases   ] GC(199)   Pre Evacuate Collection Set: 0.2ms
[2024-01-21T00:54:03.866+0000][7][gc,phases   ] GC(199)   Merge Heap Roots: 0.1ms
[2024-01-21T00:54:03.866+0000][7][gc,phases   ] GC(199)   Evacuate Collection Set: 1.8ms
[2024-01-21T00:54:03.866+0000][7][gc,phases   ] GC(199)   Post Evacuate Collection Set: 0.5ms
[2024-01-21T00:54:03.866+0000][7][gc,phases   ] GC(199)   Other: 0.1ms
[2024-01-21T00:54:03.866+0000][7][gc,age      ] GC(199) Age table with threshold 15 (max threshold 15)
[2024-01-21T00:54:03.866+0000][7][gc,age      ] GC(199) - age   1:    1288424 bytes,    1288424 total
[2024-01-21T00:54:03.866+0000][7][gc,age      ] GC(199) - age   2:     111024 bytes,    1399448 total
[2024-01-21T00:54:03.866+0000][7][gc,age      ] GC(199) - age   3:      12744 bytes,    1412192 total
[2024-01-21T00:54:03.866+0000][7][gc,age      ] GC(199) - age   4:        240 bytes,    1412432 total
[2024-01-21T00:54:03.866+0000][7][gc,age      ] GC(199) - age   5:         32 bytes,    1412464 total
[2024-01-21T00:54:03.866+0000][7][gc,age      ] GC(199) - age   7:        128 bytes,    1412592 total
[2024-01-21T00:54:03.866+0000][7][gc,age      ] GC(199) - age   9:         24 bytes,    1412616 total
[2024-01-21T00:54:03.866+0000][7][gc,age      ] GC(199) - age  10:        184 bytes,    1412800 total
[2024-01-21T00:54:03.866+0000][7][gc,age      ] GC(199) - age  11:       1176 bytes,    1413976 total
[2024-01-21T00:54:03.866+0000][7][gc,age      ] GC(199) - age  12:        904 bytes,    1414880 total
[2024-01-21T00:54:03.866+0000][7][gc,age      ] GC(199) - age  13:     145192 bytes,    1560072 total
[2024-01-21T00:54:03.866+0000][7][gc,age      ] GC(199) - age  15:        120 bytes,    1560192 total
[2024-01-21T00:54:03.866+0000][7][gc,heap     ] GC(199) Eden regions: 152->0(152)
[2024-01-21T00:54:03.866+0000][7][gc,heap     ] GC(199) Survivor regions: 1->1(20)
[2024-01-21T00:54:03.866+0000][7][gc,heap     ] GC(199) Old regions: 33->33
[2024-01-21T00:54:03.866+0000][7][gc,heap     ] GC(199) Archive regions: 2->2
[2024-01-21T00:54:03.866+0000][7][gc,heap     ] GC(199) Humongous regions: 0->0
[2024-01-21T00:54:03.866+0000][7][gc,metaspace] GC(199) Metaspace: 130421K(134144K)->130421K(134144K) NonClass: 113361K(115328K)->113361K(115328K) Class: 17060K(18816K)->17060K(18816K)
[2024-01-21T00:54:03.866+0000][7][gc          ] GC(199) Pause Young (Normal) (G1 Evacuation Pause) 743M->135M(1024M) 2.905ms
[2024-01-21T00:54:03.866+0000][7][gc,cpu      ] GC(199) User=0.01s Sys=0.00s Real=0.00s
[2024-01-21T00:54:03.866+0000][7][safepoint   ] Safepoint "G1CollectForAllocation", Time since last: 26959242326 ns, Reaching safepoint: 46385 ns, At safepoint: 2986530 ns, Total: 3032915 ns
[2024-01-21T00:57:06.987+0000][7][gc,start    ] GC(200) Pause Young (Normal) (G1 Evacuation Pause)
[2024-01-21T00:57:06.987+0000][7][gc,task     ] GC(200) Using 8 workers of 8 for evacuation
[2024-01-21T00:57:06.987+0000][7][gc,age      ] GC(200) Desired survivor size 41943040 bytes, new threshold 15 (max threshold 15)
[2024-01-21T00:57:06.990+0000][7][gc,phases   ] GC(200)   Pre Evacuate Collection Set: 0.1ms
[2024-01-21T00:57:06.990+0000][7][gc,phases   ] GC(200)   Merge Heap Roots: 0.1ms
[2024-01-21T00:57:06.990+0000][7][gc,phases   ] GC(200)   Evacuate Collection Set: 2.0ms
[2024-01-21T00:57:06.990+0000][7][gc,phases   ] GC(200)   Post Evacuate Collection Set: 0.7ms
[2024-01-21T00:57:06.990+0000][7][gc,phases   ] GC(200)   Other: 0.1ms
[2024-01-21T00:57:06.990+0000][7][gc,age      ] GC(200) Age table with threshold 15 (max threshold 15)
[2024-01-21T00:57:06.990+0000][7][gc,age      ] GC(200) - age   1:    1672224 bytes,    1672224 total
[2024-01-21T00:57:06.990+0000][7][gc,age      ] GC(200) - age   2:     112464 bytes,    1784688 total
[2024-01-21T00:57:06.990+0000][7][gc,age      ] GC(200) - age   3:     101120 bytes,    1885808 total
[2024-01-21T00:57:06.990+0000][7][gc,age      ] GC(200) - age   4:       4664 bytes,    1890472 total
[2024-01-21T00:57:06.990+0000][7][gc,age      ] GC(200) - age   5:        240 bytes,    1890712 total
[2024-01-21T00:57:06.990+0000][7][gc,age      ] GC(200) - age   6:         32 bytes,    1890744 total
[2024-01-21T00:57:06.990+0000][7][gc,age      ] GC(200) - age   8:        128 bytes,    1890872 total
[2024-01-21T00:57:06.990+0000][7][gc,age      ] GC(200) - age  10:         24 bytes,    1890896 total
[2024-01-21T00:57:06.990+0000][7][gc,age      ] GC(200) - age  11:        184 bytes,    1891080 total
[2024-01-21T00:57:06.990+0000][7][gc,age      ] GC(200) - age  12:       1176 bytes,    1892256 total
[2024-01-21T00:57:06.990+0000][7][gc,age      ] GC(200) - age  13:        904 bytes,    1893160 total
[2024-01-21T00:57:06.990+0000][7][gc,age      ] GC(200) - age  14:     145192 bytes,    2038352 total
[2024-01-21T00:57:06.990+0000][7][gc,heap     ] GC(200) Eden regions: 152->0(152)
[2024-01-21T00:57:06.990+0000][7][gc,heap     ] GC(200) Survivor regions: 1->1(20)
[2024-01-21T00:57:06.990+0000][7][gc,heap     ] GC(200) Old regions: 33->33
[2024-01-21T00:57:06.990+0000][7][gc,heap     ] GC(200) Archive regions: 2->2
[2024-01-21T00:57:06.990+0000][7][gc,heap     ] GC(200) Humongous regions: 0->0
[2024-01-21T00:57:06.990+0000][7][gc,metaspace] GC(200) Metaspace: 130421K(134144K)->130421K(134144K) NonClass: 113361K(115328K)->113361K(115328K) Class: 17060K(18816K)->17060K(18816K)
[2024-01-21T00:57:06.990+0000][7][gc          ] GC(200) Pause Young (Normal) (G1 Evacuation Pause) 743M->135M(1024M) 3.204ms
[2024-01-21T00:57:06.990+0000][7][gc,cpu      ] GC(200) User=0.01s Sys=0.00s Real=0.00s
[2024-01-21T00:57:06.990+0000][7][safepoint   ] Safepoint "G1CollectForAllocation", Time since last: 183121075777 ns, Reaching safepoint: 46569 ns, At safepoint: 3280527 ns, Total: 3327096 ns
[2024-01-21T01:00:18.890+0000][7][gc,start    ] GC(201) Pause Young (Normal) (G1 Evacuation Pause)
[2024-01-21T01:00:18.890+0000][7][gc,task     ] GC(201) Using 8 workers of 8 for evacuation
[2024-01-21T01:00:18.890+0000][7][gc,age      ] GC(201) Desired survivor size 41943040 bytes, new threshold 15 (max threshold 15)
[2024-01-21T01:00:18.893+0000][7][gc,phases   ] GC(201)   Pre Evacuate Collection Set: 0.1ms
[2024-01-21T01:00:18.893+0000][7][gc,phases   ] GC(201)   Merge Heap Roots: 0.1ms
[2024-01-21T01:00:18.893+0000][7][gc,phases   ] GC(201)   Evacuate Collection Set: 1.7ms
[2024-01-21T01:00:18.893+0000][7][gc,phases   ] GC(201)   Post Evacuate Collection Set: 0.7ms
[2024-01-21T01:00:18.893+0000][7][gc,phases   ] GC(201)   Other: 0.1ms
[2024-01-21T01:00:18.893+0000][7][gc,age      ] GC(201) Age table with threshold 15 (max threshold 15)
[2024-01-21T01:00:18.893+0000][7][gc,age      ] GC(201) - age   1:    1142616 bytes,    1142616 total
[2024-01-21T01:00:18.893+0000][7][gc,age      ] GC(201) - age   2:      79960 bytes,    1222576 total
[2024-01-21T01:00:18.893+0000][7][gc,age      ] GC(201) - age   3:     109672 bytes,    1332248 total
[2024-01-21T01:00:18.893+0000][7][gc,age      ] GC(201) - age   4:      99736 bytes,    1431984 total
[2024-01-21T01:00:18.893+0000][7][gc,age      ] GC(201) - age   5:       2360 bytes,    1434344 total
[2024-01-21T01:00:18.893+0000][7][gc,age      ] GC(201) - age   6:         56 bytes,    1434400 total
[2024-01-21T01:00:18.893+0000][7][gc,age      ] GC(201) - age   7:         32 bytes,    1434432 total
[2024-01-21T01:00:18.893+0000][7][gc,age      ] GC(201) - age   9:        128 bytes,    1434560 total
[2024-01-21T01:00:18.893+0000][7][gc,age      ] GC(201) - age  11:         24 bytes,    1434584 total
[2024-01-21T01:00:18.893+0000][7][gc,age      ] GC(201) - age  13:       1176 bytes,    1435760 total
[2024-01-21T01:00:18.893+0000][7][gc,age      ] GC(201) - age  14:        904 bytes,    1436664 total
[2024-01-21T01:00:18.893+0000][7][gc,age      ] GC(201) - age  15:     145192 bytes,    1581856 total
[2024-01-21T01:00:18.893+0000][7][gc,heap     ] GC(201) Eden regions: 152->0(152)
[2024-01-21T01:00:18.893+0000][7][gc,heap     ] GC(201) Survivor regions: 1->1(20)
[2024-01-21T01:00:18.893+0000][7][gc,heap     ] GC(201) Old regions: 33->33
[2024-01-21T01:00:18.893+0000][7][gc,heap     ] GC(201) Archive regions: 2->2
[2024-01-21T01:00:18.893+0000][7][gc,heap     ] GC(201) Humongous regions: 0->0
[2024-01-21T01:00:18.893+0000][7][gc,metaspace] GC(201) Metaspace: 130421K(134144K)->130421K(134144K) NonClass: 113361K(115328K)->113361K(115328K) Class: 17060K(18816K)->17060K(18816K)
[2024-01-21T01:00:18.893+0000][7][gc          ] GC(201) Pause Young (Normal) (G1 Evacuation Pause) 743M->135M(1024M) 2.855ms
[2024-01-21T01:00:18.893+0000][7][gc,cpu      ] GC(201) User=0.01s Sys=0.00s Real=0.01s
[2024-01-21T01:00:18.893+0000][7][safepoint   ] Safepoint "G1CollectForAllocation", Time since last: 191899806088 ns, Reaching safepoint: 35324 ns, At safepoint: 2932621 ns, Total: 2967945 ns
[2024-01-21T01:03:24.894+0000][7][gc,start    ] GC(202) Pause Young (Normal) (G1 Evacuation Pause)
[2024-01-21T01:03:24.894+0000][7][gc,task     ] GC(202) Using 8 workers of 8 for evacuation
[2024-01-21T01:03:24.894+0000][7][gc,age      ] GC(202) Desired survivor size 41943040 bytes, new threshold 15 (max threshold 15)
[2024-01-21T01:03:24.895+0000][7][gc,phases   ] GC(202)   Pre Evacuate Collection Set: 0.1ms
[2024-01-21T01:03:24.895+0000][7][gc,phases   ] GC(202)   Merge Heap Roots: 0.1ms
[2024-01-21T01:03:24.895+0000][7][gc,phases   ] GC(202)   Evacuate Collection Set: 0.7ms
[2024-01-21T01:03:24.895+0000][7][gc,phases   ] GC(202)   Post Evacuate Collection Set: 0.5ms
[2024-01-21T01:03:24.895+0000][7][gc,phases   ] GC(202)   Other: 0.1ms
[2024-01-21T01:03:24.895+0000][7][gc,age      ] GC(202) Age table with threshold 15 (max threshold 15)
[2024-01-21T01:03:24.895+0000][7][gc,age      ] GC(202) - age   1:     559384 bytes,     559384 total
[2024-01-21T01:03:24.895+0000][7][gc,age      ] GC(202) - age   2:      12000 bytes,     571384 total
[2024-01-21T01:03:24.895+0000][7][gc,age      ] GC(202) - age   3:      78144 bytes,     649528 total
[2024-01-21T01:03:24.895+0000][7][gc,age      ] GC(202) - age   4:     108952 bytes,     758480 total
[2024-01-21T01:03:24.895+0000][7][gc,age      ] GC(202) - age   5:      99736 bytes,     858216 total
[2024-01-21T01:03:24.895+0000][7][gc,age      ] GC(202) - age   6:       1968 bytes,     860184 total
[2024-01-21T01:03:24.895+0000][7][gc,age      ] GC(202) - age   7:         24 bytes,     860208 total
[2024-01-21T01:03:24.895+0000][7][gc,age      ] GC(202) - age   8:         32 bytes,     860240 total
[2024-01-21T01:03:24.895+0000][7][gc,age      ] GC(202) - age  10:        128 bytes,     860368 total
[2024-01-21T01:03:24.895+0000][7][gc,age      ] GC(202) - age  12:         24 bytes,     860392 total
[2024-01-21T01:03:24.895+0000][7][gc,age      ] GC(202) - age  14:       1176 bytes,     861568 total
[2024-01-21T01:03:24.895+0000][7][gc,age      ] GC(202) - age  15:        904 bytes,     862472 total
[2024-01-21T01:03:24.895+0000][7][gc,heap     ] GC(202) Eden regions: 152->0(152)
[2024-01-21T01:03:24.895+0000][7][gc,heap     ] GC(202) Survivor regions: 1->1(20)
[2024-01-21T01:03:24.895+0000][7][gc,heap     ] GC(202) Old regions: 33->33
[2024-01-21T01:03:24.895+0000][7][gc,heap     ] GC(202) Archive regions: 2->2
[2024-01-21T01:03:24.895+0000][7][gc,heap     ] GC(202) Humongous regions: 0->0
[2024-01-21T01:03:24.895+0000][7][gc,metaspace] GC(202) Metaspace: 130421K(134144K)->130421K(134144K) NonClass: 113361K(115328K)->113361K(115328K) Class: 17060K(18816K)->17060K(18816K)
[2024-01-21T01:03:24.895+0000][7][gc          ] GC(202) Pause Young (Normal) (G1 Evacuation Pause) 743M->134M(1024M) 1.623ms
[2024-01-21T01:03:24.895+0000][7][gc,cpu      ] GC(202) User=0.01s Sys=0.00s Real=0.00s
[2024-01-21T01:03:24.895+0000][7][safepoint   ] Safepoint "G1CollectForAllocation", Time since last: 186000719393 ns, Reaching safepoint: 39926 ns, At safepoint: 1696482 ns, Total: 1736408 ns
[2024-01-21T01:06:37.836+0000][7][gc,start    ] GC(203) Pause Young (Normal) (G1 Evacuation Pause)
[2024-01-21T01:06:37.836+0000][7][gc,task     ] GC(203) Using 8 workers of 8 for evacuation
[2024-01-21T01:06:37.836+0000][7][gc,age      ] GC(203) Desired survivor size 41943040 bytes, new threshold 15 (max threshold 15)
[2024-01-21T01:06:37.838+0000][7][gc,phases   ] GC(203)   Pre Evacuate Collection Set: 0.1ms
[2024-01-21T01:06:37.838+0000][7][gc,phases   ] GC(203)   Merge Heap Roots: 0.0ms
[2024-01-21T01:06:37.838+0000][7][gc,phases   ] GC(203)   Evacuate Collection Set: 1.2ms
[2024-01-21T01:06:37.838+0000][7][gc,phases   ] GC(203)   Post Evacuate Collection Set: 0.6ms
[2024-01-21T01:06:37.838+0000][7][gc,phases   ] GC(203)   Other: 0.1ms
[2024-01-21T01:06:37.838+0000][7][gc,age      ] GC(203) Age table with threshold 15 (max threshold 15)
[2024-01-21T01:06:37.838+0000][7][gc,age      ] GC(203) - age   1:    1594488 bytes,    1594488 total
[2024-01-21T01:06:37.838+0000][7][gc,age      ] GC(203) - age   2:      17184 bytes,    1611672 total
[2024-01-21T01:06:37.838+0000][7][gc,age      ] GC(203) - age   3:       9536 bytes,    1621208 total
[2024-01-21T01:06:37.838+0000][7][gc,age      ] GC(203) - age   4:      77888 bytes,    1699096 total
[2024-01-21T01:06:37.838+0000][7][gc,age      ] GC(203) - age   5:     108952 bytes,    1808048 total
[2024-01-21T01:06:37.838+0000][7][gc,age      ] GC(203) - age   6:      99736 bytes,    1907784 total
[2024-01-21T01:06:37.838+0000][7][gc,age      ] GC(203) - age   7:       1400 bytes,    1909184 total
[2024-01-21T01:06:37.838+0000][7][gc,age      ] GC(203) - age   8:         24 bytes,    1909208 total
[2024-01-21T01:06:37.838+0000][7][gc,age      ] GC(203) - age   9:         32 bytes,    1909240 total
[2024-01-21T01:06:37.838+0000][7][gc,age      ] GC(203) - age  11:        128 bytes,    1909368 total
[2024-01-21T01:06:37.838+0000][7][gc,age      ] GC(203) - age  13:         24 bytes,    1909392 total
[2024-01-21T01:06:37.838+0000][7][gc,age      ] GC(203) - age  15:       1176 bytes,    1910568 total
[2024-01-21T01:06:37.838+0000][7][gc,heap     ] GC(203) Eden regions: 152->0(152)
[2024-01-21T01:06:37.838+0000][7][gc,heap     ] GC(203) Survivor regions: 1->1(20)
[2024-01-21T01:06:37.838+0000][7][gc,heap     ] GC(203) Old regions: 33->33
[2024-01-21T01:06:37.838+0000][7][gc,heap     ] GC(203) Archive regions: 2->2
[2024-01-21T01:06:37.838+0000][7][gc,heap     ] GC(203) Humongous regions: 0->0
[2024-01-21T01:06:37.838+0000][7][gc,metaspace] GC(203) Metaspace: 130421K(134144K)->130421K(134144K) NonClass: 113361K(115328K)->113361K(115328K) Class: 17060K(18816K)->17060K(18816K)
[2024-01-21T01:06:37.838+0000][7][gc          ] GC(203) Pause Young (Normal) (G1 Evacuation Pause) 742M->135M(1024M) 2.228ms
[2024-01-21T01:06:37.838+0000][7][gc,cpu      ] GC(203) User=0.01s Sys=0.00s Real=0.00s
[2024-01-21T01:06:37.838+0000][7][safepoint   ] Safepoint "G1CollectForAllocation", Time since last: 192940084541 ns, Reaching safepoint: 26002 ns, At safepoint: 2289266 ns, Total: 2315268 ns
[2024-01-21T01:06:50.839+0000][7][safepoint   ] Safepoint "Cleanup", Time since last: 13001219787 ns, Reaching safepoint: 42058 ns, At safepoint: 6060 ns, Total: 48118 ns
[2024-01-21T01:09:48.888+0000][7][gc,start    ] GC(204) Pause Young (Normal) (G1 Evacuation Pause)
[2024-01-21T01:09:48.888+0000][7][gc,task     ] GC(204) Using 8 workers of 8 for evacuation
[2024-01-21T01:09:48.888+0000][7][gc,age      ] GC(204) Desired survivor size 41943040 bytes, new threshold 15 (max threshold 15)
[2024-01-21T01:09:48.891+0000][7][gc,phases   ] GC(204)   Pre Evacuate Collection Set: 0.1ms
[2024-01-21T01:09:48.891+0000][7][gc,phases   ] GC(204)   Merge Heap Roots: 0.1ms
[2024-01-21T01:09:48.891+0000][7][gc,phases   ] GC(204)   Evacuate Collection Set: 1.7ms
[2024-01-21T01:09:48.891+0000][7][gc,phases   ] GC(204)   Post Evacuate Collection Set: 0.7ms
[2024-01-21T01:09:48.891+0000][7][gc,phases   ] GC(204)   Other: 0.1ms
[2024-01-21T01:09:48.891+0000][7][gc,age      ] GC(204) Age table with threshold 15 (max threshold 15)
[2024-01-21T01:09:48.891+0000][7][gc,age      ] GC(204) - age   1:    1456152 bytes,    1456152 total
[2024-01-21T01:09:48.891+0000][7][gc,age      ] GC(204) - age   2:       2784 bytes,    1458936 total
[2024-01-21T01:09:48.891+0000][7][gc,age      ] GC(204) - age   3:       7720 bytes,    1466656 total
[2024-01-21T01:09:48.891+0000][7][gc,age      ] GC(204) - age   4:       6336 bytes,    1472992 total
[2024-01-21T01:09:48.891+0000][7][gc,age      ] GC(204) - age   5:      77704 bytes,    1550696 total
[2024-01-21T01:09:48.891+0000][7][gc,age      ] GC(204) - age   6:     108872 bytes,    1659568 total
[2024-01-21T01:09:48.891+0000][7][gc,age      ] GC(204) - age   7:      99736 bytes,    1759304 total
[2024-01-21T01:09:48.891+0000][7][gc,age      ] GC(204) - age   8:       1400 bytes,    1760704 total
[2024-01-21T01:09:48.891+0000][7][gc,age      ] GC(204) - age   9:         24 bytes,    1760728 total
[2024-01-21T01:09:48.891+0000][7][gc,age      ] GC(204) - age  10:         32 bytes,    1760760 total
[2024-01-21T01:09:48.891+0000][7][gc,age      ] GC(204) - age  12:        128 bytes,    1760888 total
[2024-01-21T01:09:48.891+0000][7][gc,age      ] GC(204) - age  14:         24 bytes,    1760912 total
[2024-01-21T01:09:48.891+0000][7][gc,heap     ] GC(204) Eden regions: 152->0(152)
[2024-01-21T01:09:48.891+0000][7][gc,heap     ] GC(204) Survivor regions: 1->1(20)
[2024-01-21T01:09:48.891+0000][7][gc,heap     ] GC(204) Old regions: 33->33
[2024-01-21T01:09:48.891+0000][7][gc,heap     ] GC(204) Archive regions: 2->2
[2024-01-21T01:09:48.891+0000][7][gc,heap     ] GC(204) Humongous regions: 0->0
[2024-01-21T01:09:48.891+0000][7][gc,metaspace] GC(204) Metaspace: 130421K(134144K)->130421K(134144K) NonClass: 113361K(115328K)->113361K(115328K) Class: 17060K(18816K)->17060K(18816K)
[2024-01-21T01:09:48.892+0000][7][gc          ] GC(204) Pause Young (Normal) (G1 Evacuation Pause) 743M->135M(1024M) 3.095ms
[2024-01-21T01:09:48.892+0000][7][gc,cpu      ] GC(204) User=0.02s Sys=0.00s Real=0.00s
[2024-01-21T01:09:48.892+0000][7][safepoint   ] Safepoint "G1CollectForAllocation", Time since last: 178049195047 ns, Reaching safepoint: 49090 ns, At safepoint: 3191248 ns, Total: 3240338 ns
[2024-01-21T01:12:49.527+0000][7][gc,start    ] GC(205) Pause Young (Normal) (G1 Evacuation Pause)
[2024-01-21T01:12:49.528+0000][7][gc,task     ] GC(205) Using 8 workers of 8 for evacuation
[2024-01-21T01:12:49.528+0000][7][gc,age      ] GC(205) Desired survivor size 41943040 bytes, new threshold 15 (max threshold 15)
[2024-01-21T01:12:49.530+0000][7][gc,phases   ] GC(205)   Pre Evacuate Collection Set: 0.1ms
[2024-01-21T01:12:49.530+0000][7][gc,phases   ] GC(205)   Merge Heap Roots: 0.1ms
[2024-01-21T01:12:49.530+0000][7][gc,phases   ] GC(205)   Evacuate Collection Set: 1.3ms
[2024-01-21T01:12:49.530+0000][7][gc,phases   ] GC(205)   Post Evacuate Collection Set: 0.8ms
[2024-01-21T01:12:49.530+0000][7][gc,phases   ] GC(205)   Other: 0.1ms
[2024-01-21T01:12:49.530+0000][7][gc,age      ] GC(205) Age table with threshold 15 (max threshold 15)
[2024-01-21T01:12:49.530+0000][7][gc,age      ] GC(205) - age   1:    1101464 bytes,    1101464 total
[2024-01-21T01:12:49.530+0000][7][gc,age      ] GC(205) - age   2:      14256 bytes,    1115720 total
[2024-01-21T01:12:49.530+0000][7][gc,age      ] GC(205) - age   3:       1216 bytes,    1116936 total
[2024-01-21T01:12:49.530+0000][7][gc,age      ] GC(205) - age   4:       7656 bytes,    1124592 total
[2024-01-21T01:12:49.530+0000][7][gc,age      ] GC(205) - age   5:       6312 bytes,    1130904 total
[2024-01-21T01:12:49.530+0000][7][gc,age      ] GC(205) - age   6:      77704 bytes,    1208608 total
[2024-01-21T01:12:49.530+0000][7][gc,age      ] GC(205) - age   7:     108688 bytes,    1317296 total
[2024-01-21T01:12:49.530+0000][7][gc,age      ] GC(205) - age   8:      99736 bytes,    1417032 total
[2024-01-21T01:12:49.530+0000][7][gc,age      ] GC(205) - age   9:       1336 bytes,    1418368 total
[2024-01-21T01:12:49.530+0000][7][gc,age      ] GC(205) - age  10:         24 bytes,    1418392 total
[2024-01-21T01:12:49.530+0000][7][gc,age      ] GC(205) - age  11:         32 bytes,    1418424 total
[2024-01-21T01:12:49.530+0000][7][gc,age      ] GC(205) - age  13:        128 bytes,    1418552 total
[2024-01-21T01:12:49.530+0000][7][gc,age      ] GC(205) - age  15:         24 bytes,    1418576 total
[2024-01-21T01:12:49.530+0000][7][gc,heap     ] GC(205) Eden regions: 152->0(152)
[2024-01-21T01:12:49.530+0000][7][gc,heap     ] GC(205) Survivor regions: 1->1(20)
[2024-01-21T01:12:49.530+0000][7][gc,heap     ] GC(205) Old regions: 33->33
[2024-01-21T01:12:49.530+0000][7][gc,heap     ] GC(205) Archive regions: 2->2
[2024-01-21T01:12:49.530+0000][7][gc,heap     ] GC(205) Humongous regions: 0->0
[2024-01-21T01:12:49.530+0000][7][gc,metaspace] GC(205) Metaspace: 130424K(134144K)->130424K(134144K) NonClass: 113364K(115328K)->113364K(115328K) Class: 17060K(18816K)->17060K(18816K)
[2024-01-21T01:12:49.530+0000][7][gc          ] GC(205) Pause Young (Normal) (G1 Evacuation Pause) 743M->135M(1024M) 2.789ms
[2024-01-21T01:12:49.530+0000][7][gc,cpu      ] GC(205) User=0.01s Sys=0.00s Real=0.00s
[2024-01-21T01:12:49.530+0000][7][safepoint   ] Safepoint "G1CollectForAllocation", Time since last: 180635789581 ns, Reaching safepoint: 44385 ns, At safepoint: 2888622 ns, Total: 2933007 ns
[2024-01-21T01:13:04.533+0000][7][safepoint   ] Safepoint "Cleanup", Time since last: 15002199128 ns, Reaching safepoint: 75474 ns, At safepoint: 6697 ns, Total: 82171 ns
[2024-01-21T01:15:43.039+0000][7][gc,start    ] GC(206) Pause Young (Normal) (G1 Evacuation Pause)
[2024-01-21T01:15:43.039+0000][7][gc,task     ] GC(206) Using 8 workers of 8 for evacuation
[2024-01-21T01:15:43.039+0000][7][gc,age      ] GC(206) Desired survivor size 41943040 bytes, new threshold 15 (max threshold 15)
[2024-01-21T01:15:43.041+0000][7][gc,phases   ] GC(206)   Pre Evacuate Collection Set: 0.1ms
[2024-01-21T01:15:43.041+0000][7][gc,phases   ] GC(206)   Merge Heap Roots: 0.0ms
[2024-01-21T01:15:43.041+0000][7][gc,phases   ] GC(206)   Evacuate Collection Set: 1.2ms
[2024-01-21T01:15:43.041+0000][7][gc,phases   ] GC(206)   Post Evacuate Collection Set: 0.5ms
[2024-01-21T01:15:43.041+0000][7][gc,phases   ] GC(206)   Other: 0.1ms
[2024-01-21T01:15:43.041+0000][7][gc,age      ] GC(206) Age table with threshold 15 (max threshold 15)
[2024-01-21T01:15:43.041+0000][7][gc,age      ] GC(206) - age   1:    2400336 bytes,    2400336 total
[2024-01-21T01:15:43.041+0000][7][gc,age      ] GC(206) - age   2:      21000 bytes,    2421336 total
[2024-01-21T01:15:43.041+0000][7][gc,age      ] GC(206) - age   3:       3656 bytes,    2424992 total
[2024-01-21T01:15:43.041+0000][7][gc,age      ] GC(206) - age   4:        664 bytes,    2425656 total
[2024-01-21T01:15:43.041+0000][7][gc,age      ] GC(206) - age   5:       6912 bytes,    2432568 total
[2024-01-21T01:15:43.041+0000][7][gc,age      ] GC(206) - age   6:       6312 bytes,    2438880 total
[2024-01-21T01:15:43.041+0000][7][gc,age      ] GC(206) - age   7:      74008 bytes,    2512888 total
[2024-01-21T01:15:43.041+0000][7][gc,age      ] GC(206) - age   8:     108688 bytes,    2621576 total
[2024-01-21T01:15:43.041+0000][7][gc,age      ] GC(206) - age   9:      99736 bytes,    2721312 total
[2024-01-21T01:15:43.041+0000][7][gc,age      ] GC(206) - age  10:       1056 bytes,    2722368 total
[2024-01-21T01:15:43.041+0000][7][gc,age      ] GC(206) - age  11:         24 bytes,    2722392 total
[2024-01-21T01:15:43.041+0000][7][gc,age      ] GC(206) - age  14:        128 bytes,    2722520 total
[2024-01-21T01:15:43.041+0000][7][gc,heap     ] GC(206) Eden regions: 152->0(152)
[2024-01-21T01:15:43.041+0000][7][gc,heap     ] GC(206) Survivor regions: 1->1(20)
[2024-01-21T01:15:43.041+0000][7][gc,heap     ] GC(206) Old regions: 33->33
[2024-01-21T01:15:43.041+0000][7][gc,heap     ] GC(206) Archive regions: 2->2
[2024-01-21T01:15:43.041+0000][7][gc,heap     ] GC(206) Humongous regions: 0->0
[2024-01-21T01:15:43.041+0000][7][gc,metaspace] GC(206) Metaspace: 130426K(134144K)->130426K(134144K) NonClass: 113366K(115328K)->113366K(115328K) Class: 17060K(18816K)->17060K(18816K)
[2024-01-21T01:15:43.041+0000][7][gc          ] GC(206) Pause Young (Normal) (G1 Evacuation Pause) 743M->136M(1024M) 2.072ms
[2024-01-21T01:15:43.041+0000][7][gc,cpu      ] GC(206) User=0.01s Sys=0.00s Real=0.01s
[2024-01-21T01:15:43.041+0000][7][safepoint   ] Safepoint "G1CollectForAllocation", Time since last: 158506372478 ns, Reaching safepoint: 37308 ns, At safepoint: 2140339 ns, Total: 2177647 ns
[2024-01-21T01:18:49.381+0000][7][gc,start    ] GC(207) Pause Young (Normal) (G1 Evacuation Pause)
[2024-01-21T01:18:49.381+0000][7][gc,task     ] GC(207) Using 8 workers of 8 for evacuation
[2024-01-21T01:18:49.381+0000][7][gc,age      ] GC(207) Desired survivor size 41943040 bytes, new threshold 15 (max threshold 15)
[2024-01-21T01:18:49.383+0000][7][gc,phases   ] GC(207)   Pre Evacuate Collection Set: 0.1ms
[2024-01-21T01:18:49.383+0000][7][gc,phases   ] GC(207)   Merge Heap Roots: 0.1ms
[2024-01-21T01:18:49.383+0000][7][gc,phases   ] GC(207)   Evacuate Collection Set: 1.1ms
[2024-01-21T01:18:49.383+0000][7][gc,phases   ] GC(207)   Post Evacuate Collection Set: 0.5ms
[2024-01-21T01:18:49.383+0000][7][gc,phases   ] GC(207)   Other: 0.1ms
[2024-01-21T01:18:49.383+0000][7][gc,age      ] GC(207) Age table with threshold 15 (max threshold 15)
[2024-01-21T01:18:49.383+0000][7][gc,age      ] GC(207) - age   1:    1796872 bytes,    1796872 total
[2024-01-21T01:18:49.383+0000][7][gc,age      ] GC(207) - age   2:     237352 bytes,    2034224 total
[2024-01-21T01:18:49.383+0000][7][gc,age      ] GC(207) - age   3:      17832 bytes,    2052056 total
[2024-01-21T01:18:49.383+0000][7][gc,age      ] GC(207) - age   4:        488 bytes,    2052544 total
[2024-01-21T01:18:49.383+0000][7][gc,age      ] GC(207) - age   5:        600 bytes,    2053144 total
[2024-01-21T01:18:49.383+0000][7][gc,age      ] GC(207) - age   6:       6336 bytes,    2059480 total
[2024-01-21T01:18:49.383+0000][7][gc,age      ] GC(207) - age   7:       6312 bytes,    2065792 total
[2024-01-21T01:18:49.383+0000][7][gc,age      ] GC(207) - age   8:      74008 bytes,    2139800 total
[2024-01-21T01:18:49.383+0000][7][gc,age      ] GC(207) - age   9:     108624 bytes,    2248424 total
[2024-01-21T01:18:49.383+0000][7][gc,age      ] GC(207) - age  10:      99736 bytes,    2348160 total
[2024-01-21T01:18:49.383+0000][7][gc,age      ] GC(207) - age  11:       1024 bytes,    2349184 total
[2024-01-21T01:18:49.383+0000][7][gc,age      ] GC(207) - age  12:         24 bytes,    2349208 total
[2024-01-21T01:18:49.383+0000][7][gc,age      ] GC(207) - age  15:        128 bytes,    2349336 total
[2024-01-21T01:18:49.383+0000][7][gc,heap     ] GC(207) Eden regions: 152->0(152)
[2024-01-21T01:18:49.383+0000][7][gc,heap     ] GC(207) Survivor regions: 1->1(20)
[2024-01-21T01:18:49.383+0000][7][gc,heap     ] GC(207) Old regions: 33->33
[2024-01-21T01:18:49.383+0000][7][gc,heap     ] GC(207) Archive regions: 2->2
[2024-01-21T01:18:49.383+0000][7][gc,heap     ] GC(207) Humongous regions: 0->0
[2024-01-21T01:18:49.383+0000][7][gc,metaspace] GC(207) Metaspace: 130426K(134144K)->130426K(134144K) NonClass: 113366K(115328K)->113366K(115328K) Class: 17060K(18816K)->17060K(18816K)
[2024-01-21T01:18:49.383+0000][7][gc          ] GC(207) Pause Young (Normal) (G1 Evacuation Pause) 744M->136M(1024M) 1.979ms
[2024-01-21T01:18:49.383+0000][7][gc,cpu      ] GC(207) User=0.01s Sys=0.00s Real=0.00s
[2024-01-21T01:18:49.383+0000][7][safepoint   ] Safepoint "G1CollectForAllocation", Time since last: 186339909890 ns, Reaching safepoint: 35011 ns, At safepoint: 2057650 ns, Total: 2092661 ns
[2024-01-21T01:21:50.404+0000][7][safepoint   ] Safepoint "Cleanup", Time since last: 181020975274 ns, Reaching safepoint: 85774 ns, At safepoint: 51086 ns, Total: 136860 ns
[2024-01-21T01:21:57.505+0000][7][gc,start    ] GC(208) Pause Young (Normal) (G1 Evacuation Pause)
[2024-01-21T01:21:57.505+0000][7][gc,task     ] GC(208) Using 8 workers of 8 for evacuation
[2024-01-21T01:21:57.505+0000][7][gc,age      ] GC(208) Desired survivor size 41943040 bytes, new threshold 15 (max threshold 15)
[2024-01-21T01:21:57.508+0000][7][gc,phases   ] GC(208)   Pre Evacuate Collection Set: 0.1ms
[2024-01-21T01:21:57.508+0000][7][gc,phases   ] GC(208)   Merge Heap Roots: 0.1ms
[2024-01-21T01:21:57.508+0000][7][gc,phases   ] GC(208)   Evacuate Collection Set: 2.0ms
[2024-01-21T01:21:57.508+0000][7][gc,phases   ] GC(208)   Post Evacuate Collection Set: 0.6ms
[2024-01-21T01:21:57.508+0000][7][gc,phases   ] GC(208)   Other: 0.1ms
[2024-01-21T01:21:57.508+0000][7][gc,age      ] GC(208) Age table with threshold 15 (max threshold 15)
[2024-01-21T01:21:57.508+0000][7][gc,age      ] GC(208) - age   1:    1270808 bytes,    1270808 total
[2024-01-21T01:21:57.508+0000][7][gc,age      ] GC(208) - age   2:       7272 bytes,    1278080 total
[2024-01-21T01:21:57.508+0000][7][gc,age      ] GC(208) - age   3:     233672 bytes,    1511752 total
[2024-01-21T01:21:57.508+0000][7][gc,age      ] GC(208) - age   4:      17512 bytes,    1529264 total
[2024-01-21T01:21:57.508+0000][7][gc,age      ] GC(208) - age   5:        488 bytes,    1529752 total
[2024-01-21T01:21:57.508+0000][7][gc,age      ] GC(208) - age   6:        416 bytes,    1530168 total
[2024-01-21T01:21:57.508+0000][7][gc,age      ] GC(208) - age   7:       6336 bytes,    1536504 total
[2024-01-21T01:21:57.508+0000][7][gc,age      ] GC(208) - age   8:       6312 bytes,    1542816 total
[2024-01-21T01:21:57.508+0000][7][gc,age      ] GC(208) - age   9:      74008 bytes,    1616824 total
[2024-01-21T01:21:57.508+0000][7][gc,age      ] GC(208) - age  10:     108624 bytes,    1725448 total
[2024-01-21T01:21:57.508+0000][7][gc,age      ] GC(208) - age  11:      99736 bytes,    1825184 total
[2024-01-21T01:21:57.508+0000][7][gc,age      ] GC(208) - age  12:       1024 bytes,    1826208 total
[2024-01-21T01:21:57.508+0000][7][gc,age      ] GC(208) - age  13:         24 bytes,    1826232 total
[2024-01-21T01:21:57.508+0000][7][gc,heap     ] GC(208) Eden regions: 152->0(152)
[2024-01-21T01:21:57.508+0000][7][gc,heap     ] GC(208) Survivor regions: 1->1(20)
[2024-01-21T01:21:57.508+0000][7][gc,heap     ] GC(208) Old regions: 33->33
[2024-01-21T01:21:57.508+0000][7][gc,heap     ] GC(208) Archive regions: 2->2
[2024-01-21T01:21:57.508+0000][7][gc,heap     ] GC(208) Humongous regions: 0->0
[2024-01-21T01:21:57.508+0000][7][gc,metaspace] GC(208) Metaspace: 130430K(134144K)->130430K(134144K) NonClass: 113369K(115328K)->113369K(115328K) Class: 17060K(18816K)->17060K(18816K)
[2024-01-21T01:21:57.508+0000][7][gc          ] GC(208) Pause Young (Normal) (G1 Evacuation Pause) 744M->135M(1024M) 2.998ms
[2024-01-21T01:21:57.508+0000][7][gc,cpu      ] GC(208) User=0.00s Sys=0.01s Real=0.00s
[2024-01-21T01:21:57.508+0000][7][safepoint   ] Safepoint "G1CollectForAllocation", Time since last: 7100627485 ns, Reaching safepoint: 31521 ns, At safepoint: 3080105 ns, Total: 3111626 ns
[2024-01-21T01:24:50.525+0000][7][safepoint   ] Safepoint "Cleanup", Time since last: 173016971557 ns, Reaching safepoint: 60387 ns, At safepoint: 34867 ns, Total: 95254 ns
[2024-01-21T01:25:01.074+0000][7][gc,start    ] GC(209) Pause Young (Normal) (G1 Evacuation Pause)
[2024-01-21T01:25:01.074+0000][7][gc,task     ] GC(209) Using 8 workers of 8 for evacuation
[2024-01-21T01:25:01.074+0000][7][gc,age      ] GC(209) Desired survivor size 41943040 bytes, new threshold 15 (max threshold 15)
[2024-01-21T01:25:01.077+0000][7][gc,phases   ] GC(209)   Pre Evacuate Collection Set: 0.1ms
[2024-01-21T01:25:01.077+0000][7][gc,phases   ] GC(209)   Merge Heap Roots: 0.1ms
[2024-01-21T01:25:01.077+0000][7][gc,phases   ] GC(209)   Evacuate Collection Set: 1.3ms
[2024-01-21T01:25:01.077+0000][7][gc,phases   ] GC(209)   Post Evacuate Collection Set: 0.7ms
[2024-01-21T01:25:01.077+0000][7][gc,phases   ] GC(209)   Other: 0.1ms
[2024-01-21T01:25:01.077+0000][7][gc,age      ] GC(209) Age table with threshold 15 (max threshold 15)
[2024-01-21T01:25:01.077+0000][7][gc,age      ] GC(209) - age   1:    1319128 bytes,    1319128 total
[2024-01-21T01:25:01.077+0000][7][gc,age      ] GC(209) - age   2:       3984 bytes,    1323112 total
[2024-01-21T01:25:01.077+0000][7][gc,age      ] GC(209) - age   3:       4904 bytes,    1328016 total
[2024-01-21T01:25:01.077+0000][7][gc,age      ] GC(209) - age   4:     224592 bytes,    1552608 total
[2024-01-21T01:25:01.077+0000][7][gc,age      ] GC(209) - age   5:      17352 bytes,    1569960 total
[2024-01-21T01:25:01.077+0000][7][gc,age      ] GC(209) - age   6:        456 bytes,    1570416 total
[2024-01-21T01:25:01.077+0000][7][gc,age      ] GC(209) - age   7:         32 bytes,    1570448 total
[2024-01-21T01:25:01.077+0000][7][gc,age      ] GC(209) - age   8:       6304 bytes,    1576752 total
[2024-01-21T01:25:01.077+0000][7][gc,age      ] GC(209) - age   9:       6312 bytes,    1583064 total
[2024-01-21T01:25:01.077+0000][7][gc,age      ] GC(209) - age  10:      74008 bytes,    1657072 total
[2024-01-21T01:25:01.077+0000][7][gc,age      ] GC(209) - age  11:     108624 bytes,    1765696 total
[2024-01-21T01:25:01.077+0000][7][gc,age      ] GC(209) - age  12:      99736 bytes,    1865432 total
[2024-01-21T01:25:01.077+0000][7][gc,age      ] GC(209) - age  13:       1024 bytes,    1866456 total
[2024-01-21T01:25:01.077+0000][7][gc,age      ] GC(209) - age  14:         24 bytes,    1866480 total
[2024-01-21T01:25:01.077+0000][7][gc,heap     ] GC(209) Eden regions: 152->0(152)
[2024-01-21T01:25:01.077+0000][7][gc,heap     ] GC(209) Survivor regions: 1->1(20)
[2024-01-21T01:25:01.077+0000][7][gc,heap     ] GC(209) Old regions: 33->33
[2024-01-21T01:25:01.077+0000][7][gc,heap     ] GC(209) Archive regions: 2->2
[2024-01-21T01:25:01.077+0000][7][gc,heap     ] GC(209) Humongous regions: 0->0
[2024-01-21T01:25:01.077+0000][7][gc,metaspace] GC(209) Metaspace: 130433K(134144K)->130433K(134144K) NonClass: 113373K(115328K)->113373K(115328K) Class: 17060K(18816K)->17060K(18816K)
[2024-01-21T01:25:01.077+0000][7][gc          ] GC(209) Pause Young (Normal) (G1 Evacuation Pause) 743M->135M(1024M) 2.665ms
[2024-01-21T01:25:01.077+0000][7][gc,cpu      ] GC(209) User=0.01s Sys=0.00s Real=0.00s
[2024-01-21T01:25:01.077+0000][7][safepoint   ] Safepoint "G1CollectForAllocation", Time since last: 10549246882 ns, Reaching safepoint: 49051 ns, At safepoint: 2755476 ns, Total: 2804527 ns
[2024-01-21T01:27:54.982+0000][7][gc,start    ] GC(210) Pause Young (Normal) (G1 Evacuation Pause)
[2024-01-21T01:27:54.982+0000][7][gc,task     ] GC(210) Using 8 workers of 8 for evacuation
[2024-01-21T01:27:54.982+0000][7][gc,age      ] GC(210) Desired survivor size 41943040 bytes, new threshold 15 (max threshold 15)
[2024-01-21T01:27:54.984+0000][7][gc,phases   ] GC(210)   Pre Evacuate Collection Set: 0.1ms
[2024-01-21T01:27:54.984+0000][7][gc,phases   ] GC(210)   Merge Heap Roots: 0.1ms
[2024-01-21T01:27:54.984+0000][7][gc,phases   ] GC(210)   Evacuate Collection Set: 1.3ms
[2024-01-21T01:27:54.984+0000][7][gc,phases   ] GC(210)   Post Evacuate Collection Set: 0.7ms
[2024-01-21T01:27:54.984+0000][7][gc,phases   ] GC(210)   Other: 0.1ms
[2024-01-21T01:27:54.984+0000][7][gc,age      ] GC(210) Age table with threshold 15 (max threshold 15)
[2024-01-21T01:27:54.984+0000][7][gc,age      ] GC(210) - age   1:    1295384 bytes,    1295384 total
[2024-01-21T01:27:54.984+0000][7][gc,age      ] GC(210) - age   2:       4896 bytes,    1300280 total
[2024-01-21T01:27:54.984+0000][7][gc,age      ] GC(210) - age   3:        280 bytes,    1300560 total
[2024-01-21T01:27:54.984+0000][7][gc,age      ] GC(210) - age   4:       2048 bytes,    1302608 total
[2024-01-21T01:27:54.984+0000][7][gc,age      ] GC(210) - age   5:     224528 bytes,    1527136 total
[2024-01-21T01:27:54.984+0000][7][gc,age      ] GC(210) - age   6:       1200 bytes,    1528336 total
[2024-01-21T01:27:54.984+0000][7][gc,age      ] GC(210) - age   7:        456 bytes,    1528792 total
[2024-01-21T01:27:54.984+0000][7][gc,age      ] GC(210) - age   8:         32 bytes,    1528824 total
[2024-01-21T01:27:54.984+0000][7][gc,age      ] GC(210) - age   9:       6304 bytes,    1535128 total
[2024-01-21T01:27:54.984+0000][7][gc,age      ] GC(210) - age  10:       6312 bytes,    1541440 total
[2024-01-21T01:27:54.984+0000][7][gc,age      ] GC(210) - age  11:      74008 bytes,    1615448 total
[2024-01-21T01:27:54.984+0000][7][gc,age      ] GC(210) - age  12:     108624 bytes,    1724072 total
[2024-01-21T01:27:54.984+0000][7][gc,age      ] GC(210) - age  13:      99736 bytes,    1823808 total
[2024-01-21T01:27:54.984+0000][7][gc,age      ] GC(210) - age  14:       1024 bytes,    1824832 total
[2024-01-21T01:27:54.984+0000][7][gc,age      ] GC(210) - age  15:         24 bytes,    1824856 total
[2024-01-21T01:27:54.984+0000][7][gc,heap     ] GC(210) Eden regions: 152->0(152)
[2024-01-21T01:27:54.984+0000][7][gc,heap     ] GC(210) Survivor regions: 1->1(20)
[2024-01-21T01:27:54.984+0000][7][gc,heap     ] GC(210) Old regions: 33->33
[2024-01-21T01:27:54.984+0000][7][gc,heap     ] GC(210) Archive regions: 2->2
[2024-01-21T01:27:54.984+0000][7][gc,heap     ] GC(210) Humongous regions: 0->0
[2024-01-21T01:27:54.984+0000][7][gc,metaspace] GC(210) Metaspace: 130433K(134144K)->130433K(134144K) NonClass: 113373K(115328K)->113373K(115328K) Class: 17060K(18816K)->17060K(18816K)
[2024-01-21T01:27:54.984+0000][7][gc          ] GC(210) Pause Young (Normal) (G1 Evacuation Pause) 743M->135M(1024M) 2.581ms
[2024-01-21T01:27:54.985+0000][7][gc,cpu      ] GC(210) User=0.01s Sys=0.00s Real=0.00s
[2024-01-21T01:27:54.985+0000][7][safepoint   ] Safepoint "G1CollectForAllocation", Time since last: 173904731277 ns, Reaching safepoint: 47482 ns, At safepoint: 2684714 ns, Total: 2732196 ns
[2024-01-21T01:31:00.990+0000][7][gc,start    ] GC(211) Pause Young (Normal) (G1 Evacuation Pause)
[2024-01-21T01:31:00.990+0000][7][gc,task     ] GC(211) Using 8 workers of 8 for evacuation
[2024-01-21T01:31:00.990+0000][7][gc,age      ] GC(211) Desired survivor size 41943040 bytes, new threshold 15 (max threshold 15)
[2024-01-21T01:31:00.992+0000][7][gc,phases   ] GC(211)   Pre Evacuate Collection Set: 0.1ms
[2024-01-21T01:31:00.992+0000][7][gc,phases   ] GC(211)   Merge Heap Roots: 0.1ms
[2024-01-21T01:31:00.992+0000][7][gc,phases   ] GC(211)   Evacuate Collection Set: 1.0ms
[2024-01-21T01:31:00.992+0000][7][gc,phases   ] GC(211)   Post Evacuate Collection Set: 0.6ms
[2024-01-21T01:31:00.992+0000][7][gc,phases   ] GC(211)   Other: 0.1ms
[2024-01-21T01:31:00.992+0000][7][gc,age      ] GC(211) Age table with threshold 15 (max threshold 15)
[2024-01-21T01:31:00.992+0000][7][gc,age      ] GC(211) - age   1:     539968 bytes,     539968 total
[2024-01-21T01:31:00.992+0000][7][gc,age      ] GC(211) - age   2:       5536 bytes,     545504 total
[2024-01-21T01:31:00.992+0000][7][gc,age      ] GC(211) - age   3:       1824 bytes,     547328 total
[2024-01-21T01:31:00.992+0000][7][gc,age      ] GC(211) - age   4:        152 bytes,     547480 total
[2024-01-21T01:31:00.992+0000][7][gc,age      ] GC(211) - age   5:       1280 bytes,     548760 total
[2024-01-21T01:31:00.992+0000][7][gc,age      ] GC(211) - age   6:     224392 bytes,     773152 total
[2024-01-21T01:31:00.992+0000][7][gc,age      ] GC(211) - age   7:       1016 bytes,     774168 total
[2024-01-21T01:31:00.992+0000][7][gc,age      ] GC(211) - age   8:        456 bytes,     774624 total
[2024-01-21T01:31:00.992+0000][7][gc,age      ] GC(211) - age   9:         32 bytes,     774656 total
[2024-01-21T01:31:00.992+0000][7][gc,age      ] GC(211) - age  10:       6304 bytes,     780960 total
[2024-01-21T01:31:00.992+0000][7][gc,age      ] GC(211) - age  11:       6312 bytes,     787272 total
[2024-01-21T01:31:00.992+0000][7][gc,age      ] GC(211) - age  12:      74008 bytes,     861280 total
[2024-01-21T01:31:00.992+0000][7][gc,age      ] GC(211) - age  13:     108624 bytes,     969904 total
[2024-01-21T01:31:00.992+0000][7][gc,age      ] GC(211) - age  14:      99736 bytes,    1069640 total
[2024-01-21T01:31:00.992+0000][7][gc,age      ] GC(211) - age  15:       1024 bytes,    1070664 total
[2024-01-21T01:31:00.992+0000][7][gc,heap     ] GC(211) Eden regions: 152->0(152)
[2024-01-21T01:31:00.992+0000][7][gc,heap     ] GC(211) Survivor regions: 1->1(20)
[2024-01-21T01:31:00.992+0000][7][gc,heap     ] GC(211) Old regions: 33->33
[2024-01-21T01:31:00.992+0000][7][gc,heap     ] GC(211) Archive regions: 2->2
[2024-01-21T01:31:00.992+0000][7][gc,heap     ] GC(211) Humongous regions: 0->0
[2024-01-21T01:31:00.992+0000][7][gc,metaspace] GC(211) Metaspace: 130433K(134144K)->130433K(134144K) NonClass: 113373K(115328K)->113373K(115328K) Class: 17060K(18816K)->17060K(18816K)
[2024-01-21T01:31:00.992+0000][7][gc          ] GC(211) Pause Young (Normal) (G1 Evacuation Pause) 743M->134M(1024M) 2.257ms
[2024-01-21T01:31:00.992+0000][7][gc,cpu      ] GC(211) User=0.01s Sys=0.00s Real=0.00s
[2024-01-21T01:31:00.993+0000][7][safepoint   ] Safepoint "G1CollectForAllocation", Time since last: 186005579065 ns, Reaching safepoint: 37589 ns, At safepoint: 2345886 ns, Total: 2383475 ns
[2024-01-21T01:31:50.999+0000][7][safepoint   ] Safepoint "Cleanup", Time since last: 50006116903 ns, Reaching safepoint: 49268 ns, At safepoint: 35018 ns, Total: 84286 ns
[2024-01-21T01:33:51.012+0000][7][safepoint   ] Safepoint "Cleanup", Time since last: 120013581830 ns, Reaching safepoint: 107091 ns, At safepoint: 10439 ns, Total: 117530 ns
[2024-01-21T01:34:04.387+0000][7][gc,start    ] GC(212) Pause Young (Normal) (G1 Evacuation Pause)
[2024-01-21T01:34:04.387+0000][7][gc,task     ] GC(212) Using 8 workers of 8 for evacuation
[2024-01-21T01:34:04.387+0000][7][gc,age      ] GC(212) Desired survivor size 41943040 bytes, new threshold 15 (max threshold 15)
[2024-01-21T01:34:04.389+0000][7][gc,phases   ] GC(212)   Pre Evacuate Collection Set: 0.1ms
[2024-01-21T01:34:04.389+0000][7][gc,phases   ] GC(212)   Merge Heap Roots: 0.0ms
[2024-01-21T01:34:04.389+0000][7][gc,phases   ] GC(212)   Evacuate Collection Set: 1.2ms
[2024-01-21T01:34:04.389+0000][7][gc,phases   ] GC(212)   Post Evacuate Collection Set: 0.5ms
[2024-01-21T01:34:04.389+0000][7][gc,phases   ] GC(212)   Other: 0.1ms
[2024-01-21T01:34:04.389+0000][7][gc,age      ] GC(212) Age table with threshold 15 (max threshold 15)
[2024-01-21T01:34:04.389+0000][7][gc,age      ] GC(212) - age   1:    1767984 bytes,    1767984 total
[2024-01-21T01:34:04.389+0000][7][gc,age      ] GC(212) - age   2:       2560 bytes,    1770544 total
[2024-01-21T01:34:04.389+0000][7][gc,age      ] GC(212) - age   3:       2736 bytes,    1773280 total
[2024-01-21T01:34:04.389+0000][7][gc,age      ] GC(212) - age   4:        784 bytes,    1774064 total
[2024-01-21T01:34:04.389+0000][7][gc,age      ] GC(212) - age   5:        152 bytes,    1774216 total
[2024-01-21T01:34:04.389+0000][7][gc,age      ] GC(212) - age   6:        704 bytes,    1774920 total
[2024-01-21T01:34:04.389+0000][7][gc,age      ] GC(212) - age   7:     224360 bytes,    1999280 total
[2024-01-21T01:34:04.389+0000][7][gc,age      ] GC(212) - age   8:        952 bytes,    2000232 total
[2024-01-21T01:34:04.389+0000][7][gc,age      ] GC(212) - age   9:        456 bytes,    2000688 total
[2024-01-21T01:34:04.389+0000][7][gc,age      ] GC(212) - age  10:         32 bytes,    2000720 total
[2024-01-21T01:34:04.389+0000][7][gc,age      ] GC(212) - age  11:       6304 bytes,    2007024 total
[2024-01-21T01:34:04.389+0000][7][gc,age      ] GC(212) - age  12:       6312 bytes,    2013336 total
[2024-01-21T01:34:04.389+0000][7][gc,age      ] GC(212) - age  13:      74008 bytes,    2087344 total
[2024-01-21T01:34:04.389+0000][7][gc,age      ] GC(212) - age  14:     108624 bytes,    2195968 total
[2024-01-21T01:34:04.389+0000][7][gc,age      ] GC(212) - age  15:      99736 bytes,    2295704 total
[2024-01-21T01:34:04.389+0000][7][gc,heap     ] GC(212) Eden regions: 152->0(152)
[2024-01-21T01:34:04.389+0000][7][gc,heap     ] GC(212) Survivor regions: 1->1(20)
[2024-01-21T01:34:04.389+0000][7][gc,heap     ] GC(212) Old regions: 33->33
[2024-01-21T01:34:04.389+0000][7][gc,heap     ] GC(212) Archive regions: 2->2
[2024-01-21T01:34:04.389+0000][7][gc,heap     ] GC(212) Humongous regions: 0->0
[2024-01-21T01:34:04.389+0000][7][gc,metaspace] GC(212) Metaspace: 130454K(134144K)->130454K(134144K) NonClass: 113394K(115328K)->113394K(115328K) Class: 17060K(18816K)->17060K(18816K)
[2024-01-21T01:34:04.389+0000][7][gc          ] GC(212) Pause Young (Normal) (G1 Evacuation Pause) 742M->135M(1024M) 2.127ms
[2024-01-21T01:34:04.389+0000][7][gc,cpu      ] GC(212) User=0.01s Sys=0.00s Real=0.00s
[2024-01-21T01:34:04.389+0000][7][safepoint   ] Safepoint "G1CollectForAllocation", Time since last: 13374680523 ns, Reaching safepoint: 53574 ns, At safepoint: 2193540 ns, Total: 2247114 ns
[2024-01-21T01:37:15.975+0000][7][gc,start    ] GC(213) Pause Young (Normal) (G1 Evacuation Pause)
[2024-01-21T01:37:15.975+0000][7][gc,task     ] GC(213) Using 8 workers of 8 for evacuation
[2024-01-21T01:37:15.975+0000][7][gc,age      ] GC(213) Desired survivor size 41943040 bytes, new threshold 15 (max threshold 15)
[2024-01-21T01:37:15.978+0000][7][gc,phases   ] GC(213)   Pre Evacuate Collection Set: 0.1ms
[2024-01-21T01:37:15.978+0000][7][gc,phases   ] GC(213)   Merge Heap Roots: 0.1ms
[2024-01-21T01:37:15.978+0000][7][gc,phases   ] GC(213)   Evacuate Collection Set: 1.7ms
[2024-01-21T01:37:15.978+0000][7][gc,phases   ] GC(213)   Post Evacuate Collection Set: 0.9ms
[2024-01-21T01:37:15.978+0000][7][gc,phases   ] GC(213)   Other: 0.1ms
[2024-01-21T01:37:15.978+0000][7][gc,age      ] GC(213) Age table with threshold 15 (max threshold 15)
[2024-01-21T01:37:15.978+0000][7][gc,age      ] GC(213) - age   1:    1400784 bytes,    1400784 total
[2024-01-21T01:37:15.978+0000][7][gc,age      ] GC(213) - age   2:      12960 bytes,    1413744 total
[2024-01-21T01:37:15.978+0000][7][gc,age      ] GC(213) - age   3:       1176 bytes,    1414920 total
[2024-01-21T01:37:15.978+0000][7][gc,age      ] GC(213) - age   4:       2552 bytes,    1417472 total
[2024-01-21T01:37:15.978+0000][7][gc,age      ] GC(213) - age   5:        784 bytes,    1418256 total
[2024-01-21T01:37:15.978+0000][7][gc,age      ] GC(213) - age   6:        152 bytes,    1418408 total
[2024-01-21T01:37:15.978+0000][7][gc,age      ] GC(213) - age   7:        640 bytes,    1419048 total
[2024-01-21T01:37:15.978+0000][7][gc,age      ] GC(213) - age   8:     224264 bytes,    1643312 total
[2024-01-21T01:37:15.978+0000][7][gc,age      ] GC(213) - age   9:        816 bytes,    1644128 total
[2024-01-21T01:37:15.978+0000][7][gc,age      ] GC(213) - age  10:        456 bytes,    1644584 total
[2024-01-21T01:37:15.978+0000][7][gc,age      ] GC(213) - age  11:         32 bytes,    1644616 total
[2024-01-21T01:37:15.978+0000][7][gc,age      ] GC(213) - age  12:       6304 bytes,    1650920 total
[2024-01-21T01:37:15.978+0000][7][gc,age      ] GC(213) - age  13:       6312 bytes,    1657232 total
[2024-01-21T01:37:15.978+0000][7][gc,age      ] GC(213) - age  14:      74008 bytes,    1731240 total
[2024-01-21T01:37:15.978+0000][7][gc,age      ] GC(213) - age  15:     108624 bytes,    1839864 total
[2024-01-21T01:37:15.978+0000][7][gc,heap     ] GC(213) Eden regions: 152->0(152)
[2024-01-21T01:37:15.978+0000][7][gc,heap     ] GC(213) Survivor regions: 1->1(20)
[2024-01-21T01:37:15.978+0000][7][gc,heap     ] GC(213) Old regions: 33->33
[2024-01-21T01:37:15.978+0000][7][gc,heap     ] GC(213) Archive regions: 2->2
[2024-01-21T01:37:15.978+0000][7][gc,heap     ] GC(213) Humongous regions: 0->0
[2024-01-21T01:37:15.978+0000][7][gc,metaspace] GC(213) Metaspace: 130454K(134144K)->130454K(134144K) NonClass: 113394K(115328K)->113394K(115328K) Class: 17060K(18816K)->17060K(18816K)
[2024-01-21T01:37:15.978+0000][7][gc          ] GC(213) Pause Young (Normal) (G1 Evacuation Pause) 743M->135M(1024M) 3.275ms
[2024-01-21T01:37:15.978+0000][7][gc,cpu      ] GC(213) User=0.01s Sys=0.00s Real=0.00s
[2024-01-21T01:37:15.978+0000][7][safepoint   ] Safepoint "G1CollectForAllocation", Time since last: 191585382412 ns, Reaching safepoint: 39792 ns, At safepoint: 3368767 ns, Total: 3408559 ns
[2024-01-21T01:38:50.990+0000][7][safepoint   ] Safepoint "Cleanup", Time since last: 95012000543 ns, Reaching safepoint: 103733 ns, At safepoint: 10745 ns, Total: 114478 ns
[2024-01-21T01:40:21.996+0000][7][gc,start    ] GC(214) Pause Young (Normal) (G1 Evacuation Pause)
[2024-01-21T01:40:21.996+0000][7][gc,task     ] GC(214) Using 8 workers of 8 for evacuation
[2024-01-21T01:40:21.996+0000][7][gc,age      ] GC(214) Desired survivor size 41943040 bytes, new threshold 15 (max threshold 15)
[2024-01-21T01:40:21.998+0000][7][gc,phases   ] GC(214)   Pre Evacuate Collection Set: 0.1ms
[2024-01-21T01:40:21.998+0000][7][gc,phases   ] GC(214)   Merge Heap Roots: 0.1ms
[2024-01-21T01:40:21.998+0000][7][gc,phases   ] GC(214)   Evacuate Collection Set: 1.2ms
[2024-01-21T01:40:21.998+0000][7][gc,phases   ] GC(214)   Post Evacuate Collection Set: 0.7ms
[2024-01-21T01:40:21.999+0000][7][gc,phases   ] GC(214)   Other: 0.1ms
[2024-01-21T01:40:21.999+0000][7][gc,age      ] GC(214) Age table with threshold 15 (max threshold 15)
[2024-01-21T01:40:21.999+0000][7][gc,age      ] GC(214) - age   1:     949184 bytes,     949184 total
[2024-01-21T01:40:21.999+0000][7][gc,age      ] GC(214) - age   2:      36680 bytes,     985864 total
[2024-01-21T01:40:21.999+0000][7][gc,age      ] GC(214) - age   3:      10112 bytes,     995976 total
[2024-01-21T01:40:21.999+0000][7][gc,age      ] GC(214) - age   4:        344 bytes,     996320 total
[2024-01-21T01:40:21.999+0000][7][gc,age      ] GC(214) - age   5:        184 bytes,     996504 total
[2024-01-21T01:40:21.999+0000][7][gc,age      ] GC(214) - age   6:        784 bytes,     997288 total
[2024-01-21T01:40:21.999+0000][7][gc,age      ] GC(214) - age   7:        152 bytes,     997440 total
[2024-01-21T01:40:21.999+0000][7][gc,age      ] GC(214) - age   8:        640 bytes,     998080 total
[2024-01-21T01:40:21.999+0000][7][gc,age      ] GC(214) - age   9:     224264 bytes,    1222344 total
[2024-01-21T01:40:21.999+0000][7][gc,age      ] GC(214) - age  10:        816 bytes,    1223160 total
[2024-01-21T01:40:21.999+0000][7][gc,age      ] GC(214) - age  11:        456 bytes,    1223616 total
[2024-01-21T01:40:21.999+0000][7][gc,age      ] GC(214) - age  12:         32 bytes,    1223648 total
[2024-01-21T01:40:21.999+0000][7][gc,age      ] GC(214) - age  13:       6304 bytes,    1229952 total
[2024-01-21T01:40:21.999+0000][7][gc,age      ] GC(214) - age  14:       6312 bytes,    1236264 total
[2024-01-21T01:40:21.999+0000][7][gc,age      ] GC(214) - age  15:      74008 bytes,    1310272 total
[2024-01-21T01:40:21.999+0000][7][gc,heap     ] GC(214) Eden regions: 152->0(152)
[2024-01-21T01:40:21.999+0000][7][gc,heap     ] GC(214) Survivor regions: 1->1(20)
[2024-01-21T01:40:21.999+0000][7][gc,heap     ] GC(214) Old regions: 33->33
[2024-01-21T01:40:21.999+0000][7][gc,heap     ] GC(214) Archive regions: 2->2
[2024-01-21T01:40:21.999+0000][7][gc,heap     ] GC(214) Humongous regions: 0->0
[2024-01-21T01:40:21.999+0000][7][gc,metaspace] GC(214) Metaspace: 130454K(134144K)->130454K(134144K) NonClass: 113394K(115328K)->113394K(115328K) Class: 17060K(18816K)->17060K(18816K)
[2024-01-21T01:40:21.999+0000][7][gc          ] GC(214) Pause Young (Normal) (G1 Evacuation Pause) 743M->135M(1024M) 2.588ms
[2024-01-21T01:40:21.999+0000][7][gc,cpu      ] GC(214) User=0.01s Sys=0.00s Real=0.00s
[2024-01-21T01:40:21.999+0000][7][safepoint   ] Safepoint "G1CollectForAllocation", Time since last: 91005791936 ns, Reaching safepoint: 32542 ns, At safepoint: 2683822 ns, Total: 2716364 ns
[2024-01-21T01:43:07.019+0000][7][safepoint   ] Safepoint "Cleanup", Time since last: 165020115473 ns, Reaching safepoint: 52241 ns, At safepoint: 7068 ns, Total: 59309 ns
[2024-01-21T01:43:25.049+0000][7][gc,start    ] GC(215) Pause Young (Normal) (G1 Evacuation Pause)
[2024-01-21T01:43:25.049+0000][7][gc,task     ] GC(215) Using 8 workers of 8 for evacuation
[2024-01-21T01:43:25.049+0000][7][gc,age      ] GC(215) Desired survivor size 41943040 bytes, new threshold 15 (max threshold 15)
[2024-01-21T01:43:25.051+0000][7][gc,phases   ] GC(215)   Pre Evacuate Collection Set: 0.1ms
[2024-01-21T01:43:25.051+0000][7][gc,phases   ] GC(215)   Merge Heap Roots: 0.1ms
[2024-01-21T01:43:25.051+0000][7][gc,phases   ] GC(215)   Evacuate Collection Set: 1.0ms
[2024-01-21T01:43:25.051+0000][7][gc,phases   ] GC(215)   Post Evacuate Collection Set: 0.6ms
[2024-01-21T01:43:25.051+0000][7][gc,phases   ] GC(215)   Other: 0.1ms
[2024-01-21T01:43:25.051+0000][7][gc,age      ] GC(215) Age table with threshold 15 (max threshold 15)
[2024-01-21T01:43:25.051+0000][7][gc,age      ] GC(215) - age   1:     740416 bytes,     740416 total
[2024-01-21T01:43:25.051+0000][7][gc,age      ] GC(215) - age   2:       4208 bytes,     744624 total
[2024-01-21T01:43:25.051+0000][7][gc,age      ] GC(215) - age   3:      34408 bytes,     779032 total
[2024-01-21T01:43:25.051+0000][7][gc,age      ] GC(215) - age   4:       9264 bytes,     788296 total
[2024-01-21T01:43:25.051+0000][7][gc,age      ] GC(215) - age   5:        280 bytes,     788576 total
[2024-01-21T01:43:25.051+0000][7][gc,age      ] GC(215) - age   7:        752 bytes,     789328 total
[2024-01-21T01:43:25.051+0000][7][gc,age      ] GC(215) - age   8:        152 bytes,     789480 total
[2024-01-21T01:43:25.052+0000][7][gc,age      ] GC(215) - age   9:        640 bytes,     790120 total
[2024-01-21T01:43:25.052+0000][7][gc,age      ] GC(215) - age  10:     224264 bytes,    1014384 total
[2024-01-21T01:43:25.052+0000][7][gc,age      ] GC(215) - age  11:        816 bytes,    1015200 total
[2024-01-21T01:43:25.052+0000][7][gc,age      ] GC(215) - age  12:        456 bytes,    1015656 total
[2024-01-21T01:43:25.052+0000][7][gc,age      ] GC(215) - age  13:         32 bytes,    1015688 total
[2024-01-21T01:43:25.052+0000][7][gc,age      ] GC(215) - age  14:       6304 bytes,    1021992 total
[2024-01-21T01:43:25.052+0000][7][gc,age      ] GC(215) - age  15:       6312 bytes,    1028304 total
[2024-01-21T01:43:25.052+0000][7][gc,heap     ] GC(215) Eden regions: 152->0(152)
[2024-01-21T01:43:25.052+0000][7][gc,heap     ] GC(215) Survivor regions: 1->1(20)
[2024-01-21T01:43:25.052+0000][7][gc,heap     ] GC(215) Old regions: 33->33
[2024-01-21T01:43:25.052+0000][7][gc,heap     ] GC(215) Archive regions: 2->2
[2024-01-21T01:43:25.052+0000][7][gc,heap     ] GC(215) Humongous regions: 0->0
[2024-01-21T01:43:25.052+0000][7][gc,metaspace] GC(215) Metaspace: 130455K(134144K)->130455K(134144K) NonClass: 113395K(115328K)->113395K(115328K) Class: 17060K(18816K)->17060K(18816K)
[2024-01-21T01:43:25.052+0000][7][gc          ] GC(215) Pause Young (Normal) (G1 Evacuation Pause) 743M->135M(1024M) 2.248ms
[2024-01-21T01:43:25.052+0000][7][gc,cpu      ] GC(215) User=0.01s Sys=0.00s Real=0.00s
[2024-01-21T01:43:25.052+0000][7][safepoint   ] Safepoint "G1CollectForAllocation", Time since last: 18030344960 ns, Reaching safepoint: 59142 ns, At safepoint: 2331631 ns, Total: 2390773 ns
[2024-01-21T01:46:31.096+0000][7][gc,start    ] GC(216) Pause Young (Normal) (G1 Evacuation Pause)
[2024-01-21T01:46:31.096+0000][7][gc,task     ] GC(216) Using 8 workers of 8 for evacuation
[2024-01-21T01:46:31.096+0000][7][gc,age      ] GC(216) Desired survivor size 41943040 bytes, new threshold 15 (max threshold 15)
[2024-01-21T01:46:31.098+0000][7][gc,phases   ] GC(216)   Pre Evacuate Collection Set: 0.1ms
[2024-01-21T01:46:31.098+0000][7][gc,phases   ] GC(216)   Merge Heap Roots: 0.1ms
[2024-01-21T01:46:31.098+0000][7][gc,phases   ] GC(216)   Evacuate Collection Set: 1.3ms
[2024-01-21T01:46:31.098+0000][7][gc,phases   ] GC(216)   Post Evacuate Collection Set: 0.7ms
[2024-01-21T01:46:31.098+0000][7][gc,phases   ] GC(216)   Other: 0.1ms
[2024-01-21T01:46:31.098+0000][7][gc,age      ] GC(216) Age table with threshold 15 (max threshold 15)
[2024-01-21T01:46:31.098+0000][7][gc,age      ] GC(216) - age   1:    1877928 bytes,    1877928 total
[2024-01-21T01:46:31.098+0000][7][gc,age      ] GC(216) - age   2:       2920 bytes,    1880848 total
[2024-01-21T01:46:31.098+0000][7][gc,age      ] GC(216) - age   3:       3440 bytes,    1884288 total
[2024-01-21T01:46:31.098+0000][7][gc,age      ] GC(216) - age   4:      34048 bytes,    1918336 total
[2024-01-21T01:46:31.098+0000][7][gc,age      ] GC(216) - age   5:       9264 bytes,    1927600 total
[2024-01-21T01:46:31.098+0000][7][gc,age      ] GC(216) - age   6:         96 bytes,    1927696 total
[2024-01-21T01:46:31.098+0000][7][gc,age      ] GC(216) - age   8:        368 bytes,    1928064 total
[2024-01-21T01:46:31.098+0000][7][gc,age      ] GC(216) - age   9:        152 bytes,    1928216 total
[2024-01-21T01:46:31.098+0000][7][gc,age      ] GC(216) - age  10:        640 bytes,    1928856 total
[2024-01-21T01:46:31.098+0000][7][gc,age      ] GC(216) - age  11:     224264 bytes,    2153120 total
[2024-01-21T01:46:31.098+0000][7][gc,age      ] GC(216) - age  12:        816 bytes,    2153936 total
[2024-01-21T01:46:31.098+0000][7][gc,age      ] GC(216) - age  13:        272 bytes,    2154208 total
[2024-01-21T01:46:31.098+0000][7][gc,age      ] GC(216) - age  14:         32 bytes,    2154240 total
[2024-01-21T01:46:31.098+0000][7][gc,age      ] GC(216) - age  15:       6304 bytes,    2160544 total
[2024-01-21T01:46:31.098+0000][7][gc,heap     ] GC(216) Eden regions: 152->0(152)
[2024-01-21T01:46:31.098+0000][7][gc,heap     ] GC(216) Survivor regions: 1->1(20)
[2024-01-21T01:46:31.098+0000][7][gc,heap     ] GC(216) Old regions: 33->33
[2024-01-21T01:46:31.098+0000][7][gc,heap     ] GC(216) Archive regions: 2->2
[2024-01-21T01:46:31.098+0000][7][gc,heap     ] GC(216) Humongous regions: 0->0
[2024-01-21T01:46:31.098+0000][7][gc,metaspace] GC(216) Metaspace: 130455K(134144K)->130455K(134144K) NonClass: 113395K(115328K)->113395K(115328K) Class: 17060K(18816K)->17060K(18816K)
[2024-01-21T01:46:31.098+0000][7][gc          ] GC(216) Pause Young (Normal) (G1 Evacuation Pause) 743M->136M(1024M) 2.547ms
[2024-01-21T01:46:31.098+0000][7][gc,cpu      ] GC(216) User=0.01s Sys=0.00s Real=0.00s
[2024-01-21T01:46:31.098+0000][7][safepoint   ] Safepoint "G1CollectForAllocation", Time since last: 186043877233 ns, Reaching safepoint: 42006 ns, At safepoint: 2629478 ns, Total: 2671484 ns
[2024-01-21T01:47:31.106+0000][7][safepoint   ] Safepoint "Cleanup", Time since last: 60007520388 ns, Reaching safepoint: 80024 ns, At safepoint: 10041 ns, Total: 90065 ns
[2024-01-21T01:47:51.109+0000][7][safepoint   ] Safepoint "Cleanup", Time since last: 20003227398 ns, Reaching safepoint: 79048 ns, At safepoint: 17859 ns, Total: 96907 ns
[2024-01-21T01:48:49.116+0000][7][safepoint   ] Safepoint "Cleanup", Time since last: 58006629912 ns, Reaching safepoint: 86259 ns, At safepoint: 5808 ns, Total: 92067 ns
[2024-01-21T01:49:25.451+0000][7][gc,start    ] GC(217) Pause Young (Normal) (G1 Evacuation Pause)
[2024-01-21T01:49:25.451+0000][7][gc,task     ] GC(217) Using 8 workers of 8 for evacuation
[2024-01-21T01:49:25.451+0000][7][gc,age      ] GC(217) Desired survivor size 41943040 bytes, new threshold 15 (max threshold 15)
[2024-01-21T01:49:25.453+0000][7][gc,phases   ] GC(217)   Pre Evacuate Collection Set: 0.1ms
[2024-01-21T01:49:25.454+0000][7][gc,phases   ] GC(217)   Merge Heap Roots: 0.1ms
[2024-01-21T01:49:25.454+0000][7][gc,phases   ] GC(217)   Evacuate Collection Set: 1.4ms
[2024-01-21T01:49:25.454+0000][7][gc,phases   ] GC(217)   Post Evacuate Collection Set: 0.7ms
[2024-01-21T01:49:25.454+0000][7][gc,phases   ] GC(217)   Other: 0.1ms
[2024-01-21T01:49:25.454+0000][7][gc,age      ] GC(217) Age table with threshold 15 (max threshold 15)
[2024-01-21T01:49:25.454+0000][7][gc,age      ] GC(217) - age   1:    2087872 bytes,    2087872 total
[2024-01-21T01:49:25.454+0000][7][gc,age      ] GC(217) - age   2:       3112 bytes,    2090984 total
[2024-01-21T01:49:25.454+0000][7][gc,age      ] GC(217) - age   3:       1024 bytes,    2092008 total
[2024-01-21T01:49:25.454+0000][7][gc,age      ] GC(217) - age   4:        368 bytes,    2092376 total
[2024-01-21T01:49:25.454+0000][7][gc,age      ] GC(217) - age   5:      33728 bytes,    2126104 total
[2024-01-21T01:49:25.454+0000][7][gc,age      ] GC(217) - age   6:       8688 bytes,    2134792 total
[2024-01-21T01:49:25.454+0000][7][gc,age      ] GC(217) - age   7:         96 bytes,    2134888 total
[2024-01-21T01:49:25.454+0000][7][gc,age      ] GC(217) - age   9:        336 bytes,    2135224 total
[2024-01-21T01:49:25.454+0000][7][gc,age      ] GC(217) - age  10:        152 bytes,    2135376 total
[2024-01-21T01:49:25.454+0000][7][gc,age      ] GC(217) - age  11:        576 bytes,    2135952 total
[2024-01-21T01:49:25.454+0000][7][gc,age      ] GC(217) - age  12:     224264 bytes,    2360216 total
[2024-01-21T01:49:25.454+0000][7][gc,age      ] GC(217) - age  13:        816 bytes,    2361032 total
[2024-01-21T01:49:25.454+0000][7][gc,age      ] GC(217) - age  14:        272 bytes,    2361304 total
[2024-01-21T01:49:25.454+0000][7][gc,age      ] GC(217) - age  15:         32 bytes,    2361336 total
[2024-01-21T01:49:25.454+0000][7][gc,heap     ] GC(217) Eden regions: 152->0(152)
[2024-01-21T01:49:25.454+0000][7][gc,heap     ] GC(217) Survivor regions: 1->1(20)
[2024-01-21T01:49:25.454+0000][7][gc,heap     ] GC(217) Old regions: 33->33
[2024-01-21T01:49:25.454+0000][7][gc,heap     ] GC(217) Archive regions: 2->2
[2024-01-21T01:49:25.454+0000][7][gc,heap     ] GC(217) Humongous regions: 0->0
[2024-01-21T01:49:25.454+0000][7][gc,metaspace] GC(217) Metaspace: 130456K(134144K)->130456K(134144K) NonClass: 113396K(115328K)->113396K(115328K) Class: 17060K(18816K)->17060K(18816K)
[2024-01-21T01:49:25.454+0000][7][gc          ] GC(217) Pause Young (Normal) (G1 Evacuation Pause) 744M->136M(1024M) 2.707ms
[2024-01-21T01:49:25.454+0000][7][gc,cpu      ] GC(217) User=0.01s Sys=0.00s Real=0.01s
[2024-01-21T01:49:25.454+0000][7][safepoint   ] Safepoint "G1CollectForAllocation", Time since last: 36335035492 ns, Reaching safepoint: 46796 ns, At safepoint: 2792736 ns, Total: 2839532 ns
[2024-01-21T01:52:04.905+0000][7][gc,start    ] GC(218) Pause Young (Normal) (G1 Evacuation Pause)
[2024-01-21T01:52:04.905+0000][7][gc,task     ] GC(218) Using 8 workers of 8 for evacuation
[2024-01-21T01:52:04.905+0000][7][gc,age      ] GC(218) Desired survivor size 41943040 bytes, new threshold 15 (max threshold 15)
[2024-01-21T01:52:04.907+0000][7][gc,phases   ] GC(218)   Pre Evacuate Collection Set: 0.1ms
[2024-01-21T01:52:04.907+0000][7][gc,phases   ] GC(218)   Merge Heap Roots: 0.0ms
[2024-01-21T01:52:04.907+0000][7][gc,phases   ] GC(218)   Evacuate Collection Set: 1.2ms
[2024-01-21T01:52:04.907+0000][7][gc,phases   ] GC(218)   Post Evacuate Collection Set: 0.6ms
[2024-01-21T01:52:04.907+0000][7][gc,phases   ] GC(218)   Other: 0.1ms
[2024-01-21T01:52:04.907+0000][7][gc,age      ] GC(218) Age table with threshold 15 (max threshold 15)
[2024-01-21T01:52:04.907+0000][7][gc,age      ] GC(218) - age   1:    1809128 bytes,    1809128 total
[2024-01-21T01:52:04.907+0000][7][gc,age      ] GC(218) - age   2:     200736 bytes,    2009864 total
[2024-01-21T01:52:04.907+0000][7][gc,age      ] GC(218) - age   3:        880 bytes,    2010744 total
[2024-01-21T01:52:04.907+0000][7][gc,age      ] GC(218) - age   4:        960 bytes,    2011704 total
[2024-01-21T01:52:04.907+0000][7][gc,age      ] GC(218) - age   5:        184 bytes,    2011888 total
[2024-01-21T01:52:04.907+0000][7][gc,age      ] GC(218) - age   6:       1424 bytes,    2013312 total
[2024-01-21T01:52:04.907+0000][7][gc,age      ] GC(218) - age   7:       8688 bytes,    2022000 total
[2024-01-21T01:52:04.907+0000][7][gc,age      ] GC(218) - age   8:         96 bytes,    2022096 total
[2024-01-21T01:52:04.907+0000][7][gc,age      ] GC(218) - age  10:        336 bytes,    2022432 total
[2024-01-21T01:52:04.907+0000][7][gc,age      ] GC(218) - age  11:        152 bytes,    2022584 total
[2024-01-21T01:52:04.907+0000][7][gc,age      ] GC(218) - age  12:        576 bytes,    2023160 total
[2024-01-21T01:52:04.907+0000][7][gc,age      ] GC(218) - age  13:     224264 bytes,    2247424 total
[2024-01-21T01:52:04.907+0000][7][gc,age      ] GC(218) - age  14:        816 bytes,    2248240 total
[2024-01-21T01:52:04.907+0000][7][gc,age      ] GC(218) - age  15:        272 bytes,    2248512 total
[2024-01-21T01:52:04.907+0000][7][gc,heap     ] GC(218) Eden regions: 152->0(152)
[2024-01-21T01:52:04.907+0000][7][gc,heap     ] GC(218) Survivor regions: 1->1(20)
[2024-01-21T01:52:04.907+0000][7][gc,heap     ] GC(218) Old regions: 33->33
[2024-01-21T01:52:04.907+0000][7][gc,heap     ] GC(218) Archive regions: 2->2
[2024-01-21T01:52:04.907+0000][7][gc,heap     ] GC(218) Humongous regions: 0->0
[2024-01-21T01:52:04.907+0000][7][gc,metaspace] GC(218) Metaspace: 130456K(134144K)->130456K(134144K) NonClass: 113396K(115328K)->113396K(115328K) Class: 17060K(18816K)->17060K(18816K)
[2024-01-21T01:52:04.907+0000][7][gc          ] GC(218) Pause Young (Normal) (G1 Evacuation Pause) 744M->136M(1024M) 2.117ms
[2024-01-21T01:52:04.907+0000][7][gc,cpu      ] GC(218) User=0.01s Sys=0.00s Real=0.00s
[2024-01-21T01:52:04.907+0000][7][safepoint   ] Safepoint "G1CollectForAllocation", Time since last: 159451059473 ns, Reaching safepoint: 37529 ns, At safepoint: 2185096 ns, Total: 2222625 ns
[2024-01-21T01:54:31.926+0000][7][safepoint   ] Safepoint "Cleanup", Time since last: 147019321320 ns, Reaching safepoint: 58758 ns, At safepoint: 5050 ns, Total: 63808 ns
[2024-01-21T01:55:01.045+0000][7][gc,start    ] GC(219) Pause Young (Normal) (G1 Evacuation Pause)
[2024-01-21T01:55:01.045+0000][7][gc,task     ] GC(219) Using 8 workers of 8 for evacuation
[2024-01-21T01:55:01.045+0000][7][gc,age      ] GC(219) Desired survivor size 41943040 bytes, new threshold 15 (max threshold 15)
[2024-01-21T01:55:01.047+0000][7][gc,phases   ] GC(219)   Pre Evacuate Collection Set: 0.1ms
[2024-01-21T01:55:01.047+0000][7][gc,phases   ] GC(219)   Merge Heap Roots: 0.1ms
[2024-01-21T01:55:01.047+0000][7][gc,phases   ] GC(219)   Evacuate Collection Set: 1.0ms
[2024-01-21T01:55:01.047+0000][7][gc,phases   ] GC(219)   Post Evacuate Collection Set: 0.7ms
[2024-01-21T01:55:01.047+0000][7][gc,phases   ] GC(219)   Other: 0.1ms
[2024-01-21T01:55:01.047+0000][7][gc,age      ] GC(219) Age table with threshold 15 (max threshold 15)
[2024-01-21T01:55:01.047+0000][7][gc,age      ] GC(219) - age   1:     842176 bytes,     842176 total
[2024-01-21T01:55:01.047+0000][7][gc,age      ] GC(219) - age   2:       2176 bytes,     844352 total
[2024-01-21T01:55:01.047+0000][7][gc,age      ] GC(219) - age   3:     111704 bytes,     956056 total
[2024-01-21T01:55:01.047+0000][7][gc,age      ] GC(219) - age   4:        752 bytes,     956808 total
[2024-01-21T01:55:01.047+0000][7][gc,age      ] GC(219) - age   5:         32 bytes,     956840 total
[2024-01-21T01:55:01.047+0000][7][gc,age      ] GC(219) - age   6:        184 bytes,     957024 total
[2024-01-21T01:55:01.047+0000][7][gc,age      ] GC(219) - age   7:       1424 bytes,     958448 total
[2024-01-21T01:55:01.047+0000][7][gc,age      ] GC(219) - age   8:        648 bytes,     959096 total
[2024-01-21T01:55:01.047+0000][7][gc,age      ] GC(219) - age   9:         96 bytes,     959192 total
[2024-01-21T01:55:01.047+0000][7][gc,age      ] GC(219) - age  11:        336 bytes,     959528 total
[2024-01-21T01:55:01.047+0000][7][gc,age      ] GC(219) - age  12:        152 bytes,     959680 total
[2024-01-21T01:55:01.047+0000][7][gc,age      ] GC(219) - age  13:        576 bytes,     960256 total
[2024-01-21T01:55:01.047+0000][7][gc,age      ] GC(219) - age  14:     224264 bytes,    1184520 total
[2024-01-21T01:55:01.048+0000][7][gc,age      ] GC(219) - age  15:        816 bytes,    1185336 total
[2024-01-21T01:55:01.048+0000][7][gc,heap     ] GC(219) Eden regions: 152->0(152)
[2024-01-21T01:55:01.048+0000][7][gc,heap     ] GC(219) Survivor regions: 1->1(20)
[2024-01-21T01:55:01.048+0000][7][gc,heap     ] GC(219) Old regions: 33->33
[2024-01-21T01:55:01.048+0000][7][gc,heap     ] GC(219) Archive regions: 2->2
[2024-01-21T01:55:01.048+0000][7][gc,heap     ] GC(219) Humongous regions: 0->0
[2024-01-21T01:55:01.048+0000][7][gc,metaspace] GC(219) Metaspace: 130459K(134144K)->130459K(134144K) NonClass: 113399K(115328K)->113399K(115328K) Class: 17060K(18816K)->17060K(18816K)
[2024-01-21T01:55:01.048+0000][7][gc          ] GC(219) Pause Young (Normal) (G1 Evacuation Pause) 744M->135M(1024M) 2.359ms
[2024-01-21T01:55:01.048+0000][7][gc,cpu      ] GC(219) User=0.01s Sys=0.00s Real=0.00s
[2024-01-21T01:55:01.048+0000][7][safepoint   ] Safepoint "G1CollectForAllocation", Time since last: 29118727707 ns, Reaching safepoint: 47700 ns, At safepoint: 2453469 ns, Total: 2501169 ns
[2024-01-21T01:58:13.061+0000][7][gc,start    ] GC(220) Pause Young (Normal) (G1 Evacuation Pause)
[2024-01-21T01:58:13.061+0000][7][gc,task     ] GC(220) Using 8 workers of 8 for evacuation
[2024-01-21T01:58:13.061+0000][7][gc,age      ] GC(220) Desired survivor size 41943040 bytes, new threshold 15 (max threshold 15)
[2024-01-21T01:58:13.063+0000][7][gc,phases   ] GC(220)   Pre Evacuate Collection Set: 0.1ms
[2024-01-21T01:58:13.063+0000][7][gc,phases   ] GC(220)   Merge Heap Roots: 0.1ms
[2024-01-21T01:58:13.063+0000][7][gc,phases   ] GC(220)   Evacuate Collection Set: 1.6ms
[2024-01-21T01:58:13.063+0000][7][gc,phases   ] GC(220)   Post Evacuate Collection Set: 0.7ms
[2024-01-21T01:58:13.063+0000][7][gc,phases   ] GC(220)   Other: 0.1ms
[2024-01-21T01:58:13.063+0000][7][gc,age      ] GC(220) Age table with threshold 15 (max threshold 15)
[2024-01-21T01:58:13.063+0000][7][gc,age      ] GC(220) - age   1:    1341536 bytes,    1341536 total
[2024-01-21T01:58:13.063+0000][7][gc,age      ] GC(220) - age   2:     136776 bytes,    1478312 total
[2024-01-21T01:58:13.063+0000][7][gc,age      ] GC(220) - age   3:        544 bytes,    1478856 total
[2024-01-21T01:58:13.063+0000][7][gc,age      ] GC(220) - age   4:     107888 bytes,    1586744 total
[2024-01-21T01:58:13.063+0000][7][gc,age      ] GC(220) - age   5:        568 bytes,    1587312 total
[2024-01-21T01:58:13.063+0000][7][gc,age      ] GC(220) - age   6:         32 bytes,    1587344 total
[2024-01-21T01:58:13.063+0000][7][gc,age      ] GC(220) - age   7:        184 bytes,    1587528 total
[2024-01-21T01:58:13.063+0000][7][gc,age      ] GC(220) - age   8:       1424 bytes,    1588952 total
[2024-01-21T01:58:13.063+0000][7][gc,age      ] GC(220) - age   9:        648 bytes,    1589600 total
[2024-01-21T01:58:13.063+0000][7][gc,age      ] GC(220) - age  10:         96 bytes,    1589696 total
[2024-01-21T01:58:13.063+0000][7][gc,age      ] GC(220) - age  12:        336 bytes,    1590032 total
[2024-01-21T01:58:13.063+0000][7][gc,age      ] GC(220) - age  13:        152 bytes,    1590184 total
[2024-01-21T01:58:13.063+0000][7][gc,age      ] GC(220) - age  14:        576 bytes,    1590760 total
[2024-01-21T01:58:13.063+0000][7][gc,age      ] GC(220) - age  15:     224264 bytes,    1815024 total
[2024-01-21T01:58:13.063+0000][7][gc,heap     ] GC(220) Eden regions: 152->0(152)
[2024-01-21T01:58:13.063+0000][7][gc,heap     ] GC(220) Survivor regions: 1->1(20)
[2024-01-21T01:58:13.063+0000][7][gc,heap     ] GC(220) Old regions: 33->33
[2024-01-21T01:58:13.063+0000][7][gc,heap     ] GC(220) Archive regions: 2->2
[2024-01-21T01:58:13.063+0000][7][gc,heap     ] GC(220) Humongous regions: 0->0
[2024-01-21T01:58:13.063+0000][7][gc,metaspace] GC(220) Metaspace: 130459K(134144K)->130459K(134144K) NonClass: 113399K(115328K)->113399K(115328K) Class: 17060K(18816K)->17060K(18816K)
[2024-01-21T01:58:13.063+0000][7][gc          ] GC(220) Pause Young (Normal) (G1 Evacuation Pause) 743M->135M(1024M) 2.845ms
[2024-01-21T01:58:13.064+0000][7][gc,cpu      ] GC(220) User=0.01s Sys=0.00s Real=0.01s
[2024-01-21T01:58:13.064+0000][7][safepoint   ] Safepoint "G1CollectForAllocation", Time since last: 192012921862 ns, Reaching safepoint: 40124 ns, At safepoint: 2935148 ns, Total: 2975272 ns
[2024-01-21T02:01:15.144+0000][7][gc,start    ] GC(221) Pause Young (Normal) (G1 Evacuation Pause)
[2024-01-21T02:01:15.144+0000][7][gc,task     ] GC(221) Using 8 workers of 8 for evacuation
[2024-01-21T02:01:15.144+0000][7][gc,age      ] GC(221) Desired survivor size 41943040 bytes, new threshold 15 (max threshold 15)
[2024-01-21T02:01:15.147+0000][7][gc,phases   ] GC(221)   Pre Evacuate Collection Set: 0.1ms
[2024-01-21T02:01:15.147+0000][7][gc,phases   ] GC(221)   Merge Heap Roots: 0.1ms
[2024-01-21T02:01:15.147+0000][7][gc,phases   ] GC(221)   Evacuate Collection Set: 1.3ms
[2024-01-21T02:01:15.147+0000][7][gc,phases   ] GC(221)   Post Evacuate Collection Set: 0.8ms
[2024-01-21T02:01:15.147+0000][7][gc,phases   ] GC(221)   Other: 0.1ms
[2024-01-21T02:01:15.147+0000][7][gc,age      ] GC(221) Age table with threshold 15 (max threshold 15)
[2024-01-21T02:01:15.147+0000][7][gc,age      ] GC(221) - age   1:     851056 bytes,     851056 total
[2024-01-21T02:01:15.147+0000][7][gc,age      ] GC(221) - age   2:      61632 bytes,     912688 total
[2024-01-21T02:01:15.147+0000][7][gc,age      ] GC(221) - age   3:     135248 bytes,    1047936 total
[2024-01-21T02:01:15.147+0000][7][gc,age      ] GC(221) - age   4:        480 bytes,    1048416 total
[2024-01-21T02:01:15.147+0000][7][gc,age      ] GC(221) - age   5:     107640 bytes,    1156056 total
[2024-01-21T02:01:15.147+0000][7][gc,age      ] GC(221) - age   6:        568 bytes,    1156624 total
[2024-01-21T02:01:15.147+0000][7][gc,age      ] GC(221) - age   7:         32 bytes,    1156656 total
[2024-01-21T02:01:15.147+0000][7][gc,age      ] GC(221) - age   8:        184 bytes,    1156840 total
[2024-01-21T02:01:15.147+0000][7][gc,age      ] GC(221) - age   9:       1424 bytes,    1158264 total
[2024-01-21T02:01:15.147+0000][7][gc,age      ] GC(221) - age  10:        648 bytes,    1158912 total
[2024-01-21T02:01:15.147+0000][7][gc,age      ] GC(221) - age  11:         96 bytes,    1159008 total
[2024-01-21T02:01:15.147+0000][7][gc,age      ] GC(221) - age  13:        336 bytes,    1159344 total
[2024-01-21T02:01:15.147+0000][7][gc,age      ] GC(221) - age  14:        152 bytes,    1159496 total
[2024-01-21T02:01:15.147+0000][7][gc,age      ] GC(221) - age  15:        576 bytes,    1160072 total
[2024-01-21T02:01:15.147+0000][7][gc,heap     ] GC(221) Eden regions: 152->0(152)
[2024-01-21T02:01:15.147+0000][7][gc,heap     ] GC(221) Survivor regions: 1->1(20)
[2024-01-21T02:01:15.147+0000][7][gc,heap     ] GC(221) Old regions: 33->33
[2024-01-21T02:01:15.147+0000][7][gc,heap     ] GC(221) Archive regions: 2->2
[2024-01-21T02:01:15.147+0000][7][gc,heap     ] GC(221) Humongous regions: 0->0
[2024-01-21T02:01:15.147+0000][7][gc,metaspace] GC(221) Metaspace: 130463K(134144K)->130463K(134144K) NonClass: 113403K(115328K)->113403K(115328K) Class: 17060K(18816K)->17060K(18816K)
[2024-01-21T02:01:15.147+0000][7][gc          ] GC(221) Pause Young (Normal) (G1 Evacuation Pause) 743M->135M(1024M) 2.760ms
[2024-01-21T02:01:15.147+0000][7][gc,cpu      ] GC(221) User=0.01s Sys=0.00s Real=0.00s
[2024-01-21T02:01:15.147+0000][7][safepoint   ] Safepoint "G1CollectForAllocation", Time since last: 182080621734 ns, Reaching safepoint: 49805 ns, At safepoint: 2852340 ns, Total: 2902145 ns
[2024-01-21T02:01:51.152+0000][7][safepoint   ] Safepoint "Cleanup", Time since last: 36004520490 ns, Reaching safepoint: 66501 ns, At safepoint: 7494 ns, Total: 73995 ns
[2024-01-21T02:04:13.175+0000][7][gc,start    ] GC(222) Pause Young (Normal) (G1 Evacuation Pause)
[2024-01-21T02:04:13.175+0000][7][gc,task     ] GC(222) Using 8 workers of 8 for evacuation
[2024-01-21T02:04:13.175+0000][7][gc,age      ] GC(222) Desired survivor size 41943040 bytes, new threshold 15 (max threshold 15)
[2024-01-21T02:04:13.177+0000][7][gc,phases   ] GC(222)   Pre Evacuate Collection Set: 0.1ms
[2024-01-21T02:04:13.178+0000][7][gc,phases   ] GC(222)   Merge Heap Roots: 0.1ms
[2024-01-21T02:04:13.178+0000][7][gc,phases   ] GC(222)   Evacuate Collection Set: 1.2ms
[2024-01-21T02:04:13.178+0000][7][gc,phases   ] GC(222)   Post Evacuate Collection Set: 0.8ms
[2024-01-21T02:04:13.178+0000][7][gc,phases   ] GC(222)   Other: 0.1ms
[2024-01-21T02:04:13.178+0000][7][gc,age      ] GC(222) Age table with threshold 15 (max threshold 15)
[2024-01-21T02:04:13.178+0000][7][gc,age      ] GC(222) - age   1:     717648 bytes,     717648 total
[2024-01-21T02:04:13.178+0000][7][gc,age      ] GC(222) - age   2:       8720 bytes,     726368 total
[2024-01-21T02:04:13.178+0000][7][gc,age      ] GC(222) - age   3:      60192 bytes,     786560 total
[2024-01-21T02:04:13.178+0000][7][gc,age      ] GC(222) - age   4:     134496 bytes,     921056 total
[2024-01-21T02:04:13.178+0000][7][gc,age      ] GC(222) - age   6:     107248 bytes,    1028304 total
[2024-01-21T02:04:13.178+0000][7][gc,age      ] GC(222) - age   7:        184 bytes,    1028488 total
[2024-01-21T02:04:13.178+0000][7][gc,age      ] GC(222) - age  10:       1424 bytes,    1029912 total
[2024-01-21T02:04:13.178+0000][7][gc,age      ] GC(222) - age  11:        648 bytes,    1030560 total
[2024-01-21T02:04:13.178+0000][7][gc,age      ] GC(222) - age  12:         96 bytes,    1030656 total
[2024-01-21T02:04:13.178+0000][7][gc,age      ] GC(222) - age  14:        336 bytes,    1030992 total
[2024-01-21T02:04:13.178+0000][7][gc,age      ] GC(222) - age  15:        152 bytes,    1031144 total
[2024-01-21T02:04:13.178+0000][7][gc,heap     ] GC(222) Eden regions: 152->0(152)
[2024-01-21T02:04:13.178+0000][7][gc,heap     ] GC(222) Survivor regions: 1->1(20)
[2024-01-21T02:04:13.178+0000][7][gc,heap     ] GC(222) Old regions: 33->33
[2024-01-21T02:04:13.178+0000][7][gc,heap     ] GC(222) Archive regions: 2->2
[2024-01-21T02:04:13.178+0000][7][gc,heap     ] GC(222) Humongous regions: 0->0
[2024-01-21T02:04:13.178+0000][7][gc,metaspace] GC(222) Metaspace: 130482K(134144K)->130482K(134144K) NonClass: 113419K(115328K)->113419K(115328K) Class: 17063K(18816K)->17063K(18816K)
[2024-01-21T02:04:13.178+0000][7][gc          ] GC(222) Pause Young (Normal) (G1 Evacuation Pause) 743M->135M(1024M) 2.840ms
[2024-01-21T02:04:13.178+0000][7][gc,cpu      ] GC(222) User=0.01s Sys=0.00s Real=0.00s
[2024-01-21T02:04:13.178+0000][7][safepoint   ] Safepoint "G1CollectForAllocation", Time since last: 142023259598 ns, Reaching safepoint: 60239 ns, At safepoint: 2953239 ns, Total: 3013478 ns
[2024-01-21T02:07:25.116+0000][7][gc,start    ] GC(223) Pause Young (Normal) (G1 Evacuation Pause)
[2024-01-21T02:07:25.117+0000][7][gc,task     ] GC(223) Using 8 workers of 8 for evacuation
[2024-01-21T02:07:25.117+0000][7][gc,age      ] GC(223) Desired survivor size 41943040 bytes, new threshold 15 (max threshold 15)
[2024-01-21T02:07:25.119+0000][7][gc,phases   ] GC(223)   Pre Evacuate Collection Set: 0.1ms
[2024-01-21T02:07:25.119+0000][7][gc,phases   ] GC(223)   Merge Heap Roots: 0.1ms
[2024-01-21T02:07:25.119+0000][7][gc,phases   ] GC(223)   Evacuate Collection Set: 1.4ms
[2024-01-21T02:07:25.119+0000][7][gc,phases   ] GC(223)   Post Evacuate Collection Set: 0.7ms
[2024-01-21T02:07:25.119+0000][7][gc,phases   ] GC(223)   Other: 0.1ms
[2024-01-21T02:07:25.119+0000][7][gc,age      ] GC(223) Age table with threshold 15 (max threshold 15)
[2024-01-21T02:07:25.119+0000][7][gc,age      ] GC(223) - age   1:    1391096 bytes,    1391096 total
[2024-01-21T02:07:25.119+0000][7][gc,age      ] GC(223) - age   2:       5800 bytes,    1396896 total
[2024-01-21T02:07:25.119+0000][7][gc,age      ] GC(223) - age   3:       6872 bytes,    1403768 total
[2024-01-21T02:07:25.119+0000][7][gc,age      ] GC(223) - age   4:      59808 bytes,    1463576 total
[2024-01-21T02:07:25.119+0000][7][gc,age      ] GC(223) - age   5:     134496 bytes,    1598072 total
[2024-01-21T02:07:25.119+0000][7][gc,age      ] GC(223) - age   7:     107248 bytes,    1705320 total
[2024-01-21T02:07:25.119+0000][7][gc,age      ] GC(223) - age   8:        184 bytes,    1705504 total
[2024-01-21T02:07:25.119+0000][7][gc,age      ] GC(223) - age  11:       1424 bytes,    1706928 total
[2024-01-21T02:07:25.119+0000][7][gc,age      ] GC(223) - age  12:        648 bytes,    1707576 total
[2024-01-21T02:07:25.119+0000][7][gc,age      ] GC(223) - age  13:         96 bytes,    1707672 total
[2024-01-21T02:07:25.119+0000][7][gc,age      ] GC(223) - age  15:        336 bytes,    1708008 total
[2024-01-21T02:07:25.119+0000][7][gc,heap     ] GC(223) Eden regions: 152->0(152)
[2024-01-21T02:07:25.119+0000][7][gc,heap     ] GC(223) Survivor regions: 1->1(20)
[2024-01-21T02:07:25.119+0000][7][gc,heap     ] GC(223) Old regions: 33->33
[2024-01-21T02:07:25.119+0000][7][gc,heap     ] GC(223) Archive regions: 2->2
[2024-01-21T02:07:25.119+0000][7][gc,heap     ] GC(223) Humongous regions: 0->0
[2024-01-21T02:07:25.119+0000][7][gc,metaspace] GC(223) Metaspace: 130482K(134144K)->130482K(134144K) NonClass: 113419K(115328K)->113419K(115328K) Class: 17063K(18816K)->17063K(18816K)
[2024-01-21T02:07:25.119+0000][7][gc          ] GC(223) Pause Young (Normal) (G1 Evacuation Pause) 743M->135M(1024M) 2.661ms
[2024-01-21T02:07:25.119+0000][7][gc,cpu      ] GC(223) User=0.02s Sys=0.00s Real=0.00s
[2024-01-21T02:07:25.119+0000][7][safepoint   ] Safepoint "G1CollectForAllocation", Time since last: 191938436851 ns, Reaching safepoint: 33043 ns, At safepoint: 2749395 ns, Total: 2782438 ns
[2024-01-21T02:07:51.122+0000][7][safepoint   ] Safepoint "Cleanup", Time since last: 26002993918 ns, Reaching safepoint: 43642 ns, At safepoint: 22697 ns, Total: 66339 ns
[2024-01-21T02:10:25.349+0000][7][gc,start    ] GC(224) Pause Young (Normal) (G1 Evacuation Pause)
[2024-01-21T02:10:25.349+0000][7][gc,task     ] GC(224) Using 8 workers of 8 for evacuation
[2024-01-21T02:10:25.349+0000][7][gc,age      ] GC(224) Desired survivor size 41943040 bytes, new threshold 15 (max threshold 15)
[2024-01-21T02:10:25.354+0000][7][gc,phases   ] GC(224)   Pre Evacuate Collection Set: 0.2ms
[2024-01-21T02:10:25.354+0000][7][gc,phases   ] GC(224)   Merge Heap Roots: 0.1ms
[2024-01-21T02:10:25.354+0000][7][gc,phases   ] GC(224)   Evacuate Collection Set: 3.0ms
[2024-01-21T02:10:25.354+0000][7][gc,phases   ] GC(224)   Post Evacuate Collection Set: 0.8ms
[2024-01-21T02:10:25.354+0000][7][gc,phases   ] GC(224)   Other: 0.1ms
[2024-01-21T02:10:25.354+0000][7][gc,age      ] GC(224) Age table with threshold 15 (max threshold 15)
[2024-01-21T02:10:25.354+0000][7][gc,age      ] GC(224) - age   1:    1171568 bytes,    1171568 total
[2024-01-21T02:10:25.354+0000][7][gc,age      ] GC(224) - age   2:       1920 bytes,    1173488 total
[2024-01-21T02:10:25.354+0000][7][gc,age      ] GC(224) - age   3:       4104 bytes,    1177592 total
[2024-01-21T02:10:25.354+0000][7][gc,age      ] GC(224) - age   4:       6328 bytes,    1183920 total
[2024-01-21T02:10:25.354+0000][7][gc,age      ] GC(224) - age   5:      56736 bytes,    1240656 total
[2024-01-21T02:10:25.354+0000][7][gc,age      ] GC(224) - age   6:     134496 bytes,    1375152 total
[2024-01-21T02:10:25.354+0000][7][gc,age      ] GC(224) - age   8:     107248 bytes,    1482400 total
[2024-01-21T02:10:25.354+0000][7][gc,age      ] GC(224) - age   9:        184 bytes,    1482584 total
[2024-01-21T02:10:25.354+0000][7][gc,age      ] GC(224) - age  12:       1424 bytes,    1484008 total
[2024-01-21T02:10:25.354+0000][7][gc,age      ] GC(224) - age  13:        648 bytes,    1484656 total
[2024-01-21T02:10:25.354+0000][7][gc,age      ] GC(224) - age  14:         96 bytes,    1484752 total
[2024-01-21T02:10:25.354+0000][7][gc,heap     ] GC(224) Eden regions: 152->0(152)
[2024-01-21T02:10:25.354+0000][7][gc,heap     ] GC(224) Survivor regions: 1->1(20)
[2024-01-21T02:10:25.354+0000][7][gc,heap     ] GC(224) Old regions: 33->33
[2024-01-21T02:10:25.354+0000][7][gc,heap     ] GC(224) Archive regions: 2->2
[2024-01-21T02:10:25.354+0000][7][gc,heap     ] GC(224) Humongous regions: 0->0
[2024-01-21T02:10:25.354+0000][7][gc,metaspace] GC(224) Metaspace: 130483K(134144K)->130483K(134144K) NonClass: 113420K(115328K)->113420K(115328K) Class: 17063K(18816K)->17063K(18816K)
[2024-01-21T02:10:25.354+0000][7][gc          ] GC(224) Pause Young (Normal) (G1 Evacuation Pause) 743M->135M(1024M) 4.589ms
[2024-01-21T02:10:25.354+0000][7][gc,cpu      ] GC(224) User=0.01s Sys=0.00s Real=0.01s
[2024-01-21T02:10:25.354+0000][7][safepoint   ] Safepoint "G1CollectForAllocation", Time since last: 154226836511 ns, Reaching safepoint: 63933 ns, At safepoint: 4684522 ns, Total: 4748455 ns
[2024-01-21T02:10:30.109+0000][7][safepoint   ] Safepoint "ICBufferFull", Time since last: 4755033878 ns, Reaching safepoint: 131978 ns, At safepoint: 3728 ns, Total: 135706 ns
[2024-01-21T02:10:31.109+0000][7][safepoint   ] Safepoint "Cleanup", Time since last: 1000095830 ns, Reaching safepoint: 170686 ns, At safepoint: 6057 ns, Total: 176743 ns
[2024-01-21T02:10:32.109+0000][7][safepoint   ] Safepoint "Cleanup", Time since last: 1000106434 ns, Reaching safepoint: 68416 ns, At safepoint: 5855 ns, Total: 74271 ns
[2024-01-21T02:10:33.110+0000][7][safepoint   ] Safepoint "Cleanup", Time since last: 1000225264 ns, Reaching safepoint: 72100 ns, At safepoint: 6957 ns, Total: 79057 ns
[2024-01-21T02:11:30.117+0000][7][safepoint   ] Safepoint "Cleanup", Time since last: 57006967886 ns, Reaching safepoint: 81917 ns, At safepoint: 7705 ns, Total: 89622 ns
[2024-01-21T02:12:31.193+0000][7][gc,start    ] GC(225) Pause Young (Normal) (G1 Evacuation Pause)
[2024-01-21T02:12:31.193+0000][7][gc,task     ] GC(225) Using 8 workers of 8 for evacuation
[2024-01-21T02:12:31.193+0000][7][gc,age      ] GC(225) Desired survivor size 41943040 bytes, new threshold 15 (max threshold 15)
[2024-01-21T02:12:31.196+0000][7][gc,phases   ] GC(225)   Pre Evacuate Collection Set: 0.1ms
[2024-01-21T02:12:31.196+0000][7][gc,phases   ] GC(225)   Merge Heap Roots: 0.1ms
[2024-01-21T02:12:31.196+0000][7][gc,phases   ] GC(225)   Evacuate Collection Set: 1.6ms
[2024-01-21T02:12:31.196+0000][7][gc,phases   ] GC(225)   Post Evacuate Collection Set: 0.6ms
[2024-01-21T02:12:31.196+0000][7][gc,phases   ] GC(225)   Other: 0.1ms
[2024-01-21T02:12:31.196+0000][7][gc,age      ] GC(225) Age table with threshold 15 (max threshold 15)
[2024-01-21T02:12:31.196+0000][7][gc,age      ] GC(225) - age   1:    3270200 bytes,    3270200 total
[2024-01-21T02:12:31.196+0000][7][gc,age      ] GC(225) - age   2:       5408 bytes,    3275608 total
[2024-01-21T02:12:31.196+0000][7][gc,age      ] GC(225) - age   3:        608 bytes,    3276216 total
[2024-01-21T02:12:31.196+0000][7][gc,age      ] GC(225) - age   4:       3488 bytes,    3279704 total
[2024-01-21T02:12:31.196+0000][7][gc,age      ] GC(225) - age   5:       6328 bytes,    3286032 total
[2024-01-21T02:12:31.196+0000][7][gc,age      ] GC(225) - age   6:      56552 bytes,    3342584 total
[2024-01-21T02:12:31.196+0000][7][gc,age      ] GC(225) - age   7:     134424 bytes,    3477008 total
[2024-01-21T02:12:31.196+0000][7][gc,age      ] GC(225) - age   9:     107168 bytes,    3584176 total
[2024-01-21T02:12:31.196+0000][7][gc,age      ] GC(225) - age  10:        184 bytes,    3584360 total
[2024-01-21T02:12:31.196+0000][7][gc,age      ] GC(225) - age  13:       1424 bytes,    3585784 total
[2024-01-21T02:12:31.196+0000][7][gc,age      ] GC(225) - age  14:        648 bytes,    3586432 total
[2024-01-21T02:12:31.196+0000][7][gc,age      ] GC(225) - age  15:         96 bytes,    3586528 total
[2024-01-21T02:12:31.196+0000][7][gc,heap     ] GC(225) Eden regions: 152->0(152)
[2024-01-21T02:12:31.196+0000][7][gc,heap     ] GC(225) Survivor regions: 1->1(20)
[2024-01-21T02:12:31.196+0000][7][gc,heap     ] GC(225) Old regions: 33->33
[2024-01-21T02:12:31.196+0000][7][gc,heap     ] GC(225) Archive regions: 2->2
[2024-01-21T02:12:31.196+0000][7][gc,heap     ] GC(225) Humongous regions: 0->0
[2024-01-21T02:12:31.196+0000][7][gc,metaspace] GC(225) Metaspace: 130558K(134208K)->130558K(134208K) NonClass: 113495K(115392K)->113495K(115392K) Class: 17063K(18816K)->17063K(18816K)
[2024-01-21T02:12:31.196+0000][7][gc          ] GC(225) Pause Young (Normal) (G1 Evacuation Pause) 743M->137M(1024M) 2.599ms
[2024-01-21T02:12:31.196+0000][7][gc,cpu      ] GC(225) User=0.02s Sys=0.00s Real=0.00s
[2024-01-21T02:12:31.196+0000][7][safepoint   ] Safepoint "G1CollectForAllocation", Time since last: 61076274008 ns, Reaching safepoint: 34581 ns, At safepoint: 2665690 ns, Total: 2700271 ns
[2024-01-21T02:13:49.206+0000][7][safepoint   ] Safepoint "Cleanup", Time since last: 78010389933 ns, Reaching safepoint: 132078 ns, At safepoint: 6517 ns, Total: 138595 ns
[2024-01-21T02:13:50.207+0000][7][safepoint   ] Safepoint "Cleanup", Time since last: 1000137685 ns, Reaching safepoint: 60035 ns, At safepoint: 16604 ns, Total: 76639 ns
[2024-01-21T02:13:51.207+0000][7][safepoint   ] Safepoint "Cleanup", Time since last: 1000264859 ns, Reaching safepoint: 159527 ns, At safepoint: 16104 ns, Total: 175631 ns
[2024-01-21T02:13:59.208+0000][7][safepoint   ] Safepoint "Cleanup", Time since last: 8000932423 ns, Reaching safepoint: 161544 ns, At safepoint: 7789 ns, Total: 169333 ns
[2024-01-21T02:14:10.209+0000][7][safepoint   ] Safepoint "Cleanup", Time since last: 11001294443 ns, Reaching safepoint: 68163 ns, At safepoint: 5777 ns, Total: 73940 ns
[2024-01-21T02:14:30.212+0000][7][safepoint   ] Safepoint "Cleanup", Time since last: 20002797805 ns, Reaching safepoint: 74206 ns, At safepoint: 21176 ns, Total: 95382 ns
[2024-01-21T02:14:30.794+0000][7][gc,start    ] GC(226) Pause Young (Normal) (G1 Evacuation Pause)
[2024-01-21T02:14:30.794+0000][7][gc,task     ] GC(226) Using 8 workers of 8 for evacuation
[2024-01-21T02:14:30.794+0000][7][gc,age      ] GC(226) Desired survivor size 41943040 bytes, new threshold 15 (max threshold 15)
[2024-01-21T02:14:30.797+0000][7][gc,phases   ] GC(226)   Pre Evacuate Collection Set: 0.1ms
[2024-01-21T02:14:30.797+0000][7][gc,phases   ] GC(226)   Merge Heap Roots: 0.1ms
[2024-01-21T02:14:30.797+0000][7][gc,phases   ] GC(226)   Evacuate Collection Set: 2.0ms
[2024-01-21T02:14:30.797+0000][7][gc,phases   ] GC(226)   Post Evacuate Collection Set: 0.7ms
[2024-01-21T02:14:30.797+0000][7][gc,phases   ] GC(226)   Other: 0.1ms
[2024-01-21T02:14:30.797+0000][7][gc,age      ] GC(226) Age table with threshold 15 (max threshold 15)
[2024-01-21T02:14:30.797+0000][7][gc,age      ] GC(226) - age   1:    3129000 bytes,    3129000 total
[2024-01-21T02:14:30.797+0000][7][gc,age      ] GC(226) - age   2:     355784 bytes,    3484784 total
[2024-01-21T02:14:30.797+0000][7][gc,age      ] GC(226) - age   3:       3616 bytes,    3488400 total
[2024-01-21T02:14:30.798+0000][7][gc,age      ] GC(226) - age   5:       3360 bytes,    3491760 total
[2024-01-21T02:14:30.798+0000][7][gc,age      ] GC(226) - age   6:       6328 bytes,    3498088 total
[2024-01-21T02:14:30.798+0000][7][gc,age      ] GC(226) - age   7:      56368 bytes,    3554456 total
[2024-01-21T02:14:30.798+0000][7][gc,age      ] GC(226) - age   8:     134424 bytes,    3688880 total
[2024-01-21T02:14:30.798+0000][7][gc,age      ] GC(226) - age  10:     106896 bytes,    3795776 total
[2024-01-21T02:14:30.798+0000][7][gc,age      ] GC(226) - age  14:        336 bytes,    3796112 total
[2024-01-21T02:14:30.798+0000][7][gc,age      ] GC(226) - age  15:        376 bytes,    3796488 total
[2024-01-21T02:14:30.798+0000][7][gc,heap     ] GC(226) Eden regions: 152->0(152)
[2024-01-21T02:14:30.798+0000][7][gc,heap     ] GC(226) Survivor regions: 1->1(20)
[2024-01-21T02:14:30.798+0000][7][gc,heap     ] GC(226) Old regions: 33->33
[2024-01-21T02:14:30.798+0000][7][gc,heap     ] GC(226) Archive regions: 2->2
[2024-01-21T02:14:30.798+0000][7][gc,heap     ] GC(226) Humongous regions: 0->0
[2024-01-21T02:14:30.798+0000][7][gc,metaspace] GC(226) Metaspace: 130692K(134336K)->130692K(134336K) NonClass: 113629K(115520K)->113629K(115520K) Class: 17063K(18816K)->17063K(18816K)
[2024-01-21T02:14:30.798+0000][7][gc          ] GC(226) Pause Young (Normal) (G1 Evacuation Pause) 745M->138M(1024M) 3.197ms
[2024-01-21T02:14:30.798+0000][7][gc,cpu      ] GC(226) User=0.02s Sys=0.00s Real=0.00s
[2024-01-21T02:14:30.798+0000][7][safepoint   ] Safepoint "G1CollectForAllocation", Time since last: 581983589 ns, Reaching safepoint: 89851 ns, At safepoint: 3283116 ns, Total: 3372967 ns
[2024-01-21T02:14:31.798+0000][7][safepoint   ] Safepoint "Cleanup", Time since last: 1000084260 ns, Reaching safepoint: 47523 ns, At safepoint: 5106 ns, Total: 52629 ns
[2024-01-21T02:14:32.798+0000][7][safepoint   ] Safepoint "Cleanup", Time since last: 1000212113 ns, Reaching safepoint: 101335 ns, At safepoint: 10062 ns, Total: 111397 ns
[2024-01-21T02:14:33.798+0000][7][safepoint   ] Safepoint "Cleanup", Time since last: 1000230587 ns, Reaching safepoint: 75367 ns, At safepoint: 10772 ns, Total: 86139 ns
[2024-01-21T02:14:40.800+0000][7][safepoint   ] Safepoint "Cleanup", Time since last: 7001150000 ns, Reaching safepoint: 63568 ns, At safepoint: 7648 ns, Total: 71216 ns
[2024-01-21T02:14:46.801+0000][7][safepoint   ] Safepoint "Cleanup", Time since last: 6000981112 ns, Reaching safepoint: 108007 ns, At safepoint: 12395 ns, Total: 120402 ns
[2024-01-21T02:14:48.801+0000][7][safepoint   ] Safepoint "Cleanup", Time since last: 2000316380 ns, Reaching safepoint: 69717 ns, At safepoint: 6712 ns, Total: 76429 ns
[2024-01-21T02:15:01.803+0000][7][safepoint   ] Safepoint "Cleanup", Time since last: 13001309220 ns, Reaching safepoint: 75972 ns, At safepoint: 10121 ns, Total: 86093 ns
[2024-01-21T02:15:03.895+0000][7][safepoint   ] Safepoint "Cleanup", Time since last: 2092082076 ns, Reaching safepoint: 107159 ns, At safepoint: 8132 ns, Total: 115291 ns
[2024-01-21T02:15:20.898+0000][7][safepoint   ] Safepoint "Cleanup", Time since last: 17002652528 ns, Reaching safepoint: 87838 ns, At safepoint: 21827 ns, Total: 109665 ns
[2024-01-21T02:16:49.145+0000][7][gc,start    ] GC(227) Pause Young (Normal) (G1 Evacuation Pause)
[2024-01-21T02:16:49.145+0000][7][gc,task     ] GC(227) Using 8 workers of 8 for evacuation
[2024-01-21T02:16:49.145+0000][7][gc,age      ] GC(227) Desired survivor size 41943040 bytes, new threshold 15 (max threshold 15)
[2024-01-21T02:16:49.149+0000][7][gc,phases   ] GC(227)   Pre Evacuate Collection Set: 0.1ms
[2024-01-21T02:16:49.149+0000][7][gc,phases   ] GC(227)   Merge Heap Roots: 0.1ms
[2024-01-21T02:16:49.149+0000][7][gc,phases   ] GC(227)   Evacuate Collection Set: 2.2ms
[2024-01-21T02:16:49.149+0000][7][gc,phases   ] GC(227)   Post Evacuate Collection Set: 1.2ms
[2024-01-21T02:16:49.149+0000][7][gc,phases   ] GC(227)   Other: 0.1ms
[2024-01-21T02:16:49.149+0000][7][gc,age      ] GC(227) Age table with threshold 15 (max threshold 15)
[2024-01-21T02:16:49.149+0000][7][gc,age      ] GC(227) - age   1:    1743288 bytes,    1743288 total
[2024-01-21T02:16:49.149+0000][7][gc,age      ] GC(227) - age   2:     585048 bytes,    2328336 total
[2024-01-21T02:16:49.149+0000][7][gc,age      ] GC(227) - age   3:     352824 bytes,    2681160 total
[2024-01-21T02:16:49.149+0000][7][gc,age      ] GC(227) - age   4:       2688 bytes,    2683848 total
[2024-01-21T02:16:49.149+0000][7][gc,age      ] GC(227) - age   6:       3360 bytes,    2687208 total
[2024-01-21T02:16:49.149+0000][7][gc,age      ] GC(227) - age   7:       6328 bytes,    2693536 total
[2024-01-21T02:16:49.149+0000][7][gc,age      ] GC(227) - age   8:      56368 bytes,    2749904 total
[2024-01-21T02:16:49.149+0000][7][gc,age      ] GC(227) - age   9:     134424 bytes,    2884328 total
[2024-01-21T02:16:49.149+0000][7][gc,age      ] GC(227) - age  11:     106896 bytes,    2991224 total
[2024-01-21T02:16:49.149+0000][7][gc,age      ] GC(227) - age  15:        144 bytes,    2991368 total
[2024-01-21T02:16:49.149+0000][7][gc,heap     ] GC(227) Eden regions: 152->0(152)
[2024-01-21T02:16:49.149+0000][7][gc,heap     ] GC(227) Survivor regions: 1->1(20)
[2024-01-21T02:16:49.149+0000][7][gc,heap     ] GC(227) Old regions: 33->33
[2024-01-21T02:16:49.149+0000][7][gc,heap     ] GC(227) Archive regions: 2->2
[2024-01-21T02:16:49.149+0000][7][gc,heap     ] GC(227) Humongous regions: 0->0
[2024-01-21T02:16:49.149+0000][7][gc,metaspace] GC(227) Metaspace: 130723K(134400K)->130723K(134400K) NonClass: 113660K(115584K)->113660K(115584K) Class: 17063K(18816K)->17063K(18816K)
[2024-01-21T02:16:49.149+0000][7][gc          ] GC(227) Pause Young (Normal) (G1 Evacuation Pause) 746M->137M(1024M) 3.915ms
[2024-01-21T02:16:49.149+0000][7][gc,cpu      ] GC(227) User=0.02s Sys=0.00s Real=0.00s
[2024-01-21T02:16:49.149+0000][7][safepoint   ] Safepoint "G1CollectForAllocation", Time since last: 88247487279 ns, Reaching safepoint: 52799 ns, At safepoint: 4007294 ns, Total: 4060093 ns
[2024-01-21T02:18:51.162+0000][7][safepoint   ] Safepoint "Cleanup", Time since last: 122013332335 ns, Reaching safepoint: 65771 ns, At safepoint: 35887 ns, Total: 101658 ns
[2024-01-21T02:19:32.166+0000][7][safepoint   ] Safepoint "Cleanup", Time since last: 41003916417 ns, Reaching safepoint: 72951 ns, At safepoint: 5140 ns, Total: 78091 ns
[2024-01-21T02:19:49.217+0000][7][gc,start    ] GC(228) Pause Young (Normal) (G1 Evacuation Pause)
[2024-01-21T02:19:49.217+0000][7][gc,task     ] GC(228) Using 8 workers of 8 for evacuation
[2024-01-21T02:19:49.217+0000][7][gc,age      ] GC(228) Desired survivor size 41943040 bytes, new threshold 15 (max threshold 15)
[2024-01-21T02:19:49.220+0000][7][gc,phases   ] GC(228)   Pre Evacuate Collection Set: 0.1ms
[2024-01-21T02:19:49.220+0000][7][gc,phases   ] GC(228)   Merge Heap Roots: 0.1ms
[2024-01-21T02:19:49.220+0000][7][gc,phases   ] GC(228)   Evacuate Collection Set: 2.1ms
[2024-01-21T02:19:49.220+0000][7][gc,phases   ] GC(228)   Post Evacuate Collection Set: 0.8ms
[2024-01-21T02:19:49.220+0000][7][gc,phases   ] GC(228)   Other: 0.1ms
[2024-01-21T02:19:49.220+0000][7][gc,age      ] GC(228) Age table with threshold 15 (max threshold 15)
[2024-01-21T02:19:49.220+0000][7][gc,age      ] GC(228) - age   1:    1321200 bytes,    1321200 total
[2024-01-21T02:19:49.220+0000][7][gc,age      ] GC(228) - age   2:     396944 bytes,    1718144 total
[2024-01-21T02:19:49.220+0000][7][gc,age      ] GC(228) - age   3:     562152 bytes,    2280296 total
[2024-01-21T02:19:49.220+0000][7][gc,age      ] GC(228) - age   4:     352120 bytes,    2632416 total
[2024-01-21T02:19:49.220+0000][7][gc,age      ] GC(228) - age   7:       2784 bytes,    2635200 total
[2024-01-21T02:19:49.220+0000][7][gc,age      ] GC(228) - age   8:       6328 bytes,    2641528 total
[2024-01-21T02:19:49.220+0000][7][gc,age      ] GC(228) - age   9:      56368 bytes,    2697896 total
[2024-01-21T02:19:49.220+0000][7][gc,age      ] GC(228) - age  10:     133880 bytes,    2831776 total
[2024-01-21T02:19:49.220+0000][7][gc,age      ] GC(228) - age  12:     106896 bytes,    2938672 total
[2024-01-21T02:19:49.220+0000][7][gc,heap     ] GC(228) Eden regions: 152->0(152)
[2024-01-21T02:19:49.220+0000][7][gc,heap     ] GC(228) Survivor regions: 1->1(20)
[2024-01-21T02:19:49.220+0000][7][gc,heap     ] GC(228) Old regions: 33->33
[2024-01-21T02:19:49.220+0000][7][gc,heap     ] GC(228) Archive regions: 2->2
[2024-01-21T02:19:49.220+0000][7][gc,heap     ] GC(228) Humongous regions: 0->0
[2024-01-21T02:19:49.220+0000][7][gc,metaspace] GC(228) Metaspace: 130724K(134400K)->130724K(134400K) NonClass: 113661K(115584K)->113661K(115584K) Class: 17063K(18816K)->17063K(18816K)
[2024-01-21T02:19:49.220+0000][7][gc          ] GC(228) Pause Young (Normal) (G1 Evacuation Pause) 745M->137M(1024M) 3.505ms
[2024-01-21T02:19:49.220+0000][7][gc,cpu      ] GC(228) User=0.02s Sys=0.00s Real=0.00s
[2024-01-21T02:19:49.220+0000][7][safepoint   ] Safepoint "G1CollectForAllocation", Time since last: 17050181011 ns, Reaching safepoint: 144540 ns, At safepoint: 3601435 ns, Total: 3745975 ns
[2024-01-21T02:20:39.226+0000][7][safepoint   ] Safepoint "Cleanup", Time since last: 50005406736 ns, Reaching safepoint: 44532 ns, At safepoint: 11427 ns, Total: 55959 ns
[2024-01-21T02:20:40.226+0000][7][safepoint   ] Safepoint "Cleanup", Time since last: 1000132350 ns, Reaching safepoint: 119788 ns, At safepoint: 3307 ns, Total: 123095 ns
[2024-01-21T02:20:51.227+0000][7][safepoint   ] Safepoint "Cleanup", Time since last: 11001137971 ns, Reaching safepoint: 114867 ns, At safepoint: 3974 ns, Total: 118841 ns
[2024-01-21T02:20:53.228+0000][7][safepoint   ] Safepoint "Cleanup", Time since last: 2000237441 ns, Reaching safepoint: 71293 ns, At safepoint: 6455 ns, Total: 77748 ns
[2024-01-21T02:20:56.228+0000][7][safepoint   ] Safepoint "Cleanup", Time since last: 3000381056 ns, Reaching safepoint: 53620 ns, At safepoint: 4811 ns, Total: 58431 ns
[2024-01-21T02:22:00.570+0000][7][gc,start    ] GC(229) Pause Young (Normal) (G1 Evacuation Pause)
[2024-01-21T02:22:00.570+0000][7][gc,task     ] GC(229) Using 8 workers of 8 for evacuation
[2024-01-21T02:22:00.570+0000][7][gc,age      ] GC(229) Desired survivor size 41943040 bytes, new threshold 15 (max threshold 15)
[2024-01-21T02:22:00.573+0000][7][gc,phases   ] GC(229)   Pre Evacuate Collection Set: 0.1ms
[2024-01-21T02:22:00.574+0000][7][gc,phases   ] GC(229)   Merge Heap Roots: 0.1ms
[2024-01-21T02:22:00.574+0000][7][gc,phases   ] GC(229)   Evacuate Collection Set: 2.3ms
[2024-01-21T02:22:00.574+0000][7][gc,phases   ] GC(229)   Post Evacuate Collection Set: 0.8ms
[2024-01-21T02:22:00.574+0000][7][gc,phases   ] GC(229)   Other: 0.1ms
[2024-01-21T02:22:00.574+0000][7][gc,age      ] GC(229) Age table with threshold 15 (max threshold 15)
[2024-01-21T02:22:00.574+0000][7][gc,age      ] GC(229) - age   1:    2014440 bytes,    2014440 total
[2024-01-21T02:22:00.574+0000][7][gc,age      ] GC(229) - age   2:      55712 bytes,    2070152 total
[2024-01-21T02:22:00.574+0000][7][gc,age      ] GC(229) - age   3:     135504 bytes,    2205656 total
[2024-01-21T02:22:00.574+0000][7][gc,age      ] GC(229) - age   4:      78048 bytes,    2283704 total
[2024-01-21T02:22:00.574+0000][7][gc,age      ] GC(229) - age   5:     351408 bytes,    2635112 total
[2024-01-21T02:22:00.574+0000][7][gc,age      ] GC(229) - age   8:       2784 bytes,    2637896 total
[2024-01-21T02:22:00.574+0000][7][gc,age      ] GC(229) - age   9:       6328 bytes,    2644224 total
[2024-01-21T02:22:00.574+0000][7][gc,age      ] GC(229) - age  10:      56368 bytes,    2700592 total
[2024-01-21T02:22:00.574+0000][7][gc,age      ] GC(229) - age  11:     133880 bytes,    2834472 total
[2024-01-21T02:22:00.574+0000][7][gc,age      ] GC(229) - age  13:     106864 bytes,    2941336 total
[2024-01-21T02:22:00.574+0000][7][gc,heap     ] GC(229) Eden regions: 152->0(152)
[2024-01-21T02:22:00.574+0000][7][gc,heap     ] GC(229) Survivor regions: 1->1(20)
[2024-01-21T02:22:00.574+0000][7][gc,heap     ] GC(229) Old regions: 33->33
[2024-01-21T02:22:00.574+0000][7][gc,heap     ] GC(229) Archive regions: 2->2
[2024-01-21T02:22:00.574+0000][7][gc,heap     ] GC(229) Humongous regions: 0->0
[2024-01-21T02:22:00.574+0000][7][gc,metaspace] GC(229) Metaspace: 130796K(134464K)->130796K(134464K) NonClass: 113733K(115648K)->113733K(115648K) Class: 17063K(18816K)->17063K(18816K)
[2024-01-21T02:22:00.574+0000][7][gc          ] GC(229) Pause Young (Normal) (G1 Evacuation Pause) 745M->137M(1024M) 3.831ms
[2024-01-21T02:22:00.574+0000][7][gc,cpu      ] GC(229) User=0.02s Sys=0.00s Real=0.01s
[2024-01-21T02:22:00.574+0000][7][safepoint   ] Safepoint "G1CollectForAllocation", Time since last: 64341652359 ns, Reaching safepoint: 77191 ns, At safepoint: 3939524 ns, Total: 4016715 ns
[2024-01-21T02:25:01.165+0000][7][gc,start    ] GC(230) Pause Young (Normal) (G1 Evacuation Pause)
[2024-01-21T02:25:01.165+0000][7][gc,task     ] GC(230) Using 8 workers of 8 for evacuation
[2024-01-21T02:25:01.165+0000][7][gc,age      ] GC(230) Desired survivor size 41943040 bytes, new threshold 15 (max threshold 15)
[2024-01-21T02:25:01.168+0000][7][gc,phases   ] GC(230)   Pre Evacuate Collection Set: 0.1ms
[2024-01-21T02:25:01.168+0000][7][gc,phases   ] GC(230)   Merge Heap Roots: 0.1ms
[2024-01-21T02:25:01.168+0000][7][gc,phases   ] GC(230)   Evacuate Collection Set: 2.0ms
[2024-01-21T02:25:01.168+0000][7][gc,phases   ] GC(230)   Post Evacuate Collection Set: 0.6ms
[2024-01-21T02:25:01.168+0000][7][gc,phases   ] GC(230)   Other: 0.1ms
[2024-01-21T02:25:01.168+0000][7][gc,age      ] GC(230) Age table with threshold 15 (max threshold 15)
[2024-01-21T02:25:01.168+0000][7][gc,age      ] GC(230) - age   1:     984208 bytes,     984208 total
[2024-01-21T02:25:01.168+0000][7][gc,age      ] GC(230) - age   2:     856584 bytes,    1840792 total
[2024-01-21T02:25:01.168+0000][7][gc,age      ] GC(230) - age   3:      27640 bytes,    1868432 total
[2024-01-21T02:25:01.168+0000][7][gc,age      ] GC(230) - age   4:     134800 bytes,    2003232 total
[2024-01-21T02:25:01.168+0000][7][gc,age      ] GC(230) - age   5:      77792 bytes,    2081024 total
[2024-01-21T02:25:01.168+0000][7][gc,age      ] GC(230) - age   6:     351280 bytes,    2432304 total
[2024-01-21T02:25:01.168+0000][7][gc,age      ] GC(230) - age   9:       2400 bytes,    2434704 total
[2024-01-21T02:25:01.168+0000][7][gc,age      ] GC(230) - age  10:       6328 bytes,    2441032 total
[2024-01-21T02:25:01.168+0000][7][gc,age      ] GC(230) - age  11:      56368 bytes,    2497400 total
[2024-01-21T02:25:01.168+0000][7][gc,age      ] GC(230) - age  12:     133880 bytes,    2631280 total
[2024-01-21T02:25:01.168+0000][7][gc,age      ] GC(230) - age  14:     106864 bytes,    2738144 total
[2024-01-21T02:25:01.168+0000][7][gc,heap     ] GC(230) Eden regions: 152->0(152)
[2024-01-21T02:25:01.168+0000][7][gc,heap     ] GC(230) Survivor regions: 1->1(20)
[2024-01-21T02:25:01.168+0000][7][gc,heap     ] GC(230) Old regions: 33->33
[2024-01-21T02:25:01.168+0000][7][gc,heap     ] GC(230) Archive regions: 2->2
[2024-01-21T02:25:01.168+0000][7][gc,heap     ] GC(230) Humongous regions: 0->0
[2024-01-21T02:25:01.168+0000][7][gc,metaspace] GC(230) Metaspace: 130796K(134464K)->130796K(134464K) NonClass: 113733K(115648K)->113733K(115648K) Class: 17063K(18816K)->17063K(18816K)
[2024-01-21T02:25:01.168+0000][7][gc          ] GC(230) Pause Young (Normal) (G1 Evacuation Pause) 745M->136M(1024M) 3.135ms
[2024-01-21T02:25:01.168+0000][7][gc,cpu      ] GC(230) User=0.01s Sys=0.00s Real=0.00s
[2024-01-21T02:25:01.168+0000][7][safepoint   ] Safepoint "G1CollectForAllocation", Time since last: 180591272580 ns, Reaching safepoint: 62116 ns, At safepoint: 3214573 ns, Total: 3276689 ns
[2024-01-21T02:25:42.173+0000][7][safepoint   ] Safepoint "Cleanup", Time since last: 41004433830 ns, Reaching safepoint: 63313 ns, At safepoint: 8019 ns, Total: 71332 ns
[2024-01-21T02:27:58.153+0000][7][gc,start    ] GC(231) Pause Young (Normal) (G1 Evacuation Pause)
[2024-01-21T02:27:58.153+0000][7][gc,task     ] GC(231) Using 8 workers of 8 for evacuation
[2024-01-21T02:27:58.153+0000][7][gc,age      ] GC(231) Desired survivor size 41943040 bytes, new threshold 15 (max threshold 15)
[2024-01-21T02:27:58.156+0000][7][gc,phases   ] GC(231)   Pre Evacuate Collection Set: 0.1ms
[2024-01-21T02:27:58.156+0000][7][gc,phases   ] GC(231)   Merge Heap Roots: 0.1ms
[2024-01-21T02:27:58.156+0000][7][gc,phases   ] GC(231)   Evacuate Collection Set: 1.8ms
[2024-01-21T02:27:58.156+0000][7][gc,phases   ] GC(231)   Post Evacuate Collection Set: 0.8ms
[2024-01-21T02:27:58.156+0000][7][gc,phases   ] GC(231)   Other: 0.1ms
[2024-01-21T02:27:58.156+0000][7][gc,age      ] GC(231) Age table with threshold 15 (max threshold 15)
[2024-01-21T02:27:58.156+0000][7][gc,age      ] GC(231) - age   1:     513512 bytes,     513512 total
[2024-01-21T02:27:58.156+0000][7][gc,age      ] GC(231) - age   2:       3136 bytes,     516648 total
[2024-01-21T02:27:58.156+0000][7][gc,age      ] GC(231) - age   3:     819856 bytes,    1336504 total
[2024-01-21T02:27:58.156+0000][7][gc,age      ] GC(231) - age   4:      24664 bytes,    1361168 total
[2024-01-21T02:27:58.156+0000][7][gc,age      ] GC(231) - age   5:     134776 bytes,    1495944 total
[2024-01-21T02:27:58.156+0000][7][gc,age      ] GC(231) - age   6:      77792 bytes,    1573736 total
[2024-01-21T02:27:58.156+0000][7][gc,age      ] GC(231) - age   7:     351280 bytes,    1925016 total
[2024-01-21T02:27:58.156+0000][7][gc,age      ] GC(231) - age  10:       2400 bytes,    1927416 total
[2024-01-21T02:27:58.156+0000][7][gc,age      ] GC(231) - age  11:       6328 bytes,    1933744 total
[2024-01-21T02:27:58.156+0000][7][gc,age      ] GC(231) - age  12:      56368 bytes,    1990112 total
[2024-01-21T02:27:58.156+0000][7][gc,age      ] GC(231) - age  13:     133880 bytes,    2123992 total
[2024-01-21T02:27:58.156+0000][7][gc,age      ] GC(231) - age  15:     106864 bytes,    2230856 total
[2024-01-21T02:27:58.156+0000][7][gc,heap     ] GC(231) Eden regions: 152->0(152)
[2024-01-21T02:27:58.156+0000][7][gc,heap     ] GC(231) Survivor regions: 1->1(20)
[2024-01-21T02:27:58.156+0000][7][gc,heap     ] GC(231) Old regions: 33->33
[2024-01-21T02:27:58.156+0000][7][gc,heap     ] GC(231) Archive regions: 2->2
[2024-01-21T02:27:58.156+0000][7][gc,heap     ] GC(231) Humongous regions: 0->0
[2024-01-21T02:27:58.156+0000][7][gc,metaspace] GC(231) Metaspace: 130802K(134464K)->130802K(134464K) NonClass: 113739K(115648K)->113739K(115648K) Class: 17063K(18816K)->17063K(18816K)
[2024-01-21T02:27:58.156+0000][7][gc          ] GC(231) Pause Young (Normal) (G1 Evacuation Pause) 744M->136M(1024M) 3.292ms
[2024-01-21T02:27:58.156+0000][7][gc,cpu      ] GC(231) User=0.01s Sys=0.00s Real=0.00s
[2024-01-21T02:27:58.156+0000][7][safepoint   ] Safepoint "G1CollectForAllocation", Time since last: 135980112775 ns, Reaching safepoint: 53282 ns, At safepoint: 3402830 ns, Total: 3456112 ns
[2024-01-21T02:31:10.170+0000][7][gc,start    ] GC(232) Pause Young (Normal) (G1 Evacuation Pause)
[2024-01-21T02:31:10.170+0000][7][gc,task     ] GC(232) Using 8 workers of 8 for evacuation
[2024-01-21T02:31:10.170+0000][7][gc,age      ] GC(232) Desired survivor size 41943040 bytes, new threshold 15 (max threshold 15)
[2024-01-21T02:31:10.174+0000][7][gc,phases   ] GC(232)   Pre Evacuate Collection Set: 0.1ms
[2024-01-21T02:31:10.174+0000][7][gc,phases   ] GC(232)   Merge Heap Roots: 0.1ms
[2024-01-21T02:31:10.174+0000][7][gc,phases   ] GC(232)   Evacuate Collection Set: 2.3ms
[2024-01-21T02:31:10.174+0000][7][gc,phases   ] GC(232)   Post Evacuate Collection Set: 0.8ms
[2024-01-21T02:31:10.174+0000][7][gc,phases   ] GC(232)   Other: 0.1ms
[2024-01-21T02:31:10.174+0000][7][gc,age      ] GC(232) Age table with threshold 15 (max threshold 15)
[2024-01-21T02:31:10.174+0000][7][gc,age      ] GC(232) - age   1:    1372784 bytes,    1372784 total
[2024-01-21T02:31:10.174+0000][7][gc,age      ] GC(232) - age   2:      72216 bytes,    1445000 total
[2024-01-21T02:31:10.174+0000][7][gc,age      ] GC(232) - age   3:       1192 bytes,    1446192 total
[2024-01-21T02:31:10.174+0000][7][gc,age      ] GC(232) - age   4:     793216 bytes,    2239408 total
[2024-01-21T02:31:10.174+0000][7][gc,age      ] GC(232) - age   5:       1088 bytes,    2240496 total
[2024-01-21T02:31:10.174+0000][7][gc,age      ] GC(232) - age   6:     134776 bytes,    2375272 total
[2024-01-21T02:31:10.174+0000][7][gc,age      ] GC(232) - age   7:      76904 bytes,    2452176 total
[2024-01-21T02:31:10.174+0000][7][gc,age      ] GC(232) - age   8:     350984 bytes,    2803160 total
[2024-01-21T02:31:10.174+0000][7][gc,age      ] GC(232) - age  11:       2400 bytes,    2805560 total
[2024-01-21T02:31:10.174+0000][7][gc,age      ] GC(232) - age  12:       6328 bytes,    2811888 total
[2024-01-21T02:31:10.174+0000][7][gc,age      ] GC(232) - age  13:      56368 bytes,    2868256 total
[2024-01-21T02:31:10.174+0000][7][gc,age      ] GC(232) - age  14:     133880 bytes,    3002136 total
[2024-01-21T02:31:10.174+0000][7][gc,heap     ] GC(232) Eden regions: 152->0(152)
[2024-01-21T02:31:10.174+0000][7][gc,heap     ] GC(232) Survivor regions: 1->1(20)
[2024-01-21T02:31:10.174+0000][7][gc,heap     ] GC(232) Old regions: 33->33
[2024-01-21T02:31:10.174+0000][7][gc,heap     ] GC(232) Archive regions: 2->2
[2024-01-21T02:31:10.174+0000][7][gc,heap     ] GC(232) Humongous regions: 0->0
[2024-01-21T02:31:10.174+0000][7][gc,metaspace] GC(232) Metaspace: 130802K(134464K)->130802K(134464K) NonClass: 113739K(115648K)->113739K(115648K) Class: 17063K(18816K)->17063K(18816K)
[2024-01-21T02:31:10.174+0000][7][gc          ] GC(232) Pause Young (Normal) (G1 Evacuation Pause) 744M->137M(1024M) 3.734ms
[2024-01-21T02:31:10.174+0000][7][gc,cpu      ] GC(232) User=0.02s Sys=0.00s Real=0.01s
[2024-01-21T02:31:10.174+0000][7][safepoint   ] Safepoint "G1CollectForAllocation", Time since last: 192013600950 ns, Reaching safepoint: 66310 ns, At safepoint: 3829518 ns, Total: 3895828 ns
[2024-01-21T02:34:10.157+0000][7][gc,start    ] GC(233) Pause Young (Normal) (G1 Evacuation Pause)
[2024-01-21T02:34:10.157+0000][7][gc,task     ] GC(233) Using 8 workers of 8 for evacuation
[2024-01-21T02:34:10.157+0000][7][gc,age      ] GC(233) Desired survivor size 41943040 bytes, new threshold 15 (max threshold 15)
[2024-01-21T02:34:10.160+0000][7][gc,phases   ] GC(233)   Pre Evacuate Collection Set: 0.1ms
[2024-01-21T02:34:10.160+0000][7][gc,phases   ] GC(233)   Merge Heap Roots: 0.1ms
[2024-01-21T02:34:10.160+0000][7][gc,phases   ] GC(233)   Evacuate Collection Set: 1.7ms
[2024-01-21T02:34:10.160+0000][7][gc,phases   ] GC(233)   Post Evacuate Collection Set: 0.6ms
[2024-01-21T02:34:10.160+0000][7][gc,phases   ] GC(233)   Other: 0.1ms
[2024-01-21T02:34:10.160+0000][7][gc,age      ] GC(233) Age table with threshold 15 (max threshold 15)
[2024-01-21T02:34:10.160+0000][7][gc,age      ] GC(233) - age   1:    1212600 bytes,    1212600 total
[2024-01-21T02:34:10.160+0000][7][gc,age      ] GC(233) - age   2:       3504 bytes,    1216104 total
[2024-01-21T02:34:10.160+0000][7][gc,age      ] GC(233) - age   3:      71392 bytes,    1287496 total
[2024-01-21T02:34:10.160+0000][7][gc,age      ] GC(233) - age   4:        384 bytes,    1287880 total
[2024-01-21T02:34:10.160+0000][7][gc,age      ] GC(233) - age   5:     793184 bytes,    2081064 total
[2024-01-21T02:34:10.160+0000][7][gc,age      ] GC(233) - age   6:        696 bytes,    2081760 total
[2024-01-21T02:34:10.160+0000][7][gc,age      ] GC(233) - age   7:     134776 bytes,    2216536 total
[2024-01-21T02:34:10.160+0000][7][gc,age      ] GC(233) - age   8:      76640 bytes,    2293176 total
[2024-01-21T02:34:10.160+0000][7][gc,age      ] GC(233) - age   9:     284416 bytes,    2577592 total
[2024-01-21T02:34:10.160+0000][7][gc,age      ] GC(233) - age  12:       2400 bytes,    2579992 total
[2024-01-21T02:34:10.160+0000][7][gc,age      ] GC(233) - age  13:       6328 bytes,    2586320 total
[2024-01-21T02:34:10.160+0000][7][gc,age      ] GC(233) - age  14:      56368 bytes,    2642688 total
[2024-01-21T02:34:10.160+0000][7][gc,age      ] GC(233) - age  15:     133880 bytes,    2776568 total
[2024-01-21T02:34:10.160+0000][7][gc,heap     ] GC(233) Eden regions: 152->0(152)
[2024-01-21T02:34:10.160+0000][7][gc,heap     ] GC(233) Survivor regions: 1->1(20)
[2024-01-21T02:34:10.160+0000][7][gc,heap     ] GC(233) Old regions: 33->33
[2024-01-21T02:34:10.160+0000][7][gc,heap     ] GC(233) Archive regions: 2->2
[2024-01-21T02:34:10.160+0000][7][gc,heap     ] GC(233) Humongous regions: 0->0
[2024-01-21T02:34:10.160+0000][7][gc,metaspace] GC(233) Metaspace: 130803K(134464K)->130803K(134464K) NonClass: 113740K(115648K)->113740K(115648K) Class: 17063K(18816K)->17063K(18816K)
[2024-01-21T02:34:10.160+0000][7][gc          ] GC(233) Pause Young (Normal) (G1 Evacuation Pause) 745M->137M(1024M) 2.681ms
[2024-01-21T02:34:10.160+0000][7][gc,cpu      ] GC(233) User=0.01s Sys=0.00s Real=0.00s
[2024-01-21T02:34:10.160+0000][7][safepoint   ] Safepoint "G1CollectForAllocation", Time since last: 179983013975 ns, Reaching safepoint: 45582 ns, At safepoint: 2748296 ns, Total: 2793878 ns
[2024-01-21T02:37:07.210+0000][7][gc,start    ] GC(234) Pause Young (Normal) (G1 Evacuation Pause)
[2024-01-21T02:37:07.210+0000][7][gc,task     ] GC(234) Using 8 workers of 8 for evacuation
[2024-01-21T02:37:07.210+0000][7][gc,age      ] GC(234) Desired survivor size 41943040 bytes, new threshold 15 (max threshold 15)
[2024-01-21T02:37:07.212+0000][7][gc,phases   ] GC(234)   Pre Evacuate Collection Set: 0.1ms
[2024-01-21T02:37:07.212+0000][7][gc,phases   ] GC(234)   Merge Heap Roots: 0.1ms
[2024-01-21T02:37:07.212+0000][7][gc,phases   ] GC(234)   Evacuate Collection Set: 1.1ms
[2024-01-21T02:37:07.212+0000][7][gc,phases   ] GC(234)   Post Evacuate Collection Set: 0.5ms
[2024-01-21T02:37:07.212+0000][7][gc,phases   ] GC(234)   Other: 0.1ms
[2024-01-21T02:37:07.212+0000][7][gc,age      ] GC(234) Age table with threshold 15 (max threshold 15)
[2024-01-21T02:37:07.212+0000][7][gc,age      ] GC(234) - age   1:     639616 bytes,     639616 total
[2024-01-21T02:37:07.212+0000][7][gc,age      ] GC(234) - age   2:       3592 bytes,     643208 total
[2024-01-21T02:37:07.212+0000][7][gc,age      ] GC(234) - age   3:       1672 bytes,     644880 total
[2024-01-21T02:37:07.212+0000][7][gc,age      ] GC(234) - age   4:      71096 bytes,     715976 total
[2024-01-21T02:37:07.212+0000][7][gc,age      ] GC(234) - age   5:        384 bytes,     716360 total
[2024-01-21T02:37:07.212+0000][7][gc,age      ] GC(234) - age   6:     793184 bytes,    1509544 total
[2024-01-21T02:37:07.212+0000][7][gc,age      ] GC(234) - age   7:        512 bytes,    1510056 total
[2024-01-21T02:37:07.212+0000][7][gc,age      ] GC(234) - age   8:     134776 bytes,    1644832 total
[2024-01-21T02:37:07.212+0000][7][gc,age      ] GC(234) - age   9:      76640 bytes,    1721472 total
[2024-01-21T02:37:07.212+0000][7][gc,age      ] GC(234) - age  10:     284416 bytes,    2005888 total
[2024-01-21T02:37:07.212+0000][7][gc,age      ] GC(234) - age  13:       2400 bytes,    2008288 total
[2024-01-21T02:37:07.212+0000][7][gc,age      ] GC(234) - age  14:       6328 bytes,    2014616 total
[2024-01-21T02:37:07.212+0000][7][gc,age      ] GC(234) - age  15:      56368 bytes,    2070984 total
[2024-01-21T02:37:07.212+0000][7][gc,heap     ] GC(234) Eden regions: 152->0(152)
[2024-01-21T02:37:07.212+0000][7][gc,heap     ] GC(234) Survivor regions: 1->1(20)
[2024-01-21T02:37:07.212+0000][7][gc,heap     ] GC(234) Old regions: 33->33
[2024-01-21T02:37:07.212+0000][7][gc,heap     ] GC(234) Archive regions: 2->2
[2024-01-21T02:37:07.212+0000][7][gc,heap     ] GC(234) Humongous regions: 0->0
[2024-01-21T02:37:07.212+0000][7][gc,metaspace] GC(234) Metaspace: 130803K(134464K)->130803K(134464K) NonClass: 113740K(115648K)->113740K(115648K) Class: 17063K(18816K)->17063K(18816K)
[2024-01-21T02:37:07.212+0000][7][gc          ] GC(234) Pause Young (Normal) (G1 Evacuation Pause) 745M->136M(1024M) 1.971ms
[2024-01-21T02:37:07.212+0000][7][gc,cpu      ] GC(234) User=0.01s Sys=0.00s Real=0.00s
[2024-01-21T02:37:07.212+0000][7][safepoint   ] Safepoint "G1CollectForAllocation", Time since last: 177049919448 ns, Reaching safepoint: 27894 ns, At safepoint: 2046636 ns, Total: 2074530 ns
[2024-01-21T02:40:13.416+0000][7][gc,start    ] GC(235) Pause Young (Normal) (G1 Evacuation Pause)
[2024-01-21T02:40:13.416+0000][7][gc,task     ] GC(235) Using 8 workers of 8 for evacuation
[2024-01-21T02:40:13.416+0000][7][gc,age      ] GC(235) Desired survivor size 41943040 bytes, new threshold 15 (max threshold 15)
[2024-01-21T02:40:13.420+0000][7][gc,phases   ] GC(235)   Pre Evacuate Collection Set: 0.1ms
[2024-01-21T02:40:13.420+0000][7][gc,phases   ] GC(235)   Merge Heap Roots: 0.1ms
[2024-01-21T02:40:13.420+0000][7][gc,phases   ] GC(235)   Evacuate Collection Set: 2.2ms
[2024-01-21T02:40:13.420+0000][7][gc,phases   ] GC(235)   Post Evacuate Collection Set: 1.0ms
[2024-01-21T02:40:13.420+0000][7][gc,phases   ] GC(235)   Other: 0.1ms
[2024-01-21T02:40:13.420+0000][7][gc,age      ] GC(235) Age table with threshold 15 (max threshold 15)
[2024-01-21T02:40:13.420+0000][7][gc,age      ] GC(235) - age   1:    1852544 bytes,    1852544 total
[2024-01-21T02:40:13.420+0000][7][gc,age      ] GC(235) - age   2:       1632 bytes,    1854176 total
[2024-01-21T02:40:13.420+0000][7][gc,age      ] GC(235) - age   3:       1752 bytes,    1855928 total
[2024-01-21T02:40:13.420+0000][7][gc,age      ] GC(235) - age   4:       1608 bytes,    1857536 total
[2024-01-21T02:40:13.420+0000][7][gc,age      ] GC(235) - age   5:      68792 bytes,    1926328 total
[2024-01-21T02:40:13.420+0000][7][gc,age      ] GC(235) - age   6:        384 bytes,    1926712 total
[2024-01-21T02:40:13.420+0000][7][gc,age      ] GC(235) - age   7:     793184 bytes,    2719896 total
[2024-01-21T02:40:13.420+0000][7][gc,age      ] GC(235) - age   8:        512 bytes,    2720408 total
[2024-01-21T02:40:13.420+0000][7][gc,age      ] GC(235) - age   9:     134448 bytes,    2854856 total
[2024-01-21T02:40:13.420+0000][7][gc,age      ] GC(235) - age  10:      58760 bytes,    2913616 total
[2024-01-21T02:40:13.420+0000][7][gc,age      ] GC(235) - age  11:     234464 bytes,    3148080 total
[2024-01-21T02:40:13.420+0000][7][gc,age      ] GC(235) - age  14:       2400 bytes,    3150480 total
[2024-01-21T02:40:13.420+0000][7][gc,age      ] GC(235) - age  15:       6328 bytes,    3156808 total
[2024-01-21T02:40:13.420+0000][7][gc,heap     ] GC(235) Eden regions: 152->0(152)
[2024-01-21T02:40:13.420+0000][7][gc,heap     ] GC(235) Survivor regions: 1->1(20)
[2024-01-21T02:40:13.420+0000][7][gc,heap     ] GC(235) Old regions: 33->33
[2024-01-21T02:40:13.420+0000][7][gc,heap     ] GC(235) Archive regions: 2->2
[2024-01-21T02:40:13.420+0000][7][gc,heap     ] GC(235) Humongous regions: 0->0
[2024-01-21T02:40:13.420+0000][7][gc,metaspace] GC(235) Metaspace: 130803K(134464K)->130803K(134464K) NonClass: 113740K(115648K)->113740K(115648K) Class: 17063K(18816K)->17063K(18816K)
[2024-01-21T02:40:13.420+0000][7][gc          ] GC(235) Pause Young (Normal) (G1 Evacuation Pause) 744M->137M(1024M) 3.832ms
[2024-01-21T02:40:13.420+0000][7][gc,cpu      ] GC(235) User=0.02s Sys=0.00s Real=0.00s
[2024-01-21T02:40:13.420+0000][7][safepoint   ] Safepoint "G1CollectForAllocation", Time since last: 186204207764 ns, Reaching safepoint: 60973 ns, At safepoint: 3943891 ns, Total: 4004864 ns
[2024-01-21T02:42:50.435+0000][7][safepoint   ] Safepoint "Cleanup", Time since last: 157014946116 ns, Reaching safepoint: 56887 ns, At safepoint: 41856 ns, Total: 98743 ns
[2024-01-21T02:43:19.211+0000][7][gc,start    ] GC(236) Pause Young (Normal) (G1 Evacuation Pause)
[2024-01-21T02:43:19.211+0000][7][gc,task     ] GC(236) Using 8 workers of 8 for evacuation
[2024-01-21T02:43:19.211+0000][7][gc,age      ] GC(236) Desired survivor size 41943040 bytes, new threshold 15 (max threshold 15)
[2024-01-21T02:43:19.213+0000][7][gc,phases   ] GC(236)   Pre Evacuate Collection Set: 0.1ms
[2024-01-21T02:43:19.213+0000][7][gc,phases   ] GC(236)   Merge Heap Roots: 0.1ms
[2024-01-21T02:43:19.213+0000][7][gc,phases   ] GC(236)   Evacuate Collection Set: 1.3ms
[2024-01-21T02:43:19.213+0000][7][gc,phases   ] GC(236)   Post Evacuate Collection Set: 0.6ms
[2024-01-21T02:43:19.213+0000][7][gc,phases   ] GC(236)   Other: 0.1ms
[2024-01-21T02:43:19.213+0000][7][gc,age      ] GC(236) Age table with threshold 15 (max threshold 15)
[2024-01-21T02:43:19.213+0000][7][gc,age      ] GC(236) - age   1:     921448 bytes,     921448 total
[2024-01-21T02:43:19.213+0000][7][gc,age      ] GC(236) - age   2:       4536 bytes,     925984 total
[2024-01-21T02:43:19.213+0000][7][gc,age      ] GC(236) - age   3:        256 bytes,     926240 total
[2024-01-21T02:43:19.213+0000][7][gc,age      ] GC(236) - age   4:        936 bytes,     927176 total
[2024-01-21T02:43:19.213+0000][7][gc,age      ] GC(236) - age   5:        840 bytes,     928016 total
[2024-01-21T02:43:19.213+0000][7][gc,age      ] GC(236) - age   6:      68792 bytes,     996808 total
[2024-01-21T02:43:19.213+0000][7][gc,age      ] GC(236) - age   8:     793184 bytes,    1789992 total
[2024-01-21T02:43:19.213+0000][7][gc,age      ] GC(236) - age   9:        512 bytes,    1790504 total
[2024-01-21T02:43:19.213+0000][7][gc,age      ] GC(236) - age  10:     134448 bytes,    1924952 total
[2024-01-21T02:43:19.213+0000][7][gc,age      ] GC(236) - age  11:      58760 bytes,    1983712 total
[2024-01-21T02:43:19.213+0000][7][gc,age      ] GC(236) - age  12:     234464 bytes,    2218176 total
[2024-01-21T02:43:19.213+0000][7][gc,age      ] GC(236) - age  15:       2400 bytes,    2220576 total
[2024-01-21T02:43:19.213+0000][7][gc,heap     ] GC(236) Eden regions: 152->0(152)
[2024-01-21T02:43:19.213+0000][7][gc,heap     ] GC(236) Survivor regions: 1->1(20)
[2024-01-21T02:43:19.213+0000][7][gc,heap     ] GC(236) Old regions: 33->33
[2024-01-21T02:43:19.213+0000][7][gc,heap     ] GC(236) Archive regions: 2->2
[2024-01-21T02:43:19.213+0000][7][gc,heap     ] GC(236) Humongous regions: 0->0
[2024-01-21T02:43:19.213+0000][7][gc,metaspace] GC(236) Metaspace: 130805K(134464K)->130805K(134464K) NonClass: 113742K(115648K)->113742K(115648K) Class: 17063K(18816K)->17063K(18816K)
[2024-01-21T02:43:19.213+0000][7][gc          ] GC(236) Pause Young (Normal) (G1 Evacuation Pause) 745M->136M(1024M) 2.277ms
[2024-01-21T02:43:19.213+0000][7][gc,cpu      ] GC(236) User=0.02s Sys=0.00s Real=0.01s
[2024-01-21T02:43:19.213+0000][7][safepoint   ] Safepoint "G1CollectForAllocation", Time since last: 28775741943 ns, Reaching safepoint: 30928 ns, At safepoint: 2347176 ns, Total: 2378104 ns
[2024-01-21T02:46:04.201+0000][7][gc,start    ] GC(237) Pause Young (Normal) (G1 Evacuation Pause)
[2024-01-21T02:46:04.201+0000][7][gc,task     ] GC(237) Using 8 workers of 8 for evacuation
[2024-01-21T02:46:04.201+0000][7][gc,age      ] GC(237) Desired survivor size 41943040 bytes, new threshold 15 (max threshold 15)
[2024-01-21T02:46:04.203+0000][7][gc,phases   ] GC(237)   Pre Evacuate Collection Set: 0.1ms
[2024-01-21T02:46:04.203+0000][7][gc,phases   ] GC(237)   Merge Heap Roots: 0.1ms
[2024-01-21T02:46:04.203+0000][7][gc,phases   ] GC(237)   Evacuate Collection Set: 1.2ms
[2024-01-21T02:46:04.203+0000][7][gc,phases   ] GC(237)   Post Evacuate Collection Set: 0.5ms
[2024-01-21T02:46:04.203+0000][7][gc,phases   ] GC(237)   Other: 0.1ms
[2024-01-21T02:46:04.203+0000][7][gc,age      ] GC(237) Age table with threshold 15 (max threshold 15)
[2024-01-21T02:46:04.203+0000][7][gc,age      ] GC(237) - age   1:     834416 bytes,     834416 total
[2024-01-21T02:46:04.203+0000][7][gc,age      ] GC(237) - age   2:       4592 bytes,     839008 total
[2024-01-21T02:46:04.203+0000][7][gc,age      ] GC(237) - age   3:       2528 bytes,     841536 total
[2024-01-21T02:46:04.203+0000][7][gc,age      ] GC(237) - age   4:        128 bytes,     841664 total
[2024-01-21T02:46:04.203+0000][7][gc,age      ] GC(237) - age   5:        576 bytes,     842240 total
[2024-01-21T02:46:04.203+0000][7][gc,age      ] GC(237) - age   6:        840 bytes,     843080 total
[2024-01-21T02:46:04.203+0000][7][gc,age      ] GC(237) - age   7:      68608 bytes,     911688 total
[2024-01-21T02:46:04.203+0000][7][gc,age      ] GC(237) - age   9:     793184 bytes,    1704872 total
[2024-01-21T02:46:04.203+0000][7][gc,age      ] GC(237) - age  10:        512 bytes,    1705384 total
[2024-01-21T02:46:04.203+0000][7][gc,age      ] GC(237) - age  11:     134184 bytes,    1839568 total
[2024-01-21T02:46:04.203+0000][7][gc,age      ] GC(237) - age  12:      58760 bytes,    1898328 total
[2024-01-21T02:46:04.203+0000][7][gc,age      ] GC(237) - age  13:     234464 bytes,    2132792 total
[2024-01-21T02:46:04.203+0000][7][gc,heap     ] GC(237) Eden regions: 152->0(152)
[2024-01-21T02:46:04.203+0000][7][gc,heap     ] GC(237) Survivor regions: 1->1(20)
[2024-01-21T02:46:04.203+0000][7][gc,heap     ] GC(237) Old regions: 33->33
[2024-01-21T02:46:04.203+0000][7][gc,heap     ] GC(237) Archive regions: 2->2
[2024-01-21T02:46:04.203+0000][7][gc,heap     ] GC(237) Humongous regions: 0->0
[2024-01-21T02:46:04.203+0000][7][gc,metaspace] GC(237) Metaspace: 130805K(134464K)->130805K(134464K) NonClass: 113742K(115648K)->113742K(115648K) Class: 17063K(18816K)->17063K(18816K)
[2024-01-21T02:46:04.203+0000][7][gc          ] GC(237) Pause Young (Normal) (G1 Evacuation Pause) 744M->136M(1024M) 2.152ms
[2024-01-21T02:46:04.203+0000][7][gc,cpu      ] GC(237) User=0.01s Sys=0.01s Real=0.00s
[2024-01-21T02:46:04.203+0000][7][safepoint   ] Safepoint "G1CollectForAllocation", Time since last: 164987902201 ns, Reaching safepoint: 25129 ns, At safepoint: 2220914 ns, Total: 2246043 ns
[2024-01-21T02:47:50.213+0000][7][safepoint   ] Safepoint "Cleanup", Time since last: 106009601086 ns, Reaching safepoint: 143394 ns, At safepoint: 9571 ns, Total: 152965 ns
[2024-01-21T02:48:50.219+0000][7][safepoint   ] Safepoint "Cleanup", Time since last: 60005617930 ns, Reaching safepoint: 54776 ns, At safepoint: 34512 ns, Total: 89288 ns
[2024-01-21T02:48:55.306+0000][7][gc,start    ] GC(238) Pause Young (Normal) (G1 Evacuation Pause)
[2024-01-21T02:48:55.306+0000][7][gc,task     ] GC(238) Using 8 workers of 8 for evacuation
[2024-01-21T02:48:55.306+0000][7][gc,age      ] GC(238) Desired survivor size 41943040 bytes, new threshold 15 (max threshold 15)
[2024-01-21T02:48:55.310+0000][7][gc,phases   ] GC(238)   Pre Evacuate Collection Set: 0.1ms
[2024-01-21T02:48:55.310+0000][7][gc,phases   ] GC(238)   Merge Heap Roots: 0.1ms
[2024-01-21T02:48:55.310+0000][7][gc,phases   ] GC(238)   Evacuate Collection Set: 2.1ms
[2024-01-21T02:48:55.310+0000][7][gc,phases   ] GC(238)   Post Evacuate Collection Set: 0.8ms
[2024-01-21T02:48:55.310+0000][7][gc,phases   ] GC(238)   Other: 0.1ms
[2024-01-21T02:48:55.310+0000][7][gc,age      ] GC(238) Age table with threshold 15 (max threshold 15)
[2024-01-21T02:48:55.310+0000][7][gc,age      ] GC(238) - age   1:    1076232 bytes,    1076232 total
[2024-01-21T02:48:55.310+0000][7][gc,age      ] GC(238) - age   2:       2648 bytes,    1078880 total
[2024-01-21T02:48:55.310+0000][7][gc,age      ] GC(238) - age   3:       2304 bytes,    1081184 total
[2024-01-21T02:48:55.310+0000][7][gc,age      ] GC(238) - age   4:         32 bytes,    1081216 total
[2024-01-21T02:48:55.310+0000][7][gc,age      ] GC(238) - age   6:        184 bytes,    1081400 total
[2024-01-21T02:48:55.310+0000][7][gc,age      ] GC(238) - age   7:        656 bytes,    1082056 total
[2024-01-21T02:48:55.310+0000][7][gc,age      ] GC(238) - age   8:      68608 bytes,    1150664 total
[2024-01-21T02:48:55.310+0000][7][gc,age      ] GC(238) - age  10:     793184 bytes,    1943848 total
[2024-01-21T02:48:55.310+0000][7][gc,age      ] GC(238) - age  11:        512 bytes,    1944360 total
[2024-01-21T02:48:55.310+0000][7][gc,age      ] GC(238) - age  12:     134184 bytes,    2078544 total
[2024-01-21T02:48:55.310+0000][7][gc,age      ] GC(238) - age  13:      58616 bytes,    2137160 total
[2024-01-21T02:48:55.310+0000][7][gc,age      ] GC(238) - age  14:     234464 bytes,    2371624 total
[2024-01-21T02:48:55.310+0000][7][gc,heap     ] GC(238) Eden regions: 152->0(152)
[2024-01-21T02:48:55.310+0000][7][gc,heap     ] GC(238) Survivor regions: 1->1(20)
[2024-01-21T02:48:55.310+0000][7][gc,heap     ] GC(238) Old regions: 33->33
[2024-01-21T02:48:55.310+0000][7][gc,heap     ] GC(238) Archive regions: 2->2
[2024-01-21T02:48:55.310+0000][7][gc,heap     ] GC(238) Humongous regions: 0->0
[2024-01-21T02:48:55.310+0000][7][gc,metaspace] GC(238) Metaspace: 130805K(134464K)->130805K(134464K) NonClass: 113742K(115648K)->113742K(115648K) Class: 17063K(18816K)->17063K(18816K)
[2024-01-21T02:48:55.310+0000][7][gc          ] GC(238) Pause Young (Normal) (G1 Evacuation Pause) 744M->136M(1024M) 3.531ms
[2024-01-21T02:48:55.310+0000][7][gc,cpu      ] GC(238) User=0.01s Sys=0.00s Real=0.00s
[2024-01-21T02:48:55.310+0000][7][safepoint   ] Safepoint "G1CollectForAllocation", Time since last: 5087487995 ns, Reaching safepoint: 49845 ns, At safepoint: 3636105 ns, Total: 3685950 ns
[2024-01-21T02:52:07.198+0000][7][gc,start    ] GC(239) Pause Young (Normal) (G1 Evacuation Pause)
[2024-01-21T02:52:07.198+0000][7][gc,task     ] GC(239) Using 8 workers of 8 for evacuation
[2024-01-21T02:52:07.198+0000][7][gc,age      ] GC(239) Desired survivor size 41943040 bytes, new threshold 15 (max threshold 15)
[2024-01-21T02:52:07.210+0000][7][gc,phases   ] GC(239)   Pre Evacuate Collection Set: 0.1ms
[2024-01-21T02:52:07.210+0000][7][gc,phases   ] GC(239)   Merge Heap Roots: 0.1ms
[2024-01-21T02:52:07.210+0000][7][gc,phases   ] GC(239)   Evacuate Collection Set: 9.3ms
[2024-01-21T02:52:07.210+0000][7][gc,phases   ] GC(239)   Post Evacuate Collection Set: 2.0ms
[2024-01-21T02:52:07.210+0000][7][gc,phases   ] GC(239)   Other: 0.1ms
[2024-01-21T02:52:07.210+0000][7][gc,age      ] GC(239) Age table with threshold 15 (max threshold 15)
[2024-01-21T02:52:07.210+0000][7][gc,age      ] GC(239) - age   1:    1644280 bytes,    1644280 total
[2024-01-21T02:52:07.210+0000][7][gc,age      ] GC(239) - age   2:     175216 bytes,    1819496 total
[2024-01-21T02:52:07.210+0000][7][gc,age      ] GC(239) - age   3:        504 bytes,    1820000 total
[2024-01-21T02:52:07.210+0000][7][gc,age      ] GC(239) - age   4:       1472 bytes,    1821472 total
[2024-01-21T02:52:07.210+0000][7][gc,age      ] GC(239) - age   5:         32 bytes,    1821504 total
[2024-01-21T02:52:07.210+0000][7][gc,age      ] GC(239) - age   7:        184 bytes,    1821688 total
[2024-01-21T02:52:07.210+0000][7][gc,age      ] GC(239) - age   8:        656 bytes,    1822344 total
[2024-01-21T02:52:07.210+0000][7][gc,age      ] GC(239) - age   9:      68608 bytes,    1890952 total
[2024-01-21T02:52:07.210+0000][7][gc,age      ] GC(239) - age  11:     793000 bytes,    2683952 total
[2024-01-21T02:52:07.210+0000][7][gc,age      ] GC(239) - age  12:        512 bytes,    2684464 total
[2024-01-21T02:52:07.210+0000][7][gc,age      ] GC(239) - age  13:     134184 bytes,    2818648 total
[2024-01-21T02:52:07.210+0000][7][gc,age      ] GC(239) - age  14:      58616 bytes,    2877264 total
[2024-01-21T02:52:07.210+0000][7][gc,age      ] GC(239) - age  15:     234464 bytes,    3111728 total
[2024-01-21T02:52:07.210+0000][7][gc,heap     ] GC(239) Eden regions: 152->0(152)
[2024-01-21T02:52:07.210+0000][7][gc,heap     ] GC(239) Survivor regions: 1->1(20)
[2024-01-21T02:52:07.210+0000][7][gc,heap     ] GC(239) Old regions: 33->33
[2024-01-21T02:52:07.210+0000][7][gc,heap     ] GC(239) Archive regions: 2->2
[2024-01-21T02:52:07.210+0000][7][gc,heap     ] GC(239) Humongous regions: 0->0
[2024-01-21T02:52:07.210+0000][7][gc,metaspace] GC(239) Metaspace: 130805K(134464K)->130805K(134464K) NonClass: 113742K(115648K)->113742K(115648K) Class: 17063K(18816K)->17063K(18816K)
[2024-01-21T02:52:07.210+0000][7][gc          ] GC(239) Pause Young (Normal) (G1 Evacuation Pause) 744M->137M(1024M) 11.839ms
[2024-01-21T02:52:07.210+0000][7][gc,cpu      ] GC(239) User=0.01s Sys=0.00s Real=0.01s
[2024-01-21T02:52:07.210+0000][7][safepoint   ] Safepoint "G1CollectForAllocation", Time since last: 191888053849 ns, Reaching safepoint: 83764 ns, At safepoint: 11923992 ns, Total: 12007756 ns
[2024-01-21T02:53:29.382+0000][7][safepoint   ] Safepoint "Cleanup", Time since last: 60335665712 ns, Reaching safepoint: 74063 ns, At safepoint: 6365 ns, Total: 80428 ns
[2024-01-21T02:59:22.589+0000][7][safepoint   ] Safepoint "Cleanup", Time since last: 19002393390 ns, Reaching safepoint: 83136 ns, At safepoint: 30686 ns, Total: 113822 ns
[2024-01-21T22:43:08.059+0000][7][safepoint   ] Safepoint "Cleanup", Time since last: 18212547563 ns, Reaching safepoint: 40805 ns, At safepoint: 4824 ns, Total: 45629 ns
[2024-01-21T22:43:10.171+0000][7][safepoint   ] Safepoint "Cleanup", Time since last: 2111731880 ns, Reaching safepoint: 29192 ns, At safepoint: 5340 ns, Total: 34532 ns
[2024-01-21T22:43:11.171+0000][7][safepoint   ] Safepoint "Cleanup", Time since last: 1000122274 ns, Reaching safepoint: 62265 ns, At safepoint: 4435 ns, Total: 66700 ns
[2024-01-21T22:43:14.171+0000][7][safepoint   ] Safepoint "Cleanup", Time since last: 3000369630 ns, Reaching safepoint: 55469 ns, At safepoint: 5051 ns, Total: 60520 ns
[2024-01-21T22:43:53.175+0000][7][safepoint   ] Safepoint "Cleanup", Time since last: 39003954471 ns, Reaching safepoint: 149230 ns, At safepoint: 6581 ns, Total: 155811 ns
[2024-01-21T22:44:10.120+0000][7][gc,start    ] GC(240) Pause Young (Normal) (G1 Evacuation Pause)
[2024-01-21T22:44:10.120+0000][7][gc,task     ] GC(240) Using 8 workers of 8 for evacuation
[2024-01-21T22:44:10.120+0000][7][gc,age      ] GC(240) Desired survivor size 41943040 bytes, new threshold 15 (max threshold 15)
[2024-01-21T22:44:10.123+0000][7][gc,phases   ] GC(240)   Pre Evacuate Collection Set: 0.1ms
[2024-01-21T22:44:10.123+0000][7][gc,phases   ] GC(240)   Merge Heap Roots: 0.1ms
[2024-01-21T22:44:10.123+0000][7][gc,phases   ] GC(240)   Evacuate Collection Set: 2.1ms
[2024-01-21T22:44:10.123+0000][7][gc,phases   ] GC(240)   Post Evacuate Collection Set: 0.8ms
[2024-01-21T22:44:10.123+0000][7][gc,phases   ] GC(240)   Other: 0.1ms
[2024-01-21T22:44:10.123+0000][7][gc,age      ] GC(240) Age table with threshold 15 (max threshold 15)
[2024-01-21T22:44:10.123+0000][7][gc,age      ] GC(240) - age   1:    1309448 bytes,    1309448 total
[2024-01-21T22:44:10.123+0000][7][gc,age      ] GC(240) - age   2:       3800 bytes,    1313248 total
[2024-01-21T22:44:10.123+0000][7][gc,age      ] GC(240) - age   3:     110344 bytes,    1423592 total
[2024-01-21T22:44:10.123+0000][7][gc,age      ] GC(240) - age   4:        192 bytes,    1423784 total
[2024-01-21T22:44:10.123+0000][7][gc,age      ] GC(240) - age   5:        664 bytes,    1424448 total
[2024-01-21T22:44:10.123+0000][7][gc,age      ] GC(240) - age   8:        184 bytes,    1424632 total
[2024-01-21T22:44:10.123+0000][7][gc,age      ] GC(240) - age   9:        656 bytes,    1425288 total
[2024-01-21T22:44:10.123+0000][7][gc,age      ] GC(240) - age  10:      68544 bytes,    1493832 total
[2024-01-21T22:44:10.123+0000][7][gc,age      ] GC(240) - age  12:     792200 bytes,    2286032 total
[2024-01-21T22:44:10.123+0000][7][gc,age      ] GC(240) - age  13:        512 bytes,    2286544 total
[2024-01-21T22:44:10.123+0000][7][gc,age      ] GC(240) - age  14:       2232 bytes,    2288776 total
[2024-01-21T22:44:10.123+0000][7][gc,age      ] GC(240) - age  15:      58552 bytes,    2347328 total
[2024-01-21T22:44:10.123+0000][7][gc,heap     ] GC(240) Eden regions: 152->0(152)
[2024-01-21T22:44:10.123+0000][7][gc,heap     ] GC(240) Survivor regions: 1->1(20)
[2024-01-21T22:44:10.123+0000][7][gc,heap     ] GC(240) Old regions: 33->33
[2024-01-21T22:44:10.123+0000][7][gc,heap     ] GC(240) Archive regions: 2->2
[2024-01-21T22:44:10.123+0000][7][gc,heap     ] GC(240) Humongous regions: 0->0
[2024-01-21T22:44:10.123+0000][7][gc,metaspace] GC(240) Metaspace: 130830K(134528K)->130830K(134528K) NonClass: 113766K(115712K)->113766K(115712K) Class: 17063K(18816K)->17063K(18816K)
[2024-01-21T22:44:10.123+0000][7][gc          ] GC(240) Pause Young (Normal) (G1 Evacuation Pause) 745M->137M(1024M) 3.419ms
[2024-01-21T22:44:10.123+0000][7][gc,cpu      ] GC(240) User=0.01s Sys=0.01s Real=0.00s
[2024-01-21T22:44:10.123+0000][7][safepoint   ] Safepoint "G1CollectForAllocation", Time since last: 16944335937 ns, Reaching safepoint: 42067 ns, At safepoint: 3510894 ns, Total: 3552961 ns
[2024-01-21T22:46:37.074+0000][7][gc,start    ] GC(241) Pause Young (Normal) (G1 Evacuation Pause)
[2024-01-21T22:46:37.075+0000][7][gc,task     ] GC(241) Using 8 workers of 8 for evacuation
[2024-01-21T22:46:37.075+0000][7][gc,age      ] GC(241) Desired survivor size 41943040 bytes, new threshold 15 (max threshold 15)
[2024-01-21T22:46:37.079+0000][7][gc,phases   ] GC(241)   Pre Evacuate Collection Set: 0.1ms
[2024-01-21T22:46:37.079+0000][7][gc,phases   ] GC(241)   Merge Heap Roots: 0.2ms
[2024-01-21T22:46:37.079+0000][7][gc,phases   ] GC(241)   Evacuate Collection Set: 2.7ms
[2024-01-21T22:46:37.079+0000][7][gc,phases   ] GC(241)   Post Evacuate Collection Set: 0.9ms
[2024-01-21T22:46:37.079+0000][7][gc,phases   ] GC(241)   Other: 0.2ms
[2024-01-21T22:46:37.079+0000][7][gc,age      ] GC(241) Age table with threshold 15 (max threshold 15)
[2024-01-21T22:46:37.079+0000][7][gc,age      ] GC(241) - age   1:    1491280 bytes,    1491280 total
[2024-01-21T22:46:37.079+0000][7][gc,age      ] GC(241) - age   2:     341536 bytes,    1832816 total
[2024-01-21T22:46:37.079+0000][7][gc,age      ] GC(241) - age   3:       1560 bytes,    1834376 total
[2024-01-21T22:46:37.079+0000][7][gc,age      ] GC(241) - age   4:     110096 bytes,    1944472 total
[2024-01-21T22:46:37.079+0000][7][gc,age      ] GC(241) - age   6:        664 bytes,    1945136 total
[2024-01-21T22:46:37.079+0000][7][gc,age      ] GC(241) - age   9:        184 bytes,    1945320 total
[2024-01-21T22:46:37.079+0000][7][gc,age      ] GC(241) - age  10:        656 bytes,    1945976 total
[2024-01-21T22:46:37.079+0000][7][gc,age      ] GC(241) - age  11:      68544 bytes,    2014520 total
[2024-01-21T22:46:37.079+0000][7][gc,age      ] GC(241) - age  13:     792200 bytes,    2806720 total
[2024-01-21T22:46:37.079+0000][7][gc,age      ] GC(241) - age  14:        512 bytes,    2807232 total
[2024-01-21T22:46:37.079+0000][7][gc,age      ] GC(241) - age  15:       2232 bytes,    2809464 total
[2024-01-21T22:46:37.079+0000][7][gc,heap     ] GC(241) Eden regions: 152->0(152)
[2024-01-21T22:46:37.079+0000][7][gc,heap     ] GC(241) Survivor regions: 1->1(20)
[2024-01-21T22:46:37.079+0000][7][gc,heap     ] GC(241) Old regions: 33->33
[2024-01-21T22:46:37.079+0000][7][gc,heap     ] GC(241) Archive regions: 2->2
[2024-01-21T22:46:37.079+0000][7][gc,heap     ] GC(241) Humongous regions: 0->0
[2024-01-21T22:46:37.079+0000][7][gc,metaspace] GC(241) Metaspace: 130830K(134528K)->130830K(134528K) NonClass: 113766K(115712K)->113766K(115712K) Class: 17063K(18816K)->17063K(18816K)
[2024-01-21T22:46:37.079+0000][7][gc          ] GC(241) Pause Young (Normal) (G1 Evacuation Pause) 745M->137M(1024M) 4.485ms
[2024-01-21T22:46:37.079+0000][7][gc,cpu      ] GC(241) User=0.02s Sys=0.00s Real=0.01s
[2024-01-21T22:46:37.079+0000][7][safepoint   ] Safepoint "G1CollectForAllocation", Time since last: 146951262896 ns, Reaching safepoint: 53241 ns, At safepoint: 4589355 ns, Total: 4642596 ns
[2024-01-21T22:48:14.091+0000][7][safepoint   ] Safepoint "Cleanup", Time since last: 97011689563 ns, Reaching safepoint: 69498 ns, At safepoint: 8371 ns, Total: 77869 ns
[2024-01-21T22:49:31.080+0000][7][gc,start    ] GC(242) Pause Young (Normal) (G1 Evacuation Pause)
[2024-01-21T22:49:31.080+0000][7][gc,task     ] GC(242) Using 8 workers of 8 for evacuation
[2024-01-21T22:49:31.080+0000][7][gc,age      ] GC(242) Desired survivor size 41943040 bytes, new threshold 15 (max threshold 15)
[2024-01-21T22:49:31.083+0000][7][gc,phases   ] GC(242)   Pre Evacuate Collection Set: 0.1ms
[2024-01-21T22:49:31.083+0000][7][gc,phases   ] GC(242)   Merge Heap Roots: 0.1ms
[2024-01-21T22:49:31.083+0000][7][gc,phases   ] GC(242)   Evacuate Collection Set: 2.1ms
[2024-01-21T22:49:31.084+0000][7][gc,phases   ] GC(242)   Post Evacuate Collection Set: 1.1ms
[2024-01-21T22:49:31.084+0000][7][gc,phases   ] GC(242)   Other: 0.1ms
[2024-01-21T22:49:31.084+0000][7][gc,age      ] GC(242) Age table with threshold 15 (max threshold 15)
[2024-01-21T22:49:31.084+0000][7][gc,age      ] GC(242) - age   1:    1163192 bytes,    1163192 total
[2024-01-21T22:49:31.084+0000][7][gc,age      ] GC(242) - age   2:       2808 bytes,    1166000 total
[2024-01-21T22:49:31.084+0000][7][gc,age      ] GC(242) - age   3:     239312 bytes,    1405312 total
[2024-01-21T22:49:31.084+0000][7][gc,age      ] GC(242) - age   4:       1496 bytes,    1406808 total
[2024-01-21T22:49:31.084+0000][7][gc,age      ] GC(242) - age   5:     107448 bytes,    1514256 total
[2024-01-21T22:49:31.084+0000][7][gc,age      ] GC(242) - age   7:        480 bytes,    1514736 total
[2024-01-21T22:49:31.084+0000][7][gc,age      ] GC(242) - age  10:        184 bytes,    1514920 total
[2024-01-21T22:49:31.084+0000][7][gc,age      ] GC(242) - age  11:        656 bytes,    1515576 total
[2024-01-21T22:49:31.084+0000][7][gc,age      ] GC(242) - age  12:      67832 bytes,    1583408 total
[2024-01-21T22:49:31.084+0000][7][gc,age      ] GC(242) - age  14:     792200 bytes,    2375608 total
[2024-01-21T22:49:31.084+0000][7][gc,age      ] GC(242) - age  15:        512 bytes,    2376120 total
[2024-01-21T22:49:31.084+0000][7][gc,heap     ] GC(242) Eden regions: 152->0(152)
[2024-01-21T22:49:31.084+0000][7][gc,heap     ] GC(242) Survivor regions: 1->1(20)
[2024-01-21T22:49:31.084+0000][7][gc,heap     ] GC(242) Old regions: 33->33
[2024-01-21T22:49:31.084+0000][7][gc,heap     ] GC(242) Archive regions: 2->2
[2024-01-21T22:49:31.084+0000][7][gc,heap     ] GC(242) Humongous regions: 0->0
[2024-01-21T22:49:31.084+0000][7][gc,metaspace] GC(242) Metaspace: 130830K(134528K)->130830K(134528K) NonClass: 113766K(115712K)->113766K(115712K) Class: 17063K(18816K)->17063K(18816K)
[2024-01-21T22:49:31.084+0000][7][gc          ] GC(242) Pause Young (Normal) (G1 Evacuation Pause) 745M->137M(1024M) 4.030ms
[2024-01-21T22:49:31.084+0000][7][gc,cpu      ] GC(242) User=0.02s Sys=0.00s Real=0.00s
[2024-01-21T22:49:31.084+0000][7][safepoint   ] Safepoint "G1CollectForAllocation", Time since last: 76988863397 ns, Reaching safepoint: 57712 ns, At safepoint: 4146757 ns, Total: 4204469 ns
[2024-01-21T22:52:34.613+0000][7][gc,start    ] GC(243) Pause Young (Normal) (G1 Evacuation Pause)
[2024-01-21T22:52:34.613+0000][7][gc,task     ] GC(243) Using 8 workers of 8 for evacuation
[2024-01-21T22:52:34.613+0000][7][gc,age      ] GC(243) Desired survivor size 41943040 bytes, new threshold 15 (max threshold 15)
[2024-01-21T22:52:34.616+0000][7][gc,phases   ] GC(243)   Pre Evacuate Collection Set: 0.1ms
[2024-01-21T22:52:34.616+0000][7][gc,phases   ] GC(243)   Merge Heap Roots: 0.1ms
[2024-01-21T22:52:34.616+0000][7][gc,phases   ] GC(243)   Evacuate Collection Set: 1.8ms
[2024-01-21T22:52:34.616+0000][7][gc,phases   ] GC(243)   Post Evacuate Collection Set: 0.6ms
[2024-01-21T22:52:34.616+0000][7][gc,phases   ] GC(243)   Other: 0.1ms
[2024-01-21T22:52:34.616+0000][7][gc,age      ] GC(243) Age table with threshold 15 (max threshold 15)
[2024-01-21T22:52:34.616+0000][7][gc,age      ] GC(243) - age   1:    1935496 bytes,    1935496 total
[2024-01-21T22:52:34.616+0000][7][gc,age      ] GC(243) - age   2:     163144 bytes,    2098640 total
[2024-01-21T22:52:34.616+0000][7][gc,age      ] GC(243) - age   3:        528 bytes,    2099168 total
[2024-01-21T22:52:34.616+0000][7][gc,age      ] GC(243) - age   4:     238304 bytes,    2337472 total
[2024-01-21T22:52:34.616+0000][7][gc,age      ] GC(243) - age   5:        728 bytes,    2338200 total
[2024-01-21T22:52:34.616+0000][7][gc,age      ] GC(243) - age   6:     107056 bytes,    2445256 total
[2024-01-21T22:52:34.616+0000][7][gc,age      ] GC(243) - age   8:         64 bytes,    2445320 total
[2024-01-21T22:52:34.616+0000][7][gc,age      ] GC(243) - age  12:        656 bytes,    2445976 total
[2024-01-21T22:52:34.616+0000][7][gc,age      ] GC(243) - age  13:      67832 bytes,    2513808 total
[2024-01-21T22:52:34.616+0000][7][gc,age      ] GC(243) - age  15:     792200 bytes,    3306008 total
[2024-01-21T22:52:34.616+0000][7][gc,heap     ] GC(243) Eden regions: 152->0(152)
[2024-01-21T22:52:34.616+0000][7][gc,heap     ] GC(243) Survivor regions: 1->1(20)
[2024-01-21T22:52:34.616+0000][7][gc,heap     ] GC(243) Old regions: 33->33
[2024-01-21T22:52:34.616+0000][7][gc,heap     ] GC(243) Archive regions: 2->2
[2024-01-21T22:52:34.616+0000][7][gc,heap     ] GC(243) Humongous regions: 0->0
[2024-01-21T22:52:34.616+0000][7][gc,metaspace] GC(243) Metaspace: 130830K(134528K)->130830K(134528K) NonClass: 113767K(115712K)->113767K(115712K) Class: 17063K(18816K)->17063K(18816K)
[2024-01-21T22:52:34.616+0000][7][gc          ] GC(243) Pause Young (Normal) (G1 Evacuation Pause) 745M->138M(1024M) 2.929ms
[2024-01-21T22:52:34.616+0000][7][gc,cpu      ] GC(243) User=0.01s Sys=0.00s Real=0.00s
[2024-01-21T22:52:34.616+0000][7][safepoint   ] Safepoint "G1CollectForAllocation", Time since last: 183528887518 ns, Reaching safepoint: 42291 ns, At safepoint: 3007114 ns, Total: 3049405 ns
[2024-01-21T22:54:13.625+0000][7][safepoint   ] Safepoint "Cleanup", Time since last: 99009107051 ns, Reaching safepoint: 73764 ns, At safepoint: 40385 ns, Total: 114149 ns
[2024-01-21T22:55:47.734+0000][7][gc,start    ] GC(244) Pause Young (Normal) (G1 Evacuation Pause)
[2024-01-21T22:55:47.734+0000][7][gc,task     ] GC(244) Using 8 workers of 8 for evacuation
[2024-01-21T22:55:47.734+0000][7][gc,age      ] GC(244) Desired survivor size 41943040 bytes, new threshold 15 (max threshold 15)
[2024-01-21T22:55:47.736+0000][7][gc,phases   ] GC(244)   Pre Evacuate Collection Set: 0.1ms
[2024-01-21T22:55:47.736+0000][7][gc,phases   ] GC(244)   Merge Heap Roots: 0.1ms
[2024-01-21T22:55:47.736+0000][7][gc,phases   ] GC(244)   Evacuate Collection Set: 1.3ms
[2024-01-21T22:55:47.736+0000][7][gc,phases   ] GC(244)   Post Evacuate Collection Set: 0.5ms
[2024-01-21T22:55:47.736+0000][7][gc,phases   ] GC(244)   Other: 0.1ms
[2024-01-21T22:55:47.737+0000][7][gc,age      ] GC(244) Age table with threshold 15 (max threshold 15)
[2024-01-21T22:55:47.737+0000][7][gc,age      ] GC(244) - age   1:     803456 bytes,     803456 total
[2024-01-21T22:55:47.737+0000][7][gc,age      ] GC(244) - age   2:      41912 bytes,     845368 total
[2024-01-21T22:55:47.737+0000][7][gc,age      ] GC(244) - age   3:     160880 bytes,    1006248 total
[2024-01-21T22:55:47.737+0000][7][gc,age      ] GC(244) - age   4:        208 bytes,    1006456 total
[2024-01-21T22:55:47.737+0000][7][gc,age      ] GC(244) - age   5:     237768 bytes,    1244224 total
[2024-01-21T22:55:47.737+0000][7][gc,age      ] GC(244) - age   6:        728 bytes,    1244952 total
[2024-01-21T22:55:47.737+0000][7][gc,age      ] GC(244) - age   7:     107056 bytes,    1352008 total
[2024-01-21T22:55:47.737+0000][7][gc,age      ] GC(244) - age   9:         64 bytes,    1352072 total
[2024-01-21T22:55:47.737+0000][7][gc,age      ] GC(244) - age  13:        656 bytes,    1352728 total
[2024-01-21T22:55:47.737+0000][7][gc,age      ] GC(244) - age  14:      67832 bytes,    1420560 total
[2024-01-21T22:55:47.737+0000][7][gc,heap     ] GC(244) Eden regions: 152->0(152)
[2024-01-21T22:55:47.737+0000][7][gc,heap     ] GC(244) Survivor regions: 1->1(20)
[2024-01-21T22:55:47.737+0000][7][gc,heap     ] GC(244) Old regions: 33->33
[2024-01-21T22:55:47.737+0000][7][gc,heap     ] GC(244) Archive regions: 2->2
[2024-01-21T22:55:47.737+0000][7][gc,heap     ] GC(244) Humongous regions: 0->0
[2024-01-21T22:55:47.737+0000][7][gc,metaspace] GC(244) Metaspace: 130830K(134528K)->130830K(134528K) NonClass: 113767K(115712K)->113767K(115712K) Class: 17063K(18816K)->17063K(18816K)
[2024-01-21T22:55:47.737+0000][7][gc          ] GC(244) Pause Young (Normal) (G1 Evacuation Pause) 746M->137M(1024M) 2.264ms
[2024-01-21T22:55:47.737+0000][7][gc,cpu      ] GC(244) User=0.01s Sys=0.00s Real=0.00s
[2024-01-21T22:55:47.737+0000][7][safepoint   ] Safepoint "G1CollectForAllocation", Time since last: 94109230840 ns, Reaching safepoint: 27862 ns, At safepoint: 2331176 ns, Total: 2359038 ns
[2024-01-21T22:58:16.168+0000][7][gc,start    ] GC(245) Pause Young (Normal) (G1 Evacuation Pause)
[2024-01-21T22:58:16.168+0000][7][gc,task     ] GC(245) Using 8 workers of 8 for evacuation
[2024-01-21T22:58:16.168+0000][7][gc,age      ] GC(245) Desired survivor size 41943040 bytes, new threshold 15 (max threshold 15)
[2024-01-21T22:58:16.171+0000][7][gc,phases   ] GC(245)   Pre Evacuate Collection Set: 0.2ms
[2024-01-21T22:58:16.171+0000][7][gc,phases   ] GC(245)   Merge Heap Roots: 0.1ms
[2024-01-21T22:58:16.171+0000][7][gc,phases   ] GC(245)   Evacuate Collection Set: 1.7ms
[2024-01-21T22:58:16.171+0000][7][gc,phases   ] GC(245)   Post Evacuate Collection Set: 1.1ms
[2024-01-21T22:58:16.171+0000][7][gc,phases   ] GC(245)   Other: 0.1ms
[2024-01-21T22:58:16.171+0000][7][gc,age      ] GC(245) Age table with threshold 15 (max threshold 15)
[2024-01-21T22:58:16.171+0000][7][gc,age      ] GC(245) - age   1:    1551792 bytes,    1551792 total
[2024-01-21T22:58:16.171+0000][7][gc,age      ] GC(245) - age   2:      12848 bytes,    1564640 total
[2024-01-21T22:58:16.171+0000][7][gc,age      ] GC(245) - age   3:      40272 bytes,    1604912 total
[2024-01-21T22:58:16.171+0000][7][gc,age      ] GC(245) - age   4:     158320 bytes,    1763232 total
[2024-01-21T22:58:16.171+0000][7][gc,age      ] GC(245) - age   5:        184 bytes,    1763416 total
[2024-01-21T22:58:16.171+0000][7][gc,age      ] GC(245) - age   6:     237768 bytes,    2001184 total
[2024-01-21T22:58:16.171+0000][7][gc,age      ] GC(245) - age   7:        728 bytes,    2001912 total
[2024-01-21T22:58:16.171+0000][7][gc,age      ] GC(245) - age   8:     107056 bytes,    2108968 total
[2024-01-21T22:58:16.171+0000][7][gc,age      ] GC(245) - age  10:         64 bytes,    2109032 total
[2024-01-21T22:58:16.171+0000][7][gc,age      ] GC(245) - age  14:        656 bytes,    2109688 total
[2024-01-21T22:58:16.171+0000][7][gc,age      ] GC(245) - age  15:      67832 bytes,    2177520 total
[2024-01-21T22:58:16.171+0000][7][gc,heap     ] GC(245) Eden regions: 152->0(152)
[2024-01-21T22:58:16.171+0000][7][gc,heap     ] GC(245) Survivor regions: 1->1(20)
[2024-01-21T22:58:16.171+0000][7][gc,heap     ] GC(245) Old regions: 33->33
[2024-01-21T22:58:16.171+0000][7][gc,heap     ] GC(245) Archive regions: 2->2
[2024-01-21T22:58:16.171+0000][7][gc,heap     ] GC(245) Humongous regions: 0->0
[2024-01-21T22:58:16.171+0000][7][gc,metaspace] GC(245) Metaspace: 130830K(134528K)->130830K(134528K) NonClass: 113767K(115712K)->113767K(115712K) Class: 17063K(18816K)->17063K(18816K)
[2024-01-21T22:58:16.171+0000][7][gc          ] GC(245) Pause Young (Normal) (G1 Evacuation Pause) 745M->137M(1024M) 3.454ms
[2024-01-21T22:58:16.171+0000][7][gc,cpu      ] GC(245) User=0.02s Sys=0.00s Real=0.01s
[2024-01-21T22:58:16.171+0000][7][safepoint   ] Safepoint "G1CollectForAllocation", Time since last: 148431206809 ns, Reaching safepoint: 61900 ns, At safepoint: 3557623 ns, Total: 3619523 ns
[2024-01-21T23:00:43.168+0000][7][gc,start    ] GC(246) Pause Young (Normal) (G1 Evacuation Pause)
[2024-01-21T23:00:43.168+0000][7][gc,task     ] GC(246) Using 8 workers of 8 for evacuation
[2024-01-21T23:00:43.169+0000][7][gc,age      ] GC(246) Desired survivor size 41943040 bytes, new threshold 15 (max threshold 15)
[2024-01-21T23:00:43.172+0000][7][gc,phases   ] GC(246)   Pre Evacuate Collection Set: 0.1ms
[2024-01-21T23:00:43.172+0000][7][gc,phases   ] GC(246)   Merge Heap Roots: 0.1ms
[2024-01-21T23:00:43.172+0000][7][gc,phases   ] GC(246)   Evacuate Collection Set: 2.1ms
[2024-01-21T23:00:43.172+0000][7][gc,phases   ] GC(246)   Post Evacuate Collection Set: 0.7ms
[2024-01-21T23:00:43.172+0000][7][gc,phases   ] GC(246)   Other: 0.1ms
[2024-01-21T23:00:43.172+0000][7][gc,age      ] GC(246) Age table with threshold 15 (max threshold 15)
[2024-01-21T23:00:43.172+0000][7][gc,age      ] GC(246) - age   1:    1906232 bytes,    1906232 total
[2024-01-21T23:00:43.172+0000][7][gc,age      ] GC(246) - age   2:       4984 bytes,    1911216 total
[2024-01-21T23:00:43.172+0000][7][gc,age      ] GC(246) - age   3:      11472 bytes,    1922688 total
[2024-01-21T23:00:43.172+0000][7][gc,age      ] GC(246) - age   4:      38888 bytes,    1961576 total
[2024-01-21T23:00:43.172+0000][7][gc,age      ] GC(246) - age   5:     158136 bytes,    2119712 total
[2024-01-21T23:00:43.172+0000][7][gc,age      ] GC(246) - age   6:        184 bytes,    2119896 total
[2024-01-21T23:00:43.172+0000][7][gc,age      ] GC(246) - age   7:     237768 bytes,    2357664 total
[2024-01-21T23:00:43.172+0000][7][gc,age      ] GC(246) - age   8:        728 bytes,    2358392 total
[2024-01-21T23:00:43.172+0000][7][gc,age      ] GC(246) - age   9:     107056 bytes,    2465448 total
[2024-01-21T23:00:43.172+0000][7][gc,age      ] GC(246) - age  11:         64 bytes,    2465512 total
[2024-01-21T23:00:43.172+0000][7][gc,age      ] GC(246) - age  15:        656 bytes,    2466168 total
[2024-01-21T23:00:43.172+0000][7][gc,heap     ] GC(246) Eden regions: 152->0(152)
[2024-01-21T23:00:43.172+0000][7][gc,heap     ] GC(246) Survivor regions: 1->1(20)
[2024-01-21T23:00:43.172+0000][7][gc,heap     ] GC(246) Old regions: 33->33
[2024-01-21T23:00:43.172+0000][7][gc,heap     ] GC(246) Archive regions: 2->2
[2024-01-21T23:00:43.172+0000][7][gc,heap     ] GC(246) Humongous regions: 0->0
[2024-01-21T23:00:43.172+0000][7][gc,metaspace] GC(246) Metaspace: 130830K(134528K)->130830K(134528K) NonClass: 113767K(115712K)->113767K(115712K) Class: 17063K(18816K)->17063K(18816K)
[2024-01-21T23:00:43.172+0000][7][gc          ] GC(246) Pause Young (Normal) (G1 Evacuation Pause) 745M->138M(1024M) 3.416ms
[2024-01-21T23:00:43.172+0000][7][gc,cpu      ] GC(246) User=0.01s Sys=0.00s Real=0.01s
[2024-01-21T23:00:43.172+0000][7][safepoint   ] Safepoint "G1CollectForAllocation", Time since last: 146996836290 ns, Reaching safepoint: 108854 ns, At safepoint: 3517784 ns, Total: 3626638 ns
[2024-01-21T23:03:05.196+0000][7][gc,start    ] GC(247) Pause Young (Normal) (G1 Evacuation Pause)
[2024-01-21T23:03:05.196+0000][7][gc,task     ] GC(247) Using 8 workers of 8 for evacuation
[2024-01-21T23:03:05.196+0000][7][gc,age      ] GC(247) Desired survivor size 41943040 bytes, new threshold 15 (max threshold 15)
[2024-01-21T23:03:05.199+0000][7][gc,phases   ] GC(247)   Pre Evacuate Collection Set: 0.1ms
[2024-01-21T23:03:05.199+0000][7][gc,phases   ] GC(247)   Merge Heap Roots: 0.1ms
[2024-01-21T23:03:05.199+0000][7][gc,phases   ] GC(247)   Evacuate Collection Set: 1.7ms
[2024-01-21T23:03:05.199+0000][7][gc,phases   ] GC(247)   Post Evacuate Collection Set: 0.9ms
[2024-01-21T23:03:05.199+0000][7][gc,phases   ] GC(247)   Other: 0.1ms
[2024-01-21T23:03:05.199+0000][7][gc,age      ] GC(247) Age table with threshold 15 (max threshold 15)
[2024-01-21T23:03:05.199+0000][7][gc,age      ] GC(247) - age   1:    1599936 bytes,    1599936 total
[2024-01-21T23:03:05.199+0000][7][gc,age      ] GC(247) - age   2:       3904 bytes,    1603840 total
[2024-01-21T23:03:05.199+0000][7][gc,age      ] GC(247) - age   3:       3088 bytes,    1606928 total
[2024-01-21T23:03:05.199+0000][7][gc,age      ] GC(247) - age   4:      10904 bytes,    1617832 total
[2024-01-21T23:03:05.199+0000][7][gc,age      ] GC(247) - age   5:      38888 bytes,    1656720 total
[2024-01-21T23:03:05.199+0000][7][gc,age      ] GC(247) - age   6:     158136 bytes,    1814856 total
[2024-01-21T23:03:05.199+0000][7][gc,age      ] GC(247) - age   7:        184 bytes,    1815040 total
[2024-01-21T23:03:05.199+0000][7][gc,age      ] GC(247) - age   8:     237768 bytes,    2052808 total
[2024-01-21T23:03:05.199+0000][7][gc,age      ] GC(247) - age   9:        728 bytes,    2053536 total
[2024-01-21T23:03:05.199+0000][7][gc,age      ] GC(247) - age  10:     107056 bytes,    2160592 total
[2024-01-21T23:03:05.199+0000][7][gc,age      ] GC(247) - age  12:         64 bytes,    2160656 total
[2024-01-21T23:03:05.199+0000][7][gc,heap     ] GC(247) Eden regions: 152->0(152)
[2024-01-21T23:03:05.199+0000][7][gc,heap     ] GC(247) Survivor regions: 1->1(20)
[2024-01-21T23:03:05.199+0000][7][gc,heap     ] GC(247) Old regions: 33->33
[2024-01-21T23:03:05.199+0000][7][gc,heap     ] GC(247) Archive regions: 2->2
[2024-01-21T23:03:05.199+0000][7][gc,heap     ] GC(247) Humongous regions: 0->0
[2024-01-21T23:03:05.199+0000][7][gc,metaspace] GC(247) Metaspace: 130830K(134528K)->130830K(134528K) NonClass: 113767K(115712K)->113767K(115712K) Class: 17063K(18816K)->17063K(18816K)
[2024-01-21T23:03:05.199+0000][7][gc          ] GC(247) Pause Young (Normal) (G1 Evacuation Pause) 746M->137M(1024M) 3.328ms
[2024-01-21T23:03:05.199+0000][7][gc,cpu      ] GC(247) User=0.01s Sys=0.00s Real=0.01s
[2024-01-21T23:03:05.199+0000][7][safepoint   ] Safepoint "G1CollectForAllocation", Time since last: 142023700317 ns, Reaching safepoint: 64977 ns, At safepoint: 3421177 ns, Total: 3486154 ns
[2024-01-21T23:05:43.159+0000][7][gc,start    ] GC(248) Pause Young (Normal) (G1 Evacuation Pause)
[2024-01-21T23:05:43.159+0000][7][gc,task     ] GC(248) Using 8 workers of 8 for evacuation
[2024-01-21T23:05:43.159+0000][7][gc,age      ] GC(248) Desired survivor size 41943040 bytes, new threshold 15 (max threshold 15)
[2024-01-21T23:05:43.161+0000][7][gc,phases   ] GC(248)   Pre Evacuate Collection Set: 0.1ms
[2024-01-21T23:05:43.161+0000][7][gc,phases   ] GC(248)   Merge Heap Roots: 0.1ms
[2024-01-21T23:05:43.161+0000][7][gc,phases   ] GC(248)   Evacuate Collection Set: 1.4ms
[2024-01-21T23:05:43.161+0000][7][gc,phases   ] GC(248)   Post Evacuate Collection Set: 0.7ms
[2024-01-21T23:05:43.161+0000][7][gc,phases   ] GC(248)   Other: 0.1ms
[2024-01-21T23:05:43.161+0000][7][gc,age      ] GC(248) Age table with threshold 15 (max threshold 15)
[2024-01-21T23:05:43.161+0000][7][gc,age      ] GC(248) - age   1:    1027640 bytes,    1027640 total
[2024-01-21T23:05:43.161+0000][7][gc,age      ] GC(248) - age   2:       3992 bytes,    1031632 total
[2024-01-21T23:05:43.161+0000][7][gc,age      ] GC(248) - age   3:       1400 bytes,    1033032 total
[2024-01-21T23:05:43.161+0000][7][gc,age      ] GC(248) - age   4:       2576 bytes,    1035608 total
[2024-01-21T23:05:43.161+0000][7][gc,age      ] GC(248) - age   5:       9280 bytes,    1044888 total
[2024-01-21T23:05:43.161+0000][7][gc,age      ] GC(248) - age   6:      30776 bytes,    1075664 total
[2024-01-21T23:05:43.161+0000][7][gc,age      ] GC(248) - age   7:     158136 bytes,    1233800 total
[2024-01-21T23:05:43.161+0000][7][gc,age      ] GC(248) - age   8:        184 bytes,    1233984 total
[2024-01-21T23:05:43.161+0000][7][gc,age      ] GC(248) - age   9:     237768 bytes,    1471752 total
[2024-01-21T23:05:43.161+0000][7][gc,age      ] GC(248) - age  10:        544 bytes,    1472296 total
[2024-01-21T23:05:43.161+0000][7][gc,age      ] GC(248) - age  11:     107056 bytes,    1579352 total
[2024-01-21T23:05:43.161+0000][7][gc,age      ] GC(248) - age  13:         64 bytes,    1579416 total
[2024-01-21T23:05:43.161+0000][7][gc,heap     ] GC(248) Eden regions: 152->0(152)
[2024-01-21T23:05:43.161+0000][7][gc,heap     ] GC(248) Survivor regions: 1->1(20)
[2024-01-21T23:05:43.161+0000][7][gc,heap     ] GC(248) Old regions: 33->33
[2024-01-21T23:05:43.161+0000][7][gc,heap     ] GC(248) Archive regions: 2->2
[2024-01-21T23:05:43.161+0000][7][gc,heap     ] GC(248) Humongous regions: 0->0
[2024-01-21T23:05:43.161+0000][7][gc,metaspace] GC(248) Metaspace: 130831K(134528K)->130831K(134528K) NonClass: 113768K(115712K)->113768K(115712K) Class: 17063K(18816K)->17063K(18816K)
[2024-01-21T23:05:43.161+0000][7][gc          ] GC(248) Pause Young (Normal) (G1 Evacuation Pause) 745M->137M(1024M) 2.701ms
[2024-01-21T23:05:43.161+0000][7][gc,cpu      ] GC(248) User=0.01s Sys=0.00s Real=0.01s
[2024-01-21T23:05:43.161+0000][7][safepoint   ] Safepoint "G1CollectForAllocation", Time since last: 157959335729 ns, Reaching safepoint: 37532 ns, At safepoint: 2796295 ns, Total: 2833827 ns
[2024-01-21T23:06:47.168+0000][7][safepoint   ] Safepoint "Cleanup", Time since last: 64006273436 ns, Reaching safepoint: 44862 ns, At safepoint: 4828 ns, Total: 49690 ns
[2024-01-21T23:07:07.170+0000][7][safepoint   ] Safepoint "Cleanup", Time since last: 20002261785 ns, Reaching safepoint: 61216 ns, At safepoint: 4643 ns, Total: 65859 ns
[2024-01-21T23:07:17.171+0000][7][safepoint   ] Safepoint "Cleanup", Time since last: 10001106791 ns, Reaching safepoint: 114148 ns, At safepoint: 8789 ns, Total: 122937 ns
[2024-01-21T23:08:19.149+0000][7][gc,start    ] GC(249) Pause Young (Normal) (G1 Evacuation Pause)
[2024-01-21T23:08:19.149+0000][7][gc,task     ] GC(249) Using 8 workers of 8 for evacuation
[2024-01-21T23:08:19.149+0000][7][gc,age      ] GC(249) Desired survivor size 41943040 bytes, new threshold 15 (max threshold 15)
[2024-01-21T23:08:19.151+0000][7][gc,phases   ] GC(249)   Pre Evacuate Collection Set: 0.1ms
[2024-01-21T23:08:19.151+0000][7][gc,phases   ] GC(249)   Merge Heap Roots: 0.1ms
[2024-01-21T23:08:19.151+0000][7][gc,phases   ] GC(249)   Evacuate Collection Set: 1.4ms
[2024-01-21T23:08:19.151+0000][7][gc,phases   ] GC(249)   Post Evacuate Collection Set: 0.7ms
[2024-01-21T23:08:19.151+0000][7][gc,phases   ] GC(249)   Other: 0.1ms
[2024-01-21T23:08:19.151+0000][7][gc,age      ] GC(249) Age table with threshold 15 (max threshold 15)
[2024-01-21T23:08:19.151+0000][7][gc,age      ] GC(249) - age   1:    1074952 bytes,    1074952 total
[2024-01-21T23:08:19.151+0000][7][gc,age      ] GC(249) - age   2:       3600 bytes,    1078552 total
[2024-01-21T23:08:19.151+0000][7][gc,age      ] GC(249) - age   3:       1904 bytes,    1080456 total
[2024-01-21T23:08:19.151+0000][7][gc,age      ] GC(249) - age   4:       1336 bytes,    1081792 total
[2024-01-21T23:08:19.152+0000][7][gc,age      ] GC(249) - age   5:        208 bytes,    1082000 total
[2024-01-21T23:08:19.152+0000][7][gc,age      ] GC(249) - age   6:       9216 bytes,    1091216 total
[2024-01-21T23:08:19.152+0000][7][gc,age      ] GC(249) - age   7:      30384 bytes,    1121600 total
[2024-01-21T23:08:19.152+0000][7][gc,age      ] GC(249) - age   8:     158136 bytes,    1279736 total
[2024-01-21T23:08:19.152+0000][7][gc,age      ] GC(249) - age  10:     237768 bytes,    1517504 total
[2024-01-21T23:08:19.152+0000][7][gc,age      ] GC(249) - age  11:        544 bytes,    1518048 total
[2024-01-21T23:08:19.152+0000][7][gc,age      ] GC(249) - age  12:     107056 bytes,    1625104 total
[2024-01-21T23:08:19.152+0000][7][gc,age      ] GC(249) - age  14:         64 bytes,    1625168 total
[2024-01-21T23:08:19.152+0000][7][gc,heap     ] GC(249) Eden regions: 152->0(152)
[2024-01-21T23:08:19.152+0000][7][gc,heap     ] GC(249) Survivor regions: 1->1(20)
[2024-01-21T23:08:19.152+0000][7][gc,heap     ] GC(249) Old regions: 33->33
[2024-01-21T23:08:19.152+0000][7][gc,heap     ] GC(249) Archive regions: 2->2
[2024-01-21T23:08:19.152+0000][7][gc,heap     ] GC(249) Humongous regions: 0->0
[2024-01-21T23:08:19.152+0000][7][gc,metaspace] GC(249) Metaspace: 130831K(134528K)->130831K(134528K) NonClass: 113768K(115712K)->113768K(115712K) Class: 17063K(18816K)->17063K(18816K)
[2024-01-21T23:08:19.152+0000][7][gc          ] GC(249) Pause Young (Normal) (G1 Evacuation Pause) 745M->137M(1024M) 2.657ms
[2024-01-21T23:08:19.152+0000][7][gc,cpu      ] GC(249) User=0.01s Sys=0.00s Real=0.01s
[2024-01-21T23:08:19.152+0000][7][safepoint   ] Safepoint "G1CollectForAllocation", Time since last: 61977704651 ns, Reaching safepoint: 69814 ns, At safepoint: 2743060 ns, Total: 2812874 ns
[2024-01-21T23:11:13.507+0000][7][gc,start    ] GC(250) Pause Young (Normal) (G1 Evacuation Pause)
[2024-01-21T23:11:13.507+0000][7][gc,task     ] GC(250) Using 8 workers of 8 for evacuation
[2024-01-21T23:11:13.507+0000][7][gc,age      ] GC(250) Desired survivor size 41943040 bytes, new threshold 15 (max threshold 15)
[2024-01-21T23:11:13.510+0000][7][gc,phases   ] GC(250)   Pre Evacuate Collection Set: 0.1ms
[2024-01-21T23:11:13.510+0000][7][gc,phases   ] GC(250)   Merge Heap Roots: 0.1ms
[2024-01-21T23:11:13.510+0000][7][gc,phases   ] GC(250)   Evacuate Collection Set: 1.6ms
[2024-01-21T23:11:13.510+0000][7][gc,phases   ] GC(250)   Post Evacuate Collection Set: 0.8ms
[2024-01-21T23:11:13.510+0000][7][gc,phases   ] GC(250)   Other: 0.1ms
[2024-01-21T23:11:13.510+0000][7][gc,age      ] GC(250) Age table with threshold 15 (max threshold 15)
[2024-01-21T23:11:13.510+0000][7][gc,age      ] GC(250) - age   1:     815864 bytes,     815864 total
[2024-01-21T23:11:13.510+0000][7][gc,age      ] GC(250) - age   2:       4232 bytes,     820096 total
[2024-01-21T23:11:13.510+0000][7][gc,age      ] GC(250) - age   3:       1440 bytes,     821536 total
[2024-01-21T23:11:13.510+0000][7][gc,age      ] GC(250) - age   4:        760 bytes,     822296 total
[2024-01-21T23:11:13.510+0000][7][gc,age      ] GC(250) - age   5:        568 bytes,     822864 total
[2024-01-21T23:11:13.510+0000][7][gc,age      ] GC(250) - age   6:        208 bytes,     823072 total
[2024-01-21T23:11:13.510+0000][7][gc,age      ] GC(250) - age   7:       9128 bytes,     832200 total
[2024-01-21T23:11:13.510+0000][7][gc,age      ] GC(250) - age   8:      30000 bytes,     862200 total
[2024-01-21T23:11:13.510+0000][7][gc,age      ] GC(250) - age   9:     158104 bytes,    1020304 total
[2024-01-21T23:11:13.510+0000][7][gc,age      ] GC(250) - age  11:     237768 bytes,    1258072 total
[2024-01-21T23:11:13.510+0000][7][gc,age      ] GC(250) - age  12:        544 bytes,    1258616 total
[2024-01-21T23:11:13.510+0000][7][gc,age      ] GC(250) - age  13:     107056 bytes,    1365672 total
[2024-01-21T23:11:13.510+0000][7][gc,age      ] GC(250) - age  15:         64 bytes,    1365736 total
[2024-01-21T23:11:13.510+0000][7][gc,heap     ] GC(250) Eden regions: 152->0(152)
[2024-01-21T23:11:13.510+0000][7][gc,heap     ] GC(250) Survivor regions: 1->1(20)
[2024-01-21T23:11:13.510+0000][7][gc,heap     ] GC(250) Old regions: 33->33
[2024-01-21T23:11:13.510+0000][7][gc,heap     ] GC(250) Archive regions: 2->2
[2024-01-21T23:11:13.510+0000][7][gc,heap     ] GC(250) Humongous regions: 0->0
[2024-01-21T23:11:13.510+0000][7][gc,metaspace] GC(250) Metaspace: 130831K(134528K)->130831K(134528K) NonClass: 113768K(115712K)->113768K(115712K) Class: 17063K(18816K)->17063K(18816K)
[2024-01-21T23:11:13.510+0000][7][gc          ] GC(250) Pause Young (Normal) (G1 Evacuation Pause) 745M->137M(1024M) 3.191ms
[2024-01-21T23:11:13.510+0000][7][gc,cpu      ] GC(250) User=0.02s Sys=0.00s Real=0.00s
[2024-01-21T23:11:13.510+0000][7][safepoint   ] Safepoint "G1CollectForAllocation", Time since last: 174355345470 ns, Reaching safepoint: 49179 ns, At safepoint: 3293256 ns, Total: 3342435 ns
[2024-01-21T23:13:07.522+0000][7][safepoint   ] Safepoint "Cleanup", Time since last: 114011252708 ns, Reaching safepoint: 56765 ns, At safepoint: 34888 ns, Total: 91653 ns
[2024-01-21T23:14:19.210+0000][7][gc,start    ] GC(251) Pause Young (Normal) (G1 Evacuation Pause)
[2024-01-21T23:14:19.210+0000][7][gc,task     ] GC(251) Using 8 workers of 8 for evacuation
[2024-01-21T23:14:19.210+0000][7][gc,age      ] GC(251) Desired survivor size 41943040 bytes, new threshold 15 (max threshold 15)
[2024-01-21T23:14:19.213+0000][7][gc,phases   ] GC(251)   Pre Evacuate Collection Set: 0.1ms
[2024-01-21T23:14:19.213+0000][7][gc,phases   ] GC(251)   Merge Heap Roots: 0.1ms
[2024-01-21T23:14:19.213+0000][7][gc,phases   ] GC(251)   Evacuate Collection Set: 1.8ms
[2024-01-21T23:14:19.213+0000][7][gc,phases   ] GC(251)   Post Evacuate Collection Set: 1.0ms
[2024-01-21T23:14:19.213+0000][7][gc,phases   ] GC(251)   Other: 0.1ms
[2024-01-21T23:14:19.213+0000][7][gc,age      ] GC(251) Age table with threshold 15 (max threshold 15)
[2024-01-21T23:14:19.213+0000][7][gc,age      ] GC(251) - age   1:    1351920 bytes,    1351920 total
[2024-01-21T23:14:19.213+0000][7][gc,age      ] GC(251) - age   2:      11592 bytes,    1363512 total
[2024-01-21T23:14:19.213+0000][7][gc,age      ] GC(251) - age   3:       2696 bytes,    1366208 total
[2024-01-21T23:14:19.213+0000][7][gc,age      ] GC(251) - age   4:        216 bytes,    1366424 total
[2024-01-21T23:14:19.213+0000][7][gc,age      ] GC(251) - age   5:         24 bytes,    1366448 total
[2024-01-21T23:14:19.213+0000][7][gc,age      ] GC(251) - age   6:        568 bytes,    1367016 total
[2024-01-21T23:14:19.213+0000][7][gc,age      ] GC(251) - age   7:        208 bytes,    1367224 total
[2024-01-21T23:14:19.213+0000][7][gc,age      ] GC(251) - age   8:       9096 bytes,    1376320 total
[2024-01-21T23:14:19.213+0000][7][gc,age      ] GC(251) - age   9:      30000 bytes,    1406320 total
[2024-01-21T23:14:19.213+0000][7][gc,age      ] GC(251) - age  10:     158104 bytes,    1564424 total
[2024-01-21T23:14:19.213+0000][7][gc,age      ] GC(251) - age  12:     237768 bytes,    1802192 total
[2024-01-21T23:14:19.213+0000][7][gc,age      ] GC(251) - age  13:        544 bytes,    1802736 total
[2024-01-21T23:14:19.213+0000][7][gc,age      ] GC(251) - age  14:     107056 bytes,    1909792 total
[2024-01-21T23:14:19.213+0000][7][gc,heap     ] GC(251) Eden regions: 152->0(152)
[2024-01-21T23:14:19.213+0000][7][gc,heap     ] GC(251) Survivor regions: 1->1(20)
[2024-01-21T23:14:19.213+0000][7][gc,heap     ] GC(251) Old regions: 33->33
[2024-01-21T23:14:19.213+0000][7][gc,heap     ] GC(251) Archive regions: 2->2
[2024-01-21T23:14:19.213+0000][7][gc,heap     ] GC(251) Humongous regions: 0->0
[2024-01-21T23:14:19.213+0000][7][gc,metaspace] GC(251) Metaspace: 130831K(134528K)->130831K(134528K) NonClass: 113768K(115712K)->113768K(115712K) Class: 17063K(18816K)->17063K(18816K)
[2024-01-21T23:14:19.213+0000][7][gc          ] GC(251) Pause Young (Normal) (G1 Evacuation Pause) 745M->137M(1024M) 3.547ms
[2024-01-21T23:14:19.213+0000][7][gc,cpu      ] GC(251) User=0.02s Sys=0.00s Real=0.01s
[2024-01-21T23:14:19.213+0000][7][safepoint   ] Safepoint "G1CollectForAllocation", Time since last: 71687776300 ns, Reaching safepoint: 54552 ns, At safepoint: 3687569 ns, Total: 3742121 ns
[2024-01-21T23:15:14.526+0000][7][safepoint   ] Safepoint "Cleanup", Time since last: 55312447997 ns, Reaching safepoint: 67653 ns, At safepoint: 9495 ns, Total: 77148 ns
[2024-01-21T23:16:13.533+0000][7][safepoint   ] Safepoint "Cleanup", Time since last: 59006865220 ns, Reaching safepoint: 70086 ns, At safepoint: 37005 ns, Total: 107091 ns
[2024-01-21T23:17:04.186+0000][7][gc,start    ] GC(252) Pause Young (Normal) (G1 Evacuation Pause)
[2024-01-21T23:17:04.186+0000][7][gc,task     ] GC(252) Using 8 workers of 8 for evacuation
[2024-01-21T23:17:04.186+0000][7][gc,age      ] GC(252) Desired survivor size 41943040 bytes, new threshold 15 (max threshold 15)
[2024-01-21T23:17:04.189+0000][7][gc,phases   ] GC(252)   Pre Evacuate Collection Set: 0.1ms
[2024-01-21T23:17:04.189+0000][7][gc,phases   ] GC(252)   Merge Heap Roots: 0.1ms
[2024-01-21T23:17:04.189+0000][7][gc,phases   ] GC(252)   Evacuate Collection Set: 1.5ms
[2024-01-21T23:17:04.189+0000][7][gc,phases   ] GC(252)   Post Evacuate Collection Set: 0.9ms
[2024-01-21T23:17:04.189+0000][7][gc,phases   ] GC(252)   Other: 0.1ms
[2024-01-21T23:17:04.189+0000][7][gc,age      ] GC(252) Age table with threshold 15 (max threshold 15)
[2024-01-21T23:17:04.189+0000][7][gc,age      ] GC(252) - age   1:    1412320 bytes,    1412320 total
[2024-01-21T23:17:04.189+0000][7][gc,age      ] GC(252) - age   2:       3336 bytes,    1415656 total
[2024-01-21T23:17:04.189+0000][7][gc,age      ] GC(252) - age   3:       9568 bytes,    1425224 total
[2024-01-21T23:17:04.189+0000][7][gc,age      ] GC(252) - age   4:        392 bytes,    1425616 total
[2024-01-21T23:17:04.189+0000][7][gc,age      ] GC(252) - age   5:         32 bytes,    1425648 total
[2024-01-21T23:17:04.189+0000][7][gc,age      ] GC(252) - age   6:         24 bytes,    1425672 total
[2024-01-21T23:17:04.189+0000][7][gc,age      ] GC(252) - age   7:        568 bytes,    1426240 total
[2024-01-21T23:17:04.189+0000][7][gc,age      ] GC(252) - age   8:        208 bytes,    1426448 total
[2024-01-21T23:17:04.189+0000][7][gc,age      ] GC(252) - age   9:       9096 bytes,    1435544 total
[2024-01-21T23:17:04.189+0000][7][gc,age      ] GC(252) - age  10:      30000 bytes,    1465544 total
[2024-01-21T23:17:04.189+0000][7][gc,age      ] GC(252) - age  11:     158104 bytes,    1623648 total
[2024-01-21T23:17:04.189+0000][7][gc,age      ] GC(252) - age  13:     237768 bytes,    1861416 total
[2024-01-21T23:17:04.189+0000][7][gc,age      ] GC(252) - age  14:        544 bytes,    1861960 total
[2024-01-21T23:17:04.189+0000][7][gc,age      ] GC(252) - age  15:     107056 bytes,    1969016 total
[2024-01-21T23:17:04.189+0000][7][gc,heap     ] GC(252) Eden regions: 152->0(152)
[2024-01-21T23:17:04.189+0000][7][gc,heap     ] GC(252) Survivor regions: 1->1(20)
[2024-01-21T23:17:04.189+0000][7][gc,heap     ] GC(252) Old regions: 33->33
[2024-01-21T23:17:04.189+0000][7][gc,heap     ] GC(252) Archive regions: 2->2
[2024-01-21T23:17:04.189+0000][7][gc,heap     ] GC(252) Humongous regions: 0->0
[2024-01-21T23:17:04.189+0000][7][gc,metaspace] GC(252) Metaspace: 130831K(134528K)->130831K(134528K) NonClass: 113768K(115712K)->113768K(115712K) Class: 17063K(18816K)->17063K(18816K)
[2024-01-21T23:17:04.189+0000][7][gc          ] GC(252) Pause Young (Normal) (G1 Evacuation Pause) 745M->137M(1024M) 3.028ms
[2024-01-21T23:17:04.189+0000][7][gc,cpu      ] GC(252) User=0.01s Sys=0.00s Real=0.00s
[2024-01-21T23:17:04.189+0000][7][safepoint   ] Safepoint "G1CollectForAllocation", Time since last: 50653113418 ns, Reaching safepoint: 37678 ns, At safepoint: 3119110 ns, Total: 3156788 ns
[2024-01-21T23:19:18.862+0000][7][gc,start    ] GC(253) Pause Young (Normal) (G1 Evacuation Pause)
[2024-01-21T23:19:18.862+0000][7][gc,task     ] GC(253) Using 8 workers of 8 for evacuation
[2024-01-21T23:19:18.862+0000][7][gc,age      ] GC(253) Desired survivor size 41943040 bytes, new threshold 15 (max threshold 15)
[2024-01-21T23:19:18.864+0000][7][gc,phases   ] GC(253)   Pre Evacuate Collection Set: 0.1ms
[2024-01-21T23:19:18.864+0000][7][gc,phases   ] GC(253)   Merge Heap Roots: 0.1ms
[2024-01-21T23:19:18.864+0000][7][gc,phases   ] GC(253)   Evacuate Collection Set: 1.2ms
[2024-01-21T23:19:18.864+0000][7][gc,phases   ] GC(253)   Post Evacuate Collection Set: 0.6ms
[2024-01-21T23:19:18.864+0000][7][gc,phases   ] GC(253)   Other: 0.1ms
[2024-01-21T23:19:18.864+0000][7][gc,age      ] GC(253) Age table with threshold 15 (max threshold 15)
[2024-01-21T23:19:18.864+0000][7][gc,age      ] GC(253) - age   1:    2163632 bytes,    2163632 total
[2024-01-21T23:19:18.864+0000][7][gc,age      ] GC(253) - age   2:       5344 bytes,    2168976 total
[2024-01-21T23:19:18.864+0000][7][gc,age      ] GC(253) - age   3:       1032 bytes,    2170008 total
[2024-01-21T23:19:18.864+0000][7][gc,age      ] GC(253) - age   4:       9440 bytes,    2179448 total
[2024-01-21T23:19:18.864+0000][7][gc,age      ] GC(253) - age   5:        392 bytes,    2179840 total
[2024-01-21T23:19:18.864+0000][7][gc,age      ] GC(253) - age   6:         32 bytes,    2179872 total
[2024-01-21T23:19:18.864+0000][7][gc,age      ] GC(253) - age   7:         24 bytes,    2179896 total
[2024-01-21T23:19:18.864+0000][7][gc,age      ] GC(253) - age   8:        568 bytes,    2180464 total
[2024-01-21T23:19:18.864+0000][7][gc,age      ] GC(253) - age   9:        208 bytes,    2180672 total
[2024-01-21T23:19:18.864+0000][7][gc,age      ] GC(253) - age  10:       9096 bytes,    2189768 total
[2024-01-21T23:19:18.864+0000][7][gc,age      ] GC(253) - age  11:      30000 bytes,    2219768 total
[2024-01-21T23:19:18.865+0000][7][gc,age      ] GC(253) - age  12:     158104 bytes,    2377872 total
[2024-01-21T23:19:18.865+0000][7][gc,age      ] GC(253) - age  14:     237768 bytes,    2615640 total
[2024-01-21T23:19:18.865+0000][7][gc,age      ] GC(253) - age  15:        544 bytes,    2616184 total
[2024-01-21T23:19:18.865+0000][7][gc,heap     ] GC(253) Eden regions: 152->0(152)
[2024-01-21T23:19:18.865+0000][7][gc,heap     ] GC(253) Survivor regions: 1->1(20)
[2024-01-21T23:19:18.865+0000][7][gc,heap     ] GC(253) Old regions: 33->33
[2024-01-21T23:19:18.865+0000][7][gc,heap     ] GC(253) Archive regions: 2->2
[2024-01-21T23:19:18.865+0000][7][gc,heap     ] GC(253) Humongous regions: 0->0
[2024-01-21T23:19:18.865+0000][7][gc,metaspace] GC(253) Metaspace: 130831K(134528K)->130831K(134528K) NonClass: 113768K(115712K)->113768K(115712K) Class: 17063K(18816K)->17063K(18816K)
[2024-01-21T23:19:18.865+0000][7][gc          ] GC(253) Pause Young (Normal) (G1 Evacuation Pause) 745M->138M(1024M) 2.195ms
[2024-01-21T23:19:18.865+0000][7][gc,cpu      ] GC(253) User=0.01s Sys=0.00s Real=0.01s
[2024-01-21T23:19:18.865+0000][7][safepoint   ] Safepoint "G1CollectForAllocation", Time since last: 135100622584 ns, Reaching safepoint: 31729 ns, At safepoint: 2260427 ns, Total: 2292156 ns
[2024-01-21T23:21:46.768+0000][7][gc,start    ] GC(254) Pause Young (Normal) (G1 Evacuation Pause)
[2024-01-21T23:21:46.768+0000][7][gc,task     ] GC(254) Using 8 workers of 8 for evacuation
[2024-01-21T23:21:46.768+0000][7][gc,age      ] GC(254) Desired survivor size 41943040 bytes, new threshold 15 (max threshold 15)
[2024-01-21T23:21:46.770+0000][7][gc,phases   ] GC(254)   Pre Evacuate Collection Set: 0.1ms
[2024-01-21T23:21:46.770+0000][7][gc,phases   ] GC(254)   Merge Heap Roots: 0.1ms
[2024-01-21T23:21:46.770+0000][7][gc,phases   ] GC(254)   Evacuate Collection Set: 1.3ms
[2024-01-21T23:21:46.770+0000][7][gc,phases   ] GC(254)   Post Evacuate Collection Set: 0.8ms
[2024-01-21T23:21:46.770+0000][7][gc,phases   ] GC(254)   Other: 0.1ms
[2024-01-21T23:21:46.770+0000][7][gc,age      ] GC(254) Age table with threshold 15 (max threshold 15)
[2024-01-21T23:21:46.770+0000][7][gc,age      ] GC(254) - age   1:     935320 bytes,     935320 total
[2024-01-21T23:21:46.770+0000][7][gc,age      ] GC(254) - age   2:       3456 bytes,     938776 total
[2024-01-21T23:21:46.770+0000][7][gc,age      ] GC(254) - age   3:       2992 bytes,     941768 total
[2024-01-21T23:21:46.770+0000][7][gc,age      ] GC(254) - age   4:        904 bytes,     942672 total
[2024-01-21T23:21:46.770+0000][7][gc,age      ] GC(254) - age   5:       8608 bytes,     951280 total
[2024-01-21T23:21:46.770+0000][7][gc,age      ] GC(254) - age   6:        392 bytes,     951672 total
[2024-01-21T23:21:46.770+0000][7][gc,age      ] GC(254) - age   7:         32 bytes,     951704 total
[2024-01-21T23:21:46.770+0000][7][gc,age      ] GC(254) - age   8:         24 bytes,     951728 total
[2024-01-21T23:21:46.770+0000][7][gc,age      ] GC(254) - age   9:        568 bytes,     952296 total
[2024-01-21T23:21:46.770+0000][7][gc,age      ] GC(254) - age  10:        208 bytes,     952504 total
[2024-01-21T23:21:46.770+0000][7][gc,age      ] GC(254) - age  11:       9096 bytes,     961600 total
[2024-01-21T23:21:46.770+0000][7][gc,age      ] GC(254) - age  12:      30000 bytes,     991600 total
[2024-01-21T23:21:46.770+0000][7][gc,age      ] GC(254) - age  13:     158104 bytes,    1149704 total
[2024-01-21T23:21:46.770+0000][7][gc,age      ] GC(254) - age  15:     237768 bytes,    1387472 total
[2024-01-21T23:21:46.770+0000][7][gc,heap     ] GC(254) Eden regions: 152->0(152)
[2024-01-21T23:21:46.770+0000][7][gc,heap     ] GC(254) Survivor regions: 1->1(20)
[2024-01-21T23:21:46.770+0000][7][gc,heap     ] GC(254) Old regions: 33->33
[2024-01-21T23:21:46.770+0000][7][gc,heap     ] GC(254) Archive regions: 2->2
[2024-01-21T23:21:46.770+0000][7][gc,heap     ] GC(254) Humongous regions: 0->0
[2024-01-21T23:21:46.770+0000][7][gc,metaspace] GC(254) Metaspace: 130831K(134528K)->130831K(134528K) NonClass: 113768K(115712K)->113768K(115712K) Class: 17063K(18816K)->17063K(18816K)
[2024-01-21T23:21:46.770+0000][7][gc          ] GC(254) Pause Young (Normal) (G1 Evacuation Pause) 746M->137M(1024M) 2.756ms
[2024-01-21T23:21:46.770+0000][7][gc,cpu      ] GC(254) User=0.00s Sys=0.00s Real=0.00s
[2024-01-21T23:21:46.770+0000][7][safepoint   ] Safepoint "G1CollectForAllocation", Time since last: 147902865893 ns, Reaching safepoint: 84726 ns, At safepoint: 2867454 ns, Total: 2952180 ns
[2024-01-21T23:23:19.781+0000][7][safepoint   ] Safepoint "Cleanup", Time since last: 93010680953 ns, Reaching safepoint: 79945 ns, At safepoint: 7959 ns, Total: 87904 ns
[2024-01-21T23:24:12.805+0000][7][gc,start    ] GC(255) Pause Young (Normal) (G1 Evacuation Pause)
[2024-01-21T23:24:12.805+0000][7][gc,task     ] GC(255) Using 8 workers of 8 for evacuation
[2024-01-21T23:24:12.805+0000][7][gc,age      ] GC(255) Desired survivor size 41943040 bytes, new threshold 15 (max threshold 15)
[2024-01-21T23:24:12.807+0000][7][gc,phases   ] GC(255)   Pre Evacuate Collection Set: 0.1ms
[2024-01-21T23:24:12.807+0000][7][gc,phases   ] GC(255)   Merge Heap Roots: 0.1ms
[2024-01-21T23:24:12.807+0000][7][gc,phases   ] GC(255)   Evacuate Collection Set: 1.0ms
[2024-01-21T23:24:12.807+0000][7][gc,phases   ] GC(255)   Post Evacuate Collection Set: 0.6ms
[2024-01-21T23:24:12.807+0000][7][gc,phases   ] GC(255)   Other: 0.1ms
[2024-01-21T23:24:12.807+0000][7][gc,age      ] GC(255) Age table with threshold 15 (max threshold 15)
[2024-01-21T23:24:12.807+0000][7][gc,age      ] GC(255) - age   1:    1582376 bytes,    1582376 total
[2024-01-21T23:24:12.807+0000][7][gc,age      ] GC(255) - age   2:       2568 bytes,    1584944 total
[2024-01-21T23:24:12.807+0000][7][gc,age      ] GC(255) - age   3:        672 bytes,    1585616 total
[2024-01-21T23:24:12.807+0000][7][gc,age      ] GC(255) - age   4:       2736 bytes,    1588352 total
[2024-01-21T23:24:12.807+0000][7][gc,age      ] GC(255) - age   5:        152 bytes,    1588504 total
[2024-01-21T23:24:12.807+0000][7][gc,age      ] GC(255) - age   6:       8608 bytes,    1597112 total
[2024-01-21T23:24:12.807+0000][7][gc,age      ] GC(255) - age   9:         24 bytes,    1597136 total
[2024-01-21T23:24:12.807+0000][7][gc,age      ] GC(255) - age  10:        568 bytes,    1597704 total
[2024-01-21T23:24:12.807+0000][7][gc,age      ] GC(255) - age  11:        184 bytes,    1597888 total
[2024-01-21T23:24:12.807+0000][7][gc,age      ] GC(255) - age  12:       9096 bytes,    1606984 total
[2024-01-21T23:24:12.807+0000][7][gc,age      ] GC(255) - age  13:      30000 bytes,    1636984 total
[2024-01-21T23:24:12.807+0000][7][gc,age      ] GC(255) - age  14:     158104 bytes,    1795088 total
[2024-01-21T23:24:12.807+0000][7][gc,heap     ] GC(255) Eden regions: 152->0(152)
[2024-01-21T23:24:12.807+0000][7][gc,heap     ] GC(255) Survivor regions: 1->1(20)
[2024-01-21T23:24:12.807+0000][7][gc,heap     ] GC(255) Old regions: 33->34
[2024-01-21T23:24:12.807+0000][7][gc,heap     ] GC(255) Archive regions: 2->2
[2024-01-21T23:24:12.807+0000][7][gc,heap     ] GC(255) Humongous regions: 0->0
[2024-01-21T23:24:12.807+0000][7][gc,metaspace] GC(255) Metaspace: 130835K(134528K)->130835K(134528K) NonClass: 113772K(115712K)->113772K(115712K) Class: 17063K(18816K)->17063K(18816K)
[2024-01-21T23:24:12.807+0000][7][gc          ] GC(255) Pause Young (Normal) (G1 Evacuation Pause) 745M->137M(1024M) 1.985ms
[2024-01-21T23:24:12.807+0000][7][gc,cpu      ] GC(255) User=0.01s Sys=0.00s Real=0.00s
[2024-01-21T23:24:12.807+0000][7][safepoint   ] Safepoint "G1CollectForAllocation", Time since last: 53023480651 ns, Reaching safepoint: 40500 ns, At safepoint: 2049692 ns, Total: 2090192 ns
[2024-01-21T23:27:18.878+0000][7][gc,start    ] GC(256) Pause Young (Normal) (G1 Evacuation Pause)
[2024-01-21T23:27:18.878+0000][7][gc,task     ] GC(256) Using 8 workers of 8 for evacuation
[2024-01-21T23:27:18.878+0000][7][gc,age      ] GC(256) Desired survivor size 41943040 bytes, new threshold 15 (max threshold 15)
[2024-01-21T23:27:18.880+0000][7][gc,phases   ] GC(256)   Pre Evacuate Collection Set: 0.1ms
[2024-01-21T23:27:18.880+0000][7][gc,phases   ] GC(256)   Merge Heap Roots: 0.1ms
[2024-01-21T23:27:18.880+0000][7][gc,phases   ] GC(256)   Evacuate Collection Set: 1.1ms
[2024-01-21T23:27:18.880+0000][7][gc,phases   ] GC(256)   Post Evacuate Collection Set: 0.7ms
[2024-01-21T23:27:18.880+0000][7][gc,phases   ] GC(256)   Other: 0.1ms
[2024-01-21T23:27:18.880+0000][7][gc,age      ] GC(256) Age table with threshold 15 (max threshold 15)
[2024-01-21T23:27:18.880+0000][7][gc,age      ] GC(256) - age   1:    2195240 bytes,    2195240 total
[2024-01-21T23:27:18.880+0000][7][gc,age      ] GC(256) - age   2:       4296 bytes,    2199536 total
[2024-01-21T23:27:18.880+0000][7][gc,age      ] GC(256) - age   3:        928 bytes,    2200464 total
[2024-01-21T23:27:18.880+0000][7][gc,age      ] GC(256) - age   4:        184 bytes,    2200648 total
[2024-01-21T23:27:18.880+0000][7][gc,age      ] GC(256) - age   6:         56 bytes,    2200704 total
[2024-01-21T23:27:18.880+0000][7][gc,age      ] GC(256) - age   7:       8608 bytes,    2209312 total
[2024-01-21T23:27:18.880+0000][7][gc,age      ] GC(256) - age  10:         24 bytes,    2209336 total
[2024-01-21T23:27:18.880+0000][7][gc,age      ] GC(256) - age  11:        568 bytes,    2209904 total
[2024-01-21T23:27:18.880+0000][7][gc,age      ] GC(256) - age  12:        184 bytes,    2210088 total
[2024-01-21T23:27:18.880+0000][7][gc,age      ] GC(256) - age  13:       9096 bytes,    2219184 total
[2024-01-21T23:27:18.880+0000][7][gc,age      ] GC(256) - age  14:      30000 bytes,    2249184 total
[2024-01-21T23:27:18.880+0000][7][gc,age      ] GC(256) - age  15:     158104 bytes,    2407288 total
[2024-01-21T23:27:18.880+0000][7][gc,heap     ] GC(256) Eden regions: 152->0(152)
[2024-01-21T23:27:18.880+0000][7][gc,heap     ] GC(256) Survivor regions: 1->1(20)
[2024-01-21T23:27:18.880+0000][7][gc,heap     ] GC(256) Old regions: 34->34
[2024-01-21T23:27:18.880+0000][7][gc,heap     ] GC(256) Archive regions: 2->2
[2024-01-21T23:27:18.880+0000][7][gc,heap     ] GC(256) Humongous regions: 0->0
[2024-01-21T23:27:18.880+0000][7][gc,metaspace] GC(256) Metaspace: 130835K(134528K)->130835K(134528K) NonClass: 113772K(115712K)->113772K(115712K) Class: 17063K(18816K)->17063K(18816K)
[2024-01-21T23:27:18.880+0000][7][gc          ] GC(256) Pause Young (Normal) (G1 Evacuation Pause) 745M->138M(1024M) 2.201ms
[2024-01-21T23:27:18.880+0000][7][gc,cpu      ] GC(256) User=0.01s Sys=0.00s Real=0.00s
[2024-01-21T23:27:18.880+0000][7][safepoint   ] Safepoint "G1CollectForAllocation", Time since last: 186070999107 ns, Reaching safepoint: 29088 ns, At safepoint: 2267879 ns, Total: 2296967 ns
[2024-01-21T23:29:56.896+0000][7][safepoint   ] Safepoint "Cleanup", Time since last: 158015907705 ns, Reaching safepoint: 59778 ns, At safepoint: 5572 ns, Total: 65350 ns
[2024-01-21T23:30:18.819+0000][7][gc,start    ] GC(257) Pause Young (Normal) (G1 Evacuation Pause)
[2024-01-21T23:30:18.819+0000][7][gc,task     ] GC(257) Using 8 workers of 8 for evacuation
[2024-01-21T23:30:18.819+0000][7][gc,age      ] GC(257) Desired survivor size 41943040 bytes, new threshold 15 (max threshold 15)
[2024-01-21T23:30:18.823+0000][7][gc,phases   ] GC(257)   Pre Evacuate Collection Set: 0.1ms
[2024-01-21T23:30:18.823+0000][7][gc,phases   ] GC(257)   Merge Heap Roots: 0.1ms
[2024-01-21T23:30:18.823+0000][7][gc,phases   ] GC(257)   Evacuate Collection Set: 1.7ms
[2024-01-21T23:30:18.823+0000][7][gc,phases   ] GC(257)   Post Evacuate Collection Set: 1.3ms
[2024-01-21T23:30:18.823+0000][7][gc,phases   ] GC(257)   Other: 0.1ms
[2024-01-21T23:30:18.823+0000][7][gc,age      ] GC(257) Age table with threshold 15 (max threshold 15)
[2024-01-21T23:30:18.823+0000][7][gc,age      ] GC(257) - age   1:    1722872 bytes,    1722872 total
[2024-01-21T23:30:18.823+0000][7][gc,age      ] GC(257) - age   2:       5984 bytes,    1728856 total
[2024-01-21T23:30:18.823+0000][7][gc,age      ] GC(257) - age   3:       1768 bytes,    1730624 total
[2024-01-21T23:30:18.823+0000][7][gc,age      ] GC(257) - age   5:        184 bytes,    1730808 total
[2024-01-21T23:30:18.823+0000][7][gc,age      ] GC(257) - age   7:         56 bytes,    1730864 total
[2024-01-21T23:30:18.823+0000][7][gc,age      ] GC(257) - age   8:       8040 bytes,    1738904 total
[2024-01-21T23:30:18.823+0000][7][gc,age      ] GC(257) - age  11:         24 bytes,    1738928 total
[2024-01-21T23:30:18.823+0000][7][gc,age      ] GC(257) - age  12:        568 bytes,    1739496 total
[2024-01-21T23:30:18.823+0000][7][gc,age      ] GC(257) - age  13:        184 bytes,    1739680 total
[2024-01-21T23:30:18.823+0000][7][gc,age      ] GC(257) - age  14:       9096 bytes,    1748776 total
[2024-01-21T23:30:18.823+0000][7][gc,age      ] GC(257) - age  15:      30000 bytes,    1778776 total
[2024-01-21T23:30:18.823+0000][7][gc,heap     ] GC(257) Eden regions: 152->0(152)
[2024-01-21T23:30:18.823+0000][7][gc,heap     ] GC(257) Survivor regions: 1->1(20)
[2024-01-21T23:30:18.823+0000][7][gc,heap     ] GC(257) Old regions: 34->34
[2024-01-21T23:30:18.823+0000][7][gc,heap     ] GC(257) Archive regions: 2->2
[2024-01-21T23:30:18.823+0000][7][gc,heap     ] GC(257) Humongous regions: 0->0
[2024-01-21T23:30:18.823+0000][7][gc,metaspace] GC(257) Metaspace: 130835K(134528K)->130835K(134528K) NonClass: 113772K(115712K)->113772K(115712K) Class: 17063K(18816K)->17063K(18816K)
[2024-01-21T23:30:18.823+0000][7][gc          ] GC(257) Pause Young (Normal) (G1 Evacuation Pause) 746M->138M(1024M) 3.741ms
[2024-01-21T23:30:18.823+0000][7][gc,cpu      ] GC(257) User=0.01s Sys=0.00s Real=0.00s
[2024-01-21T23:30:18.823+0000][7][safepoint   ] Safepoint "G1CollectForAllocation", Time since last: 21923137556 ns, Reaching safepoint: 52426 ns, At safepoint: 3862605 ns, Total: 3915031 ns
[2024-01-21T23:30:22.823+0000][7][safepoint   ] Safepoint "Cleanup", Time since last: 4000335784 ns, Reaching safepoint: 71760 ns, At safepoint: 6227 ns, Total: 77987 ns
[2024-01-21T23:33:09.825+0000][7][gc,start    ] GC(258) Pause Young (Normal) (G1 Evacuation Pause)
[2024-01-21T23:33:09.825+0000][7][gc,task     ] GC(258) Using 8 workers of 8 for evacuation
[2024-01-21T23:33:09.825+0000][7][gc,age      ] GC(258) Desired survivor size 41943040 bytes, new threshold 15 (max threshold 15)
[2024-01-21T23:33:09.828+0000][7][gc,phases   ] GC(258)   Pre Evacuate Collection Set: 0.1ms
[2024-01-21T23:33:09.828+0000][7][gc,phases   ] GC(258)   Merge Heap Roots: 0.1ms
[2024-01-21T23:33:09.828+0000][7][gc,phases   ] GC(258)   Evacuate Collection Set: 1.5ms
[2024-01-21T23:33:09.828+0000][7][gc,phases   ] GC(258)   Post Evacuate Collection Set: 0.9ms
[2024-01-21T23:33:09.828+0000][7][gc,phases   ] GC(258)   Other: 0.1ms
[2024-01-21T23:33:09.828+0000][7][gc,age      ] GC(258) Age table with threshold 15 (max threshold 15)
[2024-01-21T23:33:09.828+0000][7][gc,age      ] GC(258) - age   1:    1084520 bytes,    1084520 total
[2024-01-21T23:33:09.828+0000][7][gc,age      ] GC(258) - age   2:       3400 bytes,    1087920 total
[2024-01-21T23:33:09.828+0000][7][gc,age      ] GC(258) - age   3:       2968 bytes,    1090888 total
[2024-01-21T23:33:09.828+0000][7][gc,age      ] GC(258) - age   4:        672 bytes,    1091560 total
[2024-01-21T23:33:09.828+0000][7][gc,age      ] GC(258) - age   8:         24 bytes,    1091584 total
[2024-01-21T23:33:09.828+0000][7][gc,age      ] GC(258) - age   9:       8040 bytes,    1099624 total
[2024-01-21T23:33:09.828+0000][7][gc,age      ] GC(258) - age  12:         24 bytes,    1099648 total
[2024-01-21T23:33:09.828+0000][7][gc,age      ] GC(258) - age  13:        568 bytes,    1100216 total
[2024-01-21T23:33:09.828+0000][7][gc,age      ] GC(258) - age  14:        184 bytes,    1100400 total
[2024-01-21T23:33:09.828+0000][7][gc,age      ] GC(258) - age  15:       9096 bytes,    1109496 total
[2024-01-21T23:33:09.828+0000][7][gc,heap     ] GC(258) Eden regions: 152->0(152)
[2024-01-21T23:33:09.828+0000][7][gc,heap     ] GC(258) Survivor regions: 1->1(20)
[2024-01-21T23:33:09.828+0000][7][gc,heap     ] GC(258) Old regions: 34->34
[2024-01-21T23:33:09.828+0000][7][gc,heap     ] GC(258) Archive regions: 2->2
[2024-01-21T23:33:09.828+0000][7][gc,heap     ] GC(258) Humongous regions: 0->0
[2024-01-21T23:33:09.828+0000][7][gc,metaspace] GC(258) Metaspace: 130836K(134528K)->130836K(134528K) NonClass: 113772K(115712K)->113772K(115712K) Class: 17063K(18816K)->17063K(18816K)
[2024-01-21T23:33:09.828+0000][7][gc          ] GC(258) Pause Young (Normal) (G1 Evacuation Pause) 746M->137M(1024M) 2.892ms
[2024-01-21T23:33:09.828+0000][7][gc,cpu      ] GC(258) User=0.02s Sys=0.00s Real=0.00s
[2024-01-21T23:33:09.828+0000][7][safepoint   ] Safepoint "G1CollectForAllocation", Time since last: 167001750371 ns, Reaching safepoint: 40704 ns, At safepoint: 2986090 ns, Total: 3026794 ns
[2024-01-21T23:35:33.860+0000][7][gc,start    ] GC(259) Pause Young (Normal) (G1 Evacuation Pause)
[2024-01-21T23:35:33.860+0000][7][gc,task     ] GC(259) Using 8 workers of 8 for evacuation
[2024-01-21T23:35:33.860+0000][7][gc,age      ] GC(259) Desired survivor size 41943040 bytes, new threshold 15 (max threshold 15)
[2024-01-21T23:35:33.862+0000][7][gc,phases   ] GC(259)   Pre Evacuate Collection Set: 0.1ms
[2024-01-21T23:35:33.862+0000][7][gc,phases   ] GC(259)   Merge Heap Roots: 0.1ms
[2024-01-21T23:35:33.862+0000][7][gc,phases   ] GC(259)   Evacuate Collection Set: 1.2ms
[2024-01-21T23:35:33.862+0000][7][gc,phases   ] GC(259)   Post Evacuate Collection Set: 0.6ms
[2024-01-21T23:35:33.862+0000][7][gc,phases   ] GC(259)   Other: 0.1ms
[2024-01-21T23:35:33.862+0000][7][gc,age      ] GC(259) Age table with threshold 15 (max threshold 15)
[2024-01-21T23:35:33.862+0000][7][gc,age      ] GC(259) - age   1:    1825264 bytes,    1825264 total
[2024-01-21T23:35:33.862+0000][7][gc,age      ] GC(259) - age   2:       3744 bytes,    1829008 total
[2024-01-21T23:35:33.862+0000][7][gc,age      ] GC(259) - age   3:       1608 bytes,    1830616 total
[2024-01-21T23:35:33.862+0000][7][gc,age      ] GC(259) - age   4:       2488 bytes,    1833104 total
[2024-01-21T23:35:33.862+0000][7][gc,age      ] GC(259) - age   5:        608 bytes,    1833712 total
[2024-01-21T23:35:33.862+0000][7][gc,age      ] GC(259) - age   9:         24 bytes,    1833736 total
[2024-01-21T23:35:33.862+0000][7][gc,age      ] GC(259) - age  10:       8040 bytes,    1841776 total
[2024-01-21T23:35:33.862+0000][7][gc,age      ] GC(259) - age  13:         24 bytes,    1841800 total
[2024-01-21T23:35:33.862+0000][7][gc,age      ] GC(259) - age  14:        568 bytes,    1842368 total
[2024-01-21T23:35:33.862+0000][7][gc,age      ] GC(259) - age  15:        184 bytes,    1842552 total
[2024-01-21T23:35:33.862+0000][7][gc,heap     ] GC(259) Eden regions: 152->0(152)
[2024-01-21T23:35:33.862+0000][7][gc,heap     ] GC(259) Survivor regions: 1->1(20)
[2024-01-21T23:35:33.862+0000][7][gc,heap     ] GC(259) Old regions: 34->34
[2024-01-21T23:35:33.862+0000][7][gc,heap     ] GC(259) Archive regions: 2->2
[2024-01-21T23:35:33.862+0000][7][gc,heap     ] GC(259) Humongous regions: 0->0
[2024-01-21T23:35:33.862+0000][7][gc,metaspace] GC(259) Metaspace: 130836K(134528K)->130836K(134528K) NonClass: 113772K(115712K)->113772K(115712K) Class: 17063K(18816K)->17063K(18816K)
[2024-01-21T23:35:33.862+0000][7][gc          ] GC(259) Pause Young (Normal) (G1 Evacuation Pause) 745M->138M(1024M) 2.373ms
[2024-01-21T23:35:33.862+0000][7][gc,cpu      ] GC(259) User=0.01s Sys=0.00s Real=0.00s
[2024-01-21T23:35:33.862+0000][7][safepoint   ] Safepoint "G1CollectForAllocation", Time since last: 144031239080 ns, Reaching safepoint: 45502 ns, At safepoint: 2466521 ns, Total: 2512023 ns
[2024-01-21T23:37:54.993+0000][7][gc,start    ] GC(260) Pause Young (Normal) (G1 Evacuation Pause)
[2024-01-21T23:37:54.993+0000][7][gc,task     ] GC(260) Using 8 workers of 8 for evacuation
[2024-01-21T23:37:54.993+0000][7][gc,age      ] GC(260) Desired survivor size 41943040 bytes, new threshold 15 (max threshold 15)
[2024-01-21T23:37:54.994+0000][7][gc,phases   ] GC(260)   Pre Evacuate Collection Set: 0.1ms
[2024-01-21T23:37:54.994+0000][7][gc,phases   ] GC(260)   Merge Heap Roots: 0.0ms
[2024-01-21T23:37:54.994+0000][7][gc,phases   ] GC(260)   Evacuate Collection Set: 1.0ms
[2024-01-21T23:37:54.994+0000][7][gc,phases   ] GC(260)   Post Evacuate Collection Set: 0.5ms
[2024-01-21T23:37:54.994+0000][7][gc,phases   ] GC(260)   Other: 0.1ms
[2024-01-21T23:37:54.994+0000][7][gc,age      ] GC(260) Age table with threshold 15 (max threshold 15)
[2024-01-21T23:37:54.994+0000][7][gc,age      ] GC(260) - age   1:    1935112 bytes,    1935112 total
[2024-01-21T23:37:54.994+0000][7][gc,age      ] GC(260) - age   2:       4184 bytes,    1939296 total
[2024-01-21T23:37:54.994+0000][7][gc,age      ] GC(260) - age   3:       1624 bytes,    1940920 total
[2024-01-21T23:37:54.994+0000][7][gc,age      ] GC(260) - age   4:       1416 bytes,    1942336 total
[2024-01-21T23:37:54.994+0000][7][gc,age      ] GC(260) - age   5:        184 bytes,    1942520 total
[2024-01-21T23:37:54.994+0000][7][gc,age      ] GC(260) - age   6:        216 bytes,    1942736 total
[2024-01-21T23:37:54.994+0000][7][gc,age      ] GC(260) - age  10:         24 bytes,    1942760 total
[2024-01-21T23:37:54.994+0000][7][gc,age      ] GC(260) - age  11:       8040 bytes,    1950800 total
[2024-01-21T23:37:54.994+0000][7][gc,age      ] GC(260) - age  14:         24 bytes,    1950824 total
[2024-01-21T23:37:54.994+0000][7][gc,age      ] GC(260) - age  15:        568 bytes,    1951392 total
[2024-01-21T23:37:54.995+0000][7][gc,heap     ] GC(260) Eden regions: 152->0(152)
[2024-01-21T23:37:54.995+0000][7][gc,heap     ] GC(260) Survivor regions: 1->1(20)
[2024-01-21T23:37:54.995+0000][7][gc,heap     ] GC(260) Old regions: 34->34
[2024-01-21T23:37:54.995+0000][7][gc,heap     ] GC(260) Archive regions: 2->2
[2024-01-21T23:37:54.995+0000][7][gc,heap     ] GC(260) Humongous regions: 0->0
[2024-01-21T23:37:54.995+0000][7][gc,metaspace] GC(260) Metaspace: 130836K(134528K)->130836K(134528K) NonClass: 113772K(115712K)->113772K(115712K) Class: 17063K(18816K)->17063K(18816K)
[2024-01-21T23:37:54.995+0000][7][gc          ] GC(260) Pause Young (Normal) (G1 Evacuation Pause) 746M->138M(1024M) 1.933ms
[2024-01-21T23:37:54.995+0000][7][gc,cpu      ] GC(260) User=0.00s Sys=0.00s Real=0.00s
[2024-01-21T23:37:54.995+0000][7][safepoint   ] Safepoint "G1CollectForAllocation", Time since last: 141130532658 ns, Reaching safepoint: 48193 ns, At safepoint: 1995227 ns, Total: 2043420 ns
[2024-01-21T23:40:16.895+0000][7][gc,start    ] GC(261) Pause Young (Normal) (G1 Evacuation Pause)
[2024-01-21T23:40:16.895+0000][7][gc,task     ] GC(261) Using 8 workers of 8 for evacuation
[2024-01-21T23:40:16.895+0000][7][gc,age      ] GC(261) Desired survivor size 41943040 bytes, new threshold 15 (max threshold 15)
[2024-01-21T23:40:16.898+0000][7][gc,phases   ] GC(261)   Pre Evacuate Collection Set: 0.1ms
[2024-01-21T23:40:16.898+0000][7][gc,phases   ] GC(261)   Merge Heap Roots: 0.1ms
[2024-01-21T23:40:16.898+0000][7][gc,phases   ] GC(261)   Evacuate Collection Set: 1.3ms
[2024-01-21T23:40:16.898+0000][7][gc,phases   ] GC(261)   Post Evacuate Collection Set: 0.8ms
[2024-01-21T23:40:16.898+0000][7][gc,phases   ] GC(261)   Other: 0.1ms
[2024-01-21T23:40:16.898+0000][7][gc,age      ] GC(261) Age table with threshold 15 (max threshold 15)
[2024-01-21T23:40:16.898+0000][7][gc,age      ] GC(261) - age   1:     894624 bytes,     894624 total
[2024-01-21T23:40:16.898+0000][7][gc,age      ] GC(261) - age   2:       6352 bytes,     900976 total
[2024-01-21T23:40:16.898+0000][7][gc,age      ] GC(261) - age   3:       1304 bytes,     902280 total
[2024-01-21T23:40:16.898+0000][7][gc,age      ] GC(261) - age   4:       1048 bytes,     903328 total
[2024-01-21T23:40:16.898+0000][7][gc,age      ] GC(261) - age   5:        496 bytes,     903824 total
[2024-01-21T23:40:16.898+0000][7][gc,age      ] GC(261) - age   6:        184 bytes,     904008 total
[2024-01-21T23:40:16.898+0000][7][gc,age      ] GC(261) - age   7:        216 bytes,     904224 total
[2024-01-21T23:40:16.898+0000][7][gc,age      ] GC(261) - age  11:         24 bytes,     904248 total
[2024-01-21T23:40:16.898+0000][7][gc,age      ] GC(261) - age  12:       8040 bytes,     912288 total
[2024-01-21T23:40:16.898+0000][7][gc,age      ] GC(261) - age  15:         24 bytes,     912312 total
[2024-01-21T23:40:16.898+0000][7][gc,heap     ] GC(261) Eden regions: 152->0(152)
[2024-01-21T23:40:16.898+0000][7][gc,heap     ] GC(261) Survivor regions: 1->1(20)
[2024-01-21T23:40:16.898+0000][7][gc,heap     ] GC(261) Old regions: 34->34
[2024-01-21T23:40:16.898+0000][7][gc,heap     ] GC(261) Archive regions: 2->2
[2024-01-21T23:40:16.898+0000][7][gc,heap     ] GC(261) Humongous regions: 0->0
[2024-01-21T23:40:16.898+0000][7][gc,metaspace] GC(261) Metaspace: 130836K(134528K)->130836K(134528K) NonClass: 113772K(115712K)->113772K(115712K) Class: 17063K(18816K)->17063K(18816K)
[2024-01-21T23:40:16.898+0000][7][gc          ] GC(261) Pause Young (Normal) (G1 Evacuation Pause) 746M->137M(1024M) 2.695ms
[2024-01-21T23:40:16.898+0000][7][gc,cpu      ] GC(261) User=0.01s Sys=0.00s Real=0.00s
[2024-01-21T23:40:16.898+0000][7][safepoint   ] Safepoint "G1CollectForAllocation", Time since last: 141900564020 ns, Reaching safepoint: 86576 ns, At safepoint: 2797276 ns, Total: 2883852 ns
[2024-01-21T23:40:58.902+0000][7][safepoint   ] Safepoint "Cleanup", Time since last: 42004164555 ns, Reaching safepoint: 45165 ns, At safepoint: 3850 ns, Total: 49015 ns
[2024-01-21T23:41:13.904+0000][7][safepoint   ] Safepoint "Cleanup", Time since last: 15001766421 ns, Reaching safepoint: 76018 ns, At safepoint: 8811 ns, Total: 84829 ns
[2024-01-21T23:42:11.912+0000][7][safepoint   ] Safepoint "Cleanup", Time since last: 58007370973 ns, Reaching safepoint: 138724 ns, At safepoint: 4326 ns, Total: 143050 ns
[2024-01-21T23:42:12.912+0000][7][safepoint   ] Safepoint "Cleanup", Time since last: 1000126161 ns, Reaching safepoint: 90796 ns, At safepoint: 7341 ns, Total: 98137 ns
[2024-01-21T23:42:13.912+0000][7][safepoint   ] Safepoint "Cleanup", Time since last: 1000249758 ns, Reaching safepoint: 87124 ns, At safepoint: 8587 ns, Total: 95711 ns
[2024-01-21T23:42:15.912+0000][7][safepoint   ] Safepoint "Cleanup", Time since last: 2000228758 ns, Reaching safepoint: 59030 ns, At safepoint: 7028 ns, Total: 66058 ns
[2024-01-21T23:42:16.913+0000][7][safepoint   ] Safepoint "Cleanup", Time since last: 1000137470 ns, Reaching safepoint: 60767 ns, At safepoint: 15821 ns, Total: 76588 ns
[2024-01-21T23:42:26.914+0000][7][safepoint   ] Safepoint "Cleanup", Time since last: 10000986463 ns, Reaching safepoint: 52334 ns, At safepoint: 5240 ns, Total: 57574 ns
[2024-01-21T23:42:27.914+0000][7][safepoint   ] Safepoint "Cleanup", Time since last: 1000130410 ns, Reaching safepoint: 58006 ns, At safepoint: 5249 ns, Total: 63255 ns
[2024-01-21T23:42:28.463+0000][7][gc,start    ] GC(262) Pause Young (Normal) (G1 Evacuation Pause)
[2024-01-21T23:42:28.463+0000][7][gc,task     ] GC(262) Using 8 workers of 8 for evacuation
[2024-01-21T23:42:28.463+0000][7][gc,age      ] GC(262) Desired survivor size 41943040 bytes, new threshold 15 (max threshold 15)
[2024-01-21T23:42:28.465+0000][7][gc,phases   ] GC(262)   Pre Evacuate Collection Set: 0.1ms
[2024-01-21T23:42:28.465+0000][7][gc,phases   ] GC(262)   Merge Heap Roots: 0.1ms
[2024-01-21T23:42:28.465+0000][7][gc,phases   ] GC(262)   Evacuate Collection Set: 1.3ms
[2024-01-21T23:42:28.465+0000][7][gc,phases   ] GC(262)   Post Evacuate Collection Set: 0.5ms
[2024-01-21T23:42:28.466+0000][7][gc,phases   ] GC(262)   Other: 0.1ms
[2024-01-21T23:42:28.466+0000][7][gc,age      ] GC(262) Age table with threshold 15 (max threshold 15)
[2024-01-21T23:42:28.466+0000][7][gc,age      ] GC(262) - age   1:    2638504 bytes,    2638504 total
[2024-01-21T23:42:28.466+0000][7][gc,age      ] GC(262) - age   2:      95528 bytes,    2734032 total
[2024-01-21T23:42:28.466+0000][7][gc,age      ] GC(262) - age   3:       3304 bytes,    2737336 total
[2024-01-21T23:42:28.466+0000][7][gc,age      ] GC(262) - age   4:        304 bytes,    2737640 total
[2024-01-21T23:42:28.466+0000][7][gc,age      ] GC(262) - age   5:       1048 bytes,    2738688 total
[2024-01-21T23:42:28.466+0000][7][gc,age      ] GC(262) - age   6:        408 bytes,    2739096 total
[2024-01-21T23:42:28.466+0000][7][gc,age      ] GC(262) - age   8:        216 bytes,    2739312 total
[2024-01-21T23:42:28.466+0000][7][gc,age      ] GC(262) - age  12:         24 bytes,    2739336 total
[2024-01-21T23:42:28.466+0000][7][gc,age      ] GC(262) - age  13:       8016 bytes,    2747352 total
[2024-01-21T23:42:28.466+0000][7][gc,heap     ] GC(262) Eden regions: 152->0(152)
[2024-01-21T23:42:28.466+0000][7][gc,heap     ] GC(262) Survivor regions: 1->1(20)
[2024-01-21T23:42:28.466+0000][7][gc,heap     ] GC(262) Old regions: 34->34
[2024-01-21T23:42:28.466+0000][7][gc,heap     ] GC(262) Archive regions: 2->2
[2024-01-21T23:42:28.466+0000][7][gc,heap     ] GC(262) Humongous regions: 0->0
[2024-01-21T23:42:28.466+0000][7][gc,metaspace] GC(262) Metaspace: 130859K(134528K)->130859K(134528K) NonClass: 113796K(115712K)->113796K(115712K) Class: 17063K(18816K)->17063K(18816K)
[2024-01-21T23:42:28.466+0000][7][gc          ] GC(262) Pause Young (Normal) (G1 Evacuation Pause) 745M->139M(1024M) 2.214ms
[2024-01-21T23:42:28.466+0000][7][gc,cpu      ] GC(262) User=0.01s Sys=0.00s Real=0.01s
[2024-01-21T23:42:28.466+0000][7][safepoint   ] Safepoint "G1CollectForAllocation", Time since last: 549370125 ns, Reaching safepoint: 39939 ns, At safepoint: 2279028 ns, Total: 2318967 ns
[2024-01-21T23:43:09.470+0000][7][safepoint   ] Safepoint "Cleanup", Time since last: 41004219412 ns, Reaching safepoint: 41428 ns, At safepoint: 2850 ns, Total: 44278 ns
[2024-01-21T23:43:30.472+0000][7][safepoint   ] Safepoint "Cleanup", Time since last: 21002400089 ns, Reaching safepoint: 55173 ns, At safepoint: 3470 ns, Total: 58643 ns
[2024-01-21T23:44:13.477+0000][7][safepoint   ] Safepoint "Cleanup", Time since last: 43004569865 ns, Reaching safepoint: 57393 ns, At safepoint: 5927 ns, Total: 63320 ns
[2024-01-21T23:45:09.860+0000][7][gc,start    ] GC(263) Pause Young (Normal) (G1 Evacuation Pause)
[2024-01-21T23:45:09.860+0000][7][gc,task     ] GC(263) Using 8 workers of 8 for evacuation
[2024-01-21T23:45:09.860+0000][7][gc,age      ] GC(263) Desired survivor size 41943040 bytes, new threshold 15 (max threshold 15)
[2024-01-21T23:45:09.863+0000][7][gc,phases   ] GC(263)   Pre Evacuate Collection Set: 0.1ms
[2024-01-21T23:45:09.863+0000][7][gc,phases   ] GC(263)   Merge Heap Roots: 0.1ms
[2024-01-21T23:45:09.863+0000][7][gc,phases   ] GC(263)   Evacuate Collection Set: 1.9ms
[2024-01-21T23:45:09.863+0000][7][gc,phases   ] GC(263)   Post Evacuate Collection Set: 0.6ms
[2024-01-21T23:45:09.863+0000][7][gc,phases   ] GC(263)   Other: 0.1ms
[2024-01-21T23:45:09.863+0000][7][gc,age      ] GC(263) Age table with threshold 15 (max threshold 15)
[2024-01-21T23:45:09.863+0000][7][gc,age      ] GC(263) - age   1:    2592568 bytes,    2592568 total
[2024-01-21T23:45:09.863+0000][7][gc,age      ] GC(263) - age   2:     897888 bytes,    3490456 total
[2024-01-21T23:45:09.863+0000][7][gc,age      ] GC(263) - age   3:      94072 bytes,    3584528 total
[2024-01-21T23:45:09.863+0000][7][gc,age      ] GC(263) - age   4:       3112 bytes,    3587640 total
[2024-01-21T23:45:09.863+0000][7][gc,age      ] GC(263) - age   5:         56 bytes,    3587696 total
[2024-01-21T23:45:09.863+0000][7][gc,age      ] GC(263) - age   6:        360 bytes,    3588056 total
[2024-01-21T23:45:09.863+0000][7][gc,age      ] GC(263) - age   7:        408 bytes,    3588464 total
[2024-01-21T23:45:09.863+0000][7][gc,age      ] GC(263) - age   9:        184 bytes,    3588648 total
[2024-01-21T23:45:09.863+0000][7][gc,age      ] GC(263) - age  13:         24 bytes,    3588672 total
[2024-01-21T23:45:09.863+0000][7][gc,age      ] GC(263) - age  14:       8016 bytes,    3596688 total
[2024-01-21T23:45:09.863+0000][7][gc,heap     ] GC(263) Eden regions: 152->0(152)
[2024-01-21T23:45:09.863+0000][7][gc,heap     ] GC(263) Survivor regions: 1->1(20)
[2024-01-21T23:45:09.863+0000][7][gc,heap     ] GC(263) Old regions: 34->34
[2024-01-21T23:45:09.863+0000][7][gc,heap     ] GC(263) Archive regions: 2->2
[2024-01-21T23:45:09.863+0000][7][gc,heap     ] GC(263) Humongous regions: 0->0
[2024-01-21T23:45:09.863+0000][7][gc,metaspace] GC(263) Metaspace: 130863K(134528K)->130863K(134528K) NonClass: 113799K(115712K)->113799K(115712K) Class: 17063K(18816K)->17063K(18816K)
[2024-01-21T23:45:09.863+0000][7][gc          ] GC(263) Pause Young (Normal) (G1 Evacuation Pause) 747M->139M(1024M) 2.934ms
[2024-01-21T23:45:09.863+0000][7][gc,cpu      ] GC(263) User=0.01s Sys=0.00s Real=0.00s
[2024-01-21T23:45:09.863+0000][7][safepoint   ] Safepoint "G1CollectForAllocation", Time since last: 56382894447 ns, Reaching safepoint: 111399 ns, At safepoint: 3027445 ns, Total: 3138844 ns
[2024-01-21T23:45:16.864+0000][7][safepoint   ] Safepoint "Cleanup", Time since last: 7000828933 ns, Reaching safepoint: 58521 ns, At safepoint: 5764 ns, Total: 64285 ns
[2024-01-21T23:45:18.864+0000][7][safepoint   ] Safepoint "Cleanup", Time since last: 2000288690 ns, Reaching safepoint: 58887 ns, At safepoint: 7037 ns, Total: 65924 ns
[2024-01-21T23:45:42.867+0000][7][safepoint   ] Safepoint "Cleanup", Time since last: 24003070025 ns, Reaching safepoint: 42921 ns, At safepoint: 4459 ns, Total: 47380 ns
[2024-01-21T23:46:13.871+0000][7][safepoint   ] Safepoint "Cleanup", Time since last: 31003341653 ns, Reaching safepoint: 82669 ns, At safepoint: 9231 ns, Total: 91900 ns
[2024-01-21T23:46:56.876+0000][7][safepoint   ] Safepoint "Cleanup", Time since last: 43004776619 ns, Reaching safepoint: 81020 ns, At safepoint: 20754 ns, Total: 101774 ns
[2024-01-21T23:47:30.968+0000][7][gc,start    ] GC(264) Pause Young (Normal) (G1 Evacuation Pause)
[2024-01-21T23:47:30.968+0000][7][gc,task     ] GC(264) Using 8 workers of 8 for evacuation
[2024-01-21T23:47:30.968+0000][7][gc,age      ] GC(264) Desired survivor size 41943040 bytes, new threshold 15 (max threshold 15)
[2024-01-21T23:47:30.970+0000][7][gc,phases   ] GC(264)   Pre Evacuate Collection Set: 0.1ms
[2024-01-21T23:47:30.970+0000][7][gc,phases   ] GC(264)   Merge Heap Roots: 0.1ms
[2024-01-21T23:47:30.970+0000][7][gc,phases   ] GC(264)   Evacuate Collection Set: 1.4ms
[2024-01-21T23:47:30.970+0000][7][gc,phases   ] GC(264)   Post Evacuate Collection Set: 0.6ms
[2024-01-21T23:47:30.970+0000][7][gc,phases   ] GC(264)   Other: 0.1ms
[2024-01-21T23:47:30.970+0000][7][gc,age      ] GC(264) Age table with threshold 15 (max threshold 15)
[2024-01-21T23:47:30.970+0000][7][gc,age      ] GC(264) - age   1:    2361696 bytes,    2361696 total
[2024-01-21T23:47:30.970+0000][7][gc,age      ] GC(264) - age   2:     316440 bytes,    2678136 total
[2024-01-21T23:47:30.970+0000][7][gc,age      ] GC(264) - age   3:     799592 bytes,    3477728 total
[2024-01-21T23:47:30.970+0000][7][gc,age      ] GC(264) - age   4:      93344 bytes,    3571072 total
[2024-01-21T23:47:30.970+0000][7][gc,age      ] GC(264) - age   5:        808 bytes,    3571880 total
[2024-01-21T23:47:30.970+0000][7][gc,age      ] GC(264) - age   6:         56 bytes,    3571936 total
[2024-01-21T23:47:30.970+0000][7][gc,age      ] GC(264) - age   7:        296 bytes,    3572232 total
[2024-01-21T23:47:30.970+0000][7][gc,age      ] GC(264) - age   8:        408 bytes,    3572640 total
[2024-01-21T23:47:30.970+0000][7][gc,age      ] GC(264) - age  10:        184 bytes,    3572824 total
[2024-01-21T23:47:30.970+0000][7][gc,age      ] GC(264) - age  14:         24 bytes,    3572848 total
[2024-01-21T23:47:30.970+0000][7][gc,age      ] GC(264) - age  15:       8016 bytes,    3580864 total
[2024-01-21T23:47:30.970+0000][7][gc,heap     ] GC(264) Eden regions: 152->0(152)
[2024-01-21T23:47:30.970+0000][7][gc,heap     ] GC(264) Survivor regions: 1->1(20)
[2024-01-21T23:47:30.970+0000][7][gc,heap     ] GC(264) Old regions: 34->34
[2024-01-21T23:47:30.970+0000][7][gc,heap     ] GC(264) Archive regions: 2->2
[2024-01-21T23:47:30.970+0000][7][gc,heap     ] GC(264) Humongous regions: 0->0
[2024-01-21T23:47:30.970+0000][7][gc,metaspace] GC(264) Metaspace: 130863K(134528K)->130863K(134528K) NonClass: 113799K(115712K)->113799K(115712K) Class: 17063K(18816K)->17063K(18816K)
[2024-01-21T23:47:30.970+0000][7][gc          ] GC(264) Pause Young (Normal) (G1 Evacuation Pause) 747M->139M(1024M) 2.358ms
[2024-01-21T23:47:30.970+0000][7][gc,cpu      ] GC(264) User=0.01s Sys=0.00s Real=0.00s
[2024-01-21T23:47:30.970+0000][7][safepoint   ] Safepoint "G1CollectForAllocation", Time since last: 34091964468 ns, Reaching safepoint: 39978 ns, At safepoint: 2423785 ns, Total: 2463763 ns
[2024-01-21T23:47:46.972+0000][7][safepoint   ] Safepoint "Cleanup", Time since last: 16001567097 ns, Reaching safepoint: 51599 ns, At safepoint: 3720 ns, Total: 55319 ns
[2024-01-21T23:49:18.982+0000][7][safepoint   ] Safepoint "Cleanup", Time since last: 92009847414 ns, Reaching safepoint: 69861 ns, At safepoint: 5609 ns, Total: 75470 ns
[2024-01-21T23:49:21.982+0000][7][safepoint   ] Safepoint "Cleanup", Time since last: 3000314341 ns, Reaching safepoint: 65125 ns, At safepoint: 5459 ns, Total: 70584 ns
[2024-01-21T23:49:30.983+0000][7][safepoint   ] Safepoint "Cleanup", Time since last: 9000901066 ns, Reaching safepoint: 100200 ns, At safepoint: 28071 ns, Total: 128271 ns
[2024-01-21T23:49:54.868+0000][7][gc,start    ] GC(265) Pause Young (Normal) (G1 Evacuation Pause)
[2024-01-21T23:49:54.868+0000][7][gc,task     ] GC(265) Using 8 workers of 8 for evacuation
[2024-01-21T23:49:54.868+0000][7][gc,age      ] GC(265) Desired survivor size 41943040 bytes, new threshold 15 (max threshold 15)
[2024-01-21T23:49:54.870+0000][7][gc,phases   ] GC(265)   Pre Evacuate Collection Set: 0.1ms
[2024-01-21T23:49:54.870+0000][7][gc,phases   ] GC(265)   Merge Heap Roots: 0.1ms
[2024-01-21T23:49:54.870+0000][7][gc,phases   ] GC(265)   Evacuate Collection Set: 1.2ms
[2024-01-21T23:49:54.870+0000][7][gc,phases   ] GC(265)   Post Evacuate Collection Set: 0.6ms
[2024-01-21T23:49:54.871+0000][7][gc,phases   ] GC(265)   Other: 0.1ms
[2024-01-21T23:49:54.871+0000][7][gc,age      ] GC(265) Age table with threshold 15 (max threshold 15)
[2024-01-21T23:49:54.871+0000][7][gc,age      ] GC(265) - age   1:     798264 bytes,     798264 total
[2024-01-21T23:49:54.871+0000][7][gc,age      ] GC(265) - age   2:     180672 bytes,     978936 total
[2024-01-21T23:49:54.871+0000][7][gc,age      ] GC(265) - age   3:     314064 bytes,    1293000 total
[2024-01-21T23:49:54.871+0000][7][gc,age      ] GC(265) - age   4:     799528 bytes,    2092528 total
[2024-01-21T23:49:54.871+0000][7][gc,age      ] GC(265) - age   5:      93344 bytes,    2185872 total
[2024-01-21T23:49:54.871+0000][7][gc,age      ] GC(265) - age   6:        808 bytes,    2186680 total
[2024-01-21T23:49:54.871+0000][7][gc,age      ] GC(265) - age   7:         56 bytes,    2186736 total
[2024-01-21T23:49:54.871+0000][7][gc,age      ] GC(265) - age   8:        112 bytes,    2186848 total
[2024-01-21T23:49:54.871+0000][7][gc,age      ] GC(265) - age   9:         24 bytes,    2186872 total
[2024-01-21T23:49:54.871+0000][7][gc,age      ] GC(265) - age  11:        184 bytes,    2187056 total
[2024-01-21T23:49:54.871+0000][7][gc,age      ] GC(265) - age  15:         24 bytes,    2187080 total
[2024-01-21T23:49:54.871+0000][7][gc,heap     ] GC(265) Eden regions: 152->0(152)
[2024-01-21T23:49:54.871+0000][7][gc,heap     ] GC(265) Survivor regions: 1->1(20)
[2024-01-21T23:49:54.871+0000][7][gc,heap     ] GC(265) Old regions: 34->34
[2024-01-21T23:49:54.871+0000][7][gc,heap     ] GC(265) Archive regions: 2->2
[2024-01-21T23:49:54.871+0000][7][gc,heap     ] GC(265) Humongous regions: 0->0
[2024-01-21T23:49:54.871+0000][7][gc,metaspace] GC(265) Metaspace: 130868K(134528K)->130868K(134528K) NonClass: 113804K(115712K)->113804K(115712K) Class: 17063K(18816K)->17063K(18816K)
[2024-01-21T23:49:54.871+0000][7][gc          ] GC(265) Pause Young (Normal) (G1 Evacuation Pause) 747M->138M(1024M) 2.284ms
[2024-01-21T23:49:54.871+0000][7][gc,cpu      ] GC(265) User=0.01s Sys=0.00s Real=0.00s
[2024-01-21T23:49:54.871+0000][7][safepoint   ] Safepoint "G1CollectForAllocation", Time since last: 23885186778 ns, Reaching safepoint: 46240 ns, At safepoint: 2363524 ns, Total: 2409764 ns
[2024-01-21T23:50:13.873+0000][7][safepoint   ] Safepoint "Cleanup", Time since last: 19001838318 ns, Reaching safepoint: 118005 ns, At safepoint: 11258 ns, Total: 129263 ns
[2024-01-21T23:52:16.885+0000][7][safepoint   ] Safepoint "Cleanup", Time since last: 123012542906 ns, Reaching safepoint: 79534 ns, At safepoint: 11531 ns, Total: 91065 ns
[2024-01-21T23:52:31.027+0000][7][gc,start    ] GC(266) Pause Young (Normal) (G1 Evacuation Pause)
[2024-01-21T23:52:31.027+0000][7][gc,task     ] GC(266) Using 8 workers of 8 for evacuation
[2024-01-21T23:52:31.027+0000][7][gc,age      ] GC(266) Desired survivor size 41943040 bytes, new threshold 15 (max threshold 15)
[2024-01-21T23:52:31.029+0000][7][gc,phases   ] GC(266)   Pre Evacuate Collection Set: 0.1ms
[2024-01-21T23:52:31.029+0000][7][gc,phases   ] GC(266)   Merge Heap Roots: 0.1ms
[2024-01-21T23:52:31.029+0000][7][gc,phases   ] GC(266)   Evacuate Collection Set: 1.4ms
[2024-01-21T23:52:31.030+0000][7][gc,phases   ] GC(266)   Post Evacuate Collection Set: 0.8ms
[2024-01-21T23:52:31.030+0000][7][gc,phases   ] GC(266)   Other: 0.1ms
[2024-01-21T23:52:31.030+0000][7][gc,age      ] GC(266) Age table with threshold 15 (max threshold 15)
[2024-01-21T23:52:31.030+0000][7][gc,age      ] GC(266) - age   1:    1045288 bytes,    1045288 total
[2024-01-21T23:52:31.030+0000][7][gc,age      ] GC(266) - age   2:     114688 bytes,    1159976 total
[2024-01-21T23:52:31.030+0000][7][gc,age      ] GC(266) - age   3:     170728 bytes,    1330704 total
[2024-01-21T23:52:31.030+0000][7][gc,age      ] GC(266) - age   4:     313808 bytes,    1644512 total
[2024-01-21T23:52:31.030+0000][7][gc,age      ] GC(266) - age   5:     799528 bytes,    2444040 total
[2024-01-21T23:52:31.030+0000][7][gc,age      ] GC(266) - age   6:      92576 bytes,    2536616 total
[2024-01-21T23:52:31.030+0000][7][gc,age      ] GC(266) - age   7:        232 bytes,    2536848 total
[2024-01-21T23:52:31.030+0000][7][gc,age      ] GC(266) - age   8:         56 bytes,    2536904 total
[2024-01-21T23:52:31.030+0000][7][gc,age      ] GC(266) - age   9:        112 bytes,    2537016 total
[2024-01-21T23:52:31.030+0000][7][gc,age      ] GC(266) - age  10:         24 bytes,    2537040 total
[2024-01-21T23:52:31.030+0000][7][gc,age      ] GC(266) - age  12:        184 bytes,    2537224 total
[2024-01-21T23:52:31.030+0000][7][gc,heap     ] GC(266) Eden regions: 152->0(152)
[2024-01-21T23:52:31.030+0000][7][gc,heap     ] GC(266) Survivor regions: 1->1(20)
[2024-01-21T23:52:31.030+0000][7][gc,heap     ] GC(266) Old regions: 34->34
[2024-01-21T23:52:31.030+0000][7][gc,heap     ] GC(266) Archive regions: 2->2
[2024-01-21T23:52:31.030+0000][7][gc,heap     ] GC(266) Humongous regions: 0->0
[2024-01-21T23:52:31.030+0000][7][gc,metaspace] GC(266) Metaspace: 130869K(134528K)->130869K(134528K) NonClass: 113805K(115712K)->113805K(115712K) Class: 17063K(18816K)->17063K(18816K)
[2024-01-21T23:52:31.030+0000][7][gc          ] GC(266) Pause Young (Normal) (G1 Evacuation Pause) 746M->138M(1024M) 2.773ms
[2024-01-21T23:52:31.030+0000][7][gc,cpu      ] GC(266) User=0.01s Sys=0.00s Real=0.00s
[2024-01-21T23:52:31.030+0000][7][safepoint   ] Safepoint "G1CollectForAllocation", Time since last: 14141527913 ns, Reaching safepoint: 77860 ns, At safepoint: 2862253 ns, Total: 2940113 ns
[2024-01-21T23:52:57.032+0000][7][safepoint   ] Safepoint "Cleanup", Time since last: 26002355744 ns, Reaching safepoint: 83143 ns, At safepoint: 7783 ns, Total: 90926 ns
[2024-01-21T23:55:37.427+0000][7][gc,start    ] GC(267) Pause Young (Normal) (G1 Evacuation Pause)
[2024-01-21T23:55:37.427+0000][7][gc,task     ] GC(267) Using 8 workers of 8 for evacuation
[2024-01-21T23:55:37.427+0000][7][gc,age      ] GC(267) Desired survivor size 41943040 bytes, new threshold 15 (max threshold 15)
[2024-01-21T23:55:37.430+0000][7][gc,phases   ] GC(267)   Pre Evacuate Collection Set: 0.1ms
[2024-01-21T23:55:37.430+0000][7][gc,phases   ] GC(267)   Merge Heap Roots: 0.1ms
[2024-01-21T23:55:37.430+0000][7][gc,phases   ] GC(267)   Evacuate Collection Set: 1.5ms
[2024-01-21T23:55:37.430+0000][7][gc,phases   ] GC(267)   Post Evacuate Collection Set: 0.6ms
[2024-01-21T23:55:37.430+0000][7][gc,phases   ] GC(267)   Other: 0.1ms
[2024-01-21T23:55:37.430+0000][7][gc,age      ] GC(267) Age table with threshold 15 (max threshold 15)
[2024-01-21T23:55:37.430+0000][7][gc,age      ] GC(267) - age   1:    1648776 bytes,    1648776 total
[2024-01-21T23:55:37.430+0000][7][gc,age      ] GC(267) - age   2:     137384 bytes,    1786160 total
[2024-01-21T23:55:37.430+0000][7][gc,age      ] GC(267) - age   3:     113472 bytes,    1899632 total
[2024-01-21T23:55:37.430+0000][7][gc,age      ] GC(267) - age   4:     170600 bytes,    2070232 total
[2024-01-21T23:55:37.430+0000][7][gc,age      ] GC(267) - age   5:     313000 bytes,    2383232 total
[2024-01-21T23:55:37.430+0000][7][gc,age      ] GC(267) - age   6:     799528 bytes,    3182760 total
[2024-01-21T23:55:37.430+0000][7][gc,age      ] GC(267) - age   7:      92576 bytes,    3275336 total
[2024-01-21T23:55:37.430+0000][7][gc,age      ] GC(267) - age   8:        232 bytes,    3275568 total
[2024-01-21T23:55:37.430+0000][7][gc,age      ] GC(267) - age   9:         56 bytes,    3275624 total
[2024-01-21T23:55:37.430+0000][7][gc,age      ] GC(267) - age  10:         80 bytes,    3275704 total
[2024-01-21T23:55:37.430+0000][7][gc,age      ] GC(267) - age  11:         24 bytes,    3275728 total
[2024-01-21T23:55:37.430+0000][7][gc,heap     ] GC(267) Eden regions: 152->0(152)
[2024-01-21T23:55:37.430+0000][7][gc,heap     ] GC(267) Survivor regions: 1->1(20)
[2024-01-21T23:55:37.430+0000][7][gc,heap     ] GC(267) Old regions: 34->34
[2024-01-21T23:55:37.430+0000][7][gc,heap     ] GC(267) Archive regions: 2->2
[2024-01-21T23:55:37.430+0000][7][gc,heap     ] GC(267) Humongous regions: 0->0
[2024-01-21T23:55:37.430+0000][7][gc,metaspace] GC(267) Metaspace: 130871K(134528K)->130871K(134528K) NonClass: 113807K(115712K)->113807K(115712K) Class: 17063K(18816K)->17063K(18816K)
[2024-01-21T23:55:37.430+0000][7][gc          ] GC(267) Pause Young (Normal) (G1 Evacuation Pause) 746M->139M(1024M) 2.476ms
[2024-01-21T23:55:37.430+0000][7][gc,cpu      ] GC(267) User=0.01s Sys=0.00s Real=0.00s
[2024-01-21T23:55:37.430+0000][7][safepoint   ] Safepoint "G1CollectForAllocation", Time since last: 160395037528 ns, Reaching safepoint: 75301 ns, At safepoint: 2543364 ns, Total: 2618665 ns
[2024-01-21T23:58:43.868+0000][7][gc,start    ] GC(268) Pause Young (Normal) (G1 Evacuation Pause)
[2024-01-21T23:58:43.868+0000][7][gc,task     ] GC(268) Using 8 workers of 8 for evacuation
[2024-01-21T23:58:43.868+0000][7][gc,age      ] GC(268) Desired survivor size 41943040 bytes, new threshold 15 (max threshold 15)
[2024-01-21T23:58:43.871+0000][7][gc,phases   ] GC(268)   Pre Evacuate Collection Set: 0.1ms
[2024-01-21T23:58:43.871+0000][7][gc,phases   ] GC(268)   Merge Heap Roots: 0.1ms
[2024-01-21T23:58:43.871+0000][7][gc,phases   ] GC(268)   Evacuate Collection Set: 1.8ms
[2024-01-21T23:58:43.871+0000][7][gc,phases   ] GC(268)   Post Evacuate Collection Set: 0.8ms
[2024-01-21T23:58:43.871+0000][7][gc,phases   ] GC(268)   Other: 0.1ms
[2024-01-21T23:58:43.871+0000][7][gc,age      ] GC(268) Age table with threshold 15 (max threshold 15)
[2024-01-21T23:58:43.871+0000][7][gc,age      ] GC(268) - age   1:    1918640 bytes,    1918640 total
[2024-01-21T23:58:43.871+0000][7][gc,age      ] GC(268) - age   2:       4824 bytes,    1923464 total
[2024-01-21T23:58:43.871+0000][7][gc,age      ] GC(268) - age   3:     136448 bytes,    2059912 total
[2024-01-21T23:58:43.871+0000][7][gc,age      ] GC(268) - age   4:     113472 bytes,    2173384 total
[2024-01-21T23:58:43.871+0000][7][gc,age      ] GC(268) - age   5:     168296 bytes,    2341680 total
[2024-01-21T23:58:43.871+0000][7][gc,age      ] GC(268) - age   6:     312904 bytes,    2654584 total
[2024-01-21T23:58:43.871+0000][7][gc,age      ] GC(268) - age   7:     799120 bytes,    3453704 total
[2024-01-21T23:58:43.871+0000][7][gc,age      ] GC(268) - age   8:      92392 bytes,    3546096 total
[2024-01-21T23:58:43.871+0000][7][gc,age      ] GC(268) - age   9:        232 bytes,    3546328 total
[2024-01-21T23:58:43.871+0000][7][gc,age      ] GC(268) - age  10:         56 bytes,    3546384 total
[2024-01-21T23:58:43.871+0000][7][gc,age      ] GC(268) - age  11:         80 bytes,    3546464 total
[2024-01-21T23:58:43.871+0000][7][gc,age      ] GC(268) - age  12:         24 bytes,    3546488 total
[2024-01-21T23:58:43.871+0000][7][gc,heap     ] GC(268) Eden regions: 152->0(152)
[2024-01-21T23:58:43.871+0000][7][gc,heap     ] GC(268) Survivor regions: 1->1(20)
[2024-01-21T23:58:43.871+0000][7][gc,heap     ] GC(268) Old regions: 34->34
[2024-01-21T23:58:43.871+0000][7][gc,heap     ] GC(268) Archive regions: 2->2
[2024-01-21T23:58:43.871+0000][7][gc,heap     ] GC(268) Humongous regions: 0->0
[2024-01-21T23:58:43.871+0000][7][gc,metaspace] GC(268) Metaspace: 130871K(134528K)->130871K(134528K) NonClass: 113807K(115712K)->113807K(115712K) Class: 17063K(18816K)->17063K(18816K)
[2024-01-21T23:58:43.871+0000][7][gc          ] GC(268) Pause Young (Normal) (G1 Evacuation Pause) 747M->139M(1024M) 3.009ms
[2024-01-21T23:58:43.871+0000][7][gc,cpu      ] GC(268) User=0.01s Sys=0.01s Real=0.00s
[2024-01-21T23:58:43.871+0000][7][safepoint   ] Safepoint "G1CollectForAllocation", Time since last: 186437783980 ns, Reaching safepoint: 33570 ns, At safepoint: 3093577 ns, Total: 3127147 ns
[2024-01-22T00:00:01.879+0000][7][safepoint   ] Safepoint "Cleanup", Time since last: 78007802477 ns, Reaching safepoint: 71560 ns, At safepoint: 8605 ns, Total: 80165 ns
[2024-01-22T00:00:13.880+0000][7][safepoint   ] Safepoint "Cleanup", Time since last: 12001260513 ns, Reaching safepoint: 58884 ns, At safepoint: 6709 ns, Total: 65593 ns
[2024-01-22T00:01:48.882+0000][7][gc,start    ] GC(269) Pause Young (Normal) (G1 Evacuation Pause)
[2024-01-22T00:01:48.882+0000][7][gc,task     ] GC(269) Using 8 workers of 8 for evacuation
[2024-01-22T00:01:48.882+0000][7][gc,age      ] GC(269) Desired survivor size 41943040 bytes, new threshold 15 (max threshold 15)
[2024-01-22T00:01:48.884+0000][7][gc,phases   ] GC(269)   Pre Evacuate Collection Set: 0.1ms
[2024-01-22T00:01:48.884+0000][7][gc,phases   ] GC(269)   Merge Heap Roots: 0.1ms
[2024-01-22T00:01:48.884+0000][7][gc,phases   ] GC(269)   Evacuate Collection Set: 1.3ms
[2024-01-22T00:01:48.884+0000][7][gc,phases   ] GC(269)   Post Evacuate Collection Set: 0.7ms
[2024-01-22T00:01:48.884+0000][7][gc,phases   ] GC(269)   Other: 0.1ms
[2024-01-22T00:01:48.884+0000][7][gc,age      ] GC(269) Age table with threshold 15 (max threshold 15)
[2024-01-22T00:01:48.884+0000][7][gc,age      ] GC(269) - age   1:     983920 bytes,     983920 total
[2024-01-22T00:01:48.884+0000][7][gc,age      ] GC(269) - age   2:      14416 bytes,     998336 total
[2024-01-22T00:01:48.884+0000][7][gc,age      ] GC(269) - age   3:       1680 bytes,    1000016 total
[2024-01-22T00:01:48.884+0000][7][gc,age      ] GC(269) - age   4:      62320 bytes,    1062336 total
[2024-01-22T00:01:48.884+0000][7][gc,age      ] GC(269) - age   5:     108632 bytes,    1170968 total
[2024-01-22T00:01:48.884+0000][7][gc,age      ] GC(269) - age   6:     164568 bytes,    1335536 total
[2024-01-22T00:01:48.884+0000][7][gc,age      ] GC(269) - age   7:     166592 bytes,    1502128 total
[2024-01-22T00:01:48.884+0000][7][gc,age      ] GC(269) - age   8:     798752 bytes,    2300880 total
[2024-01-22T00:01:48.884+0000][7][gc,age      ] GC(269) - age   9:      92392 bytes,    2393272 total
[2024-01-22T00:01:48.884+0000][7][gc,age      ] GC(269) - age  10:        232 bytes,    2393504 total
[2024-01-22T00:01:48.884+0000][7][gc,age      ] GC(269) - age  11:         56 bytes,    2393560 total
[2024-01-22T00:01:48.884+0000][7][gc,age      ] GC(269) - age  12:         80 bytes,    2393640 total
[2024-01-22T00:01:48.884+0000][7][gc,age      ] GC(269) - age  13:         24 bytes,    2393664 total
[2024-01-22T00:01:48.884+0000][7][gc,heap     ] GC(269) Eden regions: 152->0(152)
[2024-01-22T00:01:48.884+0000][7][gc,heap     ] GC(269) Survivor regions: 1->1(20)
[2024-01-22T00:01:48.884+0000][7][gc,heap     ] GC(269) Old regions: 34->34
[2024-01-22T00:01:48.884+0000][7][gc,heap     ] GC(269) Archive regions: 2->2
[2024-01-22T00:01:48.884+0000][7][gc,heap     ] GC(269) Humongous regions: 0->0
[2024-01-22T00:01:48.884+0000][7][gc,metaspace] GC(269) Metaspace: 130873K(134528K)->130873K(134528K) NonClass: 113809K(115712K)->113809K(115712K) Class: 17063K(18816K)->17063K(18816K)
[2024-01-22T00:01:48.884+0000][7][gc          ] GC(269) Pause Young (Normal) (G1 Evacuation Pause) 747M->138M(1024M) 2.495ms
[2024-01-22T00:01:48.884+0000][7][gc,cpu      ] GC(269) User=0.01s Sys=0.00s Real=0.01s
[2024-01-22T00:01:48.884+0000][7][safepoint   ] Safepoint "G1CollectForAllocation", Time since last: 95001857694 ns, Reaching safepoint: 61041 ns, At safepoint: 2577454 ns, Total: 2638495 ns
[2024-01-22T00:03:07.893+0000][7][safepoint   ] Safepoint "Cleanup", Time since last: 79008011106 ns, Reaching safepoint: 63516 ns, At safepoint: 5627 ns, Total: 69143 ns
[2024-01-22T00:04:13.900+0000][7][safepoint   ] Safepoint "Cleanup", Time since last: 66007465860 ns, Reaching safepoint: 76959 ns, At safepoint: 44985 ns, Total: 121944 ns
[2024-01-22T00:04:40.679+0000][7][gc,start    ] GC(270) Pause Young (Normal) (G1 Evacuation Pause)
[2024-01-22T00:04:40.679+0000][7][gc,task     ] GC(270) Using 8 workers of 8 for evacuation
[2024-01-22T00:04:40.679+0000][7][gc,age      ] GC(270) Desired survivor size 41943040 bytes, new threshold 15 (max threshold 15)
[2024-01-22T00:04:40.682+0000][7][gc,phases   ] GC(270)   Pre Evacuate Collection Set: 0.2ms
[2024-01-22T00:04:40.682+0000][7][gc,phases   ] GC(270)   Merge Heap Roots: 0.1ms
[2024-01-22T00:04:40.682+0000][7][gc,phases   ] GC(270)   Evacuate Collection Set: 1.7ms
[2024-01-22T00:04:40.682+0000][7][gc,phases   ] GC(270)   Post Evacuate Collection Set: 0.7ms
[2024-01-22T00:04:40.682+0000][7][gc,phases   ] GC(270)   Other: 0.2ms
[2024-01-22T00:04:40.682+0000][7][gc,age      ] GC(270) Age table with threshold 15 (max threshold 15)
[2024-01-22T00:04:40.682+0000][7][gc,age      ] GC(270) - age   1:    1881864 bytes,    1881864 total
[2024-01-22T00:04:40.682+0000][7][gc,age      ] GC(270) - age   2:     112992 bytes,    1994856 total
[2024-01-22T00:04:40.682+0000][7][gc,age      ] GC(270) - age   3:      12344 bytes,    2007200 total
[2024-01-22T00:04:40.682+0000][7][gc,age      ] GC(270) - age   4:        800 bytes,    2008000 total
[2024-01-22T00:04:40.682+0000][7][gc,age      ] GC(270) - age   5:      62256 bytes,    2070256 total
[2024-01-22T00:04:40.682+0000][7][gc,age      ] GC(270) - age   6:     108632 bytes,    2178888 total
[2024-01-22T00:04:40.682+0000][7][gc,age      ] GC(270) - age   7:     164568 bytes,    2343456 total
[2024-01-22T00:04:40.682+0000][7][gc,age      ] GC(270) - age   8:     166560 bytes,    2510016 total
[2024-01-22T00:04:40.682+0000][7][gc,age      ] GC(270) - age   9:     798752 bytes,    3308768 total
[2024-01-22T00:04:40.682+0000][7][gc,age      ] GC(270) - age  10:      92392 bytes,    3401160 total
[2024-01-22T00:04:40.682+0000][7][gc,age      ] GC(270) - age  11:        232 bytes,    3401392 total
[2024-01-22T00:04:40.682+0000][7][gc,age      ] GC(270) - age  12:         56 bytes,    3401448 total
[2024-01-22T00:04:40.682+0000][7][gc,age      ] GC(270) - age  13:         80 bytes,    3401528 total
[2024-01-22T00:04:40.682+0000][7][gc,age      ] GC(270) - age  14:         24 bytes,    3401552 total
[2024-01-22T00:04:40.682+0000][7][gc,heap     ] GC(270) Eden regions: 152->0(152)
[2024-01-22T00:04:40.682+0000][7][gc,heap     ] GC(270) Survivor regions: 1->1(20)
[2024-01-22T00:04:40.682+0000][7][gc,heap     ] GC(270) Old regions: 34->34
[2024-01-22T00:04:40.682+0000][7][gc,heap     ] GC(270) Archive regions: 2->2
[2024-01-22T00:04:40.682+0000][7][gc,heap     ] GC(270) Humongous regions: 0->0
[2024-01-22T00:04:40.682+0000][7][gc,metaspace] GC(270) Metaspace: 130874K(134528K)->130874K(134528K) NonClass: 113811K(115712K)->113811K(115712K) Class: 17063K(18816K)->17063K(18816K)
[2024-01-22T00:04:40.682+0000][7][gc          ] GC(270) Pause Young (Normal) (G1 Evacuation Pause) 746M->139M(1024M) 3.163ms
[2024-01-22T00:04:40.682+0000][7][gc,cpu      ] GC(270) User=0.02s Sys=0.00s Real=0.00s
[2024-01-22T00:04:40.682+0000][7][safepoint   ] Safepoint "G1CollectForAllocation", Time since last: 26778654168 ns, Reaching safepoint: 74579 ns, At safepoint: 3248609 ns, Total: 3323188 ns
[2024-01-22T00:07:43.091+0000][7][gc,start    ] GC(271) Pause Young (Normal) (G1 Evacuation Pause)
[2024-01-22T00:07:43.091+0000][7][gc,task     ] GC(271) Using 8 workers of 8 for evacuation
[2024-01-22T00:07:43.091+0000][7][gc,age      ] GC(271) Desired survivor size 41943040 bytes, new threshold 15 (max threshold 15)
[2024-01-22T00:07:43.095+0000][7][gc,phases   ] GC(271)   Pre Evacuate Collection Set: 0.1ms
[2024-01-22T00:07:43.095+0000][7][gc,phases   ] GC(271)   Merge Heap Roots: 0.1ms
[2024-01-22T00:07:43.095+0000][7][gc,phases   ] GC(271)   Evacuate Collection Set: 1.9ms
[2024-01-22T00:07:43.095+0000][7][gc,phases   ] GC(271)   Post Evacuate Collection Set: 0.9ms
[2024-01-22T00:07:43.095+0000][7][gc,phases   ] GC(271)   Other: 0.1ms
[2024-01-22T00:07:43.095+0000][7][gc,age      ] GC(271) Age table with threshold 15 (max threshold 15)
[2024-01-22T00:07:43.095+0000][7][gc,age      ] GC(271) - age   1:     938192 bytes,     938192 total
[2024-01-22T00:07:43.095+0000][7][gc,age      ] GC(271) - age   2:      11536 bytes,     949728 total
[2024-01-22T00:07:43.095+0000][7][gc,age      ] GC(271) - age   3:     103512 bytes,    1053240 total
[2024-01-22T00:07:43.095+0000][7][gc,age      ] GC(271) - age   4:       9784 bytes,    1063024 total
[2024-01-22T00:07:43.095+0000][7][gc,age      ] GC(271) - age   5:        616 bytes,    1063640 total
[2024-01-22T00:07:43.095+0000][7][gc,age      ] GC(271) - age   6:      61808 bytes,    1125448 total
[2024-01-22T00:07:43.095+0000][7][gc,age      ] GC(271) - age   7:      75496 bytes,    1200944 total
[2024-01-22T00:07:43.095+0000][7][gc,age      ] GC(271) - age   8:     131432 bytes,    1332376 total
[2024-01-22T00:07:43.095+0000][7][gc,age      ] GC(271) - age   9:     166560 bytes,    1498936 total
[2024-01-22T00:07:43.095+0000][7][gc,age      ] GC(271) - age  10:     798752 bytes,    2297688 total
[2024-01-22T00:07:43.095+0000][7][gc,age      ] GC(271) - age  11:      92392 bytes,    2390080 total
[2024-01-22T00:07:43.095+0000][7][gc,age      ] GC(271) - age  12:        232 bytes,    2390312 total
[2024-01-22T00:07:43.095+0000][7][gc,age      ] GC(271) - age  13:         56 bytes,    2390368 total
[2024-01-22T00:07:43.095+0000][7][gc,age      ] GC(271) - age  14:         80 bytes,    2390448 total
[2024-01-22T00:07:43.095+0000][7][gc,age      ] GC(271) - age  15:         24 bytes,    2390472 total
[2024-01-22T00:07:43.095+0000][7][gc,heap     ] GC(271) Eden regions: 152->0(152)
[2024-01-22T00:07:43.095+0000][7][gc,heap     ] GC(271) Survivor regions: 1->1(20)
[2024-01-22T00:07:43.095+0000][7][gc,heap     ] GC(271) Old regions: 34->34
[2024-01-22T00:07:43.095+0000][7][gc,heap     ] GC(271) Archive regions: 2->2
[2024-01-22T00:07:43.095+0000][7][gc,heap     ] GC(271) Humongous regions: 0->0
[2024-01-22T00:07:43.095+0000][7][gc,metaspace] GC(271) Metaspace: 130874K(134528K)->130874K(134528K) NonClass: 113811K(115712K)->113811K(115712K) Class: 17063K(18816K)->17063K(18816K)
[2024-01-22T00:07:43.095+0000][7][gc          ] GC(271) Pause Young (Normal) (G1 Evacuation Pause) 747M->138M(1024M) 3.546ms
[2024-01-22T00:07:43.095+0000][7][gc,cpu      ] GC(271) User=0.02s Sys=0.00s Real=0.01s
[2024-01-22T00:07:43.095+0000][7][safepoint   ] Safepoint "G1CollectForAllocation", Time since last: 182409196848 ns, Reaching safepoint: 33782 ns, At safepoint: 3646627 ns, Total: 3680409 ns
[2024-01-22T00:10:13.111+0000][7][safepoint   ] Safepoint "Cleanup", Time since last: 150016078988 ns, Reaching safepoint: 67320 ns, At safepoint: 36268 ns, Total: 103588 ns
[2024-01-22T00:10:43.025+0000][7][gc,start    ] GC(272) Pause Young (Normal) (G1 Evacuation Pause)
[2024-01-22T00:10:43.025+0000][7][gc,task     ] GC(272) Using 8 workers of 8 for evacuation
[2024-01-22T00:10:43.025+0000][7][gc,age      ] GC(272) Desired survivor size 41943040 bytes, new threshold 15 (max threshold 15)
[2024-01-22T00:10:43.028+0000][7][gc,phases   ] GC(272)   Pre Evacuate Collection Set: 0.1ms
[2024-01-22T00:10:43.028+0000][7][gc,phases   ] GC(272)   Merge Heap Roots: 0.1ms
[2024-01-22T00:10:43.028+0000][7][gc,phases   ] GC(272)   Evacuate Collection Set: 2.1ms
[2024-01-22T00:10:43.028+0000][7][gc,phases   ] GC(272)   Post Evacuate Collection Set: 0.8ms
[2024-01-22T00:10:43.028+0000][7][gc,phases   ] GC(272)   Other: 0.1ms
[2024-01-22T00:10:43.028+0000][7][gc,age      ] GC(272) Age table with threshold 15 (max threshold 15)
[2024-01-22T00:10:43.028+0000][7][gc,age      ] GC(272) - age   1:    1677760 bytes,    1677760 total
[2024-01-22T00:10:43.028+0000][7][gc,age      ] GC(272) - age   2:       4768 bytes,    1682528 total
[2024-01-22T00:10:43.028+0000][7][gc,age      ] GC(272) - age   3:       8944 bytes,    1691472 total
[2024-01-22T00:10:43.028+0000][7][gc,age      ] GC(272) - age   4:     102744 bytes,    1794216 total
[2024-01-22T00:10:43.028+0000][7][gc,age      ] GC(272) - age   5:       9488 bytes,    1803704 total
[2024-01-22T00:10:43.028+0000][7][gc,age      ] GC(272) - age   6:        616 bytes,    1804320 total
[2024-01-22T00:10:43.028+0000][7][gc,age      ] GC(272) - age   7:      61808 bytes,    1866128 total
[2024-01-22T00:10:43.028+0000][7][gc,age      ] GC(272) - age   8:      74992 bytes,    1941120 total
[2024-01-22T00:10:43.028+0000][7][gc,age      ] GC(272) - age   9:     131432 bytes,    2072552 total
[2024-01-22T00:10:43.028+0000][7][gc,age      ] GC(272) - age  10:     149992 bytes,    2222544 total
[2024-01-22T00:10:43.028+0000][7][gc,age      ] GC(272) - age  11:     798752 bytes,    3021296 total
[2024-01-22T00:10:43.028+0000][7][gc,age      ] GC(272) - age  12:      92392 bytes,    3113688 total
[2024-01-22T00:10:43.028+0000][7][gc,age      ] GC(272) - age  13:        232 bytes,    3113920 total
[2024-01-22T00:10:43.028+0000][7][gc,age      ] GC(272) - age  14:         56 bytes,    3113976 total
[2024-01-22T00:10:43.028+0000][7][gc,age      ] GC(272) - age  15:         80 bytes,    3114056 total
[2024-01-22T00:10:43.028+0000][7][gc,heap     ] GC(272) Eden regions: 152->0(152)
[2024-01-22T00:10:43.028+0000][7][gc,heap     ] GC(272) Survivor regions: 1->1(20)
[2024-01-22T00:10:43.028+0000][7][gc,heap     ] GC(272) Old regions: 34->34
[2024-01-22T00:10:43.028+0000][7][gc,heap     ] GC(272) Archive regions: 2->2
[2024-01-22T00:10:43.028+0000][7][gc,heap     ] GC(272) Humongous regions: 0->0
[2024-01-22T00:10:43.028+0000][7][gc,metaspace] GC(272) Metaspace: 130874K(134528K)->130874K(134528K) NonClass: 113811K(115712K)->113811K(115712K) Class: 17063K(18816K)->17063K(18816K)
[2024-01-22T00:10:43.028+0000][7][gc          ] GC(272) Pause Young (Normal) (G1 Evacuation Pause) 746M->139M(1024M) 3.640ms
[2024-01-22T00:10:43.029+0000][7][gc,cpu      ] GC(272) User=0.02s Sys=0.00s Real=0.00s
[2024-01-22T00:10:43.029+0000][7][safepoint   ] Safepoint "G1CollectForAllocation", Time since last: 29913576317 ns, Reaching safepoint: 57288 ns, At safepoint: 3738893 ns, Total: 3796181 ns
[2024-01-22T00:13:07.945+0000][7][gc,start    ] GC(273) Pause Young (Normal) (G1 Evacuation Pause)
[2024-01-22T00:13:07.945+0000][7][gc,task     ] GC(273) Using 8 workers of 8 for evacuation
[2024-01-22T00:13:07.945+0000][7][gc,age      ] GC(273) Desired survivor size 41943040 bytes, new threshold 15 (max threshold 15)
[2024-01-22T00:13:07.948+0000][7][gc,phases   ] GC(273)   Pre Evacuate Collection Set: 0.1ms
[2024-01-22T00:13:07.948+0000][7][gc,phases   ] GC(273)   Merge Heap Roots: 0.1ms
[2024-01-22T00:13:07.948+0000][7][gc,phases   ] GC(273)   Evacuate Collection Set: 1.9ms
[2024-01-22T00:13:07.948+0000][7][gc,phases   ] GC(273)   Post Evacuate Collection Set: 0.7ms
[2024-01-22T00:13:07.948+0000][7][gc,phases   ] GC(273)   Other: 0.1ms
[2024-01-22T00:13:07.948+0000][7][gc,age      ] GC(273) Age table with threshold 15 (max threshold 15)
[2024-01-22T00:13:07.948+0000][7][gc,age      ] GC(273) - age   1:    1881976 bytes,    1881976 total
[2024-01-22T00:13:07.948+0000][7][gc,age      ] GC(273) - age   2:      18416 bytes,    1900392 total
[2024-01-22T00:13:07.948+0000][7][gc,age      ] GC(273) - age   3:       3160 bytes,    1903552 total
[2024-01-22T00:13:07.948+0000][7][gc,age      ] GC(273) - age   4:       8232 bytes,    1911784 total
[2024-01-22T00:13:07.948+0000][7][gc,age      ] GC(273) - age   5:     102680 bytes,    2014464 total
[2024-01-22T00:13:07.948+0000][7][gc,age      ] GC(273) - age   6:       9488 bytes,    2023952 total
[2024-01-22T00:13:07.948+0000][7][gc,age      ] GC(273) - age   7:        584 bytes,    2024536 total
[2024-01-22T00:13:07.948+0000][7][gc,age      ] GC(273) - age   8:      45056 bytes,    2069592 total
[2024-01-22T00:13:07.948+0000][7][gc,age      ] GC(273) - age   9:      74992 bytes,    2144584 total
[2024-01-22T00:13:07.948+0000][7][gc,age      ] GC(273) - age  10:     131432 bytes,    2276016 total
[2024-01-22T00:13:07.948+0000][7][gc,age      ] GC(273) - age  11:     149992 bytes,    2426008 total
[2024-01-22T00:13:07.948+0000][7][gc,age      ] GC(273) - age  12:     798752 bytes,    3224760 total
[2024-01-22T00:13:07.948+0000][7][gc,age      ] GC(273) - age  13:      92392 bytes,    3317152 total
[2024-01-22T00:13:07.948+0000][7][gc,age      ] GC(273) - age  14:        232 bytes,    3317384 total
[2024-01-22T00:13:07.948+0000][7][gc,age      ] GC(273) - age  15:         56 bytes,    3317440 total
[2024-01-22T00:13:07.948+0000][7][gc,heap     ] GC(273) Eden regions: 152->0(152)
[2024-01-22T00:13:07.948+0000][7][gc,heap     ] GC(273) Survivor regions: 1->1(20)
[2024-01-22T00:13:07.948+0000][7][gc,heap     ] GC(273) Old regions: 34->34
[2024-01-22T00:13:07.948+0000][7][gc,heap     ] GC(273) Archive regions: 2->2
[2024-01-22T00:13:07.948+0000][7][gc,heap     ] GC(273) Humongous regions: 0->0
[2024-01-22T00:13:07.948+0000][7][gc,metaspace] GC(273) Metaspace: 130884K(134592K)->130884K(134592K) NonClass: 113821K(115776K)->113821K(115776K) Class: 17063K(18816K)->17063K(18816K)
[2024-01-22T00:13:07.948+0000][7][gc          ] GC(273) Pause Young (Normal) (G1 Evacuation Pause) 747M->139M(1024M) 3.224ms
[2024-01-22T00:13:07.948+0000][7][gc,cpu      ] GC(273) User=0.02s Sys=0.00s Real=0.00s
[2024-01-22T00:13:07.948+0000][7][safepoint   ] Safepoint "G1CollectForAllocation", Time since last: 144916404499 ns, Reaching safepoint: 44419 ns, At safepoint: 3317569 ns, Total: 3361988 ns
[2024-01-22T00:15:21.971+0000][7][gc,start    ] GC(274) Pause Young (Normal) (G1 Evacuation Pause)
[2024-01-22T00:15:21.971+0000][7][gc,task     ] GC(274) Using 8 workers of 8 for evacuation
[2024-01-22T00:15:21.971+0000][7][gc,age      ] GC(274) Desired survivor size 41943040 bytes, new threshold 15 (max threshold 15)
[2024-01-22T00:15:21.973+0000][7][gc,phases   ] GC(274)   Pre Evacuate Collection Set: 0.1ms
[2024-01-22T00:15:21.973+0000][7][gc,phases   ] GC(274)   Merge Heap Roots: 0.0ms
[2024-01-22T00:15:21.973+0000][7][gc,phases   ] GC(274)   Evacuate Collection Set: 1.1ms
[2024-01-22T00:15:21.973+0000][7][gc,phases   ] GC(274)   Post Evacuate Collection Set: 0.5ms
[2024-01-22T00:15:21.973+0000][7][gc,phases   ] GC(274)   Other: 0.1ms
[2024-01-22T00:15:21.973+0000][7][gc,age      ] GC(274) Age table with threshold 15 (max threshold 15)
[2024-01-22T00:15:21.973+0000][7][gc,age      ] GC(274) - age   1:     847536 bytes,     847536 total
[2024-01-22T00:15:21.973+0000][7][gc,age      ] GC(274) - age   2:       4224 bytes,     851760 total
[2024-01-22T00:15:21.973+0000][7][gc,age      ] GC(274) - age   3:      15600 bytes,     867360 total
[2024-01-22T00:15:21.973+0000][7][gc,age      ] GC(274) - age   4:       2816 bytes,     870176 total
[2024-01-22T00:15:21.973+0000][7][gc,age      ] GC(274) - age   5:       8232 bytes,     878408 total
[2024-01-22T00:15:21.973+0000][7][gc,age      ] GC(274) - age   6:     102680 bytes,     981088 total
[2024-01-22T00:15:21.973+0000][7][gc,age      ] GC(274) - age   7:       9488 bytes,     990576 total
[2024-01-22T00:15:21.973+0000][7][gc,age      ] GC(274) - age   8:        584 bytes,     991160 total
[2024-01-22T00:15:21.973+0000][7][gc,age      ] GC(274) - age   9:      45056 bytes,    1036216 total
[2024-01-22T00:15:21.973+0000][7][gc,age      ] GC(274) - age  10:      74992 bytes,    1111208 total
[2024-01-22T00:15:21.973+0000][7][gc,age      ] GC(274) - age  11:     131432 bytes,    1242640 total
[2024-01-22T00:15:21.973+0000][7][gc,age      ] GC(274) - age  12:     149992 bytes,    1392632 total
[2024-01-22T00:15:21.973+0000][7][gc,age      ] GC(274) - age  13:     798752 bytes,    2191384 total
[2024-01-22T00:15:21.973+0000][7][gc,age      ] GC(274) - age  14:      92392 bytes,    2283776 total
[2024-01-22T00:15:21.973+0000][7][gc,age      ] GC(274) - age  15:        232 bytes,    2284008 total
[2024-01-22T00:15:21.973+0000][7][gc,heap     ] GC(274) Eden regions: 152->0(152)
[2024-01-22T00:15:21.973+0000][7][gc,heap     ] GC(274) Survivor regions: 1->1(20)
[2024-01-22T00:15:21.973+0000][7][gc,heap     ] GC(274) Old regions: 34->34
[2024-01-22T00:15:21.973+0000][7][gc,heap     ] GC(274) Archive regions: 2->2
[2024-01-22T00:15:21.973+0000][7][gc,heap     ] GC(274) Humongous regions: 0->0
[2024-01-22T00:15:21.973+0000][7][gc,metaspace] GC(274) Metaspace: 130884K(134592K)->130884K(134592K) NonClass: 113821K(115776K)->113821K(115776K) Class: 17063K(18816K)->17063K(18816K)
[2024-01-22T00:15:21.973+0000][7][gc          ] GC(274) Pause Young (Normal) (G1 Evacuation Pause) 747M->138M(1024M) 2.089ms
[2024-01-22T00:15:21.974+0000][7][gc,cpu      ] GC(274) User=0.00s Sys=0.01s Real=0.01s
[2024-01-22T00:15:21.974+0000][7][safepoint   ] Safepoint "G1CollectForAllocation", Time since last: 134023023745 ns, Reaching safepoint: 31172 ns, At safepoint: 2158426 ns, Total: 2189598 ns
[2024-01-22T00:17:47.665+0000][7][gc,start    ] GC(275) Pause Young (Normal) (G1 Evacuation Pause)
[2024-01-22T00:17:47.665+0000][7][gc,task     ] GC(275) Using 8 workers of 8 for evacuation
[2024-01-22T00:17:47.665+0000][7][gc,age      ] GC(275) Desired survivor size 41943040 bytes, new threshold 15 (max threshold 15)
[2024-01-22T00:17:47.668+0000][7][gc,phases   ] GC(275)   Pre Evacuate Collection Set: 0.1ms
[2024-01-22T00:17:47.668+0000][7][gc,phases   ] GC(275)   Merge Heap Roots: 0.1ms
[2024-01-22T00:17:47.668+0000][7][gc,phases   ] GC(275)   Evacuate Collection Set: 1.8ms
[2024-01-22T00:17:47.668+0000][7][gc,phases   ] GC(275)   Post Evacuate Collection Set: 0.8ms
[2024-01-22T00:17:47.668+0000][7][gc,phases   ] GC(275)   Other: 0.1ms
[2024-01-22T00:17:47.668+0000][7][gc,age      ] GC(275) Age table with threshold 15 (max threshold 15)
[2024-01-22T00:17:47.668+0000][7][gc,age      ] GC(275) - age   1:    1054952 bytes,    1054952 total
[2024-01-22T00:17:47.668+0000][7][gc,age      ] GC(275) - age   2:       3536 bytes,    1058488 total
[2024-01-22T00:17:47.668+0000][7][gc,age      ] GC(275) - age   3:       2504 bytes,    1060992 total
[2024-01-22T00:17:47.668+0000][7][gc,age      ] GC(275) - age   4:      15152 bytes,    1076144 total
[2024-01-22T00:17:47.668+0000][7][gc,age      ] GC(275) - age   5:        512 bytes,    1076656 total
[2024-01-22T00:17:47.668+0000][7][gc,age      ] GC(275) - age   6:        216 bytes,    1076872 total
[2024-01-22T00:17:47.668+0000][7][gc,age      ] GC(275) - age   7:     102376 bytes,    1179248 total
[2024-01-22T00:17:47.669+0000][7][gc,age      ] GC(275) - age   8:       9488 bytes,    1188736 total
[2024-01-22T00:17:47.669+0000][7][gc,age      ] GC(275) - age   9:        584 bytes,    1189320 total
[2024-01-22T00:17:47.669+0000][7][gc,age      ] GC(275) - age  10:      45056 bytes,    1234376 total
[2024-01-22T00:17:47.669+0000][7][gc,age      ] GC(275) - age  11:      74992 bytes,    1309368 total
[2024-01-22T00:17:47.669+0000][7][gc,age      ] GC(275) - age  12:     131432 bytes,    1440800 total
[2024-01-22T00:17:47.669+0000][7][gc,age      ] GC(275) - age  13:     149992 bytes,    1590792 total
[2024-01-22T00:17:47.669+0000][7][gc,age      ] GC(275) - age  14:     798752 bytes,    2389544 total
[2024-01-22T00:17:47.669+0000][7][gc,age      ] GC(275) - age  15:      92392 bytes,    2481936 total
[2024-01-22T00:17:47.669+0000][7][gc,heap     ] GC(275) Eden regions: 152->0(152)
[2024-01-22T00:17:47.669+0000][7][gc,heap     ] GC(275) Survivor regions: 1->1(20)
[2024-01-22T00:17:47.669+0000][7][gc,heap     ] GC(275) Old regions: 34->34
[2024-01-22T00:17:47.669+0000][7][gc,heap     ] GC(275) Archive regions: 2->2
[2024-01-22T00:17:47.669+0000][7][gc,heap     ] GC(275) Humongous regions: 0->0
[2024-01-22T00:17:47.669+0000][7][gc,metaspace] GC(275) Metaspace: 130884K(134592K)->130884K(134592K) NonClass: 113821K(115776K)->113821K(115776K) Class: 17063K(18816K)->17063K(18816K)
[2024-01-22T00:17:47.669+0000][7][gc          ] GC(275) Pause Young (Normal) (G1 Evacuation Pause) 746M->138M(1024M) 3.282ms
[2024-01-22T00:17:47.669+0000][7][gc,cpu      ] GC(275) User=0.01s Sys=0.00s Real=0.00s
[2024-01-22T00:17:47.669+0000][7][safepoint   ] Safepoint "G1CollectForAllocation", Time since last: 145691744547 ns, Reaching safepoint: 42534 ns, At safepoint: 3388939 ns, Total: 3431473 ns
[2024-01-22T00:20:27.937+0000][7][gc,start    ] GC(276) Pause Young (Normal) (G1 Evacuation Pause)
[2024-01-22T00:20:27.937+0000][7][gc,task     ] GC(276) Using 8 workers of 8 for evacuation
[2024-01-22T00:20:27.937+0000][7][gc,age      ] GC(276) Desired survivor size 41943040 bytes, new threshold 15 (max threshold 15)
[2024-01-22T00:20:27.939+0000][7][gc,phases   ] GC(276)   Pre Evacuate Collection Set: 0.1ms
[2024-01-22T00:20:27.939+0000][7][gc,phases   ] GC(276)   Merge Heap Roots: 0.1ms
[2024-01-22T00:20:27.939+0000][7][gc,phases   ] GC(276)   Evacuate Collection Set: 1.3ms
[2024-01-22T00:20:27.939+0000][7][gc,phases   ] GC(276)   Post Evacuate Collection Set: 0.7ms
[2024-01-22T00:20:27.939+0000][7][gc,phases   ] GC(276)   Other: 0.1ms
[2024-01-22T00:20:27.939+0000][7][gc,age      ] GC(276) Age table with threshold 15 (max threshold 15)
[2024-01-22T00:20:27.939+0000][7][gc,age      ] GC(276) - age   1:     840576 bytes,     840576 total
[2024-01-22T00:20:27.939+0000][7][gc,age      ] GC(276) - age   2:      20480 bytes,     861056 total
[2024-01-22T00:20:27.939+0000][7][gc,age      ] GC(276) - age   3:        368 bytes,     861424 total
[2024-01-22T00:20:27.939+0000][7][gc,age      ] GC(276) - age   4:       1504 bytes,     862928 total
[2024-01-22T00:20:27.939+0000][7][gc,age      ] GC(276) - age   5:      14384 bytes,     877312 total
[2024-01-22T00:20:27.939+0000][7][gc,age      ] GC(276) - age   6:        424 bytes,     877736 total
[2024-01-22T00:20:27.939+0000][7][gc,age      ] GC(276) - age   7:        216 bytes,     877952 total
[2024-01-22T00:20:27.939+0000][7][gc,age      ] GC(276) - age   8:     102376 bytes,     980328 total
[2024-01-22T00:20:27.939+0000][7][gc,age      ] GC(276) - age   9:       9488 bytes,     989816 total
[2024-01-22T00:20:27.939+0000][7][gc,age      ] GC(276) - age  10:        584 bytes,     990400 total
[2024-01-22T00:20:27.939+0000][7][gc,age      ] GC(276) - age  11:      45056 bytes,    1035456 total
[2024-01-22T00:20:27.939+0000][7][gc,age      ] GC(276) - age  12:      74992 bytes,    1110448 total
[2024-01-22T00:20:27.939+0000][7][gc,age      ] GC(276) - age  13:     131432 bytes,    1241880 total
[2024-01-22T00:20:27.939+0000][7][gc,age      ] GC(276) - age  14:     149992 bytes,    1391872 total
[2024-01-22T00:20:27.939+0000][7][gc,age      ] GC(276) - age  15:     798752 bytes,    2190624 total
[2024-01-22T00:20:27.939+0000][7][gc,heap     ] GC(276) Eden regions: 152->0(152)
[2024-01-22T00:20:27.939+0000][7][gc,heap     ] GC(276) Survivor regions: 1->1(20)
[2024-01-22T00:20:27.939+0000][7][gc,heap     ] GC(276) Old regions: 34->34
[2024-01-22T00:20:27.939+0000][7][gc,heap     ] GC(276) Archive regions: 2->2
[2024-01-22T00:20:27.939+0000][7][gc,heap     ] GC(276) Humongous regions: 0->0
[2024-01-22T00:20:27.939+0000][7][gc,metaspace] GC(276) Metaspace: 130884K(134592K)->130884K(134592K) NonClass: 113821K(115776K)->113821K(115776K) Class: 17063K(18816K)->17063K(18816K)
[2024-01-22T00:20:27.940+0000][7][gc          ] GC(276) Pause Young (Normal) (G1 Evacuation Pause) 746M->138M(1024M) 2.463ms
[2024-01-22T00:20:27.940+0000][7][gc,cpu      ] GC(276) User=0.01s Sys=0.00s Real=0.00s
[2024-01-22T00:20:27.940+0000][7][safepoint   ] Safepoint "G1CollectForAllocation", Time since last: 160268299890 ns, Reaching safepoint: 31849 ns, At safepoint: 2579535 ns, Total: 2611384 ns
[2024-01-22T00:23:36.960+0000][7][gc,start    ] GC(277) Pause Young (Normal) (G1 Evacuation Pause)
[2024-01-22T00:23:36.960+0000][7][gc,task     ] GC(277) Using 8 workers of 8 for evacuation
[2024-01-22T00:23:36.960+0000][7][gc,age      ] GC(277) Desired survivor size 41943040 bytes, new threshold 15 (max threshold 15)
[2024-01-22T00:23:36.963+0000][7][gc,phases   ] GC(277)   Pre Evacuate Collection Set: 0.1ms
[2024-01-22T00:23:36.963+0000][7][gc,phases   ] GC(277)   Merge Heap Roots: 0.1ms
[2024-01-22T00:23:36.963+0000][7][gc,phases   ] GC(277)   Evacuate Collection Set: 1.7ms
[2024-01-22T00:23:36.963+0000][7][gc,phases   ] GC(277)   Post Evacuate Collection Set: 0.8ms
[2024-01-22T00:23:36.963+0000][7][gc,phases   ] GC(277)   Other: 0.1ms
[2024-01-22T00:23:36.963+0000][7][gc,age      ] GC(277) Age table with threshold 15 (max threshold 15)
[2024-01-22T00:23:36.963+0000][7][gc,age      ] GC(277) - age   1:    1277872 bytes,    1277872 total
[2024-01-22T00:23:36.963+0000][7][gc,age      ] GC(277) - age   2:       2376 bytes,    1280248 total
[2024-01-22T00:23:36.963+0000][7][gc,age      ] GC(277) - age   3:      18816 bytes,    1299064 total
[2024-01-22T00:23:36.963+0000][7][gc,age      ] GC(277) - age   4:         48 bytes,    1299112 total
[2024-01-22T00:23:36.963+0000][7][gc,age      ] GC(277) - age   5:        560 bytes,    1299672 total
[2024-01-22T00:23:36.963+0000][7][gc,age      ] GC(277) - age   6:      14320 bytes,    1313992 total
[2024-01-22T00:23:36.963+0000][7][gc,age      ] GC(277) - age   7:         32 bytes,    1314024 total
[2024-01-22T00:23:36.963+0000][7][gc,age      ] GC(277) - age   8:        184 bytes,    1314208 total
[2024-01-22T00:23:36.963+0000][7][gc,age      ] GC(277) - age   9:     102376 bytes,    1416584 total
[2024-01-22T00:23:36.963+0000][7][gc,age      ] GC(277) - age  10:       9488 bytes,    1426072 total
[2024-01-22T00:23:36.963+0000][7][gc,age      ] GC(277) - age  11:        400 bytes,    1426472 total
[2024-01-22T00:23:36.963+0000][7][gc,age      ] GC(277) - age  12:      45056 bytes,    1471528 total
[2024-01-22T00:23:36.963+0000][7][gc,age      ] GC(277) - age  13:      74992 bytes,    1546520 total
[2024-01-22T00:23:36.963+0000][7][gc,age      ] GC(277) - age  14:     131432 bytes,    1677952 total
[2024-01-22T00:23:36.963+0000][7][gc,age      ] GC(277) - age  15:     149992 bytes,    1827944 total
[2024-01-22T00:23:36.963+0000][7][gc,heap     ] GC(277) Eden regions: 152->0(152)
[2024-01-22T00:23:36.963+0000][7][gc,heap     ] GC(277) Survivor regions: 1->1(20)
[2024-01-22T00:23:36.963+0000][7][gc,heap     ] GC(277) Old regions: 34->34
[2024-01-22T00:23:36.963+0000][7][gc,heap     ] GC(277) Archive regions: 2->2
[2024-01-22T00:23:36.963+0000][7][gc,heap     ] GC(277) Humongous regions: 0->0
[2024-01-22T00:23:36.963+0000][7][gc,metaspace] GC(277) Metaspace: 130887K(134592K)->130887K(134592K) NonClass: 113824K(115776K)->113824K(115776K) Class: 17063K(18816K)->17063K(18816K)
[2024-01-22T00:23:36.963+0000][7][gc          ] GC(277) Pause Young (Normal) (G1 Evacuation Pause) 746M->139M(1024M) 3.132ms
[2024-01-22T00:23:36.963+0000][7][gc,cpu      ] GC(277) User=0.01s Sys=0.01s Real=0.00s
[2024-01-22T00:23:36.963+0000][7][safepoint   ] Safepoint "G1CollectForAllocation", Time since last: 189019938874 ns, Reaching safepoint: 50424 ns, At safepoint: 3256961 ns, Total: 3307385 ns
[2024-01-22T00:26:13.976+0000][7][safepoint   ] Safepoint "Cleanup", Time since last: 157012874507 ns, Reaching safepoint: 48139 ns, At safepoint: 4686 ns, Total: 52825 ns
[2024-01-22T00:26:14.555+0000][7][gc,start    ] GC(278) Pause Young (Normal) (G1 Evacuation Pause)
[2024-01-22T00:26:14.555+0000][7][gc,task     ] GC(278) Using 8 workers of 8 for evacuation
[2024-01-22T00:26:14.555+0000][7][gc,age      ] GC(278) Desired survivor size 41943040 bytes, new threshold 15 (max threshold 15)
[2024-01-22T00:26:14.557+0000][7][gc,phases   ] GC(278)   Pre Evacuate Collection Set: 0.1ms
[2024-01-22T00:26:14.557+0000][7][gc,phases   ] GC(278)   Merge Heap Roots: 0.1ms
[2024-01-22T00:26:14.557+0000][7][gc,phases   ] GC(278)   Evacuate Collection Set: 1.3ms
[2024-01-22T00:26:14.557+0000][7][gc,phases   ] GC(278)   Post Evacuate Collection Set: 0.7ms
[2024-01-22T00:26:14.557+0000][7][gc,phases   ] GC(278)   Other: 0.1ms
[2024-01-22T00:26:14.557+0000][7][gc,age      ] GC(278) Age table with threshold 15 (max threshold 15)
[2024-01-22T00:26:14.557+0000][7][gc,age      ] GC(278) - age   1:     660616 bytes,     660616 total
[2024-01-22T00:26:14.557+0000][7][gc,age      ] GC(278) - age   2:       4504 bytes,     665120 total
[2024-01-22T00:26:14.557+0000][7][gc,age      ] GC(278) - age   3:        952 bytes,     666072 total
[2024-01-22T00:26:14.557+0000][7][gc,age      ] GC(278) - age   4:      10504 bytes,     676576 total
[2024-01-22T00:26:14.557+0000][7][gc,age      ] GC(278) - age   5:         48 bytes,     676624 total
[2024-01-22T00:26:14.557+0000][7][gc,age      ] GC(278) - age   6:        560 bytes,     677184 total
[2024-01-22T00:26:14.557+0000][7][gc,age      ] GC(278) - age   7:      14320 bytes,     691504 total
[2024-01-22T00:26:14.557+0000][7][gc,age      ] GC(278) - age  10:     102376 bytes,     793880 total
[2024-01-22T00:26:14.557+0000][7][gc,age      ] GC(278) - age  11:       9488 bytes,     803368 total
[2024-01-22T00:26:14.557+0000][7][gc,age      ] GC(278) - age  12:        400 bytes,     803768 total
[2024-01-22T00:26:14.557+0000][7][gc,age      ] GC(278) - age  13:      45056 bytes,     848824 total
[2024-01-22T00:26:14.557+0000][7][gc,age      ] GC(278) - age  14:      74992 bytes,     923816 total
[2024-01-22T00:26:14.557+0000][7][gc,age      ] GC(278) - age  15:     131432 bytes,    1055248 total
[2024-01-22T00:26:14.558+0000][7][gc,heap     ] GC(278) Eden regions: 152->0(152)
[2024-01-22T00:26:14.558+0000][7][gc,heap     ] GC(278) Survivor regions: 1->1(20)
[2024-01-22T00:26:14.558+0000][7][gc,heap     ] GC(278) Old regions: 34->34
[2024-01-22T00:26:14.558+0000][7][gc,heap     ] GC(278) Archive regions: 2->2
[2024-01-22T00:26:14.558+0000][7][gc,heap     ] GC(278) Humongous regions: 0->0
[2024-01-22T00:26:14.558+0000][7][gc,metaspace] GC(278) Metaspace: 130887K(134592K)->130887K(134592K) NonClass: 113824K(115776K)->113824K(115776K) Class: 17063K(18816K)->17063K(18816K)
[2024-01-22T00:26:14.558+0000][7][gc          ] GC(278) Pause Young (Normal) (G1 Evacuation Pause) 747M->138M(1024M) 2.718ms
[2024-01-22T00:26:14.558+0000][7][gc,cpu      ] GC(278) User=0.02s Sys=0.00s Real=0.00s
[2024-01-22T00:26:14.558+0000][7][safepoint   ] Safepoint "G1CollectForAllocation", Time since last: 579009146 ns, Reaching safepoint: 56037 ns, At safepoint: 2830121 ns, Total: 2886158 ns
[2024-01-22T00:26:34.559+0000][7][safepoint   ] Safepoint "Cleanup", Time since last: 20001595459 ns, Reaching safepoint: 60784 ns, At safepoint: 34258 ns, Total: 95042 ns
[2024-01-22T00:27:13.563+0000][7][safepoint   ] Safepoint "Cleanup", Time since last: 39003526998 ns, Reaching safepoint: 69328 ns, At safepoint: 9648 ns, Total: 78976 ns
[2024-01-22T00:28:48.972+0000][7][gc,start    ] GC(279) Pause Young (Normal) (G1 Evacuation Pause)
[2024-01-22T00:28:48.972+0000][7][gc,task     ] GC(279) Using 8 workers of 8 for evacuation
[2024-01-22T00:28:48.972+0000][7][gc,age      ] GC(279) Desired survivor size 41943040 bytes, new threshold 15 (max threshold 15)
[2024-01-22T00:28:48.974+0000][7][gc,phases   ] GC(279)   Pre Evacuate Collection Set: 0.1ms
[2024-01-22T00:28:48.974+0000][7][gc,phases   ] GC(279)   Merge Heap Roots: 0.1ms
[2024-01-22T00:28:48.974+0000][7][gc,phases   ] GC(279)   Evacuate Collection Set: 1.4ms
[2024-01-22T00:28:48.974+0000][7][gc,phases   ] GC(279)   Post Evacuate Collection Set: 0.7ms
[2024-01-22T00:28:48.974+0000][7][gc,phases   ] GC(279)   Other: 0.1ms
[2024-01-22T00:28:48.974+0000][7][gc,age      ] GC(279) Age table with threshold 15 (max threshold 15)
[2024-01-22T00:28:48.974+0000][7][gc,age      ] GC(279) - age   1:     902848 bytes,     902848 total
[2024-01-22T00:28:48.974+0000][7][gc,age      ] GC(279) - age   2:      10808 bytes,     913656 total
[2024-01-22T00:28:48.974+0000][7][gc,age      ] GC(279) - age   3:       1904 bytes,     915560 total
[2024-01-22T00:28:48.974+0000][7][gc,age      ] GC(279) - age   4:        952 bytes,     916512 total
[2024-01-22T00:28:48.974+0000][7][gc,age      ] GC(279) - age   5:       8200 bytes,     924712 total
[2024-01-22T00:28:48.974+0000][7][gc,age      ] GC(279) - age   6:         48 bytes,     924760 total
[2024-01-22T00:28:48.974+0000][7][gc,age      ] GC(279) - age   7:        376 bytes,     925136 total
[2024-01-22T00:28:48.974+0000][7][gc,age      ] GC(279) - age   8:      13936 bytes,     939072 total
[2024-01-22T00:28:48.974+0000][7][gc,age      ] GC(279) - age  11:     102376 bytes,    1041448 total
[2024-01-22T00:28:48.974+0000][7][gc,age      ] GC(279) - age  12:       1472 bytes,    1042920 total
[2024-01-22T00:28:48.974+0000][7][gc,age      ] GC(279) - age  13:        400 bytes,    1043320 total
[2024-01-22T00:28:48.974+0000][7][gc,age      ] GC(279) - age  14:      45056 bytes,    1088376 total
[2024-01-22T00:28:48.974+0000][7][gc,age      ] GC(279) - age  15:      74992 bytes,    1163368 total
[2024-01-22T00:28:48.974+0000][7][gc,heap     ] GC(279) Eden regions: 152->0(152)
[2024-01-22T00:28:48.974+0000][7][gc,heap     ] GC(279) Survivor regions: 1->1(20)
[2024-01-22T00:28:48.974+0000][7][gc,heap     ] GC(279) Old regions: 34->34
[2024-01-22T00:28:48.974+0000][7][gc,heap     ] GC(279) Archive regions: 2->2
[2024-01-22T00:28:48.974+0000][7][gc,heap     ] GC(279) Humongous regions: 0->0
[2024-01-22T00:28:48.974+0000][7][gc,metaspace] GC(279) Metaspace: 130887K(134592K)->130887K(134592K) NonClass: 113824K(115776K)->113824K(115776K) Class: 17063K(18816K)->17063K(18816K)
[2024-01-22T00:28:48.974+0000][7][gc          ] GC(279) Pause Young (Normal) (G1 Evacuation Pause) 746M->138M(1024M) 2.854ms
[2024-01-22T00:28:48.975+0000][7][gc,cpu      ] GC(279) User=0.01s Sys=0.00s Real=0.00s
[2024-01-22T00:28:48.975+0000][7][safepoint   ] Safepoint "G1CollectForAllocation", Time since last: 95408569106 ns, Reaching safepoint: 63404 ns, At safepoint: 2955784 ns, Total: 3019188 ns
[2024-01-22T00:31:07.069+0000][7][gc,start    ] GC(280) Pause Young (Normal) (G1 Evacuation Pause)
[2024-01-22T00:31:07.069+0000][7][gc,task     ] GC(280) Using 8 workers of 8 for evacuation
[2024-01-22T00:31:07.069+0000][7][gc,age      ] GC(280) Desired survivor size 41943040 bytes, new threshold 15 (max threshold 15)
[2024-01-22T00:31:07.073+0000][7][gc,phases   ] GC(280)   Pre Evacuate Collection Set: 0.2ms
[2024-01-22T00:31:07.073+0000][7][gc,phases   ] GC(280)   Merge Heap Roots: 0.1ms
[2024-01-22T00:31:07.073+0000][7][gc,phases   ] GC(280)   Evacuate Collection Set: 2.2ms
[2024-01-22T00:31:07.073+0000][7][gc,phases   ] GC(280)   Post Evacuate Collection Set: 1.2ms
[2024-01-22T00:31:07.073+0000][7][gc,phases   ] GC(280)   Other: 0.1ms
[2024-01-22T00:31:07.073+0000][7][gc,age      ] GC(280) Age table with threshold 15 (max threshold 15)
[2024-01-22T00:31:07.073+0000][7][gc,age      ] GC(280) - age   1:    1081072 bytes,    1081072 total
[2024-01-22T00:31:07.073+0000][7][gc,age      ] GC(280) - age   2:      12240 bytes,    1093312 total
[2024-01-22T00:31:07.073+0000][7][gc,age      ] GC(280) - age   3:       8672 bytes,    1101984 total
[2024-01-22T00:31:07.073+0000][7][gc,age      ] GC(280) - age   4:       1776 bytes,    1103760 total
[2024-01-22T00:31:07.073+0000][7][gc,age      ] GC(280) - age   5:        184 bytes,    1103944 total
[2024-01-22T00:31:07.073+0000][7][gc,age      ] GC(280) - age   6:       8200 bytes,    1112144 total
[2024-01-22T00:31:07.073+0000][7][gc,age      ] GC(280) - age   7:         48 bytes,    1112192 total
[2024-01-22T00:31:07.073+0000][7][gc,age      ] GC(280) - age   8:        376 bytes,    1112568 total
[2024-01-22T00:31:07.073+0000][7][gc,age      ] GC(280) - age   9:      13936 bytes,    1126504 total
[2024-01-22T00:31:07.073+0000][7][gc,age      ] GC(280) - age  12:     102376 bytes,    1228880 total
[2024-01-22T00:31:07.073+0000][7][gc,age      ] GC(280) - age  13:       1472 bytes,    1230352 total
[2024-01-22T00:31:07.073+0000][7][gc,age      ] GC(280) - age  14:        400 bytes,    1230752 total
[2024-01-22T00:31:07.073+0000][7][gc,age      ] GC(280) - age  15:      45056 bytes,    1275808 total
[2024-01-22T00:31:07.073+0000][7][gc,heap     ] GC(280) Eden regions: 152->0(152)
[2024-01-22T00:31:07.073+0000][7][gc,heap     ] GC(280) Survivor regions: 1->1(20)
[2024-01-22T00:31:07.073+0000][7][gc,heap     ] GC(280) Old regions: 34->34
[2024-01-22T00:31:07.073+0000][7][gc,heap     ] GC(280) Archive regions: 2->2
[2024-01-22T00:31:07.073+0000][7][gc,heap     ] GC(280) Humongous regions: 0->0
[2024-01-22T00:31:07.073+0000][7][gc,metaspace] GC(280) Metaspace: 130887K(134592K)->130887K(134592K) NonClass: 113824K(115776K)->113824K(115776K) Class: 17063K(18816K)->17063K(18816K)
[2024-01-22T00:31:07.073+0000][7][gc          ] GC(280) Pause Young (Normal) (G1 Evacuation Pause) 746M->138M(1024M) 4.140ms
[2024-01-22T00:31:07.073+0000][7][gc,cpu      ] GC(280) User=0.01s Sys=0.00s Real=0.01s
[2024-01-22T00:31:07.073+0000][7][safepoint   ] Safepoint "G1CollectForAllocation", Time since last: 138094628517 ns, Reaching safepoint: 52537 ns, At safepoint: 4245629 ns, Total: 4298166 ns
[2024-01-22T00:33:55.381+0000][7][gc,start    ] GC(281) Pause Young (Normal) (G1 Evacuation Pause)
[2024-01-22T00:33:55.381+0000][7][gc,task     ] GC(281) Using 8 workers of 8 for evacuation
[2024-01-22T00:33:55.381+0000][7][gc,age      ] GC(281) Desired survivor size 41943040 bytes, new threshold 15 (max threshold 15)
[2024-01-22T00:33:55.383+0000][7][gc,phases   ] GC(281)   Pre Evacuate Collection Set: 0.1ms
[2024-01-22T00:33:55.383+0000][7][gc,phases   ] GC(281)   Merge Heap Roots: 0.0ms
[2024-01-22T00:33:55.383+0000][7][gc,phases   ] GC(281)   Evacuate Collection Set: 1.0ms
[2024-01-22T00:33:55.383+0000][7][gc,phases   ] GC(281)   Post Evacuate Collection Set: 0.6ms
[2024-01-22T00:33:55.383+0000][7][gc,phases   ] GC(281)   Other: 0.1ms
[2024-01-22T00:33:55.383+0000][7][gc,age      ] GC(281) Age table with threshold 15 (max threshold 15)
[2024-01-22T00:33:55.383+0000][7][gc,age      ] GC(281) - age   1:    1918072 bytes,    1918072 total
[2024-01-22T00:33:55.383+0000][7][gc,age      ] GC(281) - age   2:       3448 bytes,    1921520 total
[2024-01-22T00:33:55.383+0000][7][gc,age      ] GC(281) - age   3:      10832 bytes,    1932352 total
[2024-01-22T00:33:55.383+0000][7][gc,age      ] GC(281) - age   4:        376 bytes,    1932728 total
[2024-01-22T00:33:55.383+0000][7][gc,age      ] GC(281) - age   5:       1064 bytes,    1933792 total
[2024-01-22T00:33:55.383+0000][7][gc,age      ] GC(281) - age   6:        184 bytes,    1933976 total
[2024-01-22T00:33:55.383+0000][7][gc,age      ] GC(281) - age   7:       8200 bytes,    1942176 total
[2024-01-22T00:33:55.383+0000][7][gc,age      ] GC(281) - age   8:         48 bytes,    1942224 total
[2024-01-22T00:33:55.383+0000][7][gc,age      ] GC(281) - age   9:        344 bytes,    1942568 total
[2024-01-22T00:33:55.383+0000][7][gc,age      ] GC(281) - age  10:      13936 bytes,    1956504 total
[2024-01-22T00:33:55.383+0000][7][gc,age      ] GC(281) - age  13:     102376 bytes,    2058880 total
[2024-01-22T00:33:55.383+0000][7][gc,age      ] GC(281) - age  14:       1472 bytes,    2060352 total
[2024-01-22T00:33:55.383+0000][7][gc,age      ] GC(281) - age  15:        400 bytes,    2060752 total
[2024-01-22T00:33:55.383+0000][7][gc,heap     ] GC(281) Eden regions: 152->0(152)
[2024-01-22T00:33:55.383+0000][7][gc,heap     ] GC(281) Survivor regions: 1->1(20)
[2024-01-22T00:33:55.383+0000][7][gc,heap     ] GC(281) Old regions: 34->34
[2024-01-22T00:33:55.383+0000][7][gc,heap     ] GC(281) Archive regions: 2->2
[2024-01-22T00:33:55.383+0000][7][gc,heap     ] GC(281) Humongous regions: 0->0
[2024-01-22T00:33:55.383+0000][7][gc,metaspace] GC(281) Metaspace: 130887K(134592K)->130887K(134592K) NonClass: 113824K(115776K)->113824K(115776K) Class: 17063K(18816K)->17063K(18816K)
[2024-01-22T00:33:55.383+0000][7][gc          ] GC(281) Pause Young (Normal) (G1 Evacuation Pause) 746M->139M(1024M) 2.036ms
[2024-01-22T00:33:55.383+0000][7][gc,cpu      ] GC(281) User=0.01s Sys=0.00s Real=0.00s
[2024-01-22T00:33:55.384+0000][7][safepoint   ] Safepoint "G1CollectForAllocation", Time since last: 168307876770 ns, Reaching safepoint: 34398 ns, At safepoint: 2112410 ns, Total: 2146808 ns
[2024-01-22T00:36:43.008+0000][7][gc,start    ] GC(282) Pause Young (Normal) (G1 Evacuation Pause)
[2024-01-22T00:36:43.008+0000][7][gc,task     ] GC(282) Using 8 workers of 8 for evacuation
[2024-01-22T00:36:43.008+0000][7][gc,age      ] GC(282) Desired survivor size 41943040 bytes, new threshold 15 (max threshold 15)
[2024-01-22T00:36:43.010+0000][7][gc,phases   ] GC(282)   Pre Evacuate Collection Set: 0.1ms
[2024-01-22T00:36:43.010+0000][7][gc,phases   ] GC(282)   Merge Heap Roots: 0.0ms
[2024-01-22T00:36:43.010+0000][7][gc,phases   ] GC(282)   Evacuate Collection Set: 1.3ms
[2024-01-22T00:36:43.010+0000][7][gc,phases   ] GC(282)   Post Evacuate Collection Set: 0.7ms
[2024-01-22T00:36:43.010+0000][7][gc,phases   ] GC(282)   Other: 0.1ms
[2024-01-22T00:36:43.010+0000][7][gc,age      ] GC(282) Age table with threshold 15 (max threshold 15)
[2024-01-22T00:36:43.010+0000][7][gc,age      ] GC(282) - age   1:    1752560 bytes,    1752560 total
[2024-01-22T00:36:43.010+0000][7][gc,age      ] GC(282) - age   2:       3760 bytes,    1756320 total
[2024-01-22T00:36:43.010+0000][7][gc,age      ] GC(282) - age   3:       1264 bytes,    1757584 total
[2024-01-22T00:36:43.010+0000][7][gc,age      ] GC(282) - age   4:      10704 bytes,    1768288 total
[2024-01-22T00:36:43.010+0000][7][gc,age      ] GC(282) - age   5:         56 bytes,    1768344 total
[2024-01-22T00:36:43.010+0000][7][gc,age      ] GC(282) - age   6:       1000 bytes,    1769344 total
[2024-01-22T00:36:43.010+0000][7][gc,age      ] GC(282) - age   7:        184 bytes,    1769528 total
[2024-01-22T00:36:43.010+0000][7][gc,age      ] GC(282) - age   8:       8200 bytes,    1777728 total
[2024-01-22T00:36:43.010+0000][7][gc,age      ] GC(282) - age   9:         48 bytes,    1777776 total
[2024-01-22T00:36:43.010+0000][7][gc,age      ] GC(282) - age  10:        344 bytes,    1778120 total
[2024-01-22T00:36:43.010+0000][7][gc,age      ] GC(282) - age  11:      13936 bytes,    1792056 total
[2024-01-22T00:36:43.010+0000][7][gc,age      ] GC(282) - age  14:     102376 bytes,    1894432 total
[2024-01-22T00:36:43.010+0000][7][gc,age      ] GC(282) - age  15:       1472 bytes,    1895904 total
[2024-01-22T00:36:43.010+0000][7][gc,heap     ] GC(282) Eden regions: 152->0(152)
[2024-01-22T00:36:43.010+0000][7][gc,heap     ] GC(282) Survivor regions: 1->1(20)
[2024-01-22T00:36:43.010+0000][7][gc,heap     ] GC(282) Old regions: 34->34
[2024-01-22T00:36:43.010+0000][7][gc,heap     ] GC(282) Archive regions: 2->2
[2024-01-22T00:36:43.010+0000][7][gc,heap     ] GC(282) Humongous regions: 0->0
[2024-01-22T00:36:43.010+0000][7][gc,metaspace] GC(282) Metaspace: 130887K(134592K)->130887K(134592K) NonClass: 113824K(115776K)->113824K(115776K) Class: 17063K(18816K)->17063K(18816K)
[2024-01-22T00:36:43.010+0000][7][gc          ] GC(282) Pause Young (Normal) (G1 Evacuation Pause) 747M->139M(1024M) 2.420ms
[2024-01-22T00:36:43.010+0000][7][gc,cpu      ] GC(282) User=0.01s Sys=0.00s Real=0.00s
[2024-01-22T00:36:43.010+0000][7][safepoint   ] Safepoint "G1CollectForAllocation", Time since last: 167624123184 ns, Reaching safepoint: 42422 ns, At safepoint: 2506843 ns, Total: 2549265 ns
[2024-01-22T00:37:32.014+0000][7][safepoint   ] Safepoint "Cleanup", Time since last: 49003846079 ns, Reaching safepoint: 64885 ns, At safepoint: 4627 ns, Total: 69512 ns
[2024-01-22T00:37:53.016+0000][7][safepoint   ] Safepoint "Cleanup", Time since last: 21001765825 ns, Reaching safepoint: 63970 ns, At safepoint: 33567 ns, Total: 97537 ns
[2024-01-22T00:39:31.039+0000][7][gc,start    ] GC(283) Pause Young (Normal) (G1 Evacuation Pause)
[2024-01-22T00:39:31.039+0000][7][gc,task     ] GC(283) Using 8 workers of 8 for evacuation
[2024-01-22T00:39:31.039+0000][7][gc,age      ] GC(283) Desired survivor size 41943040 bytes, new threshold 15 (max threshold 15)
[2024-01-22T00:39:31.043+0000][7][gc,phases   ] GC(283)   Pre Evacuate Collection Set: 0.1ms
[2024-01-22T00:39:31.043+0000][7][gc,phases   ] GC(283)   Merge Heap Roots: 0.1ms
[2024-01-22T00:39:31.043+0000][7][gc,phases   ] GC(283)   Evacuate Collection Set: 2.3ms
[2024-01-22T00:39:31.043+0000][7][gc,phases   ] GC(283)   Post Evacuate Collection Set: 1.1ms
[2024-01-22T00:39:31.043+0000][7][gc,phases   ] GC(283)   Other: 0.2ms
[2024-01-22T00:39:31.043+0000][7][gc,age      ] GC(283) Age table with threshold 15 (max threshold 15)
[2024-01-22T00:39:31.043+0000][7][gc,age      ] GC(283) - age   1:     986472 bytes,     986472 total
[2024-01-22T00:39:31.043+0000][7][gc,age      ] GC(283) - age   2:       2360 bytes,     988832 total
[2024-01-22T00:39:31.043+0000][7][gc,age      ] GC(283) - age   3:       1288 bytes,     990120 total
[2024-01-22T00:39:31.043+0000][7][gc,age      ] GC(283) - age   4:        952 bytes,     991072 total
[2024-01-22T00:39:31.043+0000][7][gc,age      ] GC(283) - age   5:       8400 bytes,     999472 total
[2024-01-22T00:39:31.043+0000][7][gc,age      ] GC(283) - age   6:         24 bytes,     999496 total
[2024-01-22T00:39:31.043+0000][7][gc,age      ] GC(283) - age   7:        128 bytes,     999624 total
[2024-01-22T00:39:31.043+0000][7][gc,age      ] GC(283) - age   8:        184 bytes,     999808 total
[2024-01-22T00:39:31.043+0000][7][gc,age      ] GC(283) - age   9:       8200 bytes,    1008008 total
[2024-01-22T00:39:31.043+0000][7][gc,age      ] GC(283) - age  10:         24 bytes,    1008032 total
[2024-01-22T00:39:31.043+0000][7][gc,age      ] GC(283) - age  11:        344 bytes,    1008376 total
[2024-01-22T00:39:31.043+0000][7][gc,age      ] GC(283) - age  12:      13936 bytes,    1022312 total
[2024-01-22T00:39:31.043+0000][7][gc,age      ] GC(283) - age  15:      87664 bytes,    1109976 total
[2024-01-22T00:39:31.043+0000][7][gc,heap     ] GC(283) Eden regions: 152->0(152)
[2024-01-22T00:39:31.043+0000][7][gc,heap     ] GC(283) Survivor regions: 1->1(20)
[2024-01-22T00:39:31.043+0000][7][gc,heap     ] GC(283) Old regions: 34->34
[2024-01-22T00:39:31.043+0000][7][gc,heap     ] GC(283) Archive regions: 2->2
[2024-01-22T00:39:31.043+0000][7][gc,heap     ] GC(283) Humongous regions: 0->0
[2024-01-22T00:39:31.043+0000][7][gc,metaspace] GC(283) Metaspace: 130887K(134592K)->130887K(134592K) NonClass: 113824K(115776K)->113824K(115776K) Class: 17063K(18816K)->17063K(18816K)
[2024-01-22T00:39:31.043+0000][7][gc          ] GC(283) Pause Young (Normal) (G1 Evacuation Pause) 747M->138M(1024M) 4.061ms
[2024-01-22T00:39:31.043+0000][7][gc,cpu      ] GC(283) User=0.01s Sys=0.00s Real=0.00s
[2024-01-22T00:39:31.043+0000][7][safepoint   ] Safepoint "G1CollectForAllocation", Time since last: 98023227308 ns, Reaching safepoint: 35740 ns, At safepoint: 4150285 ns, Total: 4186025 ns
[2024-01-22T00:42:28.023+0000][7][gc,start    ] GC(284) Pause Young (Normal) (G1 Evacuation Pause)
[2024-01-22T00:42:28.023+0000][7][gc,task     ] GC(284) Using 8 workers of 8 for evacuation
[2024-01-22T00:42:28.023+0000][7][gc,age      ] GC(284) Desired survivor size 41943040 bytes, new threshold 15 (max threshold 15)
[2024-01-22T00:42:28.025+0000][7][gc,phases   ] GC(284)   Pre Evacuate Collection Set: 0.1ms
[2024-01-22T00:42:28.026+0000][7][gc,phases   ] GC(284)   Merge Heap Roots: 0.1ms
[2024-01-22T00:42:28.026+0000][7][gc,phases   ] GC(284)   Evacuate Collection Set: 1.8ms
[2024-01-22T00:42:28.026+0000][7][gc,phases   ] GC(284)   Post Evacuate Collection Set: 0.7ms
[2024-01-22T00:42:28.026+0000][7][gc,phases   ] GC(284)   Other: 0.1ms
[2024-01-22T00:42:28.026+0000][7][gc,age      ] GC(284) Age table with threshold 15 (max threshold 15)
[2024-01-22T00:42:28.026+0000][7][gc,age      ] GC(284) - age   1:    1983744 bytes,    1983744 total
[2024-01-22T00:42:28.026+0000][7][gc,age      ] GC(284) - age   2:     282616 bytes,    2266360 total
[2024-01-22T00:42:28.026+0000][7][gc,age      ] GC(284) - age   3:        184 bytes,    2266544 total
[2024-01-22T00:42:28.026+0000][7][gc,age      ] GC(284) - age   4:        784 bytes,    2267328 total
[2024-01-22T00:42:28.026+0000][7][gc,age      ] GC(284) - age   5:        184 bytes,    2267512 total
[2024-01-22T00:42:28.026+0000][7][gc,age      ] GC(284) - age   6:       8400 bytes,    2275912 total
[2024-01-22T00:42:28.026+0000][7][gc,age      ] GC(284) - age   7:         24 bytes,    2275936 total
[2024-01-22T00:42:28.026+0000][7][gc,age      ] GC(284) - age   8:        128 bytes,    2276064 total
[2024-01-22T00:42:28.026+0000][7][gc,age      ] GC(284) - age   9:        184 bytes,    2276248 total
[2024-01-22T00:42:28.026+0000][7][gc,age      ] GC(284) - age  11:         24 bytes,    2276272 total
[2024-01-22T00:42:28.026+0000][7][gc,age      ] GC(284) - age  12:        344 bytes,    2276616 total
[2024-01-22T00:42:28.026+0000][7][gc,age      ] GC(284) - age  13:      13936 bytes,    2290552 total
[2024-01-22T00:42:28.026+0000][7][gc,heap     ] GC(284) Eden regions: 152->0(152)
[2024-01-22T00:42:28.026+0000][7][gc,heap     ] GC(284) Survivor regions: 1->1(20)
[2024-01-22T00:42:28.026+0000][7][gc,heap     ] GC(284) Old regions: 34->34
[2024-01-22T00:42:28.026+0000][7][gc,heap     ] GC(284) Archive regions: 2->2
[2024-01-22T00:42:28.026+0000][7][gc,heap     ] GC(284) Humongous regions: 0->0
[2024-01-22T00:42:28.026+0000][7][gc,metaspace] GC(284) Metaspace: 130887K(134592K)->130887K(134592K) NonClass: 113824K(115776K)->113824K(115776K) Class: 17063K(18816K)->17063K(18816K)
[2024-01-22T00:42:28.026+0000][7][gc          ] GC(284) Pause Young (Normal) (G1 Evacuation Pause) 746M->140M(1024M) 3.039ms
[2024-01-22T00:42:28.026+0000][7][gc,cpu      ] GC(284) User=0.02s Sys=0.00s Real=0.01s
[2024-01-22T00:42:28.026+0000][7][safepoint   ] Safepoint "G1CollectForAllocation", Time since last: 176979117706 ns, Reaching safepoint: 104306 ns, At safepoint: 3143464 ns, Total: 3247770 ns
[2024-01-22T00:43:43.032+0000][7][safepoint   ] Safepoint "Cleanup", Time since last: 75006245387 ns, Reaching safepoint: 70460 ns, At safepoint: 5456 ns, Total: 75916 ns
[2024-01-22T00:44:40.160+0000][7][gc,start    ] GC(285) Pause Young (Normal) (G1 Evacuation Pause)
[2024-01-22T00:44:40.160+0000][7][gc,task     ] GC(285) Using 8 workers of 8 for evacuation
[2024-01-22T00:44:40.160+0000][7][gc,age      ] GC(285) Desired survivor size 41943040 bytes, new threshold 15 (max threshold 15)
[2024-01-22T00:44:40.163+0000][7][gc,phases   ] GC(285)   Pre Evacuate Collection Set: 0.1ms
[2024-01-22T00:44:40.163+0000][7][gc,phases   ] GC(285)   Merge Heap Roots: 0.1ms
[2024-01-22T00:44:40.163+0000][7][gc,phases   ] GC(285)   Evacuate Collection Set: 1.8ms
[2024-01-22T00:44:40.163+0000][7][gc,phases   ] GC(285)   Post Evacuate Collection Set: 0.8ms
[2024-01-22T00:44:40.163+0000][7][gc,phases   ] GC(285)   Other: 0.1ms
[2024-01-22T00:44:40.163+0000][7][gc,age      ] GC(285) Age table with threshold 15 (max threshold 15)
[2024-01-22T00:44:40.163+0000][7][gc,age      ] GC(285) - age   1:    2264440 bytes,    2264440 total
[2024-01-22T00:44:40.163+0000][7][gc,age      ] GC(285) - age   2:       3512 bytes,    2267952 total
[2024-01-22T00:44:40.163+0000][7][gc,age      ] GC(285) - age   3:     117040 bytes,    2384992 total
[2024-01-22T00:44:40.163+0000][7][gc,age      ] GC(285) - age   4:        184 bytes,    2385176 total
[2024-01-22T00:44:40.163+0000][7][gc,age      ] GC(285) - age   5:         32 bytes,    2385208 total
[2024-01-22T00:44:40.163+0000][7][gc,age      ] GC(285) - age   6:        184 bytes,    2385392 total
[2024-01-22T00:44:40.163+0000][7][gc,age      ] GC(285) - age   7:       8400 bytes,    2393792 total
[2024-01-22T00:44:40.163+0000][7][gc,age      ] GC(285) - age   8:         24 bytes,    2393816 total
[2024-01-22T00:44:40.163+0000][7][gc,age      ] GC(285) - age   9:         96 bytes,    2393912 total
[2024-01-22T00:44:40.163+0000][7][gc,age      ] GC(285) - age  12:         24 bytes,    2393936 total
[2024-01-22T00:44:40.163+0000][7][gc,age      ] GC(285) - age  13:        344 bytes,    2394280 total
[2024-01-22T00:44:40.163+0000][7][gc,age      ] GC(285) - age  14:      13936 bytes,    2408216 total
[2024-01-22T00:44:40.163+0000][7][gc,heap     ] GC(285) Eden regions: 152->0(152)
[2024-01-22T00:44:40.163+0000][7][gc,heap     ] GC(285) Survivor regions: 1->1(20)
[2024-01-22T00:44:40.163+0000][7][gc,heap     ] GC(285) Old regions: 34->34
[2024-01-22T00:44:40.163+0000][7][gc,heap     ] GC(285) Archive regions: 2->2
[2024-01-22T00:44:40.163+0000][7][gc,heap     ] GC(285) Humongous regions: 0->0
[2024-01-22T00:44:40.163+0000][7][gc,metaspace] GC(285) Metaspace: 130890K(134592K)->130890K(134592K) NonClass: 113826K(115776K)->113826K(115776K) Class: 17063K(18816K)->17063K(18816K)
[2024-01-22T00:44:40.163+0000][7][gc          ] GC(285) Pause Young (Normal) (G1 Evacuation Pause) 748M->140M(1024M) 3.218ms
[2024-01-22T00:44:40.164+0000][7][gc,cpu      ] GC(285) User=0.02s Sys=0.00s Real=0.00s
[2024-01-22T00:44:40.164+0000][7][safepoint   ] Safepoint "G1CollectForAllocation", Time since last: 57128137277 ns, Reaching safepoint: 34848 ns, At safepoint: 3341466 ns, Total: 3376314 ns
[2024-01-22T00:46:58.430+0000][7][gc,start    ] GC(286) Pause Young (Normal) (G1 Evacuation Pause)
[2024-01-22T00:46:58.430+0000][7][gc,task     ] GC(286) Using 8 workers of 8 for evacuation
[2024-01-22T00:46:58.430+0000][7][gc,age      ] GC(286) Desired survivor size 41943040 bytes, new threshold 15 (max threshold 15)
[2024-01-22T00:46:58.433+0000][7][gc,phases   ] GC(286)   Pre Evacuate Collection Set: 0.1ms
[2024-01-22T00:46:58.433+0000][7][gc,phases   ] GC(286)   Merge Heap Roots: 0.1ms
[2024-01-22T00:46:58.433+0000][7][gc,phases   ] GC(286)   Evacuate Collection Set: 1.2ms
[2024-01-22T00:46:58.433+0000][7][gc,phases   ] GC(286)   Post Evacuate Collection Set: 0.9ms
[2024-01-22T00:46:58.433+0000][7][gc,phases   ] GC(286)   Other: 0.1ms
[2024-01-22T00:46:58.433+0000][7][gc,age      ] GC(286) Age table with threshold 15 (max threshold 15)
[2024-01-22T00:46:58.433+0000][7][gc,age      ] GC(286) - age   1:    1915512 bytes,    1915512 total
[2024-01-22T00:46:58.433+0000][7][gc,age      ] GC(286) - age   2:     526408 bytes,    2441920 total
[2024-01-22T00:46:58.433+0000][7][gc,age      ] GC(286) - age   3:       1568 bytes,    2443488 total
[2024-01-22T00:46:58.433+0000][7][gc,age      ] GC(286) - age   4:     114512 bytes,    2558000 total
[2024-01-22T00:46:58.433+0000][7][gc,age      ] GC(286) - age   6:         32 bytes,    2558032 total
[2024-01-22T00:46:58.433+0000][7][gc,age      ] GC(286) - age   7:        184 bytes,    2558216 total
[2024-01-22T00:46:58.433+0000][7][gc,age      ] GC(286) - age   8:       8400 bytes,    2566616 total
[2024-01-22T00:46:58.433+0000][7][gc,age      ] GC(286) - age   9:         24 bytes,    2566640 total
[2024-01-22T00:46:58.433+0000][7][gc,age      ] GC(286) - age  10:         96 bytes,    2566736 total
[2024-01-22T00:46:58.433+0000][7][gc,age      ] GC(286) - age  13:         24 bytes,    2566760 total
[2024-01-22T00:46:58.433+0000][7][gc,age      ] GC(286) - age  14:        344 bytes,    2567104 total
[2024-01-22T00:46:58.433+0000][7][gc,age      ] GC(286) - age  15:      13936 bytes,    2581040 total
[2024-01-22T00:46:58.433+0000][7][gc,heap     ] GC(286) Eden regions: 152->0(152)
[2024-01-22T00:46:58.433+0000][7][gc,heap     ] GC(286) Survivor regions: 1->1(20)
[2024-01-22T00:46:58.433+0000][7][gc,heap     ] GC(286) Old regions: 34->34
[2024-01-22T00:46:58.433+0000][7][gc,heap     ] GC(286) Archive regions: 2->2
[2024-01-22T00:46:58.433+0000][7][gc,heap     ] GC(286) Humongous regions: 0->0
[2024-01-22T00:46:58.433+0000][7][gc,metaspace] GC(286) Metaspace: 130890K(134592K)->130890K(134592K) NonClass: 113826K(115776K)->113826K(115776K) Class: 17063K(18816K)->17063K(18816K)
[2024-01-22T00:46:58.433+0000][7][gc          ] GC(286) Pause Young (Normal) (G1 Evacuation Pause) 748M->140M(1024M) 2.513ms
[2024-01-22T00:46:58.433+0000][7][gc,cpu      ] GC(286) User=0.01s Sys=0.00s Real=0.01s
[2024-01-22T00:46:58.433+0000][7][safepoint   ] Safepoint "G1CollectForAllocation", Time since last: 138266744377 ns, Reaching safepoint: 34524 ns, At safepoint: 2580065 ns, Total: 2614589 ns
[2024-01-22T00:49:00.444+0000][7][safepoint   ] Safepoint "Cleanup", Time since last: 122011092400 ns, Reaching safepoint: 59242 ns, At safepoint: 26096 ns, Total: 85338 ns
[2024-01-22T00:49:19.824+0000][7][gc,start    ] GC(287) Pause Young (Normal) (G1 Evacuation Pause)
[2024-01-22T00:49:19.825+0000][7][gc,task     ] GC(287) Using 8 workers of 8 for evacuation
[2024-01-22T00:49:19.825+0000][7][gc,age      ] GC(287) Desired survivor size 41943040 bytes, new threshold 15 (max threshold 15)
[2024-01-22T00:49:19.830+0000][7][gc,phases   ] GC(287)   Pre Evacuate Collection Set: 0.1ms
[2024-01-22T00:49:19.830+0000][7][gc,phases   ] GC(287)   Merge Heap Roots: 0.1ms
[2024-01-22T00:49:19.830+0000][7][gc,phases   ] GC(287)   Evacuate Collection Set: 4.0ms
[2024-01-22T00:49:19.830+0000][7][gc,phases   ] GC(287)   Post Evacuate Collection Set: 1.1ms
[2024-01-22T00:49:19.830+0000][7][gc,phases   ] GC(287)   Other: 0.1ms
[2024-01-22T00:49:19.830+0000][7][gc,age      ] GC(287) Age table with threshold 15 (max threshold 15)
[2024-01-22T00:49:19.830+0000][7][gc,age      ] GC(287) - age   1:    2168152 bytes,    2168152 total
[2024-01-22T00:49:19.830+0000][7][gc,age      ] GC(287) - age   2:      58232 bytes,    2226384 total
[2024-01-22T00:49:19.830+0000][7][gc,age      ] GC(287) - age   3:     376288 bytes,    2602672 total
[2024-01-22T00:49:19.830+0000][7][gc,age      ] GC(287) - age   4:       1016 bytes,    2603688 total
[2024-01-22T00:49:19.830+0000][7][gc,age      ] GC(287) - age   5:     114328 bytes,    2718016 total
[2024-01-22T00:49:19.830+0000][7][gc,age      ] GC(287) - age   7:         32 bytes,    2718048 total
[2024-01-22T00:49:19.830+0000][7][gc,age      ] GC(287) - age   8:        184 bytes,    2718232 total
[2024-01-22T00:49:19.830+0000][7][gc,age      ] GC(287) - age   9:       8016 bytes,    2726248 total
[2024-01-22T00:49:19.830+0000][7][gc,age      ] GC(287) - age  10:         24 bytes,    2726272 total
[2024-01-22T00:49:19.830+0000][7][gc,age      ] GC(287) - age  11:         96 bytes,    2726368 total
[2024-01-22T00:49:19.830+0000][7][gc,age      ] GC(287) - age  14:         24 bytes,    2726392 total
[2024-01-22T00:49:19.830+0000][7][gc,age      ] GC(287) - age  15:        344 bytes,    2726736 total
[2024-01-22T00:49:19.830+0000][7][gc,heap     ] GC(287) Eden regions: 152->0(152)
[2024-01-22T00:49:19.830+0000][7][gc,heap     ] GC(287) Survivor regions: 1->1(20)
[2024-01-22T00:49:19.830+0000][7][gc,heap     ] GC(287) Old regions: 34->34
[2024-01-22T00:49:19.830+0000][7][gc,heap     ] GC(287) Archive regions: 2->2
[2024-01-22T00:49:19.830+0000][7][gc,heap     ] GC(287) Humongous regions: 0->0
[2024-01-22T00:49:19.830+0000][7][gc,metaspace] GC(287) Metaspace: 130890K(134592K)->130890K(134592K) NonClass: 113826K(115776K)->113826K(115776K) Class: 17063K(18816K)->17063K(18816K)
[2024-01-22T00:49:19.830+0000][7][gc          ] GC(287) Pause Young (Normal) (G1 Evacuation Pause) 748M->140M(1024M) 5.810ms
[2024-01-22T00:49:19.830+0000][7][gc,cpu      ] GC(287) User=0.01s Sys=0.01s Real=0.00s
[2024-01-22T00:49:19.830+0000][7][safepoint   ] Safepoint "G1CollectForAllocation", Time since last: 19380244728 ns, Reaching safepoint: 53244 ns, At safepoint: 5983002 ns, Total: 6036246 ns
[2024-01-22T00:51:34.051+0000][7][gc,start    ] GC(288) Pause Young (Normal) (G1 Evacuation Pause)
[2024-01-22T00:51:34.051+0000][7][gc,task     ] GC(288) Using 8 workers of 8 for evacuation
[2024-01-22T00:51:34.051+0000][7][gc,age      ] GC(288) Desired survivor size 41943040 bytes, new threshold 15 (max threshold 15)
[2024-01-22T00:51:34.053+0000][7][gc,phases   ] GC(288)   Pre Evacuate Collection Set: 0.1ms
[2024-01-22T00:51:34.053+0000][7][gc,phases   ] GC(288)   Merge Heap Roots: 0.0ms
[2024-01-22T00:51:34.053+0000][7][gc,phases   ] GC(288)   Evacuate Collection Set: 0.7ms
[2024-01-22T00:51:34.053+0000][7][gc,phases   ] GC(288)   Post Evacuate Collection Set: 0.5ms
[2024-01-22T00:51:34.053+0000][7][gc,phases   ] GC(288)   Other: 0.1ms
[2024-01-22T00:51:34.053+0000][7][gc,age      ] GC(288) Age table with threshold 15 (max threshold 15)
[2024-01-22T00:51:34.053+0000][7][gc,age      ] GC(288) - age   1:     528816 bytes,     528816 total
[2024-01-22T00:51:34.053+0000][7][gc,age      ] GC(288) - age   2:     242888 bytes,     771704 total
[2024-01-22T00:51:34.053+0000][7][gc,age      ] GC(288) - age   3:      55088 bytes,     826792 total
[2024-01-22T00:51:34.053+0000][7][gc,age      ] GC(288) - age   4:     367040 bytes,    1193832 total
[2024-01-22T00:51:34.053+0000][7][gc,age      ] GC(288) - age   5:        184 bytes,    1194016 total
[2024-01-22T00:51:34.053+0000][7][gc,age      ] GC(288) - age   6:     114328 bytes,    1308344 total
[2024-01-22T00:51:34.053+0000][7][gc,age      ] GC(288) - age   8:         32 bytes,    1308376 total
[2024-01-22T00:51:34.053+0000][7][gc,age      ] GC(288) - age   9:        184 bytes,    1308560 total
[2024-01-22T00:51:34.053+0000][7][gc,age      ] GC(288) - age  10:       8016 bytes,    1316576 total
[2024-01-22T00:51:34.053+0000][7][gc,age      ] GC(288) - age  11:         24 bytes,    1316600 total
[2024-01-22T00:51:34.053+0000][7][gc,age      ] GC(288) - age  12:         96 bytes,    1316696 total
[2024-01-22T00:51:34.053+0000][7][gc,age      ] GC(288) - age  15:         24 bytes,    1316720 total
[2024-01-22T00:51:34.053+0000][7][gc,heap     ] GC(288) Eden regions: 152->0(152)
[2024-01-22T00:51:34.053+0000][7][gc,heap     ] GC(288) Survivor regions: 1->1(20)
[2024-01-22T00:51:34.053+0000][7][gc,heap     ] GC(288) Old regions: 34->34
[2024-01-22T00:51:34.053+0000][7][gc,heap     ] GC(288) Archive regions: 2->2
[2024-01-22T00:51:34.053+0000][7][gc,heap     ] GC(288) Humongous regions: 0->0
[2024-01-22T00:51:34.053+0000][7][gc,metaspace] GC(288) Metaspace: 130891K(134592K)->130891K(134592K) NonClass: 113827K(115776K)->113827K(115776K) Class: 17063K(18816K)->17063K(18816K)
[2024-01-22T00:51:34.053+0000][7][gc          ] GC(288) Pause Young (Normal) (G1 Evacuation Pause) 748M->139M(1024M) 1.592ms
[2024-01-22T00:51:34.053+0000][7][gc,cpu      ] GC(288) User=0.00s Sys=0.00s Real=0.01s
[2024-01-22T00:51:34.053+0000][7][safepoint   ] Safepoint "G1CollectForAllocation", Time since last: 134220649007 ns, Reaching safepoint: 33599 ns, At safepoint: 1655477 ns, Total: 1689076 ns
[2024-01-22T00:53:14.061+0000][7][safepoint   ] Safepoint "Cleanup", Time since last: 100008291101 ns, Reaching safepoint: 67117 ns, At safepoint: 12719 ns, Total: 79836 ns
[2024-01-22T00:53:58.063+0000][7][gc,start    ] GC(289) Pause Young (Normal) (G1 Evacuation Pause)
[2024-01-22T00:53:58.064+0000][7][gc,task     ] GC(289) Using 8 workers of 8 for evacuation
[2024-01-22T00:53:58.064+0000][7][gc,age      ] GC(289) Desired survivor size 41943040 bytes, new threshold 15 (max threshold 15)
[2024-01-22T00:53:58.066+0000][7][gc,phases   ] GC(289)   Pre Evacuate Collection Set: 0.2ms
[2024-01-22T00:53:58.066+0000][7][gc,phases   ] GC(289)   Merge Heap Roots: 0.1ms
[2024-01-22T00:53:58.066+0000][7][gc,phases   ] GC(289)   Evacuate Collection Set: 1.1ms
[2024-01-22T00:53:58.066+0000][7][gc,phases   ] GC(289)   Post Evacuate Collection Set: 0.7ms
[2024-01-22T00:53:58.066+0000][7][gc,phases   ] GC(289)   Other: 0.2ms
[2024-01-22T00:53:58.066+0000][7][gc,age      ] GC(289) Age table with threshold 15 (max threshold 15)
[2024-01-22T00:53:58.066+0000][7][gc,age      ] GC(289) - age   1:     697552 bytes,     697552 total
[2024-01-22T00:53:58.066+0000][7][gc,age      ] GC(289) - age   2:      10128 bytes,     707680 total
[2024-01-22T00:53:58.066+0000][7][gc,age      ] GC(289) - age   3:     239992 bytes,     947672 total
[2024-01-22T00:53:58.066+0000][7][gc,age      ] GC(289) - age   4:      55088 bytes,    1002760 total
[2024-01-22T00:53:58.066+0000][7][gc,age      ] GC(289) - age   5:     366328 bytes,    1369088 total
[2024-01-22T00:53:58.066+0000][7][gc,age      ] GC(289) - age   6:        184 bytes,    1369272 total
[2024-01-22T00:53:58.066+0000][7][gc,age      ] GC(289) - age   7:     113936 bytes,    1483208 total
[2024-01-22T00:53:58.066+0000][7][gc,age      ] GC(289) - age  11:       8016 bytes,    1491224 total
[2024-01-22T00:53:58.066+0000][7][gc,age      ] GC(289) - age  12:         24 bytes,    1491248 total
[2024-01-22T00:53:58.066+0000][7][gc,age      ] GC(289) - age  13:         96 bytes,    1491344 total
[2024-01-22T00:53:58.066+0000][7][gc,heap     ] GC(289) Eden regions: 152->0(152)
[2024-01-22T00:53:58.066+0000][7][gc,heap     ] GC(289) Survivor regions: 1->1(20)
[2024-01-22T00:53:58.066+0000][7][gc,heap     ] GC(289) Old regions: 34->34
[2024-01-22T00:53:58.066+0000][7][gc,heap     ] GC(289) Archive regions: 2->2
[2024-01-22T00:53:58.066+0000][7][gc,heap     ] GC(289) Humongous regions: 0->0
[2024-01-22T00:53:58.066+0000][7][gc,metaspace] GC(289) Metaspace: 130893K(134592K)->130893K(134592K) NonClass: 113829K(115776K)->113829K(115776K) Class: 17063K(18816K)->17063K(18816K)
[2024-01-22T00:53:58.066+0000][7][gc          ] GC(289) Pause Young (Normal) (G1 Evacuation Pause) 747M->139M(1024M) 2.531ms
[2024-01-22T00:53:58.066+0000][7][gc,cpu      ] GC(289) User=0.01s Sys=0.01s Real=0.01s
[2024-01-22T00:53:58.066+0000][7][safepoint   ] Safepoint "G1CollectForAllocation", Time since last: 44002294746 ns, Reaching safepoint: 58124 ns, At safepoint: 2615440 ns, Total: 2673564 ns
[2024-01-22T00:56:19.088+0000][7][gc,start    ] GC(290) Pause Young (Normal) (G1 Evacuation Pause)
[2024-01-22T00:56:19.089+0000][7][gc,task     ] GC(290) Using 8 workers of 8 for evacuation
[2024-01-22T00:56:19.089+0000][7][gc,age      ] GC(290) Desired survivor size 41943040 bytes, new threshold 15 (max threshold 15)
[2024-01-22T00:56:19.091+0000][7][gc,phases   ] GC(290)   Pre Evacuate Collection Set: 0.1ms
[2024-01-22T00:56:19.091+0000][7][gc,phases   ] GC(290)   Merge Heap Roots: 0.1ms
[2024-01-22T00:56:19.091+0000][7][gc,phases   ] GC(290)   Evacuate Collection Set: 1.1ms
[2024-01-22T00:56:19.091+0000][7][gc,phases   ] GC(290)   Post Evacuate Collection Set: 0.9ms
[2024-01-22T00:56:19.091+0000][7][gc,phases   ] GC(290)   Other: 0.1ms
[2024-01-22T00:56:19.091+0000][7][gc,age      ] GC(290) Age table with threshold 15 (max threshold 15)
[2024-01-22T00:56:19.091+0000][7][gc,age      ] GC(290) - age   1:     728688 bytes,     728688 total
[2024-01-22T00:56:19.091+0000][7][gc,age      ] GC(290) - age   2:      28368 bytes,     757056 total
[2024-01-22T00:56:19.091+0000][7][gc,age      ] GC(290) - age   3:       1104 bytes,     758160 total
[2024-01-22T00:56:19.091+0000][7][gc,age      ] GC(290) - age   4:     239536 bytes,     997696 total
[2024-01-22T00:56:19.091+0000][7][gc,age      ] GC(290) - age   5:      54904 bytes,    1052600 total
[2024-01-22T00:56:19.091+0000][7][gc,age      ] GC(290) - age   6:     366328 bytes,    1418928 total
[2024-01-22T00:56:19.091+0000][7][gc,age      ] GC(290) - age   7:        184 bytes,    1419112 total
[2024-01-22T00:56:19.091+0000][7][gc,age      ] GC(290) - age   8:     113936 bytes,    1533048 total
[2024-01-22T00:56:19.091+0000][7][gc,age      ] GC(290) - age  12:       8016 bytes,    1541064 total
[2024-01-22T00:56:19.091+0000][7][gc,age      ] GC(290) - age  13:         24 bytes,    1541088 total
[2024-01-22T00:56:19.091+0000][7][gc,age      ] GC(290) - age  14:         96 bytes,    1541184 total
[2024-01-22T00:56:19.091+0000][7][gc,heap     ] GC(290) Eden regions: 152->0(152)
[2024-01-22T00:56:19.091+0000][7][gc,heap     ] GC(290) Survivor regions: 1->1(20)
[2024-01-22T00:56:19.091+0000][7][gc,heap     ] GC(290) Old regions: 34->34
[2024-01-22T00:56:19.091+0000][7][gc,heap     ] GC(290) Archive regions: 2->2
[2024-01-22T00:56:19.091+0000][7][gc,heap     ] GC(290) Humongous regions: 0->0
[2024-01-22T00:56:19.091+0000][7][gc,metaspace] GC(290) Metaspace: 130893K(134592K)->130893K(134592K) NonClass: 113829K(115776K)->113829K(115776K) Class: 17063K(18816K)->17063K(18816K)
[2024-01-22T00:56:19.091+0000][7][gc          ] GC(290) Pause Young (Normal) (G1 Evacuation Pause) 747M->139M(1024M) 2.566ms
[2024-01-22T00:56:19.091+0000][7][gc,cpu      ] GC(290) User=0.01s Sys=0.00s Real=0.00s
[2024-01-22T00:56:19.091+0000][7][safepoint   ] Safepoint "G1CollectForAllocation", Time since last: 141022352037 ns, Reaching safepoint: 35342 ns, At safepoint: 2653677 ns, Total: 2689019 ns
[2024-01-22T00:58:40.080+0000][7][gc,start    ] GC(291) Pause Young (Normal) (G1 Evacuation Pause)
[2024-01-22T00:58:40.080+0000][7][gc,task     ] GC(291) Using 8 workers of 8 for evacuation
[2024-01-22T00:58:40.080+0000][7][gc,age      ] GC(291) Desired survivor size 41943040 bytes, new threshold 15 (max threshold 15)
[2024-01-22T00:58:40.082+0000][7][gc,phases   ] GC(291)   Pre Evacuate Collection Set: 0.1ms
[2024-01-22T00:58:40.082+0000][7][gc,phases   ] GC(291)   Merge Heap Roots: 0.1ms
[2024-01-22T00:58:40.082+0000][7][gc,phases   ] GC(291)   Evacuate Collection Set: 0.8ms
[2024-01-22T00:58:40.082+0000][7][gc,phases   ] GC(291)   Post Evacuate Collection Set: 0.5ms
[2024-01-22T00:58:40.082+0000][7][gc,phases   ] GC(291)   Other: 0.1ms
[2024-01-22T00:58:40.082+0000][7][gc,age      ] GC(291) Age table with threshold 15 (max threshold 15)
[2024-01-22T00:58:40.082+0000][7][gc,age      ] GC(291) - age   1:     912416 bytes,     912416 total
[2024-01-22T00:58:40.082+0000][7][gc,age      ] GC(291) - age   2:        848 bytes,     913264 total
[2024-01-22T00:58:40.082+0000][7][gc,age      ] GC(291) - age   3:      19032 bytes,     932296 total
[2024-01-22T00:58:40.082+0000][7][gc,age      ] GC(291) - age   4:        976 bytes,     933272 total
[2024-01-22T00:58:40.082+0000][7][gc,age      ] GC(291) - age   5:      58104 bytes,     991376 total
[2024-01-22T00:58:40.082+0000][7][gc,age      ] GC(291) - age   6:      52600 bytes,    1043976 total
[2024-01-22T00:58:40.082+0000][7][gc,age      ] GC(291) - age   7:     366296 bytes,    1410272 total
[2024-01-22T00:58:40.082+0000][7][gc,age      ] GC(291) - age   9:     113936 bytes,    1524208 total
[2024-01-22T00:58:40.082+0000][7][gc,age      ] GC(291) - age  13:       8016 bytes,    1532224 total
[2024-01-22T00:58:40.082+0000][7][gc,age      ] GC(291) - age  14:         24 bytes,    1532248 total
[2024-01-22T00:58:40.082+0000][7][gc,age      ] GC(291) - age  15:         96 bytes,    1532344 total
[2024-01-22T00:58:40.082+0000][7][gc,heap     ] GC(291) Eden regions: 152->0(152)
[2024-01-22T00:58:40.082+0000][7][gc,heap     ] GC(291) Survivor regions: 1->1(20)
[2024-01-22T00:58:40.082+0000][7][gc,heap     ] GC(291) Old regions: 34->34
[2024-01-22T00:58:40.082+0000][7][gc,heap     ] GC(291) Archive regions: 2->2
[2024-01-22T00:58:40.082+0000][7][gc,heap     ] GC(291) Humongous regions: 0->0
[2024-01-22T00:58:40.082+0000][7][gc,metaspace] GC(291) Metaspace: 130893K(134592K)->130893K(134592K) NonClass: 113829K(115776K)->113829K(115776K) Class: 17063K(18816K)->17063K(18816K)
[2024-01-22T00:58:40.082+0000][7][gc          ] GC(291) Pause Young (Normal) (G1 Evacuation Pause) 747M->139M(1024M) 1.750ms
[2024-01-22T00:58:40.082+0000][7][gc,cpu      ] GC(291) User=0.01s Sys=0.00s Real=0.00s
[2024-01-22T00:58:40.082+0000][7][safepoint   ] Safepoint "G1CollectForAllocation", Time since last: 140989045293 ns, Reaching safepoint: 33079 ns, At safepoint: 1814547 ns, Total: 1847626 ns
[2024-01-22T01:00:48.095+0000][7][safepoint   ] Safepoint "Cleanup", Time since last: 128012507785 ns, Reaching safepoint: 164310 ns, At safepoint: 6372 ns, Total: 170682 ns
[2024-01-22T01:00:53.033+0000][7][gc,start    ] GC(292) Pause Young (Normal) (G1 Evacuation Pause)
[2024-01-22T01:00:53.033+0000][7][gc,task     ] GC(292) Using 8 workers of 8 for evacuation
[2024-01-22T01:00:53.033+0000][7][gc,age      ] GC(292) Desired survivor size 41943040 bytes, new threshold 15 (max threshold 15)
[2024-01-22T01:00:53.035+0000][7][gc,phases   ] GC(292)   Pre Evacuate Collection Set: 0.1ms
[2024-01-22T01:00:53.035+0000][7][gc,phases   ] GC(292)   Merge Heap Roots: 0.1ms
[2024-01-22T01:00:53.035+0000][7][gc,phases   ] GC(292)   Evacuate Collection Set: 1.2ms
[2024-01-22T01:00:53.035+0000][7][gc,phases   ] GC(292)   Post Evacuate Collection Set: 0.6ms
[2024-01-22T01:00:53.035+0000][7][gc,phases   ] GC(292)   Other: 0.1ms
[2024-01-22T01:00:53.035+0000][7][gc,age      ] GC(292) Age table with threshold 15 (max threshold 15)
[2024-01-22T01:00:53.035+0000][7][gc,age      ] GC(292) - age   1:    2014576 bytes,    2014576 total
[2024-01-22T01:00:53.035+0000][7][gc,age      ] GC(292) - age   2:      68128 bytes,    2082704 total
[2024-01-22T01:00:53.035+0000][7][gc,age      ] GC(292) - age   3:        216 bytes,    2082920 total
[2024-01-22T01:00:53.035+0000][7][gc,age      ] GC(292) - age   4:      18504 bytes,    2101424 total
[2024-01-22T01:00:53.035+0000][7][gc,age      ] GC(292) - age   5:        208 bytes,    2101632 total
[2024-01-22T01:00:53.035+0000][7][gc,age      ] GC(292) - age   6:      57656 bytes,    2159288 total
[2024-01-22T01:00:53.035+0000][7][gc,age      ] GC(292) - age   7:      52600 bytes,    2211888 total
[2024-01-22T01:00:53.035+0000][7][gc,age      ] GC(292) - age   8:     349464 bytes,    2561352 total
[2024-01-22T01:00:53.035+0000][7][gc,age      ] GC(292) - age  10:     113936 bytes,    2675288 total
[2024-01-22T01:00:53.035+0000][7][gc,age      ] GC(292) - age  14:       8016 bytes,    2683304 total
[2024-01-22T01:00:53.035+0000][7][gc,age      ] GC(292) - age  15:         24 bytes,    2683328 total
[2024-01-22T01:00:53.035+0000][7][gc,heap     ] GC(292) Eden regions: 152->0(152)
[2024-01-22T01:00:53.035+0000][7][gc,heap     ] GC(292) Survivor regions: 1->1(20)
[2024-01-22T01:00:53.035+0000][7][gc,heap     ] GC(292) Old regions: 34->34
[2024-01-22T01:00:53.035+0000][7][gc,heap     ] GC(292) Archive regions: 2->2
[2024-01-22T01:00:53.035+0000][7][gc,heap     ] GC(292) Humongous regions: 0->0
[2024-01-22T01:00:53.035+0000][7][gc,metaspace] GC(292) Metaspace: 130907K(134592K)->130907K(134592K) NonClass: 113843K(115776K)->113843K(115776K) Class: 17063K(18816K)->17063K(18816K)
[2024-01-22T01:00:53.035+0000][7][gc          ] GC(292) Pause Young (Normal) (G1 Evacuation Pause) 747M->140M(1024M) 2.164ms
[2024-01-22T01:00:53.035+0000][7][gc,cpu      ] GC(292) User=0.01s Sys=0.00s Real=0.00s
[2024-01-22T01:00:53.035+0000][7][safepoint   ] Safepoint "G1CollectForAllocation", Time since last: 4938459469 ns, Reaching safepoint: 41972 ns, At safepoint: 2240988 ns, Total: 2282960 ns
[2024-01-22T01:00:59.036+0000][7][safepoint   ] Safepoint "Cleanup", Time since last: 6000559474 ns, Reaching safepoint: 40586 ns, At safepoint: 2824 ns, Total: 43410 ns
[2024-01-22T01:01:00.036+0000][7][safepoint   ] Safepoint "Cleanup", Time since last: 1000091158 ns, Reaching safepoint: 48211 ns, At safepoint: 3517 ns, Total: 51728 ns
[2024-01-22T01:01:01.987+0000][7][safepoint   ] Safepoint "Cleanup", Time since last: 1950918053 ns, Reaching safepoint: 91700 ns, At safepoint: 6859 ns, Total: 98559 ns
[2024-01-22T01:01:04.988+0000][7][safepoint   ] Safepoint "Cleanup", Time since last: 3000357586 ns, Reaching safepoint: 85048 ns, At safepoint: 12718 ns, Total: 97766 ns
[2024-01-22T01:01:05.988+0000][7][safepoint   ] Safepoint "Cleanup", Time since last: 1000134837 ns, Reaching safepoint: 60643 ns, At safepoint: 6507 ns, Total: 67150 ns
[2024-01-22T01:02:28.230+0000][7][gc,start    ] GC(293) Pause Young (Normal) (G1 Evacuation Pause)
[2024-01-22T01:02:28.230+0000][7][gc,task     ] GC(293) Using 8 workers of 8 for evacuation
[2024-01-22T01:02:28.230+0000][7][gc,age      ] GC(293) Desired survivor size 41943040 bytes, new threshold 15 (max threshold 15)
[2024-01-22T01:02:28.233+0000][7][gc,phases   ] GC(293)   Pre Evacuate Collection Set: 0.1ms
[2024-01-22T01:02:28.233+0000][7][gc,phases   ] GC(293)   Merge Heap Roots: 0.1ms
[2024-01-22T01:02:28.233+0000][7][gc,phases   ] GC(293)   Evacuate Collection Set: 2.3ms
[2024-01-22T01:02:28.233+0000][7][gc,phases   ] GC(293)   Post Evacuate Collection Set: 0.7ms
[2024-01-22T01:02:28.233+0000][7][gc,phases   ] GC(293)   Other: 0.1ms
[2024-01-22T01:02:28.233+0000][7][gc,age      ] GC(293) Age table with threshold 15 (max threshold 15)
[2024-01-22T01:02:28.233+0000][7][gc,age      ] GC(293) - age   1:    2008496 bytes,    2008496 total
[2024-01-22T01:02:28.233+0000][7][gc,age      ] GC(293) - age   2:      52272 bytes,    2060768 total
[2024-01-22T01:02:28.233+0000][7][gc,age      ] GC(293) - age   3:      30696 bytes,    2091464 total
[2024-01-22T01:02:28.233+0000][7][gc,age      ] GC(293) - age   5:      17616 bytes,    2109080 total
[2024-01-22T01:02:28.233+0000][7][gc,age      ] GC(293) - age   7:      38808 bytes,    2147888 total
[2024-01-22T01:02:28.233+0000][7][gc,age      ] GC(293) - age   8:      44584 bytes,    2192472 total
[2024-01-22T01:02:28.233+0000][7][gc,age      ] GC(293) - age   9:     349016 bytes,    2541488 total
[2024-01-22T01:02:28.234+0000][7][gc,age      ] GC(293) - age  11:     113752 bytes,    2655240 total
[2024-01-22T01:02:28.234+0000][7][gc,age      ] GC(293) - age  15:       8016 bytes,    2663256 total
[2024-01-22T01:02:28.234+0000][7][gc,heap     ] GC(293) Eden regions: 152->0(152)
[2024-01-22T01:02:28.234+0000][7][gc,heap     ] GC(293) Survivor regions: 1->1(20)
[2024-01-22T01:02:28.234+0000][7][gc,heap     ] GC(293) Old regions: 34->34
[2024-01-22T01:02:28.234+0000][7][gc,heap     ] GC(293) Archive regions: 2->2
[2024-01-22T01:02:28.234+0000][7][gc,heap     ] GC(293) Humongous regions: 0->0
[2024-01-22T01:02:28.234+0000][7][gc,metaspace] GC(293) Metaspace: 130949K(134592K)->130949K(134592K) NonClass: 113884K(115776K)->113884K(115776K) Class: 17064K(18816K)->17064K(18816K)
[2024-01-22T01:02:28.234+0000][7][gc          ] GC(293) Pause Young (Normal) (G1 Evacuation Pause) 748M->140M(1024M) 3.628ms
[2024-01-22T01:02:28.234+0000][7][gc,cpu      ] GC(293) User=0.03s Sys=0.00s Real=0.01s
[2024-01-22T01:02:28.234+0000][7][safepoint   ] Safepoint "G1CollectForAllocation", Time since last: 82242033136 ns, Reaching safepoint: 38559 ns, At safepoint: 3727344 ns, Total: 3765903 ns
[2024-01-22T01:03:07.237+0000][7][safepoint   ] Safepoint "Cleanup", Time since last: 39003380923 ns, Reaching safepoint: 64455 ns, At safepoint: 5256 ns, Total: 69711 ns
[2024-01-22T01:04:49.638+0000][7][gc,start    ] GC(294) Pause Young (Normal) (G1 Evacuation Pause)
[2024-01-22T01:04:49.638+0000][7][gc,task     ] GC(294) Using 8 workers of 8 for evacuation
[2024-01-22T01:04:49.638+0000][7][gc,age      ] GC(294) Desired survivor size 41943040 bytes, new threshold 15 (max threshold 15)
[2024-01-22T01:04:49.641+0000][7][gc,phases   ] GC(294)   Pre Evacuate Collection Set: 0.1ms
[2024-01-22T01:04:49.641+0000][7][gc,phases   ] GC(294)   Merge Heap Roots: 0.0ms
[2024-01-22T01:04:49.641+0000][7][gc,phases   ] GC(294)   Evacuate Collection Set: 1.5ms
[2024-01-22T01:04:49.641+0000][7][gc,phases   ] GC(294)   Post Evacuate Collection Set: 0.8ms
[2024-01-22T01:04:49.641+0000][7][gc,phases   ] GC(294)   Other: 0.1ms
[2024-01-22T01:04:49.641+0000][7][gc,age      ] GC(294) Age table with threshold 15 (max threshold 15)
[2024-01-22T01:04:49.641+0000][7][gc,age      ] GC(294) - age   1:    1266936 bytes,    1266936 total
[2024-01-22T01:04:49.641+0000][7][gc,age      ] GC(294) - age   2:     840512 bytes,    2107448 total
[2024-01-22T01:04:49.641+0000][7][gc,age      ] GC(294) - age   3:      48424 bytes,    2155872 total
[2024-01-22T01:04:49.641+0000][7][gc,age      ] GC(294) - age   4:      21976 bytes,    2177848 total
[2024-01-22T01:04:49.641+0000][7][gc,age      ] GC(294) - age   6:      17304 bytes,    2195152 total
[2024-01-22T01:04:49.641+0000][7][gc,age      ] GC(294) - age   8:      22240 bytes,    2217392 total
[2024-01-22T01:04:49.641+0000][7][gc,age      ] GC(294) - age   9:      44584 bytes,    2261976 total
[2024-01-22T01:04:49.641+0000][7][gc,age      ] GC(294) - age  10:     349016 bytes,    2610992 total
[2024-01-22T01:04:49.641+0000][7][gc,age      ] GC(294) - age  12:     113752 bytes,    2724744 total
[2024-01-22T01:04:49.641+0000][7][gc,heap     ] GC(294) Eden regions: 152->0(152)
[2024-01-22T01:04:49.641+0000][7][gc,heap     ] GC(294) Survivor regions: 1->1(20)
[2024-01-22T01:04:49.641+0000][7][gc,heap     ] GC(294) Old regions: 34->34
[2024-01-22T01:04:49.641+0000][7][gc,heap     ] GC(294) Archive regions: 2->2
[2024-01-22T01:04:49.641+0000][7][gc,heap     ] GC(294) Humongous regions: 0->0
[2024-01-22T01:04:49.641+0000][7][gc,metaspace] GC(294) Metaspace: 130949K(134592K)->130949K(134592K) NonClass: 113885K(115776K)->113885K(115776K) Class: 17064K(18816K)->17064K(18816K)
[2024-01-22T01:04:49.641+0000][7][gc          ] GC(294) Pause Young (Normal) (G1 Evacuation Pause) 748M->140M(1024M) 2.829ms
[2024-01-22T01:04:49.641+0000][7][gc,cpu      ] GC(294) User=0.02s Sys=0.00s Real=0.00s
[2024-01-22T01:04:49.641+0000][7][safepoint   ] Safepoint "G1CollectForAllocation", Time since last: 102401017926 ns, Reaching safepoint: 41158 ns, At safepoint: 2912661 ns, Total: 2953819 ns
[2024-01-22T01:06:02.648+0000][7][safepoint   ] Safepoint "Cleanup", Time since last: 73007252701 ns, Reaching safepoint: 61805 ns, At safepoint: 5890 ns, Total: 67695 ns
[2024-01-22T01:07:13.656+0000][7][safepoint   ] Safepoint "Cleanup", Time since last: 71007683977 ns, Reaching safepoint: 58025 ns, At safepoint: 38211 ns, Total: 96236 ns
[2024-01-22T01:07:20.047+0000][7][gc,start    ] GC(295) Pause Young (Normal) (G1 Evacuation Pause)
[2024-01-22T01:07:20.047+0000][7][gc,task     ] GC(295) Using 8 workers of 8 for evacuation
[2024-01-22T01:07:20.047+0000][7][gc,age      ] GC(295) Desired survivor size 41943040 bytes, new threshold 15 (max threshold 15)
[2024-01-22T01:07:20.051+0000][7][gc,phases   ] GC(295)   Pre Evacuate Collection Set: 0.3ms
[2024-01-22T01:07:20.051+0000][7][gc,phases   ] GC(295)   Merge Heap Roots: 0.1ms
[2024-01-22T01:07:20.051+0000][7][gc,phases   ] GC(295)   Evacuate Collection Set: 2.0ms
[2024-01-22T01:07:20.051+0000][7][gc,phases   ] GC(295)   Post Evacuate Collection Set: 1.0ms
[2024-01-22T01:07:20.051+0000][7][gc,phases   ] GC(295)   Other: 0.1ms
[2024-01-22T01:07:20.051+0000][7][gc,age      ] GC(295) Age table with threshold 15 (max threshold 15)
[2024-01-22T01:07:20.051+0000][7][gc,age      ] GC(295) - age   1:    1269152 bytes,    1269152 total
[2024-01-22T01:07:20.051+0000][7][gc,age      ] GC(295) - age   2:       2600 bytes,    1271752 total
[2024-01-22T01:07:20.051+0000][7][gc,age      ] GC(295) - age   3:     795912 bytes,    2067664 total
[2024-01-22T01:07:20.051+0000][7][gc,age      ] GC(295) - age   4:      47848 bytes,    2115512 total
[2024-01-22T01:07:20.051+0000][7][gc,age      ] GC(295) - age   5:      19160 bytes,    2134672 total
[2024-01-22T01:07:20.051+0000][7][gc,age      ] GC(295) - age   7:      16912 bytes,    2151584 total
[2024-01-22T01:07:20.051+0000][7][gc,age      ] GC(295) - age   9:      21824 bytes,    2173408 total
[2024-01-22T01:07:20.051+0000][7][gc,age      ] GC(295) - age  10:      44584 bytes,    2217992 total
[2024-01-22T01:07:20.051+0000][7][gc,age      ] GC(295) - age  11:     349016 bytes,    2567008 total
[2024-01-22T01:07:20.051+0000][7][gc,age      ] GC(295) - age  13:     113752 bytes,    2680760 total
[2024-01-22T01:07:20.051+0000][7][gc,heap     ] GC(295) Eden regions: 152->0(152)
[2024-01-22T01:07:20.051+0000][7][gc,heap     ] GC(295) Survivor regions: 1->1(20)
[2024-01-22T01:07:20.051+0000][7][gc,heap     ] GC(295) Old regions: 34->34
[2024-01-22T01:07:20.051+0000][7][gc,heap     ] GC(295) Archive regions: 2->2
[2024-01-22T01:07:20.051+0000][7][gc,heap     ] GC(295) Humongous regions: 0->0
[2024-01-22T01:07:20.051+0000][7][gc,metaspace] GC(295) Metaspace: 130949K(134656K)->130949K(134656K) NonClass: 113885K(115840K)->113885K(115840K) Class: 17064K(18816K)->17064K(18816K)
[2024-01-22T01:07:20.051+0000][7][gc          ] GC(295) Pause Young (Normal) (G1 Evacuation Pause) 748M->140M(1024M) 3.794ms
[2024-01-22T01:07:20.051+0000][7][gc,cpu      ] GC(295) User=0.02s Sys=0.00s Real=0.00s
[2024-01-22T01:07:20.051+0000][7][safepoint   ] Safepoint "G1CollectForAllocation", Time since last: 6391125190 ns, Reaching safepoint: 72876 ns, At safepoint: 3896877 ns, Total: 3969753 ns
[2024-01-22T01:10:25.503+0000][7][gc,start    ] GC(296) Pause Young (Normal) (G1 Evacuation Pause)
[2024-01-22T01:10:25.503+0000][7][gc,task     ] GC(296) Using 8 workers of 8 for evacuation
[2024-01-22T01:10:25.503+0000][7][gc,age      ] GC(296) Desired survivor size 41943040 bytes, new threshold 15 (max threshold 15)
[2024-01-22T01:10:25.506+0000][7][gc,phases   ] GC(296)   Pre Evacuate Collection Set: 0.1ms
[2024-01-22T01:10:25.506+0000][7][gc,phases   ] GC(296)   Merge Heap Roots: 0.1ms
[2024-01-22T01:10:25.506+0000][7][gc,phases   ] GC(296)   Evacuate Collection Set: 2.3ms
[2024-01-22T01:10:25.506+0000][7][gc,phases   ] GC(296)   Post Evacuate Collection Set: 0.8ms
[2024-01-22T01:10:25.506+0000][7][gc,phases   ] GC(296)   Other: 0.1ms
[2024-01-22T01:10:25.506+0000][7][gc,age      ] GC(296) Age table with threshold 15 (max threshold 15)
[2024-01-22T01:10:25.506+0000][7][gc,age      ] GC(296) - age   1:    1786264 bytes,    1786264 total
[2024-01-22T01:10:25.506+0000][7][gc,age      ] GC(296) - age   2:     123496 bytes,    1909760 total
[2024-01-22T01:10:25.506+0000][7][gc,age      ] GC(296) - age   3:       1040 bytes,    1910800 total
[2024-01-22T01:10:25.506+0000][7][gc,age      ] GC(296) - age   4:     794720 bytes,    2705520 total
[2024-01-22T01:10:25.506+0000][7][gc,age      ] GC(296) - age   5:      26592 bytes,    2732112 total
[2024-01-22T01:10:25.506+0000][7][gc,age      ] GC(296) - age   6:      19160 bytes,    2751272 total
[2024-01-22T01:10:25.506+0000][7][gc,age      ] GC(296) - age   8:        344 bytes,    2751616 total
[2024-01-22T01:10:25.506+0000][7][gc,age      ] GC(296) - age  10:      21824 bytes,    2773440 total
[2024-01-22T01:10:25.506+0000][7][gc,age      ] GC(296) - age  11:      44584 bytes,    2818024 total
[2024-01-22T01:10:25.506+0000][7][gc,age      ] GC(296) - age  12:     348920 bytes,    3166944 total
[2024-01-22T01:10:25.506+0000][7][gc,age      ] GC(296) - age  14:     113752 bytes,    3280696 total
[2024-01-22T01:10:25.506+0000][7][gc,heap     ] GC(296) Eden regions: 152->0(152)
[2024-01-22T01:10:25.506+0000][7][gc,heap     ] GC(296) Survivor regions: 1->1(20)
[2024-01-22T01:10:25.506+0000][7][gc,heap     ] GC(296) Old regions: 34->34
[2024-01-22T01:10:25.506+0000][7][gc,heap     ] GC(296) Archive regions: 2->2
[2024-01-22T01:10:25.506+0000][7][gc,heap     ] GC(296) Humongous regions: 0->0
[2024-01-22T01:10:25.506+0000][7][gc,metaspace] GC(296) Metaspace: 130949K(134656K)->130949K(134656K) NonClass: 113885K(115840K)->113885K(115840K) Class: 17064K(18816K)->17064K(18816K)
[2024-01-22T01:10:25.507+0000][7][gc          ] GC(296) Pause Young (Normal) (G1 Evacuation Pause) 748M->141M(1024M) 3.683ms
[2024-01-22T01:10:25.507+0000][7][gc,cpu      ] GC(296) User=0.02s Sys=0.00s Real=0.01s
[2024-01-22T01:10:25.507+0000][7][safepoint   ] Safepoint "G1CollectForAllocation", Time since last: 185451504189 ns, Reaching safepoint: 41339 ns, At safepoint: 3782512 ns, Total: 3823851 ns
[2024-01-22T01:12:58.086+0000][7][gc,start    ] GC(297) Pause Young (Normal) (G1 Evacuation Pause)
[2024-01-22T01:12:58.086+0000][7][gc,task     ] GC(297) Using 8 workers of 8 for evacuation
[2024-01-22T01:12:58.086+0000][7][gc,age      ] GC(297) Desired survivor size 41943040 bytes, new threshold 15 (max threshold 15)
[2024-01-22T01:12:58.089+0000][7][gc,phases   ] GC(297)   Pre Evacuate Collection Set: 0.1ms
[2024-01-22T01:12:58.089+0000][7][gc,phases   ] GC(297)   Merge Heap Roots: 0.1ms
[2024-01-22T01:12:58.089+0000][7][gc,phases   ] GC(297)   Evacuate Collection Set: 2.3ms
[2024-01-22T01:12:58.089+0000][7][gc,phases   ] GC(297)   Post Evacuate Collection Set: 1.0ms
[2024-01-22T01:12:58.089+0000][7][gc,phases   ] GC(297)   Other: 0.1ms
[2024-01-22T01:12:58.089+0000][7][gc,age      ] GC(297) Age table with threshold 15 (max threshold 15)
[2024-01-22T01:12:58.089+0000][7][gc,age      ] GC(297) - age   1:    1341960 bytes,    1341960 total
[2024-01-22T01:12:58.089+0000][7][gc,age      ] GC(297) - age   2:      12888 bytes,    1354848 total
[2024-01-22T01:12:58.089+0000][7][gc,age      ] GC(297) - age   3:      73048 bytes,    1427896 total
[2024-01-22T01:12:58.089+0000][7][gc,age      ] GC(297) - age   4:        744 bytes,    1428640 total
[2024-01-22T01:12:58.089+0000][7][gc,age      ] GC(297) - age   5:     793640 bytes,    2222280 total
[2024-01-22T01:12:58.089+0000][7][gc,age      ] GC(297) - age   6:      26592 bytes,    2248872 total
[2024-01-22T01:12:58.089+0000][7][gc,age      ] GC(297) - age   7:      18944 bytes,    2267816 total
[2024-01-22T01:12:58.089+0000][7][gc,age      ] GC(297) - age   9:        344 bytes,    2268160 total
[2024-01-22T01:12:58.089+0000][7][gc,age      ] GC(297) - age  11:      21824 bytes,    2289984 total
[2024-01-22T01:12:58.089+0000][7][gc,age      ] GC(297) - age  12:      44584 bytes,    2334568 total
[2024-01-22T01:12:58.089+0000][7][gc,age      ] GC(297) - age  13:     348920 bytes,    2683488 total
[2024-01-22T01:12:58.089+0000][7][gc,age      ] GC(297) - age  15:     113752 bytes,    2797240 total
[2024-01-22T01:12:58.089+0000][7][gc,heap     ] GC(297) Eden regions: 152->0(152)
[2024-01-22T01:12:58.089+0000][7][gc,heap     ] GC(297) Survivor regions: 1->1(20)
[2024-01-22T01:12:58.089+0000][7][gc,heap     ] GC(297) Old regions: 34->34
[2024-01-22T01:12:58.089+0000][7][gc,heap     ] GC(297) Archive regions: 2->2
[2024-01-22T01:12:58.089+0000][7][gc,heap     ] GC(297) Humongous regions: 0->0
[2024-01-22T01:12:58.089+0000][7][gc,metaspace] GC(297) Metaspace: 130949K(134656K)->130949K(134656K) NonClass: 113885K(115840K)->113885K(115840K) Class: 17064K(18816K)->17064K(18816K)
[2024-01-22T01:12:58.089+0000][7][gc          ] GC(297) Pause Young (Normal) (G1 Evacuation Pause) 749M->140M(1024M) 3.941ms
[2024-01-22T01:12:58.090+0000][7][gc,cpu      ] GC(297) User=0.02s Sys=0.00s Real=0.00s
[2024-01-22T01:12:58.090+0000][7][safepoint   ] Safepoint "G1CollectForAllocation", Time since last: 152578889990 ns, Reaching safepoint: 36343 ns, At safepoint: 4039583 ns, Total: 4075926 ns
[2024-01-22T01:13:05.090+0000][7][safepoint   ] Safepoint "Cleanup", Time since last: 7000807223 ns, Reaching safepoint: 58763 ns, At safepoint: 6330 ns, Total: 65093 ns
[2024-01-22T01:15:19.104+0000][7][gc,start    ] GC(298) Pause Young (Normal) (G1 Evacuation Pause)
[2024-01-22T01:15:19.104+0000][7][gc,task     ] GC(298) Using 8 workers of 8 for evacuation
[2024-01-22T01:15:19.104+0000][7][gc,age      ] GC(298) Desired survivor size 41943040 bytes, new threshold 15 (max threshold 15)
[2024-01-22T01:15:19.107+0000][7][gc,phases   ] GC(298)   Pre Evacuate Collection Set: 0.1ms
[2024-01-22T01:15:19.107+0000][7][gc,phases   ] GC(298)   Merge Heap Roots: 0.1ms
[2024-01-22T01:15:19.107+0000][7][gc,phases   ] GC(298)   Evacuate Collection Set: 2.3ms
[2024-01-22T01:15:19.107+0000][7][gc,phases   ] GC(298)   Post Evacuate Collection Set: 0.7ms
[2024-01-22T01:15:19.107+0000][7][gc,phases   ] GC(298)   Other: 0.1ms
[2024-01-22T01:15:19.107+0000][7][gc,age      ] GC(298) Age table with threshold 15 (max threshold 15)
[2024-01-22T01:15:19.107+0000][7][gc,age      ] GC(298) - age   1:    1752320 bytes,    1752320 total
[2024-01-22T01:15:19.107+0000][7][gc,age      ] GC(298) - age   2:       2920 bytes,    1755240 total
[2024-01-22T01:15:19.107+0000][7][gc,age      ] GC(298) - age   3:       1312 bytes,    1756552 total
[2024-01-22T01:15:19.107+0000][7][gc,age      ] GC(298) - age   4:      72920 bytes,    1829472 total
[2024-01-22T01:15:19.107+0000][7][gc,age      ] GC(298) - age   5:         32 bytes,    1829504 total
[2024-01-22T01:15:19.107+0000][7][gc,age      ] GC(298) - age   6:     793608 bytes,    2623112 total
[2024-01-22T01:15:19.107+0000][7][gc,age      ] GC(298) - age   7:      26592 bytes,    2649704 total
[2024-01-22T01:15:19.107+0000][7][gc,age      ] GC(298) - age   8:      18944 bytes,    2668648 total
[2024-01-22T01:15:19.107+0000][7][gc,age      ] GC(298) - age  10:        344 bytes,    2668992 total
[2024-01-22T01:15:19.107+0000][7][gc,age      ] GC(298) - age  12:      21824 bytes,    2690816 total
[2024-01-22T01:15:19.107+0000][7][gc,age      ] GC(298) - age  13:      44584 bytes,    2735400 total
[2024-01-22T01:15:19.107+0000][7][gc,age      ] GC(298) - age  14:     348632 bytes,    3084032 total
[2024-01-22T01:15:19.107+0000][7][gc,heap     ] GC(298) Eden regions: 152->0(152)
[2024-01-22T01:15:19.107+0000][7][gc,heap     ] GC(298) Survivor regions: 1->1(20)
[2024-01-22T01:15:19.107+0000][7][gc,heap     ] GC(298) Old regions: 34->34
[2024-01-22T01:15:19.107+0000][7][gc,heap     ] GC(298) Archive regions: 2->2
[2024-01-22T01:15:19.107+0000][7][gc,heap     ] GC(298) Humongous regions: 0->0
[2024-01-22T01:15:19.107+0000][7][gc,metaspace] GC(298) Metaspace: 130952K(134656K)->130952K(134656K) NonClass: 113888K(115840K)->113888K(115840K) Class: 17064K(18816K)->17064K(18816K)
[2024-01-22T01:15:19.107+0000][7][gc          ] GC(298) Pause Young (Normal) (G1 Evacuation Pause) 748M->141M(1024M) 3.708ms
[2024-01-22T01:15:19.107+0000][7][gc,cpu      ] GC(298) User=0.01s Sys=0.00s Real=0.00s
[2024-01-22T01:15:19.107+0000][7][safepoint   ] Safepoint "G1CollectForAllocation", Time since last: 134013061353 ns, Reaching safepoint: 41186 ns, At safepoint: 3853075 ns, Total: 3894261 ns
[2024-01-22T01:16:13.113+0000][7][safepoint   ] Safepoint "Cleanup", Time since last: 54005042355 ns, Reaching safepoint: 56678 ns, At safepoint: 30153 ns, Total: 86831 ns
[2024-01-22T01:17:40.108+0000][7][gc,start    ] GC(299) Pause Young (Normal) (G1 Evacuation Pause)
[2024-01-22T01:17:40.108+0000][7][gc,task     ] GC(299) Using 8 workers of 8 for evacuation
[2024-01-22T01:17:40.108+0000][7][gc,age      ] GC(299) Desired survivor size 41943040 bytes, new threshold 15 (max threshold 15)
[2024-01-22T01:17:40.110+0000][7][gc,phases   ] GC(299)   Pre Evacuate Collection Set: 0.1ms
[2024-01-22T01:17:40.110+0000][7][gc,phases   ] GC(299)   Merge Heap Roots: 0.1ms
[2024-01-22T01:17:40.110+0000][7][gc,phases   ] GC(299)   Evacuate Collection Set: 1.8ms
[2024-01-22T01:17:40.110+0000][7][gc,phases   ] GC(299)   Post Evacuate Collection Set: 0.6ms
[2024-01-22T01:17:40.110+0000][7][gc,phases   ] GC(299)   Other: 0.1ms
[2024-01-22T01:17:40.110+0000][7][gc,age      ] GC(299) Age table with threshold 15 (max threshold 15)
[2024-01-22T01:17:40.110+0000][7][gc,age      ] GC(299) - age   1:    1368480 bytes,    1368480 total
[2024-01-22T01:17:40.110+0000][7][gc,age      ] GC(299) - age   2:     112816 bytes,    1481296 total
[2024-01-22T01:17:40.110+0000][7][gc,age      ] GC(299) - age   3:       1832 bytes,    1483128 total
[2024-01-22T01:17:40.110+0000][7][gc,age      ] GC(299) - age   4:        800 bytes,    1483928 total
[2024-01-22T01:17:40.110+0000][7][gc,age      ] GC(299) - age   5:      70048 bytes,    1553976 total
[2024-01-22T01:17:40.110+0000][7][gc,age      ] GC(299) - age   6:         32 bytes,    1554008 total
[2024-01-22T01:17:40.110+0000][7][gc,age      ] GC(299) - age   7:     793608 bytes,    2347616 total
[2024-01-22T01:17:40.110+0000][7][gc,age      ] GC(299) - age   8:       9136 bytes,    2356752 total
[2024-01-22T01:17:40.110+0000][7][gc,age      ] GC(299) - age   9:      18944 bytes,    2375696 total
[2024-01-22T01:17:40.111+0000][7][gc,age      ] GC(299) - age  11:        344 bytes,    2376040 total
[2024-01-22T01:17:40.111+0000][7][gc,age      ] GC(299) - age  13:      21824 bytes,    2397864 total
[2024-01-22T01:17:40.111+0000][7][gc,age      ] GC(299) - age  14:      44584 bytes,    2442448 total
[2024-01-22T01:17:40.111+0000][7][gc,age      ] GC(299) - age  15:     348632 bytes,    2791080 total
[2024-01-22T01:17:40.111+0000][7][gc,heap     ] GC(299) Eden regions: 152->0(152)
[2024-01-22T01:17:40.111+0000][7][gc,heap     ] GC(299) Survivor regions: 1->1(20)
[2024-01-22T01:17:40.111+0000][7][gc,heap     ] GC(299) Old regions: 34->34
[2024-01-22T01:17:40.111+0000][7][gc,heap     ] GC(299) Archive regions: 2->2
[2024-01-22T01:17:40.111+0000][7][gc,heap     ] GC(299) Humongous regions: 0->0
[2024-01-22T01:17:40.111+0000][7][gc,metaspace] GC(299) Metaspace: 130952K(134656K)->130952K(134656K) NonClass: 113888K(115840K)->113888K(115840K) Class: 17064K(18816K)->17064K(18816K)
[2024-01-22T01:17:40.111+0000][7][gc          ] GC(299) Pause Young (Normal) (G1 Evacuation Pause) 749M->140M(1024M) 3.050ms
[2024-01-22T01:17:40.111+0000][7][gc,cpu      ] GC(299) User=0.01s Sys=0.00s Real=0.00s
[2024-01-22T01:17:40.111+0000][7][safepoint   ] Safepoint "G1CollectForAllocation", Time since last: 86994930154 ns, Reaching safepoint: 63521 ns, At safepoint: 3138793 ns, Total: 3202314 ns
[2024-01-22T01:19:59.208+0000][7][gc,start    ] GC(300) Pause Young (Normal) (G1 Evacuation Pause)
[2024-01-22T01:19:59.208+0000][7][gc,task     ] GC(300) Using 8 workers of 8 for evacuation
[2024-01-22T01:19:59.208+0000][7][gc,age      ] GC(300) Desired survivor size 41943040 bytes, new threshold 15 (max threshold 15)
[2024-01-22T01:19:59.212+0000][7][gc,phases   ] GC(300)   Pre Evacuate Collection Set: 0.1ms
[2024-01-22T01:19:59.212+0000][7][gc,phases   ] GC(300)   Merge Heap Roots: 0.1ms
[2024-01-22T01:19:59.212+0000][7][gc,phases   ] GC(300)   Evacuate Collection Set: 2.6ms
[2024-01-22T01:19:59.212+0000][7][gc,phases   ] GC(300)   Post Evacuate Collection Set: 1.0ms
[2024-01-22T01:19:59.212+0000][7][gc,phases   ] GC(300)   Other: 0.1ms
[2024-01-22T01:19:59.212+0000][7][gc,age      ] GC(300) Age table with threshold 15 (max threshold 15)
[2024-01-22T01:19:59.212+0000][7][gc,age      ] GC(300) - age   1:    1416192 bytes,    1416192 total
[2024-01-22T01:19:59.212+0000][7][gc,age      ] GC(300) - age   2:       4960 bytes,    1421152 total
[2024-01-22T01:19:59.212+0000][7][gc,age      ] GC(300) - age   3:     103104 bytes,    1524256 total
[2024-01-22T01:19:59.212+0000][7][gc,age      ] GC(300) - age   4:       1344 bytes,    1525600 total
[2024-01-22T01:19:59.212+0000][7][gc,age      ] GC(300) - age   5:        736 bytes,    1526336 total
[2024-01-22T01:19:59.212+0000][7][gc,age      ] GC(300) - age   6:      70016 bytes,    1596352 total
[2024-01-22T01:19:59.212+0000][7][gc,age      ] GC(300) - age   7:         32 bytes,    1596384 total
[2024-01-22T01:19:59.213+0000][7][gc,age      ] GC(300) - age   8:     725320 bytes,    2321704 total
[2024-01-22T01:19:59.213+0000][7][gc,age      ] GC(300) - age   9:       9008 bytes,    2330712 total
[2024-01-22T01:19:59.213+0000][7][gc,age      ] GC(300) - age  10:      18944 bytes,    2349656 total
[2024-01-22T01:19:59.213+0000][7][gc,age      ] GC(300) - age  12:        344 bytes,    2350000 total
[2024-01-22T01:19:59.213+0000][7][gc,age      ] GC(300) - age  14:      21824 bytes,    2371824 total
[2024-01-22T01:19:59.213+0000][7][gc,age      ] GC(300) - age  15:      44584 bytes,    2416408 total
[2024-01-22T01:19:59.213+0000][7][gc,heap     ] GC(300) Eden regions: 152->0(152)
[2024-01-22T01:19:59.213+0000][7][gc,heap     ] GC(300) Survivor regions: 1->1(20)
[2024-01-22T01:19:59.213+0000][7][gc,heap     ] GC(300) Old regions: 34->34
[2024-01-22T01:19:59.213+0000][7][gc,heap     ] GC(300) Archive regions: 2->2
[2024-01-22T01:19:59.213+0000][7][gc,heap     ] GC(300) Humongous regions: 0->0
[2024-01-22T01:19:59.213+0000][7][gc,metaspace] GC(300) Metaspace: 130952K(134656K)->130952K(134656K) NonClass: 113888K(115840K)->113888K(115840K) Class: 17064K(18816K)->17064K(18816K)
[2024-01-22T01:19:59.213+0000][7][gc          ] GC(300) Pause Young (Normal) (G1 Evacuation Pause) 748M->140M(1024M) 4.318ms
[2024-01-22T01:19:59.213+0000][7][gc,cpu      ] GC(300) User=0.02s Sys=0.00s Real=0.01s
[2024-01-22T01:19:59.213+0000][7][safepoint   ] Safepoint "G1CollectForAllocation", Time since last: 139097549916 ns, Reaching safepoint: 84427 ns, At safepoint: 4447326 ns, Total: 4531753 ns
[2024-01-22T01:20:08.214+0000][7][safepoint   ] Safepoint "Cleanup", Time since last: 9001058674 ns, Reaching safepoint: 65034 ns, At safepoint: 5166 ns, Total: 70200 ns
[2024-01-22T01:22:46.107+0000][7][gc,start    ] GC(301) Pause Young (Normal) (G1 Evacuation Pause)
[2024-01-22T01:22:46.107+0000][7][gc,task     ] GC(301) Using 8 workers of 8 for evacuation
[2024-01-22T01:22:46.107+0000][7][gc,age      ] GC(301) Desired survivor size 41943040 bytes, new threshold 15 (max threshold 15)
[2024-01-22T01:22:46.110+0000][7][gc,phases   ] GC(301)   Pre Evacuate Collection Set: 0.1ms
[2024-01-22T01:22:46.110+0000][7][gc,phases   ] GC(301)   Merge Heap Roots: 0.1ms
[2024-01-22T01:22:46.110+0000][7][gc,phases   ] GC(301)   Evacuate Collection Set: 1.6ms
[2024-01-22T01:22:46.110+0000][7][gc,phases   ] GC(301)   Post Evacuate Collection Set: 0.7ms
[2024-01-22T01:22:46.110+0000][7][gc,phases   ] GC(301)   Other: 0.1ms
[2024-01-22T01:22:46.110+0000][7][gc,age      ] GC(301) Age table with threshold 15 (max threshold 15)
[2024-01-22T01:22:46.110+0000][7][gc,age      ] GC(301) - age   1:     752984 bytes,     752984 total
[2024-01-22T01:22:46.110+0000][7][gc,age      ] GC(301) - age   2:      10664 bytes,     763648 total
[2024-01-22T01:22:46.110+0000][7][gc,age      ] GC(301) - age   3:       2936 bytes,     766584 total
[2024-01-22T01:22:46.110+0000][7][gc,age      ] GC(301) - age   4:      94904 bytes,     861488 total
[2024-01-22T01:22:46.110+0000][7][gc,age      ] GC(301) - age   5:        216 bytes,     861704 total
[2024-01-22T01:22:46.110+0000][7][gc,age      ] GC(301) - age   6:        736 bytes,     862440 total
[2024-01-22T01:22:46.110+0000][7][gc,age      ] GC(301) - age   7:      69624 bytes,     932064 total
[2024-01-22T01:22:46.110+0000][7][gc,age      ] GC(301) - age   8:         32 bytes,     932096 total
[2024-01-22T01:22:46.110+0000][7][gc,age      ] GC(301) - age   9:     725320 bytes,    1657416 total
[2024-01-22T01:22:46.110+0000][7][gc,age      ] GC(301) - age  10:       9008 bytes,    1666424 total
[2024-01-22T01:22:46.110+0000][7][gc,age      ] GC(301) - age  11:      18944 bytes,    1685368 total
[2024-01-22T01:22:46.110+0000][7][gc,age      ] GC(301) - age  13:        344 bytes,    1685712 total
[2024-01-22T01:22:46.110+0000][7][gc,age      ] GC(301) - age  15:      21824 bytes,    1707536 total
[2024-01-22T01:22:46.110+0000][7][gc,heap     ] GC(301) Eden regions: 152->0(152)
[2024-01-22T01:22:46.110+0000][7][gc,heap     ] GC(301) Survivor regions: 1->1(20)
[2024-01-22T01:22:46.110+0000][7][gc,heap     ] GC(301) Old regions: 34->34
[2024-01-22T01:22:46.110+0000][7][gc,heap     ] GC(301) Archive regions: 2->2
[2024-01-22T01:22:46.110+0000][7][gc,heap     ] GC(301) Humongous regions: 0->0
[2024-01-22T01:22:46.110+0000][7][gc,metaspace] GC(301) Metaspace: 130952K(134656K)->130952K(134656K) NonClass: 113888K(115840K)->113888K(115840K) Class: 17064K(18816K)->17064K(18816K)
[2024-01-22T01:22:46.110+0000][7][gc          ] GC(301) Pause Young (Normal) (G1 Evacuation Pause) 748M->140M(1024M) 2.824ms
[2024-01-22T01:22:46.110+0000][7][gc,cpu      ] GC(301) User=0.00s Sys=0.01s Real=0.00s
[2024-01-22T01:22:46.110+0000][7][safepoint   ] Safepoint "G1CollectForAllocation", Time since last: 157893371782 ns, Reaching safepoint: 36420 ns, At safepoint: 2916232 ns, Total: 2952652 ns
[2024-01-22T01:25:11.177+0000][7][gc,start    ] GC(302) Pause Young (Normal) (G1 Evacuation Pause)
[2024-01-22T01:25:11.177+0000][7][gc,task     ] GC(302) Using 8 workers of 8 for evacuation
[2024-01-22T01:25:11.177+0000][7][gc,age      ] GC(302) Desired survivor size 41943040 bytes, new threshold 15 (max threshold 15)
[2024-01-22T01:25:11.179+0000][7][gc,phases   ] GC(302)   Pre Evacuate Collection Set: 0.1ms
[2024-01-22T01:25:11.179+0000][7][gc,phases   ] GC(302)   Merge Heap Roots: 0.1ms
[2024-01-22T01:25:11.179+0000][7][gc,phases   ] GC(302)   Evacuate Collection Set: 1.4ms
[2024-01-22T01:25:11.179+0000][7][gc,phases   ] GC(302)   Post Evacuate Collection Set: 0.5ms
[2024-01-22T01:25:11.179+0000][7][gc,phases   ] GC(302)   Other: 0.1ms
[2024-01-22T01:25:11.179+0000][7][gc,age      ] GC(302) Age table with threshold 15 (max threshold 15)
[2024-01-22T01:25:11.179+0000][7][gc,age      ] GC(302) - age   1:    1840752 bytes,    1840752 total
[2024-01-22T01:25:11.179+0000][7][gc,age      ] GC(302) - age   2:      22520 bytes,    1863272 total
[2024-01-22T01:25:11.179+0000][7][gc,age      ] GC(302) - age   3:       8520 bytes,    1871792 total
[2024-01-22T01:25:11.179+0000][7][gc,age      ] GC(302) - age   4:       2488 bytes,    1874280 total
[2024-01-22T01:25:11.179+0000][7][gc,age      ] GC(302) - age   5:      94088 bytes,    1968368 total
[2024-01-22T01:25:11.179+0000][7][gc,age      ] GC(302) - age   6:         32 bytes,    1968400 total
[2024-01-22T01:25:11.179+0000][7][gc,age      ] GC(302) - age   7:        736 bytes,    1969136 total
[2024-01-22T01:25:11.179+0000][7][gc,age      ] GC(302) - age   8:      69624 bytes,    2038760 total
[2024-01-22T01:25:11.179+0000][7][gc,age      ] GC(302) - age  10:     725320 bytes,    2764080 total
[2024-01-22T01:25:11.179+0000][7][gc,age      ] GC(302) - age  11:       9008 bytes,    2773088 total
[2024-01-22T01:25:11.179+0000][7][gc,age      ] GC(302) - age  12:      18944 bytes,    2792032 total
[2024-01-22T01:25:11.179+0000][7][gc,age      ] GC(302) - age  14:        344 bytes,    2792376 total
[2024-01-22T01:25:11.179+0000][7][gc,heap     ] GC(302) Eden regions: 152->0(152)
[2024-01-22T01:25:11.179+0000][7][gc,heap     ] GC(302) Survivor regions: 1->1(20)
[2024-01-22T01:25:11.179+0000][7][gc,heap     ] GC(302) Old regions: 34->34
[2024-01-22T01:25:11.179+0000][7][gc,heap     ] GC(302) Archive regions: 2->2
[2024-01-22T01:25:11.179+0000][7][gc,heap     ] GC(302) Humongous regions: 0->0
[2024-01-22T01:25:11.179+0000][7][gc,metaspace] GC(302) Metaspace: 130967K(134656K)->130967K(134656K) NonClass: 113903K(115840K)->113903K(115840K) Class: 17064K(18816K)->17064K(18816K)
[2024-01-22T01:25:11.179+0000][7][gc          ] GC(302) Pause Young (Normal) (G1 Evacuation Pause) 748M->141M(1024M) 2.272ms
[2024-01-22T01:25:11.179+0000][7][gc,cpu      ] GC(302) User=0.01s Sys=0.00s Real=0.00s
[2024-01-22T01:25:11.179+0000][7][safepoint   ] Safepoint "G1CollectForAllocation", Time since last: 145066888742 ns, Reaching safepoint: 36431 ns, At safepoint: 2333765 ns, Total: 2370196 ns
[2024-01-22T01:27:37.127+0000][7][gc,start    ] GC(303) Pause Young (Normal) (G1 Evacuation Pause)
[2024-01-22T01:27:37.128+0000][7][gc,task     ] GC(303) Using 8 workers of 8 for evacuation
[2024-01-22T01:27:37.128+0000][7][gc,age      ] GC(303) Desired survivor size 41943040 bytes, new threshold 15 (max threshold 15)
[2024-01-22T01:27:37.132+0000][7][gc,phases   ] GC(303)   Pre Evacuate Collection Set: 0.1ms
[2024-01-22T01:27:37.132+0000][7][gc,phases   ] GC(303)   Merge Heap Roots: 0.1ms
[2024-01-22T01:27:37.132+0000][7][gc,phases   ] GC(303)   Evacuate Collection Set: 1.7ms
[2024-01-22T01:27:37.132+0000][7][gc,phases   ] GC(303)   Post Evacuate Collection Set: 2.0ms
[2024-01-22T01:27:37.132+0000][7][gc,phases   ] GC(303)   Other: 0.2ms
[2024-01-22T01:27:37.132+0000][7][gc,age      ] GC(303) Age table with threshold 15 (max threshold 15)
[2024-01-22T01:27:37.132+0000][7][gc,age      ] GC(303) - age   1:     850416 bytes,     850416 total
[2024-01-22T01:27:37.132+0000][7][gc,age      ] GC(303) - age   2:       5312 bytes,     855728 total
[2024-01-22T01:27:37.132+0000][7][gc,age      ] GC(303) - age   3:      13248 bytes,     868976 total
[2024-01-22T01:27:37.132+0000][7][gc,age      ] GC(303) - age   4:       8432 bytes,     877408 total
[2024-01-22T01:27:37.132+0000][7][gc,age      ] GC(303) - age   5:        184 bytes,     877592 total
[2024-01-22T01:27:37.132+0000][7][gc,age      ] GC(303) - age   6:      94088 bytes,     971680 total
[2024-01-22T01:27:37.132+0000][7][gc,age      ] GC(303) - age   7:         32 bytes,     971712 total
[2024-01-22T01:27:37.132+0000][7][gc,age      ] GC(303) - age   8:        552 bytes,     972264 total
[2024-01-22T01:27:37.132+0000][7][gc,age      ] GC(303) - age   9:      69240 bytes,    1041504 total
[2024-01-22T01:27:37.132+0000][7][gc,age      ] GC(303) - age  11:     725320 bytes,    1766824 total
[2024-01-22T01:27:37.132+0000][7][gc,age      ] GC(303) - age  12:       9008 bytes,    1775832 total
[2024-01-22T01:27:37.132+0000][7][gc,age      ] GC(303) - age  13:      18944 bytes,    1794776 total
[2024-01-22T01:27:37.132+0000][7][gc,age      ] GC(303) - age  15:        344 bytes,    1795120 total
[2024-01-22T01:27:37.132+0000][7][gc,heap     ] GC(303) Eden regions: 152->0(152)
[2024-01-22T01:27:37.132+0000][7][gc,heap     ] GC(303) Survivor regions: 1->1(20)
[2024-01-22T01:27:37.132+0000][7][gc,heap     ] GC(303) Old regions: 34->34
[2024-01-22T01:27:37.132+0000][7][gc,heap     ] GC(303) Archive regions: 2->2
[2024-01-22T01:27:37.132+0000][7][gc,heap     ] GC(303) Humongous regions: 0->0
[2024-01-22T01:27:37.132+0000][7][gc,metaspace] GC(303) Metaspace: 130967K(134656K)->130967K(134656K) NonClass: 113903K(115840K)->113903K(115840K) Class: 17064K(18816K)->17064K(18816K)
[2024-01-22T01:27:37.132+0000][7][gc          ] GC(303) Pause Young (Normal) (G1 Evacuation Pause) 749M->140M(1024M) 4.593ms
[2024-01-22T01:27:37.132+0000][7][gc,cpu      ] GC(303) User=0.02s Sys=0.00s Real=0.01s
[2024-01-22T01:27:37.132+0000][7][safepoint   ] Safepoint "G1CollectForAllocation", Time since last: 145947872584 ns, Reaching safepoint: 83630 ns, At safepoint: 4715009 ns, Total: 4798639 ns
[2024-01-22T01:28:13.136+0000][7][safepoint   ] Safepoint "Cleanup", Time since last: 36003923499 ns, Reaching safepoint: 60115 ns, At safepoint: 5459 ns, Total: 65574 ns
[2024-01-22T01:28:44.139+0000][7][safepoint   ] Safepoint "Cleanup", Time since last: 31003106089 ns, Reaching safepoint: 150171 ns, At safepoint: 19246 ns, Total: 169417 ns
[2024-01-22T01:28:46.140+0000][7][safepoint   ] Safepoint "Cleanup", Time since last: 2000320907 ns, Reaching safepoint: 78834 ns, At safepoint: 12184 ns, Total: 91018 ns
[2024-01-22T01:29:57.148+0000][7][safepoint   ] Safepoint "Cleanup", Time since last: 71008037444 ns, Reaching safepoint: 52326 ns, At safepoint: 27632 ns, Total: 79958 ns
[2024-01-22T01:30:13.150+0000][7][safepoint   ] Safepoint "Cleanup", Time since last: 16001635351 ns, Reaching safepoint: 63288 ns, At safepoint: 6267 ns, Total: 69555 ns
[2024-01-22T01:30:31.248+0000][7][gc,start    ] GC(304) Pause Young (Normal) (G1 Evacuation Pause)
[2024-01-22T01:30:31.248+0000][7][gc,task     ] GC(304) Using 8 workers of 8 for evacuation
[2024-01-22T01:30:31.248+0000][7][gc,age      ] GC(304) Desired survivor size 41943040 bytes, new threshold 15 (max threshold 15)
[2024-01-22T01:30:31.252+0000][7][gc,phases   ] GC(304)   Pre Evacuate Collection Set: 0.1ms
[2024-01-22T01:30:31.252+0000][7][gc,phases   ] GC(304)   Merge Heap Roots: 0.1ms
[2024-01-22T01:30:31.252+0000][7][gc,phases   ] GC(304)   Evacuate Collection Set: 2.0ms
[2024-01-22T01:30:31.252+0000][7][gc,phases   ] GC(304)   Post Evacuate Collection Set: 0.7ms
[2024-01-22T01:30:31.252+0000][7][gc,phases   ] GC(304)   Other: 0.1ms
[2024-01-22T01:30:31.252+0000][7][gc,age      ] GC(304) Age table with threshold 15 (max threshold 15)
[2024-01-22T01:30:31.252+0000][7][gc,age      ] GC(304) - age   1:    1376592 bytes,    1376592 total
[2024-01-22T01:30:31.252+0000][7][gc,age      ] GC(304) - age   2:       6240 bytes,    1382832 total
[2024-01-22T01:30:31.252+0000][7][gc,age      ] GC(304) - age   3:       3024 bytes,    1385856 total
[2024-01-22T01:30:31.252+0000][7][gc,age      ] GC(304) - age   4:      12800 bytes,    1398656 total
[2024-01-22T01:30:31.252+0000][7][gc,age      ] GC(304) - age   5:       8048 bytes,    1406704 total
[2024-01-22T01:30:31.252+0000][7][gc,age      ] GC(304) - age   6:        184 bytes,    1406888 total
[2024-01-22T01:30:31.252+0000][7][gc,age      ] GC(304) - age   7:      93904 bytes,    1500792 total
[2024-01-22T01:30:31.252+0000][7][gc,age      ] GC(304) - age   8:         32 bytes,    1500824 total
[2024-01-22T01:30:31.252+0000][7][gc,age      ] GC(304) - age   9:        552 bytes,    1501376 total
[2024-01-22T01:30:31.252+0000][7][gc,age      ] GC(304) - age  10:      69240 bytes,    1570616 total
[2024-01-22T01:30:31.252+0000][7][gc,age      ] GC(304) - age  12:     725320 bytes,    2295936 total
[2024-01-22T01:30:31.252+0000][7][gc,age      ] GC(304) - age  13:       9008 bytes,    2304944 total
[2024-01-22T01:30:31.252+0000][7][gc,age      ] GC(304) - age  14:      18944 bytes,    2323888 total
[2024-01-22T01:30:31.252+0000][7][gc,heap     ] GC(304) Eden regions: 152->0(152)
[2024-01-22T01:30:31.252+0000][7][gc,heap     ] GC(304) Survivor regions: 1->1(20)
[2024-01-22T01:30:31.252+0000][7][gc,heap     ] GC(304) Old regions: 34->34
[2024-01-22T01:30:31.252+0000][7][gc,heap     ] GC(304) Archive regions: 2->2
[2024-01-22T01:30:31.252+0000][7][gc,heap     ] GC(304) Humongous regions: 0->0
[2024-01-22T01:30:31.252+0000][7][gc,metaspace] GC(304) Metaspace: 130967K(134656K)->130967K(134656K) NonClass: 113903K(115840K)->113903K(115840K) Class: 17064K(18816K)->17064K(18816K)
[2024-01-22T01:30:31.252+0000][7][gc          ] GC(304) Pause Young (Normal) (G1 Evacuation Pause) 748M->140M(1024M) 3.417ms
[2024-01-22T01:30:31.252+0000][7][gc,cpu      ] GC(304) User=0.01s Sys=0.00s Real=0.01s
[2024-01-22T01:30:31.252+0000][7][safepoint   ] Safepoint "G1CollectForAllocation", Time since last: 18098714411 ns, Reaching safepoint: 54911 ns, At safepoint: 3513793 ns, Total: 3568704 ns
[2024-01-22T01:31:26.259+0000][7][safepoint   ] Safepoint "Cleanup", Time since last: 55006656810 ns, Reaching safepoint: 70476 ns, At safepoint: 34506 ns, Total: 104982 ns
[2024-01-22T01:32:52.265+0000][7][gc,start    ] GC(305) Pause Young (Normal) (G1 Evacuation Pause)
[2024-01-22T01:32:52.265+0000][7][gc,task     ] GC(305) Using 8 workers of 8 for evacuation
[2024-01-22T01:32:52.265+0000][7][gc,age      ] GC(305) Desired survivor size 41943040 bytes, new threshold 15 (max threshold 15)
[2024-01-22T01:32:52.269+0000][7][gc,phases   ] GC(305)   Pre Evacuate Collection Set: 0.1ms
[2024-01-22T01:32:52.269+0000][7][gc,phases   ] GC(305)   Merge Heap Roots: 0.1ms
[2024-01-22T01:32:52.269+0000][7][gc,phases   ] GC(305)   Evacuate Collection Set: 2.2ms
[2024-01-22T01:32:52.269+0000][7][gc,phases   ] GC(305)   Post Evacuate Collection Set: 1.1ms
[2024-01-22T01:32:52.269+0000][7][gc,phases   ] GC(305)   Other: 0.1ms
[2024-01-22T01:32:52.269+0000][7][gc,age      ] GC(305) Age table with threshold 15 (max threshold 15)
[2024-01-22T01:32:52.269+0000][7][gc,age      ] GC(305) - age   1:    1439488 bytes,    1439488 total
[2024-01-22T01:32:52.269+0000][7][gc,age      ] GC(305) - age   2:      12520 bytes,    1452008 total
[2024-01-22T01:32:52.269+0000][7][gc,age      ] GC(305) - age   3:       3832 bytes,    1455840 total
[2024-01-22T01:32:52.269+0000][7][gc,age      ] GC(305) - age   4:       2840 bytes,    1458680 total
[2024-01-22T01:32:52.269+0000][7][gc,age      ] GC(305) - age   5:       4016 bytes,    1462696 total
[2024-01-22T01:32:52.269+0000][7][gc,age      ] GC(305) - age   6:       8048 bytes,    1470744 total
[2024-01-22T01:32:52.269+0000][7][gc,age      ] GC(305) - age   7:        184 bytes,    1470928 total
[2024-01-22T01:32:52.269+0000][7][gc,age      ] GC(305) - age   8:      93768 bytes,    1564696 total
[2024-01-22T01:32:52.269+0000][7][gc,age      ] GC(305) - age   9:         32 bytes,    1564728 total
[2024-01-22T01:32:52.269+0000][7][gc,age      ] GC(305) - age  10:        520 bytes,    1565248 total
[2024-01-22T01:32:52.269+0000][7][gc,age      ] GC(305) - age  11:      69240 bytes,    1634488 total
[2024-01-22T01:32:52.269+0000][7][gc,age      ] GC(305) - age  13:     725320 bytes,    2359808 total
[2024-01-22T01:32:52.269+0000][7][gc,age      ] GC(305) - age  14:       9008 bytes,    2368816 total
[2024-01-22T01:32:52.269+0000][7][gc,age      ] GC(305) - age  15:      18944 bytes,    2387760 total
[2024-01-22T01:32:52.269+0000][7][gc,heap     ] GC(305) Eden regions: 152->0(152)
[2024-01-22T01:32:52.269+0000][7][gc,heap     ] GC(305) Survivor regions: 1->1(20)
[2024-01-22T01:32:52.269+0000][7][gc,heap     ] GC(305) Old regions: 34->34
[2024-01-22T01:32:52.269+0000][7][gc,heap     ] GC(305) Archive regions: 2->2
[2024-01-22T01:32:52.269+0000][7][gc,heap     ] GC(305) Humongous regions: 0->0
[2024-01-22T01:32:52.269+0000][7][gc,metaspace] GC(305) Metaspace: 130967K(134656K)->130967K(134656K) NonClass: 113903K(115840K)->113903K(115840K) Class: 17064K(18816K)->17064K(18816K)
[2024-01-22T01:32:52.269+0000][7][gc          ] GC(305) Pause Young (Normal) (G1 Evacuation Pause) 748M->140M(1024M) 3.807ms
[2024-01-22T01:32:52.269+0000][7][gc,cpu      ] GC(305) User=0.02s Sys=0.00s Real=0.00s
[2024-01-22T01:32:52.269+0000][7][safepoint   ] Safepoint "G1CollectForAllocation", Time since last: 86006159173 ns, Reaching safepoint: 65752 ns, At safepoint: 3885931 ns, Total: 3951683 ns
[2024-01-22T01:33:07.270+0000][7][safepoint   ] Safepoint "Cleanup", Time since last: 15001586151 ns, Reaching safepoint: 86935 ns, At safepoint: 7916 ns, Total: 94851 ns
[2024-01-22T01:33:27.273+0000][7][safepoint   ] Safepoint "Cleanup", Time since last: 20002758847 ns, Reaching safepoint: 86736 ns, At safepoint: 9680 ns, Total: 96416 ns
[2024-01-22T01:35:55.716+0000][7][gc,start    ] GC(306) Pause Young (Normal) (G1 Evacuation Pause)
[2024-01-22T01:35:55.716+0000][7][gc,task     ] GC(306) Using 8 workers of 8 for evacuation
[2024-01-22T01:35:55.716+0000][7][gc,age      ] GC(306) Desired survivor size 41943040 bytes, new threshold 15 (max threshold 15)
[2024-01-22T01:35:55.719+0000][7][gc,phases   ] GC(306)   Pre Evacuate Collection Set: 0.1ms
[2024-01-22T01:35:55.719+0000][7][gc,phases   ] GC(306)   Merge Heap Roots: 0.1ms
[2024-01-22T01:35:55.719+0000][7][gc,phases   ] GC(306)   Evacuate Collection Set: 2.2ms
[2024-01-22T01:35:55.719+0000][7][gc,phases   ] GC(306)   Post Evacuate Collection Set: 0.8ms
[2024-01-22T01:35:55.719+0000][7][gc,phases   ] GC(306)   Other: 0.1ms
[2024-01-22T01:35:55.719+0000][7][gc,age      ] GC(306) Age table with threshold 15 (max threshold 15)
[2024-01-22T01:35:55.719+0000][7][gc,age      ] GC(306) - age   1:    1749896 bytes,    1749896 total
[2024-01-22T01:35:55.719+0000][7][gc,age      ] GC(306) - age   2:      11392 bytes,    1761288 total
[2024-01-22T01:35:55.720+0000][7][gc,age      ] GC(306) - age   3:       9672 bytes,    1770960 total
[2024-01-22T01:35:55.720+0000][7][gc,age      ] GC(306) - age   4:       3008 bytes,    1773968 total
[2024-01-22T01:35:55.720+0000][7][gc,age      ] GC(306) - age   5:       2128 bytes,    1776096 total
[2024-01-22T01:35:55.720+0000][7][gc,age      ] GC(306) - age   6:       3928 bytes,    1780024 total
[2024-01-22T01:35:55.720+0000][7][gc,age      ] GC(306) - age   7:       8048 bytes,    1788072 total
[2024-01-22T01:35:55.720+0000][7][gc,age      ] GC(306) - age   8:        184 bytes,    1788256 total
[2024-01-22T01:35:55.720+0000][7][gc,age      ] GC(306) - age   9:      93704 bytes,    1881960 total
[2024-01-22T01:35:55.720+0000][7][gc,age      ] GC(306) - age  10:         32 bytes,    1881992 total
[2024-01-22T01:35:55.720+0000][7][gc,age      ] GC(306) - age  11:        520 bytes,    1882512 total
[2024-01-22T01:35:55.720+0000][7][gc,age      ] GC(306) - age  12:      69056 bytes,    1951568 total
[2024-01-22T01:35:55.720+0000][7][gc,age      ] GC(306) - age  14:     725320 bytes,    2676888 total
[2024-01-22T01:35:55.720+0000][7][gc,age      ] GC(306) - age  15:       9008 bytes,    2685896 total
[2024-01-22T01:35:55.720+0000][7][gc,heap     ] GC(306) Eden regions: 152->0(152)
[2024-01-22T01:35:55.720+0000][7][gc,heap     ] GC(306) Survivor regions: 1->1(20)
[2024-01-22T01:35:55.720+0000][7][gc,heap     ] GC(306) Old regions: 34->34
[2024-01-22T01:35:55.720+0000][7][gc,heap     ] GC(306) Archive regions: 2->2
[2024-01-22T01:35:55.720+0000][7][gc,heap     ] GC(306) Humongous regions: 0->0
[2024-01-22T01:35:55.720+0000][7][gc,metaspace] GC(306) Metaspace: 130967K(134656K)->130967K(134656K) NonClass: 113903K(115840K)->113903K(115840K) Class: 17064K(18816K)->17064K(18816K)
[2024-01-22T01:35:55.720+0000][7][gc          ] GC(306) Pause Young (Normal) (G1 Evacuation Pause) 748M->141M(1024M) 3.682ms
[2024-01-22T01:35:55.720+0000][7][gc,cpu      ] GC(306) User=0.02s Sys=0.00s Real=0.00s
[2024-01-22T01:35:55.720+0000][7][safepoint   ] Safepoint "G1CollectForAllocation", Time since last: 148442613200 ns, Reaching safepoint: 47488 ns, At safepoint: 3791151 ns, Total: 3838639 ns
[2024-01-22T01:36:43.726+0000][7][safepoint   ] Safepoint "Cleanup", Time since last: 48006150261 ns, Reaching safepoint: 77394 ns, At safepoint: 8821 ns, Total: 86215 ns
[2024-01-22T01:38:20.143+0000][7][gc,start    ] GC(307) Pause Young (Normal) (G1 Evacuation Pause)
[2024-01-22T01:38:20.143+0000][7][gc,task     ] GC(307) Using 8 workers of 8 for evacuation
[2024-01-22T01:38:20.143+0000][7][gc,age      ] GC(307) Desired survivor size 41943040 bytes, new threshold 15 (max threshold 15)
[2024-01-22T01:38:20.146+0000][7][gc,phases   ] GC(307)   Pre Evacuate Collection Set: 0.1ms
[2024-01-22T01:38:20.146+0000][7][gc,phases   ] GC(307)   Merge Heap Roots: 0.1ms
[2024-01-22T01:38:20.147+0000][7][gc,phases   ] GC(307)   Evacuate Collection Set: 2.3ms
[2024-01-22T01:38:20.147+0000][7][gc,phases   ] GC(307)   Post Evacuate Collection Set: 0.8ms
[2024-01-22T01:38:20.147+0000][7][gc,phases   ] GC(307)   Other: 0.1ms
[2024-01-22T01:38:20.147+0000][7][gc,age      ] GC(307) Age table with threshold 15 (max threshold 15)
[2024-01-22T01:38:20.147+0000][7][gc,age      ] GC(307) - age   1:    1345128 bytes,    1345128 total
[2024-01-22T01:38:20.147+0000][7][gc,age      ] GC(307) - age   2:      23056 bytes,    1368184 total
[2024-01-22T01:38:20.147+0000][7][gc,age      ] GC(307) - age   3:       2288 bytes,    1370472 total
[2024-01-22T01:38:20.147+0000][7][gc,age      ] GC(307) - age   4:       9192 bytes,    1379664 total
[2024-01-22T01:38:20.147+0000][7][gc,age      ] GC(307) - age   5:        704 bytes,    1380368 total
[2024-01-22T01:38:20.147+0000][7][gc,age      ] GC(307) - age   6:       2128 bytes,    1382496 total
[2024-01-22T01:38:20.147+0000][7][gc,age      ] GC(307) - age   7:       3536 bytes,    1386032 total
[2024-01-22T01:38:20.147+0000][7][gc,age      ] GC(307) - age   8:       8048 bytes,    1394080 total
[2024-01-22T01:38:20.147+0000][7][gc,age      ] GC(307) - age   9:        184 bytes,    1394264 total
[2024-01-22T01:38:20.147+0000][7][gc,age      ] GC(307) - age  10:      93600 bytes,    1487864 total
[2024-01-22T01:38:20.147+0000][7][gc,age      ] GC(307) - age  11:         32 bytes,    1487896 total
[2024-01-22T01:38:20.147+0000][7][gc,age      ] GC(307) - age  12:        520 bytes,    1488416 total
[2024-01-22T01:38:20.147+0000][7][gc,age      ] GC(307) - age  13:      69056 bytes,    1557472 total
[2024-01-22T01:38:20.147+0000][7][gc,age      ] GC(307) - age  15:     725320 bytes,    2282792 total
[2024-01-22T01:38:20.147+0000][7][gc,heap     ] GC(307) Eden regions: 152->0(152)
[2024-01-22T01:38:20.147+0000][7][gc,heap     ] GC(307) Survivor regions: 1->1(20)
[2024-01-22T01:38:20.147+0000][7][gc,heap     ] GC(307) Old regions: 34->34
[2024-01-22T01:38:20.147+0000][7][gc,heap     ] GC(307) Archive regions: 2->2
[2024-01-22T01:38:20.147+0000][7][gc,heap     ] GC(307) Humongous regions: 0->0
[2024-01-22T01:38:20.147+0000][7][gc,metaspace] GC(307) Metaspace: 130967K(134656K)->130967K(134656K) NonClass: 113903K(115840K)->113903K(115840K) Class: 17064K(18816K)->17064K(18816K)
[2024-01-22T01:38:20.147+0000][7][gc          ] GC(307) Pause Young (Normal) (G1 Evacuation Pause) 749M->140M(1024M) 3.830ms
[2024-01-22T01:38:20.147+0000][7][gc,cpu      ] GC(307) User=0.02s Sys=0.00s Real=0.01s
[2024-01-22T01:38:20.147+0000][7][safepoint   ] Safepoint "G1CollectForAllocation", Time since last: 96416827438 ns, Reaching safepoint: 50117 ns, At safepoint: 3938744 ns, Total: 3988861 ns
[2024-01-22T01:40:43.165+0000][7][gc,start    ] GC(308) Pause Young (Normal) (G1 Evacuation Pause)
[2024-01-22T01:40:43.165+0000][7][gc,task     ] GC(308) Using 8 workers of 8 for evacuation
[2024-01-22T01:40:43.165+0000][7][gc,age      ] GC(308) Desired survivor size 41943040 bytes, new threshold 15 (max threshold 15)
[2024-01-22T01:40:43.168+0000][7][gc,phases   ] GC(308)   Pre Evacuate Collection Set: 0.1ms
[2024-01-22T01:40:43.168+0000][7][gc,phases   ] GC(308)   Merge Heap Roots: 0.1ms
[2024-01-22T01:40:43.168+0000][7][gc,phases   ] GC(308)   Evacuate Collection Set: 2.2ms
[2024-01-22T01:40:43.168+0000][7][gc,phases   ] GC(308)   Post Evacuate Collection Set: 0.8ms
[2024-01-22T01:40:43.168+0000][7][gc,phases   ] GC(308)   Other: 0.1ms
[2024-01-22T01:40:43.168+0000][7][gc,age      ] GC(308) Age table with threshold 15 (max threshold 15)
[2024-01-22T01:40:43.168+0000][7][gc,age      ] GC(308) - age   1:    1604760 bytes,    1604760 total
[2024-01-22T01:40:43.168+0000][7][gc,age      ] GC(308) - age   2:     189272 bytes,    1794032 total
[2024-01-22T01:40:43.168+0000][7][gc,age      ] GC(308) - age   3:      18448 bytes,    1812480 total
[2024-01-22T01:40:43.168+0000][7][gc,age      ] GC(308) - age   4:       2128 bytes,    1814608 total
[2024-01-22T01:40:43.168+0000][7][gc,age      ] GC(308) - age   5:       1176 bytes,    1815784 total
[2024-01-22T01:40:43.168+0000][7][gc,age      ] GC(308) - age   6:        384 bytes,    1816168 total
[2024-01-22T01:40:43.168+0000][7][gc,age      ] GC(308) - age   7:       2064 bytes,    1818232 total
[2024-01-22T01:40:43.168+0000][7][gc,age      ] GC(308) - age   8:       3536 bytes,    1821768 total
[2024-01-22T01:40:43.168+0000][7][gc,age      ] GC(308) - age   9:       8048 bytes,    1829816 total
[2024-01-22T01:40:43.168+0000][7][gc,age      ] GC(308) - age  10:        184 bytes,    1830000 total
[2024-01-22T01:40:43.168+0000][7][gc,age      ] GC(308) - age  11:      93600 bytes,    1923600 total
[2024-01-22T01:40:43.168+0000][7][gc,age      ] GC(308) - age  12:         32 bytes,    1923632 total
[2024-01-22T01:40:43.168+0000][7][gc,age      ] GC(308) - age  13:        520 bytes,    1924152 total
[2024-01-22T01:40:43.168+0000][7][gc,age      ] GC(308) - age  14:      69056 bytes,    1993208 total
[2024-01-22T01:40:43.168+0000][7][gc,heap     ] GC(308) Eden regions: 152->0(152)
[2024-01-22T01:40:43.168+0000][7][gc,heap     ] GC(308) Survivor regions: 1->1(20)
[2024-01-22T01:40:43.168+0000][7][gc,heap     ] GC(308) Old regions: 34->34
[2024-01-22T01:40:43.168+0000][7][gc,heap     ] GC(308) Archive regions: 2->2
[2024-01-22T01:40:43.168+0000][7][gc,heap     ] GC(308) Humongous regions: 0->0
[2024-01-22T01:40:43.168+0000][7][gc,metaspace] GC(308) Metaspace: 130967K(134656K)->130967K(134656K) NonClass: 113903K(115840K)->113903K(115840K) Class: 17064K(18816K)->17064K(18816K)
[2024-01-22T01:40:43.168+0000][7][gc          ] GC(308) Pause Young (Normal) (G1 Evacuation Pause) 748M->141M(1024M) 3.595ms
[2024-01-22T01:40:43.168+0000][7][gc,cpu      ] GC(308) User=0.01s Sys=0.01s Real=0.00s
[2024-01-22T01:40:43.168+0000][7][safepoint   ] Safepoint "G1CollectForAllocation", Time since last: 143017701115 ns, Reaching safepoint: 44121 ns, At safepoint: 3682314 ns, Total: 3726435 ns
[2024-01-22T01:43:01.177+0000][7][gc,start    ] GC(309) Pause Young (Normal) (G1 Evacuation Pause)
[2024-01-22T01:43:01.177+0000][7][gc,task     ] GC(309) Using 8 workers of 8 for evacuation
[2024-01-22T01:43:01.177+0000][7][gc,age      ] GC(309) Desired survivor size 41943040 bytes, new threshold 15 (max threshold 15)
[2024-01-22T01:43:01.179+0000][7][gc,phases   ] GC(309)   Pre Evacuate Collection Set: 0.1ms
[2024-01-22T01:43:01.179+0000][7][gc,phases   ] GC(309)   Merge Heap Roots: 0.0ms
[2024-01-22T01:43:01.179+0000][7][gc,phases   ] GC(309)   Evacuate Collection Set: 1.1ms
[2024-01-22T01:43:01.179+0000][7][gc,phases   ] GC(309)   Post Evacuate Collection Set: 0.5ms
[2024-01-22T01:43:01.179+0000][7][gc,phases   ] GC(309)   Other: 0.1ms
[2024-01-22T01:43:01.179+0000][7][gc,age      ] GC(309) Age table with threshold 15 (max threshold 15)
[2024-01-22T01:43:01.179+0000][7][gc,age      ] GC(309) - age   1:    1460256 bytes,    1460256 total
[2024-01-22T01:43:01.179+0000][7][gc,age      ] GC(309) - age   2:     133696 bytes,    1593952 total
[2024-01-22T01:43:01.179+0000][7][gc,age      ] GC(309) - age   3:     187544 bytes,    1781496 total
[2024-01-22T01:43:01.179+0000][7][gc,age      ] GC(309) - age   4:      18384 bytes,    1799880 total
[2024-01-22T01:43:01.179+0000][7][gc,age      ] GC(309) - age   5:       1360 bytes,    1801240 total
[2024-01-22T01:43:01.179+0000][7][gc,age      ] GC(309) - age   6:       1176 bytes,    1802416 total
[2024-01-22T01:43:01.179+0000][7][gc,age      ] GC(309) - age   7:        384 bytes,    1802800 total
[2024-01-22T01:43:01.179+0000][7][gc,age      ] GC(309) - age   8:       2064 bytes,    1804864 total
[2024-01-22T01:43:01.179+0000][7][gc,age      ] GC(309) - age   9:       3536 bytes,    1808400 total
[2024-01-22T01:43:01.179+0000][7][gc,age      ] GC(309) - age  10:       8048 bytes,    1816448 total
[2024-01-22T01:43:01.179+0000][7][gc,age      ] GC(309) - age  11:        184 bytes,    1816632 total
[2024-01-22T01:43:01.179+0000][7][gc,age      ] GC(309) - age  12:      93600 bytes,    1910232 total
[2024-01-22T01:43:01.179+0000][7][gc,age      ] GC(309) - age  13:         32 bytes,    1910264 total
[2024-01-22T01:43:01.179+0000][7][gc,age      ] GC(309) - age  14:        520 bytes,    1910784 total
[2024-01-22T01:43:01.179+0000][7][gc,age      ] GC(309) - age  15:      69056 bytes,    1979840 total
[2024-01-22T01:43:01.179+0000][7][gc,heap     ] GC(309) Eden regions: 152->0(152)
[2024-01-22T01:43:01.179+0000][7][gc,heap     ] GC(309) Survivor regions: 1->1(20)
[2024-01-22T01:43:01.179+0000][7][gc,heap     ] GC(309) Old regions: 34->34
[2024-01-22T01:43:01.179+0000][7][gc,heap     ] GC(309) Archive regions: 2->2
[2024-01-22T01:43:01.179+0000][7][gc,heap     ] GC(309) Humongous regions: 0->0
[2024-01-22T01:43:01.179+0000][7][gc,metaspace] GC(309) Metaspace: 130967K(134656K)->130967K(134656K) NonClass: 113903K(115840K)->113903K(115840K) Class: 17064K(18816K)->17064K(18816K)
[2024-01-22T01:43:01.179+0000][7][gc          ] GC(309) Pause Young (Normal) (G1 Evacuation Pause) 749M->141M(1024M) 2.007ms
[2024-01-22T01:43:01.179+0000][7][gc,cpu      ] GC(309) User=0.01s Sys=0.00s Real=0.00s
[2024-01-22T01:43:01.179+0000][7][safepoint   ] Safepoint "G1CollectForAllocation", Time since last: 138008382407 ns, Reaching safepoint: 27791 ns, At safepoint: 2071082 ns, Total: 2098873 ns
[2024-01-22T01:45:13.185+0000][7][gc,start    ] GC(310) Pause Young (Normal) (G1 Evacuation Pause)
[2024-01-22T01:45:13.185+0000][7][gc,task     ] GC(310) Using 8 workers of 8 for evacuation
[2024-01-22T01:45:13.185+0000][7][gc,age      ] GC(310) Desired survivor size 41943040 bytes, new threshold 15 (max threshold 15)
[2024-01-22T01:45:13.188+0000][7][gc,phases   ] GC(310)   Pre Evacuate Collection Set: 0.1ms
[2024-01-22T01:45:13.188+0000][7][gc,phases   ] GC(310)   Merge Heap Roots: 0.1ms
[2024-01-22T01:45:13.188+0000][7][gc,phases   ] GC(310)   Evacuate Collection Set: 1.9ms
[2024-01-22T01:45:13.188+0000][7][gc,phases   ] GC(310)   Post Evacuate Collection Set: 0.9ms
[2024-01-22T01:45:13.188+0000][7][gc,phases   ] GC(310)   Other: 0.1ms
[2024-01-22T01:45:13.188+0000][7][gc,age      ] GC(310) Age table with threshold 15 (max threshold 15)
[2024-01-22T01:45:13.188+0000][7][gc,age      ] GC(310) - age   1:    1819712 bytes,    1819712 total
[2024-01-22T01:45:13.188+0000][7][gc,age      ] GC(310) - age   2:       4368 bytes,    1824080 total
[2024-01-22T01:45:13.188+0000][7][gc,age      ] GC(310) - age   3:       8912 bytes,    1832992 total
[2024-01-22T01:45:13.188+0000][7][gc,age      ] GC(310) - age   4:     106416 bytes,    1939408 total
[2024-01-22T01:45:13.188+0000][7][gc,age      ] GC(310) - age   5:      17424 bytes,    1956832 total
[2024-01-22T01:45:13.188+0000][7][gc,age      ] GC(310) - age   6:       1360 bytes,    1958192 total
[2024-01-22T01:45:13.188+0000][7][gc,age      ] GC(310) - age   7:       1176 bytes,    1959368 total
[2024-01-22T01:45:13.188+0000][7][gc,age      ] GC(310) - age   8:        384 bytes,    1959752 total
[2024-01-22T01:45:13.188+0000][7][gc,age      ] GC(310) - age   9:       2032 bytes,    1961784 total
[2024-01-22T01:45:13.188+0000][7][gc,age      ] GC(310) - age  10:       3536 bytes,    1965320 total
[2024-01-22T01:45:13.188+0000][7][gc,age      ] GC(310) - age  11:         32 bytes,    1965352 total
[2024-01-22T01:45:13.188+0000][7][gc,age      ] GC(310) - age  12:        184 bytes,    1965536 total
[2024-01-22T01:45:13.188+0000][7][gc,age      ] GC(310) - age  13:      93216 bytes,    2058752 total
[2024-01-22T01:45:13.188+0000][7][gc,age      ] GC(310) - age  15:        520 bytes,    2059272 total
[2024-01-22T01:45:13.188+0000][7][gc,heap     ] GC(310) Eden regions: 152->0(152)
[2024-01-22T01:45:13.188+0000][7][gc,heap     ] GC(310) Survivor regions: 1->1(20)
[2024-01-22T01:45:13.188+0000][7][gc,heap     ] GC(310) Old regions: 34->34
[2024-01-22T01:45:13.188+0000][7][gc,heap     ] GC(310) Archive regions: 2->2
[2024-01-22T01:45:13.188+0000][7][gc,heap     ] GC(310) Humongous regions: 0->0
[2024-01-22T01:45:13.188+0000][7][gc,metaspace] GC(310) Metaspace: 130977K(134656K)->130977K(134656K) NonClass: 113913K(115840K)->113913K(115840K) Class: 17064K(18816K)->17064K(18816K)
[2024-01-22T01:45:13.188+0000][7][gc          ] GC(310) Pause Young (Normal) (G1 Evacuation Pause) 749M->141M(1024M) 3.424ms
[2024-01-22T01:45:13.188+0000][7][gc,cpu      ] GC(310) User=0.02s Sys=0.00s Real=0.00s
[2024-01-22T01:45:13.188+0000][7][safepoint   ] Safepoint "G1CollectForAllocation", Time since last: 132006120255 ns, Reaching safepoint: 66602 ns, At safepoint: 3532770 ns, Total: 3599372 ns
[2024-01-22T01:47:59.826+0000][7][gc,start    ] GC(311) Pause Young (Normal) (G1 Evacuation Pause)
[2024-01-22T01:47:59.826+0000][7][gc,task     ] GC(311) Using 8 workers of 8 for evacuation
[2024-01-22T01:47:59.826+0000][7][gc,age      ] GC(311) Desired survivor size 41943040 bytes, new threshold 15 (max threshold 15)
[2024-01-22T01:47:59.829+0000][7][gc,phases   ] GC(311)   Pre Evacuate Collection Set: 0.1ms
[2024-01-22T01:47:59.829+0000][7][gc,phases   ] GC(311)   Merge Heap Roots: 0.1ms
[2024-01-22T01:47:59.829+0000][7][gc,phases   ] GC(311)   Evacuate Collection Set: 1.2ms
[2024-01-22T01:47:59.829+0000][7][gc,phases   ] GC(311)   Post Evacuate Collection Set: 0.9ms
[2024-01-22T01:47:59.829+0000][7][gc,phases   ] GC(311)   Other: 0.1ms
[2024-01-22T01:47:59.829+0000][7][gc,age      ] GC(311) Age table with threshold 15 (max threshold 15)
[2024-01-22T01:47:59.829+0000][7][gc,age      ] GC(311) - age   1:     413880 bytes,     413880 total
[2024-01-22T01:47:59.829+0000][7][gc,age      ] GC(311) - age   2:     331736 bytes,     745616 total
[2024-01-22T01:47:59.829+0000][7][gc,age      ] GC(311) - age   3:       1936 bytes,     747552 total
[2024-01-22T01:47:59.829+0000][7][gc,age      ] GC(311) - age   4:       8336 bytes,     755888 total
[2024-01-22T01:47:59.829+0000][7][gc,age      ] GC(311) - age   5:     103864 bytes,     859752 total
[2024-01-22T01:47:59.829+0000][7][gc,age      ] GC(311) - age   6:      17424 bytes,     877176 total
[2024-01-22T01:47:59.829+0000][7][gc,age      ] GC(311) - age   7:       1360 bytes,     878536 total
[2024-01-22T01:47:59.829+0000][7][gc,age      ] GC(311) - age   8:       1176 bytes,     879712 total
[2024-01-22T01:47:59.829+0000][7][gc,age      ] GC(311) - age  10:       2032 bytes,     881744 total
[2024-01-22T01:47:59.829+0000][7][gc,age      ] GC(311) - age  11:       3536 bytes,     885280 total
[2024-01-22T01:47:59.829+0000][7][gc,age      ] GC(311) - age  12:         32 bytes,     885312 total
[2024-01-22T01:47:59.829+0000][7][gc,age      ] GC(311) - age  13:        184 bytes,     885496 total
[2024-01-22T01:47:59.829+0000][7][gc,age      ] GC(311) - age  14:      93216 bytes,     978712 total
[2024-01-22T01:47:59.829+0000][7][gc,heap     ] GC(311) Eden regions: 152->0(152)
[2024-01-22T01:47:59.829+0000][7][gc,heap     ] GC(311) Survivor regions: 1->1(20)
[2024-01-22T01:47:59.829+0000][7][gc,heap     ] GC(311) Old regions: 34->34
[2024-01-22T01:47:59.829+0000][7][gc,heap     ] GC(311) Archive regions: 2->2
[2024-01-22T01:47:59.829+0000][7][gc,heap     ] GC(311) Humongous regions: 0->0
[2024-01-22T01:47:59.829+0000][7][gc,metaspace] GC(311) Metaspace: 130977K(134656K)->130977K(134656K) NonClass: 113913K(115840K)->113913K(115840K) Class: 17064K(18816K)->17064K(18816K)
[2024-01-22T01:47:59.829+0000][7][gc          ] GC(311) Pause Young (Normal) (G1 Evacuation Pause) 749M->140M(1024M) 2.771ms
[2024-01-22T01:47:59.829+0000][7][gc,cpu      ] GC(311) User=0.00s Sys=0.02s Real=0.00s
[2024-01-22T01:47:59.829+0000][7][safepoint   ] Safepoint "G1CollectForAllocation", Time since last: 166637518936 ns, Reaching safepoint: 55751 ns, At safepoint: 2872890 ns, Total: 2928641 ns
[2024-01-22T01:51:01.427+0000][7][gc,start    ] GC(312) Pause Young (Normal) (G1 Evacuation Pause)
[2024-01-22T01:51:01.427+0000][7][gc,task     ] GC(312) Using 8 workers of 8 for evacuation
[2024-01-22T01:51:01.427+0000][7][gc,age      ] GC(312) Desired survivor size 41943040 bytes, new threshold 15 (max threshold 15)
[2024-01-22T01:51:01.429+0000][7][gc,phases   ] GC(312)   Pre Evacuate Collection Set: 0.1ms
[2024-01-22T01:51:01.429+0000][7][gc,phases   ] GC(312)   Merge Heap Roots: 0.1ms
[2024-01-22T01:51:01.429+0000][7][gc,phases   ] GC(312)   Evacuate Collection Set: 1.3ms
[2024-01-22T01:51:01.429+0000][7][gc,phases   ] GC(312)   Post Evacuate Collection Set: 0.8ms
[2024-01-22T01:51:01.429+0000][7][gc,phases   ] GC(312)   Other: 0.1ms
[2024-01-22T01:51:01.429+0000][7][gc,age      ] GC(312) Age table with threshold 15 (max threshold 15)
[2024-01-22T01:51:01.429+0000][7][gc,age      ] GC(312) - age   1:     748544 bytes,     748544 total
[2024-01-22T01:51:01.429+0000][7][gc,age      ] GC(312) - age   2:      83096 bytes,     831640 total
[2024-01-22T01:51:01.429+0000][7][gc,age      ] GC(312) - age   3:     321152 bytes,    1152792 total
[2024-01-22T01:51:01.429+0000][7][gc,age      ] GC(312) - age   4:        536 bytes,    1153328 total
[2024-01-22T01:51:01.429+0000][7][gc,age      ] GC(312) - age   5:       8272 bytes,    1161600 total
[2024-01-22T01:51:01.429+0000][7][gc,age      ] GC(312) - age   6:     103568 bytes,    1265168 total
[2024-01-22T01:51:01.429+0000][7][gc,age      ] GC(312) - age   7:       1272 bytes,    1266440 total
[2024-01-22T01:51:01.429+0000][7][gc,age      ] GC(312) - age   8:       1360 bytes,    1267800 total
[2024-01-22T01:51:01.429+0000][7][gc,age      ] GC(312) - age   9:       1176 bytes,    1268976 total
[2024-01-22T01:51:01.429+0000][7][gc,age      ] GC(312) - age  11:       1848 bytes,    1270824 total
[2024-01-22T01:51:01.429+0000][7][gc,age      ] GC(312) - age  12:       3536 bytes,    1274360 total
[2024-01-22T01:51:01.429+0000][7][gc,age      ] GC(312) - age  13:         32 bytes,    1274392 total
[2024-01-22T01:51:01.429+0000][7][gc,age      ] GC(312) - age  14:        184 bytes,    1274576 total
[2024-01-22T01:51:01.429+0000][7][gc,age      ] GC(312) - age  15:      93216 bytes,    1367792 total
[2024-01-22T01:51:01.429+0000][7][gc,heap     ] GC(312) Eden regions: 152->0(152)
[2024-01-22T01:51:01.429+0000][7][gc,heap     ] GC(312) Survivor regions: 1->1(20)
[2024-01-22T01:51:01.430+0000][7][gc,heap     ] GC(312) Old regions: 34->34
[2024-01-22T01:51:01.430+0000][7][gc,heap     ] GC(312) Archive regions: 2->2
[2024-01-22T01:51:01.430+0000][7][gc,heap     ] GC(312) Humongous regions: 0->0
[2024-01-22T01:51:01.430+0000][7][gc,metaspace] GC(312) Metaspace: 130977K(134656K)->130977K(134656K) NonClass: 113913K(115840K)->113913K(115840K) Class: 17064K(18816K)->17064K(18816K)
[2024-01-22T01:51:01.430+0000][7][gc          ] GC(312) Pause Young (Normal) (G1 Evacuation Pause) 748M->140M(1024M) 2.819ms
[2024-01-22T01:51:01.430+0000][7][gc,cpu      ] GC(312) User=0.01s Sys=0.00s Real=0.00s
[2024-01-22T01:51:01.430+0000][7][safepoint   ] Safepoint "G1CollectForAllocation", Time since last: 181597782977 ns, Reaching safepoint: 58071 ns, At safepoint: 2918502 ns, Total: 2976573 ns
[2024-01-22T01:51:37.433+0000][7][safepoint   ] Safepoint "Cleanup", Time since last: 36003627961 ns, Reaching safepoint: 72869 ns, At safepoint: 5918 ns, Total: 78787 ns
[2024-01-22T01:54:01.221+0000][7][gc,start    ] GC(313) Pause Young (Normal) (G1 Evacuation Pause)
[2024-01-22T01:54:01.221+0000][7][gc,task     ] GC(313) Using 8 workers of 8 for evacuation
[2024-01-22T01:54:01.221+0000][7][gc,age      ] GC(313) Desired survivor size 41943040 bytes, new threshold 15 (max threshold 15)
[2024-01-22T01:54:01.224+0000][7][gc,phases   ] GC(313)   Pre Evacuate Collection Set: 0.1ms
[2024-01-22T01:54:01.224+0000][7][gc,phases   ] GC(313)   Merge Heap Roots: 0.1ms
[2024-01-22T01:54:01.224+0000][7][gc,phases   ] GC(313)   Evacuate Collection Set: 1.8ms
[2024-01-22T01:54:01.224+0000][7][gc,phases   ] GC(313)   Post Evacuate Collection Set: 0.8ms
[2024-01-22T01:54:01.224+0000][7][gc,phases   ] GC(313)   Other: 0.1ms
[2024-01-22T01:54:01.224+0000][7][gc,age      ] GC(313) Age table with threshold 15 (max threshold 15)
[2024-01-22T01:54:01.224+0000][7][gc,age      ] GC(313) - age   1:    1230352 bytes,    1230352 total
[2024-01-22T01:54:01.224+0000][7][gc,age      ] GC(313) - age   2:      11520 bytes,    1241872 total
[2024-01-22T01:54:01.224+0000][7][gc,age      ] GC(313) - age   3:      81440 bytes,    1323312 total
[2024-01-22T01:54:01.224+0000][7][gc,age      ] GC(313) - age   4:     320376 bytes,    1643688 total
[2024-01-22T01:54:01.224+0000][7][gc,age      ] GC(313) - age   5:        240 bytes,    1643928 total
[2024-01-22T01:54:01.224+0000][7][gc,age      ] GC(313) - age   6:       8272 bytes,    1652200 total
[2024-01-22T01:54:01.224+0000][7][gc,age      ] GC(313) - age   7:     103176 bytes,    1755376 total
[2024-01-22T01:54:01.224+0000][7][gc,age      ] GC(313) - age   8:       1240 bytes,    1756616 total
[2024-01-22T01:54:01.224+0000][7][gc,age      ] GC(313) - age   9:       1176 bytes,    1757792 total
[2024-01-22T01:54:01.224+0000][7][gc,age      ] GC(313) - age  10:       1176 bytes,    1758968 total
[2024-01-22T01:54:01.224+0000][7][gc,age      ] GC(313) - age  12:       1848 bytes,    1760816 total
[2024-01-22T01:54:01.224+0000][7][gc,age      ] GC(313) - age  13:       3536 bytes,    1764352 total
[2024-01-22T01:54:01.224+0000][7][gc,age      ] GC(313) - age  14:         32 bytes,    1764384 total
[2024-01-22T01:54:01.224+0000][7][gc,age      ] GC(313) - age  15:        184 bytes,    1764568 total
[2024-01-22T01:54:01.224+0000][7][gc,heap     ] GC(313) Eden regions: 152->0(152)
[2024-01-22T01:54:01.224+0000][7][gc,heap     ] GC(313) Survivor regions: 1->1(20)
[2024-01-22T01:54:01.224+0000][7][gc,heap     ] GC(313) Old regions: 34->34
[2024-01-22T01:54:01.224+0000][7][gc,heap     ] GC(313) Archive regions: 2->2
[2024-01-22T01:54:01.224+0000][7][gc,heap     ] GC(313) Humongous regions: 0->0
[2024-01-22T01:54:01.224+0000][7][gc,metaspace] GC(313) Metaspace: 130977K(134656K)->130977K(134656K) NonClass: 113913K(115840K)->113913K(115840K) Class: 17064K(18816K)->17064K(18816K)
[2024-01-22T01:54:01.224+0000][7][gc          ] GC(313) Pause Young (Normal) (G1 Evacuation Pause) 748M->140M(1024M) 3.202ms
[2024-01-22T01:54:01.224+0000][7][gc,cpu      ] GC(313) User=0.02s Sys=0.00s Real=0.01s
[2024-01-22T01:54:01.224+0000][7][safepoint   ] Safepoint "G1CollectForAllocation", Time since last: 143787779567 ns, Reaching safepoint: 66406 ns, At safepoint: 3300739 ns, Total: 3367145 ns
[2024-01-22T01:56:19.265+0000][7][gc,start    ] GC(314) Pause Young (Normal) (G1 Evacuation Pause)
[2024-01-22T01:56:19.265+0000][7][gc,task     ] GC(314) Using 8 workers of 8 for evacuation
[2024-01-22T01:56:19.265+0000][7][gc,age      ] GC(314) Desired survivor size 41943040 bytes, new threshold 15 (max threshold 15)
[2024-01-22T01:56:19.268+0000][7][gc,phases   ] GC(314)   Pre Evacuate Collection Set: 0.1ms
[2024-01-22T01:56:19.268+0000][7][gc,phases   ] GC(314)   Merge Heap Roots: 0.1ms
[2024-01-22T01:56:19.268+0000][7][gc,phases   ] GC(314)   Evacuate Collection Set: 1.9ms
[2024-01-22T01:56:19.268+0000][7][gc,phases   ] GC(314)   Post Evacuate Collection Set: 1.0ms
[2024-01-22T01:56:19.268+0000][7][gc,phases   ] GC(314)   Other: 0.1ms
[2024-01-22T01:56:19.269+0000][7][gc,age      ] GC(314) Age table with threshold 15 (max threshold 15)
[2024-01-22T01:56:19.269+0000][7][gc,age      ] GC(314) - age   1:    1359456 bytes,    1359456 total
[2024-01-22T01:56:19.269+0000][7][gc,age      ] GC(314) - age   2:       4520 bytes,    1363976 total
[2024-01-22T01:56:19.269+0000][7][gc,age      ] GC(314) - age   3:      10552 bytes,    1374528 total
[2024-01-22T01:56:19.269+0000][7][gc,age      ] GC(314) - age   4:      81136 bytes,    1455664 total
[2024-01-22T01:56:19.269+0000][7][gc,age      ] GC(314) - age   5:     320376 bytes,    1776040 total
[2024-01-22T01:56:19.269+0000][7][gc,age      ] GC(314) - age   6:        240 bytes,    1776280 total
[2024-01-22T01:56:19.269+0000][7][gc,age      ] GC(314) - age   7:       8272 bytes,    1784552 total
[2024-01-22T01:56:19.269+0000][7][gc,age      ] GC(314) - age   8:     103176 bytes,    1887728 total
[2024-01-22T01:56:19.269+0000][7][gc,age      ] GC(314) - age   9:       1240 bytes,    1888968 total
[2024-01-22T01:56:19.269+0000][7][gc,age      ] GC(314) - age  10:       1176 bytes,    1890144 total
[2024-01-22T01:56:19.269+0000][7][gc,age      ] GC(314) - age  11:       1176 bytes,    1891320 total
[2024-01-22T01:56:19.269+0000][7][gc,age      ] GC(314) - age  13:       1848 bytes,    1893168 total
[2024-01-22T01:56:19.269+0000][7][gc,age      ] GC(314) - age  14:       3536 bytes,    1896704 total
[2024-01-22T01:56:19.269+0000][7][gc,age      ] GC(314) - age  15:         32 bytes,    1896736 total
[2024-01-22T01:56:19.269+0000][7][gc,heap     ] GC(314) Eden regions: 152->0(152)
[2024-01-22T01:56:19.269+0000][7][gc,heap     ] GC(314) Survivor regions: 1->1(20)
[2024-01-22T01:56:19.269+0000][7][gc,heap     ] GC(314) Old regions: 34->34
[2024-01-22T01:56:19.269+0000][7][gc,heap     ] GC(314) Archive regions: 2->2
[2024-01-22T01:56:19.269+0000][7][gc,heap     ] GC(314) Humongous regions: 0->0
[2024-01-22T01:56:19.269+0000][7][gc,metaspace] GC(314) Metaspace: 130977K(134656K)->130977K(134656K) NonClass: 113913K(115840K)->113913K(115840K) Class: 17064K(18816K)->17064K(18816K)
[2024-01-22T01:56:19.269+0000][7][gc          ] GC(314) Pause Young (Normal) (G1 Evacuation Pause) 748M->141M(1024M) 3.659ms
[2024-01-22T01:56:19.269+0000][7][gc,cpu      ] GC(314) User=0.01s Sys=0.00s Real=0.00s
[2024-01-22T01:56:19.269+0000][7][safepoint   ] Safepoint "G1CollectForAllocation", Time since last: 138040435755 ns, Reaching safepoint: 132959 ns, At safepoint: 3771294 ns, Total: 3904253 ns
[2024-01-22T01:58:34.279+0000][7][gc,start    ] GC(315) Pause Young (Normal) (G1 Evacuation Pause)
[2024-01-22T01:58:34.279+0000][7][gc,task     ] GC(315) Using 8 workers of 8 for evacuation
[2024-01-22T01:58:34.279+0000][7][gc,age      ] GC(315) Desired survivor size 41943040 bytes, new threshold 15 (max threshold 15)
[2024-01-22T01:58:34.282+0000][7][gc,phases   ] GC(315)   Pre Evacuate Collection Set: 0.1ms
[2024-01-22T01:58:34.282+0000][7][gc,phases   ] GC(315)   Merge Heap Roots: 0.1ms
[2024-01-22T01:58:34.282+0000][7][gc,phases   ] GC(315)   Evacuate Collection Set: 1.4ms
[2024-01-22T01:58:34.282+0000][7][gc,phases   ] GC(315)   Post Evacuate Collection Set: 0.9ms
[2024-01-22T01:58:34.282+0000][7][gc,phases   ] GC(315)   Other: 0.2ms
[2024-01-22T01:58:34.282+0000][7][gc,age      ] GC(315) Age table with threshold 15 (max threshold 15)
[2024-01-22T01:58:34.282+0000][7][gc,age      ] GC(315) - age   1:    1456128 bytes,    1456128 total
[2024-01-22T01:58:34.282+0000][7][gc,age      ] GC(315) - age   2:      15384 bytes,    1471512 total
[2024-01-22T01:58:34.282+0000][7][gc,age      ] GC(315) - age   3:       2176 bytes,    1473688 total
[2024-01-22T01:58:34.282+0000][7][gc,age      ] GC(315) - age   4:       1520 bytes,    1475208 total
[2024-01-22T01:58:34.282+0000][7][gc,age      ] GC(315) - age   5:      78832 bytes,    1554040 total
[2024-01-22T01:58:34.282+0000][7][gc,age      ] GC(315) - age   6:     320376 bytes,    1874416 total
[2024-01-22T01:58:34.282+0000][7][gc,age      ] GC(315) - age   7:        240 bytes,    1874656 total
[2024-01-22T01:58:34.282+0000][7][gc,age      ] GC(315) - age   8:       8240 bytes,    1882896 total
[2024-01-22T01:58:34.282+0000][7][gc,age      ] GC(315) - age   9:     103176 bytes,    1986072 total
[2024-01-22T01:58:34.282+0000][7][gc,age      ] GC(315) - age  10:       1240 bytes,    1987312 total
[2024-01-22T01:58:34.282+0000][7][gc,age      ] GC(315) - age  11:       1176 bytes,    1988488 total
[2024-01-22T01:58:34.282+0000][7][gc,age      ] GC(315) - age  12:       1176 bytes,    1989664 total
[2024-01-22T01:58:34.282+0000][7][gc,age      ] GC(315) - age  14:       1848 bytes,    1991512 total
[2024-01-22T01:58:34.282+0000][7][gc,age      ] GC(315) - age  15:       3536 bytes,    1995048 total
[2024-01-22T01:58:34.282+0000][7][gc,heap     ] GC(315) Eden regions: 152->0(152)
[2024-01-22T01:58:34.282+0000][7][gc,heap     ] GC(315) Survivor regions: 1->1(20)
[2024-01-22T01:58:34.282+0000][7][gc,heap     ] GC(315) Old regions: 34->34
[2024-01-22T01:58:34.282+0000][7][gc,heap     ] GC(315) Archive regions: 2->2
[2024-01-22T01:58:34.282+0000][7][gc,heap     ] GC(315) Humongous regions: 0->0
[2024-01-22T01:58:34.282+0000][7][gc,metaspace] GC(315) Metaspace: 130977K(134656K)->130977K(134656K) NonClass: 113913K(115840K)->113913K(115840K) Class: 17064K(18816K)->17064K(18816K)
[2024-01-22T01:58:34.282+0000][7][gc          ] GC(315) Pause Young (Normal) (G1 Evacuation Pause) 749M->141M(1024M) 3.054ms
[2024-01-22T01:58:34.282+0000][7][gc,cpu      ] GC(315) User=0.02s Sys=0.00s Real=0.00s
[2024-01-22T01:58:34.282+0000][7][safepoint   ] Safepoint "G1CollectForAllocation", Time since last: 135009928260 ns, Reaching safepoint: 78829 ns, At safepoint: 3142500 ns, Total: 3221329 ns
[2024-01-22T02:01:02.163+0000][7][gc,start    ] GC(316) Pause Young (Normal) (G1 Evacuation Pause)
[2024-01-22T02:01:02.163+0000][7][gc,task     ] GC(316) Using 8 workers of 8 for evacuation
[2024-01-22T02:01:02.163+0000][7][gc,age      ] GC(316) Desired survivor size 41943040 bytes, new threshold 15 (max threshold 15)
[2024-01-22T02:01:02.166+0000][7][gc,phases   ] GC(316)   Pre Evacuate Collection Set: 0.1ms
[2024-01-22T02:01:02.166+0000][7][gc,phases   ] GC(316)   Merge Heap Roots: 0.1ms
[2024-01-22T02:01:02.166+0000][7][gc,phases   ] GC(316)   Evacuate Collection Set: 1.2ms
[2024-01-22T02:01:02.166+0000][7][gc,phases   ] GC(316)   Post Evacuate Collection Set: 0.8ms
[2024-01-22T02:01:02.166+0000][7][gc,phases   ] GC(316)   Other: 0.1ms
[2024-01-22T02:01:02.166+0000][7][gc,age      ] GC(316) Age table with threshold 15 (max threshold 15)
[2024-01-22T02:01:02.166+0000][7][gc,age      ] GC(316) - age   1:     884392 bytes,     884392 total
[2024-01-22T02:01:02.166+0000][7][gc,age      ] GC(316) - age   2:       4440 bytes,     888832 total
[2024-01-22T02:01:02.166+0000][7][gc,age      ] GC(316) - age   3:      13760 bytes,     902592 total
[2024-01-22T02:01:02.166+0000][7][gc,age      ] GC(316) - age   4:       1832 bytes,     904424 total
[2024-01-22T02:01:02.166+0000][7][gc,age      ] GC(316) - age   5:        752 bytes,     905176 total
[2024-01-22T02:01:02.166+0000][7][gc,age      ] GC(316) - age   6:      78832 bytes,     984008 total
[2024-01-22T02:01:02.166+0000][7][gc,age      ] GC(316) - age   7:     320192 bytes,    1304200 total
[2024-01-22T02:01:02.166+0000][7][gc,age      ] GC(316) - age   8:        240 bytes,    1304440 total
[2024-01-22T02:01:02.166+0000][7][gc,age      ] GC(316) - age   9:       8240 bytes,    1312680 total
[2024-01-22T02:01:02.166+0000][7][gc,age      ] GC(316) - age  10:     103176 bytes,    1415856 total
[2024-01-22T02:01:02.166+0000][7][gc,age      ] GC(316) - age  11:       1240 bytes,    1417096 total
[2024-01-22T02:01:02.166+0000][7][gc,age      ] GC(316) - age  12:       1176 bytes,    1418272 total
[2024-01-22T02:01:02.166+0000][7][gc,age      ] GC(316) - age  13:       1176 bytes,    1419448 total
[2024-01-22T02:01:02.166+0000][7][gc,age      ] GC(316) - age  15:       1848 bytes,    1421296 total
[2024-01-22T02:01:02.166+0000][7][gc,heap     ] GC(316) Eden regions: 152->0(152)
[2024-01-22T02:01:02.166+0000][7][gc,heap     ] GC(316) Survivor regions: 1->1(20)
[2024-01-22T02:01:02.166+0000][7][gc,heap     ] GC(316) Old regions: 34->34
[2024-01-22T02:01:02.166+0000][7][gc,heap     ] GC(316) Archive regions: 2->2
[2024-01-22T02:01:02.166+0000][7][gc,heap     ] GC(316) Humongous regions: 0->0
[2024-01-22T02:01:02.166+0000][7][gc,metaspace] GC(316) Metaspace: 130977K(134656K)->130977K(134656K) NonClass: 113913K(115840K)->113913K(115840K) Class: 17064K(18816K)->17064K(18816K)
[2024-01-22T02:01:02.166+0000][7][gc          ] GC(316) Pause Young (Normal) (G1 Evacuation Pause) 749M->140M(1024M) 2.720ms
[2024-01-22T02:01:02.166+0000][7][gc,cpu      ] GC(316) User=0.01s Sys=0.00s Real=0.01s
[2024-01-22T02:01:02.166+0000][7][safepoint   ] Safepoint "G1CollectForAllocation", Time since last: 147881131293 ns, Reaching safepoint: 70856 ns, At safepoint: 2812100 ns, Total: 2882956 ns
[2024-01-22T02:03:22.237+0000][7][gc,start    ] GC(317) Pause Young (Normal) (G1 Evacuation Pause)
[2024-01-22T02:03:22.237+0000][7][gc,task     ] GC(317) Using 8 workers of 8 for evacuation
[2024-01-22T02:03:22.237+0000][7][gc,age      ] GC(317) Desired survivor size 41943040 bytes, new threshold 15 (max threshold 15)
[2024-01-22T02:03:22.240+0000][7][gc,phases   ] GC(317)   Pre Evacuate Collection Set: 0.2ms
[2024-01-22T02:03:22.240+0000][7][gc,phases   ] GC(317)   Merge Heap Roots: 0.1ms
[2024-01-22T02:03:22.240+0000][7][gc,phases   ] GC(317)   Evacuate Collection Set: 1.5ms
[2024-01-22T02:03:22.240+0000][7][gc,phases   ] GC(317)   Post Evacuate Collection Set: 0.8ms
[2024-01-22T02:03:22.240+0000][7][gc,phases   ] GC(317)   Other: 0.1ms
[2024-01-22T02:03:22.240+0000][7][gc,age      ] GC(317) Age table with threshold 15 (max threshold 15)
[2024-01-22T02:03:22.240+0000][7][gc,age      ] GC(317) - age   1:    1125584 bytes,    1125584 total
[2024-01-22T02:03:22.240+0000][7][gc,age      ] GC(317) - age   2:      11688 bytes,    1137272 total
[2024-01-22T02:03:22.240+0000][7][gc,age      ] GC(317) - age   3:       2624 bytes,    1139896 total
[2024-01-22T02:03:22.240+0000][7][gc,age      ] GC(317) - age   4:      13696 bytes,    1153592 total
[2024-01-22T02:03:22.240+0000][7][gc,age      ] GC(317) - age   5:        760 bytes,    1154352 total
[2024-01-22T02:03:22.240+0000][7][gc,age      ] GC(317) - age   6:        200 bytes,    1154552 total
[2024-01-22T02:03:22.240+0000][7][gc,age      ] GC(317) - age   7:      78832 bytes,    1233384 total
[2024-01-22T02:03:22.240+0000][7][gc,age      ] GC(317) - age   8:     320160 bytes,    1553544 total
[2024-01-22T02:03:22.240+0000][7][gc,age      ] GC(317) - age   9:        240 bytes,    1553784 total
[2024-01-22T02:03:22.240+0000][7][gc,age      ] GC(317) - age  10:       8240 bytes,    1562024 total
[2024-01-22T02:03:22.240+0000][7][gc,age      ] GC(317) - age  11:     103176 bytes,    1665200 total
[2024-01-22T02:03:22.240+0000][7][gc,age      ] GC(317) - age  12:       1240 bytes,    1666440 total
[2024-01-22T02:03:22.240+0000][7][gc,age      ] GC(317) - age  13:       1176 bytes,    1667616 total
[2024-01-22T02:03:22.240+0000][7][gc,age      ] GC(317) - age  14:       1176 bytes,    1668792 total
[2024-01-22T02:03:22.240+0000][7][gc,heap     ] GC(317) Eden regions: 152->0(152)
[2024-01-22T02:03:22.240+0000][7][gc,heap     ] GC(317) Survivor regions: 1->1(20)
[2024-01-22T02:03:22.240+0000][7][gc,heap     ] GC(317) Old regions: 34->34
[2024-01-22T02:03:22.240+0000][7][gc,heap     ] GC(317) Archive regions: 2->2
[2024-01-22T02:03:22.240+0000][7][gc,heap     ] GC(317) Humongous regions: 0->0
[2024-01-22T02:03:22.240+0000][7][gc,metaspace] GC(317) Metaspace: 130981K(134656K)->130981K(134656K) NonClass: 113917K(115840K)->113917K(115840K) Class: 17064K(18816K)->17064K(18816K)
[2024-01-22T02:03:22.240+0000][7][gc          ] GC(317) Pause Young (Normal) (G1 Evacuation Pause) 748M->140M(1024M) 2.946ms
[2024-01-22T02:03:22.240+0000][7][gc,cpu      ] GC(317) User=0.01s Sys=0.01s Real=0.00s
[2024-01-22T02:03:22.240+0000][7][safepoint   ] Safepoint "G1CollectForAllocation", Time since last: 140071274972 ns, Reaching safepoint: 59071 ns, At safepoint: 3038506 ns, Total: 3097577 ns
[2024-01-22T02:05:40.278+0000][7][gc,start    ] GC(318) Pause Young (Normal) (G1 Evacuation Pause)
[2024-01-22T02:05:40.278+0000][7][gc,task     ] GC(318) Using 8 workers of 8 for evacuation
[2024-01-22T02:05:40.278+0000][7][gc,age      ] GC(318) Desired survivor size 41943040 bytes, new threshold 15 (max threshold 15)
[2024-01-22T02:05:40.280+0000][7][gc,phases   ] GC(318)   Pre Evacuate Collection Set: 0.1ms
[2024-01-22T02:05:40.280+0000][7][gc,phases   ] GC(318)   Merge Heap Roots: 0.1ms
[2024-01-22T02:05:40.280+0000][7][gc,phases   ] GC(318)   Evacuate Collection Set: 1.2ms
[2024-01-22T02:05:40.281+0000][7][gc,phases   ] GC(318)   Post Evacuate Collection Set: 0.7ms
[2024-01-22T02:05:40.281+0000][7][gc,phases   ] GC(318)   Other: 0.1ms
[2024-01-22T02:05:40.281+0000][7][gc,age      ] GC(318) Age table with threshold 15 (max threshold 15)
[2024-01-22T02:05:40.281+0000][7][gc,age      ] GC(318) - age   1:    1053216 bytes,    1053216 total
[2024-01-22T02:05:40.281+0000][7][gc,age      ] GC(318) - age   2:       3792 bytes,    1057008 total
[2024-01-22T02:05:40.281+0000][7][gc,age      ] GC(318) - age   3:       1584 bytes,    1058592 total
[2024-01-22T02:05:40.281+0000][7][gc,age      ] GC(318) - age   4:       2368 bytes,    1060960 total
[2024-01-22T02:05:40.281+0000][7][gc,age      ] GC(318) - age   5:      13696 bytes,    1074656 total
[2024-01-22T02:05:40.281+0000][7][gc,age      ] GC(318) - age   6:        632 bytes,    1075288 total
[2024-01-22T02:05:40.281+0000][7][gc,age      ] GC(318) - age   7:        200 bytes,    1075488 total
[2024-01-22T02:05:40.281+0000][7][gc,age      ] GC(318) - age   8:      78448 bytes,    1153936 total
[2024-01-22T02:05:40.281+0000][7][gc,age      ] GC(318) - age   9:     320160 bytes,    1474096 total
[2024-01-22T02:05:40.281+0000][7][gc,age      ] GC(318) - age  10:        240 bytes,    1474336 total
[2024-01-22T02:05:40.281+0000][7][gc,age      ] GC(318) - age  11:       8240 bytes,    1482576 total
[2024-01-22T02:05:40.281+0000][7][gc,age      ] GC(318) - age  12:     103176 bytes,    1585752 total
[2024-01-22T02:05:40.281+0000][7][gc,age      ] GC(318) - age  13:       1240 bytes,    1586992 total
[2024-01-22T02:05:40.281+0000][7][gc,age      ] GC(318) - age  14:       1176 bytes,    1588168 total
[2024-01-22T02:05:40.281+0000][7][gc,age      ] GC(318) - age  15:       1176 bytes,    1589344 total
[2024-01-22T02:05:40.281+0000][7][gc,heap     ] GC(318) Eden regions: 152->0(152)
[2024-01-22T02:05:40.281+0000][7][gc,heap     ] GC(318) Survivor regions: 1->1(20)
[2024-01-22T02:05:40.281+0000][7][gc,heap     ] GC(318) Old regions: 34->34
[2024-01-22T02:05:40.281+0000][7][gc,heap     ] GC(318) Archive regions: 2->2
[2024-01-22T02:05:40.281+0000][7][gc,heap     ] GC(318) Humongous regions: 0->0
[2024-01-22T02:05:40.281+0000][7][gc,metaspace] GC(318) Metaspace: 130981K(134656K)->130981K(134656K) NonClass: 113917K(115840K)->113917K(115840K) Class: 17064K(18816K)->17064K(18816K)
[2024-01-22T02:05:40.281+0000][7][gc          ] GC(318) Pause Young (Normal) (G1 Evacuation Pause) 748M->140M(1024M) 2.482ms
[2024-01-22T02:05:40.281+0000][7][gc,cpu      ] GC(318) User=0.01s Sys=0.00s Real=0.00s
[2024-01-22T02:05:40.281+0000][7][safepoint   ] Safepoint "G1CollectForAllocation", Time since last: 138037701621 ns, Reaching safepoint: 73572 ns, At safepoint: 2563156 ns, Total: 2636728 ns
[2024-01-22T02:07:55.278+0000][7][gc,start    ] GC(319) Pause Young (Normal) (G1 Evacuation Pause)
[2024-01-22T02:07:55.278+0000][7][gc,task     ] GC(319) Using 8 workers of 8 for evacuation
[2024-01-22T02:07:55.278+0000][7][gc,age      ] GC(319) Desired survivor size 41943040 bytes, new threshold 15 (max threshold 15)
[2024-01-22T02:07:55.280+0000][7][gc,phases   ] GC(319)   Pre Evacuate Collection Set: 0.1ms
[2024-01-22T02:07:55.280+0000][7][gc,phases   ] GC(319)   Merge Heap Roots: 0.1ms
[2024-01-22T02:07:55.280+0000][7][gc,phases   ] GC(319)   Evacuate Collection Set: 1.0ms
[2024-01-22T02:07:55.280+0000][7][gc,phases   ] GC(319)   Post Evacuate Collection Set: 0.6ms
[2024-01-22T02:07:55.280+0000][7][gc,phases   ] GC(319)   Other: 0.1ms
[2024-01-22T02:07:55.280+0000][7][gc,age      ] GC(319) Age table with threshold 15 (max threshold 15)
[2024-01-22T02:07:55.280+0000][7][gc,age      ] GC(319) - age   1:    1197952 bytes,    1197952 total
[2024-01-22T02:07:55.280+0000][7][gc,age      ] GC(319) - age   2:      10824 bytes,    1208776 total
[2024-01-22T02:07:55.280+0000][7][gc,age      ] GC(319) - age   3:       1680 bytes,    1210456 total
[2024-01-22T02:07:55.280+0000][7][gc,age      ] GC(319) - age   4:       1328 bytes,    1211784 total
[2024-01-22T02:07:55.280+0000][7][gc,age      ] GC(319) - age   6:      13696 bytes,    1225480 total
[2024-01-22T02:07:55.280+0000][7][gc,age      ] GC(319) - age   7:        240 bytes,    1225720 total
[2024-01-22T02:07:55.280+0000][7][gc,age      ] GC(319) - age   8:        200 bytes,    1225920 total
[2024-01-22T02:07:55.280+0000][7][gc,age      ] GC(319) - age   9:      78448 bytes,    1304368 total
[2024-01-22T02:07:55.280+0000][7][gc,age      ] GC(319) - age  10:     320160 bytes,    1624528 total
[2024-01-22T02:07:55.280+0000][7][gc,age      ] GC(319) - age  11:        240 bytes,    1624768 total
[2024-01-22T02:07:55.280+0000][7][gc,age      ] GC(319) - age  12:       8240 bytes,    1633008 total
[2024-01-22T02:07:55.280+0000][7][gc,age      ] GC(319) - age  13:     103096 bytes,    1736104 total
[2024-01-22T02:07:55.280+0000][7][gc,age      ] GC(319) - age  14:       1240 bytes,    1737344 total
[2024-01-22T02:07:55.280+0000][7][gc,age      ] GC(319) - age  15:       1176 bytes,    1738520 total
[2024-01-22T02:07:55.280+0000][7][gc,heap     ] GC(319) Eden regions: 152->0(152)
[2024-01-22T02:07:55.280+0000][7][gc,heap     ] GC(319) Survivor regions: 1->1(20)
[2024-01-22T02:07:55.280+0000][7][gc,heap     ] GC(319) Old regions: 34->34
[2024-01-22T02:07:55.280+0000][7][gc,heap     ] GC(319) Archive regions: 2->2
[2024-01-22T02:07:55.280+0000][7][gc,heap     ] GC(319) Humongous regions: 0->0
[2024-01-22T02:07:55.280+0000][7][gc,metaspace] GC(319) Metaspace: 130981K(134656K)->130981K(134656K) NonClass: 113917K(115840K)->113917K(115840K) Class: 17064K(18816K)->17064K(18816K)
[2024-01-22T02:07:55.280+0000][7][gc          ] GC(319) Pause Young (Normal) (G1 Evacuation Pause) 748M->141M(1024M) 1.986ms
[2024-01-22T02:07:55.280+0000][7][gc,cpu      ] GC(319) User=0.01s Sys=0.00s Real=0.00s
[2024-01-22T02:07:55.280+0000][7][safepoint   ] Safepoint "G1CollectForAllocation", Time since last: 134997013814 ns, Reaching safepoint: 26378 ns, At safepoint: 2056986 ns, Total: 2083364 ns
[2024-01-22T02:08:03.281+0000][7][safepoint   ] Safepoint "Cleanup", Time since last: 8000682947 ns, Reaching safepoint: 50900 ns, At safepoint: 5213 ns, Total: 56113 ns
[2024-01-22T02:10:16.305+0000][7][gc,start    ] GC(320) Pause Young (Normal) (G1 Evacuation Pause)
[2024-01-22T02:10:16.305+0000][7][gc,task     ] GC(320) Using 8 workers of 8 for evacuation
[2024-01-22T02:10:16.305+0000][7][gc,age      ] GC(320) Desired survivor size 41943040 bytes, new threshold 15 (max threshold 15)
[2024-01-22T02:10:16.307+0000][7][gc,phases   ] GC(320)   Pre Evacuate Collection Set: 0.1ms
[2024-01-22T02:10:16.307+0000][7][gc,phases   ] GC(320)   Merge Heap Roots: 0.1ms
[2024-01-22T02:10:16.307+0000][7][gc,phases   ] GC(320)   Evacuate Collection Set: 1.1ms
[2024-01-22T02:10:16.307+0000][7][gc,phases   ] GC(320)   Post Evacuate Collection Set: 0.7ms
[2024-01-22T02:10:16.307+0000][7][gc,phases   ] GC(320)   Other: 0.1ms
[2024-01-22T02:10:16.307+0000][7][gc,age      ] GC(320) Age table with threshold 15 (max threshold 15)
[2024-01-22T02:10:16.307+0000][7][gc,age      ] GC(320) - age   1:    1049272 bytes,    1049272 total
[2024-01-22T02:10:16.307+0000][7][gc,age      ] GC(320) - age   2:       7032 bytes,    1056304 total
[2024-01-22T02:10:16.307+0000][7][gc,age      ] GC(320) - age   3:       9096 bytes,    1065400 total
[2024-01-22T02:10:16.307+0000][7][gc,age      ] GC(320) - age   4:       1424 bytes,    1066824 total
[2024-01-22T02:10:16.307+0000][7][gc,age      ] GC(320) - age   5:       1016 bytes,    1067840 total
[2024-01-22T02:10:16.307+0000][7][gc,age      ] GC(320) - age   7:      13696 bytes,    1081536 total
[2024-01-22T02:10:16.307+0000][7][gc,age      ] GC(320) - age   8:        240 bytes,    1081776 total
[2024-01-22T02:10:16.307+0000][7][gc,age      ] GC(320) - age   9:        200 bytes,    1081976 total
[2024-01-22T02:10:16.307+0000][7][gc,age      ] GC(320) - age  10:      78448 bytes,    1160424 total
[2024-01-22T02:10:16.307+0000][7][gc,age      ] GC(320) - age  11:     320160 bytes,    1480584 total
[2024-01-22T02:10:16.307+0000][7][gc,age      ] GC(320) - age  12:        240 bytes,    1480824 total
[2024-01-22T02:10:16.307+0000][7][gc,age      ] GC(320) - age  13:       8216 bytes,    1489040 total
[2024-01-22T02:10:16.307+0000][7][gc,age      ] GC(320) - age  14:     103096 bytes,    1592136 total
[2024-01-22T02:10:16.307+0000][7][gc,age      ] GC(320) - age  15:       1240 bytes,    1593376 total
[2024-01-22T02:10:16.307+0000][7][gc,heap     ] GC(320) Eden regions: 152->0(152)
[2024-01-22T02:10:16.307+0000][7][gc,heap     ] GC(320) Survivor regions: 1->1(20)
[2024-01-22T02:10:16.307+0000][7][gc,heap     ] GC(320) Old regions: 34->34
[2024-01-22T02:10:16.307+0000][7][gc,heap     ] GC(320) Archive regions: 2->2
[2024-01-22T02:10:16.307+0000][7][gc,heap     ] GC(320) Humongous regions: 0->0
[2024-01-22T02:10:16.307+0000][7][gc,metaspace] GC(320) Metaspace: 130981K(134656K)->130981K(134656K) NonClass: 113917K(115840K)->113917K(115840K) Class: 17064K(18816K)->17064K(18816K)
[2024-01-22T02:10:16.307+0000][7][gc          ] GC(320) Pause Young (Normal) (G1 Evacuation Pause) 749M->140M(1024M) 2.319ms
[2024-01-22T02:10:16.307+0000][7][gc,cpu      ] GC(320) User=0.01s Sys=0.00s Real=0.00s
[2024-01-22T02:10:16.307+0000][7][safepoint   ] Safepoint "G1CollectForAllocation", Time since last: 133023983223 ns, Reaching safepoint: 35650 ns, At safepoint: 2409464 ns, Total: 2445114 ns
[2024-01-22T02:12:32.234+0000][7][gc,start    ] GC(321) Pause Young (Normal) (G1 Evacuation Pause)
[2024-01-22T02:12:32.234+0000][7][gc,task     ] GC(321) Using 8 workers of 8 for evacuation
[2024-01-22T02:12:32.234+0000][7][gc,age      ] GC(321) Desired survivor size 41943040 bytes, new threshold 15 (max threshold 15)
[2024-01-22T02:12:32.237+0000][7][gc,phases   ] GC(321)   Pre Evacuate Collection Set: 0.1ms
[2024-01-22T02:12:32.237+0000][7][gc,phases   ] GC(321)   Merge Heap Roots: 0.1ms
[2024-01-22T02:12:32.237+0000][7][gc,phases   ] GC(321)   Evacuate Collection Set: 1.5ms
[2024-01-22T02:12:32.237+0000][7][gc,phases   ] GC(321)   Post Evacuate Collection Set: 0.7ms
[2024-01-22T02:12:32.237+0000][7][gc,phases   ] GC(321)   Other: 0.1ms
[2024-01-22T02:12:32.237+0000][7][gc,age      ] GC(321) Age table with threshold 15 (max threshold 15)
[2024-01-22T02:12:32.237+0000][7][gc,age      ] GC(321) - age   1:     551568 bytes,     551568 total
[2024-01-22T02:12:32.237+0000][7][gc,age      ] GC(321) - age   2:      19520 bytes,     571088 total
[2024-01-22T02:12:32.237+0000][7][gc,age      ] GC(321) - age   3:       5520 bytes,     576608 total
[2024-01-22T02:12:32.237+0000][7][gc,age      ] GC(321) - age   4:       8464 bytes,     585072 total
[2024-01-22T02:12:32.237+0000][7][gc,age      ] GC(321) - age   5:       1000 bytes,     586072 total
[2024-01-22T02:12:32.237+0000][7][gc,age      ] GC(321) - age   6:        248 bytes,     586320 total
[2024-01-22T02:12:32.237+0000][7][gc,age      ] GC(321) - age   8:      13696 bytes,     600016 total
[2024-01-22T02:12:32.237+0000][7][gc,age      ] GC(321) - age   9:        240 bytes,     600256 total
[2024-01-22T02:12:32.237+0000][7][gc,age      ] GC(321) - age  10:        200 bytes,     600456 total
[2024-01-22T02:12:32.237+0000][7][gc,age      ] GC(321) - age  11:      78448 bytes,     678904 total
[2024-01-22T02:12:32.237+0000][7][gc,age      ] GC(321) - age  12:     320160 bytes,     999064 total
[2024-01-22T02:12:32.237+0000][7][gc,age      ] GC(321) - age  13:        240 bytes,     999304 total
[2024-01-22T02:12:32.237+0000][7][gc,age      ] GC(321) - age  14:       8216 bytes,    1007520 total
[2024-01-22T02:12:32.237+0000][7][gc,age      ] GC(321) - age  15:     103096 bytes,    1110616 total
[2024-01-22T02:12:32.237+0000][7][gc,heap     ] GC(321) Eden regions: 152->0(152)
[2024-01-22T02:12:32.237+0000][7][gc,heap     ] GC(321) Survivor regions: 1->1(20)
[2024-01-22T02:12:32.237+0000][7][gc,heap     ] GC(321) Old regions: 34->34
[2024-01-22T02:12:32.237+0000][7][gc,heap     ] GC(321) Archive regions: 2->2
[2024-01-22T02:12:32.237+0000][7][gc,heap     ] GC(321) Humongous regions: 0->0
[2024-01-22T02:12:32.237+0000][7][gc,metaspace] GC(321) Metaspace: 130981K(134656K)->130981K(134656K) NonClass: 113917K(115840K)->113917K(115840K) Class: 17064K(18816K)->17064K(18816K)
[2024-01-22T02:12:32.237+0000][7][gc          ] GC(321) Pause Young (Normal) (G1 Evacuation Pause) 748M->140M(1024M) 2.855ms
[2024-01-22T02:12:32.237+0000][7][gc,cpu      ] GC(321) User=0.01s Sys=0.00s Real=0.00s
[2024-01-22T02:12:32.237+0000][7][safepoint   ] Safepoint "G1CollectForAllocation", Time since last: 135927016533 ns, Reaching safepoint: 41870 ns, At safepoint: 2942720 ns, Total: 2984590 ns
[2024-01-22T02:13:07.240+0000][7][safepoint   ] Safepoint "Cleanup", Time since last: 35002975485 ns, Reaching safepoint: 52904 ns, At safepoint: 3598 ns, Total: 56502 ns
[2024-01-22T02:14:52.304+0000][7][gc,start    ] GC(322) Pause Young (Normal) (G1 Evacuation Pause)
[2024-01-22T02:14:52.304+0000][7][gc,task     ] GC(322) Using 8 workers of 8 for evacuation
[2024-01-22T02:14:52.304+0000][7][gc,age      ] GC(322) Desired survivor size 41943040 bytes, new threshold 15 (max threshold 15)
[2024-01-22T02:14:52.306+0000][7][gc,phases   ] GC(322)   Pre Evacuate Collection Set: 0.1ms
[2024-01-22T02:14:52.306+0000][7][gc,phases   ] GC(322)   Merge Heap Roots: 0.1ms
[2024-01-22T02:14:52.306+0000][7][gc,phases   ] GC(322)   Evacuate Collection Set: 1.1ms
[2024-01-22T02:14:52.306+0000][7][gc,phases   ] GC(322)   Post Evacuate Collection Set: 0.6ms
[2024-01-22T02:14:52.306+0000][7][gc,phases   ] GC(322)   Other: 0.1ms
[2024-01-22T02:14:52.306+0000][7][gc,age      ] GC(322) Age table with threshold 15 (max threshold 15)
[2024-01-22T02:14:52.306+0000][7][gc,age      ] GC(322) - age   1:     634936 bytes,     634936 total
[2024-01-22T02:14:52.306+0000][7][gc,age      ] GC(322) - age   2:       2296 bytes,     637232 total
[2024-01-22T02:14:52.306+0000][7][gc,age      ] GC(322) - age   3:      17888 bytes,     655120 total
[2024-01-22T02:14:52.306+0000][7][gc,age      ] GC(322) - age   4:       5296 bytes,     660416 total
[2024-01-22T02:14:52.306+0000][7][gc,age      ] GC(322) - age   5:        448 bytes,     660864 total
[2024-01-22T02:14:52.306+0000][7][gc,age      ] GC(322) - age   6:         64 bytes,     660928 total
[2024-01-22T02:14:52.306+0000][7][gc,age      ] GC(322) - age   7:        120 bytes,     661048 total
[2024-01-22T02:14:52.306+0000][7][gc,age      ] GC(322) - age   9:      13696 bytes,     674744 total
[2024-01-22T02:14:52.306+0000][7][gc,age      ] GC(322) - age  10:        208 bytes,     674952 total
[2024-01-22T02:14:52.306+0000][7][gc,age      ] GC(322) - age  11:         16 bytes,     674968 total
[2024-01-22T02:14:52.306+0000][7][gc,age      ] GC(322) - age  12:      78448 bytes,     753416 total
[2024-01-22T02:14:52.306+0000][7][gc,age      ] GC(322) - age  13:     320160 bytes,    1073576 total
[2024-01-22T02:14:52.306+0000][7][gc,age      ] GC(322) - age  14:        240 bytes,    1073816 total
[2024-01-22T02:14:52.306+0000][7][gc,age      ] GC(322) - age  15:       8216 bytes,    1082032 total
[2024-01-22T02:14:52.306+0000][7][gc,heap     ] GC(322) Eden regions: 152->0(152)
[2024-01-22T02:14:52.306+0000][7][gc,heap     ] GC(322) Survivor regions: 1->1(20)
[2024-01-22T02:14:52.306+0000][7][gc,heap     ] GC(322) Old regions: 34->34
[2024-01-22T02:14:52.306+0000][7][gc,heap     ] GC(322) Archive regions: 2->2
[2024-01-22T02:14:52.306+0000][7][gc,heap     ] GC(322) Humongous regions: 0->0
[2024-01-22T02:14:52.306+0000][7][gc,metaspace] GC(322) Metaspace: 130984K(134656K)->130984K(134656K) NonClass: 113919K(115840K)->113919K(115840K) Class: 17064K(18816K)->17064K(18816K)
[2024-01-22T02:14:52.306+0000][7][gc          ] GC(322) Pause Young (Normal) (G1 Evacuation Pause) 748M->140M(1024M) 2.237ms
[2024-01-22T02:14:52.306+0000][7][gc,cpu      ] GC(322) User=0.01s Sys=0.00s Real=0.00s
[2024-01-22T02:14:52.306+0000][7][safepoint   ] Safepoint "G1CollectForAllocation", Time since last: 105063757111 ns, Reaching safepoint: 55944 ns, At safepoint: 2336501 ns, Total: 2392445 ns
[2024-01-22T02:17:10.323+0000][7][gc,start    ] GC(323) Pause Young (Normal) (G1 Evacuation Pause)
[2024-01-22T02:17:10.323+0000][7][gc,task     ] GC(323) Using 8 workers of 8 for evacuation
[2024-01-22T02:17:10.323+0000][7][gc,age      ] GC(323) Desired survivor size 41943040 bytes, new threshold 15 (max threshold 15)
[2024-01-22T02:17:10.324+0000][7][gc,phases   ] GC(323)   Pre Evacuate Collection Set: 0.1ms
[2024-01-22T02:17:10.324+0000][7][gc,phases   ] GC(323)   Merge Heap Roots: 0.0ms
[2024-01-22T02:17:10.324+0000][7][gc,phases   ] GC(323)   Evacuate Collection Set: 0.7ms
[2024-01-22T02:17:10.324+0000][7][gc,phases   ] GC(323)   Post Evacuate Collection Set: 0.5ms
[2024-01-22T02:17:10.324+0000][7][gc,phases   ] GC(323)   Other: 0.1ms
[2024-01-22T02:17:10.324+0000][7][gc,age      ] GC(323) Age table with threshold 15 (max threshold 15)
[2024-01-22T02:17:10.324+0000][7][gc,age      ] GC(323) - age   1:     941224 bytes,     941224 total
[2024-01-22T02:17:10.324+0000][7][gc,age      ] GC(323) - age   2:      10704 bytes,     951928 total
[2024-01-22T02:17:10.324+0000][7][gc,age      ] GC(323) - age   3:       1080 bytes,     953008 total
[2024-01-22T02:17:10.324+0000][7][gc,age      ] GC(323) - age   4:      17704 bytes,     970712 total
[2024-01-22T02:17:10.324+0000][7][gc,age      ] GC(323) - age   5:       2928 bytes,     973640 total
[2024-01-22T02:17:10.324+0000][7][gc,age      ] GC(323) - age   6:        448 bytes,     974088 total
[2024-01-22T02:17:10.324+0000][7][gc,age      ] GC(323) - age   8:        120 bytes,     974208 total
[2024-01-22T02:17:10.324+0000][7][gc,age      ] GC(323) - age  10:      13696 bytes,     987904 total
[2024-01-22T02:17:10.324+0000][7][gc,age      ] GC(323) - age  11:         24 bytes,     987928 total
[2024-01-22T02:17:10.324+0000][7][gc,age      ] GC(323) - age  12:         16 bytes,     987944 total
[2024-01-22T02:17:10.324+0000][7][gc,age      ] GC(323) - age  13:      78448 bytes,    1066392 total
[2024-01-22T02:17:10.324+0000][7][gc,age      ] GC(323) - age  14:     320160 bytes,    1386552 total
[2024-01-22T02:17:10.324+0000][7][gc,age      ] GC(323) - age  15:        240 bytes,    1386792 total
[2024-01-22T02:17:10.324+0000][7][gc,heap     ] GC(323) Eden regions: 152->0(152)
[2024-01-22T02:17:10.324+0000][7][gc,heap     ] GC(323) Survivor regions: 1->1(20)
[2024-01-22T02:17:10.324+0000][7][gc,heap     ] GC(323) Old regions: 34->34
[2024-01-22T02:17:10.324+0000][7][gc,heap     ] GC(323) Archive regions: 2->2
[2024-01-22T02:17:10.324+0000][7][gc,heap     ] GC(323) Humongous regions: 0->0
[2024-01-22T02:17:10.324+0000][7][gc,metaspace] GC(323) Metaspace: 130984K(134656K)->130984K(134656K) NonClass: 113919K(115840K)->113919K(115840K) Class: 17064K(18816K)->17064K(18816K)
[2024-01-22T02:17:10.324+0000][7][gc          ] GC(323) Pause Young (Normal) (G1 Evacuation Pause) 748M->140M(1024M) 1.590ms
[2024-01-22T02:17:10.324+0000][7][gc,cpu      ] GC(323) User=0.01s Sys=0.00s Real=0.01s
[2024-01-22T02:17:10.324+0000][7][safepoint   ] Safepoint "G1CollectForAllocation", Time since last: 138016486431 ns, Reaching safepoint: 37191 ns, At safepoint: 1662427 ns, Total: 1699618 ns
[2024-01-22T02:17:13.325+0000][7][safepoint   ] Safepoint "Cleanup", Time since last: 3000254244 ns, Reaching safepoint: 59771 ns, At safepoint: 3166 ns, Total: 62937 ns
[2024-01-22T02:19:28.337+0000][7][safepoint   ] Safepoint "Cleanup", Time since last: 135012335604 ns, Reaching safepoint: 128997 ns, At safepoint: 5649 ns, Total: 134646 ns
[2024-01-22T02:20:13.293+0000][7][gc,start    ] GC(324) Pause Young (Normal) (G1 Evacuation Pause)
[2024-01-22T02:20:13.293+0000][7][gc,task     ] GC(324) Using 8 workers of 8 for evacuation
[2024-01-22T02:20:13.293+0000][7][gc,age      ] GC(324) Desired survivor size 41943040 bytes, new threshold 15 (max threshold 15)
[2024-01-22T02:20:13.295+0000][7][gc,phases   ] GC(324)   Pre Evacuate Collection Set: 0.1ms
[2024-01-22T02:20:13.295+0000][7][gc,phases   ] GC(324)   Merge Heap Roots: 0.1ms
[2024-01-22T02:20:13.295+0000][7][gc,phases   ] GC(324)   Evacuate Collection Set: 1.1ms
[2024-01-22T02:20:13.295+0000][7][gc,phases   ] GC(324)   Post Evacuate Collection Set: 0.5ms
[2024-01-22T02:20:13.295+0000][7][gc,phases   ] GC(324)   Other: 0.1ms
[2024-01-22T02:20:13.295+0000][7][gc,age      ] GC(324) Age table with threshold 15 (max threshold 15)
[2024-01-22T02:20:13.295+0000][7][gc,age      ] GC(324) - age   1:    1259368 bytes,    1259368 total
[2024-01-22T02:20:13.295+0000][7][gc,age      ] GC(324) - age   2:       4184 bytes,    1263552 total
[2024-01-22T02:20:13.295+0000][7][gc,age      ] GC(324) - age   3:       1384 bytes,    1264936 total
[2024-01-22T02:20:13.295+0000][7][gc,age      ] GC(324) - age   4:       1016 bytes,    1265952 total
[2024-01-22T02:20:13.295+0000][7][gc,age      ] GC(324) - age   5:      17512 bytes,    1283464 total
[2024-01-22T02:20:13.295+0000][7][gc,age      ] GC(324) - age   6:       2928 bytes,    1286392 total
[2024-01-22T02:20:13.295+0000][7][gc,age      ] GC(324) - age   7:        448 bytes,    1286840 total
[2024-01-22T02:20:13.295+0000][7][gc,age      ] GC(324) - age  11:      13696 bytes,    1300536 total
[2024-01-22T02:20:13.295+0000][7][gc,age      ] GC(324) - age  12:         24 bytes,    1300560 total
[2024-01-22T02:20:13.295+0000][7][gc,age      ] GC(324) - age  13:         16 bytes,    1300576 total
[2024-01-22T02:20:13.295+0000][7][gc,age      ] GC(324) - age  14:      78448 bytes,    1379024 total
[2024-01-22T02:20:13.295+0000][7][gc,age      ] GC(324) - age  15:     320160 bytes,    1699184 total
[2024-01-22T02:20:13.295+0000][7][gc,heap     ] GC(324) Eden regions: 152->0(152)
[2024-01-22T02:20:13.295+0000][7][gc,heap     ] GC(324) Survivor regions: 1->1(20)
[2024-01-22T02:20:13.295+0000][7][gc,heap     ] GC(324) Old regions: 34->34
[2024-01-22T02:20:13.295+0000][7][gc,heap     ] GC(324) Archive regions: 2->2
[2024-01-22T02:20:13.295+0000][7][gc,heap     ] GC(324) Humongous regions: 0->0
[2024-01-22T02:20:13.295+0000][7][gc,metaspace] GC(324) Metaspace: 130984K(134656K)->130984K(134656K) NonClass: 113919K(115840K)->113919K(115840K) Class: 17064K(18816K)->17064K(18816K)
[2024-01-22T02:20:13.295+0000][7][gc          ] GC(324) Pause Young (Normal) (G1 Evacuation Pause) 748M->141M(1024M) 2.055ms
[2024-01-22T02:20:13.295+0000][7][gc,cpu      ] GC(324) User=0.01s Sys=0.00s Real=0.00s
[2024-01-22T02:20:13.295+0000][7][safepoint   ] Safepoint "G1CollectForAllocation", Time since last: 44955618766 ns, Reaching safepoint: 79975 ns, At safepoint: 2125828 ns, Total: 2205803 ns
[2024-01-22T02:23:07.311+0000][7][safepoint   ] Safepoint "Cleanup", Time since last: 174015866447 ns, Reaching safepoint: 71578 ns, At safepoint: 5168 ns, Total: 76746 ns
[2024-01-22T02:23:13.319+0000][7][gc,start    ] GC(325) Pause Young (Normal) (G1 Evacuation Pause)
[2024-01-22T02:23:13.319+0000][7][gc,task     ] GC(325) Using 8 workers of 8 for evacuation
[2024-01-22T02:23:13.319+0000][7][gc,age      ] GC(325) Desired survivor size 41943040 bytes, new threshold 15 (max threshold 15)
[2024-01-22T02:23:13.321+0000][7][gc,phases   ] GC(325)   Pre Evacuate Collection Set: 0.1ms
[2024-01-22T02:23:13.321+0000][7][gc,phases   ] GC(325)   Merge Heap Roots: 0.1ms
[2024-01-22T02:23:13.321+0000][7][gc,phases   ] GC(325)   Evacuate Collection Set: 1.5ms
[2024-01-22T02:23:13.321+0000][7][gc,phases   ] GC(325)   Post Evacuate Collection Set: 0.7ms
[2024-01-22T02:23:13.321+0000][7][gc,phases   ] GC(325)   Other: 0.1ms
[2024-01-22T02:23:13.321+0000][7][gc,age      ] GC(325) Age table with threshold 15 (max threshold 15)
[2024-01-22T02:23:13.321+0000][7][gc,age      ] GC(325) - age   1:    1445376 bytes,    1445376 total
[2024-01-22T02:23:13.321+0000][7][gc,age      ] GC(325) - age   2:       9992 bytes,    1455368 total
[2024-01-22T02:23:13.321+0000][7][gc,age      ] GC(325) - age   3:       3552 bytes,    1458920 total
[2024-01-22T02:23:13.321+0000][7][gc,age      ] GC(325) - age   4:        336 bytes,    1459256 total
[2024-01-22T02:23:13.321+0000][7][gc,age      ] GC(325) - age   5:        248 bytes,    1459504 total
[2024-01-22T02:23:13.321+0000][7][gc,age      ] GC(325) - age   6:      17512 bytes,    1477016 total
[2024-01-22T02:23:13.321+0000][7][gc,age      ] GC(325) - age   7:       2536 bytes,    1479552 total
[2024-01-22T02:23:13.321+0000][7][gc,age      ] GC(325) - age   8:        448 bytes,    1480000 total
[2024-01-22T02:23:13.321+0000][7][gc,age      ] GC(325) - age  12:      13696 bytes,    1493696 total
[2024-01-22T02:23:13.321+0000][7][gc,age      ] GC(325) - age  13:         24 bytes,    1493720 total
[2024-01-22T02:23:13.321+0000][7][gc,age      ] GC(325) - age  14:         16 bytes,    1493736 total
[2024-01-22T02:23:13.321+0000][7][gc,age      ] GC(325) - age  15:      78448 bytes,    1572184 total
[2024-01-22T02:23:13.321+0000][7][gc,heap     ] GC(325) Eden regions: 152->0(152)
[2024-01-22T02:23:13.321+0000][7][gc,heap     ] GC(325) Survivor regions: 1->1(20)
[2024-01-22T02:23:13.321+0000][7][gc,heap     ] GC(325) Old regions: 34->34
[2024-01-22T02:23:13.321+0000][7][gc,heap     ] GC(325) Archive regions: 2->2
[2024-01-22T02:23:13.321+0000][7][gc,heap     ] GC(325) Humongous regions: 0->0
[2024-01-22T02:23:13.321+0000][7][gc,metaspace] GC(325) Metaspace: 130986K(134656K)->130986K(134656K) NonClass: 113921K(115840K)->113921K(115840K) Class: 17064K(18816K)->17064K(18816K)
[2024-01-22T02:23:13.321+0000][7][gc          ] GC(325) Pause Young (Normal) (G1 Evacuation Pause) 749M->141M(1024M) 2.804ms
[2024-01-22T02:23:13.321+0000][7][gc,cpu      ] GC(325) User=0.01s Sys=0.00s Real=0.00s
[2024-01-22T02:23:13.321+0000][7][safepoint   ] Safepoint "G1CollectForAllocation", Time since last: 6007660084 ns, Reaching safepoint: 39776 ns, At safepoint: 2893913 ns, Total: 2933689 ns
[2024-01-22T02:25:47.355+0000][7][gc,start    ] GC(326) Pause Young (Normal) (G1 Evacuation Pause)
[2024-01-22T02:25:47.355+0000][7][gc,task     ] GC(326) Using 8 workers of 8 for evacuation
[2024-01-22T02:25:47.355+0000][7][gc,age      ] GC(326) Desired survivor size 41943040 bytes, new threshold 15 (max threshold 15)
[2024-01-22T02:25:47.358+0000][7][gc,phases   ] GC(326)   Pre Evacuate Collection Set: 0.1ms
[2024-01-22T02:25:47.358+0000][7][gc,phases   ] GC(326)   Merge Heap Roots: 0.1ms
[2024-01-22T02:25:47.358+0000][7][gc,phases   ] GC(326)   Evacuate Collection Set: 1.7ms
[2024-01-22T02:25:47.358+0000][7][gc,phases   ] GC(326)   Post Evacuate Collection Set: 0.9ms
[2024-01-22T02:25:47.358+0000][7][gc,phases   ] GC(326)   Other: 0.1ms
[2024-01-22T02:25:47.358+0000][7][gc,age      ] GC(326) Age table with threshold 15 (max threshold 15)
[2024-01-22T02:25:47.358+0000][7][gc,age      ] GC(326) - age   1:    1618144 bytes,    1618144 total
[2024-01-22T02:25:47.358+0000][7][gc,age      ] GC(326) - age   2:       5040 bytes,    1623184 total
[2024-01-22T02:25:47.358+0000][7][gc,age      ] GC(326) - age   3:       8168 bytes,    1631352 total
[2024-01-22T02:25:47.358+0000][7][gc,age      ] GC(326) - age   4:       2656 bytes,    1634008 total
[2024-01-22T02:25:47.358+0000][7][gc,age      ] GC(326) - age   5:        248 bytes,    1634256 total
[2024-01-22T02:25:47.358+0000][7][gc,age      ] GC(326) - age   6:        184 bytes,    1634440 total
[2024-01-22T02:25:47.358+0000][7][gc,age      ] GC(326) - age   7:       1296 bytes,    1635736 total
[2024-01-22T02:25:47.358+0000][7][gc,age      ] GC(326) - age   8:       2536 bytes,    1638272 total
[2024-01-22T02:25:47.358+0000][7][gc,age      ] GC(326) - age  13:      13696 bytes,    1651968 total
[2024-01-22T02:25:47.358+0000][7][gc,age      ] GC(326) - age  14:         24 bytes,    1651992 total
[2024-01-22T02:25:47.358+0000][7][gc,age      ] GC(326) - age  15:         16 bytes,    1652008 total
[2024-01-22T02:25:47.358+0000][7][gc,heap     ] GC(326) Eden regions: 152->0(152)
[2024-01-22T02:25:47.358+0000][7][gc,heap     ] GC(326) Survivor regions: 1->1(20)
[2024-01-22T02:25:47.358+0000][7][gc,heap     ] GC(326) Old regions: 34->34
[2024-01-22T02:25:47.358+0000][7][gc,heap     ] GC(326) Archive regions: 2->2
[2024-01-22T02:25:47.358+0000][7][gc,heap     ] GC(326) Humongous regions: 0->0
[2024-01-22T02:25:47.358+0000][7][gc,metaspace] GC(326) Metaspace: 130986K(134656K)->130986K(134656K) NonClass: 113921K(115840K)->113921K(115840K) Class: 17064K(18816K)->17064K(18816K)
[2024-01-22T02:25:47.358+0000][7][gc          ] GC(326) Pause Young (Normal) (G1 Evacuation Pause) 749M->141M(1024M) 3.222ms
[2024-01-22T02:25:47.358+0000][7][gc,cpu      ] GC(326) User=0.02s Sys=0.00s Real=0.00s
[2024-01-22T02:25:47.358+0000][7][safepoint   ] Safepoint "G1CollectForAllocation", Time since last: 154033372689 ns, Reaching safepoint: 56658 ns, At safepoint: 3313801 ns, Total: 3370459 ns
[2024-01-22T02:28:13.120+0000][7][gc,start    ] GC(327) Pause Young (Normal) (G1 Evacuation Pause)
[2024-01-22T02:28:13.121+0000][7][gc,task     ] GC(327) Using 8 workers of 8 for evacuation
[2024-01-22T02:28:13.121+0000][7][gc,age      ] GC(327) Desired survivor size 41943040 bytes, new threshold 15 (max threshold 15)
[2024-01-22T02:28:13.123+0000][7][gc,phases   ] GC(327)   Pre Evacuate Collection Set: 0.1ms
[2024-01-22T02:28:13.123+0000][7][gc,phases   ] GC(327)   Merge Heap Roots: 0.1ms
[2024-01-22T02:28:13.123+0000][7][gc,phases   ] GC(327)   Evacuate Collection Set: 0.9ms
[2024-01-22T02:28:13.123+0000][7][gc,phases   ] GC(327)   Post Evacuate Collection Set: 0.7ms
[2024-01-22T02:28:13.123+0000][7][gc,phases   ] GC(327)   Other: 0.1ms
[2024-01-22T02:28:13.123+0000][7][gc,age      ] GC(327) Age table with threshold 15 (max threshold 15)
[2024-01-22T02:28:13.123+0000][7][gc,age      ] GC(327) - age   1:     388816 bytes,     388816 total
[2024-01-22T02:28:13.123+0000][7][gc,age      ] GC(327) - age   2:       3352 bytes,     392168 total
[2024-01-22T02:28:13.123+0000][7][gc,age      ] GC(327) - age   3:       3064 bytes,     395232 total
[2024-01-22T02:28:13.123+0000][7][gc,age      ] GC(327) - age   4:       8040 bytes,     403272 total
[2024-01-22T02:28:13.123+0000][7][gc,age      ] GC(327) - age   5:        352 bytes,     403624 total
[2024-01-22T02:28:13.123+0000][7][gc,age      ] GC(327) - age   6:        248 bytes,     403872 total
[2024-01-22T02:28:13.123+0000][7][gc,age      ] GC(327) - age   7:        184 bytes,     404056 total
[2024-01-22T02:28:13.123+0000][7][gc,age      ] GC(327) - age   8:       1296 bytes,     405352 total
[2024-01-22T02:28:13.123+0000][7][gc,age      ] GC(327) - age   9:       2536 bytes,     407888 total
[2024-01-22T02:28:13.123+0000][7][gc,age      ] GC(327) - age  14:      13696 bytes,     421584 total
[2024-01-22T02:28:13.123+0000][7][gc,age      ] GC(327) - age  15:         24 bytes,     421608 total
[2024-01-22T02:28:13.123+0000][7][gc,heap     ] GC(327) Eden regions: 152->0(152)
[2024-01-22T02:28:13.123+0000][7][gc,heap     ] GC(327) Survivor regions: 1->1(20)
[2024-01-22T02:28:13.123+0000][7][gc,heap     ] GC(327) Old regions: 34->34
[2024-01-22T02:28:13.123+0000][7][gc,heap     ] GC(327) Archive regions: 2->2
[2024-01-22T02:28:13.123+0000][7][gc,heap     ] GC(327) Humongous regions: 0->0
[2024-01-22T02:28:13.123+0000][7][gc,metaspace] GC(327) Metaspace: 130986K(134656K)->130986K(134656K) NonClass: 113921K(115840K)->113921K(115840K) Class: 17064K(18816K)->17064K(18816K)
[2024-01-22T02:28:13.123+0000][7][gc          ] GC(327) Pause Young (Normal) (G1 Evacuation Pause) 749M->140M(1024M) 2.317ms
[2024-01-22T02:28:13.123+0000][7][gc,cpu      ] GC(327) User=0.01s Sys=0.00s Real=0.00s
[2024-01-22T02:28:13.123+0000][7][safepoint   ] Safepoint "G1CollectForAllocation", Time since last: 145762120932 ns, Reaching safepoint: 48986 ns, At safepoint: 2415671 ns, Total: 2464657 ns
[2024-01-22T02:31:04.373+0000][7][gc,start    ] GC(328) Pause Young (Normal) (G1 Evacuation Pause)
[2024-01-22T02:31:04.373+0000][7][gc,task     ] GC(328) Using 8 workers of 8 for evacuation
[2024-01-22T02:31:04.373+0000][7][gc,age      ] GC(328) Desired survivor size 41943040 bytes, new threshold 15 (max threshold 15)
[2024-01-22T02:31:04.375+0000][7][gc,phases   ] GC(328)   Pre Evacuate Collection Set: 0.1ms
[2024-01-22T02:31:04.375+0000][7][gc,phases   ] GC(328)   Merge Heap Roots: 0.1ms
[2024-01-22T02:31:04.375+0000][7][gc,phases   ] GC(328)   Evacuate Collection Set: 1.1ms
[2024-01-22T02:31:04.375+0000][7][gc,phases   ] GC(328)   Post Evacuate Collection Set: 0.6ms
[2024-01-22T02:31:04.375+0000][7][gc,phases   ] GC(328)   Other: 0.1ms
[2024-01-22T02:31:04.375+0000][7][gc,age      ] GC(328) Age table with threshold 15 (max threshold 15)
[2024-01-22T02:31:04.375+0000][7][gc,age      ] GC(328) - age   1:    1157184 bytes,    1157184 total
[2024-01-22T02:31:04.375+0000][7][gc,age      ] GC(328) - age   2:       3360 bytes,    1160544 total
[2024-01-22T02:31:04.375+0000][7][gc,age      ] GC(328) - age   3:        536 bytes,    1161080 total
[2024-01-22T02:31:04.375+0000][7][gc,age      ] GC(328) - age   4:       1464 bytes,    1162544 total
[2024-01-22T02:31:04.375+0000][7][gc,age      ] GC(328) - age   5:       8040 bytes,    1170584 total
[2024-01-22T02:31:04.376+0000][7][gc,age      ] GC(328) - age   6:        352 bytes,    1170936 total
[2024-01-22T02:31:04.376+0000][7][gc,age      ] GC(328) - age   7:         64 bytes,    1171000 total
[2024-01-22T02:31:04.376+0000][7][gc,age      ] GC(328) - age   8:        184 bytes,    1171184 total
[2024-01-22T02:31:04.376+0000][7][gc,age      ] GC(328) - age   9:       1216 bytes,    1172400 total
[2024-01-22T02:31:04.376+0000][7][gc,age      ] GC(328) - age  10:       2536 bytes,    1174936 total
[2024-01-22T02:31:04.376+0000][7][gc,age      ] GC(328) - age  15:      13696 bytes,    1188632 total
[2024-01-22T02:31:04.376+0000][7][gc,heap     ] GC(328) Eden regions: 152->0(152)
[2024-01-22T02:31:04.376+0000][7][gc,heap     ] GC(328) Survivor regions: 1->1(20)
[2024-01-22T02:31:04.376+0000][7][gc,heap     ] GC(328) Old regions: 34->34
[2024-01-22T02:31:04.376+0000][7][gc,heap     ] GC(328) Archive regions: 2->2
[2024-01-22T02:31:04.376+0000][7][gc,heap     ] GC(328) Humongous regions: 0->0
[2024-01-22T02:31:04.376+0000][7][gc,metaspace] GC(328) Metaspace: 130986K(134656K)->130986K(134656K) NonClass: 113922K(115840K)->113922K(115840K) Class: 17064K(18816K)->17064K(18816K)
[2024-01-22T02:31:04.376+0000][7][gc          ] GC(328) Pause Young (Normal) (G1 Evacuation Pause) 748M->140M(1024M) 2.237ms
[2024-01-22T02:31:04.376+0000][7][gc,cpu      ] GC(328) User=0.01s Sys=0.00s Real=0.00s
[2024-01-22T02:31:04.376+0000][7][safepoint   ] Safepoint "G1CollectForAllocation", Time since last: 171250476335 ns, Reaching safepoint: 49081 ns, At safepoint: 2314984 ns, Total: 2364065 ns
[2024-01-22T02:32:06.382+0000][7][safepoint   ] Safepoint "Cleanup", Time since last: 62006183868 ns, Reaching safepoint: 57633 ns, At safepoint: 5460 ns, Total: 63093 ns
[2024-01-22T02:32:19.384+0000][7][safepoint   ] Safepoint "Cleanup", Time since last: 13001617746 ns, Reaching safepoint: 66817 ns, At safepoint: 18396 ns, Total: 85213 ns
[2024-01-22T02:33:37.392+0000][7][safepoint   ] Safepoint "Cleanup", Time since last: 78008606013 ns, Reaching safepoint: 69547 ns, At safepoint: 38872 ns, Total: 108419 ns
[2024-01-22T02:33:43.358+0000][7][gc,start    ] GC(329) Pause Young (Normal) (G1 Evacuation Pause)
[2024-01-22T02:33:43.358+0000][7][gc,task     ] GC(329) Using 8 workers of 8 for evacuation
[2024-01-22T02:33:43.358+0000][7][gc,age      ] GC(329) Desired survivor size 41943040 bytes, new threshold 15 (max threshold 15)
[2024-01-22T02:33:43.359+0000][7][gc,phases   ] GC(329)   Pre Evacuate Collection Set: 0.1ms
[2024-01-22T02:33:43.359+0000][7][gc,phases   ] GC(329)   Merge Heap Roots: 0.1ms
[2024-01-22T02:33:43.359+0000][7][gc,phases   ] GC(329)   Evacuate Collection Set: 0.8ms
[2024-01-22T02:33:43.359+0000][7][gc,phases   ] GC(329)   Post Evacuate Collection Set: 0.6ms
[2024-01-22T02:33:43.359+0000][7][gc,phases   ] GC(329)   Other: 0.1ms
[2024-01-22T02:33:43.359+0000][7][gc,age      ] GC(329) Age table with threshold 15 (max threshold 15)
[2024-01-22T02:33:43.359+0000][7][gc,age      ] GC(329) - age   1:     972344 bytes,     972344 total
[2024-01-22T02:33:43.359+0000][7][gc,age      ] GC(329) - age   2:     165504 bytes,    1137848 total
[2024-01-22T02:33:43.359+0000][7][gc,age      ] GC(329) - age   3:       2488 bytes,    1140336 total
[2024-01-22T02:33:43.359+0000][7][gc,age      ] GC(329) - age   4:        408 bytes,    1140744 total
[2024-01-22T02:33:43.359+0000][7][gc,age      ] GC(329) - age   5:        392 bytes,    1141136 total
[2024-01-22T02:33:43.359+0000][7][gc,age      ] GC(329) - age   6:       8040 bytes,    1149176 total
[2024-01-22T02:33:43.359+0000][7][gc,age      ] GC(329) - age   7:        352 bytes,    1149528 total
[2024-01-22T02:33:43.359+0000][7][gc,age      ] GC(329) - age   8:         32 bytes,    1149560 total
[2024-01-22T02:33:43.359+0000][7][gc,age      ] GC(329) - age   9:        184 bytes,    1149744 total
[2024-01-22T02:33:43.359+0000][7][gc,age      ] GC(329) - age  10:       1216 bytes,    1150960 total
[2024-01-22T02:33:43.359+0000][7][gc,age      ] GC(329) - age  11:       2352 bytes,    1153312 total
[2024-01-22T02:33:43.359+0000][7][gc,heap     ] GC(329) Eden regions: 152->0(152)
[2024-01-22T02:33:43.359+0000][7][gc,heap     ] GC(329) Survivor regions: 1->1(20)
[2024-01-22T02:33:43.359+0000][7][gc,heap     ] GC(329) Old regions: 34->34
[2024-01-22T02:33:43.359+0000][7][gc,heap     ] GC(329) Archive regions: 2->2
[2024-01-22T02:33:43.359+0000][7][gc,heap     ] GC(329) Humongous regions: 0->0
[2024-01-22T02:33:43.359+0000][7][gc,metaspace] GC(329) Metaspace: 130988K(134656K)->130988K(134656K) NonClass: 113923K(115840K)->113923K(115840K) Class: 17064K(18816K)->17064K(18816K)
[2024-01-22T02:33:43.359+0000][7][gc          ] GC(329) Pause Young (Normal) (G1 Evacuation Pause) 748M->140M(1024M) 1.757ms
[2024-01-22T02:33:43.359+0000][7][gc,cpu      ] GC(329) User=0.01s Sys=0.00s Real=0.00s
[2024-01-22T02:33:43.359+0000][7][safepoint   ] Safepoint "G1CollectForAllocation", Time since last: 5965127732 ns, Reaching safepoint: 34668 ns, At safepoint: 1823848 ns, Total: 1858516 ns
[2024-01-22T02:34:47.366+0000][7][safepoint   ] Safepoint "Cleanup", Time since last: 64006704488 ns, Reaching safepoint: 83160 ns, At safepoint: 6906 ns, Total: 90066 ns
[2024-01-22T02:35:05.368+0000][7][safepoint   ] Safepoint "Cleanup", Time since last: 18001907927 ns, Reaching safepoint: 74651 ns, At safepoint: 6666 ns, Total: 81317 ns
[2024-01-22T02:36:27.377+0000][7][safepoint   ] Safepoint "Cleanup", Time since last: 82008381236 ns, Reaching safepoint: 65259 ns, At safepoint: 33858 ns, Total: 99117 ns
[2024-01-22T02:36:43.382+0000][7][gc,start    ] GC(330) Pause Young (Normal) (G1 Evacuation Pause)
[2024-01-22T02:36:43.383+0000][7][gc,task     ] GC(330) Using 8 workers of 8 for evacuation
[2024-01-22T02:36:43.383+0000][7][gc,age      ] GC(330) Desired survivor size 41943040 bytes, new threshold 15 (max threshold 15)
[2024-01-22T02:36:43.385+0000][7][gc,phases   ] GC(330)   Pre Evacuate Collection Set: 0.2ms
[2024-01-22T02:36:43.385+0000][7][gc,phases   ] GC(330)   Merge Heap Roots: 0.1ms
[2024-01-22T02:36:43.385+0000][7][gc,phases   ] GC(330)   Evacuate Collection Set: 1.6ms
[2024-01-22T02:36:43.385+0000][7][gc,phases   ] GC(330)   Post Evacuate Collection Set: 0.8ms
[2024-01-22T02:36:43.385+0000][7][gc,phases   ] GC(330)   Other: 0.1ms
[2024-01-22T02:36:43.385+0000][7][gc,age      ] GC(330) Age table with threshold 15 (max threshold 15)
[2024-01-22T02:36:43.385+0000][7][gc,age      ] GC(330) - age   1:    1106072 bytes,    1106072 total
[2024-01-22T02:36:43.385+0000][7][gc,age      ] GC(330) - age   2:     137272 bytes,    1243344 total
[2024-01-22T02:36:43.385+0000][7][gc,age      ] GC(330) - age   3:      21408 bytes,    1264752 total
[2024-01-22T02:36:43.385+0000][7][gc,age      ] GC(330) - age   4:       2304 bytes,    1267056 total
[2024-01-22T02:36:43.385+0000][7][gc,age      ] GC(330) - age   5:        408 bytes,    1267464 total
[2024-01-22T02:36:43.385+0000][7][gc,age      ] GC(330) - age   6:        392 bytes,    1267856 total
[2024-01-22T02:36:43.385+0000][7][gc,age      ] GC(330) - age   7:         24 bytes,    1267880 total
[2024-01-22T02:36:43.385+0000][7][gc,age      ] GC(330) - age   8:        352 bytes,    1268232 total
[2024-01-22T02:36:43.385+0000][7][gc,age      ] GC(330) - age   9:         32 bytes,    1268264 total
[2024-01-22T02:36:43.385+0000][7][gc,age      ] GC(330) - age  10:        184 bytes,    1268448 total
[2024-01-22T02:36:43.385+0000][7][gc,age      ] GC(330) - age  11:       1216 bytes,    1269664 total
[2024-01-22T02:36:43.385+0000][7][gc,age      ] GC(330) - age  12:       2352 bytes,    1272016 total
[2024-01-22T02:36:43.386+0000][7][gc,heap     ] GC(330) Eden regions: 152->0(152)
[2024-01-22T02:36:43.386+0000][7][gc,heap     ] GC(330) Survivor regions: 1->1(20)
[2024-01-22T02:36:43.386+0000][7][gc,heap     ] GC(330) Old regions: 34->34
[2024-01-22T02:36:43.386+0000][7][gc,heap     ] GC(330) Archive regions: 2->2
[2024-01-22T02:36:43.386+0000][7][gc,heap     ] GC(330) Humongous regions: 0->0
[2024-01-22T02:36:43.386+0000][7][gc,metaspace] GC(330) Metaspace: 130988K(134656K)->130988K(134656K) NonClass: 113923K(115840K)->113923K(115840K) Class: 17064K(18816K)->17064K(18816K)
[2024-01-22T02:36:43.386+0000][7][gc          ] GC(330) Pause Young (Normal) (G1 Evacuation Pause) 748M->141M(1024M) 3.103ms
[2024-01-22T02:36:43.386+0000][7][gc,cpu      ] GC(330) User=0.01s Sys=0.00s Real=0.01s
[2024-01-22T02:36:43.386+0000][7][safepoint   ] Safepoint "G1CollectForAllocation", Time since last: 16005805486 ns, Reaching safepoint: 45537 ns, At safepoint: 3203347 ns, Total: 3248884 ns
[2024-01-22T02:37:08.389+0000][7][safepoint   ] Safepoint "Cleanup", Time since last: 25003043699 ns, Reaching safepoint: 207879 ns, At safepoint: 16623 ns, Total: 224502 ns
[2024-01-22T02:39:52.366+0000][7][gc,start    ] GC(331) Pause Young (Normal) (G1 Evacuation Pause)
[2024-01-22T02:39:52.366+0000][7][gc,task     ] GC(331) Using 8 workers of 8 for evacuation
[2024-01-22T02:39:52.366+0000][7][gc,age      ] GC(331) Desired survivor size 41943040 bytes, new threshold 15 (max threshold 15)
[2024-01-22T02:39:52.372+0000][7][gc,phases   ] GC(331)   Pre Evacuate Collection Set: 0.2ms
[2024-01-22T02:39:52.372+0000][7][gc,phases   ] GC(331)   Merge Heap Roots: 0.1ms
[2024-01-22T02:39:52.372+0000][7][gc,phases   ] GC(331)   Evacuate Collection Set: 3.8ms
[2024-01-22T02:39:52.372+0000][7][gc,phases   ] GC(331)   Post Evacuate Collection Set: 1.5ms
[2024-01-22T02:39:52.372+0000][7][gc,phases   ] GC(331)   Other: 0.1ms
[2024-01-22T02:39:52.372+0000][7][gc,age      ] GC(331) Age table with threshold 15 (max threshold 15)
[2024-01-22T02:39:52.372+0000][7][gc,age      ] GC(331) - age   1:    1643440 bytes,    1643440 total
[2024-01-22T02:39:52.372+0000][7][gc,age      ] GC(331) - age   2:     118992 bytes,    1762432 total
[2024-01-22T02:39:52.372+0000][7][gc,age      ] GC(331) - age   3:     136080 bytes,    1898512 total
[2024-01-22T02:39:52.372+0000][7][gc,age      ] GC(331) - age   4:      21408 bytes,    1919920 total
[2024-01-22T02:39:52.372+0000][7][gc,age      ] GC(331) - age   6:        408 bytes,    1920328 total
[2024-01-22T02:39:52.372+0000][7][gc,age      ] GC(331) - age   8:         24 bytes,    1920352 total
[2024-01-22T02:39:52.372+0000][7][gc,age      ] GC(331) - age   9:        352 bytes,    1920704 total
[2024-01-22T02:39:52.372+0000][7][gc,age      ] GC(331) - age  10:         32 bytes,    1920736 total
[2024-01-22T02:39:52.372+0000][7][gc,age      ] GC(331) - age  12:       1216 bytes,    1921952 total
[2024-01-22T02:39:52.372+0000][7][gc,age      ] GC(331) - age  13:       2352 bytes,    1924304 total
[2024-01-22T02:39:52.372+0000][7][gc,heap     ] GC(331) Eden regions: 152->0(152)
[2024-01-22T02:39:52.372+0000][7][gc,heap     ] GC(331) Survivor regions: 1->1(20)
[2024-01-22T02:39:52.372+0000][7][gc,heap     ] GC(331) Old regions: 34->34
[2024-01-22T02:39:52.372+0000][7][gc,heap     ] GC(331) Archive regions: 2->2
[2024-01-22T02:39:52.372+0000][7][gc,heap     ] GC(331) Humongous regions: 0->0
[2024-01-22T02:39:52.372+0000][7][gc,metaspace] GC(331) Metaspace: 130988K(134656K)->130988K(134656K) NonClass: 113923K(115840K)->113923K(115840K) Class: 17064K(18816K)->17064K(18816K)
[2024-01-22T02:39:52.372+0000][7][gc          ] GC(331) Pause Young (Normal) (G1 Evacuation Pause) 749M->141M(1024M) 6.176ms
[2024-01-22T02:39:52.372+0000][7][gc,cpu      ] GC(331) User=0.01s Sys=0.00s Real=0.01s
[2024-01-22T02:39:52.372+0000][7][safepoint   ] Safepoint "G1CollectForAllocation", Time since last: 163976716740 ns, Reaching safepoint: 64427 ns, At safepoint: 6295598 ns, Total: 6360025 ns
[2024-01-22T02:43:14.393+0000][7][safepoint   ] Safepoint "Cleanup", Time since last: 202021292872 ns, Reaching safepoint: 90085 ns, At safepoint: 9082 ns, Total: 99167 ns
[2024-01-22T02:43:31.446+0000][7][gc,start    ] GC(332) Pause Young (Normal) (G1 Evacuation Pause)
[2024-01-22T02:43:31.446+0000][7][gc,task     ] GC(332) Using 8 workers of 8 for evacuation
[2024-01-22T02:43:31.446+0000][7][gc,age      ] GC(332) Desired survivor size 41943040 bytes, new threshold 15 (max threshold 15)
[2024-01-22T02:43:31.449+0000][7][gc,phases   ] GC(332)   Pre Evacuate Collection Set: 0.1ms
[2024-01-22T02:43:31.449+0000][7][gc,phases   ] GC(332)   Merge Heap Roots: 0.1ms
[2024-01-22T02:43:31.449+0000][7][gc,phases   ] GC(332)   Evacuate Collection Set: 1.4ms
[2024-01-22T02:43:31.449+0000][7][gc,phases   ] GC(332)   Post Evacuate Collection Set: 0.8ms
[2024-01-22T02:43:31.449+0000][7][gc,phases   ] GC(332)   Other: 0.1ms
[2024-01-22T02:43:31.449+0000][7][gc,age      ] GC(332) Age table with threshold 15 (max threshold 15)
[2024-01-22T02:43:31.449+0000][7][gc,age      ] GC(332) - age   1:    1180120 bytes,    1180120 total
[2024-01-22T02:43:31.449+0000][7][gc,age      ] GC(332) - age   2:     116968 bytes,    1297088 total
[2024-01-22T02:43:31.449+0000][7][gc,age      ] GC(332) - age   3:      87232 bytes,    1384320 total
[2024-01-22T02:43:31.449+0000][7][gc,age      ] GC(332) - age   4:     134960 bytes,    1519280 total
[2024-01-22T02:43:31.449+0000][7][gc,age      ] GC(332) - age   5:      20336 bytes,    1539616 total
[2024-01-22T02:43:31.449+0000][7][gc,age      ] GC(332) - age   7:        408 bytes,    1540024 total
[2024-01-22T02:43:31.449+0000][7][gc,age      ] GC(332) - age   9:         24 bytes,    1540048 total
[2024-01-22T02:43:31.449+0000][7][gc,age      ] GC(332) - age  10:        352 bytes,    1540400 total
[2024-01-22T02:43:31.449+0000][7][gc,age      ] GC(332) - age  11:         32 bytes,    1540432 total
[2024-01-22T02:43:31.449+0000][7][gc,age      ] GC(332) - age  13:       1216 bytes,    1541648 total
[2024-01-22T02:43:31.449+0000][7][gc,age      ] GC(332) - age  14:       2352 bytes,    1544000 total
[2024-01-22T02:43:31.449+0000][7][gc,heap     ] GC(332) Eden regions: 152->0(152)
[2024-01-22T02:43:31.449+0000][7][gc,heap     ] GC(332) Survivor regions: 1->1(20)
[2024-01-22T02:43:31.449+0000][7][gc,heap     ] GC(332) Old regions: 34->34
[2024-01-22T02:43:31.449+0000][7][gc,heap     ] GC(332) Archive regions: 2->2
[2024-01-22T02:43:31.449+0000][7][gc,heap     ] GC(332) Humongous regions: 0->0
[2024-01-22T02:43:31.449+0000][7][gc,metaspace] GC(332) Metaspace: 130989K(134656K)->130989K(134656K) NonClass: 113925K(115840K)->113925K(115840K) Class: 17064K(18816K)->17064K(18816K)
[2024-01-22T02:43:31.449+0000][7][gc          ] GC(332) Pause Young (Normal) (G1 Evacuation Pause) 749M->141M(1024M) 2.727ms
[2024-01-22T02:43:31.449+0000][7][gc,cpu      ] GC(332) User=0.02s Sys=0.00s Real=0.00s
[2024-01-22T02:43:31.449+0000][7][safepoint   ] Safepoint "G1CollectForAllocation", Time since last: 17052892530 ns, Reaching safepoint: 80228 ns, At safepoint: 2830150 ns, Total: 2910378 ns
[2024-01-22T02:47:10.389+0000][7][gc,start    ] GC(333) Pause Young (Normal) (G1 Evacuation Pause)
[2024-01-22T02:47:10.389+0000][7][gc,task     ] GC(333) Using 8 workers of 8 for evacuation
[2024-01-22T02:47:10.389+0000][7][gc,age      ] GC(333) Desired survivor size 41943040 bytes, new threshold 15 (max threshold 15)
[2024-01-22T02:47:10.392+0000][7][gc,phases   ] GC(333)   Pre Evacuate Collection Set: 0.1ms
[2024-01-22T02:47:10.392+0000][7][gc,phases   ] GC(333)   Merge Heap Roots: 0.1ms
[2024-01-22T02:47:10.392+0000][7][gc,phases   ] GC(333)   Evacuate Collection Set: 1.4ms
[2024-01-22T02:47:10.392+0000][7][gc,phases   ] GC(333)   Post Evacuate Collection Set: 0.8ms
[2024-01-22T02:47:10.392+0000][7][gc,phases   ] GC(333)   Other: 0.1ms
[2024-01-22T02:47:10.392+0000][7][gc,age      ] GC(333) Age table with threshold 15 (max threshold 15)
[2024-01-22T02:47:10.392+0000][7][gc,age      ] GC(333) - age   1:     836480 bytes,     836480 total
[2024-01-22T02:47:10.392+0000][7][gc,age      ] GC(333) - age   2:     341288 bytes,    1177768 total
[2024-01-22T02:47:10.392+0000][7][gc,age      ] GC(333) - age   3:     112040 bytes,    1289808 total
[2024-01-22T02:47:10.392+0000][7][gc,age      ] GC(333) - age   4:      87232 bytes,    1377040 total
[2024-01-22T02:47:10.392+0000][7][gc,age      ] GC(333) - age   5:     134928 bytes,    1511968 total
[2024-01-22T02:47:10.392+0000][7][gc,age      ] GC(333) - age   6:       3584 bytes,    1515552 total
[2024-01-22T02:47:10.392+0000][7][gc,age      ] GC(333) - age   8:         24 bytes,    1515576 total
[2024-01-22T02:47:10.392+0000][7][gc,age      ] GC(333) - age  10:         24 bytes,    1515600 total
[2024-01-22T02:47:10.392+0000][7][gc,age      ] GC(333) - age  11:        352 bytes,    1515952 total
[2024-01-22T02:47:10.392+0000][7][gc,age      ] GC(333) - age  12:         32 bytes,    1515984 total
[2024-01-22T02:47:10.392+0000][7][gc,age      ] GC(333) - age  14:       1216 bytes,    1517200 total
[2024-01-22T02:47:10.392+0000][7][gc,age      ] GC(333) - age  15:       2352 bytes,    1519552 total
[2024-01-22T02:47:10.392+0000][7][gc,heap     ] GC(333) Eden regions: 152->0(152)
[2024-01-22T02:47:10.392+0000][7][gc,heap     ] GC(333) Survivor regions: 1->1(20)
[2024-01-22T02:47:10.392+0000][7][gc,heap     ] GC(333) Old regions: 34->34
[2024-01-22T02:47:10.392+0000][7][gc,heap     ] GC(333) Archive regions: 2->2
[2024-01-22T02:47:10.392+0000][7][gc,heap     ] GC(333) Humongous regions: 0->0
[2024-01-22T02:47:10.392+0000][7][gc,metaspace] GC(333) Metaspace: 130989K(134656K)->130989K(134656K) NonClass: 113925K(115840K)->113925K(115840K) Class: 17064K(18816K)->17064K(18816K)
[2024-01-22T02:47:10.392+0000][7][gc          ] GC(333) Pause Young (Normal) (G1 Evacuation Pause) 749M->141M(1024M) 2.793ms
[2024-01-22T02:47:10.392+0000][7][gc,cpu      ] GC(333) User=0.01s Sys=0.00s Real=0.01s
[2024-01-22T02:47:10.392+0000][7][safepoint   ] Safepoint "G1CollectForAllocation", Time since last: 218939848154 ns, Reaching safepoint: 51264 ns, At safepoint: 2894331 ns, Total: 2945595 ns
[2024-01-22T02:50:43.403+0000][7][gc,start    ] GC(334) Pause Young (Normal) (G1 Evacuation Pause)
[2024-01-22T02:50:43.403+0000][7][gc,task     ] GC(334) Using 8 workers of 8 for evacuation
[2024-01-22T02:50:43.403+0000][7][gc,age      ] GC(334) Desired survivor size 41943040 bytes, new threshold 15 (max threshold 15)
[2024-01-22T02:50:43.405+0000][7][gc,phases   ] GC(334)   Pre Evacuate Collection Set: 0.1ms
[2024-01-22T02:50:43.405+0000][7][gc,phases   ] GC(334)   Merge Heap Roots: 0.1ms
[2024-01-22T02:50:43.405+0000][7][gc,phases   ] GC(334)   Evacuate Collection Set: 1.3ms
[2024-01-22T02:50:43.405+0000][7][gc,phases   ] GC(334)   Post Evacuate Collection Set: 0.8ms
[2024-01-22T02:50:43.405+0000][7][gc,phases   ] GC(334)   Other: 0.1ms
[2024-01-22T02:50:43.405+0000][7][gc,age      ] GC(334) Age table with threshold 15 (max threshold 15)
[2024-01-22T02:50:43.405+0000][7][gc,age      ] GC(334) - age   1:     739528 bytes,     739528 total
[2024-01-22T02:50:43.405+0000][7][gc,age      ] GC(334) - age   2:      88960 bytes,     828488 total
[2024-01-22T02:50:43.405+0000][7][gc,age      ] GC(334) - age   3:     340336 bytes,    1168824 total
[2024-01-22T02:50:43.405+0000][7][gc,age      ] GC(334) - age   4:     111552 bytes,    1280376 total
[2024-01-22T02:50:43.405+0000][7][gc,age      ] GC(334) - age   5:      87232 bytes,    1367608 total
[2024-01-22T02:50:43.405+0000][7][gc,age      ] GC(334) - age   6:     134928 bytes,    1502536 total
[2024-01-22T02:50:43.405+0000][7][gc,age      ] GC(334) - age   7:       3584 bytes,    1506120 total
[2024-01-22T02:50:43.405+0000][7][gc,age      ] GC(334) - age   9:         24 bytes,    1506144 total
[2024-01-22T02:50:43.405+0000][7][gc,age      ] GC(334) - age  11:         24 bytes,    1506168 total
[2024-01-22T02:50:43.405+0000][7][gc,age      ] GC(334) - age  12:        352 bytes,    1506520 total
[2024-01-22T02:50:43.405+0000][7][gc,age      ] GC(334) - age  13:         32 bytes,    1506552 total
[2024-01-22T02:50:43.405+0000][7][gc,age      ] GC(334) - age  15:       1216 bytes,    1507768 total
[2024-01-22T02:50:43.405+0000][7][gc,heap     ] GC(334) Eden regions: 152->0(152)
[2024-01-22T02:50:43.405+0000][7][gc,heap     ] GC(334) Survivor regions: 1->1(20)
[2024-01-22T02:50:43.405+0000][7][gc,heap     ] GC(334) Old regions: 34->34
[2024-01-22T02:50:43.405+0000][7][gc,heap     ] GC(334) Archive regions: 2->2
[2024-01-22T02:50:43.405+0000][7][gc,heap     ] GC(334) Humongous regions: 0->0
[2024-01-22T02:50:43.405+0000][7][gc,metaspace] GC(334) Metaspace: 130989K(134656K)->130989K(134656K) NonClass: 113925K(115840K)->113925K(115840K) Class: 17064K(18816K)->17064K(18816K)
[2024-01-22T02:50:43.405+0000][7][gc          ] GC(334) Pause Young (Normal) (G1 Evacuation Pause) 749M->141M(1024M) 2.919ms
[2024-01-22T02:50:43.405+0000][7][gc,cpu      ] GC(334) User=0.01s Sys=0.00s Real=0.01s
[2024-01-22T02:50:43.405+0000][7][safepoint   ] Safepoint "G1CollectForAllocation", Time since last: 213010437017 ns, Reaching safepoint: 64454 ns, At safepoint: 3030134 ns, Total: 3094588 ns
[2024-01-22T02:54:10.386+0000][7][gc,start    ] GC(335) Pause Young (Normal) (G1 Evacuation Pause)
[2024-01-22T02:54:10.386+0000][7][gc,task     ] GC(335) Using 8 workers of 8 for evacuation
[2024-01-22T02:54:10.386+0000][7][gc,age      ] GC(335) Desired survivor size 41943040 bytes, new threshold 15 (max threshold 15)
[2024-01-22T02:54:10.389+0000][7][gc,phases   ] GC(335)   Pre Evacuate Collection Set: 0.1ms
[2024-01-22T02:54:10.390+0000][7][gc,phases   ] GC(335)   Merge Heap Roots: 0.1ms
[2024-01-22T02:54:10.390+0000][7][gc,phases   ] GC(335)   Evacuate Collection Set: 1.7ms
[2024-01-22T02:54:10.390+0000][7][gc,phases   ] GC(335)   Post Evacuate Collection Set: 0.9ms
[2024-01-22T02:54:10.390+0000][7][gc,phases   ] GC(335)   Other: 0.1ms
[2024-01-22T02:54:10.390+0000][7][gc,age      ] GC(335) Age table with threshold 15 (max threshold 15)
[2024-01-22T02:54:10.390+0000][7][gc,age      ] GC(335) - age   1:     971864 bytes,     971864 total
[2024-01-22T02:54:10.390+0000][7][gc,age      ] GC(335) - age   2:      15184 bytes,     987048 total
[2024-01-22T02:54:10.390+0000][7][gc,age      ] GC(335) - age   3:      79712 bytes,    1066760 total
[2024-01-22T02:54:10.390+0000][7][gc,age      ] GC(335) - age   4:     338512 bytes,    1405272 total
[2024-01-22T02:54:10.390+0000][7][gc,age      ] GC(335) - age   5:     110976 bytes,    1516248 total
[2024-01-22T02:54:10.390+0000][7][gc,age      ] GC(335) - age   6:      87232 bytes,    1603480 total
[2024-01-22T02:54:10.390+0000][7][gc,age      ] GC(335) - age   7:     134928 bytes,    1738408 total
[2024-01-22T02:54:10.390+0000][7][gc,age      ] GC(335) - age   8:       3584 bytes,    1741992 total
[2024-01-22T02:54:10.390+0000][7][gc,age      ] GC(335) - age  12:         24 bytes,    1742016 total
[2024-01-22T02:54:10.390+0000][7][gc,age      ] GC(335) - age  13:        352 bytes,    1742368 total
[2024-01-22T02:54:10.390+0000][7][gc,age      ] GC(335) - age  14:         32 bytes,    1742400 total
[2024-01-22T02:54:10.390+0000][7][gc,heap     ] GC(335) Eden regions: 152->0(152)
[2024-01-22T02:54:10.390+0000][7][gc,heap     ] GC(335) Survivor regions: 1->1(20)
[2024-01-22T02:54:10.390+0000][7][gc,heap     ] GC(335) Old regions: 34->34
[2024-01-22T02:54:10.390+0000][7][gc,heap     ] GC(335) Archive regions: 2->2
[2024-01-22T02:54:10.390+0000][7][gc,heap     ] GC(335) Humongous regions: 0->0
[2024-01-22T02:54:10.390+0000][7][gc,metaspace] GC(335) Metaspace: 130991K(134656K)->130991K(134656K) NonClass: 113927K(115840K)->113927K(115840K) Class: 17064K(18816K)->17064K(18816K)
[2024-01-22T02:54:10.390+0000][7][gc          ] GC(335) Pause Young (Normal) (G1 Evacuation Pause) 749M->141M(1024M) 3.362ms
[2024-01-22T02:54:10.390+0000][7][gc,cpu      ] GC(335) User=0.02s Sys=0.00s Real=0.00s
[2024-01-22T02:54:10.390+0000][7][safepoint   ] Safepoint "G1CollectForAllocation", Time since last: 206980782068 ns, Reaching safepoint: 60582 ns, At safepoint: 3470400 ns, Total: 3530982 ns
[2024-01-22T02:57:04.462+0000][7][gc,start    ] GC(336) Pause Young (Normal) (G1 Evacuation Pause)
[2024-01-22T02:57:04.462+0000][7][gc,task     ] GC(336) Using 8 workers of 8 for evacuation
[2024-01-22T02:57:04.462+0000][7][gc,age      ] GC(336) Desired survivor size 41943040 bytes, new threshold 15 (max threshold 15)
[2024-01-22T02:57:04.464+0000][7][gc,phases   ] GC(336)   Pre Evacuate Collection Set: 0.1ms
[2024-01-22T02:57:04.464+0000][7][gc,phases   ] GC(336)   Merge Heap Roots: 0.1ms
[2024-01-22T02:57:04.464+0000][7][gc,phases   ] GC(336)   Evacuate Collection Set: 1.0ms
[2024-01-22T02:57:04.464+0000][7][gc,phases   ] GC(336)   Post Evacuate Collection Set: 0.7ms
[2024-01-22T02:57:04.464+0000][7][gc,phases   ] GC(336)   Other: 0.1ms
[2024-01-22T02:57:04.464+0000][7][gc,age      ] GC(336) Age table with threshold 15 (max threshold 15)
[2024-01-22T02:57:04.464+0000][7][gc,age      ] GC(336) - age   1:     520392 bytes,     520392 total
[2024-01-22T02:57:04.464+0000][7][gc,age      ] GC(336) - age   2:      18048 bytes,     538440 total
[2024-01-22T02:57:04.464+0000][7][gc,age      ] GC(336) - age   3:      14320 bytes,     552760 total
[2024-01-22T02:57:04.464+0000][7][gc,age      ] GC(336) - age   4:      76928 bytes,     629688 total
[2024-01-22T02:57:04.464+0000][7][gc,age      ] GC(336) - age   5:     338512 bytes,     968200 total
[2024-01-22T02:57:04.464+0000][7][gc,age      ] GC(336) - age   6:     110976 bytes,    1079176 total
[2024-01-22T02:57:04.464+0000][7][gc,age      ] GC(336) - age   7:      87232 bytes,    1166408 total
[2024-01-22T02:57:04.464+0000][7][gc,age      ] GC(336) - age   8:     134928 bytes,    1301336 total
[2024-01-22T02:57:04.464+0000][7][gc,age      ] GC(336) - age   9:       3584 bytes,    1304920 total
[2024-01-22T02:57:04.464+0000][7][gc,age      ] GC(336) - age  13:         24 bytes,    1304944 total
[2024-01-22T02:57:04.464+0000][7][gc,age      ] GC(336) - age  14:        352 bytes,    1305296 total
[2024-01-22T02:57:04.464+0000][7][gc,age      ] GC(336) - age  15:         32 bytes,    1305328 total
[2024-01-22T02:57:04.464+0000][7][gc,heap     ] GC(336) Eden regions: 152->0(152)
[2024-01-22T02:57:04.464+0000][7][gc,heap     ] GC(336) Survivor regions: 1->1(20)
[2024-01-22T02:57:04.464+0000][7][gc,heap     ] GC(336) Old regions: 34->34
[2024-01-22T02:57:04.464+0000][7][gc,heap     ] GC(336) Archive regions: 2->2
[2024-01-22T02:57:04.464+0000][7][gc,heap     ] GC(336) Humongous regions: 0->0
[2024-01-22T02:57:04.464+0000][7][gc,metaspace] GC(336) Metaspace: 130991K(134656K)->130991K(134656K) NonClass: 113927K(115840K)->113927K(115840K) Class: 17064K(18816K)->17064K(18816K)
[2024-01-22T02:57:04.464+0000][7][gc          ] GC(336) Pause Young (Normal) (G1 Evacuation Pause) 749M->141M(1024M) 2.232ms
[2024-01-22T02:57:04.465+0000][7][gc,cpu      ] GC(336) User=0.01s Sys=0.00s Real=0.01s
[2024-01-22T02:57:04.465+0000][7][safepoint   ] Safepoint "G1CollectForAllocation", Time since last: 174072397625 ns, Reaching safepoint: 30228 ns, At safepoint: 2336128 ns, Total: 2366356 ns
[2024-01-22T02:59:11.478+0000][7][safepoint   ] Safepoint "Cleanup", Time since last: 127013158150 ns, Reaching safepoint: 41225 ns, At safepoint: 19018 ns, Total: 60243 ns
[2024-01-22T02:59:52.896+0000][7][gc,start    ] GC(337) Pause Young (Normal) (G1 Evacuation Pause)
[2024-01-22T02:59:52.896+0000][7][gc,task     ] GC(337) Using 8 workers of 8 for evacuation
[2024-01-22T02:59:52.896+0000][7][gc,age      ] GC(337) Desired survivor size 41943040 bytes, new threshold 15 (max threshold 15)
[2024-01-22T02:59:52.898+0000][7][gc,phases   ] GC(337)   Pre Evacuate Collection Set: 0.1ms
[2024-01-22T02:59:52.899+0000][7][gc,phases   ] GC(337)   Merge Heap Roots: 0.1ms
[2024-01-22T02:59:52.899+0000][7][gc,phases   ] GC(337)   Evacuate Collection Set: 1.7ms
[2024-01-22T02:59:52.899+0000][7][gc,phases   ] GC(337)   Post Evacuate Collection Set: 0.8ms
[2024-01-22T02:59:52.899+0000][7][gc,phases   ] GC(337)   Other: 0.1ms
[2024-01-22T02:59:52.899+0000][7][gc,age      ] GC(337) Age table with threshold 15 (max threshold 15)
[2024-01-22T02:59:52.899+0000][7][gc,age      ] GC(337) - age   1:     516088 bytes,     516088 total
[2024-01-22T02:59:52.899+0000][7][gc,age      ] GC(337) - age   2:       4320 bytes,     520408 total
[2024-01-22T02:59:52.899+0000][7][gc,age      ] GC(337) - age   3:      16584 bytes,     536992 total
[2024-01-22T02:59:52.899+0000][7][gc,age      ] GC(337) - age   4:      14320 bytes,     551312 total
[2024-01-22T02:59:52.899+0000][7][gc,age      ] GC(337) - age   5:      76928 bytes,     628240 total
[2024-01-22T02:59:52.899+0000][7][gc,age      ] GC(337) - age   6:     338512 bytes,     966752 total
[2024-01-22T02:59:52.899+0000][7][gc,age      ] GC(337) - age   7:     110976 bytes,    1077728 total
[2024-01-22T02:59:52.899+0000][7][gc,age      ] GC(337) - age   8:      87232 bytes,    1164960 total
[2024-01-22T02:59:52.899+0000][7][gc,age      ] GC(337) - age   9:     134928 bytes,    1299888 total
[2024-01-22T02:59:52.899+0000][7][gc,age      ] GC(337) - age  10:       3584 bytes,    1303472 total
[2024-01-22T02:59:52.899+0000][7][gc,age      ] GC(337) - age  14:         24 bytes,    1303496 total
[2024-01-22T02:59:52.899+0000][7][gc,age      ] GC(337) - age  15:        352 bytes,    1303848 total
[2024-01-22T02:59:52.899+0000][7][gc,heap     ] GC(337) Eden regions: 152->0(152)
[2024-01-22T02:59:52.899+0000][7][gc,heap     ] GC(337) Survivor regions: 1->1(20)
[2024-01-22T02:59:52.899+0000][7][gc,heap     ] GC(337) Old regions: 34->34
[2024-01-22T02:59:52.899+0000][7][gc,heap     ] GC(337) Archive regions: 2->2
[2024-01-22T02:59:52.899+0000][7][gc,heap     ] GC(337) Humongous regions: 0->0
[2024-01-22T02:59:52.899+0000][7][gc,metaspace] GC(337) Metaspace: 130991K(134656K)->130991K(134656K) NonClass: 113927K(115840K)->113927K(115840K) Class: 17064K(18816K)->17064K(18816K)
[2024-01-22T02:59:52.899+0000][7][gc          ] GC(337) Pause Young (Normal) (G1 Evacuation Pause) 749M->141M(1024M) 3.072ms
[2024-01-22T02:59:52.899+0000][7][gc,cpu      ] GC(337) User=0.01s Sys=0.00s Real=0.00s
[2024-01-22T02:59:52.899+0000][7][safepoint   ] Safepoint "G1CollectForAllocation", Time since last: 41417722350 ns, Reaching safepoint: 83021 ns, At safepoint: 3165335 ns, Total: 3248356 ns
[2024-01-22T03:02:41.429+0000][7][gc,start    ] GC(338) Pause Young (Normal) (G1 Evacuation Pause)
[2024-01-22T03:02:41.429+0000][7][gc,task     ] GC(338) Using 8 workers of 8 for evacuation
[2024-01-22T03:02:41.429+0000][7][gc,age      ] GC(338) Desired survivor size 41943040 bytes, new threshold 15 (max threshold 15)
[2024-01-22T03:02:41.432+0000][7][gc,phases   ] GC(338)   Pre Evacuate Collection Set: 0.1ms
[2024-01-22T03:02:41.432+0000][7][gc,phases   ] GC(338)   Merge Heap Roots: 0.1ms
[2024-01-22T03:02:41.432+0000][7][gc,phases   ] GC(338)   Evacuate Collection Set: 1.8ms
[2024-01-22T03:02:41.432+0000][7][gc,phases   ] GC(338)   Post Evacuate Collection Set: 0.9ms
[2024-01-22T03:02:41.432+0000][7][gc,phases   ] GC(338)   Other: 0.1ms
[2024-01-22T03:02:41.432+0000][7][gc,age      ] GC(338) Age table with threshold 15 (max threshold 15)
[2024-01-22T03:02:41.432+0000][7][gc,age      ] GC(338) - age   1:    1392968 bytes,    1392968 total
[2024-01-22T03:02:41.432+0000][7][gc,age      ] GC(338) - age   2:       1176 bytes,    1394144 total
[2024-01-22T03:02:41.432+0000][7][gc,age      ] GC(338) - age   3:       3160 bytes,    1397304 total
[2024-01-22T03:02:41.432+0000][7][gc,age      ] GC(338) - age   4:      15560 bytes,    1412864 total
[2024-01-22T03:02:41.432+0000][7][gc,age      ] GC(338) - age   5:      14192 bytes,    1427056 total
[2024-01-22T03:02:41.433+0000][7][gc,age      ] GC(338) - age   6:      76928 bytes,    1503984 total
[2024-01-22T03:02:41.433+0000][7][gc,age      ] GC(338) - age   7:     338512 bytes,    1842496 total
[2024-01-22T03:02:41.433+0000][7][gc,age      ] GC(338) - age   8:     110976 bytes,    1953472 total
[2024-01-22T03:02:41.433+0000][7][gc,age      ] GC(338) - age   9:      87232 bytes,    2040704 total
[2024-01-22T03:02:41.433+0000][7][gc,age      ] GC(338) - age  10:     134928 bytes,    2175632 total
[2024-01-22T03:02:41.433+0000][7][gc,age      ] GC(338) - age  11:       3584 bytes,    2179216 total
[2024-01-22T03:02:41.433+0000][7][gc,age      ] GC(338) - age  15:         24 bytes,    2179240 total
[2024-01-22T03:02:41.433+0000][7][gc,heap     ] GC(338) Eden regions: 152->0(152)
[2024-01-22T03:02:41.433+0000][7][gc,heap     ] GC(338) Survivor regions: 1->1(20)
[2024-01-22T03:02:41.433+0000][7][gc,heap     ] GC(338) Old regions: 34->34
[2024-01-22T03:02:41.433+0000][7][gc,heap     ] GC(338) Archive regions: 2->2
[2024-01-22T03:02:41.433+0000][7][gc,heap     ] GC(338) Humongous regions: 0->0
[2024-01-22T03:02:41.433+0000][7][gc,metaspace] GC(338) Metaspace: 130991K(134656K)->130991K(134656K) NonClass: 113927K(115840K)->113927K(115840K) Class: 17064K(18816K)->17064K(18816K)
[2024-01-22T03:02:41.433+0000][7][gc          ] GC(338) Pause Young (Normal) (G1 Evacuation Pause) 749M->141M(1024M) 3.371ms
[2024-01-22T03:02:41.433+0000][7][gc,cpu      ] GC(338) User=0.02s Sys=0.00s Real=0.01s
[2024-01-22T03:02:41.433+0000][7][safepoint   ] Safepoint "G1CollectForAllocation", Time since last: 168530392913 ns, Reaching safepoint: 62995 ns, At safepoint: 3475424 ns, Total: 3538419 ns
[2024-01-22T03:05:17.448+0000][7][safepoint   ] Safepoint "Cleanup", Time since last: 156015514073 ns, Reaching safepoint: 79107 ns, At safepoint: 36561 ns, Total: 115668 ns
[2024-01-22T03:05:34.487+0000][7][gc,start    ] GC(339) Pause Young (Normal) (G1 Evacuation Pause)
[2024-01-22T03:05:34.487+0000][7][gc,task     ] GC(339) Using 8 workers of 8 for evacuation
[2024-01-22T03:05:34.487+0000][7][gc,age      ] GC(339) Desired survivor size 41943040 bytes, new threshold 15 (max threshold 15)
[2024-01-22T03:05:34.498+0000][7][gc,phases   ] GC(339)   Pre Evacuate Collection Set: 0.1ms
[2024-01-22T03:05:34.498+0000][7][gc,phases   ] GC(339)   Merge Heap Roots: 0.1ms
[2024-01-22T03:05:34.498+0000][7][gc,phases   ] GC(339)   Evacuate Collection Set: 8.0ms
[2024-01-22T03:05:34.498+0000][7][gc,phases   ] GC(339)   Post Evacuate Collection Set: 2.7ms
[2024-01-22T03:05:34.498+0000][7][gc,phases   ] GC(339)   Other: 0.3ms
[2024-01-22T03:05:34.498+0000][7][gc,age      ] GC(339) Age table with threshold 15 (max threshold 15)
[2024-01-22T03:05:34.498+0000][7][gc,age      ] GC(339) - age   1:    1626104 bytes,    1626104 total
[2024-01-22T03:05:34.498+0000][7][gc,age      ] GC(339) - age   2:      10616 bytes,    1636720 total
[2024-01-22T03:05:34.498+0000][7][gc,age      ] GC(339) - age   3:         24 bytes,    1636744 total
[2024-01-22T03:05:34.498+0000][7][gc,age      ] GC(339) - age   4:       2968 bytes,    1639712 total
[2024-01-22T03:05:34.498+0000][7][gc,age      ] GC(339) - age   5:      14416 bytes,    1654128 total
[2024-01-22T03:05:34.498+0000][7][gc,age      ] GC(339) - age   6:      14008 bytes,    1668136 total
[2024-01-22T03:05:34.499+0000][7][gc,age      ] GC(339) - age   7:      76544 bytes,    1744680 total
[2024-01-22T03:05:34.499+0000][7][gc,age      ] GC(339) - age   8:     338480 bytes,    2083160 total
[2024-01-22T03:05:34.499+0000][7][gc,age      ] GC(339) - age   9:     110976 bytes,    2194136 total
[2024-01-22T03:05:34.499+0000][7][gc,age      ] GC(339) - age  10:      87232 bytes,    2281368 total
[2024-01-22T03:05:34.499+0000][7][gc,age      ] GC(339) - age  11:     134928 bytes,    2416296 total
[2024-01-22T03:05:34.499+0000][7][gc,age      ] GC(339) - age  12:       3584 bytes,    2419880 total
[2024-01-22T03:05:34.499+0000][7][gc,heap     ] GC(339) Eden regions: 152->0(152)
[2024-01-22T03:05:34.499+0000][7][gc,heap     ] GC(339) Survivor regions: 1->1(20)
[2024-01-22T03:05:34.499+0000][7][gc,heap     ] GC(339) Old regions: 34->34
[2024-01-22T03:05:34.499+0000][7][gc,heap     ] GC(339) Archive regions: 2->2
[2024-01-22T03:05:34.499+0000][7][gc,heap     ] GC(339) Humongous regions: 0->0
[2024-01-22T03:05:34.499+0000][7][gc,metaspace] GC(339) Metaspace: 130993K(134656K)->130993K(134656K) NonClass: 113929K(115840K)->113929K(115840K) Class: 17064K(18816K)->17064K(18816K)
[2024-01-22T03:05:34.499+0000][7][gc          ] GC(339) Pause Young (Normal) (G1 Evacuation Pause) 749M->142M(1024M) 11.618ms
[2024-01-22T03:05:34.499+0000][7][gc,cpu      ] GC(339) User=0.02s Sys=0.00s Real=0.01s
[2024-01-22T03:05:34.499+0000][7][safepoint   ] Safepoint "G1CollectForAllocation", Time since last: 17038621727 ns, Reaching safepoint: 64899 ns, At safepoint: 11735834 ns, Total: 11800733 ns
[2024-01-22T03:08:55.466+0000][7][gc,start    ] GC(340) Pause Young (Normal) (G1 Evacuation Pause)
[2024-01-22T03:08:55.467+0000][7][gc,task     ] GC(340) Using 8 workers of 8 for evacuation
[2024-01-22T03:08:55.467+0000][7][gc,age      ] GC(340) Desired survivor size 41943040 bytes, new threshold 15 (max threshold 15)
[2024-01-22T03:08:55.468+0000][7][gc,phases   ] GC(340)   Pre Evacuate Collection Set: 0.1ms
[2024-01-22T03:08:55.468+0000][7][gc,phases   ] GC(340)   Merge Heap Roots: 0.0ms
[2024-01-22T03:08:55.468+0000][7][gc,phases   ] GC(340)   Evacuate Collection Set: 0.7ms
[2024-01-22T03:08:55.468+0000][7][gc,phases   ] GC(340)   Post Evacuate Collection Set: 0.5ms
[2024-01-22T03:08:55.468+0000][7][gc,phases   ] GC(340)   Other: 0.1ms
[2024-01-22T03:08:55.468+0000][7][gc,age      ] GC(340) Age table with threshold 15 (max threshold 15)
[2024-01-22T03:08:55.468+0000][7][gc,age      ] GC(340) - age   1:     320632 bytes,     320632 total
[2024-01-22T03:08:55.468+0000][7][gc,age      ] GC(340) - age   2:       4384 bytes,     325016 total
[2024-01-22T03:08:55.468+0000][7][gc,age      ] GC(340) - age   3:        896 bytes,     325912 total
[2024-01-22T03:08:55.468+0000][7][gc,age      ] GC(340) - age   4:         24 bytes,     325936 total
[2024-01-22T03:08:55.468+0000][7][gc,age      ] GC(340) - age   5:        664 bytes,     326600 total
[2024-01-22T03:08:55.468+0000][7][gc,age      ] GC(340) - age   6:      13936 bytes,     340536 total
[2024-01-22T03:08:55.468+0000][7][gc,age      ] GC(340) - age   7:      14008 bytes,     354544 total
[2024-01-22T03:08:55.468+0000][7][gc,age      ] GC(340) - age   8:      76544 bytes,     431088 total
[2024-01-22T03:08:55.468+0000][7][gc,age      ] GC(340) - age   9:     338480 bytes,     769568 total
[2024-01-22T03:08:55.468+0000][7][gc,age      ] GC(340) - age  10:     110792 bytes,     880360 total
[2024-01-22T03:08:55.468+0000][7][gc,age      ] GC(340) - age  11:      87232 bytes,     967592 total
[2024-01-22T03:08:55.468+0000][7][gc,age      ] GC(340) - age  12:     134928 bytes,    1102520 total
[2024-01-22T03:08:55.468+0000][7][gc,age      ] GC(340) - age  13:       3584 bytes,    1106104 total
[2024-01-22T03:08:55.468+0000][7][gc,heap     ] GC(340) Eden regions: 152->0(152)
[2024-01-22T03:08:55.468+0000][7][gc,heap     ] GC(340) Survivor regions: 1->1(20)
[2024-01-22T03:08:55.468+0000][7][gc,heap     ] GC(340) Old regions: 34->34
[2024-01-22T03:08:55.468+0000][7][gc,heap     ] GC(340) Archive regions: 2->2
[2024-01-22T03:08:55.468+0000][7][gc,heap     ] GC(340) Humongous regions: 0->0
[2024-01-22T03:08:55.468+0000][7][gc,metaspace] GC(340) Metaspace: 130993K(134656K)->130993K(134656K) NonClass: 113929K(115840K)->113929K(115840K) Class: 17064K(18816K)->17064K(18816K)
[2024-01-22T03:08:55.468+0000][7][gc          ] GC(340) Pause Young (Normal) (G1 Evacuation Pause) 750M->141M(1024M) 1.525ms
[2024-01-22T03:08:55.468+0000][7][gc,cpu      ] GC(340) User=0.01s Sys=0.00s Real=0.00s
[2024-01-22T03:08:55.468+0000][7][safepoint   ] Safepoint "G1CollectForAllocation", Time since last: 200967662845 ns, Reaching safepoint: 29564 ns, At safepoint: 1592583 ns, Total: 1622147 ns
[2024-01-22T03:10:53.478+0000][7][safepoint   ] Safepoint "Cleanup", Time since last: 118009734186 ns, Reaching safepoint: 54150 ns, At safepoint: 37355 ns, Total: 91505 ns
[2024-01-22T03:12:16.945+0000][7][gc,start    ] GC(341) Pause Young (Normal) (G1 Evacuation Pause)
[2024-01-22T03:12:16.945+0000][7][gc,task     ] GC(341) Using 8 workers of 8 for evacuation
[2024-01-22T03:12:16.946+0000][7][gc,age      ] GC(341) Desired survivor size 41943040 bytes, new threshold 15 (max threshold 15)
[2024-01-22T03:12:16.948+0000][7][gc,phases   ] GC(341)   Pre Evacuate Collection Set: 0.1ms
[2024-01-22T03:12:16.948+0000][7][gc,phases   ] GC(341)   Merge Heap Roots: 0.1ms
[2024-01-22T03:12:16.948+0000][7][gc,phases   ] GC(341)   Evacuate Collection Set: 1.1ms
[2024-01-22T03:12:16.948+0000][7][gc,phases   ] GC(341)   Post Evacuate Collection Set: 0.8ms
[2024-01-22T03:12:16.948+0000][7][gc,phases   ] GC(341)   Other: 0.1ms
[2024-01-22T03:12:16.948+0000][7][gc,age      ] GC(341) Age table with threshold 15 (max threshold 15)
[2024-01-22T03:12:16.948+0000][7][gc,age      ] GC(341) - age   1:     446272 bytes,     446272 total
[2024-01-22T03:12:16.948+0000][7][gc,age      ] GC(341) - age   2:       5072 bytes,     451344 total
[2024-01-22T03:12:16.948+0000][7][gc,age      ] GC(341) - age   3:       1824 bytes,     453168 total
[2024-01-22T03:12:16.948+0000][7][gc,age      ] GC(341) - age   5:         24 bytes,     453192 total
[2024-01-22T03:12:16.948+0000][7][gc,age      ] GC(341) - age   6:        664 bytes,     453856 total
[2024-01-22T03:12:16.948+0000][7][gc,age      ] GC(341) - age   7:      13904 bytes,     467760 total
[2024-01-22T03:12:16.948+0000][7][gc,age      ] GC(341) - age   8:      14008 bytes,     481768 total
[2024-01-22T03:12:16.948+0000][7][gc,age      ] GC(341) - age   9:      76544 bytes,     558312 total
[2024-01-22T03:12:16.948+0000][7][gc,age      ] GC(341) - age  10:     338480 bytes,     896792 total
[2024-01-22T03:12:16.948+0000][7][gc,age      ] GC(341) - age  11:     110792 bytes,    1007584 total
[2024-01-22T03:12:16.948+0000][7][gc,age      ] GC(341) - age  12:      87232 bytes,    1094816 total
[2024-01-22T03:12:16.948+0000][7][gc,age      ] GC(341) - age  13:     134928 bytes,    1229744 total
[2024-01-22T03:12:16.948+0000][7][gc,age      ] GC(341) - age  14:       3584 bytes,    1233328 total
[2024-01-22T03:12:16.948+0000][7][gc,heap     ] GC(341) Eden regions: 152->0(152)
[2024-01-22T03:12:16.948+0000][7][gc,heap     ] GC(341) Survivor regions: 1->1(20)
[2024-01-22T03:12:16.948+0000][7][gc,heap     ] GC(341) Old regions: 34->34
[2024-01-22T03:12:16.948+0000][7][gc,heap     ] GC(341) Archive regions: 2->2
[2024-01-22T03:12:16.948+0000][7][gc,heap     ] GC(341) Humongous regions: 0->0
[2024-01-22T03:12:16.948+0000][7][gc,metaspace] GC(341) Metaspace: 130993K(134656K)->130993K(134656K) NonClass: 113929K(115840K)->113929K(115840K) Class: 17064K(18816K)->17064K(18816K)
[2024-01-22T03:12:16.948+0000][7][gc          ] GC(341) Pause Young (Normal) (G1 Evacuation Pause) 749M->141M(1024M) 2.539ms
[2024-01-22T03:12:16.948+0000][7][gc,cpu      ] GC(341) User=0.01s Sys=0.00s Real=0.00s
[2024-01-22T03:12:16.948+0000][7][safepoint   ] Safepoint "G1CollectForAllocation", Time since last: 83467463125 ns, Reaching safepoint: 71426 ns, At safepoint: 2634295 ns, Total: 2705721 ns
[2024-01-22T03:15:49.478+0000][7][gc,start    ] GC(342) Pause Young (Normal) (G1 Evacuation Pause)
[2024-01-22T03:15:49.478+0000][7][gc,task     ] GC(342) Using 8 workers of 8 for evacuation
[2024-01-22T03:15:49.478+0000][7][gc,age      ] GC(342) Desired survivor size 41943040 bytes, new threshold 15 (max threshold 15)
[2024-01-22T03:15:49.481+0000][7][gc,phases   ] GC(342)   Pre Evacuate Collection Set: 0.1ms
[2024-01-22T03:15:49.481+0000][7][gc,phases   ] GC(342)   Merge Heap Roots: 0.1ms
[2024-01-22T03:15:49.481+0000][7][gc,phases   ] GC(342)   Evacuate Collection Set: 1.7ms
[2024-01-22T03:15:49.481+0000][7][gc,phases   ] GC(342)   Post Evacuate Collection Set: 0.7ms
[2024-01-22T03:15:49.481+0000][7][gc,phases   ] GC(342)   Other: 0.1ms
[2024-01-22T03:15:49.481+0000][7][gc,age      ] GC(342) Age table with threshold 15 (max threshold 15)
[2024-01-22T03:15:49.481+0000][7][gc,age      ] GC(342) - age   1:    1335184 bytes,    1335184 total
[2024-01-22T03:15:49.481+0000][7][gc,age      ] GC(342) - age   2:       1624 bytes,    1336808 total
[2024-01-22T03:15:49.481+0000][7][gc,age      ] GC(342) - age   3:       4520 bytes,    1341328 total
[2024-01-22T03:15:49.481+0000][7][gc,age      ] GC(342) - age   4:        568 bytes,    1341896 total
[2024-01-22T03:15:49.481+0000][7][gc,age      ] GC(342) - age   6:         24 bytes,    1341920 total
[2024-01-22T03:15:49.481+0000][7][gc,age      ] GC(342) - age   7:        664 bytes,    1342584 total
[2024-01-22T03:15:49.481+0000][7][gc,age      ] GC(342) - age   8:      13720 bytes,    1356304 total
[2024-01-22T03:15:49.481+0000][7][gc,age      ] GC(342) - age   9:      14008 bytes,    1370312 total
[2024-01-22T03:15:49.481+0000][7][gc,age      ] GC(342) - age  10:      76544 bytes,    1446856 total
[2024-01-22T03:15:49.481+0000][7][gc,age      ] GC(342) - age  11:     338480 bytes,    1785336 total
[2024-01-22T03:15:49.481+0000][7][gc,age      ] GC(342) - age  12:     110792 bytes,    1896128 total
[2024-01-22T03:15:49.481+0000][7][gc,age      ] GC(342) - age  13:      87232 bytes,    1983360 total
[2024-01-22T03:15:49.481+0000][7][gc,age      ] GC(342) - age  14:     134928 bytes,    2118288 total
[2024-01-22T03:15:49.481+0000][7][gc,age      ] GC(342) - age  15:       3584 bytes,    2121872 total
[2024-01-22T03:15:49.481+0000][7][gc,heap     ] GC(342) Eden regions: 152->0(152)
[2024-01-22T03:15:49.481+0000][7][gc,heap     ] GC(342) Survivor regions: 1->1(20)
[2024-01-22T03:15:49.481+0000][7][gc,heap     ] GC(342) Old regions: 34->34
[2024-01-22T03:15:49.481+0000][7][gc,heap     ] GC(342) Archive regions: 2->2
[2024-01-22T03:15:49.481+0000][7][gc,heap     ] GC(342) Humongous regions: 0->0
[2024-01-22T03:15:49.481+0000][7][gc,metaspace] GC(342) Metaspace: 130993K(134656K)->130993K(134656K) NonClass: 113929K(115840K)->113929K(115840K) Class: 17064K(18816K)->17064K(18816K)
[2024-01-22T03:15:49.481+0000][7][gc          ] GC(342) Pause Young (Normal) (G1 Evacuation Pause) 749M->141M(1024M) 3.069ms
[2024-01-22T03:15:49.481+0000][7][gc,cpu      ] GC(342) User=0.02s Sys=0.00s Real=0.00s
[2024-01-22T03:15:49.481+0000][7][safepoint   ] Safepoint "G1CollectForAllocation", Time since last: 212529638435 ns, Reaching safepoint: 39962 ns, At safepoint: 3156161 ns, Total: 3196123 ns
[2024-01-22T03:19:19.501+0000][7][gc,start    ] GC(343) Pause Young (Normal) (G1 Evacuation Pause)
[2024-01-22T03:19:19.501+0000][7][gc,task     ] GC(343) Using 8 workers of 8 for evacuation
[2024-01-22T03:19:19.501+0000][7][gc,age      ] GC(343) Desired survivor size 41943040 bytes, new threshold 15 (max threshold 15)
[2024-01-22T03:19:19.504+0000][7][gc,phases   ] GC(343)   Pre Evacuate Collection Set: 0.1ms
[2024-01-22T03:19:19.504+0000][7][gc,phases   ] GC(343)   Merge Heap Roots: 0.1ms
[2024-01-22T03:19:19.504+0000][7][gc,phases   ] GC(343)   Evacuate Collection Set: 1.4ms
[2024-01-22T03:19:19.504+0000][7][gc,phases   ] GC(343)   Post Evacuate Collection Set: 1.0ms
[2024-01-22T03:19:19.504+0000][7][gc,phases   ] GC(343)   Other: 0.1ms
[2024-01-22T03:19:19.504+0000][7][gc,age      ] GC(343) Age table with threshold 15 (max threshold 15)
[2024-01-22T03:19:19.504+0000][7][gc,age      ] GC(343) - age   1:    1178616 bytes,    1178616 total
[2024-01-22T03:19:19.504+0000][7][gc,age      ] GC(343) - age   2:      11200 bytes,    1189816 total
[2024-01-22T03:19:19.504+0000][7][gc,age      ] GC(343) - age   3:        984 bytes,    1190800 total
[2024-01-22T03:19:19.504+0000][7][gc,age      ] GC(343) - age   4:       2064 bytes,    1192864 total
[2024-01-22T03:19:19.504+0000][7][gc,age      ] GC(343) - age   5:        568 bytes,    1193432 total
[2024-01-22T03:19:19.504+0000][7][gc,age      ] GC(343) - age   7:         24 bytes,    1193456 total
[2024-01-22T03:19:19.504+0000][7][gc,age      ] GC(343) - age   8:        480 bytes,    1193936 total
[2024-01-22T03:19:19.504+0000][7][gc,age      ] GC(343) - age   9:      13720 bytes,    1207656 total
[2024-01-22T03:19:19.504+0000][7][gc,age      ] GC(343) - age  10:      13712 bytes,    1221368 total
[2024-01-22T03:19:19.504+0000][7][gc,age      ] GC(343) - age  11:      76544 bytes,    1297912 total
[2024-01-22T03:19:19.504+0000][7][gc,age      ] GC(343) - age  12:     338480 bytes,    1636392 total
[2024-01-22T03:19:19.504+0000][7][gc,age      ] GC(343) - age  13:     110792 bytes,    1747184 total
[2024-01-22T03:19:19.504+0000][7][gc,age      ] GC(343) - age  14:      87232 bytes,    1834416 total
[2024-01-22T03:19:19.504+0000][7][gc,age      ] GC(343) - age  15:     134928 bytes,    1969344 total
[2024-01-22T03:19:19.504+0000][7][gc,heap     ] GC(343) Eden regions: 152->0(152)
[2024-01-22T03:19:19.504+0000][7][gc,heap     ] GC(343) Survivor regions: 1->1(20)
[2024-01-22T03:19:19.504+0000][7][gc,heap     ] GC(343) Old regions: 34->34
[2024-01-22T03:19:19.504+0000][7][gc,heap     ] GC(343) Archive regions: 2->2
[2024-01-22T03:19:19.504+0000][7][gc,heap     ] GC(343) Humongous regions: 0->0
[2024-01-22T03:19:19.504+0000][7][gc,metaspace] GC(343) Metaspace: 130993K(134656K)->130993K(134656K) NonClass: 113929K(115840K)->113929K(115840K) Class: 17064K(18816K)->17064K(18816K)
[2024-01-22T03:19:19.504+0000][7][gc          ] GC(343) Pause Young (Normal) (G1 Evacuation Pause) 749M->141M(1024M) 2.863ms
[2024-01-22T03:19:19.504+0000][7][gc,cpu      ] GC(343) User=0.01s Sys=0.00s Real=0.01s
[2024-01-22T03:19:19.504+0000][7][safepoint   ] Safepoint "G1CollectForAllocation", Time since last: 210020265750 ns, Reaching safepoint: 45716 ns, At safepoint: 2953815 ns, Total: 2999531 ns
[2024-01-22T03:22:11.366+0000][7][gc,start    ] GC(344) Pause Young (Normal) (G1 Evacuation Pause)
[2024-01-22T03:22:11.366+0000][7][gc,task     ] GC(344) Using 8 workers of 8 for evacuation
[2024-01-22T03:22:11.367+0000][7][gc,age      ] GC(344) Desired survivor size 41943040 bytes, new threshold 15 (max threshold 15)
[2024-01-22T03:22:11.369+0000][7][gc,phases   ] GC(344)   Pre Evacuate Collection Set: 0.1ms
[2024-01-22T03:22:11.369+0000][7][gc,phases   ] GC(344)   Merge Heap Roots: 0.1ms
[2024-01-22T03:22:11.369+0000][7][gc,phases   ] GC(344)   Evacuate Collection Set: 1.3ms
[2024-01-22T03:22:11.369+0000][7][gc,phases   ] GC(344)   Post Evacuate Collection Set: 1.0ms
[2024-01-22T03:22:11.369+0000][7][gc,phases   ] GC(344)   Other: 0.1ms
[2024-01-22T03:22:11.369+0000][7][gc,age      ] GC(344) Age table with threshold 15 (max threshold 15)
[2024-01-22T03:22:11.369+0000][7][gc,age      ] GC(344) - age   1:     548424 bytes,     548424 total
[2024-01-22T03:22:11.369+0000][7][gc,age      ] GC(344) - age   2:       4776 bytes,     553200 total
[2024-01-22T03:22:11.369+0000][7][gc,age      ] GC(344) - age   3:       9272 bytes,     562472 total
[2024-01-22T03:22:11.369+0000][7][gc,age      ] GC(344) - age   4:        216 bytes,     562688 total
[2024-01-22T03:22:11.369+0000][7][gc,age      ] GC(344) - age   5:       1488 bytes,     564176 total
[2024-01-22T03:22:11.369+0000][7][gc,age      ] GC(344) - age   6:        568 bytes,     564744 total
[2024-01-22T03:22:11.369+0000][7][gc,age      ] GC(344) - age   8:         24 bytes,     564768 total
[2024-01-22T03:22:11.369+0000][7][gc,age      ] GC(344) - age   9:        480 bytes,     565248 total
[2024-01-22T03:22:11.369+0000][7][gc,age      ] GC(344) - age  10:      13720 bytes,     578968 total
[2024-01-22T03:22:11.369+0000][7][gc,age      ] GC(344) - age  11:      13712 bytes,     592680 total
[2024-01-22T03:22:11.369+0000][7][gc,age      ] GC(344) - age  12:      76544 bytes,     669224 total
[2024-01-22T03:22:11.369+0000][7][gc,age      ] GC(344) - age  13:     330464 bytes,     999688 total
[2024-01-22T03:22:11.369+0000][7][gc,age      ] GC(344) - age  14:     110792 bytes,    1110480 total
[2024-01-22T03:22:11.369+0000][7][gc,age      ] GC(344) - age  15:      87232 bytes,    1197712 total
[2024-01-22T03:22:11.369+0000][7][gc,heap     ] GC(344) Eden regions: 152->0(152)
[2024-01-22T03:22:11.369+0000][7][gc,heap     ] GC(344) Survivor regions: 1->1(20)
[2024-01-22T03:22:11.369+0000][7][gc,heap     ] GC(344) Old regions: 34->35
[2024-01-22T03:22:11.369+0000][7][gc,heap     ] GC(344) Archive regions: 2->2
[2024-01-22T03:22:11.369+0000][7][gc,heap     ] GC(344) Humongous regions: 0->0
[2024-01-22T03:22:11.369+0000][7][gc,metaspace] GC(344) Metaspace: 130993K(134656K)->130993K(134656K) NonClass: 113929K(115840K)->113929K(115840K) Class: 17064K(18816K)->17064K(18816K)
[2024-01-22T03:22:11.369+0000][7][gc          ] GC(344) Pause Young (Normal) (G1 Evacuation Pause) 749M->141M(1024M) 2.930ms
[2024-01-22T03:22:11.369+0000][7][gc,cpu      ] GC(344) User=0.01s Sys=0.00s Real=0.00s
[2024-01-22T03:22:11.369+0000][7][safepoint   ] Safepoint "G1CollectForAllocation", Time since last: 171862207771 ns, Reaching safepoint: 54396 ns, At safepoint: 3042785 ns, Total: 3097181 ns
[2024-01-22T03:24:58.546+0000][7][gc,start    ] GC(345) Pause Young (Normal) (G1 Evacuation Pause)
[2024-01-22T03:24:58.547+0000][7][gc,task     ] GC(345) Using 8 workers of 8 for evacuation
[2024-01-22T03:24:58.547+0000][7][gc,age      ] GC(345) Desired survivor size 41943040 bytes, new threshold 15 (max threshold 15)
[2024-01-22T03:24:58.548+0000][7][gc,phases   ] GC(345)   Pre Evacuate Collection Set: 0.1ms
[2024-01-22T03:24:58.548+0000][7][gc,phases   ] GC(345)   Merge Heap Roots: 0.1ms
[2024-01-22T03:24:58.548+0000][7][gc,phases   ] GC(345)   Evacuate Collection Set: 0.9ms
[2024-01-22T03:24:58.548+0000][7][gc,phases   ] GC(345)   Post Evacuate Collection Set: 0.7ms
[2024-01-22T03:24:58.548+0000][7][gc,phases   ] GC(345)   Other: 0.1ms
[2024-01-22T03:24:58.548+0000][7][gc,age      ] GC(345) Age table with threshold 15 (max threshold 15)
[2024-01-22T03:24:58.548+0000][7][gc,age      ] GC(345) - age   1:     383680 bytes,     383680 total
[2024-01-22T03:24:58.548+0000][7][gc,age      ] GC(345) - age   2:      10904 bytes,     394584 total
[2024-01-22T03:24:58.549+0000][7][gc,age      ] GC(345) - age   3:       2632 bytes,     397216 total
[2024-01-22T03:24:58.549+0000][7][gc,age      ] GC(345) - age   4:       8112 bytes,     405328 total
[2024-01-22T03:24:58.549+0000][7][gc,age      ] GC(345) - age   5:        216 bytes,     405544 total
[2024-01-22T03:24:58.549+0000][7][gc,age      ] GC(345) - age   6:       1488 bytes,     407032 total
[2024-01-22T03:24:58.549+0000][7][gc,age      ] GC(345) - age   7:        184 bytes,     407216 total
[2024-01-22T03:24:58.549+0000][7][gc,age      ] GC(345) - age  10:        480 bytes,     407696 total
[2024-01-22T03:24:58.549+0000][7][gc,age      ] GC(345) - age  11:      13720 bytes,     421416 total
[2024-01-22T03:24:58.549+0000][7][gc,age      ] GC(345) - age  12:      13712 bytes,     435128 total
[2024-01-22T03:24:58.549+0000][7][gc,age      ] GC(345) - age  13:      76544 bytes,     511672 total
[2024-01-22T03:24:58.549+0000][7][gc,age      ] GC(345) - age  14:     330464 bytes,     842136 total
[2024-01-22T03:24:58.549+0000][7][gc,age      ] GC(345) - age  15:     110792 bytes,     952928 total
[2024-01-22T03:24:58.549+0000][7][gc,heap     ] GC(345) Eden regions: 152->0(152)
[2024-01-22T03:24:58.549+0000][7][gc,heap     ] GC(345) Survivor regions: 1->1(20)
[2024-01-22T03:24:58.549+0000][7][gc,heap     ] GC(345) Old regions: 35->35
[2024-01-22T03:24:58.549+0000][7][gc,heap     ] GC(345) Archive regions: 2->2
[2024-01-22T03:24:58.549+0000][7][gc,heap     ] GC(345) Humongous regions: 0->0
[2024-01-22T03:24:58.549+0000][7][gc,metaspace] GC(345) Metaspace: 130993K(134656K)->130993K(134656K) NonClass: 113929K(115840K)->113929K(115840K) Class: 17064K(18816K)->17064K(18816K)
[2024-01-22T03:24:58.549+0000][7][gc          ] GC(345) Pause Young (Normal) (G1 Evacuation Pause) 749M->141M(1024M) 2.206ms
[2024-01-22T03:24:58.549+0000][7][gc,cpu      ] GC(345) User=0.01s Sys=0.00s Real=0.00s
[2024-01-22T03:24:58.549+0000][7][safepoint   ] Safepoint "G1CollectForAllocation", Time since last: 167176925404 ns, Reaching safepoint: 48767 ns, At safepoint: 2290067 ns, Total: 2338834 ns
[2024-01-22T03:27:49.526+0000][7][gc,start    ] GC(346) Pause Young (Normal) (G1 Evacuation Pause)
[2024-01-22T03:27:49.526+0000][7][gc,task     ] GC(346) Using 8 workers of 8 for evacuation
[2024-01-22T03:27:49.526+0000][7][gc,age      ] GC(346) Desired survivor size 41943040 bytes, new threshold 15 (max threshold 15)
[2024-01-22T03:27:49.529+0000][7][gc,phases   ] GC(346)   Pre Evacuate Collection Set: 0.1ms
[2024-01-22T03:27:49.529+0000][7][gc,phases   ] GC(346)   Merge Heap Roots: 0.0ms
[2024-01-22T03:27:49.529+0000][7][gc,phases   ] GC(346)   Evacuate Collection Set: 1.0ms
[2024-01-22T03:27:49.529+0000][7][gc,phases   ] GC(346)   Post Evacuate Collection Set: 1.5ms
[2024-01-22T03:27:49.529+0000][7][gc,phases   ] GC(346)   Other: 0.1ms
[2024-01-22T03:27:49.529+0000][7][gc,age      ] GC(346) Age table with threshold 15 (max threshold 15)
[2024-01-22T03:27:49.529+0000][7][gc,age      ] GC(346) - age   1:    1228856 bytes,    1228856 total
[2024-01-22T03:27:49.529+0000][7][gc,age      ] GC(346) - age   2:       3016 bytes,    1231872 total
[2024-01-22T03:27:49.529+0000][7][gc,age      ] GC(346) - age   3:       9448 bytes,    1241320 total
[2024-01-22T03:27:49.529+0000][7][gc,age      ] GC(346) - age   4:        328 bytes,    1241648 total
[2024-01-22T03:27:49.529+0000][7][gc,age      ] GC(346) - age   5:       8112 bytes,    1249760 total
[2024-01-22T03:27:49.529+0000][7][gc,age      ] GC(346) - age   6:        216 bytes,    1249976 total
[2024-01-22T03:27:49.529+0000][7][gc,age      ] GC(346) - age   7:       1488 bytes,    1251464 total
[2024-01-22T03:27:49.529+0000][7][gc,age      ] GC(346) - age   8:        184 bytes,    1251648 total
[2024-01-22T03:27:49.529+0000][7][gc,age      ] GC(346) - age  11:        480 bytes,    1252128 total
[2024-01-22T03:27:49.529+0000][7][gc,age      ] GC(346) - age  12:      13720 bytes,    1265848 total
[2024-01-22T03:27:49.529+0000][7][gc,age      ] GC(346) - age  13:      13712 bytes,    1279560 total
[2024-01-22T03:27:49.529+0000][7][gc,age      ] GC(346) - age  14:      76544 bytes,    1356104 total
[2024-01-22T03:27:49.529+0000][7][gc,age      ] GC(346) - age  15:     330464 bytes,    1686568 total
[2024-01-22T03:27:49.529+0000][7][gc,heap     ] GC(346) Eden regions: 152->0(152)
[2024-01-22T03:27:49.529+0000][7][gc,heap     ] GC(346) Survivor regions: 1->1(20)
[2024-01-22T03:27:49.529+0000][7][gc,heap     ] GC(346) Old regions: 35->35
[2024-01-22T03:27:49.529+0000][7][gc,heap     ] GC(346) Archive regions: 2->2
[2024-01-22T03:27:49.529+0000][7][gc,heap     ] GC(346) Humongous regions: 0->0
[2024-01-22T03:27:49.529+0000][7][gc,metaspace] GC(346) Metaspace: 130993K(134656K)->130993K(134656K) NonClass: 113929K(115840K)->113929K(115840K) Class: 17064K(18816K)->17064K(18816K)
[2024-01-22T03:27:49.529+0000][7][gc          ] GC(346) Pause Young (Normal) (G1 Evacuation Pause) 749M->141M(1024M) 3.012ms
[2024-01-22T03:27:49.529+0000][7][gc,cpu      ] GC(346) User=0.01s Sys=0.00s Real=0.00s
[2024-01-22T03:27:49.529+0000][7][safepoint   ] Safepoint "G1CollectForAllocation", Time since last: 170977128016 ns, Reaching safepoint: 45600 ns, At safepoint: 3103386 ns, Total: 3148986 ns
[2024-01-22T03:29:13.536+0000][7][safepoint   ] Safepoint "Cleanup", Time since last: 84006881752 ns, Reaching safepoint: 113920 ns, At safepoint: 24792 ns, Total: 138712 ns
[2024-01-22T03:31:25.499+0000][7][gc,start    ] GC(347) Pause Young (Normal) (G1 Evacuation Pause)
[2024-01-22T03:31:25.499+0000][7][gc,task     ] GC(347) Using 8 workers of 8 for evacuation
[2024-01-22T03:31:25.499+0000][7][gc,age      ] GC(347) Desired survivor size 41943040 bytes, new threshold 15 (max threshold 15)
[2024-01-22T03:31:25.501+0000][7][gc,phases   ] GC(347)   Pre Evacuate Collection Set: 0.1ms
[2024-01-22T03:31:25.501+0000][7][gc,phases   ] GC(347)   Merge Heap Roots: 0.1ms
[2024-01-22T03:31:25.501+0000][7][gc,phases   ] GC(347)   Evacuate Collection Set: 1.2ms
[2024-01-22T03:31:25.501+0000][7][gc,phases   ] GC(347)   Post Evacuate Collection Set: 0.9ms
[2024-01-22T03:31:25.501+0000][7][gc,phases   ] GC(347)   Other: 0.1ms
[2024-01-22T03:31:25.501+0000][7][gc,age      ] GC(347) Age table with threshold 15 (max threshold 15)
[2024-01-22T03:31:25.501+0000][7][gc,age      ] GC(347) - age   1:     678568 bytes,     678568 total
[2024-01-22T03:31:25.501+0000][7][gc,age      ] GC(347) - age   2:       3512 bytes,     682080 total
[2024-01-22T03:31:25.501+0000][7][gc,age      ] GC(347) - age   3:       1632 bytes,     683712 total
[2024-01-22T03:31:25.501+0000][7][gc,age      ] GC(347) - age   4:       8432 bytes,     692144 total
[2024-01-22T03:31:25.501+0000][7][gc,age      ] GC(347) - age   5:        208 bytes,     692352 total
[2024-01-22T03:31:25.501+0000][7][gc,age      ] GC(347) - age   6:       8048 bytes,     700400 total
[2024-01-22T03:31:25.501+0000][7][gc,age      ] GC(347) - age   7:        184 bytes,     700584 total
[2024-01-22T03:31:25.501+0000][7][gc,age      ] GC(347) - age   8:       1488 bytes,     702072 total
[2024-01-22T03:31:25.501+0000][7][gc,age      ] GC(347) - age   9:        184 bytes,     702256 total
[2024-01-22T03:31:25.501+0000][7][gc,age      ] GC(347) - age  12:        480 bytes,     702736 total
[2024-01-22T03:31:25.501+0000][7][gc,age      ] GC(347) - age  13:      13720 bytes,     716456 total
[2024-01-22T03:31:25.501+0000][7][gc,age      ] GC(347) - age  14:      13712 bytes,     730168 total
[2024-01-22T03:31:25.501+0000][7][gc,age      ] GC(347) - age  15:      76544 bytes,     806712 total
[2024-01-22T03:31:25.501+0000][7][gc,heap     ] GC(347) Eden regions: 152->0(152)
[2024-01-22T03:31:25.501+0000][7][gc,heap     ] GC(347) Survivor regions: 1->1(20)
[2024-01-22T03:31:25.501+0000][7][gc,heap     ] GC(347) Old regions: 35->35
[2024-01-22T03:31:25.501+0000][7][gc,heap     ] GC(347) Archive regions: 2->2
[2024-01-22T03:31:25.501+0000][7][gc,heap     ] GC(347) Humongous regions: 0->0
[2024-01-22T03:31:25.501+0000][7][gc,metaspace] GC(347) Metaspace: 130993K(134656K)->130993K(134656K) NonClass: 113929K(115840K)->113929K(115840K) Class: 17064K(18816K)->17064K(18816K)
[2024-01-22T03:31:25.501+0000][7][gc          ] GC(347) Pause Young (Normal) (G1 Evacuation Pause) 749M->141M(1024M) 2.724ms
[2024-01-22T03:31:25.501+0000][7][gc,cpu      ] GC(347) User=0.01s Sys=0.00s Real=0.00s
[2024-01-22T03:31:25.501+0000][7][safepoint   ] Safepoint "G1CollectForAllocation", Time since last: 131962558049 ns, Reaching safepoint: 39102 ns, At safepoint: 2813944 ns, Total: 2853046 ns
[2024-01-22T03:35:01.548+0000][7][gc,start    ] GC(348) Pause Young (Normal) (G1 Evacuation Pause)
[2024-01-22T03:35:01.548+0000][7][gc,task     ] GC(348) Using 8 workers of 8 for evacuation
[2024-01-22T03:35:01.548+0000][7][gc,age      ] GC(348) Desired survivor size 41943040 bytes, new threshold 15 (max threshold 15)
[2024-01-22T03:35:01.550+0000][7][gc,phases   ] GC(348)   Pre Evacuate Collection Set: 0.1ms
[2024-01-22T03:35:01.550+0000][7][gc,phases   ] GC(348)   Merge Heap Roots: 0.1ms
[2024-01-22T03:35:01.550+0000][7][gc,phases   ] GC(348)   Evacuate Collection Set: 1.2ms
[2024-01-22T03:35:01.550+0000][7][gc,phases   ] GC(348)   Post Evacuate Collection Set: 0.6ms
[2024-01-22T03:35:01.550+0000][7][gc,phases   ] GC(348)   Other: 0.1ms
[2024-01-22T03:35:01.550+0000][7][gc,age      ] GC(348) Age table with threshold 15 (max threshold 15)
[2024-01-22T03:35:01.550+0000][7][gc,age      ] GC(348) - age   1:    1593360 bytes,    1593360 total
[2024-01-22T03:35:01.550+0000][7][gc,age      ] GC(348) - age   2:       2080 bytes,    1595440 total
[2024-01-22T03:35:01.550+0000][7][gc,age      ] GC(348) - age   3:       2488 bytes,    1597928 total
[2024-01-22T03:35:01.550+0000][7][gc,age      ] GC(348) - age   4:        624 bytes,    1598552 total
[2024-01-22T03:35:01.550+0000][7][gc,age      ] GC(348) - age   5:        416 bytes,    1598968 total
[2024-01-22T03:35:01.550+0000][7][gc,age      ] GC(348) - age   6:         24 bytes,    1598992 total
[2024-01-22T03:35:01.550+0000][7][gc,age      ] GC(348) - age   7:       8016 bytes,    1607008 total
[2024-01-22T03:35:01.550+0000][7][gc,age      ] GC(348) - age   8:        184 bytes,    1607192 total
[2024-01-22T03:35:01.550+0000][7][gc,age      ] GC(348) - age   9:       1488 bytes,    1608680 total
[2024-01-22T03:35:01.550+0000][7][gc,age      ] GC(348) - age  10:        184 bytes,    1608864 total
[2024-01-22T03:35:01.550+0000][7][gc,age      ] GC(348) - age  13:        480 bytes,    1609344 total
[2024-01-22T03:35:01.550+0000][7][gc,age      ] GC(348) - age  14:      13720 bytes,    1623064 total
[2024-01-22T03:35:01.550+0000][7][gc,age      ] GC(348) - age  15:      13712 bytes,    1636776 total
[2024-01-22T03:35:01.550+0000][7][gc,heap     ] GC(348) Eden regions: 152->0(152)
[2024-01-22T03:35:01.550+0000][7][gc,heap     ] GC(348) Survivor regions: 1->1(20)
[2024-01-22T03:35:01.550+0000][7][gc,heap     ] GC(348) Old regions: 35->35
[2024-01-22T03:35:01.550+0000][7][gc,heap     ] GC(348) Archive regions: 2->2
[2024-01-22T03:35:01.550+0000][7][gc,heap     ] GC(348) Humongous regions: 0->0
[2024-01-22T03:35:01.550+0000][7][gc,metaspace] GC(348) Metaspace: 130993K(134656K)->130993K(134656K) NonClass: 113929K(115840K)->113929K(115840K) Class: 17064K(18816K)->17064K(18816K)
[2024-01-22T03:35:01.550+0000][7][gc          ] GC(348) Pause Young (Normal) (G1 Evacuation Pause) 749M->142M(1024M) 2.423ms
[2024-01-22T03:35:01.550+0000][7][gc,cpu      ] GC(348) User=0.01s Sys=0.00s Real=0.00s
[2024-01-22T03:35:01.550+0000][7][safepoint   ] Safepoint "G1CollectForAllocation", Time since last: 216046126107 ns, Reaching safepoint: 48891 ns, At safepoint: 2508160 ns, Total: 2557051 ns
[2024-01-22T03:38:02.684+0000][7][gc,start    ] GC(349) Pause Young (Normal) (G1 Evacuation Pause)
[2024-01-22T03:38:02.684+0000][7][gc,task     ] GC(349) Using 8 workers of 8 for evacuation
[2024-01-22T03:38:02.684+0000][7][gc,age      ] GC(349) Desired survivor size 41943040 bytes, new threshold 15 (max threshold 15)
[2024-01-22T03:38:02.685+0000][7][gc,phases   ] GC(349)   Pre Evacuate Collection Set: 0.1ms
[2024-01-22T03:38:02.685+0000][7][gc,phases   ] GC(349)   Merge Heap Roots: 0.1ms
[2024-01-22T03:38:02.685+0000][7][gc,phases   ] GC(349)   Evacuate Collection Set: 0.6ms
[2024-01-22T03:38:02.685+0000][7][gc,phases   ] GC(349)   Post Evacuate Collection Set: 0.5ms
[2024-01-22T03:38:02.685+0000][7][gc,phases   ] GC(349)   Other: 0.1ms
[2024-01-22T03:38:02.685+0000][7][gc,age      ] GC(349) Age table with threshold 15 (max threshold 15)
[2024-01-22T03:38:02.685+0000][7][gc,age      ] GC(349) - age   1:     367680 bytes,     367680 total
[2024-01-22T03:38:02.685+0000][7][gc,age      ] GC(349) - age   2:       2824 bytes,     370504 total
[2024-01-22T03:38:02.685+0000][7][gc,age      ] GC(349) - age   3:        984 bytes,     371488 total
[2024-01-22T03:38:02.686+0000][7][gc,age      ] GC(349) - age   4:        184 bytes,     371672 total
[2024-01-22T03:38:02.686+0000][7][gc,age      ] GC(349) - age   5:        624 bytes,     372296 total
[2024-01-22T03:38:02.686+0000][7][gc,age      ] GC(349) - age   6:         24 bytes,     372320 total
[2024-01-22T03:38:02.686+0000][7][gc,age      ] GC(349) - age   7:         24 bytes,     372344 total
[2024-01-22T03:38:02.686+0000][7][gc,age      ] GC(349) - age   8:       8016 bytes,     380360 total
[2024-01-22T03:38:02.686+0000][7][gc,age      ] GC(349) - age  10:       1488 bytes,     381848 total
[2024-01-22T03:38:02.686+0000][7][gc,age      ] GC(349) - age  11:        184 bytes,     382032 total
[2024-01-22T03:38:02.686+0000][7][gc,age      ] GC(349) - age  14:        480 bytes,     382512 total
[2024-01-22T03:38:02.686+0000][7][gc,age      ] GC(349) - age  15:      13720 bytes,     396232 total
[2024-01-22T03:38:02.686+0000][7][gc,heap     ] GC(349) Eden regions: 152->0(152)
[2024-01-22T03:38:02.686+0000][7][gc,heap     ] GC(349) Survivor regions: 1->1(20)
[2024-01-22T03:38:02.686+0000][7][gc,heap     ] GC(349) Old regions: 35->35
[2024-01-22T03:38:02.686+0000][7][gc,heap     ] GC(349) Archive regions: 2->2
[2024-01-22T03:38:02.686+0000][7][gc,heap     ] GC(349) Humongous regions: 0->0
[2024-01-22T03:38:02.686+0000][7][gc,metaspace] GC(349) Metaspace: 130993K(134656K)->130993K(134656K) NonClass: 113929K(115840K)->113929K(115840K) Class: 17064K(18816K)->17064K(18816K)
[2024-01-22T03:38:02.686+0000][7][gc          ] GC(349) Pause Young (Normal) (G1 Evacuation Pause) 750M->141M(1024M) 1.517ms
[2024-01-22T03:38:02.686+0000][7][gc,cpu      ] GC(349) User=0.01s Sys=0.00s Real=0.00s
[2024-01-22T03:38:02.686+0000][7][safepoint   ] Safepoint "G1CollectForAllocation", Time since last: 181133945392 ns, Reaching safepoint: 45500 ns, At safepoint: 1581067 ns, Total: 1626567 ns
[2024-01-22T12:11:18.034+0000][7][safepoint   ] Safepoint "Cleanup", Time since last: 75294369433 ns, Reaching safepoint: 78764 ns, At safepoint: 4083 ns, Total: 82847 ns
[2024-01-22T12:11:19.034+0000][7][safepoint   ] Safepoint "Cleanup", Time since last: 1000116642 ns, Reaching safepoint: 37644 ns, At safepoint: 3707 ns, Total: 41351 ns
[2024-01-22T12:11:21.035+0000][7][safepoint   ] Safepoint "Cleanup", Time since last: 2000193689 ns, Reaching safepoint: 51396 ns, At safepoint: 3395 ns, Total: 54791 ns
[2024-01-22T12:12:30.040+0000][7][safepoint   ] Safepoint "Cleanup", Time since last: 69005737464 ns, Reaching safepoint: 83281 ns, At safepoint: 15522 ns, Total: 98803 ns
[2024-01-22T12:12:50.112+0000][7][gc,start    ] GC(350) Pause Young (Normal) (G1 Evacuation Pause)
[2024-01-22T12:12:50.112+0000][7][gc,task     ] GC(350) Using 8 workers of 8 for evacuation
[2024-01-22T12:12:50.112+0000][7][gc,age      ] GC(350) Desired survivor size 41943040 bytes, new threshold 15 (max threshold 15)
[2024-01-22T12:12:50.114+0000][7][gc,phases   ] GC(350)   Pre Evacuate Collection Set: 0.1ms
[2024-01-22T12:12:50.114+0000][7][gc,phases   ] GC(350)   Merge Heap Roots: 0.1ms
[2024-01-22T12:12:50.114+0000][7][gc,phases   ] GC(350)   Evacuate Collection Set: 1.4ms
[2024-01-22T12:12:50.114+0000][7][gc,phases   ] GC(350)   Post Evacuate Collection Set: 0.6ms
[2024-01-22T12:12:50.114+0000][7][gc,phases   ] GC(350)   Other: 0.1ms
[2024-01-22T12:12:50.114+0000][7][gc,age      ] GC(350) Age table with threshold 15 (max threshold 15)
[2024-01-22T12:12:50.114+0000][7][gc,age      ] GC(350) - age   1:    2083864 bytes,    2083864 total
[2024-01-22T12:12:50.114+0000][7][gc,age      ] GC(350) - age   2:       4280 bytes,    2088144 total
[2024-01-22T12:12:50.114+0000][7][gc,age      ] GC(350) - age   3:        968 bytes,    2089112 total
[2024-01-22T12:12:50.114+0000][7][gc,age      ] GC(350) - age   4:        952 bytes,    2090064 total
[2024-01-22T12:12:50.114+0000][7][gc,age      ] GC(350) - age   5:        184 bytes,    2090248 total
[2024-01-22T12:12:50.114+0000][7][gc,age      ] GC(350) - age   6:        600 bytes,    2090848 total
[2024-01-22T12:12:50.114+0000][7][gc,age      ] GC(350) - age   7:         24 bytes,    2090872 total
[2024-01-22T12:12:50.114+0000][7][gc,age      ] GC(350) - age   8:         24 bytes,    2090896 total
[2024-01-22T12:12:50.114+0000][7][gc,age      ] GC(350) - age   9:       8016 bytes,    2098912 total
[2024-01-22T12:12:50.114+0000][7][gc,age      ] GC(350) - age  11:       1488 bytes,    2100400 total
[2024-01-22T12:12:50.114+0000][7][gc,age      ] GC(350) - age  15:        480 bytes,    2100880 total
[2024-01-22T12:12:50.114+0000][7][gc,heap     ] GC(350) Eden regions: 152->0(152)
[2024-01-22T12:12:50.114+0000][7][gc,heap     ] GC(350) Survivor regions: 1->1(20)
[2024-01-22T12:12:50.114+0000][7][gc,heap     ] GC(350) Old regions: 35->35
[2024-01-22T12:12:50.114+0000][7][gc,heap     ] GC(350) Archive regions: 2->2
[2024-01-22T12:12:50.114+0000][7][gc,heap     ] GC(350) Humongous regions: 0->0
[2024-01-22T12:12:50.114+0000][7][gc,metaspace] GC(350) Metaspace: 131005K(134656K)->131005K(134656K) NonClass: 113939K(115840K)->113939K(115840K) Class: 17066K(18816K)->17066K(18816K)
[2024-01-22T12:12:50.114+0000][7][gc          ] GC(350) Pause Young (Normal) (G1 Evacuation Pause) 749M->142M(1024M) 2.431ms
[2024-01-22T12:12:50.114+0000][7][gc,cpu      ] GC(350) User=0.01s Sys=0.00s Real=0.00s
[2024-01-22T12:12:50.114+0000][7][safepoint   ] Safepoint "G1CollectForAllocation", Time since last: 20070981416 ns, Reaching safepoint: 48293 ns, At safepoint: 2502574 ns, Total: 2550867 ns
[2024-01-22T12:15:41.054+0000][7][gc,start    ] GC(351) Pause Young (Normal) (G1 Evacuation Pause)
[2024-01-22T12:15:41.054+0000][7][gc,task     ] GC(351) Using 8 workers of 8 for evacuation
[2024-01-22T12:15:41.054+0000][7][gc,age      ] GC(351) Desired survivor size 41943040 bytes, new threshold 15 (max threshold 15)
[2024-01-22T12:15:41.056+0000][7][gc,phases   ] GC(351)   Pre Evacuate Collection Set: 0.1ms
[2024-01-22T12:15:41.056+0000][7][gc,phases   ] GC(351)   Merge Heap Roots: 0.1ms
[2024-01-22T12:15:41.056+0000][7][gc,phases   ] GC(351)   Evacuate Collection Set: 1.0ms
[2024-01-22T12:15:41.056+0000][7][gc,phases   ] GC(351)   Post Evacuate Collection Set: 0.5ms
[2024-01-22T12:15:41.056+0000][7][gc,phases   ] GC(351)   Other: 0.1ms
[2024-01-22T12:15:41.056+0000][7][gc,age      ] GC(351) Age table with threshold 15 (max threshold 15)
[2024-01-22T12:15:41.056+0000][7][gc,age      ] GC(351) - age   1:    1076496 bytes,    1076496 total
[2024-01-22T12:15:41.056+0000][7][gc,age      ] GC(351) - age   2:     526480 bytes,    1602976 total
[2024-01-22T12:15:41.056+0000][7][gc,age      ] GC(351) - age   3:       3152 bytes,    1606128 total
[2024-01-22T12:15:41.056+0000][7][gc,age      ] GC(351) - age   4:        216 bytes,    1606344 total
[2024-01-22T12:15:41.056+0000][7][gc,age      ] GC(351) - age   7:        184 bytes,    1606528 total
[2024-01-22T12:15:41.056+0000][7][gc,age      ] GC(351) - age   8:         24 bytes,    1606552 total
[2024-01-22T12:15:41.056+0000][7][gc,age      ] GC(351) - age   9:         24 bytes,    1606576 total
[2024-01-22T12:15:41.056+0000][7][gc,age      ] GC(351) - age  10:       8016 bytes,    1614592 total
[2024-01-22T12:15:41.056+0000][7][gc,age      ] GC(351) - age  12:       1488 bytes,    1616080 total
[2024-01-22T12:15:41.056+0000][7][gc,heap     ] GC(351) Eden regions: 152->0(152)
[2024-01-22T12:15:41.056+0000][7][gc,heap     ] GC(351) Survivor regions: 1->1(20)
[2024-01-22T12:15:41.056+0000][7][gc,heap     ] GC(351) Old regions: 35->35
[2024-01-22T12:15:41.056+0000][7][gc,heap     ] GC(351) Archive regions: 2->2
[2024-01-22T12:15:41.056+0000][7][gc,heap     ] GC(351) Humongous regions: 0->0
[2024-01-22T12:15:41.056+0000][7][gc,metaspace] GC(351) Metaspace: 131005K(134656K)->131005K(134656K) NonClass: 113939K(115840K)->113939K(115840K) Class: 17066K(18816K)->17066K(18816K)
[2024-01-22T12:15:41.056+0000][7][gc          ] GC(351) Pause Young (Normal) (G1 Evacuation Pause) 750M->142M(1024M) 1.998ms
[2024-01-22T12:15:41.056+0000][7][gc,cpu      ] GC(351) User=0.01s Sys=0.00s Real=0.00s
[2024-01-22T12:15:41.056+0000][7][safepoint   ] Safepoint "G1CollectForAllocation", Time since last: 170939786741 ns, Reaching safepoint: 56085 ns, At safepoint: 2063340 ns, Total: 2119425 ns
[2024-01-22T12:18:00.069+0000][7][safepoint   ] Safepoint "Cleanup", Time since last: 139013434556 ns, Reaching safepoint: 73353 ns, At safepoint: 7775 ns, Total: 81128 ns
[2024-01-22T12:18:23.163+0000][7][gc,start    ] GC(352) Pause Young (Normal) (G1 Evacuation Pause)
[2024-01-22T12:18:23.163+0000][7][gc,task     ] GC(352) Using 8 workers of 8 for evacuation
[2024-01-22T12:18:23.163+0000][7][gc,age      ] GC(352) Desired survivor size 41943040 bytes, new threshold 15 (max threshold 15)
[2024-01-22T12:18:23.166+0000][7][gc,phases   ] GC(352)   Pre Evacuate Collection Set: 0.1ms
[2024-01-22T12:18:23.166+0000][7][gc,phases   ] GC(352)   Merge Heap Roots: 0.1ms
[2024-01-22T12:18:23.166+0000][7][gc,phases   ] GC(352)   Evacuate Collection Set: 1.3ms
[2024-01-22T12:18:23.166+0000][7][gc,phases   ] GC(352)   Post Evacuate Collection Set: 0.8ms
[2024-01-22T12:18:23.166+0000][7][gc,phases   ] GC(352)   Other: 0.1ms
[2024-01-22T12:18:23.166+0000][7][gc,age      ] GC(352) Age table with threshold 15 (max threshold 15)
[2024-01-22T12:18:23.166+0000][7][gc,age      ] GC(352) - age   1:     788976 bytes,     788976 total
[2024-01-22T12:18:23.166+0000][7][gc,age      ] GC(352) - age   2:      11544 bytes,     800520 total
[2024-01-22T12:18:23.166+0000][7][gc,age      ] GC(352) - age   3:     366752 bytes,    1167272 total
[2024-01-22T12:18:23.166+0000][7][gc,age      ] GC(352) - age   4:       3088 bytes,    1170360 total
[2024-01-22T12:18:23.166+0000][7][gc,age      ] GC(352) - age   5:        216 bytes,    1170576 total
[2024-01-22T12:18:23.166+0000][7][gc,age      ] GC(352) - age   8:        184 bytes,    1170760 total
[2024-01-22T12:18:23.166+0000][7][gc,age      ] GC(352) - age   9:         24 bytes,    1170784 total
[2024-01-22T12:18:23.166+0000][7][gc,age      ] GC(352) - age  10:         24 bytes,    1170808 total
[2024-01-22T12:18:23.166+0000][7][gc,age      ] GC(352) - age  11:       8016 bytes,    1178824 total
[2024-01-22T12:18:23.166+0000][7][gc,age      ] GC(352) - age  13:       1488 bytes,    1180312 total
[2024-01-22T12:18:23.166+0000][7][gc,heap     ] GC(352) Eden regions: 152->0(152)
[2024-01-22T12:18:23.166+0000][7][gc,heap     ] GC(352) Survivor regions: 1->1(20)
[2024-01-22T12:18:23.166+0000][7][gc,heap     ] GC(352) Old regions: 35->35
[2024-01-22T12:18:23.166+0000][7][gc,heap     ] GC(352) Archive regions: 2->2
[2024-01-22T12:18:23.166+0000][7][gc,heap     ] GC(352) Humongous regions: 0->0
[2024-01-22T12:18:23.166+0000][7][gc,metaspace] GC(352) Metaspace: 131006K(134656K)->131006K(134656K) NonClass: 113940K(115840K)->113940K(115840K) Class: 17066K(18816K)->17066K(18816K)
[2024-01-22T12:18:23.166+0000][7][gc          ] GC(352) Pause Young (Normal) (G1 Evacuation Pause) 750M->141M(1024M) 2.772ms
[2024-01-22T12:18:23.166+0000][7][gc,cpu      ] GC(352) User=0.01s Sys=0.00s Real=0.01s
[2024-01-22T12:18:23.166+0000][7][safepoint   ] Safepoint "G1CollectForAllocation", Time since last: 23093634451 ns, Reaching safepoint: 62788 ns, At safepoint: 2866743 ns, Total: 2929531 ns
[2024-01-22T12:20:39.179+0000][7][safepoint   ] Safepoint "Cleanup", Time since last: 136012592765 ns, Reaching safepoint: 69575 ns, At safepoint: 38987 ns, Total: 108562 ns
[2024-01-22T12:21:14.104+0000][7][gc,start    ] GC(353) Pause Young (Normal) (G1 Evacuation Pause)
[2024-01-22T12:21:14.104+0000][7][gc,task     ] GC(353) Using 8 workers of 8 for evacuation
[2024-01-22T12:21:14.104+0000][7][gc,age      ] GC(353) Desired survivor size 41943040 bytes, new threshold 15 (max threshold 15)
[2024-01-22T12:21:14.106+0000][7][gc,phases   ] GC(353)   Pre Evacuate Collection Set: 0.1ms
[2024-01-22T12:21:14.106+0000][7][gc,phases   ] GC(353)   Merge Heap Roots: 0.1ms
[2024-01-22T12:21:14.106+0000][7][gc,phases   ] GC(353)   Evacuate Collection Set: 1.7ms
[2024-01-22T12:21:14.106+0000][7][gc,phases   ] GC(353)   Post Evacuate Collection Set: 0.7ms
[2024-01-22T12:21:14.106+0000][7][gc,phases   ] GC(353)   Other: 0.1ms
[2024-01-22T12:21:14.106+0000][7][gc,age      ] GC(353) Age table with threshold 15 (max threshold 15)
[2024-01-22T12:21:14.106+0000][7][gc,age      ] GC(353) - age   1:    1268088 bytes,    1268088 total
[2024-01-22T12:21:14.106+0000][7][gc,age      ] GC(353) - age   2:     216368 bytes,    1484456 total
[2024-01-22T12:21:14.106+0000][7][gc,age      ] GC(353) - age   3:      10224 bytes,    1494680 total
[2024-01-22T12:21:14.106+0000][7][gc,age      ] GC(353) - age   4:     366312 bytes,    1860992 total
[2024-01-22T12:21:14.106+0000][7][gc,age      ] GC(353) - age   5:        784 bytes,    1861776 total
[2024-01-22T12:21:14.106+0000][7][gc,age      ] GC(353) - age   6:        216 bytes,    1861992 total
[2024-01-22T12:21:14.106+0000][7][gc,age      ] GC(353) - age   9:        184 bytes,    1862176 total
[2024-01-22T12:21:14.106+0000][7][gc,age      ] GC(353) - age  10:         24 bytes,    1862200 total
[2024-01-22T12:21:14.106+0000][7][gc,age      ] GC(353) - age  11:         24 bytes,    1862224 total
[2024-01-22T12:21:14.106+0000][7][gc,age      ] GC(353) - age  12:       8016 bytes,    1870240 total
[2024-01-22T12:21:14.106+0000][7][gc,age      ] GC(353) - age  14:       1488 bytes,    1871728 total
[2024-01-22T12:21:14.106+0000][7][gc,heap     ] GC(353) Eden regions: 152->0(152)
[2024-01-22T12:21:14.106+0000][7][gc,heap     ] GC(353) Survivor regions: 1->1(20)
[2024-01-22T12:21:14.106+0000][7][gc,heap     ] GC(353) Old regions: 35->35
[2024-01-22T12:21:14.106+0000][7][gc,heap     ] GC(353) Archive regions: 2->2
[2024-01-22T12:21:14.106+0000][7][gc,heap     ] GC(353) Humongous regions: 0->0
[2024-01-22T12:21:14.106+0000][7][gc,metaspace] GC(353) Metaspace: 131006K(134656K)->131006K(134656K) NonClass: 113940K(115840K)->113940K(115840K) Class: 17066K(18816K)->17066K(18816K)
[2024-01-22T12:21:14.107+0000][7][gc          ] GC(353) Pause Young (Normal) (G1 Evacuation Pause) 749M->142M(1024M) 2.969ms
[2024-01-22T12:21:14.107+0000][7][gc,cpu      ] GC(353) User=0.01s Sys=0.01s Real=0.01s
[2024-01-22T12:21:14.107+0000][7][safepoint   ] Safepoint "G1CollectForAllocation", Time since last: 34924736663 ns, Reaching safepoint: 56080 ns, At safepoint: 3063786 ns, Total: 3119866 ns
[2024-01-22T12:23:59.135+0000][7][gc,start    ] GC(354) Pause Young (Normal) (G1 Evacuation Pause)
[2024-01-22T12:23:59.135+0000][7][gc,task     ] GC(354) Using 8 workers of 8 for evacuation
[2024-01-22T12:23:59.135+0000][7][gc,age      ] GC(354) Desired survivor size 41943040 bytes, new threshold 15 (max threshold 15)
[2024-01-22T12:23:59.137+0000][7][gc,phases   ] GC(354)   Pre Evacuate Collection Set: 0.1ms
[2024-01-22T12:23:59.137+0000][7][gc,phases   ] GC(354)   Merge Heap Roots: 0.1ms
[2024-01-22T12:23:59.137+0000][7][gc,phases   ] GC(354)   Evacuate Collection Set: 1.3ms
[2024-01-22T12:23:59.137+0000][7][gc,phases   ] GC(354)   Post Evacuate Collection Set: 0.6ms
[2024-01-22T12:23:59.137+0000][7][gc,phases   ] GC(354)   Other: 0.1ms
[2024-01-22T12:23:59.137+0000][7][gc,age      ] GC(354) Age table with threshold 15 (max threshold 15)
[2024-01-22T12:23:59.137+0000][7][gc,age      ] GC(354) - age   1:     905208 bytes,     905208 total
[2024-01-22T12:23:59.137+0000][7][gc,age      ] GC(354) - age   2:      48616 bytes,     953824 total
[2024-01-22T12:23:59.137+0000][7][gc,age      ] GC(354) - age   3:     214568 bytes,    1168392 total
[2024-01-22T12:23:59.137+0000][7][gc,age      ] GC(354) - age   4:        664 bytes,    1169056 total
[2024-01-22T12:23:59.137+0000][7][gc,age      ] GC(354) - age   5:     366280 bytes,    1535336 total
[2024-01-22T12:23:59.137+0000][7][gc,age      ] GC(354) - age   6:        392 bytes,    1535728 total
[2024-01-22T12:23:59.137+0000][7][gc,age      ] GC(354) - age   7:        184 bytes,    1535912 total
[2024-01-22T12:23:59.137+0000][7][gc,age      ] GC(354) - age  10:        184 bytes,    1536096 total
[2024-01-22T12:23:59.137+0000][7][gc,age      ] GC(354) - age  11:         24 bytes,    1536120 total
[2024-01-22T12:23:59.137+0000][7][gc,age      ] GC(354) - age  12:         24 bytes,    1536144 total
[2024-01-22T12:23:59.137+0000][7][gc,age      ] GC(354) - age  13:       8016 bytes,    1544160 total
[2024-01-22T12:23:59.137+0000][7][gc,age      ] GC(354) - age  15:       1488 bytes,    1545648 total
[2024-01-22T12:23:59.137+0000][7][gc,heap     ] GC(354) Eden regions: 152->0(152)
[2024-01-22T12:23:59.137+0000][7][gc,heap     ] GC(354) Survivor regions: 1->1(20)
[2024-01-22T12:23:59.137+0000][7][gc,heap     ] GC(354) Old regions: 35->35
[2024-01-22T12:23:59.137+0000][7][gc,heap     ] GC(354) Archive regions: 2->2
[2024-01-22T12:23:59.137+0000][7][gc,heap     ] GC(354) Humongous regions: 0->0
[2024-01-22T12:23:59.137+0000][7][gc,metaspace] GC(354) Metaspace: 131006K(134656K)->131006K(134656K) NonClass: 113940K(115840K)->113940K(115840K) Class: 17066K(18816K)->17066K(18816K)
[2024-01-22T12:23:59.137+0000][7][gc          ] GC(354) Pause Young (Normal) (G1 Evacuation Pause) 750M->142M(1024M) 2.480ms
[2024-01-22T12:23:59.137+0000][7][gc,cpu      ] GC(354) User=0.01s Sys=0.00s Real=0.00s
[2024-01-22T12:23:59.137+0000][7][safepoint   ] Safepoint "G1CollectForAllocation", Time since last: 165028268475 ns, Reaching safepoint: 54020 ns, At safepoint: 2583299 ns, Total: 2637319 ns
[2024-01-22T12:26:39.088+0000][7][gc,start    ] GC(355) Pause Young (Normal) (G1 Evacuation Pause)
[2024-01-22T12:26:39.089+0000][7][gc,task     ] GC(355) Using 8 workers of 8 for evacuation
[2024-01-22T12:26:39.089+0000][7][gc,age      ] GC(355) Desired survivor size 41943040 bytes, new threshold 15 (max threshold 15)
[2024-01-22T12:26:39.091+0000][7][gc,phases   ] GC(355)   Pre Evacuate Collection Set: 0.1ms
[2024-01-22T12:26:39.091+0000][7][gc,phases   ] GC(355)   Merge Heap Roots: 0.1ms
[2024-01-22T12:26:39.091+0000][7][gc,phases   ] GC(355)   Evacuate Collection Set: 1.5ms
[2024-01-22T12:26:39.091+0000][7][gc,phases   ] GC(355)   Post Evacuate Collection Set: 0.7ms
[2024-01-22T12:26:39.091+0000][7][gc,phases   ] GC(355)   Other: 0.1ms
[2024-01-22T12:26:39.091+0000][7][gc,age      ] GC(355) Age table with threshold 15 (max threshold 15)
[2024-01-22T12:26:39.091+0000][7][gc,age      ] GC(355) - age   1:    1534936 bytes,    1534936 total
[2024-01-22T12:26:39.091+0000][7][gc,age      ] GC(355) - age   2:      25144 bytes,    1560080 total
[2024-01-22T12:26:39.091+0000][7][gc,age      ] GC(355) - age   3:      47120 bytes,    1607200 total
[2024-01-22T12:26:39.091+0000][7][gc,age      ] GC(355) - age   4:     213824 bytes,    1821024 total
[2024-01-22T12:26:39.091+0000][7][gc,age      ] GC(355) - age   5:        664 bytes,    1821688 total
[2024-01-22T12:26:39.091+0000][7][gc,age      ] GC(355) - age   6:     366280 bytes,    2187968 total
[2024-01-22T12:26:39.091+0000][7][gc,age      ] GC(355) - age   7:        208 bytes,    2188176 total
[2024-01-22T12:26:39.091+0000][7][gc,age      ] GC(355) - age   8:        184 bytes,    2188360 total
[2024-01-22T12:26:39.091+0000][7][gc,age      ] GC(355) - age  11:        184 bytes,    2188544 total
[2024-01-22T12:26:39.091+0000][7][gc,age      ] GC(355) - age  12:         24 bytes,    2188568 total
[2024-01-22T12:26:39.091+0000][7][gc,age      ] GC(355) - age  13:         24 bytes,    2188592 total
[2024-01-22T12:26:39.091+0000][7][gc,age      ] GC(355) - age  14:       8016 bytes,    2196608 total
[2024-01-22T12:26:39.091+0000][7][gc,heap     ] GC(355) Eden regions: 152->0(152)
[2024-01-22T12:26:39.091+0000][7][gc,heap     ] GC(355) Survivor regions: 1->1(20)
[2024-01-22T12:26:39.091+0000][7][gc,heap     ] GC(355) Old regions: 35->35
[2024-01-22T12:26:39.091+0000][7][gc,heap     ] GC(355) Archive regions: 2->2
[2024-01-22T12:26:39.091+0000][7][gc,heap     ] GC(355) Humongous regions: 0->0
[2024-01-22T12:26:39.091+0000][7][gc,metaspace] GC(355) Metaspace: 131006K(134656K)->131006K(134656K) NonClass: 113940K(115840K)->113940K(115840K) Class: 17066K(18816K)->17066K(18816K)
[2024-01-22T12:26:39.091+0000][7][gc          ] GC(355) Pause Young (Normal) (G1 Evacuation Pause) 750M->142M(1024M) 2.698ms
[2024-01-22T12:26:39.091+0000][7][gc,cpu      ] GC(355) User=0.01s Sys=0.00s Real=0.00s
[2024-01-22T12:26:39.091+0000][7][safepoint   ] Safepoint "G1CollectForAllocation", Time since last: 159950922548 ns, Reaching safepoint: 53943 ns, At safepoint: 2780873 ns, Total: 2834816 ns
[2024-01-22T12:29:29.131+0000][7][gc,start    ] GC(356) Pause Young (Normal) (G1 Evacuation Pause)
[2024-01-22T12:29:29.131+0000][7][gc,task     ] GC(356) Using 8 workers of 8 for evacuation
[2024-01-22T12:29:29.131+0000][7][gc,age      ] GC(356) Desired survivor size 41943040 bytes, new threshold 15 (max threshold 15)
[2024-01-22T12:29:29.133+0000][7][gc,phases   ] GC(356)   Pre Evacuate Collection Set: 0.1ms
[2024-01-22T12:29:29.133+0000][7][gc,phases   ] GC(356)   Merge Heap Roots: 0.1ms
[2024-01-22T12:29:29.133+0000][7][gc,phases   ] GC(356)   Evacuate Collection Set: 1.6ms
[2024-01-22T12:29:29.133+0000][7][gc,phases   ] GC(356)   Post Evacuate Collection Set: 0.7ms
[2024-01-22T12:29:29.133+0000][7][gc,phases   ] GC(356)   Other: 0.1ms
[2024-01-22T12:29:29.134+0000][7][gc,age      ] GC(356) Age table with threshold 15 (max threshold 15)
[2024-01-22T12:29:29.134+0000][7][gc,age      ] GC(356) - age   1:    1167184 bytes,    1167184 total
[2024-01-22T12:29:29.134+0000][7][gc,age      ] GC(356) - age   2:       2288 bytes,    1169472 total
[2024-01-22T12:29:29.134+0000][7][gc,age      ] GC(356) - age   3:      16016 bytes,    1185488 total
[2024-01-22T12:29:29.134+0000][7][gc,age      ] GC(356) - age   4:      44688 bytes,    1230176 total
[2024-01-22T12:29:29.134+0000][7][gc,age      ] GC(356) - age   5:     213760 bytes,    1443936 total
[2024-01-22T12:29:29.134+0000][7][gc,age      ] GC(356) - age   6:        600 bytes,    1444536 total
[2024-01-22T12:29:29.134+0000][7][gc,age      ] GC(356) - age   7:     366256 bytes,    1810792 total
[2024-01-22T12:29:29.134+0000][7][gc,age      ] GC(356) - age   8:        208 bytes,    1811000 total
[2024-01-22T12:29:29.134+0000][7][gc,age      ] GC(356) - age   9:        184 bytes,    1811184 total
[2024-01-22T12:29:29.134+0000][7][gc,age      ] GC(356) - age  12:        184 bytes,    1811368 total
[2024-01-22T12:29:29.134+0000][7][gc,age      ] GC(356) - age  13:         24 bytes,    1811392 total
[2024-01-22T12:29:29.134+0000][7][gc,age      ] GC(356) - age  14:         24 bytes,    1811416 total
[2024-01-22T12:29:29.134+0000][7][gc,age      ] GC(356) - age  15:       8016 bytes,    1819432 total
[2024-01-22T12:29:29.134+0000][7][gc,heap     ] GC(356) Eden regions: 152->0(152)
[2024-01-22T12:29:29.134+0000][7][gc,heap     ] GC(356) Survivor regions: 1->1(20)
[2024-01-22T12:29:29.134+0000][7][gc,heap     ] GC(356) Old regions: 35->35
[2024-01-22T12:29:29.134+0000][7][gc,heap     ] GC(356) Archive regions: 2->2
[2024-01-22T12:29:29.134+0000][7][gc,heap     ] GC(356) Humongous regions: 0->0
[2024-01-22T12:29:29.134+0000][7][gc,metaspace] GC(356) Metaspace: 131006K(134656K)->131006K(134656K) NonClass: 113940K(115840K)->113940K(115840K) Class: 17066K(18816K)->17066K(18816K)
[2024-01-22T12:29:29.134+0000][7][gc          ] GC(356) Pause Young (Normal) (G1 Evacuation Pause) 750M->142M(1024M) 2.890ms
[2024-01-22T12:29:29.134+0000][7][gc,cpu      ] GC(356) User=0.02s Sys=0.00s Real=0.00s
[2024-01-22T12:29:29.134+0000][7][safepoint   ] Safepoint "G1CollectForAllocation", Time since last: 170039446098 ns, Reaching safepoint: 55798 ns, At safepoint: 3001077 ns, Total: 3056875 ns
[2024-01-22T22:24:18.046+0000][7][safepoint   ] Safepoint "Cleanup", Time since last: 86868119544 ns, Reaching safepoint: 69469 ns, At safepoint: 7467 ns, Total: 76936 ns
[2024-01-22T22:26:06.332+0000][7][gc,start    ] GC(357) Pause Young (Normal) (G1 Evacuation Pause)
[2024-01-22T22:26:06.332+0000][7][gc,task     ] GC(357) Using 8 workers of 8 for evacuation
[2024-01-22T22:26:06.332+0000][7][gc,age      ] GC(357) Desired survivor size 41943040 bytes, new threshold 15 (max threshold 15)
[2024-01-22T22:26:06.335+0000][7][gc,phases   ] GC(357)   Pre Evacuate Collection Set: 0.2ms
[2024-01-22T22:26:06.335+0000][7][gc,phases   ] GC(357)   Merge Heap Roots: 0.1ms
[2024-01-22T22:26:06.335+0000][7][gc,phases   ] GC(357)   Evacuate Collection Set: 1.8ms
[2024-01-22T22:26:06.335+0000][7][gc,phases   ] GC(357)   Post Evacuate Collection Set: 1.2ms
[2024-01-22T22:26:06.335+0000][7][gc,phases   ] GC(357)   Other: 0.1ms
[2024-01-22T22:26:06.335+0000][7][gc,age      ] GC(357) Age table with threshold 15 (max threshold 15)
[2024-01-22T22:26:06.335+0000][7][gc,age      ] GC(357) - age   1:     887640 bytes,     887640 total
[2024-01-22T22:26:06.335+0000][7][gc,age      ] GC(357) - age   2:       4016 bytes,     891656 total
[2024-01-22T22:26:06.335+0000][7][gc,age      ] GC(357) - age   3:         64 bytes,     891720 total
[2024-01-22T22:26:06.335+0000][7][gc,age      ] GC(357) - age   4:      15592 bytes,     907312 total
[2024-01-22T22:26:06.335+0000][7][gc,age      ] GC(357) - age   5:      39408 bytes,     946720 total
[2024-01-22T22:26:06.335+0000][7][gc,age      ] GC(357) - age   6:     213760 bytes,    1160480 total
[2024-01-22T22:26:06.335+0000][7][gc,age      ] GC(357) - age   7:        416 bytes,    1160896 total
[2024-01-22T22:26:06.335+0000][7][gc,age      ] GC(357) - age   8:     354536 bytes,    1515432 total
[2024-01-22T22:26:06.335+0000][7][gc,age      ] GC(357) - age   9:        208 bytes,    1515640 total
[2024-01-22T22:26:06.335+0000][7][gc,age      ] GC(357) - age  10:        184 bytes,    1515824 total
[2024-01-22T22:26:06.335+0000][7][gc,age      ] GC(357) - age  13:        184 bytes,    1516008 total
[2024-01-22T22:26:06.335+0000][7][gc,age      ] GC(357) - age  14:         24 bytes,    1516032 total
[2024-01-22T22:26:06.335+0000][7][gc,age      ] GC(357) - age  15:         24 bytes,    1516056 total
[2024-01-22T22:26:06.335+0000][7][gc,heap     ] GC(357) Eden regions: 152->0(152)
[2024-01-22T22:26:06.335+0000][7][gc,heap     ] GC(357) Survivor regions: 1->1(20)
[2024-01-22T22:26:06.335+0000][7][gc,heap     ] GC(357) Old regions: 35->35
[2024-01-22T22:26:06.335+0000][7][gc,heap     ] GC(357) Archive regions: 2->2
[2024-01-22T22:26:06.335+0000][7][gc,heap     ] GC(357) Humongous regions: 0->0
[2024-01-22T22:26:06.335+0000][7][gc,metaspace] GC(357) Metaspace: 131006K(134656K)->131006K(134656K) NonClass: 113940K(115840K)->113940K(115840K) Class: 17066K(18816K)->17066K(18816K)
[2024-01-22T22:26:06.335+0000][7][gc          ] GC(357) Pause Young (Normal) (G1 Evacuation Pause) 750M->142M(1024M) 3.840ms
[2024-01-22T22:26:06.335+0000][7][gc,cpu      ] GC(357) User=0.02s Sys=0.00s Real=0.00s
[2024-01-22T22:26:06.335+0000][7][safepoint   ] Safepoint "G1CollectForAllocation", Time since last: 108285508475 ns, Reaching safepoint: 57225 ns, At safepoint: 3951773 ns, Total: 4008998 ns
[2024-01-22T22:29:06.214+0000][7][gc,start    ] GC(358) Pause Young (Normal) (G1 Evacuation Pause)
[2024-01-22T22:29:06.214+0000][7][gc,task     ] GC(358) Using 8 workers of 8 for evacuation
[2024-01-22T22:29:06.214+0000][7][gc,age      ] GC(358) Desired survivor size 41943040 bytes, new threshold 15 (max threshold 15)
[2024-01-22T22:29:06.217+0000][7][gc,phases   ] GC(358)   Pre Evacuate Collection Set: 0.1ms
[2024-01-22T22:29:06.217+0000][7][gc,phases   ] GC(358)   Merge Heap Roots: 0.1ms
[2024-01-22T22:29:06.217+0000][7][gc,phases   ] GC(358)   Evacuate Collection Set: 1.2ms
[2024-01-22T22:29:06.217+0000][7][gc,phases   ] GC(358)   Post Evacuate Collection Set: 0.7ms
[2024-01-22T22:29:06.217+0000][7][gc,phases   ] GC(358)   Other: 0.1ms
[2024-01-22T22:29:06.217+0000][7][gc,age      ] GC(358) Age table with threshold 15 (max threshold 15)
[2024-01-22T22:29:06.217+0000][7][gc,age      ] GC(358) - age   1:     669856 bytes,     669856 total
[2024-01-22T22:29:06.217+0000][7][gc,age      ] GC(358) - age   2:     200512 bytes,     870368 total
[2024-01-22T22:29:06.217+0000][7][gc,age      ] GC(358) - age   3:       2552 bytes,     872920 total
[2024-01-22T22:29:06.217+0000][7][gc,age      ] GC(358) - age   5:      14136 bytes,     887056 total
[2024-01-22T22:29:06.217+0000][7][gc,age      ] GC(358) - age   6:      39224 bytes,     926280 total
[2024-01-22T22:29:06.217+0000][7][gc,age      ] GC(358) - age   7:     213760 bytes,    1140040 total
[2024-01-22T22:29:06.217+0000][7][gc,age      ] GC(358) - age   9:     354536 bytes,    1494576 total
[2024-01-22T22:29:06.217+0000][7][gc,age      ] GC(358) - age  10:        208 bytes,    1494784 total
[2024-01-22T22:29:06.217+0000][7][gc,age      ] GC(358) - age  11:        184 bytes,    1494968 total
[2024-01-22T22:29:06.217+0000][7][gc,age      ] GC(358) - age  14:        184 bytes,    1495152 total
[2024-01-22T22:29:06.217+0000][7][gc,age      ] GC(358) - age  15:         24 bytes,    1495176 total
[2024-01-22T22:29:06.217+0000][7][gc,heap     ] GC(358) Eden regions: 152->0(152)
[2024-01-22T22:29:06.217+0000][7][gc,heap     ] GC(358) Survivor regions: 1->1(20)
[2024-01-22T22:29:06.217+0000][7][gc,heap     ] GC(358) Old regions: 35->35
[2024-01-22T22:29:06.217+0000][7][gc,heap     ] GC(358) Archive regions: 2->2
[2024-01-22T22:29:06.217+0000][7][gc,heap     ] GC(358) Humongous regions: 0->0
[2024-01-22T22:29:06.217+0000][7][gc,metaspace] GC(358) Metaspace: 131006K(134656K)->131006K(134656K) NonClass: 113940K(115840K)->113940K(115840K) Class: 17066K(18816K)->17066K(18816K)
[2024-01-22T22:29:06.217+0000][7][gc          ] GC(358) Pause Young (Normal) (G1 Evacuation Pause) 750M->142M(1024M) 2.447ms
[2024-01-22T22:29:06.217+0000][7][gc,cpu      ] GC(358) User=0.01s Sys=0.00s Real=0.00s
[2024-01-22T22:29:06.217+0000][7][safepoint   ] Safepoint "G1CollectForAllocation", Time since last: 179878837997 ns, Reaching safepoint: 41113 ns, At safepoint: 2549951 ns, Total: 2591064 ns
[2024-01-22T22:31:57.204+0000][7][gc,start    ] GC(359) Pause Young (Normal) (G1 Evacuation Pause)
[2024-01-22T22:31:57.204+0000][7][gc,task     ] GC(359) Using 8 workers of 8 for evacuation
[2024-01-22T22:31:57.205+0000][7][gc,age      ] GC(359) Desired survivor size 41943040 bytes, new threshold 15 (max threshold 15)
[2024-01-22T22:31:57.207+0000][7][gc,phases   ] GC(359)   Pre Evacuate Collection Set: 0.1ms
[2024-01-22T22:31:57.207+0000][7][gc,phases   ] GC(359)   Merge Heap Roots: 0.1ms
[2024-01-22T22:31:57.207+0000][7][gc,phases   ] GC(359)   Evacuate Collection Set: 1.6ms
[2024-01-22T22:31:57.207+0000][7][gc,phases   ] GC(359)   Post Evacuate Collection Set: 0.7ms
[2024-01-22T22:31:57.207+0000][7][gc,phases   ] GC(359)   Other: 0.1ms
[2024-01-22T22:31:57.207+0000][7][gc,age      ] GC(359) Age table with threshold 15 (max threshold 15)
[2024-01-22T22:31:57.207+0000][7][gc,age      ] GC(359) - age   1:    1010976 bytes,    1010976 total
[2024-01-22T22:31:57.207+0000][7][gc,age      ] GC(359) - age   2:       2848 bytes,    1013824 total
[2024-01-22T22:31:57.207+0000][7][gc,age      ] GC(359) - age   3:     198976 bytes,    1212800 total
[2024-01-22T22:31:57.207+0000][7][gc,age      ] GC(359) - age   4:       2488 bytes,    1215288 total
[2024-01-22T22:31:57.207+0000][7][gc,age      ] GC(359) - age   6:      14136 bytes,    1229424 total
[2024-01-22T22:31:57.207+0000][7][gc,age      ] GC(359) - age   7:      39224 bytes,    1268648 total
[2024-01-22T22:31:57.207+0000][7][gc,age      ] GC(359) - age   8:     213760 bytes,    1482408 total
[2024-01-22T22:31:57.207+0000][7][gc,age      ] GC(359) - age  10:     354536 bytes,    1836944 total
[2024-01-22T22:31:57.207+0000][7][gc,age      ] GC(359) - age  11:        208 bytes,    1837152 total
[2024-01-22T22:31:57.207+0000][7][gc,age      ] GC(359) - age  12:        184 bytes,    1837336 total
[2024-01-22T22:31:57.207+0000][7][gc,age      ] GC(359) - age  15:        184 bytes,    1837520 total
[2024-01-22T22:31:57.207+0000][7][gc,heap     ] GC(359) Eden regions: 152->0(152)
[2024-01-22T22:31:57.207+0000][7][gc,heap     ] GC(359) Survivor regions: 1->1(20)
[2024-01-22T22:31:57.207+0000][7][gc,heap     ] GC(359) Old regions: 35->35
[2024-01-22T22:31:57.207+0000][7][gc,heap     ] GC(359) Archive regions: 2->2
[2024-01-22T22:31:57.207+0000][7][gc,heap     ] GC(359) Humongous regions: 0->0
[2024-01-22T22:31:57.207+0000][7][gc,metaspace] GC(359) Metaspace: 131006K(134656K)->131006K(134656K) NonClass: 113940K(115840K)->113940K(115840K) Class: 17066K(18816K)->17066K(18816K)
[2024-01-22T22:31:57.207+0000][7][gc          ] GC(359) Pause Young (Normal) (G1 Evacuation Pause) 750M->142M(1024M) 2.908ms
[2024-01-22T22:31:57.207+0000][7][gc,cpu      ] GC(359) User=0.02s Sys=0.00s Real=0.00s
[2024-01-22T22:31:57.207+0000][7][safepoint   ] Safepoint "G1CollectForAllocation", Time since last: 170987460165 ns, Reaching safepoint: 41897 ns, At safepoint: 3002644 ns, Total: 3044541 ns
[2024-01-22T22:34:17.224+0000][7][safepoint   ] Safepoint "Cleanup", Time since last: 140016937911 ns, Reaching safepoint: 59847 ns, At safepoint: 7653 ns, Total: 67500 ns
[2024-01-22T22:34:48.299+0000][7][gc,start    ] GC(360) Pause Young (Normal) (G1 Evacuation Pause)
[2024-01-22T22:34:48.299+0000][7][gc,task     ] GC(360) Using 8 workers of 8 for evacuation
[2024-01-22T22:34:48.299+0000][7][gc,age      ] GC(360) Desired survivor size 41943040 bytes, new threshold 15 (max threshold 15)
[2024-01-22T22:34:48.302+0000][7][gc,phases   ] GC(360)   Pre Evacuate Collection Set: 0.1ms
[2024-01-22T22:34:48.302+0000][7][gc,phases   ] GC(360)   Merge Heap Roots: 0.1ms
[2024-01-22T22:34:48.302+0000][7][gc,phases   ] GC(360)   Evacuate Collection Set: 1.5ms
[2024-01-22T22:34:48.302+0000][7][gc,phases   ] GC(360)   Post Evacuate Collection Set: 0.7ms
[2024-01-22T22:34:48.302+0000][7][gc,phases   ] GC(360)   Other: 0.1ms
[2024-01-22T22:34:48.302+0000][7][gc,age      ] GC(360) Age table with threshold 15 (max threshold 15)
[2024-01-22T22:34:48.302+0000][7][gc,age      ] GC(360) - age   1:    1226344 bytes,    1226344 total
[2024-01-22T22:34:48.302+0000][7][gc,age      ] GC(360) - age   2:       1608 bytes,    1227952 total
[2024-01-22T22:34:48.302+0000][7][gc,age      ] GC(360) - age   3:       1368 bytes,    1229320 total
[2024-01-22T22:34:48.302+0000][7][gc,age      ] GC(360) - age   4:     190808 bytes,    1420128 total
[2024-01-22T22:34:48.302+0000][7][gc,age      ] GC(360) - age   5:        184 bytes,    1420312 total
[2024-01-22T22:34:48.302+0000][7][gc,age      ] GC(360) - age   7:      13712 bytes,    1434024 total
[2024-01-22T22:34:48.302+0000][7][gc,age      ] GC(360) - age   8:      39224 bytes,    1473248 total
[2024-01-22T22:34:48.302+0000][7][gc,age      ] GC(360) - age   9:     213760 bytes,    1687008 total
[2024-01-22T22:34:48.302+0000][7][gc,age      ] GC(360) - age  11:     354536 bytes,    2041544 total
[2024-01-22T22:34:48.302+0000][7][gc,age      ] GC(360) - age  12:        208 bytes,    2041752 total
[2024-01-22T22:34:48.302+0000][7][gc,age      ] GC(360) - age  13:        184 bytes,    2041936 total
[2024-01-22T22:34:48.302+0000][7][gc,heap     ] GC(360) Eden regions: 152->0(152)
[2024-01-22T22:34:48.302+0000][7][gc,heap     ] GC(360) Survivor regions: 1->1(20)
[2024-01-22T22:34:48.302+0000][7][gc,heap     ] GC(360) Old regions: 35->35
[2024-01-22T22:34:48.302+0000][7][gc,heap     ] GC(360) Archive regions: 2->2
[2024-01-22T22:34:48.302+0000][7][gc,heap     ] GC(360) Humongous regions: 0->0
[2024-01-22T22:34:48.302+0000][7][gc,metaspace] GC(360) Metaspace: 131006K(134656K)->131006K(134656K) NonClass: 113940K(115840K)->113940K(115840K) Class: 17066K(18816K)->17066K(18816K)
[2024-01-22T22:34:48.302+0000][7][gc          ] GC(360) Pause Young (Normal) (G1 Evacuation Pause) 750M->142M(1024M) 2.949ms
[2024-01-22T22:34:48.302+0000][7][gc,cpu      ] GC(360) User=0.01s Sys=0.00s Real=0.01s
[2024-01-22T22:34:48.302+0000][7][safepoint   ] Safepoint "G1CollectForAllocation", Time since last: 31074487021 ns, Reaching safepoint: 56527 ns, At safepoint: 3038751 ns, Total: 3095278 ns
[2024-01-22T22:37:33.236+0000][7][gc,start    ] GC(361) Pause Young (Normal) (G1 Evacuation Pause)
[2024-01-22T22:37:33.236+0000][7][gc,task     ] GC(361) Using 8 workers of 8 for evacuation
[2024-01-22T22:37:33.236+0000][7][gc,age      ] GC(361) Desired survivor size 41943040 bytes, new threshold 15 (max threshold 15)
[2024-01-22T22:37:33.239+0000][7][gc,phases   ] GC(361)   Pre Evacuate Collection Set: 0.1ms
[2024-01-22T22:37:33.239+0000][7][gc,phases   ] GC(361)   Merge Heap Roots: 0.1ms
[2024-01-22T22:37:33.239+0000][7][gc,phases   ] GC(361)   Evacuate Collection Set: 1.4ms
[2024-01-22T22:37:33.239+0000][7][gc,phases   ] GC(361)   Post Evacuate Collection Set: 0.7ms
[2024-01-22T22:37:33.239+0000][7][gc,phases   ] GC(361)   Other: 0.1ms
[2024-01-22T22:37:33.239+0000][7][gc,age      ] GC(361) Age table with threshold 15 (max threshold 15)
[2024-01-22T22:37:33.239+0000][7][gc,age      ] GC(361) - age   1:    1045152 bytes,    1045152 total
[2024-01-22T22:37:33.239+0000][7][gc,age      ] GC(361) - age   2:      14216 bytes,    1059368 total
[2024-01-22T22:37:33.239+0000][7][gc,age      ] GC(361) - age   3:        224 bytes,    1059592 total
[2024-01-22T22:37:33.239+0000][7][gc,age      ] GC(361) - age   4:        600 bytes,    1060192 total
[2024-01-22T22:37:33.239+0000][7][gc,age      ] GC(361) - age   5:     182544 bytes,    1242736 total
[2024-01-22T22:37:33.239+0000][7][gc,age      ] GC(361) - age   6:        184 bytes,    1242920 total
[2024-01-22T22:37:33.239+0000][7][gc,age      ] GC(361) - age   8:      13712 bytes,    1256632 total
[2024-01-22T22:37:33.239+0000][7][gc,age      ] GC(361) - age   9:      39224 bytes,    1295856 total
[2024-01-22T22:37:33.239+0000][7][gc,age      ] GC(361) - age  10:     213760 bytes,    1509616 total
[2024-01-22T22:37:33.239+0000][7][gc,age      ] GC(361) - age  12:     354536 bytes,    1864152 total
[2024-01-22T22:37:33.239+0000][7][gc,age      ] GC(361) - age  13:        208 bytes,    1864360 total
[2024-01-22T22:37:33.239+0000][7][gc,age      ] GC(361) - age  14:        184 bytes,    1864544 total
[2024-01-22T22:37:33.239+0000][7][gc,heap     ] GC(361) Eden regions: 152->0(152)
[2024-01-22T22:37:33.239+0000][7][gc,heap     ] GC(361) Survivor regions: 1->1(20)
[2024-01-22T22:37:33.239+0000][7][gc,heap     ] GC(361) Old regions: 35->35
[2024-01-22T22:37:33.239+0000][7][gc,heap     ] GC(361) Archive regions: 2->2
[2024-01-22T22:37:33.239+0000][7][gc,heap     ] GC(361) Humongous regions: 0->0
[2024-01-22T22:37:33.239+0000][7][gc,metaspace] GC(361) Metaspace: 131006K(134656K)->131006K(134656K) NonClass: 113940K(115840K)->113940K(115840K) Class: 17066K(18816K)->17066K(18816K)
[2024-01-22T22:37:33.239+0000][7][gc          ] GC(361) Pause Young (Normal) (G1 Evacuation Pause) 750M->142M(1024M) 2.765ms
[2024-01-22T22:37:33.239+0000][7][gc,cpu      ] GC(361) User=0.02s Sys=0.00s Real=0.00s
[2024-01-22T22:37:33.239+0000][7][safepoint   ] Safepoint "G1CollectForAllocation", Time since last: 164934112315 ns, Reaching safepoint: 64235 ns, At safepoint: 2859744 ns, Total: 2923979 ns
[2024-01-22T22:40:06.257+0000][7][safepoint   ] Safepoint "Cleanup", Time since last: 153017966332 ns, Reaching safepoint: 53671 ns, At safepoint: 5404 ns, Total: 59075 ns
[2024-01-22T22:40:18.279+0000][7][gc,start    ] GC(362) Pause Young (Normal) (G1 Evacuation Pause)
[2024-01-22T22:40:18.279+0000][7][gc,task     ] GC(362) Using 8 workers of 8 for evacuation
[2024-01-22T22:40:18.279+0000][7][gc,age      ] GC(362) Desired survivor size 41943040 bytes, new threshold 15 (max threshold 15)
[2024-01-22T22:40:18.282+0000][7][gc,phases   ] GC(362)   Pre Evacuate Collection Set: 0.1ms
[2024-01-22T22:40:18.282+0000][7][gc,phases   ] GC(362)   Merge Heap Roots: 0.1ms
[2024-01-22T22:40:18.282+0000][7][gc,phases   ] GC(362)   Evacuate Collection Set: 1.5ms
[2024-01-22T22:40:18.282+0000][7][gc,phases   ] GC(362)   Post Evacuate Collection Set: 0.6ms
[2024-01-22T22:40:18.282+0000][7][gc,phases   ] GC(362)   Other: 0.1ms
[2024-01-22T22:40:18.282+0000][7][gc,age      ] GC(362) Age table with threshold 15 (max threshold 15)
[2024-01-22T22:40:18.282+0000][7][gc,age      ] GC(362) - age   1:    1388640 bytes,    1388640 total
[2024-01-22T22:40:18.282+0000][7][gc,age      ] GC(362) - age   2:      11312 bytes,    1399952 total
[2024-01-22T22:40:18.282+0000][7][gc,age      ] GC(362) - age   3:      12104 bytes,    1412056 total
[2024-01-22T22:40:18.282+0000][7][gc,age      ] GC(362) - age   4:        160 bytes,    1412216 total
[2024-01-22T22:40:18.282+0000][7][gc,age      ] GC(362) - age   5:        600 bytes,    1412816 total
[2024-01-22T22:40:18.282+0000][7][gc,age      ] GC(362) - age   6:     182544 bytes,    1595360 total
[2024-01-22T22:40:18.282+0000][7][gc,age      ] GC(362) - age   7:        184 bytes,    1595544 total
[2024-01-22T22:40:18.282+0000][7][gc,age      ] GC(362) - age   9:      13712 bytes,    1609256 total
[2024-01-22T22:40:18.282+0000][7][gc,age      ] GC(362) - age  10:      39224 bytes,    1648480 total
[2024-01-22T22:40:18.282+0000][7][gc,age      ] GC(362) - age  11:     213760 bytes,    1862240 total
[2024-01-22T22:40:18.282+0000][7][gc,age      ] GC(362) - age  13:     354536 bytes,    2216776 total
[2024-01-22T22:40:18.282+0000][7][gc,age      ] GC(362) - age  14:        208 bytes,    2216984 total
[2024-01-22T22:40:18.282+0000][7][gc,age      ] GC(362) - age  15:        184 bytes,    2217168 total
[2024-01-22T22:40:18.282+0000][7][gc,heap     ] GC(362) Eden regions: 152->0(152)
[2024-01-22T22:40:18.282+0000][7][gc,heap     ] GC(362) Survivor regions: 1->1(20)
[2024-01-22T22:40:18.282+0000][7][gc,heap     ] GC(362) Old regions: 35->35
[2024-01-22T22:40:18.282+0000][7][gc,heap     ] GC(362) Archive regions: 2->2
[2024-01-22T22:40:18.282+0000][7][gc,heap     ] GC(362) Humongous regions: 0->0
[2024-01-22T22:40:18.282+0000][7][gc,metaspace] GC(362) Metaspace: 131006K(134656K)->131006K(134656K) NonClass: 113940K(115840K)->113940K(115840K) Class: 17066K(18816K)->17066K(18816K)
[2024-01-22T22:40:18.282+0000][7][gc          ] GC(362) Pause Young (Normal) (G1 Evacuation Pause) 750M->142M(1024M) 2.665ms
[2024-01-22T22:40:18.282+0000][7][gc,cpu      ] GC(362) User=0.02s Sys=0.00s Real=0.01s
[2024-01-22T22:40:18.282+0000][7][safepoint   ] Safepoint "G1CollectForAllocation", Time since last: 12022071512 ns, Reaching safepoint: 44471 ns, At safepoint: 2748172 ns, Total: 2792643 ns
[2024-01-22T22:43:03.243+0000][7][gc,start    ] GC(363) Pause Young (Normal) (G1 Evacuation Pause)
[2024-01-22T22:43:03.243+0000][7][gc,task     ] GC(363) Using 8 workers of 8 for evacuation
[2024-01-22T22:43:03.243+0000][7][gc,age      ] GC(363) Desired survivor size 41943040 bytes, new threshold 15 (max threshold 15)
[2024-01-22T22:43:03.246+0000][7][gc,phases   ] GC(363)   Pre Evacuate Collection Set: 0.1ms
[2024-01-22T22:43:03.246+0000][7][gc,phases   ] GC(363)   Merge Heap Roots: 0.1ms
[2024-01-22T22:43:03.246+0000][7][gc,phases   ] GC(363)   Evacuate Collection Set: 1.3ms
[2024-01-22T22:43:03.246+0000][7][gc,phases   ] GC(363)   Post Evacuate Collection Set: 0.7ms
[2024-01-22T22:43:03.246+0000][7][gc,phases   ] GC(363)   Other: 0.1ms
[2024-01-22T22:43:03.246+0000][7][gc,age      ] GC(363) Age table with threshold 15 (max threshold 15)
[2024-01-22T22:43:03.246+0000][7][gc,age      ] GC(363) - age   1:     668632 bytes,     668632 total
[2024-01-22T22:43:03.246+0000][7][gc,age      ] GC(363) - age   2:       2272 bytes,     670904 total
[2024-01-22T22:43:03.246+0000][7][gc,age      ] GC(363) - age   3:       1152 bytes,     672056 total
[2024-01-22T22:43:03.246+0000][7][gc,age      ] GC(363) - age   4:       9312 bytes,     681368 total
[2024-01-22T22:43:03.246+0000][7][gc,age      ] GC(363) - age   5:         64 bytes,     681432 total
[2024-01-22T22:43:03.246+0000][7][gc,age      ] GC(363) - age   6:        600 bytes,     682032 total
[2024-01-22T22:43:03.246+0000][7][gc,age      ] GC(363) - age   7:     182544 bytes,     864576 total
[2024-01-22T22:43:03.246+0000][7][gc,age      ] GC(363) - age   8:        184 bytes,     864760 total
[2024-01-22T22:43:03.246+0000][7][gc,age      ] GC(363) - age  10:      13712 bytes,     878472 total
[2024-01-22T22:43:03.246+0000][7][gc,age      ] GC(363) - age  11:      39224 bytes,     917696 total
[2024-01-22T22:43:03.246+0000][7][gc,age      ] GC(363) - age  12:     213760 bytes,    1131456 total
[2024-01-22T22:43:03.246+0000][7][gc,age      ] GC(363) - age  14:     354536 bytes,    1485992 total
[2024-01-22T22:43:03.246+0000][7][gc,age      ] GC(363) - age  15:        208 bytes,    1486200 total
[2024-01-22T22:43:03.246+0000][7][gc,heap     ] GC(363) Eden regions: 152->0(152)
[2024-01-22T22:43:03.246+0000][7][gc,heap     ] GC(363) Survivor regions: 1->1(20)
[2024-01-22T22:43:03.246+0000][7][gc,heap     ] GC(363) Old regions: 35->35
[2024-01-22T22:43:03.246+0000][7][gc,heap     ] GC(363) Archive regions: 2->2
[2024-01-22T22:43:03.246+0000][7][gc,heap     ] GC(363) Humongous regions: 0->0
[2024-01-22T22:43:03.246+0000][7][gc,metaspace] GC(363) Metaspace: 131006K(134656K)->131006K(134656K) NonClass: 113940K(115840K)->113940K(115840K) Class: 17066K(18816K)->17066K(18816K)
[2024-01-22T22:43:03.246+0000][7][gc          ] GC(363) Pause Young (Normal) (G1 Evacuation Pause) 750M->142M(1024M) 2.615ms
[2024-01-22T22:43:03.246+0000][7][gc,cpu      ] GC(363) User=0.01s Sys=0.01s Real=0.00s
[2024-01-22T22:43:03.246+0000][7][safepoint   ] Safepoint "G1CollectForAllocation", Time since last: 164961330834 ns, Reaching safepoint: 35109 ns, At safepoint: 2703244 ns, Total: 2738353 ns
[2024-01-22T22:45:36.264+0000][7][safepoint   ] Safepoint "Cleanup", Time since last: 153018051366 ns, Reaching safepoint: 57364 ns, At safepoint: 33297 ns, Total: 90661 ns
[2024-01-22T22:45:43.369+0000][7][gc,start    ] GC(364) Pause Young (Normal) (G1 Evacuation Pause)
[2024-01-22T22:45:43.369+0000][7][gc,task     ] GC(364) Using 8 workers of 8 for evacuation
[2024-01-22T22:45:43.369+0000][7][gc,age      ] GC(364) Desired survivor size 41943040 bytes, new threshold 15 (max threshold 15)
[2024-01-22T22:45:43.372+0000][7][gc,phases   ] GC(364)   Pre Evacuate Collection Set: 0.1ms
[2024-01-22T22:45:43.372+0000][7][gc,phases   ] GC(364)   Merge Heap Roots: 0.1ms
[2024-01-22T22:45:43.372+0000][7][gc,phases   ] GC(364)   Evacuate Collection Set: 1.8ms
[2024-01-22T22:45:43.372+0000][7][gc,phases   ] GC(364)   Post Evacuate Collection Set: 0.9ms
[2024-01-22T22:45:43.372+0000][7][gc,phases   ] GC(364)   Other: 0.1ms
[2024-01-22T22:45:43.372+0000][7][gc,age      ] GC(364) Age table with threshold 15 (max threshold 15)
[2024-01-22T22:45:43.372+0000][7][gc,age      ] GC(364) - age   1:    1143952 bytes,    1143952 total
[2024-01-22T22:45:43.372+0000][7][gc,age      ] GC(364) - age   2:      12632 bytes,    1156584 total
[2024-01-22T22:45:43.372+0000][7][gc,age      ] GC(364) - age   3:       1504 bytes,    1158088 total
[2024-01-22T22:45:43.372+0000][7][gc,age      ] GC(364) - age   4:       1152 bytes,    1159240 total
[2024-01-22T22:45:43.372+0000][7][gc,age      ] GC(364) - age   5:        608 bytes,    1159848 total
[2024-01-22T22:45:43.372+0000][7][gc,age      ] GC(364) - age   6:         64 bytes,    1159912 total
[2024-01-22T22:45:43.372+0000][7][gc,age      ] GC(364) - age   7:        568 bytes,    1160480 total
[2024-01-22T22:45:43.372+0000][7][gc,age      ] GC(364) - age   8:     182544 bytes,    1343024 total
[2024-01-22T22:45:43.372+0000][7][gc,age      ] GC(364) - age   9:        184 bytes,    1343208 total
[2024-01-22T22:45:43.372+0000][7][gc,age      ] GC(364) - age  11:      13712 bytes,    1356920 total
[2024-01-22T22:45:43.372+0000][7][gc,age      ] GC(364) - age  12:      39224 bytes,    1396144 total
[2024-01-22T22:45:43.372+0000][7][gc,age      ] GC(364) - age  13:     213760 bytes,    1609904 total
[2024-01-22T22:45:43.372+0000][7][gc,age      ] GC(364) - age  15:     354536 bytes,    1964440 total
[2024-01-22T22:45:43.372+0000][7][gc,heap     ] GC(364) Eden regions: 152->0(152)
[2024-01-22T22:45:43.372+0000][7][gc,heap     ] GC(364) Survivor regions: 1->1(20)
[2024-01-22T22:45:43.372+0000][7][gc,heap     ] GC(364) Old regions: 35->35
[2024-01-22T22:45:43.372+0000][7][gc,heap     ] GC(364) Archive regions: 2->2
[2024-01-22T22:45:43.372+0000][7][gc,heap     ] GC(364) Humongous regions: 0->0
[2024-01-22T22:45:43.372+0000][7][gc,metaspace] GC(364) Metaspace: 131006K(134656K)->131006K(134656K) NonClass: 113940K(115840K)->113940K(115840K) Class: 17066K(18816K)->17066K(18816K)
[2024-01-22T22:45:43.372+0000][7][gc          ] GC(364) Pause Young (Normal) (G1 Evacuation Pause) 750M->142M(1024M) 3.365ms
[2024-01-22T22:45:43.372+0000][7][gc,cpu      ] GC(364) User=0.01s Sys=0.00s Real=0.01s
[2024-01-22T22:45:43.372+0000][7][safepoint   ] Safepoint "G1CollectForAllocation", Time since last: 7104597774 ns, Reaching safepoint: 50100 ns, At safepoint: 3473024 ns, Total: 3523124 ns
[2024-01-22T22:48:36.963+0000][7][gc,start    ] GC(365) Pause Young (Normal) (G1 Evacuation Pause)
[2024-01-22T22:48:36.964+0000][7][gc,task     ] GC(365) Using 8 workers of 8 for evacuation
[2024-01-22T22:48:36.964+0000][7][gc,age      ] GC(365) Desired survivor size 41943040 bytes, new threshold 15 (max threshold 15)
[2024-01-22T22:48:36.966+0000][7][gc,phases   ] GC(365)   Pre Evacuate Collection Set: 0.1ms
[2024-01-22T22:48:36.966+0000][7][gc,phases   ] GC(365)   Merge Heap Roots: 0.1ms
[2024-01-22T22:48:36.966+0000][7][gc,phases   ] GC(365)   Evacuate Collection Set: 1.6ms
[2024-01-22T22:48:36.966+0000][7][gc,phases   ] GC(365)   Post Evacuate Collection Set: 0.7ms
[2024-01-22T22:48:36.966+0000][7][gc,phases   ] GC(365)   Other: 0.1ms
[2024-01-22T22:48:36.966+0000][7][gc,age      ] GC(365) Age table with threshold 15 (max threshold 15)
[2024-01-22T22:48:36.966+0000][7][gc,age      ] GC(365) - age   1:    1724496 bytes,    1724496 total
[2024-01-22T22:48:36.966+0000][7][gc,age      ] GC(365) - age   2:      11552 bytes,    1736048 total
[2024-01-22T22:48:36.966+0000][7][gc,age      ] GC(365) - age   3:      10416 bytes,    1746464 total
[2024-01-22T22:48:36.966+0000][7][gc,age      ] GC(365) - age   4:        184 bytes,    1746648 total
[2024-01-22T22:48:36.966+0000][7][gc,age      ] GC(365) - age   6:        216 bytes,    1746864 total
[2024-01-22T22:48:36.966+0000][7][gc,age      ] GC(365) - age   9:     182544 bytes,    1929408 total
[2024-01-22T22:48:36.966+0000][7][gc,age      ] GC(365) - age  10:        184 bytes,    1929592 total
[2024-01-22T22:48:36.966+0000][7][gc,age      ] GC(365) - age  12:      13712 bytes,    1943304 total
[2024-01-22T22:48:36.966+0000][7][gc,age      ] GC(365) - age  13:      39224 bytes,    1982528 total
[2024-01-22T22:48:36.966+0000][7][gc,age      ] GC(365) - age  14:     213760 bytes,    2196288 total
[2024-01-22T22:48:36.966+0000][7][gc,heap     ] GC(365) Eden regions: 152->0(152)
[2024-01-22T22:48:36.966+0000][7][gc,heap     ] GC(365) Survivor regions: 1->1(20)
[2024-01-22T22:48:36.966+0000][7][gc,heap     ] GC(365) Old regions: 35->35
[2024-01-22T22:48:36.966+0000][7][gc,heap     ] GC(365) Archive regions: 2->2
[2024-01-22T22:48:36.966+0000][7][gc,heap     ] GC(365) Humongous regions: 0->0
[2024-01-22T22:48:36.966+0000][7][gc,metaspace] GC(365) Metaspace: 131006K(134656K)->131006K(134656K) NonClass: 113940K(115840K)->113940K(115840K) Class: 17066K(18816K)->17066K(18816K)
[2024-01-22T22:48:36.966+0000][7][gc          ] GC(365) Pause Young (Normal) (G1 Evacuation Pause) 750M->143M(1024M) 2.939ms
[2024-01-22T22:48:36.966+0000][7][gc,cpu      ] GC(365) User=0.02s Sys=0.00s Real=0.00s
[2024-01-22T22:48:36.966+0000][7][safepoint   ] Safepoint "G1CollectForAllocation", Time since last: 173591138467 ns, Reaching safepoint: 53582 ns, At safepoint: 3026995 ns, Total: 3080577 ns
[2024-01-22T22:49:54.977+0000][7][safepoint   ] Safepoint "Cleanup", Time since last: 78010016276 ns, Reaching safepoint: 87850 ns, At safepoint: 8507 ns, Total: 96357 ns
[2024-01-22T22:50:00.978+0000][7][safepoint   ] Safepoint "Cleanup", Time since last: 6001069128 ns, Reaching safepoint: 106755 ns, At safepoint: 8646 ns, Total: 115401 ns
[2024-01-22T22:50:36.982+0000][7][safepoint   ] Safepoint "Cleanup", Time since last: 36004640096 ns, Reaching safepoint: 74588 ns, At safepoint: 11246 ns, Total: 85834 ns
[2024-01-22T22:52:06.290+0000][7][gc,start    ] GC(366) Pause Young (Normal) (G1 Evacuation Pause)
[2024-01-22T22:52:06.290+0000][7][gc,task     ] GC(366) Using 8 workers of 8 for evacuation
[2024-01-22T22:52:06.290+0000][7][gc,age      ] GC(366) Desired survivor size 41943040 bytes, new threshold 15 (max threshold 15)
[2024-01-22T22:52:06.292+0000][7][gc,phases   ] GC(366)   Pre Evacuate Collection Set: 0.1ms
[2024-01-22T22:52:06.292+0000][7][gc,phases   ] GC(366)   Merge Heap Roots: 0.1ms
[2024-01-22T22:52:06.292+0000][7][gc,phases   ] GC(366)   Evacuate Collection Set: 1.1ms
[2024-01-22T22:52:06.292+0000][7][gc,phases   ] GC(366)   Post Evacuate Collection Set: 0.7ms
[2024-01-22T22:52:06.292+0000][7][gc,phases   ] GC(366)   Other: 0.1ms
[2024-01-22T22:52:06.292+0000][7][gc,age      ] GC(366) Age table with threshold 15 (max threshold 15)
[2024-01-22T22:52:06.292+0000][7][gc,age      ] GC(366) - age   1:     696080 bytes,     696080 total
[2024-01-22T22:52:06.292+0000][7][gc,age      ] GC(366) - age   2:       7968 bytes,     704048 total
[2024-01-22T22:52:06.292+0000][7][gc,age      ] GC(366) - age   3:       9368 bytes,     713416 total
[2024-01-22T22:52:06.292+0000][7][gc,age      ] GC(366) - age   4:      10320 bytes,     723736 total
[2024-01-22T22:52:06.292+0000][7][gc,age      ] GC(366) - age   5:        184 bytes,     723920 total
[2024-01-22T22:52:06.292+0000][7][gc,age      ] GC(366) - age   7:         32 bytes,     723952 total
[2024-01-22T22:52:06.292+0000][7][gc,age      ] GC(366) - age  10:     182440 bytes,     906392 total
[2024-01-22T22:52:06.292+0000][7][gc,age      ] GC(366) - age  11:        184 bytes,     906576 total
[2024-01-22T22:52:06.292+0000][7][gc,age      ] GC(366) - age  13:      13712 bytes,     920288 total
[2024-01-22T22:52:06.292+0000][7][gc,age      ] GC(366) - age  14:      39224 bytes,     959512 total
[2024-01-22T22:52:06.292+0000][7][gc,age      ] GC(366) - age  15:     213760 bytes,    1173272 total
[2024-01-22T22:52:06.292+0000][7][gc,heap     ] GC(366) Eden regions: 152->0(152)
[2024-01-22T22:52:06.292+0000][7][gc,heap     ] GC(366) Survivor regions: 1->1(20)
[2024-01-22T22:52:06.292+0000][7][gc,heap     ] GC(366) Old regions: 35->35
[2024-01-22T22:52:06.292+0000][7][gc,heap     ] GC(366) Archive regions: 2->2
[2024-01-22T22:52:06.292+0000][7][gc,heap     ] GC(366) Humongous regions: 0->0
[2024-01-22T22:52:06.292+0000][7][gc,metaspace] GC(366) Metaspace: 131006K(134656K)->131006K(134656K) NonClass: 113940K(115840K)->113940K(115840K) Class: 17066K(18816K)->17066K(18816K)
[2024-01-22T22:52:06.292+0000][7][gc          ] GC(366) Pause Young (Normal) (G1 Evacuation Pause) 751M->142M(1024M) 2.402ms
[2024-01-22T22:52:06.292+0000][7][gc,cpu      ] GC(366) User=0.01s Sys=0.00s Real=0.00s
[2024-01-22T22:52:06.292+0000][7][safepoint   ] Safepoint "G1CollectForAllocation", Time since last: 89307281453 ns, Reaching safepoint: 83934 ns, At safepoint: 2494612 ns, Total: 2578546 ns
[2024-01-22T22:55:33.282+0000][7][gc,start    ] GC(367) Pause Young (Normal) (G1 Evacuation Pause)
[2024-01-22T22:55:33.282+0000][7][gc,task     ] GC(367) Using 8 workers of 8 for evacuation
[2024-01-22T22:55:33.282+0000][7][gc,age      ] GC(367) Desired survivor size 41943040 bytes, new threshold 15 (max threshold 15)
[2024-01-22T22:55:33.285+0000][7][gc,phases   ] GC(367)   Pre Evacuate Collection Set: 0.1ms
[2024-01-22T22:55:33.285+0000][7][gc,phases   ] GC(367)   Merge Heap Roots: 0.1ms
[2024-01-22T22:55:33.285+0000][7][gc,phases   ] GC(367)   Evacuate Collection Set: 1.4ms
[2024-01-22T22:55:33.285+0000][7][gc,phases   ] GC(367)   Post Evacuate Collection Set: 0.7ms
[2024-01-22T22:55:33.285+0000][7][gc,phases   ] GC(367)   Other: 0.1ms
[2024-01-22T22:55:33.285+0000][7][gc,age      ] GC(367) Age table with threshold 15 (max threshold 15)
[2024-01-22T22:55:33.285+0000][7][gc,age      ] GC(367) - age   1:    1154728 bytes,    1154728 total
[2024-01-22T22:55:33.285+0000][7][gc,age      ] GC(367) - age   2:       3568 bytes,    1158296 total
[2024-01-22T22:55:33.285+0000][7][gc,age      ] GC(367) - age   3:       6536 bytes,    1164832 total
[2024-01-22T22:55:33.285+0000][7][gc,age      ] GC(367) - age   4:       8048 bytes,    1172880 total
[2024-01-22T22:55:33.285+0000][7][gc,age      ] GC(367) - age   6:        184 bytes,    1173064 total
[2024-01-22T22:55:33.285+0000][7][gc,age      ] GC(367) - age  11:     182440 bytes,    1355504 total
[2024-01-22T22:55:33.285+0000][7][gc,age      ] GC(367) - age  12:        184 bytes,    1355688 total
[2024-01-22T22:55:33.285+0000][7][gc,age      ] GC(367) - age  14:      13712 bytes,    1369400 total
[2024-01-22T22:55:33.285+0000][7][gc,age      ] GC(367) - age  15:      39224 bytes,    1408624 total
[2024-01-22T22:55:33.285+0000][7][gc,heap     ] GC(367) Eden regions: 152->0(152)
[2024-01-22T22:55:33.285+0000][7][gc,heap     ] GC(367) Survivor regions: 1->1(20)
[2024-01-22T22:55:33.285+0000][7][gc,heap     ] GC(367) Old regions: 35->35
[2024-01-22T22:55:33.285+0000][7][gc,heap     ] GC(367) Archive regions: 2->2
[2024-01-22T22:55:33.285+0000][7][gc,heap     ] GC(367) Humongous regions: 0->0
[2024-01-22T22:55:33.285+0000][7][gc,metaspace] GC(367) Metaspace: 131006K(134656K)->131006K(134656K) NonClass: 113940K(115840K)->113940K(115840K) Class: 17066K(18816K)->17066K(18816K)
[2024-01-22T22:55:33.285+0000][7][gc          ] GC(367) Pause Young (Normal) (G1 Evacuation Pause) 750M->142M(1024M) 2.668ms
[2024-01-22T22:55:33.285+0000][7][gc,cpu      ] GC(367) User=0.02s Sys=0.00s Real=0.00s
[2024-01-22T22:55:33.285+0000][7][safepoint   ] Safepoint "G1CollectForAllocation", Time since last: 206989829405 ns, Reaching safepoint: 56480 ns, At safepoint: 2757530 ns, Total: 2814010 ns
[2024-01-22T22:58:56.343+0000][7][gc,start    ] GC(368) Pause Young (Normal) (G1 Evacuation Pause)
[2024-01-22T22:58:56.343+0000][7][gc,task     ] GC(368) Using 8 workers of 8 for evacuation
[2024-01-22T22:58:56.343+0000][7][gc,age      ] GC(368) Desired survivor size 41943040 bytes, new threshold 15 (max threshold 15)
[2024-01-22T22:58:56.345+0000][7][gc,phases   ] GC(368)   Pre Evacuate Collection Set: 0.1ms
[2024-01-22T22:58:56.345+0000][7][gc,phases   ] GC(368)   Merge Heap Roots: 0.0ms
[2024-01-22T22:58:56.345+0000][7][gc,phases   ] GC(368)   Evacuate Collection Set: 1.0ms
[2024-01-22T22:58:56.345+0000][7][gc,phases   ] GC(368)   Post Evacuate Collection Set: 0.5ms
[2024-01-22T22:58:56.345+0000][7][gc,phases   ] GC(368)   Other: 0.1ms
[2024-01-22T22:58:56.345+0000][7][gc,age      ] GC(368) Age table with threshold 15 (max threshold 15)
[2024-01-22T22:58:56.345+0000][7][gc,age      ] GC(368) - age   1:    1614272 bytes,    1614272 total
[2024-01-22T22:58:56.345+0000][7][gc,age      ] GC(368) - age   2:       5328 bytes,    1619600 total
[2024-01-22T22:58:56.345+0000][7][gc,age      ] GC(368) - age   3:       2344 bytes,    1621944 total
[2024-01-22T22:58:56.345+0000][7][gc,age      ] GC(368) - age   4:       5768 bytes,    1627712 total
[2024-01-22T22:58:56.345+0000][7][gc,age      ] GC(368) - age   5:       8048 bytes,    1635760 total
[2024-01-22T22:58:56.345+0000][7][gc,age      ] GC(368) - age  12:     182440 bytes,    1818200 total
[2024-01-22T22:58:56.345+0000][7][gc,age      ] GC(368) - age  13:        184 bytes,    1818384 total
[2024-01-22T22:58:56.345+0000][7][gc,age      ] GC(368) - age  15:      13712 bytes,    1832096 total
[2024-01-22T22:58:56.345+0000][7][gc,heap     ] GC(368) Eden regions: 152->0(152)
[2024-01-22T22:58:56.345+0000][7][gc,heap     ] GC(368) Survivor regions: 1->1(20)
[2024-01-22T22:58:56.345+0000][7][gc,heap     ] GC(368) Old regions: 35->35
[2024-01-22T22:58:56.345+0000][7][gc,heap     ] GC(368) Archive regions: 2->2
[2024-01-22T22:58:56.345+0000][7][gc,heap     ] GC(368) Humongous regions: 0->0
[2024-01-22T22:58:56.345+0000][7][gc,metaspace] GC(368) Metaspace: 131006K(134656K)->131006K(134656K) NonClass: 113940K(115840K)->113940K(115840K) Class: 17066K(18816K)->17066K(18816K)
[2024-01-22T22:58:56.345+0000][7][gc          ] GC(368) Pause Young (Normal) (G1 Evacuation Pause) 750M->143M(1024M) 1.926ms
[2024-01-22T22:58:56.345+0000][7][gc,cpu      ] GC(368) User=0.01s Sys=0.00s Real=0.00s
[2024-01-22T22:58:56.345+0000][7][safepoint   ] Safepoint "G1CollectForAllocation", Time since last: 204094399905 ns, Reaching safepoint: 38611 ns, At safepoint: 1993536 ns, Total: 2032147 ns
[2024-01-22T23:02:29.282+0000][7][gc,start    ] GC(369) Pause Young (Normal) (G1 Evacuation Pause)
[2024-01-22T23:02:29.282+0000][7][gc,task     ] GC(369) Using 8 workers of 8 for evacuation
[2024-01-22T23:02:29.282+0000][7][gc,age      ] GC(369) Desired survivor size 41943040 bytes, new threshold 15 (max threshold 15)
[2024-01-22T23:02:29.284+0000][7][gc,phases   ] GC(369)   Pre Evacuate Collection Set: 0.1ms
[2024-01-22T23:02:29.284+0000][7][gc,phases   ] GC(369)   Merge Heap Roots: 0.1ms
[2024-01-22T23:02:29.284+0000][7][gc,phases   ] GC(369)   Evacuate Collection Set: 0.8ms
[2024-01-22T23:02:29.284+0000][7][gc,phases   ] GC(369)   Post Evacuate Collection Set: 0.6ms
[2024-01-22T23:02:29.284+0000][7][gc,phases   ] GC(369)   Other: 0.1ms
[2024-01-22T23:02:29.284+0000][7][gc,age      ] GC(369) Age table with threshold 15 (max threshold 15)
[2024-01-22T23:02:29.284+0000][7][gc,age      ] GC(369) - age   1:     430472 bytes,     430472 total
[2024-01-22T23:02:29.284+0000][7][gc,age      ] GC(369) - age   2:       3648 bytes,     434120 total
[2024-01-22T23:02:29.284+0000][7][gc,age      ] GC(369) - age   3:       1160 bytes,     435280 total
[2024-01-22T23:02:29.284+0000][7][gc,age      ] GC(369) - age   4:       2280 bytes,     437560 total
[2024-01-22T23:02:29.284+0000][7][gc,age      ] GC(369) - age   5:       5376 bytes,     442936 total
[2024-01-22T23:02:29.284+0000][7][gc,age      ] GC(369) - age   6:       8048 bytes,     450984 total
[2024-01-22T23:02:29.284+0000][7][gc,age      ] GC(369) - age  13:     182440 bytes,     633424 total
[2024-01-22T23:02:29.284+0000][7][gc,heap     ] GC(369) Eden regions: 152->0(152)
[2024-01-22T23:02:29.284+0000][7][gc,heap     ] GC(369) Survivor regions: 1->1(20)
[2024-01-22T23:02:29.284+0000][7][gc,heap     ] GC(369) Old regions: 35->35
[2024-01-22T23:02:29.284+0000][7][gc,heap     ] GC(369) Archive regions: 2->2
[2024-01-22T23:02:29.284+0000][7][gc,heap     ] GC(369) Humongous regions: 0->0
[2024-01-22T23:02:29.284+0000][7][gc,metaspace] GC(369) Metaspace: 131006K(134656K)->131006K(134656K) NonClass: 113940K(115840K)->113940K(115840K) Class: 17066K(18816K)->17066K(18816K)
[2024-01-22T23:02:29.284+0000][7][gc          ] GC(369) Pause Young (Normal) (G1 Evacuation Pause) 751M->141M(1024M) 2.013ms
[2024-01-22T23:02:29.284+0000][7][gc,cpu      ] GC(369) User=0.01s Sys=0.00s Real=0.00s
[2024-01-22T23:02:29.284+0000][7][safepoint   ] Safepoint "G1CollectForAllocation", Time since last: 212936610182 ns, Reaching safepoint: 48500 ns, At safepoint: 2096527 ns, Total: 2145027 ns
[2024-01-22T23:05:53.285+0000][7][gc,start    ] GC(370) Pause Young (Normal) (G1 Evacuation Pause)
[2024-01-22T23:05:53.285+0000][7][gc,task     ] GC(370) Using 8 workers of 8 for evacuation
[2024-01-22T23:05:53.285+0000][7][gc,age      ] GC(370) Desired survivor size 41943040 bytes, new threshold 15 (max threshold 15)
[2024-01-22T23:05:53.286+0000][7][gc,phases   ] GC(370)   Pre Evacuate Collection Set: 0.1ms
[2024-01-22T23:05:53.286+0000][7][gc,phases   ] GC(370)   Merge Heap Roots: 0.0ms
[2024-01-22T23:05:53.286+0000][7][gc,phases   ] GC(370)   Evacuate Collection Set: 1.0ms
[2024-01-22T23:05:53.286+0000][7][gc,phases   ] GC(370)   Post Evacuate Collection Set: 0.5ms
[2024-01-22T23:05:53.286+0000][7][gc,phases   ] GC(370)   Other: 0.1ms
[2024-01-22T23:05:53.286+0000][7][gc,age      ] GC(370) Age table with threshold 15 (max threshold 15)
[2024-01-22T23:05:53.286+0000][7][gc,age      ] GC(370) - age   1:    1652216 bytes,    1652216 total
[2024-01-22T23:05:53.286+0000][7][gc,age      ] GC(370) - age   2:       4384 bytes,    1656600 total
[2024-01-22T23:05:53.286+0000][7][gc,age      ] GC(370) - age   3:       1248 bytes,    1657848 total
[2024-01-22T23:05:53.286+0000][7][gc,age      ] GC(370) - age   4:        184 bytes,    1658032 total
[2024-01-22T23:05:53.286+0000][7][gc,age      ] GC(370) - age   5:       2280 bytes,    1660312 total
[2024-01-22T23:05:53.286+0000][7][gc,age      ] GC(370) - age   6:       5376 bytes,    1665688 total
[2024-01-22T23:05:53.286+0000][7][gc,age      ] GC(370) - age   7:       8016 bytes,    1673704 total
[2024-01-22T23:05:53.286+0000][7][gc,age      ] GC(370) - age  14:     182240 bytes,    1855944 total
[2024-01-22T23:05:53.286+0000][7][gc,heap     ] GC(370) Eden regions: 152->0(152)
[2024-01-22T23:05:53.286+0000][7][gc,heap     ] GC(370) Survivor regions: 1->1(20)
[2024-01-22T23:05:53.286+0000][7][gc,heap     ] GC(370) Old regions: 35->35
[2024-01-22T23:05:53.286+0000][7][gc,heap     ] GC(370) Archive regions: 2->2
[2024-01-22T23:05:53.286+0000][7][gc,heap     ] GC(370) Humongous regions: 0->0
[2024-01-22T23:05:53.287+0000][7][gc,metaspace] GC(370) Metaspace: 131007K(134656K)->131007K(134656K) NonClass: 113940K(115840K)->113940K(115840K) Class: 17066K(18816K)->17066K(18816K)
[2024-01-22T23:05:53.287+0000][7][gc          ] GC(370) Pause Young (Normal) (G1 Evacuation Pause) 749M->143M(1024M) 1.836ms
[2024-01-22T23:05:53.287+0000][7][gc,cpu      ] GC(370) User=0.01s Sys=0.00s Real=0.01s
[2024-01-22T23:05:53.287+0000][7][safepoint   ] Safepoint "G1CollectForAllocation", Time since last: 204000796351 ns, Reaching safepoint: 36378 ns, At safepoint: 1914711 ns, Total: 1951089 ns
[2024-01-22T23:07:35.297+0000][7][safepoint   ] Safepoint "Cleanup", Time since last: 102010290423 ns, Reaching safepoint: 98953 ns, At safepoint: 40345 ns, Total: 139298 ns
[2024-01-22T23:08:41.381+0000][7][gc,start    ] GC(371) Pause Young (Normal) (G1 Evacuation Pause)
[2024-01-22T23:08:41.381+0000][7][gc,task     ] GC(371) Using 8 workers of 8 for evacuation
[2024-01-22T23:08:41.381+0000][7][gc,age      ] GC(371) Desired survivor size 41943040 bytes, new threshold 15 (max threshold 15)
[2024-01-22T23:08:41.383+0000][7][gc,phases   ] GC(371)   Pre Evacuate Collection Set: 0.1ms
[2024-01-22T23:08:41.383+0000][7][gc,phases   ] GC(371)   Merge Heap Roots: 0.1ms
[2024-01-22T23:08:41.383+0000][7][gc,phases   ] GC(371)   Evacuate Collection Set: 1.4ms
[2024-01-22T23:08:41.383+0000][7][gc,phases   ] GC(371)   Post Evacuate Collection Set: 0.8ms
[2024-01-22T23:08:41.384+0000][7][gc,phases   ] GC(371)   Other: 0.1ms
[2024-01-22T23:08:41.384+0000][7][gc,age      ] GC(371) Age table with threshold 15 (max threshold 15)
[2024-01-22T23:08:41.384+0000][7][gc,age      ] GC(371) - age   1:    1195184 bytes,    1195184 total
[2024-01-22T23:08:41.384+0000][7][gc,age      ] GC(371) - age   2:     120512 bytes,    1315696 total
[2024-01-22T23:08:41.384+0000][7][gc,age      ] GC(371) - age   3:       3368 bytes,    1319064 total
[2024-01-22T23:08:41.384+0000][7][gc,age      ] GC(371) - age   4:        352 bytes,    1319416 total
[2024-01-22T23:08:41.384+0000][7][gc,age      ] GC(371) - age   5:        184 bytes,    1319600 total
[2024-01-22T23:08:41.384+0000][7][gc,age      ] GC(371) - age   6:       2280 bytes,    1321880 total
[2024-01-22T23:08:41.384+0000][7][gc,age      ] GC(371) - age   7:       4992 bytes,    1326872 total
[2024-01-22T23:08:41.384+0000][7][gc,age      ] GC(371) - age   8:       8016 bytes,    1334888 total
[2024-01-22T23:08:41.384+0000][7][gc,age      ] GC(371) - age  15:     182240 bytes,    1517128 total
[2024-01-22T23:08:41.384+0000][7][gc,heap     ] GC(371) Eden regions: 152->0(152)
[2024-01-22T23:08:41.384+0000][7][gc,heap     ] GC(371) Survivor regions: 1->1(20)
[2024-01-22T23:08:41.384+0000][7][gc,heap     ] GC(371) Old regions: 35->35
[2024-01-22T23:08:41.384+0000][7][gc,heap     ] GC(371) Archive regions: 2->2
[2024-01-22T23:08:41.384+0000][7][gc,heap     ] GC(371) Humongous regions: 0->0
[2024-01-22T23:08:41.384+0000][7][gc,metaspace] GC(371) Metaspace: 131007K(134656K)->131007K(134656K) NonClass: 113940K(115840K)->113940K(115840K) Class: 17066K(18816K)->17066K(18816K)
[2024-01-22T23:08:41.384+0000][7][gc          ] GC(371) Pause Young (Normal) (G1 Evacuation Pause) 751M->142M(1024M) 2.754ms
[2024-01-22T23:08:41.384+0000][7][gc,cpu      ] GC(371) User=0.01s Sys=0.00s Real=0.00s
[2024-01-22T23:08:41.384+0000][7][safepoint   ] Safepoint "G1CollectForAllocation", Time since last: 66083786779 ns, Reaching safepoint: 67568 ns, At safepoint: 2848922 ns, Total: 2916490 ns
[2024-01-22T23:10:35.397+0000][7][safepoint   ] Safepoint "Cleanup", Time since last: 114013021768 ns, Reaching safepoint: 103205 ns, At safepoint: 15930 ns, Total: 119135 ns
[2024-01-22T23:11:48.472+0000][7][gc,start    ] GC(372) Pause Young (Normal) (G1 Evacuation Pause)
[2024-01-22T23:11:48.472+0000][7][gc,task     ] GC(372) Using 8 workers of 8 for evacuation
[2024-01-22T23:11:48.472+0000][7][gc,age      ] GC(372) Desired survivor size 41943040 bytes, new threshold 15 (max threshold 15)
[2024-01-22T23:11:48.474+0000][7][gc,phases   ] GC(372)   Pre Evacuate Collection Set: 0.1ms
[2024-01-22T23:11:48.474+0000][7][gc,phases   ] GC(372)   Merge Heap Roots: 0.1ms
[2024-01-22T23:11:48.474+0000][7][gc,phases   ] GC(372)   Evacuate Collection Set: 1.4ms
[2024-01-22T23:11:48.474+0000][7][gc,phases   ] GC(372)   Post Evacuate Collection Set: 0.8ms
[2024-01-22T23:11:48.474+0000][7][gc,phases   ] GC(372)   Other: 0.1ms
[2024-01-22T23:11:48.474+0000][7][gc,age      ] GC(372) Age table with threshold 15 (max threshold 15)
[2024-01-22T23:11:48.474+0000][7][gc,age      ] GC(372) - age   1:     846104 bytes,     846104 total
[2024-01-22T23:11:48.474+0000][7][gc,age      ] GC(372) - age   2:     113384 bytes,     959488 total
[2024-01-22T23:11:48.474+0000][7][gc,age      ] GC(372) - age   3:     116056 bytes,    1075544 total
[2024-01-22T23:11:48.474+0000][7][gc,age      ] GC(372) - age   4:       3112 bytes,    1078656 total
[2024-01-22T23:11:48.474+0000][7][gc,age      ] GC(372) - age   5:        288 bytes,    1078944 total
[2024-01-22T23:11:48.474+0000][7][gc,age      ] GC(372) - age   6:        184 bytes,    1079128 total
[2024-01-22T23:11:48.474+0000][7][gc,age      ] GC(372) - age   7:       2096 bytes,    1081224 total
[2024-01-22T23:11:48.475+0000][7][gc,age      ] GC(372) - age   8:       4992 bytes,    1086216 total
[2024-01-22T23:11:48.475+0000][7][gc,age      ] GC(372) - age   9:       8016 bytes,    1094232 total
[2024-01-22T23:11:48.475+0000][7][gc,heap     ] GC(372) Eden regions: 152->0(152)
[2024-01-22T23:11:48.475+0000][7][gc,heap     ] GC(372) Survivor regions: 1->1(20)
[2024-01-22T23:11:48.475+0000][7][gc,heap     ] GC(372) Old regions: 35->35
[2024-01-22T23:11:48.475+0000][7][gc,heap     ] GC(372) Archive regions: 2->2
[2024-01-22T23:11:48.475+0000][7][gc,heap     ] GC(372) Humongous regions: 0->0
[2024-01-22T23:11:48.475+0000][7][gc,metaspace] GC(372) Metaspace: 131007K(134656K)->131007K(134656K) NonClass: 113940K(115840K)->113940K(115840K) Class: 17066K(18816K)->17066K(18816K)
[2024-01-22T23:11:48.475+0000][7][gc          ] GC(372) Pause Young (Normal) (G1 Evacuation Pause) 750M->142M(1024M) 2.905ms
[2024-01-22T23:11:48.475+0000][7][gc,cpu      ] GC(372) User=0.00s Sys=0.01s Real=0.01s
[2024-01-22T23:11:48.475+0000][7][safepoint   ] Safepoint "G1CollectForAllocation", Time since last: 73074739922 ns, Reaching safepoint: 65399 ns, At safepoint: 3007694 ns, Total: 3073093 ns
[2024-01-22T23:13:07.484+0000][7][safepoint   ] Safepoint "Cleanup", Time since last: 79009506326 ns, Reaching safepoint: 78501 ns, At safepoint: 38201 ns, Total: 116702 ns
[2024-01-22T23:14:35.496+0000][7][safepoint   ] Safepoint "Cleanup", Time since last: 88011656215 ns, Reaching safepoint: 130073 ns, At safepoint: 7702 ns, Total: 137775 ns
[2024-01-22T23:15:17.350+0000][7][gc,start    ] GC(373) Pause Young (Normal) (G1 Evacuation Pause)
[2024-01-22T23:15:17.350+0000][7][gc,task     ] GC(373) Using 8 workers of 8 for evacuation
[2024-01-22T23:15:17.350+0000][7][gc,age      ] GC(373) Desired survivor size 41943040 bytes, new threshold 15 (max threshold 15)
[2024-01-22T23:15:17.352+0000][7][gc,phases   ] GC(373)   Pre Evacuate Collection Set: 0.1ms
[2024-01-22T23:15:17.352+0000][7][gc,phases   ] GC(373)   Merge Heap Roots: 0.1ms
[2024-01-22T23:15:17.352+0000][7][gc,phases   ] GC(373)   Evacuate Collection Set: 1.2ms
[2024-01-22T23:15:17.352+0000][7][gc,phases   ] GC(373)   Post Evacuate Collection Set: 0.7ms
[2024-01-22T23:15:17.352+0000][7][gc,phases   ] GC(373)   Other: 0.1ms
[2024-01-22T23:15:17.352+0000][7][gc,age      ] GC(373) Age table with threshold 15 (max threshold 15)
[2024-01-22T23:15:17.352+0000][7][gc,age      ] GC(373) - age   1:    1103336 bytes,    1103336 total
[2024-01-22T23:15:17.352+0000][7][gc,age      ] GC(373) - age   2:     150544 bytes,    1253880 total
[2024-01-22T23:15:17.352+0000][7][gc,age      ] GC(373) - age   3:     111048 bytes,    1364928 total
[2024-01-22T23:15:17.352+0000][7][gc,age      ] GC(373) - age   4:     107072 bytes,    1472000 total
[2024-01-22T23:15:17.353+0000][7][gc,age      ] GC(373) - age   5:        808 bytes,    1472808 total
[2024-01-22T23:15:17.353+0000][7][gc,age      ] GC(373) - age   6:        288 bytes,    1473096 total
[2024-01-22T23:15:17.353+0000][7][gc,age      ] GC(373) - age   8:       2096 bytes,    1475192 total
[2024-01-22T23:15:17.353+0000][7][gc,age      ] GC(373) - age   9:       4992 bytes,    1480184 total
[2024-01-22T23:15:17.353+0000][7][gc,age      ] GC(373) - age  10:       8016 bytes,    1488200 total
[2024-01-22T23:15:17.353+0000][7][gc,heap     ] GC(373) Eden regions: 152->0(152)
[2024-01-22T23:15:17.353+0000][7][gc,heap     ] GC(373) Survivor regions: 1->1(20)
[2024-01-22T23:15:17.353+0000][7][gc,heap     ] GC(373) Old regions: 35->35
[2024-01-22T23:15:17.353+0000][7][gc,heap     ] GC(373) Archive regions: 2->2
[2024-01-22T23:15:17.353+0000][7][gc,heap     ] GC(373) Humongous regions: 0->0
[2024-01-22T23:15:17.353+0000][7][gc,metaspace] GC(373) Metaspace: 131007K(134656K)->131007K(134656K) NonClass: 113940K(115840K)->113940K(115840K) Class: 17066K(18816K)->17066K(18816K)
[2024-01-22T23:15:17.353+0000][7][gc          ] GC(373) Pause Young (Normal) (G1 Evacuation Pause) 750M->142M(1024M) 2.367ms
[2024-01-22T23:15:17.353+0000][7][gc,cpu      ] GC(373) User=0.01s Sys=0.00s Real=0.00s
[2024-01-22T23:15:17.353+0000][7][safepoint   ] Safepoint "G1CollectForAllocation", Time since last: 41854109969 ns, Reaching safepoint: 29394 ns, At safepoint: 2452128 ns, Total: 2481522 ns
[2024-01-22T23:15:35.355+0000][7][safepoint   ] Safepoint "Cleanup", Time since last: 18002029240 ns, Reaching safepoint: 49210 ns, At safepoint: 4935 ns, Total: 54145 ns
[2024-01-22T23:18:46.122+0000][7][gc,start    ] GC(374) Pause Young (Normal) (G1 Evacuation Pause)
[2024-01-22T23:18:46.122+0000][7][gc,task     ] GC(374) Using 8 workers of 8 for evacuation
[2024-01-22T23:18:46.122+0000][7][gc,age      ] GC(374) Desired survivor size 41943040 bytes, new threshold 15 (max threshold 15)
[2024-01-22T23:18:46.124+0000][7][gc,phases   ] GC(374)   Pre Evacuate Collection Set: 0.1ms
[2024-01-22T23:18:46.124+0000][7][gc,phases   ] GC(374)   Merge Heap Roots: 0.1ms
[2024-01-22T23:18:46.124+0000][7][gc,phases   ] GC(374)   Evacuate Collection Set: 0.9ms
[2024-01-22T23:18:46.124+0000][7][gc,phases   ] GC(374)   Post Evacuate Collection Set: 0.5ms
[2024-01-22T23:18:46.124+0000][7][gc,phases   ] GC(374)   Other: 0.1ms
[2024-01-22T23:18:46.124+0000][7][gc,age      ] GC(374) Age table with threshold 15 (max threshold 15)
[2024-01-22T23:18:46.124+0000][7][gc,age      ] GC(374) - age   1:     887440 bytes,     887440 total
[2024-01-22T23:18:46.124+0000][7][gc,age      ] GC(374) - age   2:      32288 bytes,     919728 total
[2024-01-22T23:18:46.124+0000][7][gc,age      ] GC(374) - age   3:     149712 bytes,    1069440 total
[2024-01-22T23:18:46.124+0000][7][gc,age      ] GC(374) - age   4:     109768 bytes,    1179208 total
[2024-01-22T23:18:46.124+0000][7][gc,age      ] GC(374) - age   5:     107072 bytes,    1286280 total
[2024-01-22T23:18:46.124+0000][7][gc,age      ] GC(374) - age   6:        232 bytes,    1286512 total
[2024-01-22T23:18:46.124+0000][7][gc,age      ] GC(374) - age   7:        104 bytes,    1286616 total
[2024-01-22T23:18:46.124+0000][7][gc,age      ] GC(374) - age   9:       2064 bytes,    1288680 total
[2024-01-22T23:18:46.124+0000][7][gc,age      ] GC(374) - age  10:       4992 bytes,    1293672 total
[2024-01-22T23:18:46.124+0000][7][gc,age      ] GC(374) - age  11:       8016 bytes,    1301688 total
[2024-01-22T23:18:46.124+0000][7][gc,heap     ] GC(374) Eden regions: 152->0(152)
[2024-01-22T23:18:46.124+0000][7][gc,heap     ] GC(374) Survivor regions: 1->1(20)
[2024-01-22T23:18:46.124+0000][7][gc,heap     ] GC(374) Old regions: 35->35
[2024-01-22T23:18:46.124+0000][7][gc,heap     ] GC(374) Archive regions: 2->2
[2024-01-22T23:18:46.124+0000][7][gc,heap     ] GC(374) Humongous regions: 0->0
[2024-01-22T23:18:46.124+0000][7][gc,metaspace] GC(374) Metaspace: 131007K(134656K)->131007K(134656K) NonClass: 113940K(115840K)->113940K(115840K) Class: 17066K(18816K)->17066K(18816K)
[2024-01-22T23:18:46.124+0000][7][gc          ] GC(374) Pause Young (Normal) (G1 Evacuation Pause) 750M->142M(1024M) 1.779ms
[2024-01-22T23:18:46.124+0000][7][gc,cpu      ] GC(374) User=0.01s Sys=0.00s Real=0.00s
[2024-01-22T23:18:46.124+0000][7][safepoint   ] Safepoint "G1CollectForAllocation", Time since last: 190767246575 ns, Reaching safepoint: 34869 ns, At safepoint: 1842860 ns, Total: 1877729 ns
[2024-01-22T23:21:29.317+0000][7][gc,start    ] GC(375) Pause Young (Normal) (G1 Evacuation Pause)
[2024-01-22T23:21:29.317+0000][7][gc,task     ] GC(375) Using 8 workers of 8 for evacuation
[2024-01-22T23:21:29.317+0000][7][gc,age      ] GC(375) Desired survivor size 41943040 bytes, new threshold 15 (max threshold 15)
[2024-01-22T23:21:29.321+0000][7][gc,phases   ] GC(375)   Pre Evacuate Collection Set: 0.1ms
[2024-01-22T23:21:29.321+0000][7][gc,phases   ] GC(375)   Merge Heap Roots: 0.1ms
[2024-01-22T23:21:29.321+0000][7][gc,phases   ] GC(375)   Evacuate Collection Set: 1.6ms
[2024-01-22T23:21:29.321+0000][7][gc,phases   ] GC(375)   Post Evacuate Collection Set: 1.3ms
[2024-01-22T23:21:29.321+0000][7][gc,phases   ] GC(375)   Other: 0.1ms
[2024-01-22T23:21:29.321+0000][7][gc,age      ] GC(375) Age table with threshold 15 (max threshold 15)
[2024-01-22T23:21:29.321+0000][7][gc,age      ] GC(375) - age   1:    1381800 bytes,    1381800 total
[2024-01-22T23:21:29.321+0000][7][gc,age      ] GC(375) - age   2:      41776 bytes,    1423576 total
[2024-01-22T23:21:29.321+0000][7][gc,age      ] GC(375) - age   3:      30056 bytes,    1453632 total
[2024-01-22T23:21:29.321+0000][7][gc,age      ] GC(375) - age   4:     149584 bytes,    1603216 total
[2024-01-22T23:21:29.321+0000][7][gc,age      ] GC(375) - age   5:     109768 bytes,    1712984 total
[2024-01-22T23:21:29.321+0000][7][gc,age      ] GC(375) - age   6:     107072 bytes,    1820056 total
[2024-01-22T23:21:29.321+0000][7][gc,age      ] GC(375) - age   7:        232 bytes,    1820288 total
[2024-01-22T23:21:29.321+0000][7][gc,age      ] GC(375) - age   8:        104 bytes,    1820392 total
[2024-01-22T23:21:29.321+0000][7][gc,age      ] GC(375) - age  10:       2064 bytes,    1822456 total
[2024-01-22T23:21:29.321+0000][7][gc,age      ] GC(375) - age  11:       4992 bytes,    1827448 total
[2024-01-22T23:21:29.321+0000][7][gc,age      ] GC(375) - age  12:       8016 bytes,    1835464 total
[2024-01-22T23:21:29.321+0000][7][gc,heap     ] GC(375) Eden regions: 152->0(152)
[2024-01-22T23:21:29.321+0000][7][gc,heap     ] GC(375) Survivor regions: 1->1(20)
[2024-01-22T23:21:29.321+0000][7][gc,heap     ] GC(375) Old regions: 35->35
[2024-01-22T23:21:29.321+0000][7][gc,heap     ] GC(375) Archive regions: 2->2
[2024-01-22T23:21:29.321+0000][7][gc,heap     ] GC(375) Humongous regions: 0->0
[2024-01-22T23:21:29.321+0000][7][gc,metaspace] GC(375) Metaspace: 131007K(134656K)->131007K(134656K) NonClass: 113940K(115840K)->113940K(115840K) Class: 17066K(18816K)->17066K(18816K)
[2024-01-22T23:21:29.321+0000][7][gc          ] GC(375) Pause Young (Normal) (G1 Evacuation Pause) 750M->143M(1024M) 3.717ms
[2024-01-22T23:21:29.321+0000][7][gc,cpu      ] GC(375) User=0.01s Sys=0.00s Real=0.00s
[2024-01-22T23:21:29.321+0000][7][safepoint   ] Safepoint "G1CollectForAllocation", Time since last: 163193358250 ns, Reaching safepoint: 51752 ns, At safepoint: 3832069 ns, Total: 3883821 ns
[2024-01-22T23:24:08.370+0000][7][gc,start    ] GC(376) Pause Young (Normal) (G1 Evacuation Pause)
[2024-01-22T23:24:08.371+0000][7][gc,task     ] GC(376) Using 8 workers of 8 for evacuation
[2024-01-22T23:24:08.371+0000][7][gc,age      ] GC(376) Desired survivor size 41943040 bytes, new threshold 15 (max threshold 15)
[2024-01-22T23:24:08.373+0000][7][gc,phases   ] GC(376)   Pre Evacuate Collection Set: 0.1ms
[2024-01-22T23:24:08.373+0000][7][gc,phases   ] GC(376)   Merge Heap Roots: 0.1ms
[2024-01-22T23:24:08.373+0000][7][gc,phases   ] GC(376)   Evacuate Collection Set: 1.4ms
[2024-01-22T23:24:08.373+0000][7][gc,phases   ] GC(376)   Post Evacuate Collection Set: 0.6ms
[2024-01-22T23:24:08.373+0000][7][gc,phases   ] GC(376)   Other: 0.1ms
[2024-01-22T23:24:08.373+0000][7][gc,age      ] GC(376) Age table with threshold 15 (max threshold 15)
[2024-01-22T23:24:08.373+0000][7][gc,age      ] GC(376) - age   1:    1963936 bytes,    1963936 total
[2024-01-22T23:24:08.373+0000][7][gc,age      ] GC(376) - age   2:       2544 bytes,    1966480 total
[2024-01-22T23:24:08.373+0000][7][gc,age      ] GC(376) - age   3:      41008 bytes,    2007488 total
[2024-01-22T23:24:08.373+0000][7][gc,age      ] GC(376) - age   4:      26968 bytes,    2034456 total
[2024-01-22T23:24:08.373+0000][7][gc,age      ] GC(376) - age   5:     149400 bytes,    2183856 total
[2024-01-22T23:24:08.373+0000][7][gc,age      ] GC(376) - age   6:     109768 bytes,    2293624 total
[2024-01-22T23:24:08.373+0000][7][gc,age      ] GC(376) - age   7:     107072 bytes,    2400696 total
[2024-01-22T23:24:08.373+0000][7][gc,age      ] GC(376) - age   8:        232 bytes,    2400928 total
[2024-01-22T23:24:08.373+0000][7][gc,age      ] GC(376) - age   9:        104 bytes,    2401032 total
[2024-01-22T23:24:08.373+0000][7][gc,age      ] GC(376) - age  11:       2064 bytes,    2403096 total
[2024-01-22T23:24:08.373+0000][7][gc,age      ] GC(376) - age  12:       4808 bytes,    2407904 total
[2024-01-22T23:24:08.373+0000][7][gc,age      ] GC(376) - age  13:       8016 bytes,    2415920 total
[2024-01-22T23:24:08.373+0000][7][gc,heap     ] GC(376) Eden regions: 152->0(152)
[2024-01-22T23:24:08.373+0000][7][gc,heap     ] GC(376) Survivor regions: 1->1(20)
[2024-01-22T23:24:08.373+0000][7][gc,heap     ] GC(376) Old regions: 35->35
[2024-01-22T23:24:08.373+0000][7][gc,heap     ] GC(376) Archive regions: 2->2
[2024-01-22T23:24:08.373+0000][7][gc,heap     ] GC(376) Humongous regions: 0->0
[2024-01-22T23:24:08.373+0000][7][gc,metaspace] GC(376) Metaspace: 131007K(134656K)->131007K(134656K) NonClass: 113940K(115840K)->113940K(115840K) Class: 17066K(18816K)->17066K(18816K)
[2024-01-22T23:24:08.373+0000][7][gc          ] GC(376) Pause Young (Normal) (G1 Evacuation Pause) 751M->143M(1024M) 2.350ms
[2024-01-22T23:24:08.373+0000][7][gc,cpu      ] GC(376) User=0.01s Sys=0.00s Real=0.00s
[2024-01-22T23:24:08.373+0000][7][safepoint   ] Safepoint "G1CollectForAllocation", Time since last: 159049296963 ns, Reaching safepoint: 32629 ns, At safepoint: 2416769 ns, Total: 2449398 ns
[2024-01-22T23:24:21.374+0000][7][safepoint   ] Safepoint "Cleanup", Time since last: 13000995842 ns, Reaching safepoint: 88346 ns, At safepoint: 23173 ns, Total: 111519 ns
[2024-01-22T23:27:23.376+0000][7][gc,start    ] GC(377) Pause Young (Normal) (G1 Evacuation Pause)
[2024-01-22T23:27:23.376+0000][7][gc,task     ] GC(377) Using 8 workers of 8 for evacuation
[2024-01-22T23:27:23.376+0000][7][gc,age      ] GC(377) Desired survivor size 41943040 bytes, new threshold 15 (max threshold 15)
[2024-01-22T23:27:23.380+0000][7][gc,phases   ] GC(377)   Pre Evacuate Collection Set: 0.2ms
[2024-01-22T23:27:23.380+0000][7][gc,phases   ] GC(377)   Merge Heap Roots: 0.2ms
[2024-01-22T23:27:23.380+0000][7][gc,phases   ] GC(377)   Evacuate Collection Set: 1.9ms
[2024-01-22T23:27:23.380+0000][7][gc,phases   ] GC(377)   Post Evacuate Collection Set: 0.9ms
[2024-01-22T23:27:23.380+0000][7][gc,phases   ] GC(377)   Other: 0.1ms
[2024-01-22T23:27:23.380+0000][7][gc,age      ] GC(377) Age table with threshold 15 (max threshold 15)
[2024-01-22T23:27:23.380+0000][7][gc,age      ] GC(377) - age   1:     836264 bytes,     836264 total
[2024-01-22T23:27:23.380+0000][7][gc,age      ] GC(377) - age   2:      18312 bytes,     854576 total
[2024-01-22T23:27:23.380+0000][7][gc,age      ] GC(377) - age   3:        256 bytes,     854832 total
[2024-01-22T23:27:23.380+0000][7][gc,age      ] GC(377) - age   4:      39304 bytes,     894136 total
[2024-01-22T23:27:23.380+0000][7][gc,age      ] GC(377) - age   5:      26784 bytes,     920920 total
[2024-01-22T23:27:23.380+0000][7][gc,age      ] GC(377) - age   6:     144096 bytes,    1065016 total
[2024-01-22T23:27:23.380+0000][7][gc,age      ] GC(377) - age   7:     109384 bytes,    1174400 total
[2024-01-22T23:27:23.380+0000][7][gc,age      ] GC(377) - age   8:     107072 bytes,    1281472 total
[2024-01-22T23:27:23.380+0000][7][gc,age      ] GC(377) - age   9:        232 bytes,    1281704 total
[2024-01-22T23:27:23.380+0000][7][gc,age      ] GC(377) - age  10:        104 bytes,    1281808 total
[2024-01-22T23:27:23.380+0000][7][gc,age      ] GC(377) - age  12:       2064 bytes,    1283872 total
[2024-01-22T23:27:23.380+0000][7][gc,age      ] GC(377) - age  13:       4808 bytes,    1288680 total
[2024-01-22T23:27:23.380+0000][7][gc,heap     ] GC(377) Eden regions: 152->0(152)
[2024-01-22T23:27:23.380+0000][7][gc,heap     ] GC(377) Survivor regions: 1->1(20)
[2024-01-22T23:27:23.380+0000][7][gc,heap     ] GC(377) Old regions: 35->35
[2024-01-22T23:27:23.380+0000][7][gc,heap     ] GC(377) Archive regions: 2->2
[2024-01-22T23:27:23.380+0000][7][gc,heap     ] GC(377) Humongous regions: 0->0
[2024-01-22T23:27:23.380+0000][7][gc,metaspace] GC(377) Metaspace: 131007K(134656K)->131007K(134656K) NonClass: 113940K(115840K)->113940K(115840K) Class: 17066K(18816K)->17066K(18816K)
[2024-01-22T23:27:23.380+0000][7][gc          ] GC(377) Pause Young (Normal) (G1 Evacuation Pause) 751M->142M(1024M) 3.684ms
[2024-01-22T23:27:23.380+0000][7][gc,cpu      ] GC(377) User=0.01s Sys=0.00s Real=0.00s
[2024-01-22T23:27:23.380+0000][7][safepoint   ] Safepoint "G1CollectForAllocation", Time since last: 182002156301 ns, Reaching safepoint: 57561 ns, At safepoint: 3805133 ns, Total: 3862694 ns
[2024-01-22T23:30:29.425+0000][7][gc,start    ] GC(378) Pause Young (Normal) (G1 Evacuation Pause)
[2024-01-22T23:30:29.425+0000][7][gc,task     ] GC(378) Using 8 workers of 8 for evacuation
[2024-01-22T23:30:29.425+0000][7][gc,age      ] GC(378) Desired survivor size 41943040 bytes, new threshold 15 (max threshold 15)
[2024-01-22T23:30:29.427+0000][7][gc,phases   ] GC(378)   Pre Evacuate Collection Set: 0.1ms
[2024-01-22T23:30:29.427+0000][7][gc,phases   ] GC(378)   Merge Heap Roots: 0.1ms
[2024-01-22T23:30:29.427+0000][7][gc,phases   ] GC(378)   Evacuate Collection Set: 1.4ms
[2024-01-22T23:30:29.427+0000][7][gc,phases   ] GC(378)   Post Evacuate Collection Set: 0.8ms
[2024-01-22T23:30:29.427+0000][7][gc,phases   ] GC(378)   Other: 0.1ms
[2024-01-22T23:30:29.427+0000][7][gc,age      ] GC(378) Age table with threshold 15 (max threshold 15)
[2024-01-22T23:30:29.427+0000][7][gc,age      ] GC(378) - age   1:    1004296 bytes,    1004296 total
[2024-01-22T23:30:29.427+0000][7][gc,age      ] GC(378) - age   2:     153384 bytes,    1157680 total
[2024-01-22T23:30:29.427+0000][7][gc,age      ] GC(378) - age   3:      17224 bytes,    1174904 total
[2024-01-22T23:30:29.427+0000][7][gc,age      ] GC(378) - age   5:      38840 bytes,    1213744 total
[2024-01-22T23:30:29.427+0000][7][gc,age      ] GC(378) - age   6:      10216 bytes,    1223960 total
[2024-01-22T23:30:29.427+0000][7][gc,age      ] GC(378) - age   7:     144096 bytes,    1368056 total
[2024-01-22T23:30:29.427+0000][7][gc,age      ] GC(378) - age   8:     109384 bytes,    1477440 total
[2024-01-22T23:30:29.427+0000][7][gc,age      ] GC(378) - age   9:     107072 bytes,    1584512 total
[2024-01-22T23:30:29.427+0000][7][gc,age      ] GC(378) - age  10:        232 bytes,    1584744 total
[2024-01-22T23:30:29.427+0000][7][gc,age      ] GC(378) - age  11:        104 bytes,    1584848 total
[2024-01-22T23:30:29.427+0000][7][gc,age      ] GC(378) - age  13:       2064 bytes,    1586912 total
[2024-01-22T23:30:29.427+0000][7][gc,age      ] GC(378) - age  14:       4808 bytes,    1591720 total
[2024-01-22T23:30:29.427+0000][7][gc,heap     ] GC(378) Eden regions: 152->0(152)
[2024-01-22T23:30:29.427+0000][7][gc,heap     ] GC(378) Survivor regions: 1->1(20)
[2024-01-22T23:30:29.427+0000][7][gc,heap     ] GC(378) Old regions: 35->35
[2024-01-22T23:30:29.427+0000][7][gc,heap     ] GC(378) Archive regions: 2->2
[2024-01-22T23:30:29.427+0000][7][gc,heap     ] GC(378) Humongous regions: 0->0
[2024-01-22T23:30:29.427+0000][7][gc,metaspace] GC(378) Metaspace: 131007K(134656K)->131007K(134656K) NonClass: 113940K(115840K)->113940K(115840K) Class: 17066K(18816K)->17066K(18816K)
[2024-01-22T23:30:29.427+0000][7][gc          ] GC(378) Pause Young (Normal) (G1 Evacuation Pause) 750M->143M(1024M) 2.831ms
[2024-01-22T23:30:29.427+0000][7][gc,cpu      ] GC(378) User=0.01s Sys=0.00s Real=0.01s
[2024-01-22T23:30:29.427+0000][7][safepoint   ] Safepoint "G1CollectForAllocation", Time since last: 186044475197 ns, Reaching safepoint: 39753 ns, At safepoint: 2931589 ns, Total: 2971342 ns
[2024-01-22T23:30:35.428+0000][7][safepoint   ] Safepoint "Cleanup", Time since last: 6000565640 ns, Reaching safepoint: 58311 ns, At safepoint: 8102 ns, Total: 66413 ns
[2024-01-22T23:33:47.372+0000][7][gc,start    ] GC(379) Pause Young (Normal) (G1 Evacuation Pause)
[2024-01-22T23:33:47.372+0000][7][gc,task     ] GC(379) Using 8 workers of 8 for evacuation
[2024-01-22T23:33:47.372+0000][7][gc,age      ] GC(379) Desired survivor size 41943040 bytes, new threshold 15 (max threshold 15)
[2024-01-22T23:33:47.374+0000][7][gc,phases   ] GC(379)   Pre Evacuate Collection Set: 0.1ms
[2024-01-22T23:33:47.374+0000][7][gc,phases   ] GC(379)   Merge Heap Roots: 0.1ms
[2024-01-22T23:33:47.374+0000][7][gc,phases   ] GC(379)   Evacuate Collection Set: 1.5ms
[2024-01-22T23:33:47.374+0000][7][gc,phases   ] GC(379)   Post Evacuate Collection Set: 0.6ms
[2024-01-22T23:33:47.374+0000][7][gc,phases   ] GC(379)   Other: 0.1ms
[2024-01-22T23:33:47.374+0000][7][gc,age      ] GC(379) Age table with threshold 15 (max threshold 15)
[2024-01-22T23:33:47.374+0000][7][gc,age      ] GC(379) - age   1:    1772096 bytes,    1772096 total
[2024-01-22T23:33:47.374+0000][7][gc,age      ] GC(379) - age   2:       2016 bytes,    1774112 total
[2024-01-22T23:33:47.374+0000][7][gc,age      ] GC(379) - age   3:     151720 bytes,    1925832 total
[2024-01-22T23:33:47.374+0000][7][gc,age      ] GC(379) - age   4:      13912 bytes,    1939744 total
[2024-01-22T23:33:47.374+0000][7][gc,age      ] GC(379) - age   6:      38448 bytes,    1978192 total
[2024-01-22T23:33:47.374+0000][7][gc,age      ] GC(379) - age   7:      10184 bytes,    1988376 total
[2024-01-22T23:33:47.374+0000][7][gc,age      ] GC(379) - age   8:     144096 bytes,    2132472 total
[2024-01-22T23:33:47.374+0000][7][gc,age      ] GC(379) - age   9:     109384 bytes,    2241856 total
[2024-01-22T23:33:47.374+0000][7][gc,age      ] GC(379) - age  10:     107072 bytes,    2348928 total
[2024-01-22T23:33:47.374+0000][7][gc,age      ] GC(379) - age  11:        232 bytes,    2349160 total
[2024-01-22T23:33:47.374+0000][7][gc,age      ] GC(379) - age  12:        104 bytes,    2349264 total
[2024-01-22T23:33:47.374+0000][7][gc,age      ] GC(379) - age  14:       2064 bytes,    2351328 total
[2024-01-22T23:33:47.374+0000][7][gc,age      ] GC(379) - age  15:       4808 bytes,    2356136 total
[2024-01-22T23:33:47.374+0000][7][gc,heap     ] GC(379) Eden regions: 152->0(152)
[2024-01-22T23:33:47.374+0000][7][gc,heap     ] GC(379) Survivor regions: 1->1(20)
[2024-01-22T23:33:47.374+0000][7][gc,heap     ] GC(379) Old regions: 35->35
[2024-01-22T23:33:47.374+0000][7][gc,heap     ] GC(379) Archive regions: 2->2
[2024-01-22T23:33:47.374+0000][7][gc,heap     ] GC(379) Humongous regions: 0->0
[2024-01-22T23:33:47.374+0000][7][gc,metaspace] GC(379) Metaspace: 131009K(134656K)->131009K(134656K) NonClass: 113943K(115840K)->113943K(115840K) Class: 17066K(18816K)->17066K(18816K)
[2024-01-22T23:33:47.374+0000][7][gc          ] GC(379) Pause Young (Normal) (G1 Evacuation Pause) 751M->143M(1024M) 2.612ms
[2024-01-22T23:33:47.374+0000][7][gc,cpu      ] GC(379) User=0.01s Sys=0.00s Real=0.01s
[2024-01-22T23:33:47.374+0000][7][safepoint   ] Safepoint "G1CollectForAllocation", Time since last: 191943581367 ns, Reaching safepoint: 113567 ns, At safepoint: 2695079 ns, Total: 2808646 ns
[2024-01-22T23:36:21.498+0000][7][gc,start    ] GC(380) Pause Young (Normal) (G1 Evacuation Pause)
[2024-01-22T23:36:21.498+0000][7][gc,task     ] GC(380) Using 8 workers of 8 for evacuation
[2024-01-22T23:36:21.498+0000][7][gc,age      ] GC(380) Desired survivor size 41943040 bytes, new threshold 15 (max threshold 15)
[2024-01-22T23:36:21.500+0000][7][gc,phases   ] GC(380)   Pre Evacuate Collection Set: 0.1ms
[2024-01-22T23:36:21.500+0000][7][gc,phases   ] GC(380)   Merge Heap Roots: 0.0ms
[2024-01-22T23:36:21.500+0000][7][gc,phases   ] GC(380)   Evacuate Collection Set: 1.0ms
[2024-01-22T23:36:21.500+0000][7][gc,phases   ] GC(380)   Post Evacuate Collection Set: 0.5ms
[2024-01-22T23:36:21.500+0000][7][gc,phases   ] GC(380)   Other: 0.1ms
[2024-01-22T23:36:21.500+0000][7][gc,age      ] GC(380) Age table with threshold 15 (max threshold 15)
[2024-01-22T23:36:21.500+0000][7][gc,age      ] GC(380) - age   1:    1383608 bytes,    1383608 total
[2024-01-22T23:36:21.500+0000][7][gc,age      ] GC(380) - age   2:       7312 bytes,    1390920 total
[2024-01-22T23:36:21.500+0000][7][gc,age      ] GC(380) - age   3:        672 bytes,    1391592 total
[2024-01-22T23:36:21.500+0000][7][gc,age      ] GC(380) - age   4:     150928 bytes,    1542520 total
[2024-01-22T23:36:21.500+0000][7][gc,age      ] GC(380) - age   5:      13728 bytes,    1556248 total
[2024-01-22T23:36:21.500+0000][7][gc,age      ] GC(380) - age   7:      38448 bytes,    1594696 total
[2024-01-22T23:36:21.500+0000][7][gc,age      ] GC(380) - age   8:      10184 bytes,    1604880 total
[2024-01-22T23:36:21.500+0000][7][gc,age      ] GC(380) - age   9:     144096 bytes,    1748976 total
[2024-01-22T23:36:21.500+0000][7][gc,age      ] GC(380) - age  10:     109200 bytes,    1858176 total
[2024-01-22T23:36:21.500+0000][7][gc,age      ] GC(380) - age  11:     107072 bytes,    1965248 total
[2024-01-22T23:36:21.500+0000][7][gc,age      ] GC(380) - age  12:        232 bytes,    1965480 total
[2024-01-22T23:36:21.500+0000][7][gc,age      ] GC(380) - age  13:        104 bytes,    1965584 total
[2024-01-22T23:36:21.500+0000][7][gc,age      ] GC(380) - age  15:       2064 bytes,    1967648 total
[2024-01-22T23:36:21.500+0000][7][gc,heap     ] GC(380) Eden regions: 152->0(152)
[2024-01-22T23:36:21.500+0000][7][gc,heap     ] GC(380) Survivor regions: 1->1(20)
[2024-01-22T23:36:21.500+0000][7][gc,heap     ] GC(380) Old regions: 35->35
[2024-01-22T23:36:21.500+0000][7][gc,heap     ] GC(380) Archive regions: 2->2
[2024-01-22T23:36:21.500+0000][7][gc,heap     ] GC(380) Humongous regions: 0->0
[2024-01-22T23:36:21.500+0000][7][gc,metaspace] GC(380) Metaspace: 131009K(134656K)->131009K(134656K) NonClass: 113943K(115840K)->113943K(115840K) Class: 17066K(18816K)->17066K(18816K)
[2024-01-22T23:36:21.500+0000][7][gc          ] GC(380) Pause Young (Normal) (G1 Evacuation Pause) 751M->143M(1024M) 1.886ms
[2024-01-22T23:36:21.500+0000][7][gc,cpu      ] GC(380) User=0.01s Sys=0.00s Real=0.00s
[2024-01-22T23:36:21.500+0000][7][safepoint   ] Safepoint "G1CollectForAllocation", Time since last: 154123921870 ns, Reaching safepoint: 32071 ns, At safepoint: 1952746 ns, Total: 1984817 ns
[2024-01-22T23:38:59.365+0000][7][gc,start    ] GC(381) Pause Young (Normal) (G1 Evacuation Pause)
[2024-01-22T23:38:59.365+0000][7][gc,task     ] GC(381) Using 8 workers of 8 for evacuation
[2024-01-22T23:38:59.365+0000][7][gc,age      ] GC(381) Desired survivor size 41943040 bytes, new threshold 15 (max threshold 15)
[2024-01-22T23:38:59.368+0000][7][gc,phases   ] GC(381)   Pre Evacuate Collection Set: 0.1ms
[2024-01-22T23:38:59.368+0000][7][gc,phases   ] GC(381)   Merge Heap Roots: 0.1ms
[2024-01-22T23:38:59.368+0000][7][gc,phases   ] GC(381)   Evacuate Collection Set: 1.4ms
[2024-01-22T23:38:59.368+0000][7][gc,phases   ] GC(381)   Post Evacuate Collection Set: 0.9ms
[2024-01-22T23:38:59.368+0000][7][gc,phases   ] GC(381)   Other: 0.1ms
[2024-01-22T23:38:59.368+0000][7][gc,age      ] GC(381) Age table with threshold 15 (max threshold 15)
[2024-01-22T23:38:59.368+0000][7][gc,age      ] GC(381) - age   1:     887888 bytes,     887888 total
[2024-01-22T23:38:59.368+0000][7][gc,age      ] GC(381) - age   2:       3928 bytes,     891816 total
[2024-01-22T23:38:59.368+0000][7][gc,age      ] GC(381) - age   3:       3696 bytes,     895512 total
[2024-01-22T23:38:59.368+0000][7][gc,age      ] GC(381) - age   4:        184 bytes,     895696 total
[2024-01-22T23:38:59.368+0000][7][gc,age      ] GC(381) - age   5:     150864 bytes,    1046560 total
[2024-01-22T23:38:59.368+0000][7][gc,age      ] GC(381) - age   6:      13728 bytes,    1060288 total
[2024-01-22T23:38:59.368+0000][7][gc,age      ] GC(381) - age   8:      38448 bytes,    1098736 total
[2024-01-22T23:38:59.368+0000][7][gc,age      ] GC(381) - age   9:      10184 bytes,    1108920 total
[2024-01-22T23:38:59.368+0000][7][gc,age      ] GC(381) - age  10:     144096 bytes,    1253016 total
[2024-01-22T23:38:59.368+0000][7][gc,age      ] GC(381) - age  11:     109200 bytes,    1362216 total
[2024-01-22T23:38:59.368+0000][7][gc,age      ] GC(381) - age  12:     107072 bytes,    1469288 total
[2024-01-22T23:38:59.368+0000][7][gc,age      ] GC(381) - age  13:        232 bytes,    1469520 total
[2024-01-22T23:38:59.368+0000][7][gc,age      ] GC(381) - age  14:        104 bytes,    1469624 total
[2024-01-22T23:38:59.368+0000][7][gc,heap     ] GC(381) Eden regions: 152->0(152)
[2024-01-22T23:38:59.368+0000][7][gc,heap     ] GC(381) Survivor regions: 1->1(20)
[2024-01-22T23:38:59.368+0000][7][gc,heap     ] GC(381) Old regions: 35->35
[2024-01-22T23:38:59.368+0000][7][gc,heap     ] GC(381) Archive regions: 2->2
[2024-01-22T23:38:59.368+0000][7][gc,heap     ] GC(381) Humongous regions: 0->0
[2024-01-22T23:38:59.368+0000][7][gc,metaspace] GC(381) Metaspace: 131009K(134656K)->131009K(134656K) NonClass: 113943K(115840K)->113943K(115840K) Class: 17066K(18816K)->17066K(18816K)
[2024-01-22T23:38:59.368+0000][7][gc          ] GC(381) Pause Young (Normal) (G1 Evacuation Pause) 751M->143M(1024M) 2.873ms
[2024-01-22T23:38:59.368+0000][7][gc,cpu      ] GC(381) User=0.02s Sys=0.00s Real=0.01s
[2024-01-22T23:38:59.368+0000][7][safepoint   ] Safepoint "G1CollectForAllocation", Time since last: 157864903752 ns, Reaching safepoint: 59778 ns, At safepoint: 2985545 ns, Total: 3045323 ns
[2024-01-22T23:41:38.482+0000][7][gc,start    ] GC(382) Pause Young (Normal) (G1 Evacuation Pause)
[2024-01-22T23:41:38.482+0000][7][gc,task     ] GC(382) Using 8 workers of 8 for evacuation
[2024-01-22T23:41:38.482+0000][7][gc,age      ] GC(382) Desired survivor size 41943040 bytes, new threshold 15 (max threshold 15)
[2024-01-22T23:41:38.485+0000][7][gc,phases   ] GC(382)   Pre Evacuate Collection Set: 0.1ms
[2024-01-22T23:41:38.485+0000][7][gc,phases   ] GC(382)   Merge Heap Roots: 0.1ms
[2024-01-22T23:41:38.485+0000][7][gc,phases   ] GC(382)   Evacuate Collection Set: 1.4ms
[2024-01-22T23:41:38.485+0000][7][gc,phases   ] GC(382)   Post Evacuate Collection Set: 0.7ms
[2024-01-22T23:41:38.485+0000][7][gc,phases   ] GC(382)   Other: 0.1ms
[2024-01-22T23:41:38.485+0000][7][gc,age      ] GC(382) Age table with threshold 15 (max threshold 15)
[2024-01-22T23:41:38.485+0000][7][gc,age      ] GC(382) - age   1:     908416 bytes,     908416 total
[2024-01-22T23:41:38.485+0000][7][gc,age      ] GC(382) - age   2:       1976 bytes,     910392 total
[2024-01-22T23:41:38.485+0000][7][gc,age      ] GC(382) - age   3:       1592 bytes,     911984 total
[2024-01-22T23:41:38.485+0000][7][gc,age      ] GC(382) - age   4:       3568 bytes,     915552 total
[2024-01-22T23:41:38.485+0000][7][gc,age      ] GC(382) - age   5:        184 bytes,     915736 total
[2024-01-22T23:41:38.485+0000][7][gc,age      ] GC(382) - age   6:     150864 bytes,    1066600 total
[2024-01-22T23:41:38.485+0000][7][gc,age      ] GC(382) - age   7:      13728 bytes,    1080328 total
[2024-01-22T23:41:38.485+0000][7][gc,age      ] GC(382) - age   9:      38448 bytes,    1118776 total
[2024-01-22T23:41:38.485+0000][7][gc,age      ] GC(382) - age  10:      10184 bytes,    1128960 total
[2024-01-22T23:41:38.485+0000][7][gc,age      ] GC(382) - age  11:     144096 bytes,    1273056 total
[2024-01-22T23:41:38.485+0000][7][gc,age      ] GC(382) - age  12:     109200 bytes,    1382256 total
[2024-01-22T23:41:38.485+0000][7][gc,age      ] GC(382) - age  13:     107072 bytes,    1489328 total
[2024-01-22T23:41:38.485+0000][7][gc,age      ] GC(382) - age  14:        232 bytes,    1489560 total
[2024-01-22T23:41:38.485+0000][7][gc,age      ] GC(382) - age  15:        104 bytes,    1489664 total
[2024-01-22T23:41:38.485+0000][7][gc,heap     ] GC(382) Eden regions: 152->0(152)
[2024-01-22T23:41:38.485+0000][7][gc,heap     ] GC(382) Survivor regions: 1->1(20)
[2024-01-22T23:41:38.485+0000][7][gc,heap     ] GC(382) Old regions: 35->35
[2024-01-22T23:41:38.485+0000][7][gc,heap     ] GC(382) Archive regions: 2->2
[2024-01-22T23:41:38.485+0000][7][gc,heap     ] GC(382) Humongous regions: 0->0
[2024-01-22T23:41:38.485+0000][7][gc,metaspace] GC(382) Metaspace: 131009K(134656K)->131009K(134656K) NonClass: 113943K(115840K)->113943K(115840K) Class: 17066K(18816K)->17066K(18816K)
[2024-01-22T23:41:38.485+0000][7][gc          ] GC(382) Pause Young (Normal) (G1 Evacuation Pause) 751M->143M(1024M) 2.908ms
[2024-01-22T23:41:38.485+0000][7][gc,cpu      ] GC(382) User=0.01s Sys=0.00s Real=0.00s
[2024-01-22T23:41:38.485+0000][7][safepoint   ] Safepoint "G1CollectForAllocation", Time since last: 159113526985 ns, Reaching safepoint: 57656 ns, At safepoint: 3034022 ns, Total: 3091678 ns
[2024-01-22T23:44:14.554+0000][7][gc,start    ] GC(383) Pause Young (Normal) (G1 Evacuation Pause)
[2024-01-22T23:44:14.554+0000][7][gc,task     ] GC(383) Using 8 workers of 8 for evacuation
[2024-01-22T23:44:14.554+0000][7][gc,age      ] GC(383) Desired survivor size 41943040 bytes, new threshold 15 (max threshold 15)
[2024-01-22T23:44:14.556+0000][7][gc,phases   ] GC(383)   Pre Evacuate Collection Set: 0.1ms
[2024-01-22T23:44:14.556+0000][7][gc,phases   ] GC(383)   Merge Heap Roots: 0.1ms
[2024-01-22T23:44:14.556+0000][7][gc,phases   ] GC(383)   Evacuate Collection Set: 1.4ms
[2024-01-22T23:44:14.556+0000][7][gc,phases   ] GC(383)   Post Evacuate Collection Set: 0.8ms
[2024-01-22T23:44:14.556+0000][7][gc,phases   ] GC(383)   Other: 0.1ms
[2024-01-22T23:44:14.556+0000][7][gc,age      ] GC(383) Age table with threshold 15 (max threshold 15)
[2024-01-22T23:44:14.556+0000][7][gc,age      ] GC(383) - age   1:    1480344 bytes,    1480344 total
[2024-01-22T23:44:14.556+0000][7][gc,age      ] GC(383) - age   2:       1744 bytes,    1482088 total
[2024-01-22T23:44:14.556+0000][7][gc,age      ] GC(383) - age   4:        952 bytes,    1483040 total
[2024-01-22T23:44:14.556+0000][7][gc,age      ] GC(383) - age   5:        512 bytes,    1483552 total
[2024-01-22T23:44:14.556+0000][7][gc,age      ] GC(383) - age   6:        184 bytes,    1483736 total
[2024-01-22T23:44:14.556+0000][7][gc,age      ] GC(383) - age   7:     150864 bytes,    1634600 total
[2024-01-22T23:44:14.556+0000][7][gc,age      ] GC(383) - age   8:      13696 bytes,    1648296 total
[2024-01-22T23:44:14.556+0000][7][gc,age      ] GC(383) - age  10:      38448 bytes,    1686744 total
[2024-01-22T23:44:14.556+0000][7][gc,age      ] GC(383) - age  11:      10184 bytes,    1696928 total
[2024-01-22T23:44:14.556+0000][7][gc,age      ] GC(383) - age  12:     144096 bytes,    1841024 total
[2024-01-22T23:44:14.556+0000][7][gc,age      ] GC(383) - age  13:     109200 bytes,    1950224 total
[2024-01-22T23:44:14.556+0000][7][gc,age      ] GC(383) - age  14:     107072 bytes,    2057296 total
[2024-01-22T23:44:14.556+0000][7][gc,age      ] GC(383) - age  15:        232 bytes,    2057528 total
[2024-01-22T23:44:14.556+0000][7][gc,heap     ] GC(383) Eden regions: 152->0(152)
[2024-01-22T23:44:14.556+0000][7][gc,heap     ] GC(383) Survivor regions: 1->1(20)
[2024-01-22T23:44:14.556+0000][7][gc,heap     ] GC(383) Old regions: 35->35
[2024-01-22T23:44:14.556+0000][7][gc,heap     ] GC(383) Archive regions: 2->2
[2024-01-22T23:44:14.556+0000][7][gc,heap     ] GC(383) Humongous regions: 0->0
[2024-01-22T23:44:14.556+0000][7][gc,metaspace] GC(383) Metaspace: 131009K(134656K)->131009K(134656K) NonClass: 113943K(115840K)->113943K(115840K) Class: 17066K(18816K)->17066K(18816K)
[2024-01-22T23:44:14.556+0000][7][gc          ] GC(383) Pause Young (Normal) (G1 Evacuation Pause) 751M->143M(1024M) 2.916ms
[2024-01-22T23:44:14.556+0000][7][gc,cpu      ] GC(383) User=0.01s Sys=0.00s Real=0.00s
[2024-01-22T23:44:14.557+0000][7][safepoint   ] Safepoint "G1CollectForAllocation", Time since last: 156068478515 ns, Reaching safepoint: 82056 ns, At safepoint: 3025148 ns, Total: 3107204 ns
[2024-01-22T23:46:50.472+0000][7][gc,start    ] GC(384) Pause Young (Normal) (G1 Evacuation Pause)
[2024-01-22T23:46:50.472+0000][7][gc,task     ] GC(384) Using 8 workers of 8 for evacuation
[2024-01-22T23:46:50.472+0000][7][gc,age      ] GC(384) Desired survivor size 41943040 bytes, new threshold 15 (max threshold 15)
[2024-01-22T23:46:50.474+0000][7][gc,phases   ] GC(384)   Pre Evacuate Collection Set: 0.1ms
[2024-01-22T23:46:50.474+0000][7][gc,phases   ] GC(384)   Merge Heap Roots: 0.1ms
[2024-01-22T23:46:50.474+0000][7][gc,phases   ] GC(384)   Evacuate Collection Set: 1.4ms
[2024-01-22T23:46:50.474+0000][7][gc,phases   ] GC(384)   Post Evacuate Collection Set: 0.6ms
[2024-01-22T23:46:50.474+0000][7][gc,phases   ] GC(384)   Other: 0.1ms
[2024-01-22T23:46:50.474+0000][7][gc,age      ] GC(384) Age table with threshold 15 (max threshold 15)
[2024-01-22T23:46:50.474+0000][7][gc,age      ] GC(384) - age   1:    1653520 bytes,    1653520 total
[2024-01-22T23:46:50.474+0000][7][gc,age      ] GC(384) - age   2:       5256 bytes,    1658776 total
[2024-01-22T23:46:50.474+0000][7][gc,age      ] GC(384) - age   3:        280 bytes,    1659056 total
[2024-01-22T23:46:50.474+0000][7][gc,age      ] GC(384) - age   5:        184 bytes,    1659240 total
[2024-01-22T23:46:50.474+0000][7][gc,age      ] GC(384) - age   6:        512 bytes,    1659752 total
[2024-01-22T23:46:50.474+0000][7][gc,age      ] GC(384) - age   7:        184 bytes,    1659936 total
[2024-01-22T23:46:50.474+0000][7][gc,age      ] GC(384) - age   8:     150296 bytes,    1810232 total
[2024-01-22T23:46:50.474+0000][7][gc,age      ] GC(384) - age   9:      13696 bytes,    1823928 total
[2024-01-22T23:46:50.474+0000][7][gc,age      ] GC(384) - age  11:      38448 bytes,    1862376 total
[2024-01-22T23:46:50.474+0000][7][gc,age      ] GC(384) - age  12:      10184 bytes,    1872560 total
[2024-01-22T23:46:50.474+0000][7][gc,age      ] GC(384) - age  13:     144096 bytes,    2016656 total
[2024-01-22T23:46:50.474+0000][7][gc,age      ] GC(384) - age  14:     109200 bytes,    2125856 total
[2024-01-22T23:46:50.474+0000][7][gc,age      ] GC(384) - age  15:     107072 bytes,    2232928 total
[2024-01-22T23:46:50.474+0000][7][gc,heap     ] GC(384) Eden regions: 152->0(152)
[2024-01-22T23:46:50.474+0000][7][gc,heap     ] GC(384) Survivor regions: 1->1(20)
[2024-01-22T23:46:50.474+0000][7][gc,heap     ] GC(384) Old regions: 35->35
[2024-01-22T23:46:50.474+0000][7][gc,heap     ] GC(384) Archive regions: 2->2
[2024-01-22T23:46:50.474+0000][7][gc,heap     ] GC(384) Humongous regions: 0->0
[2024-01-22T23:46:50.474+0000][7][gc,metaspace] GC(384) Metaspace: 131009K(134656K)->131009K(134656K) NonClass: 113943K(115840K)->113943K(115840K) Class: 17066K(18816K)->17066K(18816K)
[2024-01-22T23:46:50.474+0000][7][gc          ] GC(384) Pause Young (Normal) (G1 Evacuation Pause) 751M->143M(1024M) 2.458ms
[2024-01-22T23:46:50.474+0000][7][gc,cpu      ] GC(384) User=0.02s Sys=0.00s Real=0.01s
[2024-01-22T23:46:50.474+0000][7][safepoint   ] Safepoint "G1CollectForAllocation", Time since last: 155915416034 ns, Reaching safepoint: 32530 ns, At safepoint: 2532319 ns, Total: 2564849 ns
[2024-01-22T23:49:47.568+0000][7][gc,start    ] GC(385) Pause Young (Normal) (G1 Evacuation Pause)
[2024-01-22T23:49:47.568+0000][7][gc,task     ] GC(385) Using 8 workers of 8 for evacuation
[2024-01-22T23:49:47.568+0000][7][gc,age      ] GC(385) Desired survivor size 41943040 bytes, new threshold 15 (max threshold 15)
[2024-01-22T23:49:47.571+0000][7][gc,phases   ] GC(385)   Pre Evacuate Collection Set: 0.2ms
[2024-01-22T23:49:47.571+0000][7][gc,phases   ] GC(385)   Merge Heap Roots: 0.1ms
[2024-01-22T23:49:47.571+0000][7][gc,phases   ] GC(385)   Evacuate Collection Set: 1.6ms
[2024-01-22T23:49:47.571+0000][7][gc,phases   ] GC(385)   Post Evacuate Collection Set: 0.8ms
[2024-01-22T23:49:47.571+0000][7][gc,phases   ] GC(385)   Other: 0.1ms
[2024-01-22T23:49:47.571+0000][7][gc,age      ] GC(385) Age table with threshold 15 (max threshold 15)
[2024-01-22T23:49:47.571+0000][7][gc,age      ] GC(385) - age   1:    1441984 bytes,    1441984 total
[2024-01-22T23:49:47.571+0000][7][gc,age      ] GC(385) - age   2:       4440 bytes,    1446424 total
[2024-01-22T23:49:47.571+0000][7][gc,age      ] GC(385) - age   3:       3616 bytes,    1450040 total
[2024-01-22T23:49:47.571+0000][7][gc,age      ] GC(385) - age   4:         32 bytes,    1450072 total
[2024-01-22T23:49:47.571+0000][7][gc,age      ] GC(385) - age   6:        184 bytes,    1450256 total
[2024-01-22T23:49:47.571+0000][7][gc,age      ] GC(385) - age   7:         32 bytes,    1450288 total
[2024-01-22T23:49:47.571+0000][7][gc,age      ] GC(385) - age   8:        184 bytes,    1450472 total
[2024-01-22T23:49:47.571+0000][7][gc,age      ] GC(385) - age   9:     150296 bytes,    1600768 total
[2024-01-22T23:49:47.571+0000][7][gc,age      ] GC(385) - age  10:      13696 bytes,    1614464 total
[2024-01-22T23:49:47.571+0000][7][gc,age      ] GC(385) - age  12:      38448 bytes,    1652912 total
[2024-01-22T23:49:47.571+0000][7][gc,age      ] GC(385) - age  13:      10184 bytes,    1663096 total
[2024-01-22T23:49:47.571+0000][7][gc,age      ] GC(385) - age  14:     144096 bytes,    1807192 total
[2024-01-22T23:49:47.571+0000][7][gc,age      ] GC(385) - age  15:     109200 bytes,    1916392 total
[2024-01-22T23:49:47.571+0000][7][gc,heap     ] GC(385) Eden regions: 152->0(152)
[2024-01-22T23:49:47.571+0000][7][gc,heap     ] GC(385) Survivor regions: 1->1(20)
[2024-01-22T23:49:47.571+0000][7][gc,heap     ] GC(385) Old regions: 35->35
[2024-01-22T23:49:47.571+0000][7][gc,heap     ] GC(385) Archive regions: 2->2
[2024-01-22T23:49:47.571+0000][7][gc,heap     ] GC(385) Humongous regions: 0->0
[2024-01-22T23:49:47.571+0000][7][gc,metaspace] GC(385) Metaspace: 131009K(134656K)->131009K(134656K) NonClass: 113943K(115840K)->113943K(115840K) Class: 17066K(18816K)->17066K(18816K)
[2024-01-22T23:49:47.571+0000][7][gc          ] GC(385) Pause Young (Normal) (G1 Evacuation Pause) 751M->143M(1024M) 3.055ms
[2024-01-22T23:49:47.571+0000][7][gc,cpu      ] GC(385) User=0.01s Sys=0.00s Real=0.00s
[2024-01-22T23:49:47.571+0000][7][safepoint   ] Safepoint "G1CollectForAllocation", Time since last: 177093255339 ns, Reaching safepoint: 41954 ns, At safepoint: 3147862 ns, Total: 3189816 ns
[2024-01-22T23:53:06.512+0000][7][gc,start    ] GC(386) Pause Young (Normal) (G1 Evacuation Pause)
[2024-01-22T23:53:06.512+0000][7][gc,task     ] GC(386) Using 8 workers of 8 for evacuation
[2024-01-22T23:53:06.512+0000][7][gc,age      ] GC(386) Desired survivor size 41943040 bytes, new threshold 15 (max threshold 15)
[2024-01-22T23:53:06.515+0000][7][gc,phases   ] GC(386)   Pre Evacuate Collection Set: 0.2ms
[2024-01-22T23:53:06.515+0000][7][gc,phases   ] GC(386)   Merge Heap Roots: 0.1ms
[2024-01-22T23:53:06.515+0000][7][gc,phases   ] GC(386)   Evacuate Collection Set: 1.5ms
[2024-01-22T23:53:06.515+0000][7][gc,phases   ] GC(386)   Post Evacuate Collection Set: 0.8ms
[2024-01-22T23:53:06.515+0000][7][gc,phases   ] GC(386)   Other: 0.1ms
[2024-01-22T23:53:06.515+0000][7][gc,age      ] GC(386) Age table with threshold 15 (max threshold 15)
[2024-01-22T23:53:06.515+0000][7][gc,age      ] GC(386) - age   1:    1374072 bytes,    1374072 total
[2024-01-22T23:53:06.515+0000][7][gc,age      ] GC(386) - age   2:       3368 bytes,    1377440 total
[2024-01-22T23:53:06.515+0000][7][gc,age      ] GC(386) - age   3:       1664 bytes,    1379104 total
[2024-01-22T23:53:06.515+0000][7][gc,age      ] GC(386) - age   4:        928 bytes,    1380032 total
[2024-01-22T23:53:06.515+0000][7][gc,age      ] GC(386) - age   5:         32 bytes,    1380064 total
[2024-01-22T23:53:06.515+0000][7][gc,age      ] GC(386) - age   7:        184 bytes,    1380248 total
[2024-01-22T23:53:06.515+0000][7][gc,age      ] GC(386) - age   8:         32 bytes,    1380280 total
[2024-01-22T23:53:06.515+0000][7][gc,age      ] GC(386) - age   9:        184 bytes,    1380464 total
[2024-01-22T23:53:06.515+0000][7][gc,age      ] GC(386) - age  10:     150296 bytes,    1530760 total
[2024-01-22T23:53:06.515+0000][7][gc,age      ] GC(386) - age  11:      13696 bytes,    1544456 total
[2024-01-22T23:53:06.515+0000][7][gc,age      ] GC(386) - age  13:      38448 bytes,    1582904 total
[2024-01-22T23:53:06.515+0000][7][gc,age      ] GC(386) - age  14:      10184 bytes,    1593088 total
[2024-01-22T23:53:06.515+0000][7][gc,age      ] GC(386) - age  15:     144096 bytes,    1737184 total
[2024-01-22T23:53:06.515+0000][7][gc,heap     ] GC(386) Eden regions: 152->0(152)
[2024-01-22T23:53:06.515+0000][7][gc,heap     ] GC(386) Survivor regions: 1->1(20)
[2024-01-22T23:53:06.515+0000][7][gc,heap     ] GC(386) Old regions: 35->35
[2024-01-22T23:53:06.515+0000][7][gc,heap     ] GC(386) Archive regions: 2->2
[2024-01-22T23:53:06.515+0000][7][gc,heap     ] GC(386) Humongous regions: 0->0
[2024-01-22T23:53:06.515+0000][7][gc,metaspace] GC(386) Metaspace: 131009K(134656K)->131009K(134656K) NonClass: 113943K(115840K)->113943K(115840K) Class: 17066K(18816K)->17066K(18816K)
[2024-01-22T23:53:06.515+0000][7][gc          ] GC(386) Pause Young (Normal) (G1 Evacuation Pause) 751M->143M(1024M) 3.059ms
[2024-01-22T23:53:06.515+0000][7][gc,cpu      ] GC(386) User=0.01s Sys=0.00s Real=0.01s
[2024-01-22T23:53:06.515+0000][7][safepoint   ] Safepoint "G1CollectForAllocation", Time since last: 198940974209 ns, Reaching safepoint: 45006 ns, At safepoint: 3152157 ns, Total: 3197163 ns
[2024-01-22T23:55:53.483+0000][7][gc,start    ] GC(387) Pause Young (Normal) (G1 Evacuation Pause)
[2024-01-22T23:55:53.483+0000][7][gc,task     ] GC(387) Using 8 workers of 8 for evacuation
[2024-01-22T23:55:53.483+0000][7][gc,age      ] GC(387) Desired survivor size 41943040 bytes, new threshold 15 (max threshold 15)
[2024-01-22T23:55:53.485+0000][7][gc,phases   ] GC(387)   Pre Evacuate Collection Set: 0.1ms
[2024-01-22T23:55:53.485+0000][7][gc,phases   ] GC(387)   Merge Heap Roots: 0.1ms
[2024-01-22T23:55:53.485+0000][7][gc,phases   ] GC(387)   Evacuate Collection Set: 1.4ms
[2024-01-22T23:55:53.485+0000][7][gc,phases   ] GC(387)   Post Evacuate Collection Set: 0.6ms
[2024-01-22T23:55:53.485+0000][7][gc,phases   ] GC(387)   Other: 0.1ms
[2024-01-22T23:55:53.485+0000][7][gc,age      ] GC(387) Age table with threshold 15 (max threshold 15)
[2024-01-22T23:55:53.485+0000][7][gc,age      ] GC(387) - age   1:    1177152 bytes,    1177152 total
[2024-01-22T23:55:53.485+0000][7][gc,age      ] GC(387) - age   2:       5832 bytes,    1182984 total
[2024-01-22T23:55:53.485+0000][7][gc,age      ] GC(387) - age   3:       1000 bytes,    1183984 total
[2024-01-22T23:55:53.485+0000][7][gc,age      ] GC(387) - age   4:       1176 bytes,    1185160 total
[2024-01-22T23:55:53.485+0000][7][gc,age      ] GC(387) - age   5:        184 bytes,    1185344 total
[2024-01-22T23:55:53.485+0000][7][gc,age      ] GC(387) - age   6:         32 bytes,    1185376 total
[2024-01-22T23:55:53.485+0000][7][gc,age      ] GC(387) - age  10:        184 bytes,    1185560 total
[2024-01-22T23:55:53.485+0000][7][gc,age      ] GC(387) - age  11:     150296 bytes,    1335856 total
[2024-01-22T23:55:53.485+0000][7][gc,age      ] GC(387) - age  12:      13696 bytes,    1349552 total
[2024-01-22T23:55:53.485+0000][7][gc,age      ] GC(387) - age  14:      38448 bytes,    1388000 total
[2024-01-22T23:55:53.485+0000][7][gc,age      ] GC(387) - age  15:      10184 bytes,    1398184 total
[2024-01-22T23:55:53.485+0000][7][gc,heap     ] GC(387) Eden regions: 152->0(152)
[2024-01-22T23:55:53.485+0000][7][gc,heap     ] GC(387) Survivor regions: 1->1(20)
[2024-01-22T23:55:53.485+0000][7][gc,heap     ] GC(387) Old regions: 35->35
[2024-01-22T23:55:53.485+0000][7][gc,heap     ] GC(387) Archive regions: 2->2
[2024-01-22T23:55:53.485+0000][7][gc,heap     ] GC(387) Humongous regions: 0->0
[2024-01-22T23:55:53.485+0000][7][gc,metaspace] GC(387) Metaspace: 131009K(134656K)->131009K(134656K) NonClass: 113943K(115840K)->113943K(115840K) Class: 17066K(18816K)->17066K(18816K)
[2024-01-22T23:55:53.485+0000][7][gc          ] GC(387) Pause Young (Normal) (G1 Evacuation Pause) 751M->143M(1024M) 2.436ms
[2024-01-22T23:55:53.485+0000][7][gc,cpu      ] GC(387) User=0.00s Sys=0.00s Real=0.00s
[2024-01-22T23:55:53.485+0000][7][safepoint   ] Safepoint "G1CollectForAllocation", Time since last: 166967395604 ns, Reaching safepoint: 52395 ns, At safepoint: 2528526 ns, Total: 2580921 ns
[2024-01-22T23:59:05.483+0000][7][gc,start    ] GC(388) Pause Young (Normal) (G1 Evacuation Pause)
[2024-01-22T23:59:05.483+0000][7][gc,task     ] GC(388) Using 8 workers of 8 for evacuation
[2024-01-22T23:59:05.483+0000][7][gc,age      ] GC(388) Desired survivor size 41943040 bytes, new threshold 15 (max threshold 15)
[2024-01-22T23:59:05.486+0000][7][gc,phases   ] GC(388)   Pre Evacuate Collection Set: 0.2ms
[2024-01-22T23:59:05.486+0000][7][gc,phases   ] GC(388)   Merge Heap Roots: 0.1ms
[2024-01-22T23:59:05.486+0000][7][gc,phases   ] GC(388)   Evacuate Collection Set: 1.5ms
[2024-01-22T23:59:05.486+0000][7][gc,phases   ] GC(388)   Post Evacuate Collection Set: 0.7ms
[2024-01-22T23:59:05.486+0000][7][gc,phases   ] GC(388)   Other: 0.2ms
[2024-01-22T23:59:05.486+0000][7][gc,age      ] GC(388) Age table with threshold 15 (max threshold 15)
[2024-01-22T23:59:05.486+0000][7][gc,age      ] GC(388) - age   1:    1880608 bytes,    1880608 total
[2024-01-22T23:59:05.486+0000][7][gc,age      ] GC(388) - age   2:       3696 bytes,    1884304 total
[2024-01-22T23:59:05.486+0000][7][gc,age      ] GC(388) - age   3:       3152 bytes,    1887456 total
[2024-01-22T23:59:05.486+0000][7][gc,age      ] GC(388) - age   4:        872 bytes,    1888328 total
[2024-01-22T23:59:05.486+0000][7][gc,age      ] GC(388) - age   5:        408 bytes,    1888736 total
[2024-01-22T23:59:05.486+0000][7][gc,age      ] GC(388) - age   6:        184 bytes,    1888920 total
[2024-01-22T23:59:05.486+0000][7][gc,age      ] GC(388) - age  11:        184 bytes,    1889104 total
[2024-01-22T23:59:05.486+0000][7][gc,age      ] GC(388) - age  12:     150296 bytes,    2039400 total
[2024-01-22T23:59:05.486+0000][7][gc,age      ] GC(388) - age  13:      13696 bytes,    2053096 total
[2024-01-22T23:59:05.486+0000][7][gc,age      ] GC(388) - age  15:      38448 bytes,    2091544 total
[2024-01-22T23:59:05.486+0000][7][gc,heap     ] GC(388) Eden regions: 152->0(152)
[2024-01-22T23:59:05.486+0000][7][gc,heap     ] GC(388) Survivor regions: 1->1(20)
[2024-01-22T23:59:05.486+0000][7][gc,heap     ] GC(388) Old regions: 35->35
[2024-01-22T23:59:05.486+0000][7][gc,heap     ] GC(388) Archive regions: 2->2
[2024-01-22T23:59:05.486+0000][7][gc,heap     ] GC(388) Humongous regions: 0->0
[2024-01-22T23:59:05.486+0000][7][gc,metaspace] GC(388) Metaspace: 131009K(134656K)->131009K(134656K) NonClass: 113943K(115840K)->113943K(115840K) Class: 17066K(18816K)->17066K(18816K)
[2024-01-22T23:59:05.486+0000][7][gc          ] GC(388) Pause Young (Normal) (G1 Evacuation Pause) 751M->143M(1024M) 2.980ms
[2024-01-22T23:59:05.486+0000][7][gc,cpu      ] GC(388) User=0.02s Sys=0.00s Real=0.01s
[2024-01-22T23:59:05.486+0000][7][safepoint   ] Safepoint "G1CollectForAllocation", Time since last: 191997815896 ns, Reaching safepoint: 108891 ns, At safepoint: 3096813 ns, Total: 3205704 ns
[2024-01-23T00:00:03.492+0000][7][safepoint   ] Safepoint "Cleanup", Time since last: 58005642926 ns, Reaching safepoint: 79399 ns, At safepoint: 8610 ns, Total: 88009 ns
[2024-01-23T00:00:46.497+0000][7][safepoint   ] Safepoint "Cleanup", Time since last: 43005087027 ns, Reaching safepoint: 39774 ns, At safepoint: 28343 ns, Total: 68117 ns
[2024-01-23T00:02:05.459+0000][7][gc,start    ] GC(389) Pause Young (Normal) (G1 Evacuation Pause)
[2024-01-23T00:02:05.459+0000][7][gc,task     ] GC(389) Using 8 workers of 8 for evacuation
[2024-01-23T00:02:05.459+0000][7][gc,age      ] GC(389) Desired survivor size 41943040 bytes, new threshold 15 (max threshold 15)
[2024-01-23T00:02:05.461+0000][7][gc,phases   ] GC(389)   Pre Evacuate Collection Set: 0.1ms
[2024-01-23T00:02:05.461+0000][7][gc,phases   ] GC(389)   Merge Heap Roots: 0.1ms
[2024-01-23T00:02:05.461+0000][7][gc,phases   ] GC(389)   Evacuate Collection Set: 0.9ms
[2024-01-23T00:02:05.461+0000][7][gc,phases   ] GC(389)   Post Evacuate Collection Set: 0.7ms
[2024-01-23T00:02:05.461+0000][7][gc,phases   ] GC(389)   Other: 0.1ms
[2024-01-23T00:02:05.461+0000][7][gc,age      ] GC(389) Age table with threshold 15 (max threshold 15)
[2024-01-23T00:02:05.461+0000][7][gc,age      ] GC(389) - age   1:     786688 bytes,     786688 total
[2024-01-23T00:02:05.461+0000][7][gc,age      ] GC(389) - age   2:       3680 bytes,     790368 total
[2024-01-23T00:02:05.461+0000][7][gc,age      ] GC(389) - age   3:       1704 bytes,     792072 total
[2024-01-23T00:02:05.461+0000][7][gc,age      ] GC(389) - age   4:       2576 bytes,     794648 total
[2024-01-23T00:02:05.461+0000][7][gc,age      ] GC(389) - age   5:        872 bytes,     795520 total
[2024-01-23T00:02:05.461+0000][7][gc,age      ] GC(389) - age   6:        408 bytes,     795928 total
[2024-01-23T00:02:05.461+0000][7][gc,age      ] GC(389) - age   7:        184 bytes,     796112 total
[2024-01-23T00:02:05.461+0000][7][gc,age      ] GC(389) - age  12:        184 bytes,     796296 total
[2024-01-23T00:02:05.461+0000][7][gc,age      ] GC(389) - age  13:     141712 bytes,     938008 total
[2024-01-23T00:02:05.461+0000][7][gc,age      ] GC(389) - age  14:      13696 bytes,     951704 total
[2024-01-23T00:02:05.461+0000][7][gc,heap     ] GC(389) Eden regions: 152->0(152)
[2024-01-23T00:02:05.461+0000][7][gc,heap     ] GC(389) Survivor regions: 1->1(20)
[2024-01-23T00:02:05.461+0000][7][gc,heap     ] GC(389) Old regions: 35->35
[2024-01-23T00:02:05.461+0000][7][gc,heap     ] GC(389) Archive regions: 2->2
[2024-01-23T00:02:05.461+0000][7][gc,heap     ] GC(389) Humongous regions: 0->0
[2024-01-23T00:02:05.461+0000][7][gc,metaspace] GC(389) Metaspace: 131014K(134656K)->131014K(134656K) NonClass: 113947K(115840K)->113947K(115840K) Class: 17066K(18816K)->17066K(18816K)
[2024-01-23T00:02:05.461+0000][7][gc          ] GC(389) Pause Young (Normal) (G1 Evacuation Pause) 751M->142M(1024M) 2.236ms
[2024-01-23T00:02:05.461+0000][7][gc,cpu      ] GC(389) User=0.01s Sys=0.00s Real=0.00s
[2024-01-23T00:02:05.461+0000][7][safepoint   ] Safepoint "G1CollectForAllocation", Time since last: 78961751151 ns, Reaching safepoint: 39165 ns, At safepoint: 2328066 ns, Total: 2367231 ns
[2024-01-23T00:03:32.685+0000][7][safepoint   ] Safepoint "Cleanup", Time since last: 87223674307 ns, Reaching safepoint: 71801 ns, At safepoint: 21116 ns, Total: 92917 ns
[2024-01-23T00:03:33.685+0000][7][safepoint   ] Safepoint "Cleanup", Time since last: 1000122342 ns, Reaching safepoint: 84255 ns, At safepoint: 5449 ns, Total: 89704 ns
[2024-01-23T00:04:03.688+0000][7][safepoint   ] Safepoint "Cleanup", Time since last: 30002536218 ns, Reaching safepoint: 55098 ns, At safepoint: 10542 ns, Total: 65640 ns
[2024-01-23T00:04:29.690+0000][7][safepoint   ] Safepoint "Cleanup", Time since last: 26002276982 ns, Reaching safepoint: 49102 ns, At safepoint: 3443 ns, Total: 52545 ns
[2024-01-23T00:05:17.474+0000][7][gc,start    ] GC(390) Pause Young (Normal) (G1 Evacuation Pause)
[2024-01-23T00:05:17.474+0000][7][gc,task     ] GC(390) Using 8 workers of 8 for evacuation
[2024-01-23T00:05:17.474+0000][7][gc,age      ] GC(390) Desired survivor size 41943040 bytes, new threshold 15 (max threshold 15)
[2024-01-23T00:05:17.477+0000][7][gc,phases   ] GC(390)   Pre Evacuate Collection Set: 0.1ms
[2024-01-23T00:05:17.477+0000][7][gc,phases   ] GC(390)   Merge Heap Roots: 0.1ms
[2024-01-23T00:05:17.477+0000][7][gc,phases   ] GC(390)   Evacuate Collection Set: 1.2ms
[2024-01-23T00:05:17.477+0000][7][gc,phases   ] GC(390)   Post Evacuate Collection Set: 0.8ms
[2024-01-23T00:05:17.477+0000][7][gc,phases   ] GC(390)   Other: 0.1ms
[2024-01-23T00:05:17.477+0000][7][gc,age      ] GC(390) Age table with threshold 15 (max threshold 15)
[2024-01-23T00:05:17.477+0000][7][gc,age      ] GC(390) - age   1:     925872 bytes,     925872 total
[2024-01-23T00:05:17.477+0000][7][gc,age      ] GC(390) - age   2:      73032 bytes,     998904 total
[2024-01-23T00:05:17.477+0000][7][gc,age      ] GC(390) - age   3:       1304 bytes,    1000208 total
[2024-01-23T00:05:17.477+0000][7][gc,age      ] GC(390) - age   4:         96 bytes,    1000304 total
[2024-01-23T00:05:17.477+0000][7][gc,age      ] GC(390) - age   5:        208 bytes,    1000512 total
[2024-01-23T00:05:17.477+0000][7][gc,age      ] GC(390) - age   6:        480 bytes,    1000992 total
[2024-01-23T00:05:17.477+0000][7][gc,age      ] GC(390) - age   7:         24 bytes,    1001016 total
[2024-01-23T00:05:17.477+0000][7][gc,age      ] GC(390) - age   8:        184 bytes,    1001200 total
[2024-01-23T00:05:17.477+0000][7][gc,age      ] GC(390) - age  13:        184 bytes,    1001384 total
[2024-01-23T00:05:17.477+0000][7][gc,age      ] GC(390) - age  14:     141712 bytes,    1143096 total
[2024-01-23T00:05:17.477+0000][7][gc,age      ] GC(390) - age  15:      13696 bytes,    1156792 total
[2024-01-23T00:05:17.477+0000][7][gc,heap     ] GC(390) Eden regions: 152->0(152)
[2024-01-23T00:05:17.477+0000][7][gc,heap     ] GC(390) Survivor regions: 1->1(20)
[2024-01-23T00:05:17.477+0000][7][gc,heap     ] GC(390) Old regions: 35->35
[2024-01-23T00:05:17.477+0000][7][gc,heap     ] GC(390) Archive regions: 2->2
[2024-01-23T00:05:17.477+0000][7][gc,heap     ] GC(390) Humongous regions: 0->0
[2024-01-23T00:05:17.477+0000][7][gc,metaspace] GC(390) Metaspace: 131014K(134656K)->131014K(134656K) NonClass: 113947K(115840K)->113947K(115840K) Class: 17066K(18816K)->17066K(18816K)
[2024-01-23T00:05:17.477+0000][7][gc          ] GC(390) Pause Young (Normal) (G1 Evacuation Pause) 750M->143M(1024M) 2.604ms
[2024-01-23T00:05:17.477+0000][7][gc,cpu      ] GC(390) User=0.01s Sys=0.00s Real=0.00s
[2024-01-23T00:05:17.477+0000][7][safepoint   ] Safepoint "G1CollectForAllocation", Time since last: 47784149132 ns, Reaching safepoint: 51879 ns, At safepoint: 2699967 ns, Total: 2751846 ns
[2024-01-23T00:07:30.489+0000][7][safepoint   ] Safepoint "Cleanup", Time since last: 133012461389 ns, Reaching safepoint: 73162 ns, At safepoint: 15624 ns, Total: 88786 ns
[2024-01-23T00:07:35.490+0000][7][safepoint   ] Safepoint "Cleanup", Time since last: 5000477248 ns, Reaching safepoint: 117075 ns, At safepoint: 19655 ns, Total: 136730 ns
[2024-01-23T00:07:53.513+0000][7][gc,start    ] GC(391) Pause Young (Normal) (G1 Evacuation Pause)
[2024-01-23T00:07:53.513+0000][7][gc,task     ] GC(391) Using 8 workers of 8 for evacuation
[2024-01-23T00:07:53.513+0000][7][gc,age      ] GC(391) Desired survivor size 41943040 bytes, new threshold 15 (max threshold 15)
[2024-01-23T00:07:53.516+0000][7][gc,phases   ] GC(391)   Pre Evacuate Collection Set: 0.2ms
[2024-01-23T00:07:53.516+0000][7][gc,phases   ] GC(391)   Merge Heap Roots: 0.1ms
[2024-01-23T00:07:53.516+0000][7][gc,phases   ] GC(391)   Evacuate Collection Set: 1.3ms
[2024-01-23T00:07:53.516+0000][7][gc,phases   ] GC(391)   Post Evacuate Collection Set: 0.7ms
[2024-01-23T00:07:53.516+0000][7][gc,phases   ] GC(391)   Other: 0.1ms
[2024-01-23T00:07:53.516+0000][7][gc,age      ] GC(391) Age table with threshold 15 (max threshold 15)
[2024-01-23T00:07:53.516+0000][7][gc,age      ] GC(391) - age   1:     618512 bytes,     618512 total
[2024-01-23T00:07:53.516+0000][7][gc,age      ] GC(391) - age   2:     233448 bytes,     851960 total
[2024-01-23T00:07:53.516+0000][7][gc,age      ] GC(391) - age   3:      70152 bytes,     922112 total
[2024-01-23T00:07:53.516+0000][7][gc,age      ] GC(391) - age   4:        280 bytes,     922392 total
[2024-01-23T00:07:53.516+0000][7][gc,age      ] GC(391) - age   5:         32 bytes,     922424 total
[2024-01-23T00:07:53.516+0000][7][gc,age      ] GC(391) - age   6:        208 bytes,     922632 total
[2024-01-23T00:07:53.516+0000][7][gc,age      ] GC(391) - age   7:        480 bytes,     923112 total
[2024-01-23T00:07:53.516+0000][7][gc,age      ] GC(391) - age   9:        184 bytes,     923296 total
[2024-01-23T00:07:53.516+0000][7][gc,age      ] GC(391) - age  14:        184 bytes,     923480 total
[2024-01-23T00:07:53.516+0000][7][gc,age      ] GC(391) - age  15:     141712 bytes,    1065192 total
[2024-01-23T00:07:53.516+0000][7][gc,heap     ] GC(391) Eden regions: 152->0(152)
[2024-01-23T00:07:53.516+0000][7][gc,heap     ] GC(391) Survivor regions: 1->1(20)
[2024-01-23T00:07:53.516+0000][7][gc,heap     ] GC(391) Old regions: 35->35
[2024-01-23T00:07:53.516+0000][7][gc,heap     ] GC(391) Archive regions: 2->2
[2024-01-23T00:07:53.516+0000][7][gc,heap     ] GC(391) Humongous regions: 0->0
[2024-01-23T00:07:53.516+0000][7][gc,metaspace] GC(391) Metaspace: 131014K(134656K)->131014K(134656K) NonClass: 113947K(115840K)->113947K(115840K) Class: 17066K(18816K)->17066K(18816K)
[2024-01-23T00:07:53.516+0000][7][gc          ] GC(391) Pause Young (Normal) (G1 Evacuation Pause) 751M->142M(1024M) 2.692ms
[2024-01-23T00:07:53.516+0000][7][gc,cpu      ] GC(391) User=0.01s Sys=0.00s Real=0.01s
[2024-01-23T00:07:53.516+0000][7][safepoint   ] Safepoint "G1CollectForAllocation", Time since last: 18023131232 ns, Reaching safepoint: 51075 ns, At safepoint: 2779817 ns, Total: 2830892 ns
[2024-01-23T00:08:35.520+0000][7][safepoint   ] Safepoint "Cleanup", Time since last: 42004206579 ns, Reaching safepoint: 67344 ns, At safepoint: 7187 ns, Total: 74531 ns
[2024-01-23T00:10:29.501+0000][7][gc,start    ] GC(392) Pause Young (Normal) (G1 Evacuation Pause)
[2024-01-23T00:10:29.501+0000][7][gc,task     ] GC(392) Using 8 workers of 8 for evacuation
[2024-01-23T00:10:29.501+0000][7][gc,age      ] GC(392) Desired survivor size 41943040 bytes, new threshold 15 (max threshold 15)
[2024-01-23T00:10:29.502+0000][7][gc,phases   ] GC(392)   Pre Evacuate Collection Set: 0.1ms
[2024-01-23T00:10:29.502+0000][7][gc,phases   ] GC(392)   Merge Heap Roots: 0.1ms
[2024-01-23T00:10:29.502+0000][7][gc,phases   ] GC(392)   Evacuate Collection Set: 0.9ms
[2024-01-23T00:10:29.502+0000][7][gc,phases   ] GC(392)   Post Evacuate Collection Set: 0.6ms
[2024-01-23T00:10:29.502+0000][7][gc,phases   ] GC(392)   Other: 0.1ms
[2024-01-23T00:10:29.502+0000][7][gc,age      ] GC(392) Age table with threshold 15 (max threshold 15)
[2024-01-23T00:10:29.502+0000][7][gc,age      ] GC(392) - age   1:     566704 bytes,     566704 total
[2024-01-23T00:10:29.502+0000][7][gc,age      ] GC(392) - age   2:       3088 bytes,     569792 total
[2024-01-23T00:10:29.502+0000][7][gc,age      ] GC(392) - age   3:     151056 bytes,     720848 total
[2024-01-23T00:10:29.502+0000][7][gc,age      ] GC(392) - age   4:      70152 bytes,     791000 total
[2024-01-23T00:10:29.502+0000][7][gc,age      ] GC(392) - age   5:        280 bytes,     791280 total
[2024-01-23T00:10:29.502+0000][7][gc,age      ] GC(392) - age   6:         32 bytes,     791312 total
[2024-01-23T00:10:29.502+0000][7][gc,age      ] GC(392) - age   7:        208 bytes,     791520 total
[2024-01-23T00:10:29.502+0000][7][gc,age      ] GC(392) - age   8:        480 bytes,     792000 total
[2024-01-23T00:10:29.502+0000][7][gc,age      ] GC(392) - age  10:        184 bytes,     792184 total
[2024-01-23T00:10:29.502+0000][7][gc,heap     ] GC(392) Eden regions: 152->0(152)
[2024-01-23T00:10:29.502+0000][7][gc,heap     ] GC(392) Survivor regions: 1->1(20)
[2024-01-23T00:10:29.502+0000][7][gc,heap     ] GC(392) Old regions: 35->35
[2024-01-23T00:10:29.502+0000][7][gc,heap     ] GC(392) Archive regions: 2->2
[2024-01-23T00:10:29.503+0000][7][gc,heap     ] GC(392) Humongous regions: 0->0
[2024-01-23T00:10:29.503+0000][7][gc,metaspace] GC(392) Metaspace: 131014K(134656K)->131014K(134656K) NonClass: 113947K(115840K)->113947K(115840K) Class: 17066K(18816K)->17066K(18816K)
[2024-01-23T00:10:29.503+0000][7][gc          ] GC(392) Pause Young (Normal) (G1 Evacuation Pause) 750M->142M(1024M) 1.994ms
[2024-01-23T00:10:29.503+0000][7][gc,cpu      ] GC(392) User=0.01s Sys=0.00s Real=0.00s
[2024-01-23T00:10:29.503+0000][7][safepoint   ] Safepoint "G1CollectForAllocation", Time since last: 113980135117 ns, Reaching safepoint: 48755 ns, At safepoint: 2076952 ns, Total: 2125707 ns
[2024-01-23T00:11:18.507+0000][7][safepoint   ] Safepoint "Cleanup", Time since last: 49004409667 ns, Reaching safepoint: 69762 ns, At safepoint: 7545 ns, Total: 77307 ns
[2024-01-23T00:11:21.507+0000][7][safepoint   ] Safepoint "Cleanup", Time since last: 3000304624 ns, Reaching safepoint: 42812 ns, At safepoint: 14481 ns, Total: 57293 ns
[2024-01-23T00:11:26.508+0000][7][safepoint   ] Safepoint "Cleanup", Time since last: 5000778411 ns, Reaching safepoint: 146480 ns, At safepoint: 5824 ns, Total: 152304 ns
[2024-01-23T00:12:54.827+0000][7][gc,start    ] GC(393) Pause Young (Normal) (G1 Evacuation Pause)
[2024-01-23T00:12:54.828+0000][7][gc,task     ] GC(393) Using 8 workers of 8 for evacuation
[2024-01-23T00:12:54.828+0000][7][gc,age      ] GC(393) Desired survivor size 41943040 bytes, new threshold 15 (max threshold 15)
[2024-01-23T00:12:54.830+0000][7][gc,phases   ] GC(393)   Pre Evacuate Collection Set: 0.1ms
[2024-01-23T00:12:54.830+0000][7][gc,phases   ] GC(393)   Merge Heap Roots: 0.1ms
[2024-01-23T00:12:54.830+0000][7][gc,phases   ] GC(393)   Evacuate Collection Set: 1.1ms
[2024-01-23T00:12:54.830+0000][7][gc,phases   ] GC(393)   Post Evacuate Collection Set: 1.0ms
[2024-01-23T00:12:54.830+0000][7][gc,phases   ] GC(393)   Other: 0.1ms
[2024-01-23T00:12:54.830+0000][7][gc,age      ] GC(393) Age table with threshold 15 (max threshold 15)
[2024-01-23T00:12:54.830+0000][7][gc,age      ] GC(393) - age   1:     686616 bytes,     686616 total
[2024-01-23T00:12:54.830+0000][7][gc,age      ] GC(393) - age   2:      24728 bytes,     711344 total
[2024-01-23T00:12:54.830+0000][7][gc,age      ] GC(393) - age   3:       1008 bytes,     712352 total
[2024-01-23T00:12:54.830+0000][7][gc,age      ] GC(393) - age   4:     147112 bytes,     859464 total
[2024-01-23T00:12:54.830+0000][7][gc,age      ] GC(393) - age   5:      69408 bytes,     928872 total
[2024-01-23T00:12:54.830+0000][7][gc,age      ] GC(393) - age   6:        216 bytes,     929088 total
[2024-01-23T00:12:54.830+0000][7][gc,age      ] GC(393) - age   7:         32 bytes,     929120 total
[2024-01-23T00:12:54.830+0000][7][gc,age      ] GC(393) - age   8:        208 bytes,     929328 total
[2024-01-23T00:12:54.830+0000][7][gc,age      ] GC(393) - age   9:        480 bytes,     929808 total
[2024-01-23T00:12:54.830+0000][7][gc,age      ] GC(393) - age  11:        184 bytes,     929992 total
[2024-01-23T00:12:54.830+0000][7][gc,heap     ] GC(393) Eden regions: 152->0(152)
[2024-01-23T00:12:54.830+0000][7][gc,heap     ] GC(393) Survivor regions: 1->1(20)
[2024-01-23T00:12:54.830+0000][7][gc,heap     ] GC(393) Old regions: 35->35
[2024-01-23T00:12:54.830+0000][7][gc,heap     ] GC(393) Archive regions: 2->2
[2024-01-23T00:12:54.830+0000][7][gc,heap     ] GC(393) Humongous regions: 0->0
[2024-01-23T00:12:54.830+0000][7][gc,metaspace] GC(393) Metaspace: 131036K(134720K)->131036K(134720K) NonClass: 113970K(115904K)->113970K(115904K) Class: 17066K(18816K)->17066K(18816K)
[2024-01-23T00:12:54.830+0000][7][gc          ] GC(393) Pause Young (Normal) (G1 Evacuation Pause) 750M->142M(1024M) 2.861ms
[2024-01-23T00:12:54.830+0000][7][gc,cpu      ] GC(393) User=0.01s Sys=0.00s Real=0.00s
[2024-01-23T00:12:54.830+0000][7][safepoint   ] Safepoint "G1CollectForAllocation", Time since last: 88319026206 ns, Reaching safepoint: 34454 ns, At safepoint: 2970527 ns, Total: 3004981 ns
[2024-01-23T00:15:41.530+0000][7][gc,start    ] GC(394) Pause Young (Normal) (G1 Evacuation Pause)
[2024-01-23T00:15:41.530+0000][7][gc,task     ] GC(394) Using 8 workers of 8 for evacuation
[2024-01-23T00:15:41.530+0000][7][gc,age      ] GC(394) Desired survivor size 41943040 bytes, new threshold 15 (max threshold 15)
[2024-01-23T00:15:41.533+0000][7][gc,phases   ] GC(394)   Pre Evacuate Collection Set: 0.1ms
[2024-01-23T00:15:41.533+0000][7][gc,phases   ] GC(394)   Merge Heap Roots: 0.1ms
[2024-01-23T00:15:41.533+0000][7][gc,phases   ] GC(394)   Evacuate Collection Set: 1.7ms
[2024-01-23T00:15:41.533+0000][7][gc,phases   ] GC(394)   Post Evacuate Collection Set: 0.9ms
[2024-01-23T00:15:41.533+0000][7][gc,phases   ] GC(394)   Other: 0.1ms
[2024-01-23T00:15:41.533+0000][7][gc,age      ] GC(394) Age table with threshold 15 (max threshold 15)
[2024-01-23T00:15:41.533+0000][7][gc,age      ] GC(394) - age   1:    1998944 bytes,    1998944 total
[2024-01-23T00:15:41.533+0000][7][gc,age      ] GC(394) - age   2:     225272 bytes,    2224216 total
[2024-01-23T00:15:41.533+0000][7][gc,age      ] GC(394) - age   3:      22696 bytes,    2246912 total
[2024-01-23T00:15:41.533+0000][7][gc,age      ] GC(394) - age   4:        816 bytes,    2247728 total
[2024-01-23T00:15:41.533+0000][7][gc,age      ] GC(394) - age   5:     146400 bytes,    2394128 total
[2024-01-23T00:15:41.533+0000][7][gc,age      ] GC(394) - age   6:      69224 bytes,    2463352 total
[2024-01-23T00:15:41.533+0000][7][gc,age      ] GC(394) - age   7:        184 bytes,    2463536 total
[2024-01-23T00:15:41.533+0000][7][gc,age      ] GC(394) - age   9:        208 bytes,    2463744 total
[2024-01-23T00:15:41.533+0000][7][gc,age      ] GC(394) - age  10:        480 bytes,    2464224 total
[2024-01-23T00:15:41.533+0000][7][gc,age      ] GC(394) - age  12:        184 bytes,    2464408 total
[2024-01-23T00:15:41.533+0000][7][gc,heap     ] GC(394) Eden regions: 152->0(152)
[2024-01-23T00:15:41.533+0000][7][gc,heap     ] GC(394) Survivor regions: 1->1(20)
[2024-01-23T00:15:41.533+0000][7][gc,heap     ] GC(394) Old regions: 35->35
[2024-01-23T00:15:41.533+0000][7][gc,heap     ] GC(394) Archive regions: 2->2
[2024-01-23T00:15:41.533+0000][7][gc,heap     ] GC(394) Humongous regions: 0->0
[2024-01-23T00:15:41.533+0000][7][gc,metaspace] GC(394) Metaspace: 131036K(134720K)->131036K(134720K) NonClass: 113970K(115904K)->113970K(115904K) Class: 17066K(18816K)->17066K(18816K)
[2024-01-23T00:15:41.533+0000][7][gc          ] GC(394) Pause Young (Normal) (G1 Evacuation Pause) 750M->144M(1024M) 3.259ms
[2024-01-23T00:15:41.533+0000][7][gc,cpu      ] GC(394) User=0.01s Sys=0.00s Real=0.00s
[2024-01-23T00:15:41.533+0000][7][safepoint   ] Safepoint "G1CollectForAllocation", Time since last: 166699028900 ns, Reaching safepoint: 47669 ns, At safepoint: 3363665 ns, Total: 3411334 ns
[2024-01-23T00:15:43.533+0000][7][safepoint   ] Safepoint "Cleanup", Time since last: 2000201363 ns, Reaching safepoint: 79539 ns, At safepoint: 5796 ns, Total: 85335 ns
[2024-01-23T00:18:56.505+0000][7][gc,start    ] GC(395) Pause Young (Normal) (G1 Evacuation Pause)
[2024-01-23T00:18:56.505+0000][7][gc,task     ] GC(395) Using 8 workers of 8 for evacuation
[2024-01-23T00:18:56.505+0000][7][gc,age      ] GC(395) Desired survivor size 41943040 bytes, new threshold 15 (max threshold 15)
[2024-01-23T00:18:56.507+0000][7][gc,phases   ] GC(395)   Pre Evacuate Collection Set: 0.1ms
[2024-01-23T00:18:56.507+0000][7][gc,phases   ] GC(395)   Merge Heap Roots: 0.1ms
[2024-01-23T00:18:56.507+0000][7][gc,phases   ] GC(395)   Evacuate Collection Set: 1.0ms
[2024-01-23T00:18:56.507+0000][7][gc,phases   ] GC(395)   Post Evacuate Collection Set: 0.6ms
[2024-01-23T00:18:56.507+0000][7][gc,phases   ] GC(395)   Other: 0.1ms
[2024-01-23T00:18:56.507+0000][7][gc,age      ] GC(395) Age table with threshold 15 (max threshold 15)
[2024-01-23T00:18:56.507+0000][7][gc,age      ] GC(395) - age   1:     634616 bytes,     634616 total
[2024-01-23T00:18:56.507+0000][7][gc,age      ] GC(395) - age   2:       3320 bytes,     637936 total
[2024-01-23T00:18:56.507+0000][7][gc,age      ] GC(395) - age   3:     122208 bytes,     760144 total
[2024-01-23T00:18:56.507+0000][7][gc,age      ] GC(395) - age   4:      10448 bytes,     770592 total
[2024-01-23T00:18:56.507+0000][7][gc,age      ] GC(395) - age   5:         24 bytes,     770616 total
[2024-01-23T00:18:56.507+0000][7][gc,age      ] GC(395) - age   6:     146008 bytes,     916624 total
[2024-01-23T00:18:56.507+0000][7][gc,age      ] GC(395) - age   7:      60904 bytes,     977528 total
[2024-01-23T00:18:56.507+0000][7][gc,age      ] GC(395) - age   8:        184 bytes,     977712 total
[2024-01-23T00:18:56.507+0000][7][gc,age      ] GC(395) - age  10:        208 bytes,     977920 total
[2024-01-23T00:18:56.507+0000][7][gc,age      ] GC(395) - age  11:        480 bytes,     978400 total
[2024-01-23T00:18:56.507+0000][7][gc,heap     ] GC(395) Eden regions: 152->0(152)
[2024-01-23T00:18:56.507+0000][7][gc,heap     ] GC(395) Survivor regions: 1->1(20)
[2024-01-23T00:18:56.507+0000][7][gc,heap     ] GC(395) Old regions: 35->35
[2024-01-23T00:18:56.507+0000][7][gc,heap     ] GC(395) Archive regions: 2->2
[2024-01-23T00:18:56.507+0000][7][gc,heap     ] GC(395) Humongous regions: 0->0
[2024-01-23T00:18:56.507+0000][7][gc,metaspace] GC(395) Metaspace: 131037K(134720K)->131037K(134720K) NonClass: 113971K(115904K)->113971K(115904K) Class: 17066K(18816K)->17066K(18816K)
[2024-01-23T00:18:56.507+0000][7][gc          ] GC(395) Pause Young (Normal) (G1 Evacuation Pause) 752M->143M(1024M) 2.299ms
[2024-01-23T00:18:56.507+0000][7][gc,cpu      ] GC(395) User=0.01s Sys=0.00s Real=0.01s
[2024-01-23T00:18:56.507+0000][7][safepoint   ] Safepoint "G1CollectForAllocation", Time since last: 192971643869 ns, Reaching safepoint: 49453 ns, At safepoint: 2390903 ns, Total: 2440356 ns
[2024-01-23T00:22:05.542+0000][7][gc,start    ] GC(396) Pause Young (Normal) (G1 Evacuation Pause)
[2024-01-23T00:22:05.542+0000][7][gc,task     ] GC(396) Using 8 workers of 8 for evacuation
[2024-01-23T00:22:05.542+0000][7][gc,age      ] GC(396) Desired survivor size 41943040 bytes, new threshold 15 (max threshold 15)
[2024-01-23T00:22:05.544+0000][7][gc,phases   ] GC(396)   Pre Evacuate Collection Set: 0.1ms
[2024-01-23T00:22:05.544+0000][7][gc,phases   ] GC(396)   Merge Heap Roots: 0.0ms
[2024-01-23T00:22:05.544+0000][7][gc,phases   ] GC(396)   Evacuate Collection Set: 0.9ms
[2024-01-23T00:22:05.544+0000][7][gc,phases   ] GC(396)   Post Evacuate Collection Set: 0.5ms
[2024-01-23T00:22:05.544+0000][7][gc,phases   ] GC(396)   Other: 0.1ms
[2024-01-23T00:22:05.544+0000][7][gc,age      ] GC(396) Age table with threshold 15 (max threshold 15)
[2024-01-23T00:22:05.544+0000][7][gc,age      ] GC(396) - age   1:     925416 bytes,     925416 total
[2024-01-23T00:22:05.544+0000][7][gc,age      ] GC(396) - age   2:     146480 bytes,    1071896 total
[2024-01-23T00:22:05.544+0000][7][gc,age      ] GC(396) - age   3:       1176 bytes,    1073072 total
[2024-01-23T00:22:05.544+0000][7][gc,age      ] GC(396) - age   4:     121568 bytes,    1194640 total
[2024-01-23T00:22:05.544+0000][7][gc,age      ] GC(396) - age   5:      10320 bytes,    1204960 total
[2024-01-23T00:22:05.544+0000][7][gc,age      ] GC(396) - age   6:         24 bytes,    1204984 total
[2024-01-23T00:22:05.544+0000][7][gc,age      ] GC(396) - age   7:     146008 bytes,    1350992 total
[2024-01-23T00:22:05.544+0000][7][gc,age      ] GC(396) - age   8:      60904 bytes,    1411896 total
[2024-01-23T00:22:05.544+0000][7][gc,age      ] GC(396) - age   9:        184 bytes,    1412080 total
[2024-01-23T00:22:05.544+0000][7][gc,age      ] GC(396) - age  11:        208 bytes,    1412288 total
[2024-01-23T00:22:05.544+0000][7][gc,age      ] GC(396) - age  12:        480 bytes,    1412768 total
[2024-01-23T00:22:05.544+0000][7][gc,heap     ] GC(396) Eden regions: 152->0(152)
[2024-01-23T00:22:05.544+0000][7][gc,heap     ] GC(396) Survivor regions: 1->1(20)
[2024-01-23T00:22:05.544+0000][7][gc,heap     ] GC(396) Old regions: 35->35
[2024-01-23T00:22:05.544+0000][7][gc,heap     ] GC(396) Archive regions: 2->2
[2024-01-23T00:22:05.544+0000][7][gc,heap     ] GC(396) Humongous regions: 0->0
[2024-01-23T00:22:05.544+0000][7][gc,metaspace] GC(396) Metaspace: 131038K(134720K)->131038K(134720K) NonClass: 113971K(115904K)->113971K(115904K) Class: 17066K(18816K)->17066K(18816K)
[2024-01-23T00:22:05.544+0000][7][gc          ] GC(396) Pause Young (Normal) (G1 Evacuation Pause) 751M->143M(1024M) 1.797ms
[2024-01-23T00:22:05.544+0000][7][gc,cpu      ] GC(396) User=0.00s Sys=0.00s Real=0.00s
[2024-01-23T00:22:05.544+0000][7][safepoint   ] Safepoint "G1CollectForAllocation", Time since last: 189034677971 ns, Reaching safepoint: 51346 ns, At safepoint: 1865881 ns, Total: 1917227 ns
[2024-01-23T00:22:16.545+0000][7][safepoint   ] Safepoint "Cleanup", Time since last: 11001367693 ns, Reaching safepoint: 92102 ns, At safepoint: 5221 ns, Total: 97323 ns
[2024-01-23T00:24:32.582+0000][7][gc,start    ] GC(397) Pause Young (Normal) (G1 Evacuation Pause)
[2024-01-23T00:24:32.582+0000][7][gc,task     ] GC(397) Using 8 workers of 8 for evacuation
[2024-01-23T00:24:32.582+0000][7][gc,age      ] GC(397) Desired survivor size 41943040 bytes, new threshold 15 (max threshold 15)
[2024-01-23T00:24:32.584+0000][7][gc,phases   ] GC(397)   Pre Evacuate Collection Set: 0.1ms
[2024-01-23T00:24:32.584+0000][7][gc,phases   ] GC(397)   Merge Heap Roots: 0.1ms
[2024-01-23T00:24:32.584+0000][7][gc,phases   ] GC(397)   Evacuate Collection Set: 1.5ms
[2024-01-23T00:24:32.584+0000][7][gc,phases   ] GC(397)   Post Evacuate Collection Set: 0.7ms
[2024-01-23T00:24:32.584+0000][7][gc,phases   ] GC(397)   Other: 0.1ms
[2024-01-23T00:24:32.584+0000][7][gc,age      ] GC(397) Age table with threshold 15 (max threshold 15)
[2024-01-23T00:24:32.584+0000][7][gc,age      ] GC(397) - age   1:    1423072 bytes,    1423072 total
[2024-01-23T00:24:32.584+0000][7][gc,age      ] GC(397) - age   2:       5480 bytes,    1428552 total
[2024-01-23T00:24:32.584+0000][7][gc,age      ] GC(397) - age   3:     145480 bytes,    1574032 total
[2024-01-23T00:24:32.584+0000][7][gc,age      ] GC(397) - age   4:        112 bytes,    1574144 total
[2024-01-23T00:24:32.584+0000][7][gc,age      ] GC(397) - age   5:     110704 bytes,    1684848 total
[2024-01-23T00:24:32.584+0000][7][gc,age      ] GC(397) - age   6:      10136 bytes,    1694984 total
[2024-01-23T00:24:32.584+0000][7][gc,age      ] GC(397) - age   7:         24 bytes,    1695008 total
[2024-01-23T00:24:32.584+0000][7][gc,age      ] GC(397) - age   8:     145592 bytes,    1840600 total
[2024-01-23T00:24:32.584+0000][7][gc,age      ] GC(397) - age   9:      60904 bytes,    1901504 total
[2024-01-23T00:24:32.584+0000][7][gc,age      ] GC(397) - age  10:        184 bytes,    1901688 total
[2024-01-23T00:24:32.584+0000][7][gc,age      ] GC(397) - age  12:        208 bytes,    1901896 total
[2024-01-23T00:24:32.584+0000][7][gc,age      ] GC(397) - age  13:        480 bytes,    1902376 total
[2024-01-23T00:24:32.584+0000][7][gc,heap     ] GC(397) Eden regions: 152->0(152)
[2024-01-23T00:24:32.584+0000][7][gc,heap     ] GC(397) Survivor regions: 1->1(20)
[2024-01-23T00:24:32.584+0000][7][gc,heap     ] GC(397) Old regions: 35->35
[2024-01-23T00:24:32.584+0000][7][gc,heap     ] GC(397) Archive regions: 2->2
[2024-01-23T00:24:32.584+0000][7][gc,heap     ] GC(397) Humongous regions: 0->0
[2024-01-23T00:24:32.584+0000][7][gc,metaspace] GC(397) Metaspace: 131039K(134720K)->131039K(134720K) NonClass: 113973K(115904K)->113973K(115904K) Class: 17066K(18816K)->17066K(18816K)
[2024-01-23T00:24:32.585+0000][7][gc          ] GC(397) Pause Young (Normal) (G1 Evacuation Pause) 751M->143M(1024M) 2.659ms
[2024-01-23T00:24:32.585+0000][7][gc,cpu      ] GC(397) User=0.01s Sys=0.00s Real=0.00s
[2024-01-23T00:24:32.585+0000][7][safepoint   ] Safepoint "G1CollectForAllocation", Time since last: 136036528540 ns, Reaching safepoint: 33372 ns, At safepoint: 2747904 ns, Total: 2781276 ns
[2024-01-23T00:24:35.585+0000][7][safepoint   ] Safepoint "Cleanup", Time since last: 3000538552 ns, Reaching safepoint: 63169 ns, At safepoint: 8979 ns, Total: 72148 ns
[2024-01-23T00:27:05.649+0000][7][gc,start    ] GC(398) Pause Young (Normal) (G1 Evacuation Pause)
[2024-01-23T00:27:05.649+0000][7][gc,task     ] GC(398) Using 8 workers of 8 for evacuation
[2024-01-23T00:27:05.649+0000][7][gc,age      ] GC(398) Desired survivor size 41943040 bytes, new threshold 15 (max threshold 15)
[2024-01-23T00:27:05.652+0000][7][gc,phases   ] GC(398)   Pre Evacuate Collection Set: 0.2ms
[2024-01-23T00:27:05.652+0000][7][gc,phases   ] GC(398)   Merge Heap Roots: 0.1ms
[2024-01-23T00:27:05.652+0000][7][gc,phases   ] GC(398)   Evacuate Collection Set: 2.0ms
[2024-01-23T00:27:05.652+0000][7][gc,phases   ] GC(398)   Post Evacuate Collection Set: 0.8ms
[2024-01-23T00:27:05.652+0000][7][gc,phases   ] GC(398)   Other: 0.2ms
[2024-01-23T00:27:05.652+0000][7][gc,age      ] GC(398) Age table with threshold 15 (max threshold 15)
[2024-01-23T00:27:05.652+0000][7][gc,age      ] GC(398) - age   1:    1462336 bytes,    1462336 total
[2024-01-23T00:27:05.652+0000][7][gc,age      ] GC(398) - age   2:     151808 bytes,    1614144 total
[2024-01-23T00:27:05.652+0000][7][gc,age      ] GC(398) - age   3:       3424 bytes,    1617568 total
[2024-01-23T00:27:05.652+0000][7][gc,age      ] GC(398) - age   4:     144168 bytes,    1761736 total
[2024-01-23T00:27:05.652+0000][7][gc,age      ] GC(398) - age   5:         80 bytes,    1761816 total
[2024-01-23T00:27:05.652+0000][7][gc,age      ] GC(398) - age   6:     110704 bytes,    1872520 total
[2024-01-23T00:27:05.652+0000][7][gc,age      ] GC(398) - age   7:      10136 bytes,    1882656 total
[2024-01-23T00:27:05.652+0000][7][gc,age      ] GC(398) - age   8:         24 bytes,    1882680 total
[2024-01-23T00:27:05.652+0000][7][gc,age      ] GC(398) - age   9:     145592 bytes,    2028272 total
[2024-01-23T00:27:05.652+0000][7][gc,age      ] GC(398) - age  10:      60904 bytes,    2089176 total
[2024-01-23T00:27:05.652+0000][7][gc,age      ] GC(398) - age  11:        184 bytes,    2089360 total
[2024-01-23T00:27:05.653+0000][7][gc,age      ] GC(398) - age  13:        208 bytes,    2089568 total
[2024-01-23T00:27:05.653+0000][7][gc,age      ] GC(398) - age  14:        480 bytes,    2090048 total
[2024-01-23T00:27:05.653+0000][7][gc,heap     ] GC(398) Eden regions: 152->0(152)
[2024-01-23T00:27:05.653+0000][7][gc,heap     ] GC(398) Survivor regions: 1->1(20)
[2024-01-23T00:27:05.653+0000][7][gc,heap     ] GC(398) Old regions: 35->35
[2024-01-23T00:27:05.653+0000][7][gc,heap     ] GC(398) Archive regions: 2->2
[2024-01-23T00:27:05.653+0000][7][gc,heap     ] GC(398) Humongous regions: 0->0
[2024-01-23T00:27:05.653+0000][7][gc,metaspace] GC(398) Metaspace: 131039K(134720K)->131039K(134720K) NonClass: 113973K(115904K)->113973K(115904K) Class: 17066K(18816K)->17066K(18816K)
[2024-01-23T00:27:05.653+0000][7][gc          ] GC(398) Pause Young (Normal) (G1 Evacuation Pause) 751M->144M(1024M) 3.574ms
[2024-01-23T00:27:05.653+0000][7][gc,cpu      ] GC(398) User=0.01s Sys=0.00s Real=0.00s
[2024-01-23T00:27:05.653+0000][7][safepoint   ] Safepoint "G1CollectForAllocation", Time since last: 150063781013 ns, Reaching safepoint: 44328 ns, At safepoint: 3730256 ns, Total: 3774584 ns
[2024-01-23T00:29:59.662+0000][7][gc,start    ] GC(399) Pause Young (Normal) (G1 Evacuation Pause)
[2024-01-23T00:29:59.662+0000][7][gc,task     ] GC(399) Using 8 workers of 8 for evacuation
[2024-01-23T00:29:59.662+0000][7][gc,age      ] GC(399) Desired survivor size 41943040 bytes, new threshold 15 (max threshold 15)
[2024-01-23T00:29:59.664+0000][7][gc,phases   ] GC(399)   Pre Evacuate Collection Set: 0.1ms
[2024-01-23T00:29:59.664+0000][7][gc,phases   ] GC(399)   Merge Heap Roots: 0.0ms
[2024-01-23T00:29:59.664+0000][7][gc,phases   ] GC(399)   Evacuate Collection Set: 1.1ms
[2024-01-23T00:29:59.664+0000][7][gc,phases   ] GC(399)   Post Evacuate Collection Set: 0.5ms
[2024-01-23T00:29:59.664+0000][7][gc,phases   ] GC(399)   Other: 0.1ms
[2024-01-23T00:29:59.664+0000][7][gc,age      ] GC(399) Age table with threshold 15 (max threshold 15)
[2024-01-23T00:29:59.664+0000][7][gc,age      ] GC(399) - age   1:    1915208 bytes,    1915208 total
[2024-01-23T00:29:59.664+0000][7][gc,age      ] GC(399) - age   2:       2424 bytes,    1917632 total
[2024-01-23T00:29:59.664+0000][7][gc,age      ] GC(399) - age   3:     150296 bytes,    2067928 total
[2024-01-23T00:29:59.664+0000][7][gc,age      ] GC(399) - age   4:       2792 bytes,    2070720 total
[2024-01-23T00:29:59.664+0000][7][gc,age      ] GC(399) - age   5:     144168 bytes,    2214888 total
[2024-01-23T00:29:59.664+0000][7][gc,age      ] GC(399) - age   6:         80 bytes,    2214968 total
[2024-01-23T00:29:59.664+0000][7][gc,age      ] GC(399) - age   7:      94552 bytes,    2309520 total
[2024-01-23T00:29:59.664+0000][7][gc,age      ] GC(399) - age   8:      10136 bytes,    2319656 total
[2024-01-23T00:29:59.664+0000][7][gc,age      ] GC(399) - age   9:         24 bytes,    2319680 total
[2024-01-23T00:29:59.664+0000][7][gc,age      ] GC(399) - age  10:     145592 bytes,    2465272 total
[2024-01-23T00:29:59.664+0000][7][gc,age      ] GC(399) - age  11:      60904 bytes,    2526176 total
[2024-01-23T00:29:59.664+0000][7][gc,age      ] GC(399) - age  12:        184 bytes,    2526360 total
[2024-01-23T00:29:59.664+0000][7][gc,age      ] GC(399) - age  14:        208 bytes,    2526568 total
[2024-01-23T00:29:59.664+0000][7][gc,age      ] GC(399) - age  15:        480 bytes,    2527048 total
[2024-01-23T00:29:59.664+0000][7][gc,heap     ] GC(399) Eden regions: 152->0(152)
[2024-01-23T00:29:59.664+0000][7][gc,heap     ] GC(399) Survivor regions: 1->1(20)
[2024-01-23T00:29:59.664+0000][7][gc,heap     ] GC(399) Old regions: 35->35
[2024-01-23T00:29:59.664+0000][7][gc,heap     ] GC(399) Archive regions: 2->2
[2024-01-23T00:29:59.664+0000][7][gc,heap     ] GC(399) Humongous regions: 0->0
[2024-01-23T00:29:59.664+0000][7][gc,metaspace] GC(399) Metaspace: 131039K(134720K)->131039K(134720K) NonClass: 113973K(115904K)->113973K(115904K) Class: 17066K(18816K)->17066K(18816K)
[2024-01-23T00:29:59.664+0000][7][gc          ] GC(399) Pause Young (Normal) (G1 Evacuation Pause) 752M->144M(1024M) 1.992ms
[2024-01-23T00:29:59.664+0000][7][gc,cpu      ] GC(399) User=0.01s Sys=0.00s Real=0.00s
[2024-01-23T00:29:59.664+0000][7][safepoint   ] Safepoint "G1CollectForAllocation", Time since last: 174009621819 ns, Reaching safepoint: 37240 ns, At safepoint: 2058285 ns, Total: 2095525 ns
[2024-01-23T00:32:35.748+0000][7][gc,start    ] GC(400) Pause Young (Normal) (G1 Evacuation Pause)
[2024-01-23T00:32:35.748+0000][7][gc,task     ] GC(400) Using 8 workers of 8 for evacuation
[2024-01-23T00:32:35.748+0000][7][gc,age      ] GC(400) Desired survivor size 41943040 bytes, new threshold 15 (max threshold 15)
[2024-01-23T00:32:35.750+0000][7][gc,phases   ] GC(400)   Pre Evacuate Collection Set: 0.1ms
[2024-01-23T00:32:35.750+0000][7][gc,phases   ] GC(400)   Merge Heap Roots: 0.1ms
[2024-01-23T00:32:35.750+0000][7][gc,phases   ] GC(400)   Evacuate Collection Set: 1.4ms
[2024-01-23T00:32:35.750+0000][7][gc,phases   ] GC(400)   Post Evacuate Collection Set: 0.8ms
[2024-01-23T00:32:35.750+0000][7][gc,phases   ] GC(400)   Other: 0.1ms
[2024-01-23T00:32:35.750+0000][7][gc,age      ] GC(400) Age table with threshold 15 (max threshold 15)
[2024-01-23T00:32:35.750+0000][7][gc,age      ] GC(400) - age   1:    1753400 bytes,    1753400 total
[2024-01-23T00:32:35.750+0000][7][gc,age      ] GC(400) - age   2:       4024 bytes,    1757424 total
[2024-01-23T00:32:35.750+0000][7][gc,age      ] GC(400) - age   3:       1176 bytes,    1758600 total
[2024-01-23T00:32:35.750+0000][7][gc,age      ] GC(400) - age   4:     147576 bytes,    1906176 total
[2024-01-23T00:32:35.750+0000][7][gc,age      ] GC(400) - age   5:       2792 bytes,    1908968 total
[2024-01-23T00:32:35.750+0000][7][gc,age      ] GC(400) - age   6:     143776 bytes,    2052744 total
[2024-01-23T00:32:35.750+0000][7][gc,age      ] GC(400) - age   7:         80 bytes,    2052824 total
[2024-01-23T00:32:35.750+0000][7][gc,age      ] GC(400) - age   8:      94552 bytes,    2147376 total
[2024-01-23T00:32:35.750+0000][7][gc,age      ] GC(400) - age   9:      10136 bytes,    2157512 total
[2024-01-23T00:32:35.750+0000][7][gc,age      ] GC(400) - age  10:         24 bytes,    2157536 total
[2024-01-23T00:32:35.750+0000][7][gc,age      ] GC(400) - age  11:     145592 bytes,    2303128 total
[2024-01-23T00:32:35.750+0000][7][gc,age      ] GC(400) - age  12:      60904 bytes,    2364032 total
[2024-01-23T00:32:35.750+0000][7][gc,age      ] GC(400) - age  15:        208 bytes,    2364240 total
[2024-01-23T00:32:35.750+0000][7][gc,heap     ] GC(400) Eden regions: 152->0(152)
[2024-01-23T00:32:35.750+0000][7][gc,heap     ] GC(400) Survivor regions: 1->1(20)
[2024-01-23T00:32:35.750+0000][7][gc,heap     ] GC(400) Old regions: 35->35
[2024-01-23T00:32:35.750+0000][7][gc,heap     ] GC(400) Archive regions: 2->2
[2024-01-23T00:32:35.750+0000][7][gc,heap     ] GC(400) Humongous regions: 0->0
[2024-01-23T00:32:35.750+0000][7][gc,metaspace] GC(400) Metaspace: 131039K(134720K)->131039K(134720K) NonClass: 113973K(115904K)->113973K(115904K) Class: 17066K(18816K)->17066K(18816K)
[2024-01-23T00:32:35.750+0000][7][gc          ] GC(400) Pause Young (Normal) (G1 Evacuation Pause) 752M->144M(1024M) 2.756ms
[2024-01-23T00:32:35.750+0000][7][gc,cpu      ] GC(400) User=0.01s Sys=0.00s Real=0.00s
[2024-01-23T00:32:35.750+0000][7][safepoint   ] Safepoint "G1CollectForAllocation", Time since last: 156083047161 ns, Reaching safepoint: 45414 ns, At safepoint: 2844675 ns, Total: 2890089 ns
[2024-01-23T00:33:07.754+0000][7][safepoint   ] Safepoint "Cleanup", Time since last: 32003147248 ns, Reaching safepoint: 89230 ns, At safepoint: 21971 ns, Total: 111201 ns
[2024-01-23T00:35:26.532+0000][7][gc,start    ] GC(401) Pause Young (Normal) (G1 Evacuation Pause)
[2024-01-23T00:35:26.532+0000][7][gc,task     ] GC(401) Using 8 workers of 8 for evacuation
[2024-01-23T00:35:26.532+0000][7][gc,age      ] GC(401) Desired survivor size 41943040 bytes, new threshold 15 (max threshold 15)
[2024-01-23T00:35:26.535+0000][7][gc,phases   ] GC(401)   Pre Evacuate Collection Set: 0.2ms
[2024-01-23T00:35:26.535+0000][7][gc,phases   ] GC(401)   Merge Heap Roots: 0.1ms
[2024-01-23T00:35:26.535+0000][7][gc,phases   ] GC(401)   Evacuate Collection Set: 1.9ms
[2024-01-23T00:35:26.535+0000][7][gc,phases   ] GC(401)   Post Evacuate Collection Set: 0.7ms
[2024-01-23T00:35:26.535+0000][7][gc,phases   ] GC(401)   Other: 0.2ms
[2024-01-23T00:35:26.535+0000][7][gc,age      ] GC(401) Age table with threshold 15 (max threshold 15)
[2024-01-23T00:35:26.535+0000][7][gc,age      ] GC(401) - age   1:    1044088 bytes,    1044088 total
[2024-01-23T00:35:26.535+0000][7][gc,age      ] GC(401) - age   2:       5424 bytes,    1049512 total
[2024-01-23T00:35:26.535+0000][7][gc,age      ] GC(401) - age   3:        720 bytes,    1050232 total
[2024-01-23T00:35:26.535+0000][7][gc,age      ] GC(401) - age   4:       1048 bytes,    1051280 total
[2024-01-23T00:35:26.535+0000][7][gc,age      ] GC(401) - age   5:     146768 bytes,    1198048 total
[2024-01-23T00:35:26.535+0000][7][gc,age      ] GC(401) - age   6:       2792 bytes,    1200840 total
[2024-01-23T00:35:26.535+0000][7][gc,age      ] GC(401) - age   7:     143776 bytes,    1344616 total
[2024-01-23T00:35:26.535+0000][7][gc,age      ] GC(401) - age   8:         48 bytes,    1344664 total
[2024-01-23T00:35:26.535+0000][7][gc,age      ] GC(401) - age   9:      94552 bytes,    1439216 total
[2024-01-23T00:35:26.535+0000][7][gc,age      ] GC(401) - age  10:      10136 bytes,    1449352 total
[2024-01-23T00:35:26.535+0000][7][gc,age      ] GC(401) - age  11:         24 bytes,    1449376 total
[2024-01-23T00:35:26.535+0000][7][gc,age      ] GC(401) - age  12:     145592 bytes,    1594968 total
[2024-01-23T00:35:26.535+0000][7][gc,age      ] GC(401) - age  13:      60904 bytes,    1655872 total
[2024-01-23T00:35:26.535+0000][7][gc,heap     ] GC(401) Eden regions: 152->0(152)
[2024-01-23T00:35:26.535+0000][7][gc,heap     ] GC(401) Survivor regions: 1->1(20)
[2024-01-23T00:35:26.535+0000][7][gc,heap     ] GC(401) Old regions: 35->35
[2024-01-23T00:35:26.535+0000][7][gc,heap     ] GC(401) Archive regions: 2->2
[2024-01-23T00:35:26.535+0000][7][gc,heap     ] GC(401) Humongous regions: 0->0
[2024-01-23T00:35:26.535+0000][7][gc,metaspace] GC(401) Metaspace: 131039K(134720K)->131039K(134720K) NonClass: 113973K(115904K)->113973K(115904K) Class: 17066K(18816K)->17066K(18816K)
[2024-01-23T00:35:26.535+0000][7][gc          ] GC(401) Pause Young (Normal) (G1 Evacuation Pause) 752M->143M(1024M) 3.519ms
[2024-01-23T00:35:26.535+0000][7][gc,cpu      ] GC(401) User=0.01s Sys=0.00s Real=0.01s
[2024-01-23T00:35:26.535+0000][7][safepoint   ] Safepoint "G1CollectForAllocation", Time since last: 138778002420 ns, Reaching safepoint: 101002 ns, At safepoint: 3728047 ns, Total: 3829049 ns
[2024-01-23T00:38:35.747+0000][7][gc,start    ] GC(402) Pause Young (Normal) (G1 Evacuation Pause)
[2024-01-23T00:38:35.748+0000][7][gc,task     ] GC(402) Using 8 workers of 8 for evacuation
[2024-01-23T00:38:35.748+0000][7][gc,age      ] GC(402) Desired survivor size 41943040 bytes, new threshold 15 (max threshold 15)
[2024-01-23T00:38:35.751+0000][7][gc,phases   ] GC(402)   Pre Evacuate Collection Set: 0.1ms
[2024-01-23T00:38:35.751+0000][7][gc,phases   ] GC(402)   Merge Heap Roots: 0.1ms
[2024-01-23T00:38:35.751+0000][7][gc,phases   ] GC(402)   Evacuate Collection Set: 2.1ms
[2024-01-23T00:38:35.751+0000][7][gc,phases   ] GC(402)   Post Evacuate Collection Set: 1.1ms
[2024-01-23T00:38:35.751+0000][7][gc,phases   ] GC(402)   Other: 0.1ms
[2024-01-23T00:38:35.751+0000][7][gc,age      ] GC(402) Age table with threshold 15 (max threshold 15)
[2024-01-23T00:38:35.751+0000][7][gc,age      ] GC(402) - age   1:    1114656 bytes,    1114656 total
[2024-01-23T00:38:35.751+0000][7][gc,age      ] GC(402) - age   2:       3144 bytes,    1117800 total
[2024-01-23T00:38:35.751+0000][7][gc,age      ] GC(402) - age   3:       3440 bytes,    1121240 total
[2024-01-23T00:38:35.751+0000][7][gc,age      ] GC(402) - age   4:         64 bytes,    1121304 total
[2024-01-23T00:38:35.751+0000][7][gc,age      ] GC(402) - age   6:     146584 bytes,    1267888 total
[2024-01-23T00:38:35.751+0000][7][gc,age      ] GC(402) - age   7:       2792 bytes,    1270680 total
[2024-01-23T00:38:35.751+0000][7][gc,age      ] GC(402) - age   8:     143752 bytes,    1414432 total
[2024-01-23T00:38:35.751+0000][7][gc,age      ] GC(402) - age   9:         48 bytes,    1414480 total
[2024-01-23T00:38:35.751+0000][7][gc,age      ] GC(402) - age  10:      94552 bytes,    1509032 total
[2024-01-23T00:38:35.751+0000][7][gc,age      ] GC(402) - age  11:      10136 bytes,    1519168 total
[2024-01-23T00:38:35.751+0000][7][gc,age      ] GC(402) - age  12:         24 bytes,    1519192 total
[2024-01-23T00:38:35.751+0000][7][gc,age      ] GC(402) - age  13:     145592 bytes,    1664784 total
[2024-01-23T00:38:35.751+0000][7][gc,age      ] GC(402) - age  14:      60904 bytes,    1725688 total
[2024-01-23T00:38:35.751+0000][7][gc,heap     ] GC(402) Eden regions: 152->0(152)
[2024-01-23T00:38:35.751+0000][7][gc,heap     ] GC(402) Survivor regions: 1->1(20)
[2024-01-23T00:38:35.751+0000][7][gc,heap     ] GC(402) Old regions: 35->35
[2024-01-23T00:38:35.751+0000][7][gc,heap     ] GC(402) Archive regions: 2->2
[2024-01-23T00:38:35.751+0000][7][gc,heap     ] GC(402) Humongous regions: 0->0
[2024-01-23T00:38:35.751+0000][7][gc,metaspace] GC(402) Metaspace: 131039K(134720K)->131039K(134720K) NonClass: 113973K(115904K)->113973K(115904K) Class: 17066K(18816K)->17066K(18816K)
[2024-01-23T00:38:35.751+0000][7][gc          ] GC(402) Pause Young (Normal) (G1 Evacuation Pause) 751M->143M(1024M) 3.899ms
[2024-01-23T00:38:35.751+0000][7][gc,cpu      ] GC(402) User=0.02s Sys=0.00s Real=0.00s
[2024-01-23T00:38:35.751+0000][7][safepoint   ] Safepoint "G1CollectForAllocation", Time since last: 189211851489 ns, Reaching safepoint: 80570 ns, At safepoint: 4054198 ns, Total: 4134768 ns
[2024-01-23T00:41:26.651+0000][7][gc,start    ] GC(403) Pause Young (Normal) (G1 Evacuation Pause)
[2024-01-23T00:41:26.652+0000][7][gc,task     ] GC(403) Using 8 workers of 8 for evacuation
[2024-01-23T00:41:26.652+0000][7][gc,age      ] GC(403) Desired survivor size 41943040 bytes, new threshold 15 (max threshold 15)
[2024-01-23T00:41:26.654+0000][7][gc,phases   ] GC(403)   Pre Evacuate Collection Set: 0.1ms
[2024-01-23T00:41:26.654+0000][7][gc,phases   ] GC(403)   Merge Heap Roots: 0.1ms
[2024-01-23T00:41:26.654+0000][7][gc,phases   ] GC(403)   Evacuate Collection Set: 1.6ms
[2024-01-23T00:41:26.654+0000][7][gc,phases   ] GC(403)   Post Evacuate Collection Set: 0.9ms
[2024-01-23T00:41:26.654+0000][7][gc,phases   ] GC(403)   Other: 0.1ms
[2024-01-23T00:41:26.654+0000][7][gc,age      ] GC(403) Age table with threshold 15 (max threshold 15)
[2024-01-23T00:41:26.654+0000][7][gc,age      ] GC(403) - age   1:     750152 bytes,     750152 total
[2024-01-23T00:41:26.654+0000][7][gc,age      ] GC(403) - age   2:       3920 bytes,     754072 total
[2024-01-23T00:41:26.655+0000][7][gc,age      ] GC(403) - age   3:       1768 bytes,     755840 total
[2024-01-23T00:41:26.655+0000][7][gc,age      ] GC(403) - age   4:       3128 bytes,     758968 total
[2024-01-23T00:41:26.655+0000][7][gc,age      ] GC(403) - age   7:     146584 bytes,     905552 total
[2024-01-23T00:41:26.655+0000][7][gc,age      ] GC(403) - age   8:       2792 bytes,     908344 total
[2024-01-23T00:41:26.655+0000][7][gc,age      ] GC(403) - age   9:     143752 bytes,    1052096 total
[2024-01-23T00:41:26.655+0000][7][gc,age      ] GC(403) - age  10:         48 bytes,    1052144 total
[2024-01-23T00:41:26.655+0000][7][gc,age      ] GC(403) - age  11:      94552 bytes,    1146696 total
[2024-01-23T00:41:26.655+0000][7][gc,age      ] GC(403) - age  12:      10136 bytes,    1156832 total
[2024-01-23T00:41:26.655+0000][7][gc,age      ] GC(403) - age  13:         24 bytes,    1156856 total
[2024-01-23T00:41:26.655+0000][7][gc,age      ] GC(403) - age  14:     145592 bytes,    1302448 total
[2024-01-23T00:41:26.655+0000][7][gc,age      ] GC(403) - age  15:      60904 bytes,    1363352 total
[2024-01-23T00:41:26.655+0000][7][gc,heap     ] GC(403) Eden regions: 152->0(152)
[2024-01-23T00:41:26.655+0000][7][gc,heap     ] GC(403) Survivor regions: 1->1(20)
[2024-01-23T00:41:26.655+0000][7][gc,heap     ] GC(403) Old regions: 35->35
[2024-01-23T00:41:26.655+0000][7][gc,heap     ] GC(403) Archive regions: 2->2
[2024-01-23T00:41:26.655+0000][7][gc,heap     ] GC(403) Humongous regions: 0->0
[2024-01-23T00:41:26.655+0000][7][gc,metaspace] GC(403) Metaspace: 131039K(134720K)->131039K(134720K) NonClass: 113973K(115904K)->113973K(115904K) Class: 17066K(18816K)->17066K(18816K)
[2024-01-23T00:41:26.655+0000][7][gc          ] GC(403) Pause Young (Normal) (G1 Evacuation Pause) 751M->143M(1024M) 3.276ms
[2024-01-23T00:41:26.655+0000][7][gc,cpu      ] GC(403) User=0.01s Sys=0.00s Real=0.01s
[2024-01-23T00:41:26.655+0000][7][safepoint   ] Safepoint "G1CollectForAllocation", Time since last: 170899853614 ns, Reaching safepoint: 74701 ns, At safepoint: 3399450 ns, Total: 3474151 ns
[2024-01-23T00:44:02.574+0000][7][gc,start    ] GC(404) Pause Young (Normal) (G1 Evacuation Pause)
[2024-01-23T00:44:02.574+0000][7][gc,task     ] GC(404) Using 8 workers of 8 for evacuation
[2024-01-23T00:44:02.574+0000][7][gc,age      ] GC(404) Desired survivor size 41943040 bytes, new threshold 15 (max threshold 15)
[2024-01-23T00:44:02.576+0000][7][gc,phases   ] GC(404)   Pre Evacuate Collection Set: 0.1ms
[2024-01-23T00:44:02.577+0000][7][gc,phases   ] GC(404)   Merge Heap Roots: 0.1ms
[2024-01-23T00:44:02.577+0000][7][gc,phases   ] GC(404)   Evacuate Collection Set: 1.1ms
[2024-01-23T00:44:02.577+0000][7][gc,phases   ] GC(404)   Post Evacuate Collection Set: 1.2ms
[2024-01-23T00:44:02.577+0000][7][gc,phases   ] GC(404)   Other: 0.1ms
[2024-01-23T00:44:02.577+0000][7][gc,age      ] GC(404) Age table with threshold 15 (max threshold 15)
[2024-01-23T00:44:02.577+0000][7][gc,age      ] GC(404) - age   1:     389936 bytes,     389936 total
[2024-01-23T00:44:02.577+0000][7][gc,age      ] GC(404) - age   2:       1944 bytes,     391880 total
[2024-01-23T00:44:02.577+0000][7][gc,age      ] GC(404) - age   3:       1936 bytes,     393816 total
[2024-01-23T00:44:02.577+0000][7][gc,age      ] GC(404) - age   4:        728 bytes,     394544 total
[2024-01-23T00:44:02.577+0000][7][gc,age      ] GC(404) - age   5:        760 bytes,     395304 total
[2024-01-23T00:44:02.577+0000][7][gc,age      ] GC(404) - age   8:     146200 bytes,     541504 total
[2024-01-23T00:44:02.577+0000][7][gc,age      ] GC(404) - age   9:       2792 bytes,     544296 total
[2024-01-23T00:44:02.577+0000][7][gc,age      ] GC(404) - age  10:     143752 bytes,     688048 total
[2024-01-23T00:44:02.577+0000][7][gc,age      ] GC(404) - age  11:         48 bytes,     688096 total
[2024-01-23T00:44:02.577+0000][7][gc,age      ] GC(404) - age  12:      94552 bytes,     782648 total
[2024-01-23T00:44:02.577+0000][7][gc,age      ] GC(404) - age  13:      10136 bytes,     792784 total
[2024-01-23T00:44:02.577+0000][7][gc,age      ] GC(404) - age  14:         24 bytes,     792808 total
[2024-01-23T00:44:02.577+0000][7][gc,age      ] GC(404) - age  15:     145592 bytes,     938400 total
[2024-01-23T00:44:02.577+0000][7][gc,heap     ] GC(404) Eden regions: 152->0(152)
[2024-01-23T00:44:02.577+0000][7][gc,heap     ] GC(404) Survivor regions: 1->1(20)
[2024-01-23T00:44:02.577+0000][7][gc,heap     ] GC(404) Old regions: 35->35
[2024-01-23T00:44:02.577+0000][7][gc,heap     ] GC(404) Archive regions: 2->2
[2024-01-23T00:44:02.577+0000][7][gc,heap     ] GC(404) Humongous regions: 0->0
[2024-01-23T00:44:02.577+0000][7][gc,metaspace] GC(404) Metaspace: 131044K(134720K)->131044K(134720K) NonClass: 113978K(115904K)->113978K(115904K) Class: 17066K(18816K)->17066K(18816K)
[2024-01-23T00:44:02.577+0000][7][gc          ] GC(404) Pause Young (Normal) (G1 Evacuation Pause) 751M->143M(1024M) 3.118ms
[2024-01-23T00:44:02.577+0000][7][gc,cpu      ] GC(404) User=0.01s Sys=0.00s Real=0.00s
[2024-01-23T00:44:02.577+0000][7][safepoint   ] Safepoint "G1CollectForAllocation", Time since last: 155918748826 ns, Reaching safepoint: 88178 ns, At safepoint: 3301912 ns, Total: 3390090 ns
[2024-01-23T00:46:32.572+0000][7][gc,start    ] GC(405) Pause Young (Normal) (G1 Evacuation Pause)
[2024-01-23T00:46:32.572+0000][7][gc,task     ] GC(405) Using 8 workers of 8 for evacuation
[2024-01-23T00:46:32.572+0000][7][gc,age      ] GC(405) Desired survivor size 41943040 bytes, new threshold 15 (max threshold 15)
[2024-01-23T00:46:32.574+0000][7][gc,phases   ] GC(405)   Pre Evacuate Collection Set: 0.1ms
[2024-01-23T00:46:32.574+0000][7][gc,phases   ] GC(405)   Merge Heap Roots: 0.1ms
[2024-01-23T00:46:32.574+0000][7][gc,phases   ] GC(405)   Evacuate Collection Set: 1.2ms
[2024-01-23T00:46:32.574+0000][7][gc,phases   ] GC(405)   Post Evacuate Collection Set: 0.8ms
[2024-01-23T00:46:32.574+0000][7][gc,phases   ] GC(405)   Other: 0.1ms
[2024-01-23T00:46:32.574+0000][7][gc,age      ] GC(405) Age table with threshold 15 (max threshold 15)
[2024-01-23T00:46:32.574+0000][7][gc,age      ] GC(405) - age   1:     401872 bytes,     401872 total
[2024-01-23T00:46:32.574+0000][7][gc,age      ] GC(405) - age   2:      15032 bytes,     416904 total
[2024-01-23T00:46:32.574+0000][7][gc,age      ] GC(405) - age   3:       1272 bytes,     418176 total
[2024-01-23T00:46:32.574+0000][7][gc,age      ] GC(405) - age   4:        528 bytes,     418704 total
[2024-01-23T00:46:32.574+0000][7][gc,age      ] GC(405) - age   5:        416 bytes,     419120 total
[2024-01-23T00:46:32.574+0000][7][gc,age      ] GC(405) - age   6:        576 bytes,     419696 total
[2024-01-23T00:46:32.574+0000][7][gc,age      ] GC(405) - age   9:     146200 bytes,     565896 total
[2024-01-23T00:46:32.574+0000][7][gc,age      ] GC(405) - age  10:       2792 bytes,     568688 total
[2024-01-23T00:46:32.574+0000][7][gc,age      ] GC(405) - age  11:     143752 bytes,     712440 total
[2024-01-23T00:46:32.574+0000][7][gc,age      ] GC(405) - age  12:         48 bytes,     712488 total
[2024-01-23T00:46:32.574+0000][7][gc,age      ] GC(405) - age  13:      94552 bytes,     807040 total
[2024-01-23T00:46:32.574+0000][7][gc,age      ] GC(405) - age  14:      10136 bytes,     817176 total
[2024-01-23T00:46:32.574+0000][7][gc,age      ] GC(405) - age  15:         24 bytes,     817200 total
[2024-01-23T00:46:32.574+0000][7][gc,heap     ] GC(405) Eden regions: 152->0(152)
[2024-01-23T00:46:32.574+0000][7][gc,heap     ] GC(405) Survivor regions: 1->1(20)
[2024-01-23T00:46:32.574+0000][7][gc,heap     ] GC(405) Old regions: 35->35
[2024-01-23T00:46:32.574+0000][7][gc,heap     ] GC(405) Archive regions: 2->2
[2024-01-23T00:46:32.574+0000][7][gc,heap     ] GC(405) Humongous regions: 0->0
[2024-01-23T00:46:32.574+0000][7][gc,metaspace] GC(405) Metaspace: 131044K(134720K)->131044K(134720K) NonClass: 113978K(115904K)->113978K(115904K) Class: 17066K(18816K)->17066K(18816K)
[2024-01-23T00:46:32.575+0000][7][gc          ] GC(405) Pause Young (Normal) (G1 Evacuation Pause) 751M->143M(1024M) 2.786ms
[2024-01-23T00:46:32.575+0000][7][gc,cpu      ] GC(405) User=0.01s Sys=0.00s Real=0.01s
[2024-01-23T00:46:32.575+0000][7][safepoint   ] Safepoint "G1CollectForAllocation", Time since last: 149994683092 ns, Reaching safepoint: 36633 ns, At safepoint: 2907161 ns, Total: 2943794 ns
[2024-01-23T00:49:08.944+0000][7][gc,start    ] GC(406) Pause Young (Normal) (G1 Evacuation Pause)
[2024-01-23T00:49:08.944+0000][7][gc,task     ] GC(406) Using 8 workers of 8 for evacuation
[2024-01-23T00:49:08.944+0000][7][gc,age      ] GC(406) Desired survivor size 41943040 bytes, new threshold 15 (max threshold 15)
[2024-01-23T00:49:08.947+0000][7][gc,phases   ] GC(406)   Pre Evacuate Collection Set: 0.1ms
[2024-01-23T00:49:08.947+0000][7][gc,phases   ] GC(406)   Merge Heap Roots: 0.1ms
[2024-01-23T00:49:08.947+0000][7][gc,phases   ] GC(406)   Evacuate Collection Set: 1.6ms
[2024-01-23T00:49:08.947+0000][7][gc,phases   ] GC(406)   Post Evacuate Collection Set: 0.8ms
[2024-01-23T00:49:08.947+0000][7][gc,phases   ] GC(406)   Other: 0.1ms
[2024-01-23T00:49:08.947+0000][7][gc,age      ] GC(406) Age table with threshold 15 (max threshold 15)
[2024-01-23T00:49:08.947+0000][7][gc,age      ] GC(406) - age   1:    1721168 bytes,    1721168 total
[2024-01-23T00:49:08.947+0000][7][gc,age      ] GC(406) - age   2:       2552 bytes,    1723720 total
[2024-01-23T00:49:08.947+0000][7][gc,age      ] GC(406) - age   3:       4296 bytes,    1728016 total
[2024-01-23T00:49:08.947+0000][7][gc,age      ] GC(406) - age   4:       1016 bytes,    1729032 total
[2024-01-23T00:49:08.947+0000][7][gc,age      ] GC(406) - age   5:         64 bytes,    1729096 total
[2024-01-23T00:49:08.947+0000][7][gc,age      ] GC(406) - age   6:         96 bytes,    1729192 total
[2024-01-23T00:49:08.947+0000][7][gc,age      ] GC(406) - age   7:        120 bytes,    1729312 total
[2024-01-23T00:49:08.947+0000][7][gc,age      ] GC(406) - age  10:     146200 bytes,    1875512 total
[2024-01-23T00:49:08.947+0000][7][gc,age      ] GC(406) - age  11:       2792 bytes,    1878304 total
[2024-01-23T00:49:08.947+0000][7][gc,age      ] GC(406) - age  12:     143752 bytes,    2022056 total
[2024-01-23T00:49:08.947+0000][7][gc,age      ] GC(406) - age  13:         48 bytes,    2022104 total
[2024-01-23T00:49:08.947+0000][7][gc,age      ] GC(406) - age  14:      94552 bytes,    2116656 total
[2024-01-23T00:49:08.947+0000][7][gc,age      ] GC(406) - age  15:      10136 bytes,    2126792 total
[2024-01-23T00:49:08.947+0000][7][gc,heap     ] GC(406) Eden regions: 152->0(152)
[2024-01-23T00:49:08.947+0000][7][gc,heap     ] GC(406) Survivor regions: 1->1(20)
[2024-01-23T00:49:08.947+0000][7][gc,heap     ] GC(406) Old regions: 35->35
[2024-01-23T00:49:08.947+0000][7][gc,heap     ] GC(406) Archive regions: 2->2
[2024-01-23T00:49:08.947+0000][7][gc,heap     ] GC(406) Humongous regions: 0->0
[2024-01-23T00:49:08.947+0000][7][gc,metaspace] GC(406) Metaspace: 131044K(134720K)->131044K(134720K) NonClass: 113978K(115904K)->113978K(115904K) Class: 17066K(18816K)->17066K(18816K)
[2024-01-23T00:49:08.947+0000][7][gc          ] GC(406) Pause Young (Normal) (G1 Evacuation Pause) 751M->144M(1024M) 3.012ms
[2024-01-23T00:49:08.947+0000][7][gc,cpu      ] GC(406) User=0.01s Sys=0.00s Real=0.01s
[2024-01-23T00:49:08.947+0000][7][safepoint   ] Safepoint "G1CollectForAllocation", Time since last: 156369656047 ns, Reaching safepoint: 33474 ns, At safepoint: 3107470 ns, Total: 3140944 ns
[2024-01-23T00:52:11.604+0000][7][gc,start    ] GC(407) Pause Young (Normal) (G1 Evacuation Pause)
[2024-01-23T00:52:11.604+0000][7][gc,task     ] GC(407) Using 8 workers of 8 for evacuation
[2024-01-23T00:52:11.604+0000][7][gc,age      ] GC(407) Desired survivor size 41943040 bytes, new threshold 15 (max threshold 15)
[2024-01-23T00:52:11.606+0000][7][gc,phases   ] GC(407)   Pre Evacuate Collection Set: 0.1ms
[2024-01-23T00:52:11.606+0000][7][gc,phases   ] GC(407)   Merge Heap Roots: 0.1ms
[2024-01-23T00:52:11.606+0000][7][gc,phases   ] GC(407)   Evacuate Collection Set: 0.8ms
[2024-01-23T00:52:11.606+0000][7][gc,phases   ] GC(407)   Post Evacuate Collection Set: 0.7ms
[2024-01-23T00:52:11.606+0000][7][gc,phases   ] GC(407)   Other: 0.1ms
[2024-01-23T00:52:11.606+0000][7][gc,age      ] GC(407) Age table with threshold 15 (max threshold 15)
[2024-01-23T00:52:11.606+0000][7][gc,age      ] GC(407) - age   1:     282200 bytes,     282200 total
[2024-01-23T00:52:11.606+0000][7][gc,age      ] GC(407) - age   2:       3768 bytes,     285968 total
[2024-01-23T00:52:11.606+0000][7][gc,age      ] GC(407) - age   3:       1248 bytes,     287216 total
[2024-01-23T00:52:11.606+0000][7][gc,age      ] GC(407) - age   4:       4040 bytes,     291256 total
[2024-01-23T00:52:11.606+0000][7][gc,age      ] GC(407) - age   5:        184 bytes,     291440 total
[2024-01-23T00:52:11.606+0000][7][gc,age      ] GC(407) - age   7:         32 bytes,     291472 total
[2024-01-23T00:52:11.606+0000][7][gc,age      ] GC(407) - age   8:        120 bytes,     291592 total
[2024-01-23T00:52:11.606+0000][7][gc,age      ] GC(407) - age  11:     146200 bytes,     437792 total
[2024-01-23T00:52:11.606+0000][7][gc,age      ] GC(407) - age  12:       2792 bytes,     440584 total
[2024-01-23T00:52:11.606+0000][7][gc,age      ] GC(407) - age  13:     143752 bytes,     584336 total
[2024-01-23T00:52:11.606+0000][7][gc,age      ] GC(407) - age  14:         48 bytes,     584384 total
[2024-01-23T00:52:11.606+0000][7][gc,age      ] GC(407) - age  15:      94552 bytes,     678936 total
[2024-01-23T00:52:11.606+0000][7][gc,heap     ] GC(407) Eden regions: 152->0(152)
[2024-01-23T00:52:11.606+0000][7][gc,heap     ] GC(407) Survivor regions: 1->1(20)
[2024-01-23T00:52:11.606+0000][7][gc,heap     ] GC(407) Old regions: 35->35
[2024-01-23T00:52:11.606+0000][7][gc,heap     ] GC(407) Archive regions: 2->2
[2024-01-23T00:52:11.606+0000][7][gc,heap     ] GC(407) Humongous regions: 0->0
[2024-01-23T00:52:11.606+0000][7][gc,metaspace] GC(407) Metaspace: 131044K(134720K)->131044K(134720K) NonClass: 113978K(115904K)->113978K(115904K) Class: 17066K(18816K)->17066K(18816K)
[2024-01-23T00:52:11.606+0000][7][gc          ] GC(407) Pause Young (Normal) (G1 Evacuation Pause) 752M->143M(1024M) 2.123ms
[2024-01-23T00:52:11.606+0000][7][gc,cpu      ] GC(407) User=0.01s Sys=0.00s Real=0.01s
[2024-01-23T00:52:11.606+0000][7][safepoint   ] Safepoint "G1CollectForAllocation", Time since last: 182656330891 ns, Reaching safepoint: 42096 ns, At safepoint: 2212863 ns, Total: 2254959 ns
[2024-01-23T00:55:23.636+0000][7][gc,start    ] GC(408) Pause Young (Normal) (G1 Evacuation Pause)
[2024-01-23T00:55:23.636+0000][7][gc,task     ] GC(408) Using 8 workers of 8 for evacuation
[2024-01-23T00:55:23.636+0000][7][gc,age      ] GC(408) Desired survivor size 41943040 bytes, new threshold 15 (max threshold 15)
[2024-01-23T00:55:23.639+0000][7][gc,phases   ] GC(408)   Pre Evacuate Collection Set: 0.1ms
[2024-01-23T00:55:23.639+0000][7][gc,phases   ] GC(408)   Merge Heap Roots: 0.1ms
[2024-01-23T00:55:23.639+0000][7][gc,phases   ] GC(408)   Evacuate Collection Set: 1.1ms
[2024-01-23T00:55:23.639+0000][7][gc,phases   ] GC(408)   Post Evacuate Collection Set: 0.7ms
[2024-01-23T00:55:23.639+0000][7][gc,phases   ] GC(408)   Other: 0.1ms
[2024-01-23T00:55:23.639+0000][7][gc,age      ] GC(408) Age table with threshold 15 (max threshold 15)
[2024-01-23T00:55:23.639+0000][7][gc,age      ] GC(408) - age   1:     642160 bytes,     642160 total
[2024-01-23T00:55:23.639+0000][7][gc,age      ] GC(408) - age   2:       9176 bytes,     651336 total
[2024-01-23T00:55:23.639+0000][7][gc,age      ] GC(408) - age   3:        824 bytes,     652160 total
[2024-01-23T00:55:23.639+0000][7][gc,age      ] GC(408) - age   4:        952 bytes,     653112 total
[2024-01-23T00:55:23.639+0000][7][gc,age      ] GC(408) - age   5:        416 bytes,     653528 total
[2024-01-23T00:55:23.639+0000][7][gc,age      ] GC(408) - age   6:        184 bytes,     653712 total
[2024-01-23T00:55:23.639+0000][7][gc,age      ] GC(408) - age   9:        120 bytes,     653832 total
[2024-01-23T00:55:23.639+0000][7][gc,age      ] GC(408) - age  12:     146200 bytes,     800032 total
[2024-01-23T00:55:23.639+0000][7][gc,age      ] GC(408) - age  13:       2792 bytes,     802824 total
[2024-01-23T00:55:23.639+0000][7][gc,age      ] GC(408) - age  14:     143752 bytes,     946576 total
[2024-01-23T00:55:23.639+0000][7][gc,age      ] GC(408) - age  15:         48 bytes,     946624 total
[2024-01-23T00:55:23.639+0000][7][gc,heap     ] GC(408) Eden regions: 152->0(152)
[2024-01-23T00:55:23.639+0000][7][gc,heap     ] GC(408) Survivor regions: 1->1(20)
[2024-01-23T00:55:23.639+0000][7][gc,heap     ] GC(408) Old regions: 35->35
[2024-01-23T00:55:23.639+0000][7][gc,heap     ] GC(408) Archive regions: 2->2
[2024-01-23T00:55:23.639+0000][7][gc,heap     ] GC(408) Humongous regions: 0->0
[2024-01-23T00:55:23.639+0000][7][gc,metaspace] GC(408) Metaspace: 131045K(134720K)->131045K(134720K) NonClass: 113978K(115904K)->113978K(115904K) Class: 17066K(18816K)->17066K(18816K)
[2024-01-23T00:55:23.639+0000][7][gc          ] GC(408) Pause Young (Normal) (G1 Evacuation Pause) 751M->143M(1024M) 2.381ms
[2024-01-23T00:55:23.639+0000][7][gc,cpu      ] GC(408) User=0.01s Sys=0.00s Real=0.00s
[2024-01-23T00:55:23.639+0000][7][safepoint   ] Safepoint "G1CollectForAllocation", Time since last: 192030300780 ns, Reaching safepoint: 51083 ns, At safepoint: 2473957 ns, Total: 2525040 ns
[2024-01-23T00:58:35.720+0000][7][gc,start    ] GC(409) Pause Young (Normal) (G1 Evacuation Pause)
[2024-01-23T00:58:35.720+0000][7][gc,task     ] GC(409) Using 8 workers of 8 for evacuation
[2024-01-23T00:58:35.720+0000][7][gc,age      ] GC(409) Desired survivor size 41943040 bytes, new threshold 15 (max threshold 15)
[2024-01-23T00:58:35.722+0000][7][gc,phases   ] GC(409)   Pre Evacuate Collection Set: 0.1ms
[2024-01-23T00:58:35.722+0000][7][gc,phases   ] GC(409)   Merge Heap Roots: 0.0ms
[2024-01-23T00:58:35.722+0000][7][gc,phases   ] GC(409)   Evacuate Collection Set: 1.2ms
[2024-01-23T00:58:35.722+0000][7][gc,phases   ] GC(409)   Post Evacuate Collection Set: 0.7ms
[2024-01-23T00:58:35.722+0000][7][gc,phases   ] GC(409)   Other: 0.1ms
[2024-01-23T00:58:35.722+0000][7][gc,age      ] GC(409) Age table with threshold 15 (max threshold 15)
[2024-01-23T00:58:35.722+0000][7][gc,age      ] GC(409) - age   1:    1772768 bytes,    1772768 total
[2024-01-23T00:58:35.722+0000][7][gc,age      ] GC(409) - age   2:       4728 bytes,    1777496 total
[2024-01-23T00:58:35.722+0000][7][gc,age      ] GC(409) - age   3:       8272 bytes,    1785768 total
[2024-01-23T00:58:35.722+0000][7][gc,age      ] GC(409) - age   4:        696 bytes,    1786464 total
[2024-01-23T00:58:35.722+0000][7][gc,age      ] GC(409) - age   6:        416 bytes,    1786880 total
[2024-01-23T00:58:35.722+0000][7][gc,age      ] GC(409) - age   7:        184 bytes,    1787064 total
[2024-01-23T00:58:35.722+0000][7][gc,age      ] GC(409) - age  10:        120 bytes,    1787184 total
[2024-01-23T00:58:35.722+0000][7][gc,age      ] GC(409) - age  13:     146200 bytes,    1933384 total
[2024-01-23T00:58:35.722+0000][7][gc,age      ] GC(409) - age  14:       2792 bytes,    1936176 total
[2024-01-23T00:58:35.722+0000][7][gc,age      ] GC(409) - age  15:     143752 bytes,    2079928 total
[2024-01-23T00:58:35.722+0000][7][gc,heap     ] GC(409) Eden regions: 152->0(152)
[2024-01-23T00:58:35.722+0000][7][gc,heap     ] GC(409) Survivor regions: 1->1(20)
[2024-01-23T00:58:35.722+0000][7][gc,heap     ] GC(409) Old regions: 35->35
[2024-01-23T00:58:35.722+0000][7][gc,heap     ] GC(409) Archive regions: 2->2
[2024-01-23T00:58:35.722+0000][7][gc,heap     ] GC(409) Humongous regions: 0->0
[2024-01-23T00:58:35.722+0000][7][gc,metaspace] GC(409) Metaspace: 131045K(134720K)->131045K(134720K) NonClass: 113978K(115904K)->113978K(115904K) Class: 17066K(18816K)->17066K(18816K)
[2024-01-23T00:58:35.722+0000][7][gc          ] GC(409) Pause Young (Normal) (G1 Evacuation Pause) 751M->144M(1024M) 2.372ms
[2024-01-23T00:58:35.722+0000][7][gc,cpu      ] GC(409) User=0.01s Sys=0.00s Real=0.00s
[2024-01-23T00:58:35.722+0000][7][safepoint   ] Safepoint "G1CollectForAllocation", Time since last: 192080821757 ns, Reaching safepoint: 37268 ns, At safepoint: 2471413 ns, Total: 2508681 ns
[2024-01-23T01:01:44.691+0000][7][gc,start    ] GC(410) Pause Young (Normal) (G1 Evacuation Pause)
[2024-01-23T01:01:44.691+0000][7][gc,task     ] GC(410) Using 8 workers of 8 for evacuation
[2024-01-23T01:01:44.691+0000][7][gc,age      ] GC(410) Desired survivor size 41943040 bytes, new threshold 15 (max threshold 15)
[2024-01-23T01:01:44.693+0000][7][gc,phases   ] GC(410)   Pre Evacuate Collection Set: 0.2ms
[2024-01-23T01:01:44.693+0000][7][gc,phases   ] GC(410)   Merge Heap Roots: 0.1ms
[2024-01-23T01:01:44.693+0000][7][gc,phases   ] GC(410)   Evacuate Collection Set: 1.1ms
[2024-01-23T01:01:44.693+0000][7][gc,phases   ] GC(410)   Post Evacuate Collection Set: 0.8ms
[2024-01-23T01:01:44.693+0000][7][gc,phases   ] GC(410)   Other: 0.1ms
[2024-01-23T01:01:44.693+0000][7][gc,age      ] GC(410) Age table with threshold 15 (max threshold 15)
[2024-01-23T01:01:44.693+0000][7][gc,age      ] GC(410) - age   1:     556488 bytes,     556488 total
[2024-01-23T01:01:44.693+0000][7][gc,age      ] GC(410) - age   2:       3632 bytes,     560120 total
[2024-01-23T01:01:44.693+0000][7][gc,age      ] GC(410) - age   3:       3288 bytes,     563408 total
[2024-01-23T01:01:44.694+0000][7][gc,age      ] GC(410) - age   4:       8016 bytes,     571424 total
[2024-01-23T01:01:44.694+0000][7][gc,age      ] GC(410) - age   5:        632 bytes,     572056 total
[2024-01-23T01:01:44.694+0000][7][gc,age      ] GC(410) - age   7:        416 bytes,     572472 total
[2024-01-23T01:01:44.694+0000][7][gc,age      ] GC(410) - age   8:        184 bytes,     572656 total
[2024-01-23T01:01:44.694+0000][7][gc,age      ] GC(410) - age  11:        120 bytes,     572776 total
[2024-01-23T01:01:44.694+0000][7][gc,age      ] GC(410) - age  14:     146200 bytes,     718976 total
[2024-01-23T01:01:44.694+0000][7][gc,age      ] GC(410) - age  15:       2792 bytes,     721768 total
[2024-01-23T01:01:44.694+0000][7][gc,heap     ] GC(410) Eden regions: 152->0(152)
[2024-01-23T01:01:44.694+0000][7][gc,heap     ] GC(410) Survivor regions: 1->1(20)
[2024-01-23T01:01:44.694+0000][7][gc,heap     ] GC(410) Old regions: 35->35
[2024-01-23T01:01:44.694+0000][7][gc,heap     ] GC(410) Archive regions: 2->2
[2024-01-23T01:01:44.694+0000][7][gc,heap     ] GC(410) Humongous regions: 0->0
[2024-01-23T01:01:44.694+0000][7][gc,metaspace] GC(410) Metaspace: 131045K(134720K)->131045K(134720K) NonClass: 113978K(115904K)->113978K(115904K) Class: 17066K(18816K)->17066K(18816K)
[2024-01-23T01:01:44.694+0000][7][gc          ] GC(410) Pause Young (Normal) (G1 Evacuation Pause) 752M->143M(1024M) 2.562ms
[2024-01-23T01:01:44.694+0000][7][gc,cpu      ] GC(410) User=0.00s Sys=0.00s Real=0.01s
[2024-01-23T01:01:44.694+0000][7][safepoint   ] Safepoint "G1CollectForAllocation", Time since last: 188968836301 ns, Reaching safepoint: 51954 ns, At safepoint: 2662361 ns, Total: 2714315 ns
[2024-01-23T01:04:57.507+0000][7][gc,start    ] GC(411) Pause Young (Normal) (G1 Evacuation Pause)
[2024-01-23T01:04:57.507+0000][7][gc,task     ] GC(411) Using 8 workers of 8 for evacuation
[2024-01-23T01:04:57.507+0000][7][gc,age      ] GC(411) Desired survivor size 41943040 bytes, new threshold 15 (max threshold 15)
[2024-01-23T01:04:57.509+0000][7][gc,phases   ] GC(411)   Pre Evacuate Collection Set: 0.1ms
[2024-01-23T01:04:57.509+0000][7][gc,phases   ] GC(411)   Merge Heap Roots: 0.1ms
[2024-01-23T01:04:57.509+0000][7][gc,phases   ] GC(411)   Evacuate Collection Set: 1.2ms
[2024-01-23T01:04:57.509+0000][7][gc,phases   ] GC(411)   Post Evacuate Collection Set: 0.5ms
[2024-01-23T01:04:57.509+0000][7][gc,phases   ] GC(411)   Other: 0.1ms
[2024-01-23T01:04:57.509+0000][7][gc,age      ] GC(411) Age table with threshold 15 (max threshold 15)
[2024-01-23T01:04:57.509+0000][7][gc,age      ] GC(411) - age   1:    1839992 bytes,    1839992 total
[2024-01-23T01:04:57.509+0000][7][gc,age      ] GC(411) - age   2:       3248 bytes,    1843240 total
[2024-01-23T01:04:57.509+0000][7][gc,age      ] GC(411) - age   3:       1432 bytes,    1844672 total
[2024-01-23T01:04:57.509+0000][7][gc,age      ] GC(411) - age   4:        112 bytes,    1844784 total
[2024-01-23T01:04:57.509+0000][7][gc,age      ] GC(411) - age   5:       8016 bytes,    1852800 total
[2024-01-23T01:04:57.509+0000][7][gc,age      ] GC(411) - age   6:        240 bytes,    1853040 total
[2024-01-23T01:04:57.509+0000][7][gc,age      ] GC(411) - age   9:        184 bytes,    1853224 total
[2024-01-23T01:04:57.509+0000][7][gc,age      ] GC(411) - age  12:        120 bytes,    1853344 total
[2024-01-23T01:04:57.509+0000][7][gc,age      ] GC(411) - age  15:     146200 bytes,    1999544 total
[2024-01-23T01:04:57.509+0000][7][gc,heap     ] GC(411) Eden regions: 152->0(152)
[2024-01-23T01:04:57.509+0000][7][gc,heap     ] GC(411) Survivor regions: 1->1(20)
[2024-01-23T01:04:57.509+0000][7][gc,heap     ] GC(411) Old regions: 35->35
[2024-01-23T01:04:57.509+0000][7][gc,heap     ] GC(411) Archive regions: 2->2
[2024-01-23T01:04:57.509+0000][7][gc,heap     ] GC(411) Humongous regions: 0->0
[2024-01-23T01:04:57.509+0000][7][gc,metaspace] GC(411) Metaspace: 131045K(134720K)->131045K(134720K) NonClass: 113978K(115904K)->113978K(115904K) Class: 17066K(18816K)->17066K(18816K)
[2024-01-23T01:04:57.509+0000][7][gc          ] GC(411) Pause Young (Normal) (G1 Evacuation Pause) 751M->144M(1024M) 2.187ms
[2024-01-23T01:04:57.509+0000][7][gc,cpu      ] GC(411) User=0.01s Sys=0.00s Real=0.00s
[2024-01-23T01:04:57.509+0000][7][safepoint   ] Safepoint "G1CollectForAllocation", Time since last: 192813037438 ns, Reaching safepoint: 55055 ns, At safepoint: 2261493 ns, Total: 2316548 ns
[2024-01-23T01:07:04.524+0000][7][safepoint   ] Safepoint "Cleanup", Time since last: 127014623452 ns, Reaching safepoint: 92826 ns, At safepoint: 16945 ns, Total: 109771 ns
[2024-01-23T01:07:56.645+0000][7][gc,start    ] GC(412) Pause Young (Normal) (G1 Evacuation Pause)
[2024-01-23T01:07:56.645+0000][7][gc,task     ] GC(412) Using 8 workers of 8 for evacuation
[2024-01-23T01:07:56.645+0000][7][gc,age      ] GC(412) Desired survivor size 41943040 bytes, new threshold 15 (max threshold 15)
[2024-01-23T01:07:56.647+0000][7][gc,phases   ] GC(412)   Pre Evacuate Collection Set: 0.1ms
[2024-01-23T01:07:56.647+0000][7][gc,phases   ] GC(412)   Merge Heap Roots: 0.1ms
[2024-01-23T01:07:56.647+0000][7][gc,phases   ] GC(412)   Evacuate Collection Set: 1.0ms
[2024-01-23T01:07:56.647+0000][7][gc,phases   ] GC(412)   Post Evacuate Collection Set: 0.6ms
[2024-01-23T01:07:56.647+0000][7][gc,phases   ] GC(412)   Other: 0.1ms
[2024-01-23T01:07:56.647+0000][7][gc,age      ] GC(412) Age table with threshold 15 (max threshold 15)
[2024-01-23T01:07:56.647+0000][7][gc,age      ] GC(412) - age   1:     574472 bytes,     574472 total
[2024-01-23T01:07:56.647+0000][7][gc,age      ] GC(412) - age   2:     222808 bytes,     797280 total
[2024-01-23T01:07:56.647+0000][7][gc,age      ] GC(412) - age   3:       2376 bytes,     799656 total
[2024-01-23T01:07:56.647+0000][7][gc,age      ] GC(412) - age   4:        440 bytes,     800096 total
[2024-01-23T01:07:56.647+0000][7][gc,age      ] GC(412) - age   5:        112 bytes,     800208 total
[2024-01-23T01:07:56.647+0000][7][gc,age      ] GC(412) - age   6:       8016 bytes,     808224 total
[2024-01-23T01:07:56.647+0000][7][gc,age      ] GC(412) - age   7:        216 bytes,     808440 total
[2024-01-23T01:07:56.647+0000][7][gc,age      ] GC(412) - age  10:        184 bytes,     808624 total
[2024-01-23T01:07:56.647+0000][7][gc,age      ] GC(412) - age  13:        120 bytes,     808744 total
[2024-01-23T01:07:56.647+0000][7][gc,heap     ] GC(412) Eden regions: 152->0(152)
[2024-01-23T01:07:56.647+0000][7][gc,heap     ] GC(412) Survivor regions: 1->1(20)
[2024-01-23T01:07:56.647+0000][7][gc,heap     ] GC(412) Old regions: 35->35
[2024-01-23T01:07:56.647+0000][7][gc,heap     ] GC(412) Archive regions: 2->2
[2024-01-23T01:07:56.647+0000][7][gc,heap     ] GC(412) Humongous regions: 0->0
[2024-01-23T01:07:56.647+0000][7][gc,metaspace] GC(412) Metaspace: 131046K(134720K)->131046K(134720K) NonClass: 113980K(115904K)->113980K(115904K) Class: 17066K(18816K)->17066K(18816K)
[2024-01-23T01:07:56.647+0000][7][gc          ] GC(412) Pause Young (Normal) (G1 Evacuation Pause) 752M->143M(1024M) 2.241ms
[2024-01-23T01:07:56.647+0000][7][gc,cpu      ] GC(412) User=0.01s Sys=0.00s Real=0.01s
[2024-01-23T01:07:56.647+0000][7][safepoint   ] Safepoint "G1CollectForAllocation", Time since last: 52120679871 ns, Reaching safepoint: 58802 ns, At safepoint: 2331098 ns, Total: 2389900 ns
[2024-01-23T01:10:44.717+0000][7][gc,start    ] GC(413) Pause Young (Normal) (G1 Evacuation Pause)
[2024-01-23T01:10:44.717+0000][7][gc,task     ] GC(413) Using 8 workers of 8 for evacuation
[2024-01-23T01:10:44.717+0000][7][gc,age      ] GC(413) Desired survivor size 41943040 bytes, new threshold 15 (max threshold 15)
[2024-01-23T01:10:44.720+0000][7][gc,phases   ] GC(413)   Pre Evacuate Collection Set: 0.1ms
[2024-01-23T01:10:44.720+0000][7][gc,phases   ] GC(413)   Merge Heap Roots: 0.1ms
[2024-01-23T01:10:44.720+0000][7][gc,phases   ] GC(413)   Evacuate Collection Set: 1.7ms
[2024-01-23T01:10:44.720+0000][7][gc,phases   ] GC(413)   Post Evacuate Collection Set: 0.9ms
[2024-01-23T01:10:44.720+0000][7][gc,phases   ] GC(413)   Other: 0.1ms
[2024-01-23T01:10:44.720+0000][7][gc,age      ] GC(413) Age table with threshold 15 (max threshold 15)
[2024-01-23T01:10:44.720+0000][7][gc,age      ] GC(413) - age   1:    1364832 bytes,    1364832 total
[2024-01-23T01:10:44.720+0000][7][gc,age      ] GC(413) - age   2:       3160 bytes,    1367992 total
[2024-01-23T01:10:44.720+0000][7][gc,age      ] GC(413) - age   3:     110112 bytes,    1478104 total
[2024-01-23T01:10:44.720+0000][7][gc,age      ] GC(413) - age   4:       2152 bytes,    1480256 total
[2024-01-23T01:10:44.720+0000][7][gc,age      ] GC(413) - age   5:        376 bytes,    1480632 total
[2024-01-23T01:10:44.720+0000][7][gc,age      ] GC(413) - age   6:        112 bytes,    1480744 total
[2024-01-23T01:10:44.720+0000][7][gc,age      ] GC(413) - age   7:       8016 bytes,    1488760 total
[2024-01-23T01:10:44.720+0000][7][gc,age      ] GC(413) - age   8:        216 bytes,    1488976 total
[2024-01-23T01:10:44.720+0000][7][gc,age      ] GC(413) - age  14:        120 bytes,    1489096 total
[2024-01-23T01:10:44.720+0000][7][gc,heap     ] GC(413) Eden regions: 152->0(152)
[2024-01-23T01:10:44.720+0000][7][gc,heap     ] GC(413) Survivor regions: 1->1(20)
[2024-01-23T01:10:44.720+0000][7][gc,heap     ] GC(413) Old regions: 35->35
[2024-01-23T01:10:44.720+0000][7][gc,heap     ] GC(413) Archive regions: 2->2
[2024-01-23T01:10:44.720+0000][7][gc,heap     ] GC(413) Humongous regions: 0->0
[2024-01-23T01:10:44.720+0000][7][gc,metaspace] GC(413) Metaspace: 131046K(134720K)->131046K(134720K) NonClass: 113980K(115904K)->113980K(115904K) Class: 17066K(18816K)->17066K(18816K)
[2024-01-23T01:10:44.720+0000][7][gc          ] GC(413) Pause Young (Normal) (G1 Evacuation Pause) 751M->144M(1024M) 3.278ms
[2024-01-23T01:10:44.720+0000][7][gc,cpu      ] GC(413) User=0.01s Sys=0.00s Real=0.00s
[2024-01-23T01:10:44.720+0000][7][safepoint   ] Safepoint "G1CollectForAllocation", Time since last: 168069762590 ns, Reaching safepoint: 43509 ns, At safepoint: 3371307 ns, Total: 3414816 ns
[2024-01-23T01:13:07.734+0000][7][safepoint   ] Safepoint "Cleanup", Time since last: 143013940997 ns, Reaching safepoint: 105508 ns, At safepoint: 7254 ns, Total: 112762 ns
[2024-01-23T01:13:19.736+0000][7][safepoint   ] Safepoint "Cleanup", Time since last: 12001321201 ns, Reaching safepoint: 85177 ns, At safepoint: 43263 ns, Total: 128440 ns
[2024-01-23T01:13:41.807+0000][7][gc,start    ] GC(414) Pause Young (Normal) (G1 Evacuation Pause)
[2024-01-23T01:13:41.807+0000][7][gc,task     ] GC(414) Using 8 workers of 8 for evacuation
[2024-01-23T01:13:41.807+0000][7][gc,age      ] GC(414) Desired survivor size 41943040 bytes, new threshold 15 (max threshold 15)
[2024-01-23T01:13:41.810+0000][7][gc,phases   ] GC(414)   Pre Evacuate Collection Set: 0.1ms
[2024-01-23T01:13:41.810+0000][7][gc,phases   ] GC(414)   Merge Heap Roots: 0.1ms
[2024-01-23T01:13:41.810+0000][7][gc,phases   ] GC(414)   Evacuate Collection Set: 1.8ms
[2024-01-23T01:13:41.810+0000][7][gc,phases   ] GC(414)   Post Evacuate Collection Set: 0.8ms
[2024-01-23T01:13:41.810+0000][7][gc,phases   ] GC(414)   Other: 0.1ms
[2024-01-23T01:13:41.810+0000][7][gc,age      ] GC(414) Age table with threshold 15 (max threshold 15)
[2024-01-23T01:13:41.810+0000][7][gc,age      ] GC(414) - age   1:    1670448 bytes,    1670448 total
[2024-01-23T01:13:41.810+0000][7][gc,age      ] GC(414) - age   2:     150632 bytes,    1821080 total
[2024-01-23T01:13:41.810+0000][7][gc,age      ] GC(414) - age   3:       1248 bytes,    1822328 total
[2024-01-23T01:13:41.810+0000][7][gc,age      ] GC(414) - age   4:     106776 bytes,    1929104 total
[2024-01-23T01:13:41.810+0000][7][gc,age      ] GC(414) - age   5:       2152 bytes,    1931256 total
[2024-01-23T01:13:41.810+0000][7][gc,age      ] GC(414) - age   6:        376 bytes,    1931632 total
[2024-01-23T01:13:41.810+0000][7][gc,age      ] GC(414) - age   7:         80 bytes,    1931712 total
[2024-01-23T01:13:41.810+0000][7][gc,age      ] GC(414) - age   8:       8016 bytes,    1939728 total
[2024-01-23T01:13:41.810+0000][7][gc,age      ] GC(414) - age   9:        184 bytes,    1939912 total
[2024-01-23T01:13:41.810+0000][7][gc,age      ] GC(414) - age  15:        120 bytes,    1940032 total
[2024-01-23T01:13:41.810+0000][7][gc,heap     ] GC(414) Eden regions: 152->0(152)
[2024-01-23T01:13:41.810+0000][7][gc,heap     ] GC(414) Survivor regions: 1->1(20)
[2024-01-23T01:13:41.810+0000][7][gc,heap     ] GC(414) Old regions: 35->35
[2024-01-23T01:13:41.810+0000][7][gc,heap     ] GC(414) Archive regions: 2->2
[2024-01-23T01:13:41.810+0000][7][gc,heap     ] GC(414) Humongous regions: 0->0
[2024-01-23T01:13:41.810+0000][7][gc,metaspace] GC(414) Metaspace: 131046K(134720K)->131046K(134720K) NonClass: 113980K(115904K)->113980K(115904K) Class: 17066K(18816K)->17066K(18816K)
[2024-01-23T01:13:41.810+0000][7][gc          ] GC(414) Pause Young (Normal) (G1 Evacuation Pause) 752M->144M(1024M) 3.318ms
[2024-01-23T01:13:41.810+0000][7][gc,cpu      ] GC(414) User=0.02s Sys=0.00s Real=0.00s
[2024-01-23T01:13:41.810+0000][7][safepoint   ] Safepoint "G1CollectForAllocation", Time since last: 22071492193 ns, Reaching safepoint: 67842 ns, At safepoint: 3423072 ns, Total: 3490914 ns
[2024-01-23T01:16:50.678+0000][7][gc,start    ] GC(415) Pause Young (Normal) (G1 Evacuation Pause)
[2024-01-23T01:16:50.678+0000][7][gc,task     ] GC(415) Using 8 workers of 8 for evacuation
[2024-01-23T01:16:50.678+0000][7][gc,age      ] GC(415) Desired survivor size 41943040 bytes, new threshold 15 (max threshold 15)
[2024-01-23T01:16:50.680+0000][7][gc,phases   ] GC(415)   Pre Evacuate Collection Set: 0.1ms
[2024-01-23T01:16:50.680+0000][7][gc,phases   ] GC(415)   Merge Heap Roots: 0.1ms
[2024-01-23T01:16:50.680+0000][7][gc,phases   ] GC(415)   Evacuate Collection Set: 1.3ms
[2024-01-23T01:16:50.680+0000][7][gc,phases   ] GC(415)   Post Evacuate Collection Set: 0.7ms
[2024-01-23T01:16:50.680+0000][7][gc,phases   ] GC(415)   Other: 0.1ms
[2024-01-23T01:16:50.680+0000][7][gc,age      ] GC(415) Age table with threshold 15 (max threshold 15)
[2024-01-23T01:16:50.680+0000][7][gc,age      ] GC(415) - age   1:    1247256 bytes,    1247256 total
[2024-01-23T01:16:50.680+0000][7][gc,age      ] GC(415) - age   2:      93784 bytes,    1341040 total
[2024-01-23T01:16:50.680+0000][7][gc,age      ] GC(415) - age   3:     147208 bytes,    1488248 total
[2024-01-23T01:16:50.680+0000][7][gc,age      ] GC(415) - age   4:        480 bytes,    1488728 total
[2024-01-23T01:16:50.680+0000][7][gc,age      ] GC(415) - age   5:     106776 bytes,    1595504 total
[2024-01-23T01:16:50.680+0000][7][gc,age      ] GC(415) - age   6:       1968 bytes,    1597472 total
[2024-01-23T01:16:50.680+0000][7][gc,age      ] GC(415) - age   7:        376 bytes,    1597848 total
[2024-01-23T01:16:50.680+0000][7][gc,age      ] GC(415) - age   8:         80 bytes,    1597928 total
[2024-01-23T01:16:50.680+0000][7][gc,age      ] GC(415) - age   9:       8016 bytes,    1605944 total
[2024-01-23T01:16:50.680+0000][7][gc,age      ] GC(415) - age  10:        184 bytes,    1606128 total
[2024-01-23T01:16:50.680+0000][7][gc,heap     ] GC(415) Eden regions: 152->0(152)
[2024-01-23T01:16:50.680+0000][7][gc,heap     ] GC(415) Survivor regions: 1->1(20)
[2024-01-23T01:16:50.680+0000][7][gc,heap     ] GC(415) Old regions: 35->35
[2024-01-23T01:16:50.681+0000][7][gc,heap     ] GC(415) Archive regions: 2->2
[2024-01-23T01:16:50.681+0000][7][gc,heap     ] GC(415) Humongous regions: 0->0
[2024-01-23T01:16:50.681+0000][7][gc,metaspace] GC(415) Metaspace: 131046K(134720K)->131046K(134720K) NonClass: 113980K(115904K)->113980K(115904K) Class: 17066K(18816K)->17066K(18816K)
[2024-01-23T01:16:50.681+0000][7][gc          ] GC(415) Pause Young (Normal) (G1 Evacuation Pause) 752M->144M(1024M) 2.505ms
[2024-01-23T01:16:50.681+0000][7][gc,cpu      ] GC(415) User=0.02s Sys=0.00s Real=0.00s
[2024-01-23T01:16:50.681+0000][7][safepoint   ] Safepoint "G1CollectForAllocation", Time since last: 188867470854 ns, Reaching safepoint: 51046 ns, At safepoint: 2593203 ns, Total: 2644249 ns
[2024-01-23T01:19:20.662+0000][7][gc,start    ] GC(416) Pause Young (Normal) (G1 Evacuation Pause)
[2024-01-23T01:19:20.662+0000][7][gc,task     ] GC(416) Using 8 workers of 8 for evacuation
[2024-01-23T01:19:20.662+0000][7][gc,age      ] GC(416) Desired survivor size 41943040 bytes, new threshold 15 (max threshold 15)
[2024-01-23T01:19:20.665+0000][7][gc,phases   ] GC(416)   Pre Evacuate Collection Set: 0.1ms
[2024-01-23T01:19:20.665+0000][7][gc,phases   ] GC(416)   Merge Heap Roots: 0.1ms
[2024-01-23T01:19:20.665+0000][7][gc,phases   ] GC(416)   Evacuate Collection Set: 1.4ms
[2024-01-23T01:19:20.665+0000][7][gc,phases   ] GC(416)   Post Evacuate Collection Set: 1.2ms
[2024-01-23T01:19:20.665+0000][7][gc,phases   ] GC(416)   Other: 0.1ms
[2024-01-23T01:19:20.665+0000][7][gc,age      ] GC(416) Age table with threshold 15 (max threshold 15)
[2024-01-23T01:19:20.665+0000][7][gc,age      ] GC(416) - age   1:    1210504 bytes,    1210504 total
[2024-01-23T01:19:20.665+0000][7][gc,age      ] GC(416) - age   2:      16832 bytes,    1227336 total
[2024-01-23T01:19:20.665+0000][7][gc,age      ] GC(416) - age   3:      92024 bytes,    1319360 total
[2024-01-23T01:19:20.665+0000][7][gc,age      ] GC(416) - age   4:     147144 bytes,    1466504 total
[2024-01-23T01:19:20.665+0000][7][gc,age      ] GC(416) - age   5:        480 bytes,    1466984 total
[2024-01-23T01:19:20.665+0000][7][gc,age      ] GC(416) - age   6:     106384 bytes,    1573368 total
[2024-01-23T01:19:20.665+0000][7][gc,age      ] GC(416) - age   7:       1968 bytes,    1575336 total
[2024-01-23T01:19:20.665+0000][7][gc,age      ] GC(416) - age   8:        192 bytes,    1575528 total
[2024-01-23T01:19:20.665+0000][7][gc,age      ] GC(416) - age   9:         80 bytes,    1575608 total
[2024-01-23T01:19:20.665+0000][7][gc,age      ] GC(416) - age  10:       8016 bytes,    1583624 total
[2024-01-23T01:19:20.665+0000][7][gc,age      ] GC(416) - age  11:        184 bytes,    1583808 total
[2024-01-23T01:19:20.665+0000][7][gc,heap     ] GC(416) Eden regions: 152->0(152)
[2024-01-23T01:19:20.665+0000][7][gc,heap     ] GC(416) Survivor regions: 1->1(20)
[2024-01-23T01:19:20.665+0000][7][gc,heap     ] GC(416) Old regions: 35->35
[2024-01-23T01:19:20.665+0000][7][gc,heap     ] GC(416) Archive regions: 2->2
[2024-01-23T01:19:20.665+0000][7][gc,heap     ] GC(416) Humongous regions: 0->0
[2024-01-23T01:19:20.665+0000][7][gc,metaspace] GC(416) Metaspace: 131046K(134720K)->131046K(134720K) NonClass: 113980K(115904K)->113980K(115904K) Class: 17066K(18816K)->17066K(18816K)
[2024-01-23T01:19:20.665+0000][7][gc          ] GC(416) Pause Young (Normal) (G1 Evacuation Pause) 752M->144M(1024M) 3.218ms
[2024-01-23T01:19:20.665+0000][7][gc,cpu      ] GC(416) User=0.01s Sys=0.00s Real=0.00s
[2024-01-23T01:19:20.665+0000][7][safepoint   ] Safepoint "G1CollectForAllocation", Time since last: 149981032860 ns, Reaching safepoint: 36085 ns, At safepoint: 3312444 ns, Total: 3348529 ns
[2024-01-23T01:22:06.469+0000][7][gc,start    ] GC(417) Pause Young (Normal) (G1 Evacuation Pause)
[2024-01-23T01:22:06.469+0000][7][gc,task     ] GC(417) Using 8 workers of 8 for evacuation
[2024-01-23T01:22:06.469+0000][7][gc,age      ] GC(417) Desired survivor size 41943040 bytes, new threshold 15 (max threshold 15)
[2024-01-23T01:22:06.471+0000][7][gc,phases   ] GC(417)   Pre Evacuate Collection Set: 0.1ms
[2024-01-23T01:22:06.471+0000][7][gc,phases   ] GC(417)   Merge Heap Roots: 0.1ms
[2024-01-23T01:22:06.471+0000][7][gc,phases   ] GC(417)   Evacuate Collection Set: 1.4ms
[2024-01-23T01:22:06.471+0000][7][gc,phases   ] GC(417)   Post Evacuate Collection Set: 0.7ms
[2024-01-23T01:22:06.471+0000][7][gc,phases   ] GC(417)   Other: 0.1ms
[2024-01-23T01:22:06.471+0000][7][gc,age      ] GC(417) Age table with threshold 15 (max threshold 15)
[2024-01-23T01:22:06.471+0000][7][gc,age      ] GC(417) - age   1:    1724000 bytes,    1724000 total
[2024-01-23T01:22:06.471+0000][7][gc,age      ] GC(417) - age   2:       2992 bytes,    1726992 total
[2024-01-23T01:22:06.471+0000][7][gc,age      ] GC(417) - age   3:      14392 bytes,    1741384 total
[2024-01-23T01:22:06.471+0000][7][gc,age      ] GC(417) - age   4:      91488 bytes,    1832872 total
[2024-01-23T01:22:06.471+0000][7][gc,age      ] GC(417) - age   5:     146960 bytes,    1979832 total
[2024-01-23T01:22:06.471+0000][7][gc,age      ] GC(417) - age   6:        480 bytes,    1980312 total
[2024-01-23T01:22:06.471+0000][7][gc,age      ] GC(417) - age   7:     106384 bytes,    2086696 total
[2024-01-23T01:22:06.471+0000][7][gc,age      ] GC(417) - age   8:       1968 bytes,    2088664 total
[2024-01-23T01:22:06.471+0000][7][gc,age      ] GC(417) - age   9:        192 bytes,    2088856 total
[2024-01-23T01:22:06.471+0000][7][gc,age      ] GC(417) - age  10:         80 bytes,    2088936 total
[2024-01-23T01:22:06.471+0000][7][gc,age      ] GC(417) - age  12:        184 bytes,    2089120 total
[2024-01-23T01:22:06.471+0000][7][gc,heap     ] GC(417) Eden regions: 152->0(152)
[2024-01-23T01:22:06.471+0000][7][gc,heap     ] GC(417) Survivor regions: 1->1(20)
[2024-01-23T01:22:06.471+0000][7][gc,heap     ] GC(417) Old regions: 35->35
[2024-01-23T01:22:06.471+0000][7][gc,heap     ] GC(417) Archive regions: 2->2
[2024-01-23T01:22:06.471+0000][7][gc,heap     ] GC(417) Humongous regions: 0->0
[2024-01-23T01:22:06.471+0000][7][gc,metaspace] GC(417) Metaspace: 131046K(134720K)->131046K(134720K) NonClass: 113980K(115904K)->113980K(115904K) Class: 17066K(18816K)->17066K(18816K)
[2024-01-23T01:22:06.471+0000][7][gc          ] GC(417) Pause Young (Normal) (G1 Evacuation Pause) 752M->144M(1024M) 2.647ms
[2024-01-23T01:22:06.471+0000][7][gc,cpu      ] GC(417) User=0.01s Sys=0.00s Real=0.00s
[2024-01-23T01:22:06.471+0000][7][safepoint   ] Safepoint "G1CollectForAllocation", Time since last: 165803580587 ns, Reaching safepoint: 54818 ns, At safepoint: 2731735 ns, Total: 2786553 ns
[2024-01-23T01:23:07.480+0000][7][safepoint   ] Safepoint "Cleanup", Time since last: 61008739241 ns, Reaching safepoint: 76653 ns, At safepoint: 43376 ns, Total: 120029 ns
[2024-01-23T01:24:57.013+0000][7][gc,start    ] GC(418) Pause Young (Normal) (G1 Evacuation Pause)
[2024-01-23T01:24:57.013+0000][7][gc,task     ] GC(418) Using 8 workers of 8 for evacuation
[2024-01-23T01:24:57.013+0000][7][gc,age      ] GC(418) Desired survivor size 41943040 bytes, new threshold 15 (max threshold 15)
[2024-01-23T01:24:57.015+0000][7][gc,phases   ] GC(418)   Pre Evacuate Collection Set: 0.1ms
[2024-01-23T01:24:57.015+0000][7][gc,phases   ] GC(418)   Merge Heap Roots: 0.0ms
[2024-01-23T01:24:57.015+0000][7][gc,phases   ] GC(418)   Evacuate Collection Set: 1.0ms
[2024-01-23T01:24:57.015+0000][7][gc,phases   ] GC(418)   Post Evacuate Collection Set: 0.5ms
[2024-01-23T01:24:57.015+0000][7][gc,phases   ] GC(418)   Other: 0.1ms
[2024-01-23T01:24:57.015+0000][7][gc,age      ] GC(418) Age table with threshold 15 (max threshold 15)
[2024-01-23T01:24:57.015+0000][7][gc,age      ] GC(418) - age   1:    1787480 bytes,    1787480 total
[2024-01-23T01:24:57.015+0000][7][gc,age      ] GC(418) - age   2:      11672 bytes,    1799152 total
[2024-01-23T01:24:57.015+0000][7][gc,age      ] GC(418) - age   3:       1016 bytes,    1800168 total
[2024-01-23T01:24:57.015+0000][7][gc,age      ] GC(418) - age   4:      13840 bytes,    1814008 total
[2024-01-23T01:24:57.015+0000][7][gc,age      ] GC(418) - age   5:      87664 bytes,    1901672 total
[2024-01-23T01:24:57.015+0000][7][gc,age      ] GC(418) - age   6:     146960 bytes,    2048632 total
[2024-01-23T01:24:57.015+0000][7][gc,age      ] GC(418) - age   7:        480 bytes,    2049112 total
[2024-01-23T01:24:57.015+0000][7][gc,age      ] GC(418) - age   8:     105968 bytes,    2155080 total
[2024-01-23T01:24:57.015+0000][7][gc,age      ] GC(418) - age   9:       1968 bytes,    2157048 total
[2024-01-23T01:24:57.015+0000][7][gc,age      ] GC(418) - age  10:        192 bytes,    2157240 total
[2024-01-23T01:24:57.015+0000][7][gc,age      ] GC(418) - age  11:         80 bytes,    2157320 total
[2024-01-23T01:24:57.015+0000][7][gc,age      ] GC(418) - age  13:        184 bytes,    2157504 total
[2024-01-23T01:24:57.015+0000][7][gc,heap     ] GC(418) Eden regions: 152->0(152)
[2024-01-23T01:24:57.015+0000][7][gc,heap     ] GC(418) Survivor regions: 1->1(20)
[2024-01-23T01:24:57.015+0000][7][gc,heap     ] GC(418) Old regions: 35->35
[2024-01-23T01:24:57.015+0000][7][gc,heap     ] GC(418) Archive regions: 2->2
[2024-01-23T01:24:57.015+0000][7][gc,heap     ] GC(418) Humongous regions: 0->0
[2024-01-23T01:24:57.015+0000][7][gc,metaspace] GC(418) Metaspace: 131046K(134720K)->131046K(134720K) NonClass: 113980K(115904K)->113980K(115904K) Class: 17066K(18816K)->17066K(18816K)
[2024-01-23T01:24:57.015+0000][7][gc          ] GC(418) Pause Young (Normal) (G1 Evacuation Pause) 752M->144M(1024M) 1.950ms
[2024-01-23T01:24:57.015+0000][7][gc,cpu      ] GC(418) User=0.01s Sys=0.00s Real=0.01s
[2024-01-23T01:24:57.015+0000][7][safepoint   ] Safepoint "G1CollectForAllocation", Time since last: 109532751521 ns, Reaching safepoint: 29674 ns, At safepoint: 2017529 ns, Total: 2047203 ns
[2024-01-23T01:25:50.023+0000][7][safepoint   ] Safepoint "Cleanup", Time since last: 53007370092 ns, Reaching safepoint: 77118 ns, At safepoint: 45423 ns, Total: 122541 ns
[2024-01-23T01:26:57.032+0000][7][safepoint   ] Safepoint "Cleanup", Time since last: 67009604765 ns, Reaching safepoint: 79450 ns, At safepoint: 7556 ns, Total: 87006 ns
[2024-01-23T01:27:33.423+0000][7][gc,start    ] GC(419) Pause Young (Normal) (G1 Evacuation Pause)
[2024-01-23T01:27:33.423+0000][7][gc,task     ] GC(419) Using 8 workers of 8 for evacuation
[2024-01-23T01:27:33.423+0000][7][gc,age      ] GC(419) Desired survivor size 41943040 bytes, new threshold 15 (max threshold 15)
[2024-01-23T01:27:33.426+0000][7][gc,phases   ] GC(419)   Pre Evacuate Collection Set: 0.1ms
[2024-01-23T01:27:33.426+0000][7][gc,phases   ] GC(419)   Merge Heap Roots: 0.1ms
[2024-01-23T01:27:33.426+0000][7][gc,phases   ] GC(419)   Evacuate Collection Set: 1.6ms
[2024-01-23T01:27:33.426+0000][7][gc,phases   ] GC(419)   Post Evacuate Collection Set: 0.9ms
[2024-01-23T01:27:33.426+0000][7][gc,phases   ] GC(419)   Other: 0.1ms
[2024-01-23T01:27:33.426+0000][7][gc,age      ] GC(419) Age table with threshold 15 (max threshold 15)
[2024-01-23T01:27:33.426+0000][7][gc,age      ] GC(419) - age   1:    1385448 bytes,    1385448 total
[2024-01-23T01:27:33.426+0000][7][gc,age      ] GC(419) - age   2:     145976 bytes,    1531424 total
[2024-01-23T01:27:33.426+0000][7][gc,age      ] GC(419) - age   3:       9296 bytes,    1540720 total
[2024-01-23T01:27:33.426+0000][7][gc,age      ] GC(419) - age   4:        824 bytes,    1541544 total
[2024-01-23T01:27:33.426+0000][7][gc,age      ] GC(419) - age   5:      12944 bytes,    1554488 total
[2024-01-23T01:27:33.426+0000][7][gc,age      ] GC(419) - age   6:      87664 bytes,    1642152 total
[2024-01-23T01:27:33.426+0000][7][gc,age      ] GC(419) - age   7:     146960 bytes,    1789112 total
[2024-01-23T01:27:33.426+0000][7][gc,age      ] GC(419) - age   8:        480 bytes,    1789592 total
[2024-01-23T01:27:33.426+0000][7][gc,age      ] GC(419) - age   9:     105784 bytes,    1895376 total
[2024-01-23T01:27:33.426+0000][7][gc,age      ] GC(419) - age  10:       1968 bytes,    1897344 total
[2024-01-23T01:27:33.426+0000][7][gc,age      ] GC(419) - age  11:        192 bytes,    1897536 total
[2024-01-23T01:27:33.426+0000][7][gc,age      ] GC(419) - age  12:         80 bytes,    1897616 total
[2024-01-23T01:27:33.426+0000][7][gc,age      ] GC(419) - age  14:        184 bytes,    1897800 total
[2024-01-23T01:27:33.426+0000][7][gc,heap     ] GC(419) Eden regions: 152->0(152)
[2024-01-23T01:27:33.426+0000][7][gc,heap     ] GC(419) Survivor regions: 1->1(20)
[2024-01-23T01:27:33.426+0000][7][gc,heap     ] GC(419) Old regions: 35->35
[2024-01-23T01:27:33.426+0000][7][gc,heap     ] GC(419) Archive regions: 2->2
[2024-01-23T01:27:33.426+0000][7][gc,heap     ] GC(419) Humongous regions: 0->0
[2024-01-23T01:27:33.426+0000][7][gc,metaspace] GC(419) Metaspace: 131046K(134720K)->131046K(134720K) NonClass: 113980K(115904K)->113980K(115904K) Class: 17066K(18816K)->17066K(18816K)
[2024-01-23T01:27:33.426+0000][7][gc          ] GC(419) Pause Young (Normal) (G1 Evacuation Pause) 752M->144M(1024M) 3.183ms
[2024-01-23T01:27:33.426+0000][7][gc,cpu      ] GC(419) User=0.02s Sys=0.00s Real=0.01s
[2024-01-23T01:27:33.426+0000][7][safepoint   ] Safepoint "G1CollectForAllocation", Time since last: 36390646256 ns, Reaching safepoint: 52001 ns, At safepoint: 3308539 ns, Total: 3360540 ns
[2024-01-23T01:30:08.763+0000][7][gc,start    ] GC(420) Pause Young (Normal) (G1 Evacuation Pause)
[2024-01-23T01:30:08.764+0000][7][gc,task     ] GC(420) Using 8 workers of 8 for evacuation
[2024-01-23T01:30:08.764+0000][7][gc,age      ] GC(420) Desired survivor size 41943040 bytes, new threshold 15 (max threshold 15)
[2024-01-23T01:30:08.766+0000][7][gc,phases   ] GC(420)   Pre Evacuate Collection Set: 0.1ms
[2024-01-23T01:30:08.766+0000][7][gc,phases   ] GC(420)   Merge Heap Roots: 0.1ms
[2024-01-23T01:30:08.766+0000][7][gc,phases   ] GC(420)   Evacuate Collection Set: 1.1ms
[2024-01-23T01:30:08.766+0000][7][gc,phases   ] GC(420)   Post Evacuate Collection Set: 0.6ms
[2024-01-23T01:30:08.766+0000][7][gc,phases   ] GC(420)   Other: 0.1ms
[2024-01-23T01:30:08.766+0000][7][gc,age      ] GC(420) Age table with threshold 15 (max threshold 15)
[2024-01-23T01:30:08.766+0000][7][gc,age      ] GC(420) - age   1:     764856 bytes,     764856 total
[2024-01-23T01:30:08.766+0000][7][gc,age      ] GC(420) - age   2:       4432 bytes,     769288 total
[2024-01-23T01:30:08.766+0000][7][gc,age      ] GC(420) - age   3:     135432 bytes,     904720 total
[2024-01-23T01:30:08.766+0000][7][gc,age      ] GC(420) - age   4:       8488 bytes,     913208 total
[2024-01-23T01:30:08.766+0000][7][gc,age      ] GC(420) - age   5:        632 bytes,     913840 total
[2024-01-23T01:30:08.766+0000][7][gc,age      ] GC(420) - age   6:      12944 bytes,     926784 total
[2024-01-23T01:30:08.766+0000][7][gc,age      ] GC(420) - age   7:      87344 bytes,    1014128 total
[2024-01-23T01:30:08.766+0000][7][gc,age      ] GC(420) - age   8:     146960 bytes,    1161088 total
[2024-01-23T01:30:08.766+0000][7][gc,age      ] GC(420) - age   9:        480 bytes,    1161568 total
[2024-01-23T01:30:08.766+0000][7][gc,age      ] GC(420) - age  10:     105784 bytes,    1267352 total
[2024-01-23T01:30:08.766+0000][7][gc,age      ] GC(420) - age  11:       1968 bytes,    1269320 total
[2024-01-23T01:30:08.766+0000][7][gc,age      ] GC(420) - age  12:        192 bytes,    1269512 total
[2024-01-23T01:30:08.766+0000][7][gc,age      ] GC(420) - age  13:         80 bytes,    1269592 total
[2024-01-23T01:30:08.766+0000][7][gc,age      ] GC(420) - age  15:        184 bytes,    1269776 total
[2024-01-23T01:30:08.766+0000][7][gc,heap     ] GC(420) Eden regions: 152->0(152)
[2024-01-23T01:30:08.766+0000][7][gc,heap     ] GC(420) Survivor regions: 1->1(20)
[2024-01-23T01:30:08.766+0000][7][gc,heap     ] GC(420) Old regions: 35->35
[2024-01-23T01:30:08.766+0000][7][gc,heap     ] GC(420) Archive regions: 2->2
[2024-01-23T01:30:08.766+0000][7][gc,heap     ] GC(420) Humongous regions: 0->0
[2024-01-23T01:30:08.766+0000][7][gc,metaspace] GC(420) Metaspace: 131046K(134720K)->131046K(134720K) NonClass: 113980K(115904K)->113980K(115904K) Class: 17066K(18816K)->17066K(18816K)
[2024-01-23T01:30:08.766+0000][7][gc          ] GC(420) Pause Young (Normal) (G1 Evacuation Pause) 752M->144M(1024M) 2.314ms
[2024-01-23T01:30:08.766+0000][7][gc,cpu      ] GC(420) User=0.01s Sys=0.00s Real=0.01s
[2024-01-23T01:30:08.766+0000][7][safepoint   ] Safepoint "G1CollectForAllocation", Time since last: 155337189669 ns, Reaching safepoint: 33699 ns, At safepoint: 2395346 ns, Total: 2429045 ns
[2024-01-23T01:30:42.974+0000][7][safepoint   ] Safepoint "Cleanup", Time since last: 34208313882 ns, Reaching safepoint: 133105 ns, At safepoint: 7030 ns, Total: 140135 ns
[2024-01-23T01:33:05.905+0000][7][gc,start    ] GC(421) Pause Young (Normal) (G1 Evacuation Pause)
[2024-01-23T01:33:05.905+0000][7][gc,task     ] GC(421) Using 8 workers of 8 for evacuation
[2024-01-23T01:33:05.905+0000][7][gc,age      ] GC(421) Desired survivor size 41943040 bytes, new threshold 15 (max threshold 15)
[2024-01-23T01:33:05.907+0000][7][gc,phases   ] GC(421)   Pre Evacuate Collection Set: 0.1ms
[2024-01-23T01:33:05.907+0000][7][gc,phases   ] GC(421)   Merge Heap Roots: 0.1ms
[2024-01-23T01:33:05.907+0000][7][gc,phases   ] GC(421)   Evacuate Collection Set: 1.3ms
[2024-01-23T01:33:05.907+0000][7][gc,phases   ] GC(421)   Post Evacuate Collection Set: 0.9ms
[2024-01-23T01:33:05.907+0000][7][gc,phases   ] GC(421)   Other: 0.1ms
[2024-01-23T01:33:05.907+0000][7][gc,age      ] GC(421) Age table with threshold 15 (max threshold 15)
[2024-01-23T01:33:05.907+0000][7][gc,age      ] GC(421) - age   1:    1026448 bytes,    1026448 total
[2024-01-23T01:33:05.907+0000][7][gc,age      ] GC(421) - age   2:       1536 bytes,    1027984 total
[2024-01-23T01:33:05.907+0000][7][gc,age      ] GC(421) - age   3:        960 bytes,    1028944 total
[2024-01-23T01:33:05.907+0000][7][gc,age      ] GC(421) - age   4:     133040 bytes,    1161984 total
[2024-01-23T01:33:05.907+0000][7][gc,age      ] GC(421) - age   5:       8104 bytes,    1170088 total
[2024-01-23T01:33:05.907+0000][7][gc,age      ] GC(421) - age   6:        240 bytes,    1170328 total
[2024-01-23T01:33:05.907+0000][7][gc,age      ] GC(421) - age   7:      12944 bytes,    1183272 total
[2024-01-23T01:33:05.907+0000][7][gc,age      ] GC(421) - age   8:      87344 bytes,    1270616 total
[2024-01-23T01:33:05.907+0000][7][gc,age      ] GC(421) - age   9:     146960 bytes,    1417576 total
[2024-01-23T01:33:05.907+0000][7][gc,age      ] GC(421) - age  10:        480 bytes,    1418056 total
[2024-01-23T01:33:05.907+0000][7][gc,age      ] GC(421) - age  11:     105784 bytes,    1523840 total
[2024-01-23T01:33:05.907+0000][7][gc,age      ] GC(421) - age  12:       1968 bytes,    1525808 total
[2024-01-23T01:33:05.907+0000][7][gc,age      ] GC(421) - age  13:        192 bytes,    1526000 total
[2024-01-23T01:33:05.907+0000][7][gc,age      ] GC(421) - age  14:         80 bytes,    1526080 total
[2024-01-23T01:33:05.907+0000][7][gc,heap     ] GC(421) Eden regions: 152->0(152)
[2024-01-23T01:33:05.907+0000][7][gc,heap     ] GC(421) Survivor regions: 1->1(20)
[2024-01-23T01:33:05.907+0000][7][gc,heap     ] GC(421) Old regions: 35->35
[2024-01-23T01:33:05.907+0000][7][gc,heap     ] GC(421) Archive regions: 2->2
[2024-01-23T01:33:05.907+0000][7][gc,heap     ] GC(421) Humongous regions: 0->0
[2024-01-23T01:33:05.907+0000][7][gc,metaspace] GC(421) Metaspace: 131046K(134720K)->131046K(134720K) NonClass: 113980K(115904K)->113980K(115904K) Class: 17066K(18816K)->17066K(18816K)
[2024-01-23T01:33:05.908+0000][7][gc          ] GC(421) Pause Young (Normal) (G1 Evacuation Pause) 752M->144M(1024M) 2.952ms
[2024-01-23T01:33:05.908+0000][7][gc,cpu      ] GC(421) User=0.01s Sys=0.00s Real=0.01s
[2024-01-23T01:33:05.908+0000][7][safepoint   ] Safepoint "G1CollectForAllocation", Time since last: 142930196234 ns, Reaching safepoint: 75051 ns, At safepoint: 3059118 ns, Total: 3134169 ns
[2024-01-23T01:35:33.909+0000][7][gc,start    ] GC(422) Pause Young (Normal) (G1 Evacuation Pause)
[2024-01-23T01:35:33.909+0000][7][gc,task     ] GC(422) Using 8 workers of 8 for evacuation
[2024-01-23T01:35:33.909+0000][7][gc,age      ] GC(422) Desired survivor size 41943040 bytes, new threshold 15 (max threshold 15)
[2024-01-23T01:35:33.912+0000][7][gc,phases   ] GC(422)   Pre Evacuate Collection Set: 0.2ms
[2024-01-23T01:35:33.912+0000][7][gc,phases   ] GC(422)   Merge Heap Roots: 0.1ms
[2024-01-23T01:35:33.912+0000][7][gc,phases   ] GC(422)   Evacuate Collection Set: 1.9ms
[2024-01-23T01:35:33.912+0000][7][gc,phases   ] GC(422)   Post Evacuate Collection Set: 0.7ms
[2024-01-23T01:35:33.912+0000][7][gc,phases   ] GC(422)   Other: 0.1ms
[2024-01-23T01:35:33.912+0000][7][gc,age      ] GC(422) Age table with threshold 15 (max threshold 15)
[2024-01-23T01:35:33.912+0000][7][gc,age      ] GC(422) - age   1:    1349072 bytes,    1349072 total
[2024-01-23T01:35:33.912+0000][7][gc,age      ] GC(422) - age   2:       8280 bytes,    1357352 total
[2024-01-23T01:35:33.913+0000][7][gc,age      ] GC(422) - age   3:        832 bytes,    1358184 total
[2024-01-23T01:35:33.913+0000][7][gc,age      ] GC(422) - age   4:        832 bytes,    1359016 total
[2024-01-23T01:35:33.913+0000][7][gc,age      ] GC(422) - age   5:     132328 bytes,    1491344 total
[2024-01-23T01:35:33.913+0000][7][gc,age      ] GC(422) - age   6:       8104 bytes,    1499448 total
[2024-01-23T01:35:33.913+0000][7][gc,age      ] GC(422) - age   7:        216 bytes,    1499664 total
[2024-01-23T01:35:33.913+0000][7][gc,age      ] GC(422) - age   8:      12760 bytes,    1512424 total
[2024-01-23T01:35:33.913+0000][7][gc,age      ] GC(422) - age   9:      87312 bytes,    1599736 total
[2024-01-23T01:35:33.913+0000][7][gc,age      ] GC(422) - age  10:     146960 bytes,    1746696 total
[2024-01-23T01:35:33.913+0000][7][gc,age      ] GC(422) - age  11:        480 bytes,    1747176 total
[2024-01-23T01:35:33.913+0000][7][gc,age      ] GC(422) - age  12:     105784 bytes,    1852960 total
[2024-01-23T01:35:33.913+0000][7][gc,age      ] GC(422) - age  13:       1968 bytes,    1854928 total
[2024-01-23T01:35:33.913+0000][7][gc,age      ] GC(422) - age  14:        192 bytes,    1855120 total
[2024-01-23T01:35:33.913+0000][7][gc,age      ] GC(422) - age  15:         80 bytes,    1855200 total
[2024-01-23T01:35:33.913+0000][7][gc,heap     ] GC(422) Eden regions: 152->0(152)
[2024-01-23T01:35:33.913+0000][7][gc,heap     ] GC(422) Survivor regions: 1->1(20)
[2024-01-23T01:35:33.913+0000][7][gc,heap     ] GC(422) Old regions: 35->35
[2024-01-23T01:35:33.913+0000][7][gc,heap     ] GC(422) Archive regions: 2->2
[2024-01-23T01:35:33.913+0000][7][gc,heap     ] GC(422) Humongous regions: 0->0
[2024-01-23T01:35:33.913+0000][7][gc,metaspace] GC(422) Metaspace: 131046K(134720K)->131046K(134720K) NonClass: 113980K(115904K)->113980K(115904K) Class: 17066K(18816K)->17066K(18816K)
[2024-01-23T01:35:33.913+0000][7][gc          ] GC(422) Pause Young (Normal) (G1 Evacuation Pause) 752M->144M(1024M) 3.378ms
[2024-01-23T01:35:33.913+0000][7][gc,cpu      ] GC(422) User=0.01s Sys=0.00s Real=0.00s
[2024-01-23T01:35:33.913+0000][7][safepoint   ] Safepoint "G1CollectForAllocation", Time since last: 148001623108 ns, Reaching safepoint: 38195 ns, At safepoint: 3473586 ns, Total: 3511781 ns
[2024-01-23T01:36:19.919+0000][7][safepoint   ] Safepoint "Cleanup", Time since last: 46005797498 ns, Reaching safepoint: 70920 ns, At safepoint: 8948 ns, Total: 79868 ns
[2024-01-23T01:37:49.931+0000][7][safepoint   ] Safepoint "Cleanup", Time since last: 90012178974 ns, Reaching safepoint: 56047 ns, At safepoint: 5780 ns, Total: 61827 ns
[2024-01-23T01:38:08.768+0000][7][gc,start    ] GC(423) Pause Young (Normal) (G1 Evacuation Pause)
[2024-01-23T01:38:08.768+0000][7][gc,task     ] GC(423) Using 8 workers of 8 for evacuation
[2024-01-23T01:38:08.768+0000][7][gc,age      ] GC(423) Desired survivor size 41943040 bytes, new threshold 15 (max threshold 15)
[2024-01-23T01:38:08.770+0000][7][gc,phases   ] GC(423)   Pre Evacuate Collection Set: 0.1ms
[2024-01-23T01:38:08.770+0000][7][gc,phases   ] GC(423)   Merge Heap Roots: 0.1ms
[2024-01-23T01:38:08.770+0000][7][gc,phases   ] GC(423)   Evacuate Collection Set: 1.4ms
[2024-01-23T01:38:08.770+0000][7][gc,phases   ] GC(423)   Post Evacuate Collection Set: 0.7ms
[2024-01-23T01:38:08.770+0000][7][gc,phases   ] GC(423)   Other: 0.1ms
[2024-01-23T01:38:08.770+0000][7][gc,age      ] GC(423) Age table with threshold 15 (max threshold 15)
[2024-01-23T01:38:08.770+0000][7][gc,age      ] GC(423) - age   1:    1467936 bytes,    1467936 total
[2024-01-23T01:38:08.770+0000][7][gc,age      ] GC(423) - age   2:       2920 bytes,    1470856 total
[2024-01-23T01:38:08.770+0000][7][gc,age      ] GC(423) - age   3:       6608 bytes,    1477464 total
[2024-01-23T01:38:08.770+0000][7][gc,age      ] GC(423) - age   4:        256 bytes,    1477720 total
[2024-01-23T01:38:08.770+0000][7][gc,age      ] GC(423) - age   6:     132328 bytes,    1610048 total
[2024-01-23T01:38:08.770+0000][7][gc,age      ] GC(423) - age   7:       8040 bytes,    1618088 total
[2024-01-23T01:38:08.770+0000][7][gc,age      ] GC(423) - age   8:        216 bytes,    1618304 total
[2024-01-23T01:38:08.770+0000][7][gc,age      ] GC(423) - age   9:      12760 bytes,    1631064 total
[2024-01-23T01:38:08.770+0000][7][gc,age      ] GC(423) - age  10:      87312 bytes,    1718376 total
[2024-01-23T01:38:08.770+0000][7][gc,age      ] GC(423) - age  11:     146960 bytes,    1865336 total
[2024-01-23T01:38:08.770+0000][7][gc,age      ] GC(423) - age  12:        480 bytes,    1865816 total
[2024-01-23T01:38:08.770+0000][7][gc,age      ] GC(423) - age  13:     105784 bytes,    1971600 total
[2024-01-23T01:38:08.770+0000][7][gc,age      ] GC(423) - age  14:       1968 bytes,    1973568 total
[2024-01-23T01:38:08.770+0000][7][gc,age      ] GC(423) - age  15:        192 bytes,    1973760 total
[2024-01-23T01:38:08.770+0000][7][gc,heap     ] GC(423) Eden regions: 152->0(152)
[2024-01-23T01:38:08.770+0000][7][gc,heap     ] GC(423) Survivor regions: 1->1(20)
[2024-01-23T01:38:08.770+0000][7][gc,heap     ] GC(423) Old regions: 35->35
[2024-01-23T01:38:08.770+0000][7][gc,heap     ] GC(423) Archive regions: 2->2
[2024-01-23T01:38:08.770+0000][7][gc,heap     ] GC(423) Humongous regions: 0->0
[2024-01-23T01:38:08.770+0000][7][gc,metaspace] GC(423) Metaspace: 131046K(134720K)->131046K(134720K) NonClass: 113980K(115904K)->113980K(115904K) Class: 17066K(18816K)->17066K(18816K)
[2024-01-23T01:38:08.770+0000][7][gc          ] GC(423) Pause Young (Normal) (G1 Evacuation Pause) 752M->144M(1024M) 2.723ms
[2024-01-23T01:38:08.771+0000][7][gc,cpu      ] GC(423) User=0.02s Sys=0.00s Real=0.00s
[2024-01-23T01:38:08.771+0000][7][safepoint   ] Safepoint "G1CollectForAllocation", Time since last: 18836797866 ns, Reaching safepoint: 62924 ns, At safepoint: 2811397 ns, Total: 2874321 ns
[2024-01-23T01:40:38.851+0000][7][gc,start    ] GC(424) Pause Young (Normal) (G1 Evacuation Pause)
[2024-01-23T01:40:38.851+0000][7][gc,task     ] GC(424) Using 8 workers of 8 for evacuation
[2024-01-23T01:40:38.851+0000][7][gc,age      ] GC(424) Desired survivor size 41943040 bytes, new threshold 15 (max threshold 15)
[2024-01-23T01:40:38.853+0000][7][gc,phases   ] GC(424)   Pre Evacuate Collection Set: 0.1ms
[2024-01-23T01:40:38.853+0000][7][gc,phases   ] GC(424)   Merge Heap Roots: 0.1ms
[2024-01-23T01:40:38.853+0000][7][gc,phases   ] GC(424)   Evacuate Collection Set: 1.4ms
[2024-01-23T01:40:38.853+0000][7][gc,phases   ] GC(424)   Post Evacuate Collection Set: 0.8ms
[2024-01-23T01:40:38.853+0000][7][gc,phases   ] GC(424)   Other: 0.1ms
[2024-01-23T01:40:38.853+0000][7][gc,age      ] GC(424) Age table with threshold 15 (max threshold 15)
[2024-01-23T01:40:38.853+0000][7][gc,age      ] GC(424) - age   1:     855592 bytes,     855592 total
[2024-01-23T01:40:38.853+0000][7][gc,age      ] GC(424) - age   2:       2912 bytes,     858504 total
[2024-01-23T01:40:38.853+0000][7][gc,age      ] GC(424) - age   3:       1024 bytes,     859528 total
[2024-01-23T01:40:38.853+0000][7][gc,age      ] GC(424) - age   4:       5584 bytes,     865112 total
[2024-01-23T01:40:38.853+0000][7][gc,age      ] GC(424) - age   5:         64 bytes,     865176 total
[2024-01-23T01:40:38.853+0000][7][gc,age      ] GC(424) - age   7:     132296 bytes,     997472 total
[2024-01-23T01:40:38.853+0000][7][gc,age      ] GC(424) - age   8:       8040 bytes,    1005512 total
[2024-01-23T01:40:38.853+0000][7][gc,age      ] GC(424) - age   9:         32 bytes,    1005544 total
[2024-01-23T01:40:38.853+0000][7][gc,age      ] GC(424) - age  10:      12760 bytes,    1018304 total
[2024-01-23T01:40:38.853+0000][7][gc,age      ] GC(424) - age  11:      87312 bytes,    1105616 total
[2024-01-23T01:40:38.853+0000][7][gc,age      ] GC(424) - age  12:     146960 bytes,    1252576 total
[2024-01-23T01:40:38.853+0000][7][gc,age      ] GC(424) - age  13:        480 bytes,    1253056 total
[2024-01-23T01:40:38.853+0000][7][gc,age      ] GC(424) - age  14:     105784 bytes,    1358840 total
[2024-01-23T01:40:38.853+0000][7][gc,age      ] GC(424) - age  15:       1968 bytes,    1360808 total
[2024-01-23T01:40:38.854+0000][7][gc,heap     ] GC(424) Eden regions: 152->0(152)
[2024-01-23T01:40:38.854+0000][7][gc,heap     ] GC(424) Survivor regions: 1->1(20)
[2024-01-23T01:40:38.854+0000][7][gc,heap     ] GC(424) Old regions: 35->35
[2024-01-23T01:40:38.854+0000][7][gc,heap     ] GC(424) Archive regions: 2->2
[2024-01-23T01:40:38.854+0000][7][gc,heap     ] GC(424) Humongous regions: 0->0
[2024-01-23T01:40:38.854+0000][7][gc,metaspace] GC(424) Metaspace: 131046K(134720K)->131046K(134720K) NonClass: 113980K(115904K)->113980K(115904K) Class: 17066K(18816K)->17066K(18816K)
[2024-01-23T01:40:38.854+0000][7][gc          ] GC(424) Pause Young (Normal) (G1 Evacuation Pause) 752M->144M(1024M) 2.924ms
[2024-01-23T01:40:38.854+0000][7][gc,cpu      ] GC(424) User=0.02s Sys=0.00s Real=0.01s
[2024-01-23T01:40:38.854+0000][7][safepoint   ] Safepoint "G1CollectForAllocation", Time since last: 150080034864 ns, Reaching safepoint: 71012 ns, At safepoint: 3025481 ns, Total: 3096493 ns
[2024-01-23T01:43:46.262+0000][7][gc,start    ] GC(425) Pause Young (Normal) (G1 Evacuation Pause)
[2024-01-23T01:43:46.262+0000][7][gc,task     ] GC(425) Using 8 workers of 8 for evacuation
[2024-01-23T01:43:46.262+0000][7][gc,age      ] GC(425) Desired survivor size 41943040 bytes, new threshold 15 (max threshold 15)
[2024-01-23T01:43:46.264+0000][7][gc,phases   ] GC(425)   Pre Evacuate Collection Set: 0.1ms
[2024-01-23T01:43:46.264+0000][7][gc,phases   ] GC(425)   Merge Heap Roots: 0.1ms
[2024-01-23T01:43:46.264+0000][7][gc,phases   ] GC(425)   Evacuate Collection Set: 1.3ms
[2024-01-23T01:43:46.264+0000][7][gc,phases   ] GC(425)   Post Evacuate Collection Set: 0.8ms
[2024-01-23T01:43:46.264+0000][7][gc,phases   ] GC(425)   Other: 0.1ms
[2024-01-23T01:43:46.264+0000][7][gc,age      ] GC(425) Age table with threshold 15 (max threshold 15)
[2024-01-23T01:43:46.264+0000][7][gc,age      ] GC(425) - age   1:     634232 bytes,     634232 total
[2024-01-23T01:43:46.264+0000][7][gc,age      ] GC(425) - age   2:       3520 bytes,     637752 total
[2024-01-23T01:43:46.264+0000][7][gc,age      ] GC(425) - age   3:       1408 bytes,     639160 total
[2024-01-23T01:43:46.264+0000][7][gc,age      ] GC(425) - age   4:         56 bytes,     639216 total
[2024-01-23T01:43:46.264+0000][7][gc,age      ] GC(425) - age   5:       3280 bytes,     642496 total
[2024-01-23T01:43:46.264+0000][7][gc,age      ] GC(425) - age   6:         64 bytes,     642560 total
[2024-01-23T01:43:46.264+0000][7][gc,age      ] GC(425) - age   8:     131880 bytes,     774440 total
[2024-01-23T01:43:46.264+0000][7][gc,age      ] GC(425) - age   9:       8040 bytes,     782480 total
[2024-01-23T01:43:46.264+0000][7][gc,age      ] GC(425) - age  10:         32 bytes,     782512 total
[2024-01-23T01:43:46.264+0000][7][gc,age      ] GC(425) - age  11:      12760 bytes,     795272 total
[2024-01-23T01:43:46.264+0000][7][gc,age      ] GC(425) - age  12:      87312 bytes,     882584 total
[2024-01-23T01:43:46.264+0000][7][gc,age      ] GC(425) - age  13:     146960 bytes,    1029544 total
[2024-01-23T01:43:46.264+0000][7][gc,age      ] GC(425) - age  14:        480 bytes,    1030024 total
[2024-01-23T01:43:46.264+0000][7][gc,age      ] GC(425) - age  15:     105784 bytes,    1135808 total
[2024-01-23T01:43:46.264+0000][7][gc,heap     ] GC(425) Eden regions: 152->0(152)
[2024-01-23T01:43:46.264+0000][7][gc,heap     ] GC(425) Survivor regions: 1->1(20)
[2024-01-23T01:43:46.264+0000][7][gc,heap     ] GC(425) Old regions: 35->35
[2024-01-23T01:43:46.264+0000][7][gc,heap     ] GC(425) Archive regions: 2->2
[2024-01-23T01:43:46.264+0000][7][gc,heap     ] GC(425) Humongous regions: 0->0
[2024-01-23T01:43:46.264+0000][7][gc,metaspace] GC(425) Metaspace: 131046K(134720K)->131046K(134720K) NonClass: 113980K(115904K)->113980K(115904K) Class: 17066K(18816K)->17066K(18816K)
[2024-01-23T01:43:46.264+0000][7][gc          ] GC(425) Pause Young (Normal) (G1 Evacuation Pause) 752M->143M(1024M) 2.769ms
[2024-01-23T01:43:46.264+0000][7][gc,cpu      ] GC(425) User=0.01s Sys=0.00s Real=0.00s
[2024-01-23T01:43:46.264+0000][7][safepoint   ] Safepoint "G1CollectForAllocation", Time since last: 187407779693 ns, Reaching safepoint: 51311 ns, At safepoint: 2866990 ns, Total: 2918301 ns
[2024-01-23T01:46:41.861+0000][7][gc,start    ] GC(426) Pause Young (Normal) (G1 Evacuation Pause)
[2024-01-23T01:46:41.861+0000][7][gc,task     ] GC(426) Using 8 workers of 8 for evacuation
[2024-01-23T01:46:41.861+0000][7][gc,age      ] GC(426) Desired survivor size 41943040 bytes, new threshold 15 (max threshold 15)
[2024-01-23T01:46:41.863+0000][7][gc,phases   ] GC(426)   Pre Evacuate Collection Set: 0.1ms
[2024-01-23T01:46:41.863+0000][7][gc,phases   ] GC(426)   Merge Heap Roots: 0.1ms
[2024-01-23T01:46:41.863+0000][7][gc,phases   ] GC(426)   Evacuate Collection Set: 1.1ms
[2024-01-23T01:46:41.863+0000][7][gc,phases   ] GC(426)   Post Evacuate Collection Set: 0.7ms
[2024-01-23T01:46:41.863+0000][7][gc,phases   ] GC(426)   Other: 0.1ms
[2024-01-23T01:46:41.863+0000][7][gc,age      ] GC(426) Age table with threshold 15 (max threshold 15)
[2024-01-23T01:46:41.863+0000][7][gc,age      ] GC(426) - age   1:     455944 bytes,     455944 total
[2024-01-23T01:46:41.863+0000][7][gc,age      ] GC(426) - age   2:      13496 bytes,     469440 total
[2024-01-23T01:46:41.863+0000][7][gc,age      ] GC(426) - age   3:        408 bytes,     469848 total
[2024-01-23T01:46:41.863+0000][7][gc,age      ] GC(426) - age   4:        192 bytes,     470040 total
[2024-01-23T01:46:41.863+0000][7][gc,age      ] GC(426) - age   5:         56 bytes,     470096 total
[2024-01-23T01:46:41.863+0000][7][gc,age      ] GC(426) - age   6:       2984 bytes,     473080 total
[2024-01-23T01:46:41.863+0000][7][gc,age      ] GC(426) - age   7:         64 bytes,     473144 total
[2024-01-23T01:46:41.863+0000][7][gc,age      ] GC(426) - age   9:     131696 bytes,     604840 total
[2024-01-23T01:46:41.863+0000][7][gc,age      ] GC(426) - age  10:       8040 bytes,     612880 total
[2024-01-23T01:46:41.863+0000][7][gc,age      ] GC(426) - age  11:         32 bytes,     612912 total
[2024-01-23T01:46:41.863+0000][7][gc,age      ] GC(426) - age  12:      12576 bytes,     625488 total
[2024-01-23T01:46:41.863+0000][7][gc,age      ] GC(426) - age  13:      87312 bytes,     712800 total
[2024-01-23T01:46:41.863+0000][7][gc,age      ] GC(426) - age  14:     146960 bytes,     859760 total
[2024-01-23T01:46:41.863+0000][7][gc,age      ] GC(426) - age  15:        480 bytes,     860240 total
[2024-01-23T01:46:41.864+0000][7][gc,heap     ] GC(426) Eden regions: 152->0(152)
[2024-01-23T01:46:41.864+0000][7][gc,heap     ] GC(426) Survivor regions: 1->1(20)
[2024-01-23T01:46:41.864+0000][7][gc,heap     ] GC(426) Old regions: 35->35
[2024-01-23T01:46:41.864+0000][7][gc,heap     ] GC(426) Archive regions: 2->2
[2024-01-23T01:46:41.864+0000][7][gc,heap     ] GC(426) Humongous regions: 0->0
[2024-01-23T01:46:41.864+0000][7][gc,metaspace] GC(426) Metaspace: 131046K(134720K)->131046K(134720K) NonClass: 113980K(115904K)->113980K(115904K) Class: 17066K(18816K)->17066K(18816K)
[2024-01-23T01:46:41.864+0000][7][gc          ] GC(426) Pause Young (Normal) (G1 Evacuation Pause) 751M->143M(1024M) 2.571ms
[2024-01-23T01:46:41.864+0000][7][gc,cpu      ] GC(426) User=0.00s Sys=0.01s Real=0.00s
[2024-01-23T01:46:41.864+0000][7][safepoint   ] Safepoint "G1CollectForAllocation", Time since last: 175596587732 ns, Reaching safepoint: 39712 ns, At safepoint: 2678395 ns, Total: 2718107 ns
[2024-01-23T01:49:05.858+0000][7][gc,start    ] GC(427) Pause Young (Normal) (G1 Evacuation Pause)
[2024-01-23T01:49:05.858+0000][7][gc,task     ] GC(427) Using 8 workers of 8 for evacuation
[2024-01-23T01:49:05.858+0000][7][gc,age      ] GC(427) Desired survivor size 41943040 bytes, new threshold 15 (max threshold 15)
[2024-01-23T01:49:05.860+0000][7][gc,phases   ] GC(427)   Pre Evacuate Collection Set: 0.1ms
[2024-01-23T01:49:05.860+0000][7][gc,phases   ] GC(427)   Merge Heap Roots: 0.1ms
[2024-01-23T01:49:05.860+0000][7][gc,phases   ] GC(427)   Evacuate Collection Set: 1.3ms
[2024-01-23T01:49:05.860+0000][7][gc,phases   ] GC(427)   Post Evacuate Collection Set: 0.6ms
[2024-01-23T01:49:05.860+0000][7][gc,phases   ] GC(427)   Other: 0.1ms
[2024-01-23T01:49:05.860+0000][7][gc,age      ] GC(427) Age table with threshold 15 (max threshold 15)
[2024-01-23T01:49:05.860+0000][7][gc,age      ] GC(427) - age   1:    1727872 bytes,    1727872 total
[2024-01-23T01:49:05.860+0000][7][gc,age      ] GC(427) - age   2:       3600 bytes,    1731472 total
[2024-01-23T01:49:05.860+0000][7][gc,age      ] GC(427) - age   3:      11824 bytes,    1743296 total
[2024-01-23T01:49:05.860+0000][7][gc,age      ] GC(427) - age   4:        280 bytes,    1743576 total
[2024-01-23T01:49:05.860+0000][7][gc,age      ] GC(427) - age   5:        128 bytes,    1743704 total
[2024-01-23T01:49:05.860+0000][7][gc,age      ] GC(427) - age   6:         56 bytes,    1743760 total
[2024-01-23T01:49:05.860+0000][7][gc,age      ] GC(427) - age   7:       2592 bytes,    1746352 total
[2024-01-23T01:49:05.860+0000][7][gc,age      ] GC(427) - age   8:         64 bytes,    1746416 total
[2024-01-23T01:49:05.860+0000][7][gc,age      ] GC(427) - age  10:     131696 bytes,    1878112 total
[2024-01-23T01:49:05.860+0000][7][gc,age      ] GC(427) - age  11:       8040 bytes,    1886152 total
[2024-01-23T01:49:05.860+0000][7][gc,age      ] GC(427) - age  12:         32 bytes,    1886184 total
[2024-01-23T01:49:05.860+0000][7][gc,age      ] GC(427) - age  13:      12576 bytes,    1898760 total
[2024-01-23T01:49:05.860+0000][7][gc,age      ] GC(427) - age  14:      87312 bytes,    1986072 total
[2024-01-23T01:49:05.860+0000][7][gc,age      ] GC(427) - age  15:     146960 bytes,    2133032 total
[2024-01-23T01:49:05.860+0000][7][gc,heap     ] GC(427) Eden regions: 152->0(152)
[2024-01-23T01:49:05.860+0000][7][gc,heap     ] GC(427) Survivor regions: 1->1(20)
[2024-01-23T01:49:05.860+0000][7][gc,heap     ] GC(427) Old regions: 35->35
[2024-01-23T01:49:05.860+0000][7][gc,heap     ] GC(427) Archive regions: 2->2
[2024-01-23T01:49:05.860+0000][7][gc,heap     ] GC(427) Humongous regions: 0->0
[2024-01-23T01:49:05.860+0000][7][gc,metaspace] GC(427) Metaspace: 131046K(134720K)->131046K(134720K) NonClass: 113980K(115904K)->113980K(115904K) Class: 17066K(18816K)->17066K(18816K)
[2024-01-23T01:49:05.860+0000][7][gc          ] GC(427) Pause Young (Normal) (G1 Evacuation Pause) 751M->144M(1024M) 2.460ms
[2024-01-23T01:49:05.860+0000][7][gc,cpu      ] GC(427) User=0.01s Sys=0.00s Real=0.00s
[2024-01-23T01:49:05.860+0000][7][safepoint   ] Safepoint "G1CollectForAllocation", Time since last: 143993910235 ns, Reaching safepoint: 46928 ns, At safepoint: 2544306 ns, Total: 2591234 ns
[2024-01-23T01:51:44.809+0000][7][gc,start    ] GC(428) Pause Young (Normal) (G1 Evacuation Pause)
[2024-01-23T01:51:44.809+0000][7][gc,task     ] GC(428) Using 8 workers of 8 for evacuation
[2024-01-23T01:51:44.809+0000][7][gc,age      ] GC(428) Desired survivor size 41943040 bytes, new threshold 15 (max threshold 15)
[2024-01-23T01:51:44.811+0000][7][gc,phases   ] GC(428)   Pre Evacuate Collection Set: 0.1ms
[2024-01-23T01:51:44.811+0000][7][gc,phases   ] GC(428)   Merge Heap Roots: 0.1ms
[2024-01-23T01:51:44.811+0000][7][gc,phases   ] GC(428)   Evacuate Collection Set: 1.0ms
[2024-01-23T01:51:44.811+0000][7][gc,phases   ] GC(428)   Post Evacuate Collection Set: 0.7ms
[2024-01-23T01:51:44.811+0000][7][gc,phases   ] GC(428)   Other: 0.1ms
[2024-01-23T01:51:44.811+0000][7][gc,age      ] GC(428) Age table with threshold 15 (max threshold 15)
[2024-01-23T01:51:44.811+0000][7][gc,age      ] GC(428) - age   1:     711624 bytes,     711624 total
[2024-01-23T01:51:44.811+0000][7][gc,age      ] GC(428) - age   2:       3944 bytes,     715568 total
[2024-01-23T01:51:44.811+0000][7][gc,age      ] GC(428) - age   3:       2096 bytes,     717664 total
[2024-01-23T01:51:44.811+0000][7][gc,age      ] GC(428) - age   4:      11576 bytes,     729240 total
[2024-01-23T01:51:44.811+0000][7][gc,age      ] GC(428) - age   5:        184 bytes,     729424 total
[2024-01-23T01:51:44.811+0000][7][gc,age      ] GC(428) - age   7:         56 bytes,     729480 total
[2024-01-23T01:51:44.811+0000][7][gc,age      ] GC(428) - age   8:       2592 bytes,     732072 total
[2024-01-23T01:51:44.811+0000][7][gc,age      ] GC(428) - age   9:         64 bytes,     732136 total
[2024-01-23T01:51:44.811+0000][7][gc,age      ] GC(428) - age  11:     131696 bytes,     863832 total
[2024-01-23T01:51:44.811+0000][7][gc,age      ] GC(428) - age  12:       8040 bytes,     871872 total
[2024-01-23T01:51:44.811+0000][7][gc,age      ] GC(428) - age  13:         32 bytes,     871904 total
[2024-01-23T01:51:44.811+0000][7][gc,age      ] GC(428) - age  14:      12576 bytes,     884480 total
[2024-01-23T01:51:44.811+0000][7][gc,age      ] GC(428) - age  15:      87312 bytes,     971792 total
[2024-01-23T01:51:44.811+0000][7][gc,heap     ] GC(428) Eden regions: 152->0(152)
[2024-01-23T01:51:44.811+0000][7][gc,heap     ] GC(428) Survivor regions: 1->1(20)
[2024-01-23T01:51:44.811+0000][7][gc,heap     ] GC(428) Old regions: 35->35
[2024-01-23T01:51:44.811+0000][7][gc,heap     ] GC(428) Archive regions: 2->2
[2024-01-23T01:51:44.811+0000][7][gc,heap     ] GC(428) Humongous regions: 0->0
[2024-01-23T01:51:44.811+0000][7][gc,metaspace] GC(428) Metaspace: 131046K(134720K)->131046K(134720K) NonClass: 113980K(115904K)->113980K(115904K) Class: 17066K(18816K)->17066K(18816K)
[2024-01-23T01:51:44.811+0000][7][gc          ] GC(428) Pause Young (Normal) (G1 Evacuation Pause) 752M->143M(1024M) 2.338ms
[2024-01-23T01:51:44.812+0000][7][gc,cpu      ] GC(428) User=0.01s Sys=0.01s Real=0.00s
[2024-01-23T01:51:44.812+0000][7][safepoint   ] Safepoint "G1CollectForAllocation", Time since last: 158948898131 ns, Reaching safepoint: 52667 ns, At safepoint: 2427515 ns, Total: 2480182 ns
[2024-01-23T01:54:17.874+0000][7][gc,start    ] GC(429) Pause Young (Normal) (G1 Evacuation Pause)
[2024-01-23T01:54:17.874+0000][7][gc,task     ] GC(429) Using 8 workers of 8 for evacuation
[2024-01-23T01:54:17.874+0000][7][gc,age      ] GC(429) Desired survivor size 41943040 bytes, new threshold 15 (max threshold 15)
[2024-01-23T01:54:17.876+0000][7][gc,phases   ] GC(429)   Pre Evacuate Collection Set: 0.1ms
[2024-01-23T01:54:17.876+0000][7][gc,phases   ] GC(429)   Merge Heap Roots: 0.1ms
[2024-01-23T01:54:17.876+0000][7][gc,phases   ] GC(429)   Evacuate Collection Set: 1.4ms
[2024-01-23T01:54:17.876+0000][7][gc,phases   ] GC(429)   Post Evacuate Collection Set: 0.6ms
[2024-01-23T01:54:17.876+0000][7][gc,phases   ] GC(429)   Other: 0.1ms
[2024-01-23T01:54:17.876+0000][7][gc,age      ] GC(429) Age table with threshold 15 (max threshold 15)
[2024-01-23T01:54:17.876+0000][7][gc,age      ] GC(429) - age   1:    1838720 bytes,    1838720 total
[2024-01-23T01:54:17.876+0000][7][gc,age      ] GC(429) - age   2:       2552 bytes,    1841272 total
[2024-01-23T01:54:17.876+0000][7][gc,age      ] GC(429) - age   3:       1344 bytes,    1842616 total
[2024-01-23T01:54:17.876+0000][7][gc,age      ] GC(429) - age   4:       1144 bytes,    1843760 total
[2024-01-23T01:54:17.876+0000][7][gc,age      ] GC(429) - age   5:       8496 bytes,    1852256 total
[2024-01-23T01:54:17.876+0000][7][gc,age      ] GC(429) - age   6:        184 bytes,    1852440 total
[2024-01-23T01:54:17.876+0000][7][gc,age      ] GC(429) - age   9:       2408 bytes,    1854848 total
[2024-01-23T01:54:17.876+0000][7][gc,age      ] GC(429) - age  10:         64 bytes,    1854912 total
[2024-01-23T01:54:17.876+0000][7][gc,age      ] GC(429) - age  12:     131696 bytes,    1986608 total
[2024-01-23T01:54:17.876+0000][7][gc,age      ] GC(429) - age  13:       8040 bytes,    1994648 total
[2024-01-23T01:54:17.876+0000][7][gc,age      ] GC(429) - age  14:         32 bytes,    1994680 total
[2024-01-23T01:54:17.876+0000][7][gc,age      ] GC(429) - age  15:      12576 bytes,    2007256 total
[2024-01-23T01:54:17.876+0000][7][gc,heap     ] GC(429) Eden regions: 152->0(152)
[2024-01-23T01:54:17.876+0000][7][gc,heap     ] GC(429) Survivor regions: 1->1(20)
[2024-01-23T01:54:17.876+0000][7][gc,heap     ] GC(429) Old regions: 35->35
[2024-01-23T01:54:17.876+0000][7][gc,heap     ] GC(429) Archive regions: 2->2
[2024-01-23T01:54:17.876+0000][7][gc,heap     ] GC(429) Humongous regions: 0->0
[2024-01-23T01:54:17.876+0000][7][gc,metaspace] GC(429) Metaspace: 131046K(134720K)->131046K(134720K) NonClass: 113980K(115904K)->113980K(115904K) Class: 17066K(18816K)->17066K(18816K)
[2024-01-23T01:54:17.876+0000][7][gc          ] GC(429) Pause Young (Normal) (G1 Evacuation Pause) 751M->145M(1024M) 2.586ms
[2024-01-23T01:54:17.876+0000][7][gc,cpu      ] GC(429) User=0.01s Sys=0.01s Real=0.00s
[2024-01-23T01:54:17.876+0000][7][safepoint   ] Safepoint "G1CollectForAllocation", Time since last: 153061883818 ns, Reaching safepoint: 126992 ns, At safepoint: 2672444 ns, Total: 2799436 ns
[2024-01-23T01:57:26.844+0000][7][gc,start    ] GC(430) Pause Young (Normal) (G1 Evacuation Pause)
[2024-01-23T01:57:26.844+0000][7][gc,task     ] GC(430) Using 8 workers of 8 for evacuation
[2024-01-23T01:57:26.844+0000][7][gc,age      ] GC(430) Desired survivor size 41943040 bytes, new threshold 15 (max threshold 15)
[2024-01-23T01:57:26.847+0000][7][gc,phases   ] GC(430)   Pre Evacuate Collection Set: 0.1ms
[2024-01-23T01:57:26.847+0000][7][gc,phases   ] GC(430)   Merge Heap Roots: 0.1ms
[2024-01-23T01:57:26.847+0000][7][gc,phases   ] GC(430)   Evacuate Collection Set: 1.2ms
[2024-01-23T01:57:26.847+0000][7][gc,phases   ] GC(430)   Post Evacuate Collection Set: 0.7ms
[2024-01-23T01:57:26.847+0000][7][gc,phases   ] GC(430)   Other: 0.1ms
[2024-01-23T01:57:26.847+0000][7][gc,age      ] GC(430) Age table with threshold 15 (max threshold 15)
[2024-01-23T01:57:26.847+0000][7][gc,age      ] GC(430) - age   1:    1417960 bytes,    1417960 total
[2024-01-23T01:57:26.847+0000][7][gc,age      ] GC(430) - age   2:       6360 bytes,    1424320 total
[2024-01-23T01:57:26.847+0000][7][gc,age      ] GC(430) - age   3:        744 bytes,    1425064 total
[2024-01-23T01:57:26.847+0000][7][gc,age      ] GC(430) - age   4:        640 bytes,    1425704 total
[2024-01-23T01:57:26.847+0000][7][gc,age      ] GC(430) - age   5:        184 bytes,    1425888 total
[2024-01-23T01:57:26.847+0000][7][gc,age      ] GC(430) - age   6:       8432 bytes,    1434320 total
[2024-01-23T01:57:26.847+0000][7][gc,age      ] GC(430) - age   7:        184 bytes,    1434504 total
[2024-01-23T01:57:26.847+0000][7][gc,age      ] GC(430) - age  10:       2408 bytes,    1436912 total
[2024-01-23T01:57:26.847+0000][7][gc,age      ] GC(430) - age  11:         64 bytes,    1436976 total
[2024-01-23T01:57:26.847+0000][7][gc,age      ] GC(430) - age  13:     131696 bytes,    1568672 total
[2024-01-23T01:57:26.847+0000][7][gc,age      ] GC(430) - age  14:       8040 bytes,    1576712 total
[2024-01-23T01:57:26.847+0000][7][gc,age      ] GC(430) - age  15:         32 bytes,    1576744 total
[2024-01-23T01:57:26.847+0000][7][gc,heap     ] GC(430) Eden regions: 152->0(152)
[2024-01-23T01:57:26.847+0000][7][gc,heap     ] GC(430) Survivor regions: 1->1(20)
[2024-01-23T01:57:26.847+0000][7][gc,heap     ] GC(430) Old regions: 35->35
[2024-01-23T01:57:26.847+0000][7][gc,heap     ] GC(430) Archive regions: 2->2
[2024-01-23T01:57:26.847+0000][7][gc,heap     ] GC(430) Humongous regions: 0->0
[2024-01-23T01:57:26.847+0000][7][gc,metaspace] GC(430) Metaspace: 131046K(134720K)->131046K(134720K) NonClass: 113980K(115904K)->113980K(115904K) Class: 17066K(18816K)->17066K(18816K)
[2024-01-23T01:57:26.847+0000][7][gc          ] GC(430) Pause Young (Normal) (G1 Evacuation Pause) 753M->144M(1024M) 2.407ms
[2024-01-23T01:57:26.847+0000][7][gc,cpu      ] GC(430) User=0.01s Sys=0.00s Real=0.01s
[2024-01-23T01:57:26.847+0000][7][safepoint   ] Safepoint "G1CollectForAllocation", Time since last: 188968052314 ns, Reaching safepoint: 46736 ns, At safepoint: 2479871 ns, Total: 2526607 ns
[2024-01-23T02:00:05.928+0000][7][gc,start    ] GC(431) Pause Young (Normal) (G1 Evacuation Pause)
[2024-01-23T02:00:05.928+0000][7][gc,task     ] GC(431) Using 8 workers of 8 for evacuation
[2024-01-23T02:00:05.928+0000][7][gc,age      ] GC(431) Desired survivor size 41943040 bytes, new threshold 15 (max threshold 15)
[2024-01-23T02:00:05.930+0000][7][gc,phases   ] GC(431)   Pre Evacuate Collection Set: 0.1ms
[2024-01-23T02:00:05.930+0000][7][gc,phases   ] GC(431)   Merge Heap Roots: 0.1ms
[2024-01-23T02:00:05.930+0000][7][gc,phases   ] GC(431)   Evacuate Collection Set: 1.2ms
[2024-01-23T02:00:05.930+0000][7][gc,phases   ] GC(431)   Post Evacuate Collection Set: 0.7ms
[2024-01-23T02:00:05.930+0000][7][gc,phases   ] GC(431)   Other: 0.1ms
[2024-01-23T02:00:05.930+0000][7][gc,age      ] GC(431) Age table with threshold 15 (max threshold 15)
[2024-01-23T02:00:05.930+0000][7][gc,age      ] GC(431) - age   1:    1660208 bytes,    1660208 total
[2024-01-23T02:00:05.930+0000][7][gc,age      ] GC(431) - age   2:       4664 bytes,    1664872 total
[2024-01-23T02:00:05.930+0000][7][gc,age      ] GC(431) - age   3:       4192 bytes,    1669064 total
[2024-01-23T02:00:05.930+0000][7][gc,age      ] GC(431) - age   4:        128 bytes,    1669192 total
[2024-01-23T02:00:05.930+0000][7][gc,age      ] GC(431) - age   5:        576 bytes,    1669768 total
[2024-01-23T02:00:05.930+0000][7][gc,age      ] GC(431) - age   6:        184 bytes,    1669952 total
[2024-01-23T02:00:05.930+0000][7][gc,age      ] GC(431) - age   7:       8432 bytes,    1678384 total
[2024-01-23T02:00:05.930+0000][7][gc,age      ] GC(431) - age   8:        184 bytes,    1678568 total
[2024-01-23T02:00:05.930+0000][7][gc,age      ] GC(431) - age  11:       2408 bytes,    1680976 total
[2024-01-23T02:00:05.930+0000][7][gc,age      ] GC(431) - age  12:         64 bytes,    1681040 total
[2024-01-23T02:00:05.930+0000][7][gc,age      ] GC(431) - age  14:     131696 bytes,    1812736 total
[2024-01-23T02:00:05.930+0000][7][gc,age      ] GC(431) - age  15:       8040 bytes,    1820776 total
[2024-01-23T02:00:05.930+0000][7][gc,heap     ] GC(431) Eden regions: 152->0(152)
[2024-01-23T02:00:05.930+0000][7][gc,heap     ] GC(431) Survivor regions: 1->1(20)
[2024-01-23T02:00:05.930+0000][7][gc,heap     ] GC(431) Old regions: 35->35
[2024-01-23T02:00:05.930+0000][7][gc,heap     ] GC(431) Archive regions: 2->2
[2024-01-23T02:00:05.930+0000][7][gc,heap     ] GC(431) Humongous regions: 0->0
[2024-01-23T02:00:05.930+0000][7][gc,metaspace] GC(431) Metaspace: 131046K(134720K)->131046K(134720K) NonClass: 113980K(115904K)->113980K(115904K) Class: 17066K(18816K)->17066K(18816K)
[2024-01-23T02:00:05.930+0000][7][gc          ] GC(431) Pause Young (Normal) (G1 Evacuation Pause) 752M->144M(1024M) 2.299ms
[2024-01-23T02:00:05.930+0000][7][gc,cpu      ] GC(431) User=0.01s Sys=0.01s Real=0.00s
[2024-01-23T02:00:05.930+0000][7][safepoint   ] Safepoint "G1CollectForAllocation", Time since last: 159081010375 ns, Reaching safepoint: 50112 ns, At safepoint: 2376909 ns, Total: 2427021 ns
[2024-01-23T02:02:39.022+0000][7][gc,start    ] GC(432) Pause Young (Normal) (G1 Evacuation Pause)
[2024-01-23T02:02:39.022+0000][7][gc,task     ] GC(432) Using 8 workers of 8 for evacuation
[2024-01-23T02:02:39.022+0000][7][gc,age      ] GC(432) Desired survivor size 41943040 bytes, new threshold 15 (max threshold 15)
[2024-01-23T02:02:39.025+0000][7][gc,phases   ] GC(432)   Pre Evacuate Collection Set: 0.1ms
[2024-01-23T02:02:39.025+0000][7][gc,phases   ] GC(432)   Merge Heap Roots: 0.1ms
[2024-01-23T02:02:39.025+0000][7][gc,phases   ] GC(432)   Evacuate Collection Set: 1.0ms
[2024-01-23T02:02:39.025+0000][7][gc,phases   ] GC(432)   Post Evacuate Collection Set: 0.8ms
[2024-01-23T02:02:39.025+0000][7][gc,phases   ] GC(432)   Other: 0.1ms
[2024-01-23T02:02:39.025+0000][7][gc,age      ] GC(432) Age table with threshold 15 (max threshold 15)
[2024-01-23T02:02:39.025+0000][7][gc,age      ] GC(432) - age   1:     822328 bytes,     822328 total
[2024-01-23T02:02:39.025+0000][7][gc,age      ] GC(432) - age   2:      11312 bytes,     833640 total
[2024-01-23T02:02:39.025+0000][7][gc,age      ] GC(432) - age   3:       1928 bytes,     835568 total
[2024-01-23T02:02:39.025+0000][7][gc,age      ] GC(432) - age   4:       1312 bytes,     836880 total
[2024-01-23T02:02:39.025+0000][7][gc,age      ] GC(432) - age   6:        184 bytes,     837064 total
[2024-01-23T02:02:39.025+0000][7][gc,age      ] GC(432) - age   7:        184 bytes,     837248 total
[2024-01-23T02:02:39.025+0000][7][gc,age      ] GC(432) - age   8:       8048 bytes,     845296 total
[2024-01-23T02:02:39.025+0000][7][gc,age      ] GC(432) - age   9:        184 bytes,     845480 total
[2024-01-23T02:02:39.025+0000][7][gc,age      ] GC(432) - age  12:       2224 bytes,     847704 total
[2024-01-23T02:02:39.025+0000][7][gc,age      ] GC(432) - age  13:         64 bytes,     847768 total
[2024-01-23T02:02:39.025+0000][7][gc,age      ] GC(432) - age  15:     131696 bytes,     979464 total
[2024-01-23T02:02:39.025+0000][7][gc,heap     ] GC(432) Eden regions: 152->0(152)
[2024-01-23T02:02:39.025+0000][7][gc,heap     ] GC(432) Survivor regions: 1->1(20)
[2024-01-23T02:02:39.025+0000][7][gc,heap     ] GC(432) Old regions: 35->35
[2024-01-23T02:02:39.025+0000][7][gc,heap     ] GC(432) Archive regions: 2->2
[2024-01-23T02:02:39.025+0000][7][gc,heap     ] GC(432) Humongous regions: 0->0
[2024-01-23T02:02:39.025+0000][7][gc,metaspace] GC(432) Metaspace: 131046K(134720K)->131046K(134720K) NonClass: 113980K(115904K)->113980K(115904K) Class: 17066K(18816K)->17066K(18816K)
[2024-01-23T02:02:39.025+0000][7][gc          ] GC(432) Pause Young (Normal) (G1 Evacuation Pause) 752M->144M(1024M) 2.498ms
[2024-01-23T02:02:39.025+0000][7][gc,cpu      ] GC(432) User=0.01s Sys=0.00s Real=0.00s
[2024-01-23T02:02:39.025+0000][7][safepoint   ] Safepoint "G1CollectForAllocation", Time since last: 153091945335 ns, Reaching safepoint: 73473 ns, At safepoint: 2592910 ns, Total: 2666383 ns
[2024-01-23T02:05:44.864+0000][7][gc,start    ] GC(433) Pause Young (Normal) (G1 Evacuation Pause)
[2024-01-23T02:05:44.864+0000][7][gc,task     ] GC(433) Using 8 workers of 8 for evacuation
[2024-01-23T02:05:44.864+0000][7][gc,age      ] GC(433) Desired survivor size 41943040 bytes, new threshold 15 (max threshold 15)
[2024-01-23T02:05:44.866+0000][7][gc,phases   ] GC(433)   Pre Evacuate Collection Set: 0.1ms
[2024-01-23T02:05:44.866+0000][7][gc,phases   ] GC(433)   Merge Heap Roots: 0.1ms
[2024-01-23T02:05:44.866+0000][7][gc,phases   ] GC(433)   Evacuate Collection Set: 0.9ms
[2024-01-23T02:05:44.866+0000][7][gc,phases   ] GC(433)   Post Evacuate Collection Set: 0.8ms
[2024-01-23T02:05:44.866+0000][7][gc,phases   ] GC(433)   Other: 0.1ms
[2024-01-23T02:05:44.866+0000][7][gc,age      ] GC(433) Age table with threshold 15 (max threshold 15)
[2024-01-23T02:05:44.866+0000][7][gc,age      ] GC(433) - age   1:     598176 bytes,     598176 total
[2024-01-23T02:05:44.866+0000][7][gc,age      ] GC(433) - age   2:       6200 bytes,     604376 total
[2024-01-23T02:05:44.866+0000][7][gc,age      ] GC(433) - age   3:        568 bytes,     604944 total
[2024-01-23T02:05:44.866+0000][7][gc,age      ] GC(433) - age   4:       1264 bytes,     606208 total
[2024-01-23T02:05:44.866+0000][7][gc,age      ] GC(433) - age   5:        560 bytes,     606768 total
[2024-01-23T02:05:44.866+0000][7][gc,age      ] GC(433) - age   7:        184 bytes,     606952 total
[2024-01-23T02:05:44.866+0000][7][gc,age      ] GC(433) - age   8:        184 bytes,     607136 total
[2024-01-23T02:05:44.866+0000][7][gc,age      ] GC(433) - age  10:        184 bytes,     607320 total
[2024-01-23T02:05:44.866+0000][7][gc,age      ] GC(433) - age  13:       2224 bytes,     609544 total
[2024-01-23T02:05:44.866+0000][7][gc,age      ] GC(433) - age  14:         64 bytes,     609608 total
[2024-01-23T02:05:44.866+0000][7][gc,heap     ] GC(433) Eden regions: 152->0(152)
[2024-01-23T02:05:44.866+0000][7][gc,heap     ] GC(433) Survivor regions: 1->1(20)
[2024-01-23T02:05:44.866+0000][7][gc,heap     ] GC(433) Old regions: 35->35
[2024-01-23T02:05:44.866+0000][7][gc,heap     ] GC(433) Archive regions: 2->2
[2024-01-23T02:05:44.866+0000][7][gc,heap     ] GC(433) Humongous regions: 0->0
[2024-01-23T02:05:44.866+0000][7][gc,metaspace] GC(433) Metaspace: 131046K(134720K)->131046K(134720K) NonClass: 113980K(115904K)->113980K(115904K) Class: 17066K(18816K)->17066K(18816K)
[2024-01-23T02:05:44.866+0000][7][gc          ] GC(433) Pause Young (Normal) (G1 Evacuation Pause) 752M->143M(1024M) 2.323ms
[2024-01-23T02:05:44.866+0000][7][gc,cpu      ] GC(433) User=0.01s Sys=0.00s Real=0.01s
[2024-01-23T02:05:44.866+0000][7][safepoint   ] Safepoint "G1CollectForAllocation", Time since last: 185838644466 ns, Reaching safepoint: 42344 ns, At safepoint: 2430464 ns, Total: 2472808 ns
[2024-01-23T19:36:11.383+0000][7][safepoint   ] Safepoint "Cleanup", Time since last: 102627745703 ns, Reaching safepoint: 83393 ns, At safepoint: 11501 ns, Total: 94894 ns
[2024-01-23T19:36:14.384+0000][7][safepoint   ] Safepoint "Cleanup", Time since last: 3000322789 ns, Reaching safepoint: 58648 ns, At safepoint: 6872 ns, Total: 65520 ns
[2024-01-23T22:10:50.934+0000][7][gc,start    ] GC(434) Pause Young (Normal) (G1 Evacuation Pause)
[2024-01-23T22:10:50.934+0000][7][gc,task     ] GC(434) Using 8 workers of 8 for evacuation
[2024-01-23T22:10:50.934+0000][7][gc,age      ] GC(434) Desired survivor size 41943040 bytes, new threshold 15 (max threshold 15)
[2024-01-23T22:10:50.937+0000][7][gc,phases   ] GC(434)   Pre Evacuate Collection Set: 0.1ms
[2024-01-23T22:10:50.937+0000][7][gc,phases   ] GC(434)   Merge Heap Roots: 0.1ms
[2024-01-23T22:10:50.937+0000][7][gc,phases   ] GC(434)   Evacuate Collection Set: 1.9ms
[2024-01-23T22:10:50.937+0000][7][gc,phases   ] GC(434)   Post Evacuate Collection Set: 0.8ms
[2024-01-23T22:10:50.937+0000][7][gc,phases   ] GC(434)   Other: 0.1ms
[2024-01-23T22:10:50.937+0000][7][gc,age      ] GC(434) Age table with threshold 15 (max threshold 15)
[2024-01-23T22:10:50.937+0000][7][gc,age      ] GC(434) - age   1:    1951272 bytes,    1951272 total
[2024-01-23T22:10:50.937+0000][7][gc,age      ] GC(434) - age   2:      95568 bytes,    2046840 total
[2024-01-23T22:10:50.937+0000][7][gc,age      ] GC(434) - age   3:       3736 bytes,    2050576 total
[2024-01-23T22:10:50.937+0000][7][gc,age      ] GC(434) - age   4:        248 bytes,    2050824 total
[2024-01-23T22:10:50.937+0000][7][gc,age      ] GC(434) - age   5:         56 bytes,    2050880 total
[2024-01-23T22:10:50.937+0000][7][gc,age      ] GC(434) - age   6:        120 bytes,    2051000 total
[2024-01-23T22:10:50.937+0000][7][gc,age      ] GC(434) - age   8:        184 bytes,    2051184 total
[2024-01-23T22:10:50.937+0000][7][gc,age      ] GC(434) - age   9:        184 bytes,    2051368 total
[2024-01-23T22:10:50.937+0000][7][gc,age      ] GC(434) - age  11:        184 bytes,    2051552 total
[2024-01-23T22:10:50.937+0000][7][gc,age      ] GC(434) - age  14:       2224 bytes,    2053776 total
[2024-01-23T22:10:50.937+0000][7][gc,age      ] GC(434) - age  15:         64 bytes,    2053840 total
[2024-01-23T22:10:50.937+0000][7][gc,heap     ] GC(434) Eden regions: 152->0(152)
[2024-01-23T22:10:50.937+0000][7][gc,heap     ] GC(434) Survivor regions: 1->1(20)
[2024-01-23T22:10:50.937+0000][7][gc,heap     ] GC(434) Old regions: 35->35
[2024-01-23T22:10:50.937+0000][7][gc,heap     ] GC(434) Archive regions: 2->2
[2024-01-23T22:10:50.937+0000][7][gc,heap     ] GC(434) Humongous regions: 0->0
[2024-01-23T22:10:50.937+0000][7][gc,metaspace] GC(434) Metaspace: 131058K(134720K)->131058K(134720K) NonClass: 113992K(115904K)->113992K(115904K) Class: 17066K(18816K)->17066K(18816K)
[2024-01-23T22:10:50.937+0000][7][gc          ] GC(434) Pause Young (Normal) (G1 Evacuation Pause) 751M->145M(1024M) 3.337ms
[2024-01-23T22:10:50.937+0000][7][gc,cpu      ] GC(434) User=0.02s Sys=0.00s Real=0.00s
[2024-01-23T22:10:50.937+0000][7][safepoint   ] Safepoint "G1CollectForAllocation", Time since last: 56383591853 ns, Reaching safepoint: 46963 ns, At safepoint: 3437959 ns, Total: 3484922 ns
[2024-01-23T22:13:21.065+0000][7][gc,start    ] GC(435) Pause Young (Normal) (G1 Evacuation Pause)
[2024-01-23T22:13:21.065+0000][7][gc,task     ] GC(435) Using 8 workers of 8 for evacuation
[2024-01-23T22:13:21.065+0000][7][gc,age      ] GC(435) Desired survivor size 41943040 bytes, new threshold 15 (max threshold 15)
[2024-01-23T22:13:21.067+0000][7][gc,phases   ] GC(435)   Pre Evacuate Collection Set: 0.1ms
[2024-01-23T22:13:21.067+0000][7][gc,phases   ] GC(435)   Merge Heap Roots: 0.0ms
[2024-01-23T22:13:21.067+0000][7][gc,phases   ] GC(435)   Evacuate Collection Set: 1.2ms
[2024-01-23T22:13:21.067+0000][7][gc,phases   ] GC(435)   Post Evacuate Collection Set: 0.5ms
[2024-01-23T22:13:21.067+0000][7][gc,phases   ] GC(435)   Other: 0.1ms
[2024-01-23T22:13:21.067+0000][7][gc,age      ] GC(435) Age table with threshold 15 (max threshold 15)
[2024-01-23T22:13:21.067+0000][7][gc,age      ] GC(435) - age   1:    1947352 bytes,    1947352 total
[2024-01-23T22:13:21.067+0000][7][gc,age      ] GC(435) - age   2:     361320 bytes,    2308672 total
[2024-01-23T22:13:21.067+0000][7][gc,age      ] GC(435) - age   3:      94096 bytes,    2402768 total
[2024-01-23T22:13:21.067+0000][7][gc,age      ] GC(435) - age   4:       3352 bytes,    2406120 total
[2024-01-23T22:13:21.067+0000][7][gc,age      ] GC(435) - age   5:        184 bytes,    2406304 total
[2024-01-23T22:13:21.067+0000][7][gc,age      ] GC(435) - age   6:         56 bytes,    2406360 total
[2024-01-23T22:13:21.067+0000][7][gc,age      ] GC(435) - age   7:        120 bytes,    2406480 total
[2024-01-23T22:13:21.067+0000][7][gc,age      ] GC(435) - age   9:        184 bytes,    2406664 total
[2024-01-23T22:13:21.067+0000][7][gc,age      ] GC(435) - age  10:        184 bytes,    2406848 total
[2024-01-23T22:13:21.067+0000][7][gc,age      ] GC(435) - age  15:       2224 bytes,    2409072 total
[2024-01-23T22:13:21.067+0000][7][gc,heap     ] GC(435) Eden regions: 152->0(152)
[2024-01-23T22:13:21.067+0000][7][gc,heap     ] GC(435) Survivor regions: 1->1(20)
[2024-01-23T22:13:21.067+0000][7][gc,heap     ] GC(435) Old regions: 35->35
[2024-01-23T22:13:21.067+0000][7][gc,heap     ] GC(435) Archive regions: 2->2
[2024-01-23T22:13:21.067+0000][7][gc,heap     ] GC(435) Humongous regions: 0->0
[2024-01-23T22:13:21.067+0000][7][gc,metaspace] GC(435) Metaspace: 131058K(134720K)->131058K(134720K) NonClass: 113992K(115904K)->113992K(115904K) Class: 17066K(18816K)->17066K(18816K)
[2024-01-23T22:13:21.067+0000][7][gc          ] GC(435) Pause Young (Normal) (G1 Evacuation Pause) 753M->145M(1024M) 2.171ms
[2024-01-23T22:13:21.067+0000][7][gc,cpu      ] GC(435) User=0.01s Sys=0.00s Real=0.00s
[2024-01-23T22:13:21.067+0000][7][safepoint   ] Safepoint "G1CollectForAllocation", Time since last: 150127688444 ns, Reaching safepoint: 33724 ns, At safepoint: 2236970 ns, Total: 2270694 ns
[2024-01-23T22:16:28.139+0000][7][gc,start    ] GC(436) Pause Young (Normal) (G1 Evacuation Pause)
[2024-01-23T22:16:28.139+0000][7][gc,task     ] GC(436) Using 8 workers of 8 for evacuation
[2024-01-23T22:16:28.139+0000][7][gc,age      ] GC(436) Desired survivor size 41943040 bytes, new threshold 15 (max threshold 15)
[2024-01-23T22:16:28.142+0000][7][gc,phases   ] GC(436)   Pre Evacuate Collection Set: 0.1ms
[2024-01-23T22:16:28.142+0000][7][gc,phases   ] GC(436)   Merge Heap Roots: 0.1ms
[2024-01-23T22:16:28.142+0000][7][gc,phases   ] GC(436)   Evacuate Collection Set: 1.4ms
[2024-01-23T22:16:28.142+0000][7][gc,phases   ] GC(436)   Post Evacuate Collection Set: 0.8ms
[2024-01-23T22:16:28.142+0000][7][gc,phases   ] GC(436)   Other: 0.1ms
[2024-01-23T22:16:28.142+0000][7][gc,age      ] GC(436) Age table with threshold 15 (max threshold 15)
[2024-01-23T22:16:28.142+0000][7][gc,age      ] GC(436) - age   1:    1775312 bytes,    1775312 total
[2024-01-23T22:16:28.142+0000][7][gc,age      ] GC(436) - age   2:       2976 bytes,    1778288 total
[2024-01-23T22:16:28.142+0000][7][gc,age      ] GC(436) - age   3:     245912 bytes,    2024200 total
[2024-01-23T22:16:28.142+0000][7][gc,age      ] GC(436) - age   4:      92776 bytes,    2116976 total
[2024-01-23T22:16:28.142+0000][7][gc,age      ] GC(436) - age   5:        984 bytes,    2117960 total
[2024-01-23T22:16:28.142+0000][7][gc,age      ] GC(436) - age   6:        184 bytes,    2118144 total
[2024-01-23T22:16:28.142+0000][7][gc,age      ] GC(436) - age   7:         24 bytes,    2118168 total
[2024-01-23T22:16:28.142+0000][7][gc,age      ] GC(436) - age   8:         88 bytes,    2118256 total
[2024-01-23T22:16:28.142+0000][7][gc,age      ] GC(436) - age  10:        184 bytes,    2118440 total
[2024-01-23T22:16:28.142+0000][7][gc,age      ] GC(436) - age  11:        184 bytes,    2118624 total
[2024-01-23T22:16:28.142+0000][7][gc,heap     ] GC(436) Eden regions: 152->0(152)
[2024-01-23T22:16:28.142+0000][7][gc,heap     ] GC(436) Survivor regions: 1->1(20)
[2024-01-23T22:16:28.142+0000][7][gc,heap     ] GC(436) Old regions: 35->35
[2024-01-23T22:16:28.142+0000][7][gc,heap     ] GC(436) Archive regions: 2->2
[2024-01-23T22:16:28.142+0000][7][gc,heap     ] GC(436) Humongous regions: 0->0
[2024-01-23T22:16:28.142+0000][7][gc,metaspace] GC(436) Metaspace: 131058K(134720K)->131058K(134720K) NonClass: 113992K(115904K)->113992K(115904K) Class: 17066K(18816K)->17066K(18816K)
[2024-01-23T22:16:28.142+0000][7][gc          ] GC(436) Pause Young (Normal) (G1 Evacuation Pause) 753M->145M(1024M) 2.774ms
[2024-01-23T22:16:28.142+0000][7][gc,cpu      ] GC(436) User=0.02s Sys=0.00s Real=0.01s
[2024-01-23T22:16:28.142+0000][7][safepoint   ] Safepoint "G1CollectForAllocation", Time since last: 187071993911 ns, Reaching safepoint: 57430 ns, At safepoint: 2867753 ns, Total: 2925183 ns
[2024-01-23T22:19:36.008+0000][7][gc,start    ] GC(437) Pause Young (Normal) (G1 Evacuation Pause)
[2024-01-23T22:19:36.008+0000][7][gc,task     ] GC(437) Using 8 workers of 8 for evacuation
[2024-01-23T22:19:36.008+0000][7][gc,age      ] GC(437) Desired survivor size 41943040 bytes, new threshold 15 (max threshold 15)
[2024-01-23T22:19:36.010+0000][7][gc,phases   ] GC(437)   Pre Evacuate Collection Set: 0.1ms
[2024-01-23T22:19:36.010+0000][7][gc,phases   ] GC(437)   Merge Heap Roots: 0.1ms
[2024-01-23T22:19:36.010+0000][7][gc,phases   ] GC(437)   Evacuate Collection Set: 1.5ms
[2024-01-23T22:19:36.010+0000][7][gc,phases   ] GC(437)   Post Evacuate Collection Set: 0.8ms
[2024-01-23T22:19:36.010+0000][7][gc,phases   ] GC(437)   Other: 0.1ms
[2024-01-23T22:19:36.010+0000][7][gc,age      ] GC(437) Age table with threshold 15 (max threshold 15)
[2024-01-23T22:19:36.010+0000][7][gc,age      ] GC(437) - age   1:    1214672 bytes,    1214672 total
[2024-01-23T22:19:36.010+0000][7][gc,age      ] GC(437) - age   2:     134688 bytes,    1349360 total
[2024-01-23T22:19:36.010+0000][7][gc,age      ] GC(437) - age   3:        504 bytes,    1349864 total
[2024-01-23T22:19:36.010+0000][7][gc,age      ] GC(437) - age   4:     243912 bytes,    1593776 total
[2024-01-23T22:19:36.010+0000][7][gc,age      ] GC(437) - age   5:      92648 bytes,    1686424 total
[2024-01-23T22:19:36.010+0000][7][gc,age      ] GC(437) - age   6:        800 bytes,    1687224 total
[2024-01-23T22:19:36.010+0000][7][gc,age      ] GC(437) - age   7:        184 bytes,    1687408 total
[2024-01-23T22:19:36.010+0000][7][gc,age      ] GC(437) - age   8:         24 bytes,    1687432 total
[2024-01-23T22:19:36.010+0000][7][gc,age      ] GC(437) - age   9:         24 bytes,    1687456 total
[2024-01-23T22:19:36.010+0000][7][gc,age      ] GC(437) - age  11:        184 bytes,    1687640 total
[2024-01-23T22:19:36.010+0000][7][gc,age      ] GC(437) - age  12:        184 bytes,    1687824 total
[2024-01-23T22:19:36.010+0000][7][gc,heap     ] GC(437) Eden regions: 152->0(152)
[2024-01-23T22:19:36.010+0000][7][gc,heap     ] GC(437) Survivor regions: 1->1(20)
[2024-01-23T22:19:36.010+0000][7][gc,heap     ] GC(437) Old regions: 35->35
[2024-01-23T22:19:36.010+0000][7][gc,heap     ] GC(437) Archive regions: 2->2
[2024-01-23T22:19:36.010+0000][7][gc,heap     ] GC(437) Humongous regions: 0->0
[2024-01-23T22:19:36.010+0000][7][gc,metaspace] GC(437) Metaspace: 131058K(134720K)->131058K(134720K) NonClass: 113992K(115904K)->113992K(115904K) Class: 17066K(18816K)->17066K(18816K)
[2024-01-23T22:19:36.010+0000][7][gc          ] GC(437) Pause Young (Normal) (G1 Evacuation Pause) 753M->144M(1024M) 2.814ms
[2024-01-23T22:19:36.010+0000][7][gc,cpu      ] GC(437) User=0.01s Sys=0.00s Real=0.01s
[2024-01-23T22:19:36.010+0000][7][safepoint   ] Safepoint "G1CollectForAllocation", Time since last: 187865343962 ns, Reaching safepoint: 63495 ns, At safepoint: 2908536 ns, Total: 2972031 ns
[2024-01-23T22:22:34.042+0000][7][gc,start    ] GC(438) Pause Young (Normal) (G1 Evacuation Pause)
[2024-01-23T22:22:34.042+0000][7][gc,task     ] GC(438) Using 8 workers of 8 for evacuation
[2024-01-23T22:22:34.042+0000][7][gc,age      ] GC(438) Desired survivor size 41943040 bytes, new threshold 15 (max threshold 15)
[2024-01-23T22:22:34.045+0000][7][gc,phases   ] GC(438)   Pre Evacuate Collection Set: 0.1ms
[2024-01-23T22:22:34.045+0000][7][gc,phases   ] GC(438)   Merge Heap Roots: 0.1ms
[2024-01-23T22:22:34.045+0000][7][gc,phases   ] GC(438)   Evacuate Collection Set: 1.3ms
[2024-01-23T22:22:34.045+0000][7][gc,phases   ] GC(438)   Post Evacuate Collection Set: 0.8ms
[2024-01-23T22:22:34.045+0000][7][gc,phases   ] GC(438)   Other: 0.1ms
[2024-01-23T22:22:34.045+0000][7][gc,age      ] GC(438) Age table with threshold 15 (max threshold 15)
[2024-01-23T22:22:34.045+0000][7][gc,age      ] GC(438) - age   1:     622608 bytes,     622608 total
[2024-01-23T22:22:34.045+0000][7][gc,age      ] GC(438) - age   2:      34168 bytes,     656776 total
[2024-01-23T22:22:34.045+0000][7][gc,age      ] GC(438) - age   3:     133008 bytes,     789784 total
[2024-01-23T22:22:34.045+0000][7][gc,age      ] GC(438) - age   4:        376 bytes,     790160 total
[2024-01-23T22:22:34.045+0000][7][gc,age      ] GC(438) - age   5:     243912 bytes,    1034072 total
[2024-01-23T22:22:34.045+0000][7][gc,age      ] GC(438) - age   6:      92648 bytes,    1126720 total
[2024-01-23T22:22:34.045+0000][7][gc,age      ] GC(438) - age   7:        208 bytes,    1126928 total
[2024-01-23T22:22:34.045+0000][7][gc,age      ] GC(438) - age   8:        184 bytes,    1127112 total
[2024-01-23T22:22:34.045+0000][7][gc,age      ] GC(438) - age   9:         24 bytes,    1127136 total
[2024-01-23T22:22:34.045+0000][7][gc,age      ] GC(438) - age  10:         24 bytes,    1127160 total
[2024-01-23T22:22:34.045+0000][7][gc,age      ] GC(438) - age  13:        184 bytes,    1127344 total
[2024-01-23T22:22:34.045+0000][7][gc,heap     ] GC(438) Eden regions: 152->0(152)
[2024-01-23T22:22:34.045+0000][7][gc,heap     ] GC(438) Survivor regions: 1->1(20)
[2024-01-23T22:22:34.045+0000][7][gc,heap     ] GC(438) Old regions: 35->35
[2024-01-23T22:22:34.045+0000][7][gc,heap     ] GC(438) Archive regions: 2->2
[2024-01-23T22:22:34.045+0000][7][gc,heap     ] GC(438) Humongous regions: 0->0
[2024-01-23T22:22:34.045+0000][7][gc,metaspace] GC(438) Metaspace: 131058K(134720K)->131058K(134720K) NonClass: 113992K(115904K)->113992K(115904K) Class: 17066K(18816K)->17066K(18816K)
[2024-01-23T22:22:34.045+0000][7][gc          ] GC(438) Pause Young (Normal) (G1 Evacuation Pause) 752M->144M(1024M) 2.734ms
[2024-01-23T22:22:34.045+0000][7][gc,cpu      ] GC(438) User=0.01s Sys=0.00s Real=0.00s
[2024-01-23T22:22:34.045+0000][7][safepoint   ] Safepoint "G1CollectForAllocation", Time since last: 178031652434 ns, Reaching safepoint: 44125 ns, At safepoint: 2834368 ns, Total: 2878493 ns
[2024-01-23T22:23:00.049+0000][7][safepoint   ] Safepoint "Cleanup", Time since last: 26003713736 ns, Reaching safepoint: 66042 ns, At safepoint: 39843 ns, Total: 105885 ns
[2024-01-23T22:25:45.571+0000][7][gc,start    ] GC(439) Pause Young (Normal) (G1 Evacuation Pause)
[2024-01-23T22:25:45.571+0000][7][gc,task     ] GC(439) Using 8 workers of 8 for evacuation
[2024-01-23T22:25:45.571+0000][7][gc,age      ] GC(439) Desired survivor size 41943040 bytes, new threshold 15 (max threshold 15)
[2024-01-23T22:25:45.574+0000][7][gc,phases   ] GC(439)   Pre Evacuate Collection Set: 0.1ms
[2024-01-23T22:25:45.574+0000][7][gc,phases   ] GC(439)   Merge Heap Roots: 0.1ms
[2024-01-23T22:25:45.574+0000][7][gc,phases   ] GC(439)   Evacuate Collection Set: 1.5ms
[2024-01-23T22:25:45.574+0000][7][gc,phases   ] GC(439)   Post Evacuate Collection Set: 0.7ms
[2024-01-23T22:25:45.574+0000][7][gc,phases   ] GC(439)   Other: 0.1ms
[2024-01-23T22:25:45.574+0000][7][gc,age      ] GC(439) Age table with threshold 15 (max threshold 15)
[2024-01-23T22:25:45.574+0000][7][gc,age      ] GC(439) - age   1:    1711744 bytes,    1711744 total
[2024-01-23T22:25:45.574+0000][7][gc,age      ] GC(439) - age   2:       9360 bytes,    1721104 total
[2024-01-23T22:25:45.574+0000][7][gc,age      ] GC(439) - age   3:      24912 bytes,    1746016 total
[2024-01-23T22:25:45.574+0000][7][gc,age      ] GC(439) - age   4:     129168 bytes,    1875184 total
[2024-01-23T22:25:45.574+0000][7][gc,age      ] GC(439) - age   5:         64 bytes,    1875248 total
[2024-01-23T22:25:45.574+0000][7][gc,age      ] GC(439) - age   6:     243912 bytes,    2119160 total
[2024-01-23T22:25:45.574+0000][7][gc,age      ] GC(439) - age   7:      92616 bytes,    2211776 total
[2024-01-23T22:25:45.574+0000][7][gc,age      ] GC(439) - age   8:        208 bytes,    2211984 total
[2024-01-23T22:25:45.574+0000][7][gc,age      ] GC(439) - age   9:        184 bytes,    2212168 total
[2024-01-23T22:25:45.574+0000][7][gc,age      ] GC(439) - age  10:         24 bytes,    2212192 total
[2024-01-23T22:25:45.574+0000][7][gc,age      ] GC(439) - age  11:         24 bytes,    2212216 total
[2024-01-23T22:25:45.574+0000][7][gc,age      ] GC(439) - age  14:        184 bytes,    2212400 total
[2024-01-23T22:25:45.574+0000][7][gc,heap     ] GC(439) Eden regions: 152->0(152)
[2024-01-23T22:25:45.574+0000][7][gc,heap     ] GC(439) Survivor regions: 1->1(20)
[2024-01-23T22:25:45.574+0000][7][gc,heap     ] GC(439) Old regions: 35->35
[2024-01-23T22:25:45.574+0000][7][gc,heap     ] GC(439) Archive regions: 2->2
[2024-01-23T22:25:45.574+0000][7][gc,heap     ] GC(439) Humongous regions: 0->0
[2024-01-23T22:25:45.574+0000][7][gc,metaspace] GC(439) Metaspace: 131058K(134720K)->131058K(134720K) NonClass: 113992K(115904K)->113992K(115904K) Class: 17066K(18816K)->17066K(18816K)
[2024-01-23T22:25:45.574+0000][7][gc          ] GC(439) Pause Young (Normal) (G1 Evacuation Pause) 752M->145M(1024M) 2.740ms
[2024-01-23T22:25:45.574+0000][7][gc,cpu      ] GC(439) User=0.01s Sys=0.00s Real=0.00s
[2024-01-23T22:25:45.574+0000][7][safepoint   ] Safepoint "G1CollectForAllocation", Time since last: 165522293720 ns, Reaching safepoint: 48775 ns, At safepoint: 2822364 ns, Total: 2871139 ns
[2024-01-23T22:28:59.967+0000][7][gc,start    ] GC(440) Pause Young (Normal) (G1 Evacuation Pause)
[2024-01-23T22:28:59.968+0000][7][gc,task     ] GC(440) Using 8 workers of 8 for evacuation
[2024-01-23T22:28:59.968+0000][7][gc,age      ] GC(440) Desired survivor size 41943040 bytes, new threshold 15 (max threshold 15)
[2024-01-23T22:28:59.971+0000][7][gc,phases   ] GC(440)   Pre Evacuate Collection Set: 0.2ms
[2024-01-23T22:28:59.971+0000][7][gc,phases   ] GC(440)   Merge Heap Roots: 0.2ms
[2024-01-23T22:28:59.971+0000][7][gc,phases   ] GC(440)   Evacuate Collection Set: 2.0ms
[2024-01-23T22:28:59.971+0000][7][gc,phases   ] GC(440)   Post Evacuate Collection Set: 0.8ms
[2024-01-23T22:28:59.971+0000][7][gc,phases   ] GC(440)   Other: 0.1ms
[2024-01-23T22:28:59.971+0000][7][gc,age      ] GC(440) Age table with threshold 15 (max threshold 15)
[2024-01-23T22:28:59.971+0000][7][gc,age      ] GC(440) - age   1:     967992 bytes,     967992 total
[2024-01-23T22:28:59.971+0000][7][gc,age      ] GC(440) - age   2:       7968 bytes,     975960 total
[2024-01-23T22:28:59.971+0000][7][gc,age      ] GC(440) - age   3:       7632 bytes,     983592 total
[2024-01-23T22:28:59.971+0000][7][gc,age      ] GC(440) - age   4:      23760 bytes,    1007352 total
[2024-01-23T22:28:59.971+0000][7][gc,age      ] GC(440) - age   5:     128832 bytes,    1136184 total
[2024-01-23T22:28:59.971+0000][7][gc,age      ] GC(440) - age   7:     227760 bytes,    1363944 total
[2024-01-23T22:28:59.971+0000][7][gc,age      ] GC(440) - age   8:      92616 bytes,    1456560 total
[2024-01-23T22:28:59.971+0000][7][gc,age      ] GC(440) - age   9:        208 bytes,    1456768 total
[2024-01-23T22:28:59.971+0000][7][gc,age      ] GC(440) - age  11:         24 bytes,    1456792 total
[2024-01-23T22:28:59.971+0000][7][gc,age      ] GC(440) - age  12:         24 bytes,    1456816 total
[2024-01-23T22:28:59.971+0000][7][gc,heap     ] GC(440) Eden regions: 152->0(152)
[2024-01-23T22:28:59.971+0000][7][gc,heap     ] GC(440) Survivor regions: 1->1(20)
[2024-01-23T22:28:59.971+0000][7][gc,heap     ] GC(440) Old regions: 35->35
[2024-01-23T22:28:59.971+0000][7][gc,heap     ] GC(440) Archive regions: 2->2
[2024-01-23T22:28:59.971+0000][7][gc,heap     ] GC(440) Humongous regions: 0->0
[2024-01-23T22:28:59.971+0000][7][gc,metaspace] GC(440) Metaspace: 131058K(134720K)->131058K(134720K) NonClass: 113992K(115904K)->113992K(115904K) Class: 17066K(18816K)->17066K(18816K)
[2024-01-23T22:28:59.971+0000][7][gc          ] GC(440) Pause Young (Normal) (G1 Evacuation Pause) 753M->144M(1024M) 3.600ms
[2024-01-23T22:28:59.971+0000][7][gc,cpu      ] GC(440) User=0.01s Sys=0.00s Real=0.01s
[2024-01-23T22:28:59.971+0000][7][safepoint   ] Safepoint "G1CollectForAllocation", Time since last: 194393354756 ns, Reaching safepoint: 70836 ns, At safepoint: 3706192 ns, Total: 3777028 ns
[2024-01-23T22:32:03.120+0000][7][gc,start    ] GC(441) Pause Young (Normal) (G1 Evacuation Pause)
[2024-01-23T22:32:03.120+0000][7][gc,task     ] GC(441) Using 8 workers of 8 for evacuation
[2024-01-23T22:32:03.120+0000][7][gc,age      ] GC(441) Desired survivor size 41943040 bytes, new threshold 15 (max threshold 15)
[2024-01-23T22:32:03.123+0000][7][gc,phases   ] GC(441)   Pre Evacuate Collection Set: 0.1ms
[2024-01-23T22:32:03.123+0000][7][gc,phases   ] GC(441)   Merge Heap Roots: 0.1ms
[2024-01-23T22:32:03.123+0000][7][gc,phases   ] GC(441)   Evacuate Collection Set: 1.3ms
[2024-01-23T22:32:03.123+0000][7][gc,phases   ] GC(441)   Post Evacuate Collection Set: 0.8ms
[2024-01-23T22:32:03.123+0000][7][gc,phases   ] GC(441)   Other: 0.1ms
[2024-01-23T22:32:03.123+0000][7][gc,age      ] GC(441) Age table with threshold 15 (max threshold 15)
[2024-01-23T22:32:03.123+0000][7][gc,age      ] GC(441) - age   1:     638840 bytes,     638840 total
[2024-01-23T22:32:03.123+0000][7][gc,age      ] GC(441) - age   2:       9088 bytes,     647928 total
[2024-01-23T22:32:03.123+0000][7][gc,age      ] GC(441) - age   3:       4288 bytes,     652216 total
[2024-01-23T22:32:03.123+0000][7][gc,age      ] GC(441) - age   4:       7056 bytes,     659272 total
[2024-01-23T22:32:03.123+0000][7][gc,age      ] GC(441) - age   5:      23632 bytes,     682904 total
[2024-01-23T22:32:03.123+0000][7][gc,age      ] GC(441) - age   6:     128808 bytes,     811712 total
[2024-01-23T22:32:03.123+0000][7][gc,age      ] GC(441) - age   8:     227576 bytes,    1039288 total
[2024-01-23T22:32:03.123+0000][7][gc,age      ] GC(441) - age   9:      92616 bytes,    1131904 total
[2024-01-23T22:32:03.123+0000][7][gc,age      ] GC(441) - age  10:        208 bytes,    1132112 total
[2024-01-23T22:32:03.123+0000][7][gc,age      ] GC(441) - age  12:         24 bytes,    1132136 total
[2024-01-23T22:32:03.123+0000][7][gc,age      ] GC(441) - age  13:         24 bytes,    1132160 total
[2024-01-23T22:32:03.123+0000][7][gc,heap     ] GC(441) Eden regions: 152->0(152)
[2024-01-23T22:32:03.123+0000][7][gc,heap     ] GC(441) Survivor regions: 1->1(20)
[2024-01-23T22:32:03.123+0000][7][gc,heap     ] GC(441) Old regions: 35->35
[2024-01-23T22:32:03.123+0000][7][gc,heap     ] GC(441) Archive regions: 2->2
[2024-01-23T22:32:03.123+0000][7][gc,heap     ] GC(441) Humongous regions: 0->0
[2024-01-23T22:32:03.123+0000][7][gc,metaspace] GC(441) Metaspace: 131058K(134720K)->131058K(134720K) NonClass: 113992K(115904K)->113992K(115904K) Class: 17066K(18816K)->17066K(18816K)
[2024-01-23T22:32:03.123+0000][7][gc          ] GC(441) Pause Young (Normal) (G1 Evacuation Pause) 752M->144M(1024M) 2.886ms
[2024-01-23T22:32:03.123+0000][7][gc,cpu      ] GC(441) User=0.01s Sys=0.00s Real=0.01s
[2024-01-23T22:32:03.123+0000][7][safepoint   ] Safepoint "G1CollectForAllocation", Time since last: 183148675415 ns, Reaching safepoint: 66595 ns, At safepoint: 2987687 ns, Total: 3054282 ns
[2024-01-23T22:35:15.066+0000][7][gc,start    ] GC(442) Pause Young (Normal) (G1 Evacuation Pause)
[2024-01-23T22:35:15.066+0000][7][gc,task     ] GC(442) Using 8 workers of 8 for evacuation
[2024-01-23T22:35:15.066+0000][7][gc,age      ] GC(442) Desired survivor size 41943040 bytes, new threshold 15 (max threshold 15)
[2024-01-23T22:35:15.068+0000][7][gc,phases   ] GC(442)   Pre Evacuate Collection Set: 0.1ms
[2024-01-23T22:35:15.068+0000][7][gc,phases   ] GC(442)   Merge Heap Roots: 0.1ms
[2024-01-23T22:35:15.068+0000][7][gc,phases   ] GC(442)   Evacuate Collection Set: 1.6ms
[2024-01-23T22:35:15.068+0000][7][gc,phases   ] GC(442)   Post Evacuate Collection Set: 0.6ms
[2024-01-23T22:35:15.068+0000][7][gc,phases   ] GC(442)   Other: 0.1ms
[2024-01-23T22:35:15.068+0000][7][gc,age      ] GC(442) Age table with threshold 15 (max threshold 15)
[2024-01-23T22:35:15.068+0000][7][gc,age      ] GC(442) - age   1:    1236680 bytes,    1236680 total
[2024-01-23T22:35:15.068+0000][7][gc,age      ] GC(442) - age   2:      10144 bytes,    1246824 total
[2024-01-23T22:35:15.068+0000][7][gc,age      ] GC(442) - age   3:       7552 bytes,    1254376 total
[2024-01-23T22:35:15.068+0000][7][gc,age      ] GC(442) - age   4:        392 bytes,    1254768 total
[2024-01-23T22:35:15.068+0000][7][gc,age      ] GC(442) - age   5:       6720 bytes,    1261488 total
[2024-01-23T22:35:15.068+0000][7][gc,age      ] GC(442) - age   6:      23448 bytes,    1284936 total
[2024-01-23T22:35:15.068+0000][7][gc,age      ] GC(442) - age   7:     128712 bytes,    1413648 total
[2024-01-23T22:35:15.068+0000][7][gc,age      ] GC(442) - age   9:     227576 bytes,    1641224 total
[2024-01-23T22:35:15.068+0000][7][gc,age      ] GC(442) - age  10:      92616 bytes,    1733840 total
[2024-01-23T22:35:15.068+0000][7][gc,age      ] GC(442) - age  11:        208 bytes,    1734048 total
[2024-01-23T22:35:15.068+0000][7][gc,age      ] GC(442) - age  13:         24 bytes,    1734072 total
[2024-01-23T22:35:15.068+0000][7][gc,age      ] GC(442) - age  14:         24 bytes,    1734096 total
[2024-01-23T22:35:15.068+0000][7][gc,heap     ] GC(442) Eden regions: 152->0(152)
[2024-01-23T22:35:15.068+0000][7][gc,heap     ] GC(442) Survivor regions: 1->1(20)
[2024-01-23T22:35:15.068+0000][7][gc,heap     ] GC(442) Old regions: 35->35
[2024-01-23T22:35:15.068+0000][7][gc,heap     ] GC(442) Archive regions: 2->2
[2024-01-23T22:35:15.068+0000][7][gc,heap     ] GC(442) Humongous regions: 0->0
[2024-01-23T22:35:15.068+0000][7][gc,metaspace] GC(442) Metaspace: 131058K(134720K)->131058K(134720K) NonClass: 113992K(115904K)->113992K(115904K) Class: 17066K(18816K)->17066K(18816K)
[2024-01-23T22:35:15.068+0000][7][gc          ] GC(442) Pause Young (Normal) (G1 Evacuation Pause) 752M->144M(1024M) 2.767ms
[2024-01-23T22:35:15.068+0000][7][gc,cpu      ] GC(442) User=0.01s Sys=0.00s Real=0.00s
[2024-01-23T22:35:15.068+0000][7][safepoint   ] Safepoint "G1CollectForAllocation", Time since last: 191942612756 ns, Reaching safepoint: 58546 ns, At safepoint: 2858240 ns, Total: 2916786 ns
[2024-01-23T22:38:27.013+0000][7][gc,start    ] GC(443) Pause Young (Normal) (G1 Evacuation Pause)
[2024-01-23T22:38:27.013+0000][7][gc,task     ] GC(443) Using 8 workers of 8 for evacuation
[2024-01-23T22:38:27.013+0000][7][gc,age      ] GC(443) Desired survivor size 41943040 bytes, new threshold 15 (max threshold 15)
[2024-01-23T22:38:27.015+0000][7][gc,phases   ] GC(443)   Pre Evacuate Collection Set: 0.1ms
[2024-01-23T22:38:27.015+0000][7][gc,phases   ] GC(443)   Merge Heap Roots: 0.1ms
[2024-01-23T22:38:27.015+0000][7][gc,phases   ] GC(443)   Evacuate Collection Set: 1.3ms
[2024-01-23T22:38:27.015+0000][7][gc,phases   ] GC(443)   Post Evacuate Collection Set: 0.8ms
[2024-01-23T22:38:27.015+0000][7][gc,phases   ] GC(443)   Other: 0.1ms
[2024-01-23T22:38:27.015+0000][7][gc,age      ] GC(443) Age table with threshold 15 (max threshold 15)
[2024-01-23T22:38:27.015+0000][7][gc,age      ] GC(443) - age   1:     839056 bytes,     839056 total
[2024-01-23T22:38:27.015+0000][7][gc,age      ] GC(443) - age   2:       7080 bytes,     846136 total
[2024-01-23T22:38:27.015+0000][7][gc,age      ] GC(443) - age   3:        256 bytes,     846392 total
[2024-01-23T22:38:27.015+0000][7][gc,age      ] GC(443) - age   4:       7488 bytes,     853880 total
[2024-01-23T22:38:27.015+0000][7][gc,age      ] GC(443) - age   5:         96 bytes,     853976 total
[2024-01-23T22:38:27.015+0000][7][gc,age      ] GC(443) - age   6:       6688 bytes,     860664 total
[2024-01-23T22:38:27.015+0000][7][gc,age      ] GC(443) - age   7:      23448 bytes,     884112 total
[2024-01-23T22:38:27.015+0000][7][gc,age      ] GC(443) - age   8:     128712 bytes,    1012824 total
[2024-01-23T22:38:27.015+0000][7][gc,age      ] GC(443) - age  10:     227480 bytes,    1240304 total
[2024-01-23T22:38:27.015+0000][7][gc,age      ] GC(443) - age  11:      92616 bytes,    1332920 total
[2024-01-23T22:38:27.015+0000][7][gc,age      ] GC(443) - age  12:        208 bytes,    1333128 total
[2024-01-23T22:38:27.015+0000][7][gc,age      ] GC(443) - age  14:         24 bytes,    1333152 total
[2024-01-23T22:38:27.015+0000][7][gc,age      ] GC(443) - age  15:         24 bytes,    1333176 total
[2024-01-23T22:38:27.015+0000][7][gc,heap     ] GC(443) Eden regions: 152->0(152)
[2024-01-23T22:38:27.015+0000][7][gc,heap     ] GC(443) Survivor regions: 1->1(20)
[2024-01-23T22:38:27.015+0000][7][gc,heap     ] GC(443) Old regions: 35->35
[2024-01-23T22:38:27.015+0000][7][gc,heap     ] GC(443) Archive regions: 2->2
[2024-01-23T22:38:27.015+0000][7][gc,heap     ] GC(443) Humongous regions: 0->0
[2024-01-23T22:38:27.015+0000][7][gc,metaspace] GC(443) Metaspace: 131058K(134720K)->131058K(134720K) NonClass: 113992K(115904K)->113992K(115904K) Class: 17066K(18816K)->17066K(18816K)
[2024-01-23T22:38:27.015+0000][7][gc          ] GC(443) Pause Young (Normal) (G1 Evacuation Pause) 752M->144M(1024M) 2.841ms
[2024-01-23T22:38:27.015+0000][7][gc,cpu      ] GC(443) User=0.01s Sys=0.00s Real=0.00s
[2024-01-23T22:38:27.015+0000][7][safepoint   ] Safepoint "G1CollectForAllocation", Time since last: 191944088146 ns, Reaching safepoint: 55929 ns, At safepoint: 2945398 ns, Total: 3001327 ns
[2024-01-23T22:40:14.506+0000][7][safepoint   ] Safepoint "Cleanup", Time since last: 107490279119 ns, Reaching safepoint: 80605 ns, At safepoint: 6444 ns, Total: 87049 ns
[2024-01-23T22:41:27.913+0000][7][gc,start    ] GC(444) Pause Young (Normal) (G1 Evacuation Pause)
[2024-01-23T22:41:27.913+0000][7][gc,task     ] GC(444) Using 8 workers of 8 for evacuation
[2024-01-23T22:41:27.913+0000][7][gc,age      ] GC(444) Desired survivor size 41943040 bytes, new threshold 15 (max threshold 15)
[2024-01-23T22:41:27.915+0000][7][gc,phases   ] GC(444)   Pre Evacuate Collection Set: 0.1ms
[2024-01-23T22:41:27.916+0000][7][gc,phases   ] GC(444)   Merge Heap Roots: 0.1ms
[2024-01-23T22:41:27.916+0000][7][gc,phases   ] GC(444)   Evacuate Collection Set: 1.1ms
[2024-01-23T22:41:27.916+0000][7][gc,phases   ] GC(444)   Post Evacuate Collection Set: 0.9ms
[2024-01-23T22:41:27.916+0000][7][gc,phases   ] GC(444)   Other: 0.1ms
[2024-01-23T22:41:27.916+0000][7][gc,age      ] GC(444) Age table with threshold 15 (max threshold 15)
[2024-01-23T22:41:27.916+0000][7][gc,age      ] GC(444) - age   1:    1675040 bytes,    1675040 total
[2024-01-23T22:41:27.916+0000][7][gc,age      ] GC(444) - age   2:      10144 bytes,    1685184 total
[2024-01-23T22:41:27.916+0000][7][gc,age      ] GC(444) - age   3:       4456 bytes,    1689640 total
[2024-01-23T22:41:27.916+0000][7][gc,age      ] GC(444) - age   4:         64 bytes,    1689704 total
[2024-01-23T22:41:27.916+0000][7][gc,age      ] GC(444) - age   5:       6472 bytes,    1696176 total
[2024-01-23T22:41:27.916+0000][7][gc,age      ] GC(444) - age   6:         32 bytes,    1696208 total
[2024-01-23T22:41:27.916+0000][7][gc,age      ] GC(444) - age   7:       6688 bytes,    1702896 total
[2024-01-23T22:41:27.916+0000][7][gc,age      ] GC(444) - age   8:      23448 bytes,    1726344 total
[2024-01-23T22:41:27.916+0000][7][gc,age      ] GC(444) - age   9:     128528 bytes,    1854872 total
[2024-01-23T22:41:27.916+0000][7][gc,age      ] GC(444) - age  11:     227480 bytes,    2082352 total
[2024-01-23T22:41:27.916+0000][7][gc,age      ] GC(444) - age  12:      92616 bytes,    2174968 total
[2024-01-23T22:41:27.916+0000][7][gc,age      ] GC(444) - age  13:        208 bytes,    2175176 total
[2024-01-23T22:41:27.916+0000][7][gc,age      ] GC(444) - age  15:         24 bytes,    2175200 total
[2024-01-23T22:41:27.916+0000][7][gc,heap     ] GC(444) Eden regions: 152->0(152)
[2024-01-23T22:41:27.916+0000][7][gc,heap     ] GC(444) Survivor regions: 1->1(20)
[2024-01-23T22:41:27.916+0000][7][gc,heap     ] GC(444) Old regions: 35->35
[2024-01-23T22:41:27.916+0000][7][gc,heap     ] GC(444) Archive regions: 2->2
[2024-01-23T22:41:27.916+0000][7][gc,heap     ] GC(444) Humongous regions: 0->0
[2024-01-23T22:41:27.916+0000][7][gc,metaspace] GC(444) Metaspace: 131058K(134720K)->131058K(134720K) NonClass: 113992K(115904K)->113992K(115904K) Class: 17066K(18816K)->17066K(18816K)
[2024-01-23T22:41:27.916+0000][7][gc          ] GC(444) Pause Young (Normal) (G1 Evacuation Pause) 752M->145M(1024M) 2.585ms
[2024-01-23T22:41:27.916+0000][7][gc,cpu      ] GC(444) User=0.02s Sys=0.00s Real=0.00s
[2024-01-23T22:41:27.916+0000][7][safepoint   ] Safepoint "G1CollectForAllocation", Time since last: 73407242209 ns, Reaching safepoint: 39086 ns, At safepoint: 2661693 ns, Total: 2700779 ns
[2024-01-23T22:43:13.928+0000][7][safepoint   ] Safepoint "Cleanup", Time since last: 106011912725 ns, Reaching safepoint: 85878 ns, At safepoint: 8145 ns, Total: 94023 ns
[2024-01-23T22:43:57.329+0000][7][gc,start    ] GC(445) Pause Young (Normal) (G1 Evacuation Pause)
[2024-01-23T22:43:57.329+0000][7][gc,task     ] GC(445) Using 8 workers of 8 for evacuation
[2024-01-23T22:43:57.329+0000][7][gc,age      ] GC(445) Desired survivor size 41943040 bytes, new threshold 15 (max threshold 15)
[2024-01-23T22:43:57.331+0000][7][gc,phases   ] GC(445)   Pre Evacuate Collection Set: 0.1ms
[2024-01-23T22:43:57.331+0000][7][gc,phases   ] GC(445)   Merge Heap Roots: 0.1ms
[2024-01-23T22:43:57.331+0000][7][gc,phases   ] GC(445)   Evacuate Collection Set: 1.1ms
[2024-01-23T22:43:57.331+0000][7][gc,phases   ] GC(445)   Post Evacuate Collection Set: 0.7ms
[2024-01-23T22:43:57.331+0000][7][gc,phases   ] GC(445)   Other: 0.1ms
[2024-01-23T22:43:57.331+0000][7][gc,age      ] GC(445) Age table with threshold 15 (max threshold 15)
[2024-01-23T22:43:57.331+0000][7][gc,age      ] GC(445) - age   1:     567560 bytes,     567560 total
[2024-01-23T22:43:57.331+0000][7][gc,age      ] GC(445) - age   2:       6136 bytes,     573696 total
[2024-01-23T22:43:57.331+0000][7][gc,age      ] GC(445) - age   3:       8672 bytes,     582368 total
[2024-01-23T22:43:57.331+0000][7][gc,age      ] GC(445) - age   4:       3392 bytes,     585760 total
[2024-01-23T22:43:57.331+0000][7][gc,age      ] GC(445) - age   5:         64 bytes,     585824 total
[2024-01-23T22:43:57.331+0000][7][gc,age      ] GC(445) - age   6:       6472 bytes,     592296 total
[2024-01-23T22:43:57.331+0000][7][gc,age      ] GC(445) - age   8:       6304 bytes,     598600 total
[2024-01-23T22:43:57.331+0000][7][gc,age      ] GC(445) - age   9:      23448 bytes,     622048 total
[2024-01-23T22:43:57.331+0000][7][gc,age      ] GC(445) - age  10:     128528 bytes,     750576 total
[2024-01-23T22:43:57.331+0000][7][gc,age      ] GC(445) - age  12:     227480 bytes,     978056 total
[2024-01-23T22:43:57.331+0000][7][gc,age      ] GC(445) - age  13:      92616 bytes,    1070672 total
[2024-01-23T22:43:57.331+0000][7][gc,age      ] GC(445) - age  14:        208 bytes,    1070880 total
[2024-01-23T22:43:57.331+0000][7][gc,heap     ] GC(445) Eden regions: 152->0(152)
[2024-01-23T22:43:57.331+0000][7][gc,heap     ] GC(445) Survivor regions: 1->1(20)
[2024-01-23T22:43:57.331+0000][7][gc,heap     ] GC(445) Old regions: 35->35
[2024-01-23T22:43:57.331+0000][7][gc,heap     ] GC(445) Archive regions: 2->2
[2024-01-23T22:43:57.331+0000][7][gc,heap     ] GC(445) Humongous regions: 0->0
[2024-01-23T22:43:57.331+0000][7][gc,metaspace] GC(445) Metaspace: 131061K(134720K)->131061K(134720K) NonClass: 113995K(115904K)->113995K(115904K) Class: 17066K(18816K)->17066K(18816K)
[2024-01-23T22:43:57.331+0000][7][gc          ] GC(445) Pause Young (Normal) (G1 Evacuation Pause) 753M->144M(1024M) 2.490ms
[2024-01-23T22:43:57.331+0000][7][gc,cpu      ] GC(445) User=0.01s Sys=0.00s Real=0.01s
[2024-01-23T22:43:57.331+0000][7][safepoint   ] Safepoint "G1CollectForAllocation", Time since last: 43401002192 ns, Reaching safepoint: 74823 ns, At safepoint: 2601811 ns, Total: 2676634 ns
[2024-01-23T22:47:11.137+0000][7][gc,start    ] GC(446) Pause Young (Normal) (G1 Evacuation Pause)
[2024-01-23T22:47:11.137+0000][7][gc,task     ] GC(446) Using 8 workers of 8 for evacuation
[2024-01-23T22:47:11.137+0000][7][gc,age      ] GC(446) Desired survivor size 41943040 bytes, new threshold 15 (max threshold 15)
[2024-01-23T22:47:11.140+0000][7][gc,phases   ] GC(446)   Pre Evacuate Collection Set: 0.1ms
[2024-01-23T22:47:11.140+0000][7][gc,phases   ] GC(446)   Merge Heap Roots: 0.1ms
[2024-01-23T22:47:11.140+0000][7][gc,phases   ] GC(446)   Evacuate Collection Set: 1.7ms
[2024-01-23T22:47:11.140+0000][7][gc,phases   ] GC(446)   Post Evacuate Collection Set: 0.7ms
[2024-01-23T22:47:11.140+0000][7][gc,phases   ] GC(446)   Other: 0.1ms
[2024-01-23T22:47:11.140+0000][7][gc,age      ] GC(446) Age table with threshold 15 (max threshold 15)
[2024-01-23T22:47:11.140+0000][7][gc,age      ] GC(446) - age   1:    1344752 bytes,    1344752 total
[2024-01-23T22:47:11.140+0000][7][gc,age      ] GC(446) - age   2:      13776 bytes,    1358528 total
[2024-01-23T22:47:11.140+0000][7][gc,age      ] GC(446) - age   3:       2288 bytes,    1360816 total
[2024-01-23T22:47:11.140+0000][7][gc,age      ] GC(446) - age   4:        280 bytes,    1361096 total
[2024-01-23T22:47:11.140+0000][7][gc,age      ] GC(446) - age   5:        664 bytes,    1361760 total
[2024-01-23T22:47:11.140+0000][7][gc,age      ] GC(446) - age   7:       6288 bytes,    1368048 total
[2024-01-23T22:47:11.140+0000][7][gc,age      ] GC(446) - age   9:       6304 bytes,    1374352 total
[2024-01-23T22:47:11.140+0000][7][gc,age      ] GC(446) - age  10:      23448 bytes,    1397800 total
[2024-01-23T22:47:11.140+0000][7][gc,age      ] GC(446) - age  11:     128528 bytes,    1526328 total
[2024-01-23T22:47:11.140+0000][7][gc,age      ] GC(446) - age  13:     227480 bytes,    1753808 total
[2024-01-23T22:47:11.140+0000][7][gc,age      ] GC(446) - age  14:      92616 bytes,    1846424 total
[2024-01-23T22:47:11.140+0000][7][gc,age      ] GC(446) - age  15:        208 bytes,    1846632 total
[2024-01-23T22:47:11.140+0000][7][gc,heap     ] GC(446) Eden regions: 152->0(152)
[2024-01-23T22:47:11.140+0000][7][gc,heap     ] GC(446) Survivor regions: 1->1(20)
[2024-01-23T22:47:11.140+0000][7][gc,heap     ] GC(446) Old regions: 35->35
[2024-01-23T22:47:11.140+0000][7][gc,heap     ] GC(446) Archive regions: 2->2
[2024-01-23T22:47:11.140+0000][7][gc,heap     ] GC(446) Humongous regions: 0->0
[2024-01-23T22:47:11.140+0000][7][gc,metaspace] GC(446) Metaspace: 131061K(134720K)->131061K(134720K) NonClass: 113995K(115904K)->113995K(115904K) Class: 17066K(18816K)->17066K(18816K)
[2024-01-23T22:47:11.140+0000][7][gc          ] GC(446) Pause Young (Normal) (G1 Evacuation Pause) 752M->145M(1024M) 3.100ms
[2024-01-23T22:47:11.140+0000][7][gc,cpu      ] GC(446) User=0.02s Sys=0.01s Real=0.00s
[2024-01-23T22:47:11.140+0000][7][safepoint   ] Safepoint "G1CollectForAllocation", Time since last: 194721953474 ns, Reaching safepoint: 48762 ns, At safepoint: 3215169 ns, Total: 3263931 ns
[2024-01-23T22:50:15.289+0000][7][gc,start    ] GC(447) Pause Young (Normal) (G1 Evacuation Pause)
[2024-01-23T22:50:15.289+0000][7][gc,task     ] GC(447) Using 8 workers of 8 for evacuation
[2024-01-23T22:50:15.289+0000][7][gc,age      ] GC(447) Desired survivor size 41943040 bytes, new threshold 15 (max threshold 15)
[2024-01-23T22:50:15.292+0000][7][gc,phases   ] GC(447)   Pre Evacuate Collection Set: 0.1ms
[2024-01-23T22:50:15.292+0000][7][gc,phases   ] GC(447)   Merge Heap Roots: 0.1ms
[2024-01-23T22:50:15.292+0000][7][gc,phases   ] GC(447)   Evacuate Collection Set: 1.7ms
[2024-01-23T22:50:15.292+0000][7][gc,phases   ] GC(447)   Post Evacuate Collection Set: 0.9ms
[2024-01-23T22:50:15.292+0000][7][gc,phases   ] GC(447)   Other: 0.1ms
[2024-01-23T22:50:15.292+0000][7][gc,age      ] GC(447) Age table with threshold 15 (max threshold 15)
[2024-01-23T22:50:15.292+0000][7][gc,age      ] GC(447) - age   1:    1554992 bytes,    1554992 total
[2024-01-23T22:50:15.292+0000][7][gc,age      ] GC(447) - age   2:       5712 bytes,    1560704 total
[2024-01-23T22:50:15.292+0000][7][gc,age      ] GC(447) - age   3:       1920 bytes,    1562624 total
[2024-01-23T22:50:15.292+0000][7][gc,age      ] GC(447) - age   4:        376 bytes,    1563000 total
[2024-01-23T22:50:15.292+0000][7][gc,age      ] GC(447) - age   5:        152 bytes,    1563152 total
[2024-01-23T22:50:15.292+0000][7][gc,age      ] GC(447) - age   6:        272 bytes,    1563424 total
[2024-01-23T22:50:15.292+0000][7][gc,age      ] GC(447) - age   8:       6288 bytes,    1569712 total
[2024-01-23T22:50:15.292+0000][7][gc,age      ] GC(447) - age  10:       6304 bytes,    1576016 total
[2024-01-23T22:50:15.292+0000][7][gc,age      ] GC(447) - age  11:      23448 bytes,    1599464 total
[2024-01-23T22:50:15.292+0000][7][gc,age      ] GC(447) - age  12:     128528 bytes,    1727992 total
[2024-01-23T22:50:15.292+0000][7][gc,age      ] GC(447) - age  14:     227480 bytes,    1955472 total
[2024-01-23T22:50:15.292+0000][7][gc,age      ] GC(447) - age  15:      92616 bytes,    2048088 total
[2024-01-23T22:50:15.292+0000][7][gc,heap     ] GC(447) Eden regions: 152->0(152)
[2024-01-23T22:50:15.292+0000][7][gc,heap     ] GC(447) Survivor regions: 1->1(20)
[2024-01-23T22:50:15.292+0000][7][gc,heap     ] GC(447) Old regions: 35->35
[2024-01-23T22:50:15.292+0000][7][gc,heap     ] GC(447) Archive regions: 2->2
[2024-01-23T22:50:15.292+0000][7][gc,heap     ] GC(447) Humongous regions: 0->0
[2024-01-23T22:50:15.292+0000][7][gc,metaspace] GC(447) Metaspace: 131061K(134720K)->131061K(134720K) NonClass: 113995K(115904K)->113995K(115904K) Class: 17066K(18816K)->17066K(18816K)
[2024-01-23T22:50:15.293+0000][7][gc          ] GC(447) Pause Young (Normal) (G1 Evacuation Pause) 753M->145M(1024M) 3.147ms
[2024-01-23T22:50:15.293+0000][7][gc,cpu      ] GC(447) User=0.02s Sys=0.00s Real=0.00s
[2024-01-23T22:50:15.293+0000][7][safepoint   ] Safepoint "G1CollectForAllocation", Time since last: 184148842496 ns, Reaching safepoint: 53836 ns, At safepoint: 3239568 ns, Total: 3293404 ns
[2024-01-23T22:53:29.142+0000][7][gc,start    ] GC(448) Pause Young (Normal) (G1 Evacuation Pause)
[2024-01-23T22:53:29.142+0000][7][gc,task     ] GC(448) Using 8 workers of 8 for evacuation
[2024-01-23T22:53:29.142+0000][7][gc,age      ] GC(448) Desired survivor size 41943040 bytes, new threshold 15 (max threshold 15)
[2024-01-23T22:53:29.145+0000][7][gc,phases   ] GC(448)   Pre Evacuate Collection Set: 0.1ms
[2024-01-23T22:53:29.145+0000][7][gc,phases   ] GC(448)   Merge Heap Roots: 0.1ms
[2024-01-23T22:53:29.145+0000][7][gc,phases   ] GC(448)   Evacuate Collection Set: 1.6ms
[2024-01-23T22:53:29.145+0000][7][gc,phases   ] GC(448)   Post Evacuate Collection Set: 0.7ms
[2024-01-23T22:53:29.145+0000][7][gc,phases   ] GC(448)   Other: 0.1ms
[2024-01-23T22:53:29.145+0000][7][gc,age      ] GC(448) Age table with threshold 15 (max threshold 15)
[2024-01-23T22:53:29.145+0000][7][gc,age      ] GC(448) - age   1:    1351208 bytes,    1351208 total
[2024-01-23T22:53:29.145+0000][7][gc,age      ] GC(448) - age   2:       5640 bytes,    1356848 total
[2024-01-23T22:53:29.145+0000][7][gc,age      ] GC(448) - age   3:       3592 bytes,    1360440 total
[2024-01-23T22:53:29.145+0000][7][gc,age      ] GC(448) - age   4:       1016 bytes,    1361456 total
[2024-01-23T22:53:29.145+0000][7][gc,age      ] GC(448) - age   5:        248 bytes,    1361704 total
[2024-01-23T22:53:29.145+0000][7][gc,age      ] GC(448) - age   6:        152 bytes,    1361856 total
[2024-01-23T22:53:29.145+0000][7][gc,age      ] GC(448) - age   7:        240 bytes,    1362096 total
[2024-01-23T22:53:29.145+0000][7][gc,age      ] GC(448) - age   9:       6288 bytes,    1368384 total
[2024-01-23T22:53:29.145+0000][7][gc,age      ] GC(448) - age  11:       6304 bytes,    1374688 total
[2024-01-23T22:53:29.145+0000][7][gc,age      ] GC(448) - age  12:      23264 bytes,    1397952 total
[2024-01-23T22:53:29.145+0000][7][gc,age      ] GC(448) - age  13:     128528 bytes,    1526480 total
[2024-01-23T22:53:29.145+0000][7][gc,age      ] GC(448) - age  15:     227480 bytes,    1753960 total
[2024-01-23T22:53:29.145+0000][7][gc,heap     ] GC(448) Eden regions: 152->0(152)
[2024-01-23T22:53:29.145+0000][7][gc,heap     ] GC(448) Survivor regions: 1->1(20)
[2024-01-23T22:53:29.145+0000][7][gc,heap     ] GC(448) Old regions: 35->35
[2024-01-23T22:53:29.145+0000][7][gc,heap     ] GC(448) Archive regions: 2->2
[2024-01-23T22:53:29.145+0000][7][gc,heap     ] GC(448) Humongous regions: 0->0
[2024-01-23T22:53:29.145+0000][7][gc,metaspace] GC(448) Metaspace: 131073K(134720K)->131073K(134720K) NonClass: 114006K(115904K)->114006K(115904K) Class: 17066K(18816K)->17066K(18816K)
[2024-01-23T22:53:29.145+0000][7][gc          ] GC(448) Pause Young (Normal) (G1 Evacuation Pause) 753M->145M(1024M) 2.967ms
[2024-01-23T22:53:29.145+0000][7][gc,cpu      ] GC(448) User=0.01s Sys=0.00s Real=0.01s
[2024-01-23T22:53:29.145+0000][7][safepoint   ] Safepoint "G1CollectForAllocation", Time since last: 193849722944 ns, Reaching safepoint: 53498 ns, At safepoint: 3065667 ns, Total: 3119165 ns
[2024-01-23T22:55:59.162+0000][7][safepoint   ] Safepoint "Cleanup", Time since last: 150016138307 ns, Reaching safepoint: 131623 ns, At safepoint: 43193 ns, Total: 174816 ns
[2024-01-23T22:56:32.166+0000][7][gc,start    ] GC(449) Pause Young (Normal) (G1 Evacuation Pause)
[2024-01-23T22:56:32.166+0000][7][gc,task     ] GC(449) Using 8 workers of 8 for evacuation
[2024-01-23T22:56:32.166+0000][7][gc,age      ] GC(449) Desired survivor size 41943040 bytes, new threshold 15 (max threshold 15)
[2024-01-23T22:56:32.167+0000][7][gc,phases   ] GC(449)   Pre Evacuate Collection Set: 0.1ms
[2024-01-23T22:56:32.167+0000][7][gc,phases   ] GC(449)   Merge Heap Roots: 0.1ms
[2024-01-23T22:56:32.167+0000][7][gc,phases   ] GC(449)   Evacuate Collection Set: 0.8ms
[2024-01-23T22:56:32.167+0000][7][gc,phases   ] GC(449)   Post Evacuate Collection Set: 0.6ms
[2024-01-23T22:56:32.167+0000][7][gc,phases   ] GC(449)   Other: 0.1ms
[2024-01-23T22:56:32.167+0000][7][gc,age      ] GC(449) Age table with threshold 15 (max threshold 15)
[2024-01-23T22:56:32.167+0000][7][gc,age      ] GC(449) - age   1:     492976 bytes,     492976 total
[2024-01-23T22:56:32.167+0000][7][gc,age      ] GC(449) - age   2:      11408 bytes,     504384 total
[2024-01-23T22:56:32.167+0000][7][gc,age      ] GC(449) - age   3:       1608 bytes,     505992 total
[2024-01-23T22:56:32.167+0000][7][gc,age      ] GC(449) - age   4:        648 bytes,     506640 total
[2024-01-23T22:56:32.167+0000][7][gc,age      ] GC(449) - age   5:        800 bytes,     507440 total
[2024-01-23T22:56:32.167+0000][7][gc,age      ] GC(449) - age   7:        152 bytes,     507592 total
[2024-01-23T22:56:32.167+0000][7][gc,age      ] GC(449) - age   8:        240 bytes,     507832 total
[2024-01-23T22:56:32.167+0000][7][gc,age      ] GC(449) - age  10:       6288 bytes,     514120 total
[2024-01-23T22:56:32.167+0000][7][gc,age      ] GC(449) - age  12:       6304 bytes,     520424 total
[2024-01-23T22:56:32.167+0000][7][gc,age      ] GC(449) - age  13:      23264 bytes,     543688 total
[2024-01-23T22:56:32.167+0000][7][gc,age      ] GC(449) - age  14:     128528 bytes,     672216 total
[2024-01-23T22:56:32.167+0000][7][gc,heap     ] GC(449) Eden regions: 152->0(152)
[2024-01-23T22:56:32.167+0000][7][gc,heap     ] GC(449) Survivor regions: 1->1(20)
[2024-01-23T22:56:32.167+0000][7][gc,heap     ] GC(449) Old regions: 35->35
[2024-01-23T22:56:32.167+0000][7][gc,heap     ] GC(449) Archive regions: 2->2
[2024-01-23T22:56:32.167+0000][7][gc,heap     ] GC(449) Humongous regions: 0->0
[2024-01-23T22:56:32.167+0000][7][gc,metaspace] GC(449) Metaspace: 131073K(134720K)->131073K(134720K) NonClass: 114006K(115904K)->114006K(115904K) Class: 17066K(18816K)->17066K(18816K)
[2024-01-23T22:56:32.167+0000][7][gc          ] GC(449) Pause Young (Normal) (G1 Evacuation Pause) 753M->144M(1024M) 1.775ms
[2024-01-23T22:56:32.167+0000][7][gc,cpu      ] GC(449) User=0.01s Sys=0.00s Real=0.00s
[2024-01-23T22:56:32.167+0000][7][safepoint   ] Safepoint "G1CollectForAllocation", Time since last: 33003767076 ns, Reaching safepoint: 26363 ns, At safepoint: 1858035 ns, Total: 1884398 ns
[2024-01-23T22:59:41.167+0000][7][gc,start    ] GC(450) Pause Young (Normal) (G1 Evacuation Pause)
[2024-01-23T22:59:41.167+0000][7][gc,task     ] GC(450) Using 8 workers of 8 for evacuation
[2024-01-23T22:59:41.167+0000][7][gc,age      ] GC(450) Desired survivor size 41943040 bytes, new threshold 15 (max threshold 15)
[2024-01-23T22:59:41.170+0000][7][gc,phases   ] GC(450)   Pre Evacuate Collection Set: 0.1ms
[2024-01-23T22:59:41.170+0000][7][gc,phases   ] GC(450)   Merge Heap Roots: 0.1ms
[2024-01-23T22:59:41.170+0000][7][gc,phases   ] GC(450)   Evacuate Collection Set: 1.3ms
[2024-01-23T22:59:41.170+0000][7][gc,phases   ] GC(450)   Post Evacuate Collection Set: 0.7ms
[2024-01-23T22:59:41.170+0000][7][gc,phases   ] GC(450)   Other: 0.1ms
[2024-01-23T22:59:41.170+0000][7][gc,age      ] GC(450) Age table with threshold 15 (max threshold 15)
[2024-01-23T22:59:41.170+0000][7][gc,age      ] GC(450) - age   1:    1299712 bytes,    1299712 total
[2024-01-23T22:59:41.170+0000][7][gc,age      ] GC(450) - age   2:       5040 bytes,    1304752 total
[2024-01-23T22:59:41.170+0000][7][gc,age      ] GC(450) - age   3:       1472 bytes,    1306224 total
[2024-01-23T22:59:41.170+0000][7][gc,age      ] GC(450) - age   4:        520 bytes,    1306744 total
[2024-01-23T22:59:41.170+0000][7][gc,age      ] GC(450) - age   5:        456 bytes,    1307200 total
[2024-01-23T22:59:41.170+0000][7][gc,age      ] GC(450) - age   6:        800 bytes,    1308000 total
[2024-01-23T22:59:41.170+0000][7][gc,age      ] GC(450) - age   8:        152 bytes,    1308152 total
[2024-01-23T22:59:41.170+0000][7][gc,age      ] GC(450) - age   9:         56 bytes,    1308208 total
[2024-01-23T22:59:41.170+0000][7][gc,age      ] GC(450) - age  11:       6288 bytes,    1314496 total
[2024-01-23T22:59:41.170+0000][7][gc,age      ] GC(450) - age  13:       6304 bytes,    1320800 total
[2024-01-23T22:59:41.170+0000][7][gc,age      ] GC(450) - age  14:      23264 bytes,    1344064 total
[2024-01-23T22:59:41.170+0000][7][gc,age      ] GC(450) - age  15:     128528 bytes,    1472592 total
[2024-01-23T22:59:41.170+0000][7][gc,heap     ] GC(450) Eden regions: 152->0(152)
[2024-01-23T22:59:41.170+0000][7][gc,heap     ] GC(450) Survivor regions: 1->1(20)
[2024-01-23T22:59:41.170+0000][7][gc,heap     ] GC(450) Old regions: 35->35
[2024-01-23T22:59:41.170+0000][7][gc,heap     ] GC(450) Archive regions: 2->2
[2024-01-23T22:59:41.170+0000][7][gc,heap     ] GC(450) Humongous regions: 0->0
[2024-01-23T22:59:41.170+0000][7][gc,metaspace] GC(450) Metaspace: 131073K(134720K)->131073K(134720K) NonClass: 114006K(115904K)->114006K(115904K) Class: 17066K(18816K)->17066K(18816K)
[2024-01-23T22:59:41.170+0000][7][gc          ] GC(450) Pause Young (Normal) (G1 Evacuation Pause) 752M->145M(1024M) 2.563ms
[2024-01-23T22:59:41.170+0000][7][gc,cpu      ] GC(450) User=0.01s Sys=0.00s Real=0.00s
[2024-01-23T22:59:41.170+0000][7][safepoint   ] Safepoint "G1CollectForAllocation", Time since last: 188999710836 ns, Reaching safepoint: 61871 ns, At safepoint: 2652860 ns, Total: 2714731 ns
[2024-01-23T23:02:39.078+0000][7][gc,start    ] GC(451) Pause Young (Normal) (G1 Evacuation Pause)
[2024-01-23T23:02:39.078+0000][7][gc,task     ] GC(451) Using 8 workers of 8 for evacuation
[2024-01-23T23:02:39.078+0000][7][gc,age      ] GC(451) Desired survivor size 41943040 bytes, new threshold 15 (max threshold 15)
[2024-01-23T23:02:39.080+0000][7][gc,phases   ] GC(451)   Pre Evacuate Collection Set: 0.1ms
[2024-01-23T23:02:39.080+0000][7][gc,phases   ] GC(451)   Merge Heap Roots: 0.1ms
[2024-01-23T23:02:39.080+0000][7][gc,phases   ] GC(451)   Evacuate Collection Set: 0.9ms
[2024-01-23T23:02:39.080+0000][7][gc,phases   ] GC(451)   Post Evacuate Collection Set: 0.8ms
[2024-01-23T23:02:39.080+0000][7][gc,phases   ] GC(451)   Other: 0.1ms
[2024-01-23T23:02:39.080+0000][7][gc,age      ] GC(451) Age table with threshold 15 (max threshold 15)
[2024-01-23T23:02:39.080+0000][7][gc,age      ] GC(451) - age   1:     426216 bytes,     426216 total
[2024-01-23T23:02:39.080+0000][7][gc,age      ] GC(451) - age   2:      13248 bytes,     439464 total
[2024-01-23T23:02:39.080+0000][7][gc,age      ] GC(451) - age   3:       3304 bytes,     442768 total
[2024-01-23T23:02:39.080+0000][7][gc,age      ] GC(451) - age   4:       1408 bytes,     444176 total
[2024-01-23T23:02:39.080+0000][7][gc,age      ] GC(451) - age   5:        520 bytes,     444696 total
[2024-01-23T23:02:39.080+0000][7][gc,age      ] GC(451) - age   6:        456 bytes,     445152 total
[2024-01-23T23:02:39.080+0000][7][gc,age      ] GC(451) - age   7:        168 bytes,     445320 total
[2024-01-23T23:02:39.080+0000][7][gc,age      ] GC(451) - age   9:        152 bytes,     445472 total
[2024-01-23T23:02:39.080+0000][7][gc,age      ] GC(451) - age  10:         56 bytes,     445528 total
[2024-01-23T23:02:39.080+0000][7][gc,age      ] GC(451) - age  12:       6288 bytes,     451816 total
[2024-01-23T23:02:39.080+0000][7][gc,age      ] GC(451) - age  14:       6304 bytes,     458120 total
[2024-01-23T23:02:39.080+0000][7][gc,age      ] GC(451) - age  15:      23264 bytes,     481384 total
[2024-01-23T23:02:39.080+0000][7][gc,heap     ] GC(451) Eden regions: 152->0(152)
[2024-01-23T23:02:39.080+0000][7][gc,heap     ] GC(451) Survivor regions: 1->1(20)
[2024-01-23T23:02:39.080+0000][7][gc,heap     ] GC(451) Old regions: 35->35
[2024-01-23T23:02:39.080+0000][7][gc,heap     ] GC(451) Archive regions: 2->2
[2024-01-23T23:02:39.080+0000][7][gc,heap     ] GC(451) Humongous regions: 0->0
[2024-01-23T23:02:39.080+0000][7][gc,metaspace] GC(451) Metaspace: 131073K(134720K)->131073K(134720K) NonClass: 114006K(115904K)->114006K(115904K) Class: 17066K(18816K)->17066K(18816K)
[2024-01-23T23:02:39.080+0000][7][gc          ] GC(451) Pause Young (Normal) (G1 Evacuation Pause) 753M->144M(1024M) 2.399ms
[2024-01-23T23:02:39.080+0000][7][gc,cpu      ] GC(451) User=0.01s Sys=0.00s Real=0.00s
[2024-01-23T23:02:39.080+0000][7][safepoint   ] Safepoint "G1CollectForAllocation", Time since last: 177908099507 ns, Reaching safepoint: 50313 ns, At safepoint: 2500619 ns, Total: 2550932 ns
[2024-01-23T23:03:07.084+0000][7][safepoint   ] Safepoint "Cleanup", Time since last: 28002996733 ns, Reaching safepoint: 86290 ns, At safepoint: 5844 ns, Total: 92134 ns
[2024-01-23T23:05:09.095+0000][7][safepoint   ] Safepoint "Cleanup", Time since last: 122011137341 ns, Reaching safepoint: 61364 ns, At safepoint: 6309 ns, Total: 67673 ns
[2024-01-23T23:05:26.692+0000][7][gc,start    ] GC(452) Pause Young (Normal) (G1 Evacuation Pause)
[2024-01-23T23:05:26.692+0000][7][gc,task     ] GC(452) Using 8 workers of 8 for evacuation
[2024-01-23T23:05:26.692+0000][7][gc,age      ] GC(452) Desired survivor size 41943040 bytes, new threshold 15 (max threshold 15)
[2024-01-23T23:05:26.694+0000][7][gc,phases   ] GC(452)   Pre Evacuate Collection Set: 0.1ms
[2024-01-23T23:05:26.694+0000][7][gc,phases   ] GC(452)   Merge Heap Roots: 0.0ms
[2024-01-23T23:05:26.694+0000][7][gc,phases   ] GC(452)   Evacuate Collection Set: 0.8ms
[2024-01-23T23:05:26.694+0000][7][gc,phases   ] GC(452)   Post Evacuate Collection Set: 0.5ms
[2024-01-23T23:05:26.694+0000][7][gc,phases   ] GC(452)   Other: 0.1ms
[2024-01-23T23:05:26.694+0000][7][gc,age      ] GC(452) Age table with threshold 15 (max threshold 15)
[2024-01-23T23:05:26.694+0000][7][gc,age      ] GC(452) - age   1:    1400680 bytes,    1400680 total
[2024-01-23T23:05:26.694+0000][7][gc,age      ] GC(452) - age   2:       5328 bytes,    1406008 total
[2024-01-23T23:05:26.694+0000][7][gc,age      ] GC(452) - age   3:      10304 bytes,    1416312 total
[2024-01-23T23:05:26.694+0000][7][gc,age      ] GC(452) - age   4:        128 bytes,    1416440 total
[2024-01-23T23:05:26.694+0000][7][gc,age      ] GC(452) - age   5:        464 bytes,    1416904 total
[2024-01-23T23:05:26.694+0000][7][gc,age      ] GC(452) - age   7:        272 bytes,    1417176 total
[2024-01-23T23:05:26.694+0000][7][gc,age      ] GC(452) - age   8:         72 bytes,    1417248 total
[2024-01-23T23:05:26.694+0000][7][gc,age      ] GC(452) - age  10:        120 bytes,    1417368 total
[2024-01-23T23:05:26.694+0000][7][gc,age      ] GC(452) - age  11:         56 bytes,    1417424 total
[2024-01-23T23:05:26.694+0000][7][gc,age      ] GC(452) - age  13:       6288 bytes,    1423712 total
[2024-01-23T23:05:26.694+0000][7][gc,age      ] GC(452) - age  15:       6304 bytes,    1430016 total
[2024-01-23T23:05:26.694+0000][7][gc,heap     ] GC(452) Eden regions: 152->0(152)
[2024-01-23T23:05:26.694+0000][7][gc,heap     ] GC(452) Survivor regions: 1->1(20)
[2024-01-23T23:05:26.694+0000][7][gc,heap     ] GC(452) Old regions: 35->35
[2024-01-23T23:05:26.694+0000][7][gc,heap     ] GC(452) Archive regions: 2->2
[2024-01-23T23:05:26.694+0000][7][gc,heap     ] GC(452) Humongous regions: 0->0
[2024-01-23T23:05:26.694+0000][7][gc,metaspace] GC(452) Metaspace: 131074K(134720K)->131074K(134720K) NonClass: 114007K(115904K)->114007K(115904K) Class: 17066K(18816K)->17066K(18816K)
[2024-01-23T23:05:26.694+0000][7][gc          ] GC(452) Pause Young (Normal) (G1 Evacuation Pause) 752M->145M(1024M) 1.743ms
[2024-01-23T23:05:26.694+0000][7][gc,cpu      ] GC(452) User=0.01s Sys=0.00s Real=0.01s
[2024-01-23T23:05:26.694+0000][7][safepoint   ] Safepoint "G1CollectForAllocation", Time since last: 17597601983 ns, Reaching safepoint: 30640 ns, At safepoint: 1813117 ns, Total: 1843757 ns
[2024-01-23T23:08:22.637+0000][7][gc,start    ] GC(453) Pause Young (Normal) (G1 Evacuation Pause)
[2024-01-23T23:08:22.637+0000][7][gc,task     ] GC(453) Using 8 workers of 8 for evacuation
[2024-01-23T23:08:22.637+0000][7][gc,age      ] GC(453) Desired survivor size 41943040 bytes, new threshold 15 (max threshold 15)
[2024-01-23T23:08:22.641+0000][7][gc,phases   ] GC(453)   Pre Evacuate Collection Set: 0.2ms
[2024-01-23T23:08:22.641+0000][7][gc,phases   ] GC(453)   Merge Heap Roots: 0.1ms
[2024-01-23T23:08:22.641+0000][7][gc,phases   ] GC(453)   Evacuate Collection Set: 2.4ms
[2024-01-23T23:08:22.641+0000][7][gc,phases   ] GC(453)   Post Evacuate Collection Set: 0.9ms
[2024-01-23T23:08:22.641+0000][7][gc,phases   ] GC(453)   Other: 0.1ms
[2024-01-23T23:08:22.641+0000][7][gc,age      ] GC(453) Age table with threshold 15 (max threshold 15)
[2024-01-23T23:08:22.641+0000][7][gc,age      ] GC(453) - age   1:    1326392 bytes,    1326392 total
[2024-01-23T23:08:22.641+0000][7][gc,age      ] GC(453) - age   2:       7384 bytes,    1333776 total
[2024-01-23T23:08:22.641+0000][7][gc,age      ] GC(453) - age   3:       3688 bytes,    1337464 total
[2024-01-23T23:08:22.641+0000][7][gc,age      ] GC(453) - age   4:       9632 bytes,    1347096 total
[2024-01-23T23:08:22.641+0000][7][gc,age      ] GC(453) - age   5:         64 bytes,    1347160 total
[2024-01-23T23:08:22.641+0000][7][gc,age      ] GC(453) - age   6:        464 bytes,    1347624 total
[2024-01-23T23:08:22.641+0000][7][gc,age      ] GC(453) - age   8:        208 bytes,    1347832 total
[2024-01-23T23:08:22.641+0000][7][gc,age      ] GC(453) - age   9:         72 bytes,    1347904 total
[2024-01-23T23:08:22.641+0000][7][gc,age      ] GC(453) - age  11:        120 bytes,    1348024 total
[2024-01-23T23:08:22.641+0000][7][gc,age      ] GC(453) - age  12:         56 bytes,    1348080 total
[2024-01-23T23:08:22.641+0000][7][gc,age      ] GC(453) - age  14:       6288 bytes,    1354368 total
[2024-01-23T23:08:22.641+0000][7][gc,heap     ] GC(453) Eden regions: 152->0(152)
[2024-01-23T23:08:22.641+0000][7][gc,heap     ] GC(453) Survivor regions: 1->1(20)
[2024-01-23T23:08:22.641+0000][7][gc,heap     ] GC(453) Old regions: 35->35
[2024-01-23T23:08:22.641+0000][7][gc,heap     ] GC(453) Archive regions: 2->2
[2024-01-23T23:08:22.641+0000][7][gc,heap     ] GC(453) Humongous regions: 0->0
[2024-01-23T23:08:22.641+0000][7][gc,metaspace] GC(453) Metaspace: 131074K(134720K)->131074K(134720K) NonClass: 114007K(115904K)->114007K(115904K) Class: 17066K(18816K)->17066K(18816K)
[2024-01-23T23:08:22.641+0000][7][gc          ] GC(453) Pause Young (Normal) (G1 Evacuation Pause) 753M->145M(1024M) 4.207ms
[2024-01-23T23:08:22.641+0000][7][gc,cpu      ] GC(453) User=0.01s Sys=0.00s Real=0.00s
[2024-01-23T23:08:22.641+0000][7][safepoint   ] Safepoint "G1CollectForAllocation", Time since last: 175942428858 ns, Reaching safepoint: 44774 ns, At safepoint: 4364078 ns, Total: 4408852 ns
[2024-01-23T23:10:23.653+0000][7][safepoint   ] Safepoint "Cleanup", Time since last: 121011696511 ns, Reaching safepoint: 54964 ns, At safepoint: 4906 ns, Total: 59870 ns
[2024-01-23T23:11:11.250+0000][7][gc,start    ] GC(454) Pause Young (Normal) (G1 Evacuation Pause)
[2024-01-23T23:11:11.251+0000][7][gc,task     ] GC(454) Using 8 workers of 8 for evacuation
[2024-01-23T23:11:11.251+0000][7][gc,age      ] GC(454) Desired survivor size 41943040 bytes, new threshold 15 (max threshold 15)
[2024-01-23T23:11:11.252+0000][7][gc,phases   ] GC(454)   Pre Evacuate Collection Set: 0.1ms
[2024-01-23T23:11:11.252+0000][7][gc,phases   ] GC(454)   Merge Heap Roots: 0.1ms
[2024-01-23T23:11:11.252+0000][7][gc,phases   ] GC(454)   Evacuate Collection Set: 0.8ms
[2024-01-23T23:11:11.252+0000][7][gc,phases   ] GC(454)   Post Evacuate Collection Set: 0.6ms
[2024-01-23T23:11:11.252+0000][7][gc,phases   ] GC(454)   Other: 0.1ms
[2024-01-23T23:11:11.252+0000][7][gc,age      ] GC(454) Age table with threshold 15 (max threshold 15)
[2024-01-23T23:11:11.252+0000][7][gc,age      ] GC(454) - age   1:     901160 bytes,     901160 total
[2024-01-23T23:11:11.252+0000][7][gc,age      ] GC(454) - age   2:      94168 bytes,     995328 total
[2024-01-23T23:11:11.252+0000][7][gc,age      ] GC(454) - age   3:       4504 bytes,     999832 total
[2024-01-23T23:11:11.252+0000][7][gc,age      ] GC(454) - age   4:       2640 bytes,    1002472 total
[2024-01-23T23:11:11.252+0000][7][gc,age      ] GC(454) - age   5:       8360 bytes,    1010832 total
[2024-01-23T23:11:11.252+0000][7][gc,age      ] GC(454) - age   7:        464 bytes,    1011296 total
[2024-01-23T23:11:11.252+0000][7][gc,age      ] GC(454) - age   9:         24 bytes,    1011320 total
[2024-01-23T23:11:11.252+0000][7][gc,age      ] GC(454) - age  10:         72 bytes,    1011392 total
[2024-01-23T23:11:11.252+0000][7][gc,age      ] GC(454) - age  13:         56 bytes,    1011448 total
[2024-01-23T23:11:11.252+0000][7][gc,age      ] GC(454) - age  15:       6288 bytes,    1017736 total
[2024-01-23T23:11:11.252+0000][7][gc,heap     ] GC(454) Eden regions: 152->0(152)
[2024-01-23T23:11:11.252+0000][7][gc,heap     ] GC(454) Survivor regions: 1->1(20)
[2024-01-23T23:11:11.252+0000][7][gc,heap     ] GC(454) Old regions: 35->35
[2024-01-23T23:11:11.252+0000][7][gc,heap     ] GC(454) Archive regions: 2->2
[2024-01-23T23:11:11.252+0000][7][gc,heap     ] GC(454) Humongous regions: 0->0
[2024-01-23T23:11:11.252+0000][7][gc,metaspace] GC(454) Metaspace: 131074K(134720K)->131074K(134720K) NonClass: 114007K(115904K)->114007K(115904K) Class: 17066K(18816K)->17066K(18816K)
[2024-01-23T23:11:11.252+0000][7][gc          ] GC(454) Pause Young (Normal) (G1 Evacuation Pause) 753M->144M(1024M) 1.913ms
[2024-01-23T23:11:11.252+0000][7][gc,cpu      ] GC(454) User=0.01s Sys=0.00s Real=0.00s
[2024-01-23T23:11:11.252+0000][7][safepoint   ] Safepoint "G1CollectForAllocation", Time since last: 47597626665 ns, Reaching safepoint: 33397 ns, At safepoint: 1995646 ns, Total: 2029043 ns
[2024-01-23T23:13:07.264+0000][7][safepoint   ] Safepoint "Cleanup", Time since last: 116011575269 ns, Reaching safepoint: 75211 ns, At safepoint: 8714 ns, Total: 83925 ns
[2024-01-23T23:14:20.259+0000][7][gc,start    ] GC(455) Pause Young (Normal) (G1 Evacuation Pause)
[2024-01-23T23:14:20.260+0000][7][gc,task     ] GC(455) Using 8 workers of 8 for evacuation
[2024-01-23T23:14:20.260+0000][7][gc,age      ] GC(455) Desired survivor size 41943040 bytes, new threshold 15 (max threshold 15)
[2024-01-23T23:14:20.261+0000][7][gc,phases   ] GC(455)   Pre Evacuate Collection Set: 0.1ms
[2024-01-23T23:14:20.261+0000][7][gc,phases   ] GC(455)   Merge Heap Roots: 0.0ms
[2024-01-23T23:14:20.261+0000][7][gc,phases   ] GC(455)   Evacuate Collection Set: 0.9ms
[2024-01-23T23:14:20.261+0000][7][gc,phases   ] GC(455)   Post Evacuate Collection Set: 0.6ms
[2024-01-23T23:14:20.261+0000][7][gc,phases   ] GC(455)   Other: 0.1ms
[2024-01-23T23:14:20.261+0000][7][gc,age      ] GC(455) Age table with threshold 15 (max threshold 15)
[2024-01-23T23:14:20.261+0000][7][gc,age      ] GC(455) - age   1:    1441576 bytes,    1441576 total
[2024-01-23T23:14:20.261+0000][7][gc,age      ] GC(455) - age   2:     227288 bytes,    1668864 total
[2024-01-23T23:14:20.261+0000][7][gc,age      ] GC(455) - age   3:      91536 bytes,    1760400 total
[2024-01-23T23:14:20.261+0000][7][gc,age      ] GC(455) - age   4:       3248 bytes,    1763648 total
[2024-01-23T23:14:20.261+0000][7][gc,age      ] GC(455) - age   5:       2448 bytes,    1766096 total
[2024-01-23T23:14:20.261+0000][7][gc,age      ] GC(455) - age   6:        344 bytes,    1766440 total
[2024-01-23T23:14:20.261+0000][7][gc,age      ] GC(455) - age   8:        184 bytes,    1766624 total
[2024-01-23T23:14:20.261+0000][7][gc,age      ] GC(455) - age  10:         24 bytes,    1766648 total
[2024-01-23T23:14:20.261+0000][7][gc,age      ] GC(455) - age  11:         72 bytes,    1766720 total
[2024-01-23T23:14:20.261+0000][7][gc,age      ] GC(455) - age  14:         56 bytes,    1766776 total
[2024-01-23T23:14:20.261+0000][7][gc,heap     ] GC(455) Eden regions: 152->0(152)
[2024-01-23T23:14:20.261+0000][7][gc,heap     ] GC(455) Survivor regions: 1->1(20)
[2024-01-23T23:14:20.261+0000][7][gc,heap     ] GC(455) Old regions: 35->35
[2024-01-23T23:14:20.261+0000][7][gc,heap     ] GC(455) Archive regions: 2->2
[2024-01-23T23:14:20.261+0000][7][gc,heap     ] GC(455) Humongous regions: 0->0
[2024-01-23T23:14:20.261+0000][7][gc,metaspace] GC(455) Metaspace: 131076K(134720K)->131076K(134720K) NonClass: 114009K(115904K)->114009K(115904K) Class: 17066K(18816K)->17066K(18816K)
[2024-01-23T23:14:20.262+0000][7][gc          ] GC(455) Pause Young (Normal) (G1 Evacuation Pause) 752M->145M(1024M) 2.031ms
[2024-01-23T23:14:20.262+0000][7][gc,cpu      ] GC(455) User=0.01s Sys=0.00s Real=0.00s
[2024-01-23T23:14:20.262+0000][7][safepoint   ] Safepoint "G1CollectForAllocation", Time since last: 72995297536 ns, Reaching safepoint: 36634 ns, At safepoint: 2107417 ns, Total: 2144051 ns
[2024-01-23T23:16:58.325+0000][7][gc,start    ] GC(456) Pause Young (Normal) (G1 Evacuation Pause)
[2024-01-23T23:16:58.325+0000][7][gc,task     ] GC(456) Using 8 workers of 8 for evacuation
[2024-01-23T23:16:58.325+0000][7][gc,age      ] GC(456) Desired survivor size 41943040 bytes, new threshold 15 (max threshold 15)
[2024-01-23T23:16:58.326+0000][7][gc,phases   ] GC(456)   Pre Evacuate Collection Set: 0.1ms
[2024-01-23T23:16:58.326+0000][7][gc,phases   ] GC(456)   Merge Heap Roots: 0.1ms
[2024-01-23T23:16:58.326+0000][7][gc,phases   ] GC(456)   Evacuate Collection Set: 0.7ms
[2024-01-23T23:16:58.326+0000][7][gc,phases   ] GC(456)   Post Evacuate Collection Set: 0.5ms
[2024-01-23T23:16:58.326+0000][7][gc,phases   ] GC(456)   Other: 0.1ms
[2024-01-23T23:16:58.326+0000][7][gc,age      ] GC(456) Age table with threshold 15 (max threshold 15)
[2024-01-23T23:16:58.326+0000][7][gc,age      ] GC(456) - age   1:     802864 bytes,     802864 total
[2024-01-23T23:16:58.326+0000][7][gc,age      ] GC(456) - age   2:      51680 bytes,     854544 total
[2024-01-23T23:16:58.326+0000][7][gc,age      ] GC(456) - age   3:     225288 bytes,    1079832 total
[2024-01-23T23:16:58.326+0000][7][gc,age      ] GC(456) - age   4:      90896 bytes,    1170728 total
[2024-01-23T23:16:58.326+0000][7][gc,age      ] GC(456) - age   5:        880 bytes,    1171608 total
[2024-01-23T23:16:58.326+0000][7][gc,age      ] GC(456) - age   6:       2416 bytes,    1174024 total
[2024-01-23T23:16:58.326+0000][7][gc,age      ] GC(456) - age   7:        344 bytes,    1174368 total
[2024-01-23T23:16:58.326+0000][7][gc,age      ] GC(456) - age   9:        184 bytes,    1174552 total
[2024-01-23T23:16:58.326+0000][7][gc,age      ] GC(456) - age  11:         24 bytes,    1174576 total
[2024-01-23T23:16:58.326+0000][7][gc,age      ] GC(456) - age  12:         72 bytes,    1174648 total
[2024-01-23T23:16:58.326+0000][7][gc,age      ] GC(456) - age  15:         56 bytes,    1174704 total
[2024-01-23T23:16:58.326+0000][7][gc,heap     ] GC(456) Eden regions: 152->0(152)
[2024-01-23T23:16:58.326+0000][7][gc,heap     ] GC(456) Survivor regions: 1->1(20)
[2024-01-23T23:16:58.326+0000][7][gc,heap     ] GC(456) Old regions: 35->35
[2024-01-23T23:16:58.326+0000][7][gc,heap     ] GC(456) Archive regions: 2->2
[2024-01-23T23:16:58.326+0000][7][gc,heap     ] GC(456) Humongous regions: 0->0
[2024-01-23T23:16:58.326+0000][7][gc,metaspace] GC(456) Metaspace: 131076K(134720K)->131076K(134720K) NonClass: 114009K(115904K)->114009K(115904K) Class: 17066K(18816K)->17066K(18816K)
[2024-01-23T23:16:58.326+0000][7][gc          ] GC(456) Pause Young (Normal) (G1 Evacuation Pause) 753M->144M(1024M) 1.539ms
[2024-01-23T23:16:58.326+0000][7][gc,cpu      ] GC(456) User=0.00s Sys=0.00s Real=0.01s
[2024-01-23T23:16:58.327+0000][7][safepoint   ] Safepoint "G1CollectForAllocation", Time since last: 158063311306 ns, Reaching safepoint: 37883 ns, At safepoint: 1606625 ns, Total: 1644508 ns
[2024-01-23T23:19:56.343+0000][7][gc,start    ] GC(457) Pause Young (Normal) (G1 Evacuation Pause)
[2024-01-23T23:19:56.343+0000][7][gc,task     ] GC(457) Using 8 workers of 8 for evacuation
[2024-01-23T23:19:56.343+0000][7][gc,age      ] GC(457) Desired survivor size 41943040 bytes, new threshold 15 (max threshold 15)
[2024-01-23T23:19:56.345+0000][7][gc,phases   ] GC(457)   Pre Evacuate Collection Set: 0.1ms
[2024-01-23T23:19:56.345+0000][7][gc,phases   ] GC(457)   Merge Heap Roots: 0.1ms
[2024-01-23T23:19:56.345+0000][7][gc,phases   ] GC(457)   Evacuate Collection Set: 1.2ms
[2024-01-23T23:19:56.345+0000][7][gc,phases   ] GC(457)   Post Evacuate Collection Set: 0.6ms
[2024-01-23T23:19:56.345+0000][7][gc,phases   ] GC(457)   Other: 0.1ms
[2024-01-23T23:19:56.345+0000][7][gc,age      ] GC(457) Age table with threshold 15 (max threshold 15)
[2024-01-23T23:19:56.345+0000][7][gc,age      ] GC(457) - age   1:    2163128 bytes,    2163128 total
[2024-01-23T23:19:56.345+0000][7][gc,age      ] GC(457) - age   2:      34824 bytes,    2197952 total
[2024-01-23T23:19:56.345+0000][7][gc,age      ] GC(457) - age   3:      40288 bytes,    2238240 total
[2024-01-23T23:19:56.345+0000][7][gc,age      ] GC(457) - age   4:     224136 bytes,    2462376 total
[2024-01-23T23:19:56.345+0000][7][gc,age      ] GC(457) - age   5:      90832 bytes,    2553208 total
[2024-01-23T23:19:56.345+0000][7][gc,age      ] GC(457) - age   6:        392 bytes,    2553600 total
[2024-01-23T23:19:56.345+0000][7][gc,age      ] GC(457) - age   7:       2416 bytes,    2556016 total
[2024-01-23T23:19:56.345+0000][7][gc,age      ] GC(457) - age   8:        344 bytes,    2556360 total
[2024-01-23T23:19:56.345+0000][7][gc,age      ] GC(457) - age  10:        184 bytes,    2556544 total
[2024-01-23T23:19:56.345+0000][7][gc,age      ] GC(457) - age  12:         24 bytes,    2556568 total
[2024-01-23T23:19:56.345+0000][7][gc,age      ] GC(457) - age  13:         72 bytes,    2556640 total
[2024-01-23T23:19:56.345+0000][7][gc,heap     ] GC(457) Eden regions: 152->0(152)
[2024-01-23T23:19:56.345+0000][7][gc,heap     ] GC(457) Survivor regions: 1->1(20)
[2024-01-23T23:19:56.345+0000][7][gc,heap     ] GC(457) Old regions: 35->35
[2024-01-23T23:19:56.345+0000][7][gc,heap     ] GC(457) Archive regions: 2->2
[2024-01-23T23:19:56.345+0000][7][gc,heap     ] GC(457) Humongous regions: 0->0
[2024-01-23T23:19:56.345+0000][7][gc,metaspace] GC(457) Metaspace: 131076K(134720K)->131076K(134720K) NonClass: 114009K(115904K)->114009K(115904K) Class: 17066K(18816K)->17066K(18816K)
[2024-01-23T23:19:56.345+0000][7][gc          ] GC(457) Pause Young (Normal) (G1 Evacuation Pause) 752M->146M(1024M) 2.162ms
[2024-01-23T23:19:56.345+0000][7][gc,cpu      ] GC(457) User=0.01s Sys=0.00s Real=0.01s
[2024-01-23T23:19:56.345+0000][7][safepoint   ] Safepoint "G1CollectForAllocation", Time since last: 178016443840 ns, Reaching safepoint: 29835 ns, At safepoint: 2236136 ns, Total: 2265971 ns
[2024-01-23T23:22:56.281+0000][7][gc,start    ] GC(458) Pause Young (Normal) (G1 Evacuation Pause)
[2024-01-23T23:22:56.281+0000][7][gc,task     ] GC(458) Using 8 workers of 8 for evacuation
[2024-01-23T23:22:56.281+0000][7][gc,age      ] GC(458) Desired survivor size 41943040 bytes, new threshold 15 (max threshold 15)
[2024-01-23T23:22:56.283+0000][7][gc,phases   ] GC(458)   Pre Evacuate Collection Set: 0.1ms
[2024-01-23T23:22:56.283+0000][7][gc,phases   ] GC(458)   Merge Heap Roots: 0.1ms
[2024-01-23T23:22:56.283+0000][7][gc,phases   ] GC(458)   Evacuate Collection Set: 1.1ms
[2024-01-23T23:22:56.283+0000][7][gc,phases   ] GC(458)   Post Evacuate Collection Set: 0.8ms
[2024-01-23T23:22:56.283+0000][7][gc,phases   ] GC(458)   Other: 0.1ms
[2024-01-23T23:22:56.283+0000][7][gc,age      ] GC(458) Age table with threshold 15 (max threshold 15)
[2024-01-23T23:22:56.284+0000][7][gc,age      ] GC(458) - age   1:    1110928 bytes,    1110928 total
[2024-01-23T23:22:56.284+0000][7][gc,age      ] GC(458) - age   2:      19280 bytes,    1130208 total
[2024-01-23T23:22:56.284+0000][7][gc,age      ] GC(458) - age   3:      30464 bytes,    1160672 total
[2024-01-23T23:22:56.284+0000][7][gc,age      ] GC(458) - age   4:      39264 bytes,    1199936 total
[2024-01-23T23:22:56.284+0000][7][gc,age      ] GC(458) - age   5:     224136 bytes,    1424072 total
[2024-01-23T23:22:56.284+0000][7][gc,age      ] GC(458) - age   6:      90648 bytes,    1514720 total
[2024-01-23T23:22:56.284+0000][7][gc,age      ] GC(458) - age   7:        392 bytes,    1515112 total
[2024-01-23T23:22:56.284+0000][7][gc,age      ] GC(458) - age   8:       2032 bytes,    1517144 total
[2024-01-23T23:22:56.284+0000][7][gc,age      ] GC(458) - age   9:        344 bytes,    1517488 total
[2024-01-23T23:22:56.284+0000][7][gc,age      ] GC(458) - age  13:         24 bytes,    1517512 total
[2024-01-23T23:22:56.284+0000][7][gc,age      ] GC(458) - age  14:         72 bytes,    1517584 total
[2024-01-23T23:22:56.284+0000][7][gc,heap     ] GC(458) Eden regions: 152->0(152)
[2024-01-23T23:22:56.284+0000][7][gc,heap     ] GC(458) Survivor regions: 1->1(20)
[2024-01-23T23:22:56.284+0000][7][gc,heap     ] GC(458) Old regions: 35->35
[2024-01-23T23:22:56.284+0000][7][gc,heap     ] GC(458) Archive regions: 2->2
[2024-01-23T23:22:56.284+0000][7][gc,heap     ] GC(458) Humongous regions: 0->0
[2024-01-23T23:22:56.284+0000][7][gc,metaspace] GC(458) Metaspace: 131076K(134720K)->131076K(134720K) NonClass: 114009K(115904K)->114009K(115904K) Class: 17066K(18816K)->17066K(18816K)
[2024-01-23T23:22:56.284+0000][7][gc          ] GC(458) Pause Young (Normal) (G1 Evacuation Pause) 754M->145M(1024M) 2.348ms
[2024-01-23T23:22:56.284+0000][7][gc,cpu      ] GC(458) User=0.01s Sys=0.00s Real=0.00s
[2024-01-23T23:22:56.284+0000][7][safepoint   ] Safepoint "G1CollectForAllocation", Time since last: 179935973357 ns, Reaching safepoint: 35964 ns, At safepoint: 2433844 ns, Total: 2469808 ns
[2024-01-23T23:25:53.379+0000][7][gc,start    ] GC(459) Pause Young (Normal) (G1 Evacuation Pause)
[2024-01-23T23:25:53.379+0000][7][gc,task     ] GC(459) Using 8 workers of 8 for evacuation
[2024-01-23T23:25:53.379+0000][7][gc,age      ] GC(459) Desired survivor size 41943040 bytes, new threshold 15 (max threshold 15)
[2024-01-23T23:25:53.381+0000][7][gc,phases   ] GC(459)   Pre Evacuate Collection Set: 0.1ms
[2024-01-23T23:25:53.381+0000][7][gc,phases   ] GC(459)   Merge Heap Roots: 0.0ms
[2024-01-23T23:25:53.381+0000][7][gc,phases   ] GC(459)   Evacuate Collection Set: 1.1ms
[2024-01-23T23:25:53.381+0000][7][gc,phases   ] GC(459)   Post Evacuate Collection Set: 0.5ms
[2024-01-23T23:25:53.381+0000][7][gc,phases   ] GC(459)   Other: 0.1ms
[2024-01-23T23:25:53.381+0000][7][gc,age      ] GC(459) Age table with threshold 15 (max threshold 15)
[2024-01-23T23:25:53.381+0000][7][gc,age      ] GC(459) - age   1:    2069152 bytes,    2069152 total
[2024-01-23T23:25:53.381+0000][7][gc,age      ] GC(459) - age   2:       3880 bytes,    2073032 total
[2024-01-23T23:25:53.381+0000][7][gc,age      ] GC(459) - age   3:      16200 bytes,    2089232 total
[2024-01-23T23:25:53.381+0000][7][gc,age      ] GC(459) - age   4:      27784 bytes,    2117016 total
[2024-01-23T23:25:53.381+0000][7][gc,age      ] GC(459) - age   5:      38352 bytes,    2155368 total
[2024-01-23T23:25:53.381+0000][7][gc,age      ] GC(459) - age   6:     224136 bytes,    2379504 total
[2024-01-23T23:25:53.381+0000][7][gc,age      ] GC(459) - age   7:      90648 bytes,    2470152 total
[2024-01-23T23:25:53.381+0000][7][gc,age      ] GC(459) - age   8:        392 bytes,    2470544 total
[2024-01-23T23:25:53.381+0000][7][gc,age      ] GC(459) - age   9:       2032 bytes,    2472576 total
[2024-01-23T23:25:53.381+0000][7][gc,age      ] GC(459) - age  10:        344 bytes,    2472920 total
[2024-01-23T23:25:53.381+0000][7][gc,age      ] GC(459) - age  14:         24 bytes,    2472944 total
[2024-01-23T23:25:53.381+0000][7][gc,age      ] GC(459) - age  15:         72 bytes,    2473016 total
[2024-01-23T23:25:53.381+0000][7][gc,heap     ] GC(459) Eden regions: 152->0(152)
[2024-01-23T23:25:53.381+0000][7][gc,heap     ] GC(459) Survivor regions: 1->1(20)
[2024-01-23T23:25:53.381+0000][7][gc,heap     ] GC(459) Old regions: 35->35
[2024-01-23T23:25:53.381+0000][7][gc,heap     ] GC(459) Archive regions: 2->2
[2024-01-23T23:25:53.381+0000][7][gc,heap     ] GC(459) Humongous regions: 0->0
[2024-01-23T23:25:53.381+0000][7][gc,metaspace] GC(459) Metaspace: 131076K(134720K)->131076K(134720K) NonClass: 114009K(115904K)->114009K(115904K) Class: 17066K(18816K)->17066K(18816K)
[2024-01-23T23:25:53.381+0000][7][gc          ] GC(459) Pause Young (Normal) (G1 Evacuation Pause) 753M->146M(1024M) 2.037ms
[2024-01-23T23:25:53.381+0000][7][gc,cpu      ] GC(459) User=0.01s Sys=0.00s Real=0.00s
[2024-01-23T23:25:53.381+0000][7][safepoint   ] Safepoint "G1CollectForAllocation", Time since last: 177095512309 ns, Reaching safepoint: 96983 ns, At safepoint: 2102461 ns, Total: 2199444 ns
[2024-01-23T23:28:58.327+0000][7][gc,start    ] GC(460) Pause Young (Normal) (G1 Evacuation Pause)
[2024-01-23T23:28:58.327+0000][7][gc,task     ] GC(460) Using 8 workers of 8 for evacuation
[2024-01-23T23:28:58.327+0000][7][gc,age      ] GC(460) Desired survivor size 41943040 bytes, new threshold 15 (max threshold 15)
[2024-01-23T23:28:58.330+0000][7][gc,phases   ] GC(460)   Pre Evacuate Collection Set: 0.2ms
[2024-01-23T23:28:58.330+0000][7][gc,phases   ] GC(460)   Merge Heap Roots: 0.1ms
[2024-01-23T23:28:58.330+0000][7][gc,phases   ] GC(460)   Evacuate Collection Set: 1.3ms
[2024-01-23T23:28:58.330+0000][7][gc,phases   ] GC(460)   Post Evacuate Collection Set: 0.9ms
[2024-01-23T23:28:58.330+0000][7][gc,phases   ] GC(460)   Other: 0.1ms
[2024-01-23T23:28:58.330+0000][7][gc,age      ] GC(460) Age table with threshold 15 (max threshold 15)
[2024-01-23T23:28:58.330+0000][7][gc,age      ] GC(460) - age   1:     773992 bytes,     773992 total
[2024-01-23T23:28:58.330+0000][7][gc,age      ] GC(460) - age   2:       8088 bytes,     782080 total
[2024-01-23T23:28:58.330+0000][7][gc,age      ] GC(460) - age   3:       1592 bytes,     783672 total
[2024-01-23T23:28:58.330+0000][7][gc,age      ] GC(460) - age   4:      15304 bytes,     798976 total
[2024-01-23T23:28:58.330+0000][7][gc,age      ] GC(460) - age   5:      27536 bytes,     826512 total
[2024-01-23T23:28:58.330+0000][7][gc,age      ] GC(460) - age   6:      38352 bytes,     864864 total
[2024-01-23T23:28:58.330+0000][7][gc,age      ] GC(460) - age   7:     224136 bytes,    1089000 total
[2024-01-23T23:28:58.330+0000][7][gc,age      ] GC(460) - age   8:      90648 bytes,    1179648 total
[2024-01-23T23:28:58.330+0000][7][gc,age      ] GC(460) - age   9:        392 bytes,    1180040 total
[2024-01-23T23:28:58.330+0000][7][gc,age      ] GC(460) - age  10:       2032 bytes,    1182072 total
[2024-01-23T23:28:58.330+0000][7][gc,age      ] GC(460) - age  11:        344 bytes,    1182416 total
[2024-01-23T23:28:58.330+0000][7][gc,age      ] GC(460) - age  15:         24 bytes,    1182440 total
[2024-01-23T23:28:58.330+0000][7][gc,heap     ] GC(460) Eden regions: 152->0(152)
[2024-01-23T23:28:58.330+0000][7][gc,heap     ] GC(460) Survivor regions: 1->1(20)
[2024-01-23T23:28:58.330+0000][7][gc,heap     ] GC(460) Old regions: 35->35
[2024-01-23T23:28:58.330+0000][7][gc,heap     ] GC(460) Archive regions: 2->2
[2024-01-23T23:28:58.330+0000][7][gc,heap     ] GC(460) Humongous regions: 0->0
[2024-01-23T23:28:58.330+0000][7][gc,metaspace] GC(460) Metaspace: 131076K(134720K)->131076K(134720K) NonClass: 114009K(115904K)->114009K(115904K) Class: 17066K(18816K)->17066K(18816K)
[2024-01-23T23:28:58.330+0000][7][gc          ] GC(460) Pause Young (Normal) (G1 Evacuation Pause) 754M->145M(1024M) 3.076ms
[2024-01-23T23:28:58.330+0000][7][gc,cpu      ] GC(460) User=0.01s Sys=0.00s Real=0.00s
[2024-01-23T23:28:58.330+0000][7][safepoint   ] Safepoint "G1CollectForAllocation", Time since last: 184945229604 ns, Reaching safepoint: 70650 ns, At safepoint: 3182135 ns, Total: 3252785 ns
[2024-01-23T23:31:57.446+0000][7][gc,start    ] GC(461) Pause Young (Normal) (G1 Evacuation Pause)
[2024-01-23T23:31:57.446+0000][7][gc,task     ] GC(461) Using 8 workers of 8 for evacuation
[2024-01-23T23:31:57.446+0000][7][gc,age      ] GC(461) Desired survivor size 41943040 bytes, new threshold 15 (max threshold 15)
[2024-01-23T23:31:57.448+0000][7][gc,phases   ] GC(461)   Pre Evacuate Collection Set: 0.1ms
[2024-01-23T23:31:57.448+0000][7][gc,phases   ] GC(461)   Merge Heap Roots: 0.1ms
[2024-01-23T23:31:57.448+0000][7][gc,phases   ] GC(461)   Evacuate Collection Set: 1.3ms
[2024-01-23T23:31:57.448+0000][7][gc,phases   ] GC(461)   Post Evacuate Collection Set: 0.6ms
[2024-01-23T23:31:57.448+0000][7][gc,phases   ] GC(461)   Other: 0.1ms
[2024-01-23T23:31:57.448+0000][7][gc,age      ] GC(461) Age table with threshold 15 (max threshold 15)
[2024-01-23T23:31:57.448+0000][7][gc,age      ] GC(461) - age   1:    1688216 bytes,    1688216 total
[2024-01-23T23:31:57.448+0000][7][gc,age      ] GC(461) - age   2:       4640 bytes,    1692856 total
[2024-01-23T23:31:57.448+0000][7][gc,age      ] GC(461) - age   3:       4864 bytes,    1697720 total
[2024-01-23T23:31:57.448+0000][7][gc,age      ] GC(461) - age   4:        952 bytes,    1698672 total
[2024-01-23T23:31:57.448+0000][7][gc,age      ] GC(461) - age   5:      15088 bytes,    1713760 total
[2024-01-23T23:31:57.448+0000][7][gc,age      ] GC(461) - age   6:      27472 bytes,    1741232 total
[2024-01-23T23:31:57.448+0000][7][gc,age      ] GC(461) - age   7:      38288 bytes,    1779520 total
[2024-01-23T23:31:57.448+0000][7][gc,age      ] GC(461) - age   8:     224136 bytes,    2003656 total
[2024-01-23T23:31:57.448+0000][7][gc,age      ] GC(461) - age   9:      90648 bytes,    2094304 total
[2024-01-23T23:31:57.448+0000][7][gc,age      ] GC(461) - age  10:        392 bytes,    2094696 total
[2024-01-23T23:31:57.448+0000][7][gc,age      ] GC(461) - age  11:       2032 bytes,    2096728 total
[2024-01-23T23:31:57.448+0000][7][gc,age      ] GC(461) - age  12:        344 bytes,    2097072 total
[2024-01-23T23:31:57.448+0000][7][gc,heap     ] GC(461) Eden regions: 152->0(152)
[2024-01-23T23:31:57.448+0000][7][gc,heap     ] GC(461) Survivor regions: 1->1(20)
[2024-01-23T23:31:57.448+0000][7][gc,heap     ] GC(461) Old regions: 35->35
[2024-01-23T23:31:57.448+0000][7][gc,heap     ] GC(461) Archive regions: 2->2
[2024-01-23T23:31:57.448+0000][7][gc,heap     ] GC(461) Humongous regions: 0->0
[2024-01-23T23:31:57.448+0000][7][gc,metaspace] GC(461) Metaspace: 131076K(134720K)->131076K(134720K) NonClass: 114009K(115904K)->114009K(115904K) Class: 17066K(18816K)->17066K(18816K)
[2024-01-23T23:31:57.448+0000][7][gc          ] GC(461) Pause Young (Normal) (G1 Evacuation Pause) 753M->145M(1024M) 2.430ms
[2024-01-23T23:31:57.448+0000][7][gc,cpu      ] GC(461) User=0.01s Sys=0.01s Real=0.00s
[2024-01-23T23:31:57.448+0000][7][safepoint   ] Safepoint "G1CollectForAllocation", Time since last: 179115923037 ns, Reaching safepoint: 54722 ns, At safepoint: 2511006 ns, Total: 2565728 ns
[2024-01-23T23:34:47.301+0000][7][gc,start    ] GC(462) Pause Young (Normal) (G1 Evacuation Pause)
[2024-01-23T23:34:47.301+0000][7][gc,task     ] GC(462) Using 8 workers of 8 for evacuation
[2024-01-23T23:34:47.301+0000][7][gc,age      ] GC(462) Desired survivor size 41943040 bytes, new threshold 15 (max threshold 15)
[2024-01-23T23:34:47.303+0000][7][gc,phases   ] GC(462)   Pre Evacuate Collection Set: 0.1ms
[2024-01-23T23:34:47.303+0000][7][gc,phases   ] GC(462)   Merge Heap Roots: 0.1ms
[2024-01-23T23:34:47.303+0000][7][gc,phases   ] GC(462)   Evacuate Collection Set: 1.0ms
[2024-01-23T23:34:47.303+0000][7][gc,phases   ] GC(462)   Post Evacuate Collection Set: 0.5ms
[2024-01-23T23:34:47.303+0000][7][gc,phases   ] GC(462)   Other: 0.1ms
[2024-01-23T23:34:47.303+0000][7][gc,age      ] GC(462) Age table with threshold 15 (max threshold 15)
[2024-01-23T23:34:47.303+0000][7][gc,age      ] GC(462) - age   1:    1171024 bytes,    1171024 total
[2024-01-23T23:34:47.303+0000][7][gc,age      ] GC(462) - age   2:       3568 bytes,    1174592 total
[2024-01-23T23:34:47.303+0000][7][gc,age      ] GC(462) - age   3:       1464 bytes,    1176056 total
[2024-01-23T23:34:47.303+0000][7][gc,age      ] GC(462) - age   4:        752 bytes,    1176808 total
[2024-01-23T23:34:47.303+0000][7][gc,age      ] GC(462) - age   5:        448 bytes,    1177256 total
[2024-01-23T23:34:47.303+0000][7][gc,age      ] GC(462) - age   6:      14320 bytes,    1191576 total
[2024-01-23T23:34:47.303+0000][7][gc,age      ] GC(462) - age   7:      27472 bytes,    1219048 total
[2024-01-23T23:34:47.303+0000][7][gc,age      ] GC(462) - age   8:      38256 bytes,    1257304 total
[2024-01-23T23:34:47.303+0000][7][gc,age      ] GC(462) - age   9:     224136 bytes,    1481440 total
[2024-01-23T23:34:47.303+0000][7][gc,age      ] GC(462) - age  10:      90648 bytes,    1572088 total
[2024-01-23T23:34:47.303+0000][7][gc,age      ] GC(462) - age  11:        392 bytes,    1572480 total
[2024-01-23T23:34:47.303+0000][7][gc,age      ] GC(462) - age  12:       2032 bytes,    1574512 total
[2024-01-23T23:34:47.303+0000][7][gc,age      ] GC(462) - age  13:        344 bytes,    1574856 total
[2024-01-23T23:34:47.303+0000][7][gc,heap     ] GC(462) Eden regions: 152->0(152)
[2024-01-23T23:34:47.303+0000][7][gc,heap     ] GC(462) Survivor regions: 1->1(20)
[2024-01-23T23:34:47.303+0000][7][gc,heap     ] GC(462) Old regions: 35->35
[2024-01-23T23:34:47.303+0000][7][gc,heap     ] GC(462) Archive regions: 2->2
[2024-01-23T23:34:47.303+0000][7][gc,heap     ] GC(462) Humongous regions: 0->0
[2024-01-23T23:34:47.303+0000][7][gc,metaspace] GC(462) Metaspace: 131076K(134720K)->131076K(134720K) NonClass: 114010K(115904K)->114010K(115904K) Class: 17066K(18816K)->17066K(18816K)
[2024-01-23T23:34:47.303+0000][7][gc          ] GC(462) Pause Young (Normal) (G1 Evacuation Pause) 753M->145M(1024M) 1.946ms
[2024-01-23T23:34:47.303+0000][7][gc,cpu      ] GC(462) User=0.00s Sys=0.00s Real=0.00s
[2024-01-23T23:34:47.303+0000][7][safepoint   ] Safepoint "G1CollectForAllocation", Time since last: 169852465500 ns, Reaching safepoint: 29809 ns, At safepoint: 2014086 ns, Total: 2043895 ns
[2024-01-23T23:37:29.286+0000][7][gc,start    ] GC(463) Pause Young (Normal) (G1 Evacuation Pause)
[2024-01-23T23:37:29.286+0000][7][gc,task     ] GC(463) Using 8 workers of 8 for evacuation
[2024-01-23T23:37:29.286+0000][7][gc,age      ] GC(463) Desired survivor size 41943040 bytes, new threshold 15 (max threshold 15)
[2024-01-23T23:37:29.288+0000][7][gc,phases   ] GC(463)   Pre Evacuate Collection Set: 0.1ms
[2024-01-23T23:37:29.288+0000][7][gc,phases   ] GC(463)   Merge Heap Roots: 0.0ms
[2024-01-23T23:37:29.288+0000][7][gc,phases   ] GC(463)   Evacuate Collection Set: 0.7ms
[2024-01-23T23:37:29.288+0000][7][gc,phases   ] GC(463)   Post Evacuate Collection Set: 0.5ms
[2024-01-23T23:37:29.288+0000][7][gc,phases   ] GC(463)   Other: 0.1ms
[2024-01-23T23:37:29.288+0000][7][gc,age      ] GC(463) Age table with threshold 15 (max threshold 15)
[2024-01-23T23:37:29.288+0000][7][gc,age      ] GC(463) - age   1:     638688 bytes,     638688 total
[2024-01-23T23:37:29.288+0000][7][gc,age      ] GC(463) - age   2:       7504 bytes,     646192 total
[2024-01-23T23:37:29.288+0000][7][gc,age      ] GC(463) - age   3:        640 bytes,     646832 total
[2024-01-23T23:37:29.288+0000][7][gc,age      ] GC(463) - age   4:       1080 bytes,     647912 total
[2024-01-23T23:37:29.288+0000][7][gc,age      ] GC(463) - age   5:        496 bytes,     648408 total
[2024-01-23T23:37:29.288+0000][7][gc,age      ] GC(463) - age   6:        384 bytes,     648792 total
[2024-01-23T23:37:29.288+0000][7][gc,age      ] GC(463) - age   7:      14320 bytes,     663112 total
[2024-01-23T23:37:29.288+0000][7][gc,age      ] GC(463) - age   8:      27472 bytes,     690584 total
[2024-01-23T23:37:29.288+0000][7][gc,age      ] GC(463) - age   9:      38256 bytes,     728840 total
[2024-01-23T23:37:29.288+0000][7][gc,age      ] GC(463) - age  10:     224136 bytes,     952976 total
[2024-01-23T23:37:29.288+0000][7][gc,age      ] GC(463) - age  11:      90648 bytes,    1043624 total
[2024-01-23T23:37:29.288+0000][7][gc,age      ] GC(463) - age  12:        392 bytes,    1044016 total
[2024-01-23T23:37:29.288+0000][7][gc,age      ] GC(463) - age  13:       2032 bytes,    1046048 total
[2024-01-23T23:37:29.288+0000][7][gc,age      ] GC(463) - age  14:        344 bytes,    1046392 total
[2024-01-23T23:37:29.288+0000][7][gc,heap     ] GC(463) Eden regions: 152->0(152)
[2024-01-23T23:37:29.288+0000][7][gc,heap     ] GC(463) Survivor regions: 1->1(20)
[2024-01-23T23:37:29.288+0000][7][gc,heap     ] GC(463) Old regions: 35->35
[2024-01-23T23:37:29.288+0000][7][gc,heap     ] GC(463) Archive regions: 2->2
[2024-01-23T23:37:29.288+0000][7][gc,heap     ] GC(463) Humongous regions: 0->0
[2024-01-23T23:37:29.288+0000][7][gc,metaspace] GC(463) Metaspace: 131076K(134720K)->131076K(134720K) NonClass: 114010K(115904K)->114010K(115904K) Class: 17066K(18816K)->17066K(18816K)
[2024-01-23T23:37:29.288+0000][7][gc          ] GC(463) Pause Young (Normal) (G1 Evacuation Pause) 753M->144M(1024M) 1.569ms
[2024-01-23T23:37:29.288+0000][7][gc,cpu      ] GC(463) User=0.01s Sys=0.01s Real=0.00s
[2024-01-23T23:37:29.288+0000][7][safepoint   ] Safepoint "G1CollectForAllocation", Time since last: 161983221704 ns, Reaching safepoint: 26499 ns, At safepoint: 1632517 ns, Total: 1659016 ns
[2024-01-23T23:40:32.315+0000][7][gc,start    ] GC(464) Pause Young (Normal) (G1 Evacuation Pause)
[2024-01-23T23:40:32.316+0000][7][gc,task     ] GC(464) Using 8 workers of 8 for evacuation
[2024-01-23T23:40:32.316+0000][7][gc,age      ] GC(464) Desired survivor size 41943040 bytes, new threshold 15 (max threshold 15)
[2024-01-23T23:40:32.318+0000][7][gc,phases   ] GC(464)   Pre Evacuate Collection Set: 0.1ms
[2024-01-23T23:40:32.318+0000][7][gc,phases   ] GC(464)   Merge Heap Roots: 0.1ms
[2024-01-23T23:40:32.318+0000][7][gc,phases   ] GC(464)   Evacuate Collection Set: 1.4ms
[2024-01-23T23:40:32.318+0000][7][gc,phases   ] GC(464)   Post Evacuate Collection Set: 0.8ms
[2024-01-23T23:40:32.318+0000][7][gc,phases   ] GC(464)   Other: 0.1ms
[2024-01-23T23:40:32.318+0000][7][gc,age      ] GC(464) Age table with threshold 15 (max threshold 15)
[2024-01-23T23:40:32.318+0000][7][gc,age      ] GC(464) - age   1:    1542200 bytes,    1542200 total
[2024-01-23T23:40:32.318+0000][7][gc,age      ] GC(464) - age   2:       3224 bytes,    1545424 total
[2024-01-23T23:40:32.318+0000][7][gc,age      ] GC(464) - age   3:       5456 bytes,    1550880 total
[2024-01-23T23:40:32.318+0000][7][gc,age      ] GC(464) - age   4:        128 bytes,    1551008 total
[2024-01-23T23:40:32.318+0000][7][gc,age      ] GC(464) - age   5:        312 bytes,    1551320 total
[2024-01-23T23:40:32.318+0000][7][gc,age      ] GC(464) - age   6:        312 bytes,    1551632 total
[2024-01-23T23:40:32.318+0000][7][gc,age      ] GC(464) - age   7:        384 bytes,    1552016 total
[2024-01-23T23:40:32.318+0000][7][gc,age      ] GC(464) - age   8:      14320 bytes,    1566336 total
[2024-01-23T23:40:32.318+0000][7][gc,age      ] GC(464) - age   9:      27472 bytes,    1593808 total
[2024-01-23T23:40:32.318+0000][7][gc,age      ] GC(464) - age  10:      38256 bytes,    1632064 total
[2024-01-23T23:40:32.318+0000][7][gc,age      ] GC(464) - age  11:     224136 bytes,    1856200 total
[2024-01-23T23:40:32.318+0000][7][gc,age      ] GC(464) - age  12:      90648 bytes,    1946848 total
[2024-01-23T23:40:32.318+0000][7][gc,age      ] GC(464) - age  13:        392 bytes,    1947240 total
[2024-01-23T23:40:32.318+0000][7][gc,age      ] GC(464) - age  14:       2032 bytes,    1949272 total
[2024-01-23T23:40:32.318+0000][7][gc,age      ] GC(464) - age  15:        344 bytes,    1949616 total
[2024-01-23T23:40:32.318+0000][7][gc,heap     ] GC(464) Eden regions: 152->0(152)
[2024-01-23T23:40:32.318+0000][7][gc,heap     ] GC(464) Survivor regions: 1->1(20)
[2024-01-23T23:40:32.318+0000][7][gc,heap     ] GC(464) Old regions: 35->35
[2024-01-23T23:40:32.318+0000][7][gc,heap     ] GC(464) Archive regions: 2->2
[2024-01-23T23:40:32.318+0000][7][gc,heap     ] GC(464) Humongous regions: 0->0
[2024-01-23T23:40:32.318+0000][7][gc,metaspace] GC(464) Metaspace: 131076K(134720K)->131076K(134720K) NonClass: 114010K(115904K)->114010K(115904K) Class: 17066K(18816K)->17066K(18816K)
[2024-01-23T23:40:32.318+0000][7][gc          ] GC(464) Pause Young (Normal) (G1 Evacuation Pause) 752M->145M(1024M) 2.787ms
[2024-01-23T23:40:32.318+0000][7][gc,cpu      ] GC(464) User=0.00s Sys=0.01s Real=0.00s
[2024-01-23T23:40:32.318+0000][7][safepoint   ] Safepoint "G1CollectForAllocation", Time since last: 183027656996 ns, Reaching safepoint: 40798 ns, At safepoint: 2875536 ns, Total: 2916334 ns
[2024-01-23T23:43:20.462+0000][7][gc,start    ] GC(465) Pause Young (Normal) (G1 Evacuation Pause)
[2024-01-23T23:43:20.462+0000][7][gc,task     ] GC(465) Using 8 workers of 8 for evacuation
[2024-01-23T23:43:20.462+0000][7][gc,age      ] GC(465) Desired survivor size 41943040 bytes, new threshold 15 (max threshold 15)
[2024-01-23T23:43:20.466+0000][7][gc,phases   ] GC(465)   Pre Evacuate Collection Set: 0.2ms
[2024-01-23T23:43:20.466+0000][7][gc,phases   ] GC(465)   Merge Heap Roots: 0.1ms
[2024-01-23T23:43:20.466+0000][7][gc,phases   ] GC(465)   Evacuate Collection Set: 2.2ms
[2024-01-23T23:43:20.466+0000][7][gc,phases   ] GC(465)   Post Evacuate Collection Set: 1.1ms
[2024-01-23T23:43:20.466+0000][7][gc,phases   ] GC(465)   Other: 0.2ms
[2024-01-23T23:43:20.466+0000][7][gc,age      ] GC(465) Age table with threshold 15 (max threshold 15)
[2024-01-23T23:43:20.466+0000][7][gc,age      ] GC(465) - age   1:     691040 bytes,     691040 total
[2024-01-23T23:43:20.466+0000][7][gc,age      ] GC(465) - age   2:       5608 bytes,     696648 total
[2024-01-23T23:43:20.466+0000][7][gc,age      ] GC(465) - age   3:       1272 bytes,     697920 total
[2024-01-23T23:43:20.466+0000][7][gc,age      ] GC(465) - age   4:       3608 bytes,     701528 total
[2024-01-23T23:43:20.466+0000][7][gc,age      ] GC(465) - age   5:         64 bytes,     701592 total
[2024-01-23T23:43:20.466+0000][7][gc,age      ] GC(465) - age   6:        312 bytes,     701904 total
[2024-01-23T23:43:20.466+0000][7][gc,age      ] GC(465) - age   7:        312 bytes,     702216 total
[2024-01-23T23:43:20.466+0000][7][gc,age      ] GC(465) - age   9:      14320 bytes,     716536 total
[2024-01-23T23:43:20.466+0000][7][gc,age      ] GC(465) - age  10:      27472 bytes,     744008 total
[2024-01-23T23:43:20.466+0000][7][gc,age      ] GC(465) - age  11:      38256 bytes,     782264 total
[2024-01-23T23:43:20.466+0000][7][gc,age      ] GC(465) - age  12:     224136 bytes,    1006400 total
[2024-01-23T23:43:20.466+0000][7][gc,age      ] GC(465) - age  13:      90648 bytes,    1097048 total
[2024-01-23T23:43:20.466+0000][7][gc,age      ] GC(465) - age  14:        208 bytes,    1097256 total
[2024-01-23T23:43:20.466+0000][7][gc,age      ] GC(465) - age  15:       2032 bytes,    1099288 total
[2024-01-23T23:43:20.466+0000][7][gc,heap     ] GC(465) Eden regions: 152->0(152)
[2024-01-23T23:43:20.466+0000][7][gc,heap     ] GC(465) Survivor regions: 1->1(20)
[2024-01-23T23:43:20.466+0000][7][gc,heap     ] GC(465) Old regions: 35->35
[2024-01-23T23:43:20.466+0000][7][gc,heap     ] GC(465) Archive regions: 2->2
[2024-01-23T23:43:20.466+0000][7][gc,heap     ] GC(465) Humongous regions: 0->0
[2024-01-23T23:43:20.466+0000][7][gc,metaspace] GC(465) Metaspace: 131076K(134720K)->131076K(134720K) NonClass: 114010K(115904K)->114010K(115904K) Class: 17066K(18816K)->17066K(18816K)
[2024-01-23T23:43:20.466+0000][7][gc          ] GC(465) Pause Young (Normal) (G1 Evacuation Pause) 753M->144M(1024M) 4.306ms
[2024-01-23T23:43:20.466+0000][7][gc,cpu      ] GC(465) User=0.01s Sys=0.00s Real=0.01s
[2024-01-23T23:43:20.466+0000][7][safepoint   ] Safepoint "G1CollectForAllocation", Time since last: 168143454435 ns, Reaching safepoint: 90971 ns, At safepoint: 4448688 ns, Total: 4539659 ns
[2024-01-23T23:46:20.364+0000][7][gc,start    ] GC(466) Pause Young (Normal) (G1 Evacuation Pause)
[2024-01-23T23:46:20.364+0000][7][gc,task     ] GC(466) Using 8 workers of 8 for evacuation
[2024-01-23T23:46:20.364+0000][7][gc,age      ] GC(466) Desired survivor size 41943040 bytes, new threshold 15 (max threshold 15)
[2024-01-23T23:46:20.367+0000][7][gc,phases   ] GC(466)   Pre Evacuate Collection Set: 0.1ms
[2024-01-23T23:46:20.367+0000][7][gc,phases   ] GC(466)   Merge Heap Roots: 0.1ms
[2024-01-23T23:46:20.367+0000][7][gc,phases   ] GC(466)   Evacuate Collection Set: 1.9ms
[2024-01-23T23:46:20.367+0000][7][gc,phases   ] GC(466)   Post Evacuate Collection Set: 0.8ms
[2024-01-23T23:46:20.367+0000][7][gc,phases   ] GC(466)   Other: 0.1ms
[2024-01-23T23:46:20.367+0000][7][gc,age      ] GC(466) Age table with threshold 15 (max threshold 15)
[2024-01-23T23:46:20.367+0000][7][gc,age      ] GC(466) - age   1:    1592152 bytes,    1592152 total
[2024-01-23T23:46:20.367+0000][7][gc,age      ] GC(466) - age   2:       3552 bytes,    1595704 total
[2024-01-23T23:46:20.367+0000][7][gc,age      ] GC(466) - age   3:       1280 bytes,    1596984 total
[2024-01-23T23:46:20.368+0000][7][gc,age      ] GC(466) - age   4:        696 bytes,    1597680 total
[2024-01-23T23:46:20.368+0000][7][gc,age      ] GC(466) - age   5:       1048 bytes,    1598728 total
[2024-01-23T23:46:20.368+0000][7][gc,age      ] GC(466) - age   7:        184 bytes,    1598912 total
[2024-01-23T23:46:20.368+0000][7][gc,age      ] GC(466) - age   8:        312 bytes,    1599224 total
[2024-01-23T23:46:20.368+0000][7][gc,age      ] GC(466) - age  10:      14320 bytes,    1613544 total
[2024-01-23T23:46:20.368+0000][7][gc,age      ] GC(466) - age  11:      27472 bytes,    1641016 total
[2024-01-23T23:46:20.368+0000][7][gc,age      ] GC(466) - age  12:      38256 bytes,    1679272 total
[2024-01-23T23:46:20.368+0000][7][gc,age      ] GC(466) - age  13:     224136 bytes,    1903408 total
[2024-01-23T23:46:20.368+0000][7][gc,age      ] GC(466) - age  14:      90648 bytes,    1994056 total
[2024-01-23T23:46:20.368+0000][7][gc,age      ] GC(466) - age  15:        208 bytes,    1994264 total
[2024-01-23T23:46:20.368+0000][7][gc,heap     ] GC(466) Eden regions: 152->0(152)
[2024-01-23T23:46:20.368+0000][7][gc,heap     ] GC(466) Survivor regions: 1->1(20)
[2024-01-23T23:46:20.368+0000][7][gc,heap     ] GC(466) Old regions: 35->35
[2024-01-23T23:46:20.368+0000][7][gc,heap     ] GC(466) Archive regions: 2->2
[2024-01-23T23:46:20.368+0000][7][gc,heap     ] GC(466) Humongous regions: 0->0
[2024-01-23T23:46:20.368+0000][7][gc,metaspace] GC(466) Metaspace: 131076K(134720K)->131076K(134720K) NonClass: 114010K(115904K)->114010K(115904K) Class: 17066K(18816K)->17066K(18816K)
[2024-01-23T23:46:20.368+0000][7][gc          ] GC(466) Pause Young (Normal) (G1 Evacuation Pause) 752M->145M(1024M) 3.260ms
[2024-01-23T23:46:20.368+0000][7][gc,cpu      ] GC(466) User=0.01s Sys=0.00s Real=0.01s
[2024-01-23T23:46:20.368+0000][7][safepoint   ] Safepoint "G1CollectForAllocation", Time since last: 179897982200 ns, Reaching safepoint: 40526 ns, At safepoint: 3353179 ns, Total: 3393705 ns
[2024-01-23T23:49:09.010+0000][7][gc,start    ] GC(467) Pause Young (Normal) (G1 Evacuation Pause)
[2024-01-23T23:49:09.010+0000][7][gc,task     ] GC(467) Using 8 workers of 8 for evacuation
[2024-01-23T23:49:09.010+0000][7][gc,age      ] GC(467) Desired survivor size 41943040 bytes, new threshold 15 (max threshold 15)
[2024-01-23T23:49:09.016+0000][7][gc,phases   ] GC(467)   Pre Evacuate Collection Set: 0.1ms
[2024-01-23T23:49:09.016+0000][7][gc,phases   ] GC(467)   Merge Heap Roots: 0.1ms
[2024-01-23T23:49:09.016+0000][7][gc,phases   ] GC(467)   Evacuate Collection Set: 5.0ms
[2024-01-23T23:49:09.016+0000][7][gc,phases   ] GC(467)   Post Evacuate Collection Set: 0.9ms
[2024-01-23T23:49:09.016+0000][7][gc,phases   ] GC(467)   Other: 0.1ms
[2024-01-23T23:49:09.016+0000][7][gc,age      ] GC(467) Age table with threshold 15 (max threshold 15)
[2024-01-23T23:49:09.016+0000][7][gc,age      ] GC(467) - age   1:     488872 bytes,     488872 total
[2024-01-23T23:49:09.016+0000][7][gc,age      ] GC(467) - age   2:       6528 bytes,     495400 total
[2024-01-23T23:49:09.016+0000][7][gc,age      ] GC(467) - age   3:       1512 bytes,     496912 total
[2024-01-23T23:49:09.016+0000][7][gc,age      ] GC(467) - age   4:         64 bytes,     496976 total
[2024-01-23T23:49:09.016+0000][7][gc,age      ] GC(467) - age   5:        440 bytes,     497416 total
[2024-01-23T23:49:09.016+0000][7][gc,age      ] GC(467) - age   6:        920 bytes,     498336 total
[2024-01-23T23:49:09.016+0000][7][gc,age      ] GC(467) - age   8:        184 bytes,     498520 total
[2024-01-23T23:49:09.016+0000][7][gc,age      ] GC(467) - age   9:        312 bytes,     498832 total
[2024-01-23T23:49:09.016+0000][7][gc,age      ] GC(467) - age  11:      14320 bytes,     513152 total
[2024-01-23T23:49:09.016+0000][7][gc,age      ] GC(467) - age  12:      27472 bytes,     540624 total
[2024-01-23T23:49:09.016+0000][7][gc,age      ] GC(467) - age  13:      38256 bytes,     578880 total
[2024-01-23T23:49:09.016+0000][7][gc,age      ] GC(467) - age  14:     224136 bytes,     803016 total
[2024-01-23T23:49:09.016+0000][7][gc,age      ] GC(467) - age  15:      90648 bytes,     893664 total
[2024-01-23T23:49:09.016+0000][7][gc,heap     ] GC(467) Eden regions: 152->0(152)
[2024-01-23T23:49:09.016+0000][7][gc,heap     ] GC(467) Survivor regions: 1->1(20)
[2024-01-23T23:49:09.016+0000][7][gc,heap     ] GC(467) Old regions: 35->35
[2024-01-23T23:49:09.016+0000][7][gc,heap     ] GC(467) Archive regions: 2->2
[2024-01-23T23:49:09.016+0000][7][gc,heap     ] GC(467) Humongous regions: 0->0
[2024-01-23T23:49:09.016+0000][7][gc,metaspace] GC(467) Metaspace: 131076K(134720K)->131076K(134720K) NonClass: 114010K(115904K)->114010K(115904K) Class: 17066K(18816K)->17066K(18816K)
[2024-01-23T23:49:09.016+0000][7][gc          ] GC(467) Pause Young (Normal) (G1 Evacuation Pause) 753M->144M(1024M) 6.503ms
[2024-01-23T23:49:09.016+0000][7][gc,cpu      ] GC(467) User=0.01s Sys=0.00s Real=0.01s
[2024-01-23T23:49:09.016+0000][7][safepoint   ] Safepoint "G1CollectForAllocation", Time since last: 168641863498 ns, Reaching safepoint: 46838 ns, At safepoint: 6586159 ns, Total: 6632997 ns
[2024-01-23T23:52:12.454+0000][7][gc,start    ] GC(468) Pause Young (Normal) (G1 Evacuation Pause)
[2024-01-23T23:52:12.454+0000][7][gc,task     ] GC(468) Using 8 workers of 8 for evacuation
[2024-01-23T23:52:12.454+0000][7][gc,age      ] GC(468) Desired survivor size 41943040 bytes, new threshold 15 (max threshold 15)
[2024-01-23T23:52:12.457+0000][7][gc,phases   ] GC(468)   Pre Evacuate Collection Set: 0.1ms
[2024-01-23T23:52:12.457+0000][7][gc,phases   ] GC(468)   Merge Heap Roots: 0.1ms
[2024-01-23T23:52:12.457+0000][7][gc,phases   ] GC(468)   Evacuate Collection Set: 1.4ms
[2024-01-23T23:52:12.457+0000][7][gc,phases   ] GC(468)   Post Evacuate Collection Set: 0.8ms
[2024-01-23T23:52:12.457+0000][7][gc,phases   ] GC(468)   Other: 0.1ms
[2024-01-23T23:52:12.457+0000][7][gc,age      ] GC(468) Age table with threshold 15 (max threshold 15)
[2024-01-23T23:52:12.457+0000][7][gc,age      ] GC(468) - age   1:    1065400 bytes,    1065400 total
[2024-01-23T23:52:12.457+0000][7][gc,age      ] GC(468) - age   2:       4448 bytes,    1069848 total
[2024-01-23T23:52:12.457+0000][7][gc,age      ] GC(468) - age   3:       3728 bytes,    1073576 total
[2024-01-23T23:52:12.457+0000][7][gc,age      ] GC(468) - age   4:       1384 bytes,    1074960 total
[2024-01-23T23:52:12.457+0000][7][gc,age      ] GC(468) - age   5:         64 bytes,    1075024 total
[2024-01-23T23:52:12.457+0000][7][gc,age      ] GC(468) - age   7:        528 bytes,    1075552 total
[2024-01-23T23:52:12.457+0000][7][gc,age      ] GC(468) - age   9:        184 bytes,    1075736 total
[2024-01-23T23:52:12.457+0000][7][gc,age      ] GC(468) - age  10:        280 bytes,    1076016 total
[2024-01-23T23:52:12.457+0000][7][gc,age      ] GC(468) - age  12:      14320 bytes,    1090336 total
[2024-01-23T23:52:12.457+0000][7][gc,age      ] GC(468) - age  13:      27472 bytes,    1117808 total
[2024-01-23T23:52:12.457+0000][7][gc,age      ] GC(468) - age  14:      38256 bytes,    1156064 total
[2024-01-23T23:52:12.457+0000][7][gc,age      ] GC(468) - age  15:     224136 bytes,    1380200 total
[2024-01-23T23:52:12.457+0000][7][gc,heap     ] GC(468) Eden regions: 152->0(152)
[2024-01-23T23:52:12.457+0000][7][gc,heap     ] GC(468) Survivor regions: 1->1(20)
[2024-01-23T23:52:12.457+0000][7][gc,heap     ] GC(468) Old regions: 35->35
[2024-01-23T23:52:12.457+0000][7][gc,heap     ] GC(468) Archive regions: 2->2
[2024-01-23T23:52:12.457+0000][7][gc,heap     ] GC(468) Humongous regions: 0->0
[2024-01-23T23:52:12.457+0000][7][gc,metaspace] GC(468) Metaspace: 131076K(134720K)->131076K(134720K) NonClass: 114010K(115904K)->114010K(115904K) Class: 17066K(18816K)->17066K(18816K)
[2024-01-23T23:52:12.457+0000][7][gc          ] GC(468) Pause Young (Normal) (G1 Evacuation Pause) 752M->145M(1024M) 2.779ms
[2024-01-23T23:52:12.457+0000][7][gc,cpu      ] GC(468) User=0.02s Sys=0.00s Real=0.00s
[2024-01-23T23:52:12.457+0000][7][safepoint   ] Safepoint "G1CollectForAllocation", Time since last: 183437735646 ns, Reaching safepoint: 63228 ns, At safepoint: 2875564 ns, Total: 2938792 ns
[2024-01-23T23:55:08.968+0000][7][gc,start    ] GC(469) Pause Young (Normal) (G1 Evacuation Pause)
[2024-01-23T23:55:08.968+0000][7][gc,task     ] GC(469) Using 8 workers of 8 for evacuation
[2024-01-23T23:55:08.968+0000][7][gc,age      ] GC(469) Desired survivor size 41943040 bytes, new threshold 15 (max threshold 15)
[2024-01-23T23:55:08.970+0000][7][gc,phases   ] GC(469)   Pre Evacuate Collection Set: 0.1ms
[2024-01-23T23:55:08.970+0000][7][gc,phases   ] GC(469)   Merge Heap Roots: 0.0ms
[2024-01-23T23:55:08.970+0000][7][gc,phases   ] GC(469)   Evacuate Collection Set: 0.9ms
[2024-01-23T23:55:08.970+0000][7][gc,phases   ] GC(469)   Post Evacuate Collection Set: 0.5ms
[2024-01-23T23:55:08.970+0000][7][gc,phases   ] GC(469)   Other: 0.1ms
[2024-01-23T23:55:08.970+0000][7][gc,age      ] GC(469) Age table with threshold 15 (max threshold 15)
[2024-01-23T23:55:08.970+0000][7][gc,age      ] GC(469) - age   1:    1675136 bytes,    1675136 total
[2024-01-23T23:55:08.970+0000][7][gc,age      ] GC(469) - age   2:       4480 bytes,    1679616 total
[2024-01-23T23:55:08.970+0000][7][gc,age      ] GC(469) - age   3:       1592 bytes,    1681208 total
[2024-01-23T23:55:08.970+0000][7][gc,age      ] GC(469) - age   4:        664 bytes,    1681872 total
[2024-01-23T23:55:08.970+0000][7][gc,age      ] GC(469) - age   5:        416 bytes,    1682288 total
[2024-01-23T23:55:08.970+0000][7][gc,age      ] GC(469) - age   8:        496 bytes,    1682784 total
[2024-01-23T23:55:08.970+0000][7][gc,age      ] GC(469) - age  11:        280 bytes,    1683064 total
[2024-01-23T23:55:08.970+0000][7][gc,age      ] GC(469) - age  13:      14320 bytes,    1697384 total
[2024-01-23T23:55:08.970+0000][7][gc,age      ] GC(469) - age  14:      27472 bytes,    1724856 total
[2024-01-23T23:55:08.970+0000][7][gc,age      ] GC(469) - age  15:      38256 bytes,    1763112 total
[2024-01-23T23:55:08.970+0000][7][gc,heap     ] GC(469) Eden regions: 152->0(152)
[2024-01-23T23:55:08.970+0000][7][gc,heap     ] GC(469) Survivor regions: 1->1(20)
[2024-01-23T23:55:08.970+0000][7][gc,heap     ] GC(469) Old regions: 35->36
[2024-01-23T23:55:08.970+0000][7][gc,heap     ] GC(469) Archive regions: 2->2
[2024-01-23T23:55:08.970+0000][7][gc,heap     ] GC(469) Humongous regions: 0->0
[2024-01-23T23:55:08.970+0000][7][gc,metaspace] GC(469) Metaspace: 131077K(134720K)->131077K(134720K) NonClass: 114011K(115904K)->114011K(115904K) Class: 17066K(18816K)->17066K(18816K)
[2024-01-23T23:55:08.970+0000][7][gc          ] GC(469) Pause Young (Normal) (G1 Evacuation Pause) 753M->145M(1024M) 1.863ms
[2024-01-23T23:55:08.970+0000][7][gc,cpu      ] GC(469) User=0.00s Sys=0.00s Real=0.00s
[2024-01-23T23:55:08.970+0000][7][safepoint   ] Safepoint "G1CollectForAllocation", Time since last: 176510890530 ns, Reaching safepoint: 38008 ns, At safepoint: 1925436 ns, Total: 1963444 ns
[2024-01-23T23:58:08.469+0000][7][gc,start    ] GC(470) Pause Young (Normal) (G1 Evacuation Pause)
[2024-01-23T23:58:08.469+0000][7][gc,task     ] GC(470) Using 8 workers of 8 for evacuation
[2024-01-23T23:58:08.469+0000][7][gc,age      ] GC(470) Desired survivor size 41943040 bytes, new threshold 15 (max threshold 15)
[2024-01-23T23:58:08.471+0000][7][gc,phases   ] GC(470)   Pre Evacuate Collection Set: 0.2ms
[2024-01-23T23:58:08.471+0000][7][gc,phases   ] GC(470)   Merge Heap Roots: 0.1ms
[2024-01-23T23:58:08.471+0000][7][gc,phases   ] GC(470)   Evacuate Collection Set: 0.9ms
[2024-01-23T23:58:08.471+0000][7][gc,phases   ] GC(470)   Post Evacuate Collection Set: 0.8ms
[2024-01-23T23:58:08.471+0000][7][gc,phases   ] GC(470)   Other: 0.1ms
[2024-01-23T23:58:08.471+0000][7][gc,age      ] GC(470) Age table with threshold 15 (max threshold 15)
[2024-01-23T23:58:08.471+0000][7][gc,age      ] GC(470) - age   1:     469712 bytes,     469712 total
[2024-01-23T23:58:08.471+0000][7][gc,age      ] GC(470) - age   2:       7344 bytes,     477056 total
[2024-01-23T23:58:08.471+0000][7][gc,age      ] GC(470) - age   3:       1696 bytes,     478752 total
[2024-01-23T23:58:08.471+0000][7][gc,age      ] GC(470) - age   4:       1016 bytes,     479768 total
[2024-01-23T23:58:08.471+0000][7][gc,age      ] GC(470) - age   5:         88 bytes,     479856 total
[2024-01-23T23:58:08.471+0000][7][gc,age      ] GC(470) - age   6:        416 bytes,     480272 total
[2024-01-23T23:58:08.471+0000][7][gc,age      ] GC(470) - age   9:        496 bytes,     480768 total
[2024-01-23T23:58:08.471+0000][7][gc,age      ] GC(470) - age  12:        280 bytes,     481048 total
[2024-01-23T23:58:08.471+0000][7][gc,age      ] GC(470) - age  14:      14320 bytes,     495368 total
[2024-01-23T23:58:08.471+0000][7][gc,age      ] GC(470) - age  15:      27472 bytes,     522840 total
[2024-01-23T23:58:08.471+0000][7][gc,heap     ] GC(470) Eden regions: 152->0(152)
[2024-01-23T23:58:08.471+0000][7][gc,heap     ] GC(470) Survivor regions: 1->1(20)
[2024-01-23T23:58:08.471+0000][7][gc,heap     ] GC(470) Old regions: 36->36
[2024-01-23T23:58:08.471+0000][7][gc,heap     ] GC(470) Archive regions: 2->2
[2024-01-23T23:58:08.471+0000][7][gc,heap     ] GC(470) Humongous regions: 0->0
[2024-01-23T23:58:08.471+0000][7][gc,metaspace] GC(470) Metaspace: 131077K(134720K)->131077K(134720K) NonClass: 114011K(115904K)->114011K(115904K) Class: 17066K(18816K)->17066K(18816K)
[2024-01-23T23:58:08.471+0000][7][gc          ] GC(470) Pause Young (Normal) (G1 Evacuation Pause) 753M->144M(1024M) 2.310ms
[2024-01-23T23:58:08.471+0000][7][gc,cpu      ] GC(470) User=0.01s Sys=0.00s Real=0.00s
[2024-01-23T23:58:08.471+0000][7][safepoint   ] Safepoint "G1CollectForAllocation", Time since last: 179498962411 ns, Reaching safepoint: 64680 ns, At safepoint: 2407545 ns, Total: 2472225 ns
[2024-01-23T23:59:58.483+0000][7][safepoint   ] Safepoint "Cleanup", Time since last: 110011646038 ns, Reaching safepoint: 51777 ns, At safepoint: 4414 ns, Total: 56191 ns
[2024-01-24T00:00:02.483+0000][7][safepoint   ] Safepoint "Cleanup", Time since last: 4000433266 ns, Reaching safepoint: 54882 ns, At safepoint: 3859 ns, Total: 58741 ns
[2024-01-24T00:00:58.490+0000][7][safepoint   ] Safepoint "Cleanup", Time since last: 56006204869 ns, Reaching safepoint: 71480 ns, At safepoint: 4686 ns, Total: 76166 ns
[2024-01-24T00:01:08.348+0000][7][gc,start    ] GC(471) Pause Young (Normal) (G1 Evacuation Pause)
[2024-01-24T00:01:08.348+0000][7][gc,task     ] GC(471) Using 8 workers of 8 for evacuation
[2024-01-24T00:01:08.348+0000][7][gc,age      ] GC(471) Desired survivor size 41943040 bytes, new threshold 15 (max threshold 15)
[2024-01-24T00:01:08.350+0000][7][gc,phases   ] GC(471)   Pre Evacuate Collection Set: 0.1ms
[2024-01-24T00:01:08.350+0000][7][gc,phases   ] GC(471)   Merge Heap Roots: 0.1ms
[2024-01-24T00:01:08.350+0000][7][gc,phases   ] GC(471)   Evacuate Collection Set: 1.4ms
[2024-01-24T00:01:08.350+0000][7][gc,phases   ] GC(471)   Post Evacuate Collection Set: 0.7ms
[2024-01-24T00:01:08.350+0000][7][gc,phases   ] GC(471)   Other: 0.1ms
[2024-01-24T00:01:08.350+0000][7][gc,age      ] GC(471) Age table with threshold 15 (max threshold 15)
[2024-01-24T00:01:08.350+0000][7][gc,age      ] GC(471) - age   1:    1196008 bytes,    1196008 total
[2024-01-24T00:01:08.350+0000][7][gc,age      ] GC(471) - age   2:       3032 bytes,    1199040 total
[2024-01-24T00:01:08.350+0000][7][gc,age      ] GC(471) - age   3:       4280 bytes,    1203320 total
[2024-01-24T00:01:08.350+0000][7][gc,age      ] GC(471) - age   4:        824 bytes,    1204144 total
[2024-01-24T00:01:08.350+0000][7][gc,age      ] GC(471) - age   5:        184 bytes,    1204328 total
[2024-01-24T00:01:08.350+0000][7][gc,age      ] GC(471) - age   6:         24 bytes,    1204352 total
[2024-01-24T00:01:08.350+0000][7][gc,age      ] GC(471) - age   7:         32 bytes,    1204384 total
[2024-01-24T00:01:08.350+0000][7][gc,age      ] GC(471) - age  10:        496 bytes,    1204880 total
[2024-01-24T00:01:08.350+0000][7][gc,age      ] GC(471) - age  13:        280 bytes,    1205160 total
[2024-01-24T00:01:08.350+0000][7][gc,age      ] GC(471) - age  15:      14320 bytes,    1219480 total
[2024-01-24T00:01:08.350+0000][7][gc,heap     ] GC(471) Eden regions: 152->0(152)
[2024-01-24T00:01:08.350+0000][7][gc,heap     ] GC(471) Survivor regions: 1->1(20)
[2024-01-24T00:01:08.350+0000][7][gc,heap     ] GC(471) Old regions: 36->36
[2024-01-24T00:01:08.350+0000][7][gc,heap     ] GC(471) Archive regions: 2->2
[2024-01-24T00:01:08.350+0000][7][gc,heap     ] GC(471) Humongous regions: 0->0
[2024-01-24T00:01:08.350+0000][7][gc,metaspace] GC(471) Metaspace: 131082K(134720K)->131082K(134720K) NonClass: 114015K(115904K)->114015K(115904K) Class: 17066K(18816K)->17066K(18816K)
[2024-01-24T00:01:08.350+0000][7][gc          ] GC(471) Pause Young (Normal) (G1 Evacuation Pause) 752M->145M(1024M) 2.749ms
[2024-01-24T00:01:08.351+0000][7][gc,cpu      ] GC(471) User=0.01s Sys=0.00s Real=0.00s
[2024-01-24T00:01:08.351+0000][7][safepoint   ] Safepoint "G1CollectForAllocation", Time since last: 9858043753 ns, Reaching safepoint: 58963 ns, At safepoint: 2842415 ns, Total: 2901378 ns
[2024-01-24T00:03:44.402+0000][7][gc,start    ] GC(472) Pause Young (Normal) (G1 Evacuation Pause)
[2024-01-24T00:03:44.402+0000][7][gc,task     ] GC(472) Using 8 workers of 8 for evacuation
[2024-01-24T00:03:44.402+0000][7][gc,age      ] GC(472) Desired survivor size 41943040 bytes, new threshold 15 (max threshold 15)
[2024-01-24T00:03:44.404+0000][7][gc,phases   ] GC(472)   Pre Evacuate Collection Set: 0.1ms
[2024-01-24T00:03:44.404+0000][7][gc,phases   ] GC(472)   Merge Heap Roots: 0.1ms
[2024-01-24T00:03:44.404+0000][7][gc,phases   ] GC(472)   Evacuate Collection Set: 0.8ms
[2024-01-24T00:03:44.404+0000][7][gc,phases   ] GC(472)   Post Evacuate Collection Set: 0.7ms
[2024-01-24T00:03:44.404+0000][7][gc,phases   ] GC(472)   Other: 0.1ms
[2024-01-24T00:03:44.404+0000][7][gc,age      ] GC(472) Age table with threshold 15 (max threshold 15)
[2024-01-24T00:03:44.404+0000][7][gc,age      ] GC(472) - age   1:     536696 bytes,     536696 total
[2024-01-24T00:03:44.404+0000][7][gc,age      ] GC(472) - age   2:      71472 bytes,     608168 total
[2024-01-24T00:03:44.404+0000][7][gc,age      ] GC(472) - age   3:        952 bytes,     609120 total
[2024-01-24T00:03:44.404+0000][7][gc,age      ] GC(472) - age   4:       2656 bytes,     611776 total
[2024-01-24T00:03:44.404+0000][7][gc,age      ] GC(472) - age   5:        696 bytes,     612472 total
[2024-01-24T00:03:44.404+0000][7][gc,age      ] GC(472) - age   7:         24 bytes,     612496 total
[2024-01-24T00:03:44.404+0000][7][gc,age      ] GC(472) - age  11:        496 bytes,     612992 total
[2024-01-24T00:03:44.404+0000][7][gc,age      ] GC(472) - age  14:        280 bytes,     613272 total
[2024-01-24T00:03:44.404+0000][7][gc,heap     ] GC(472) Eden regions: 152->0(152)
[2024-01-24T00:03:44.404+0000][7][gc,heap     ] GC(472) Survivor regions: 1->1(20)
[2024-01-24T00:03:44.404+0000][7][gc,heap     ] GC(472) Old regions: 36->36
[2024-01-24T00:03:44.404+0000][7][gc,heap     ] GC(472) Archive regions: 2->2
[2024-01-24T00:03:44.404+0000][7][gc,heap     ] GC(472) Humongous regions: 0->0
[2024-01-24T00:03:44.404+0000][7][gc,metaspace] GC(472) Metaspace: 131082K(134720K)->131082K(134720K) NonClass: 114016K(115904K)->114016K(115904K) Class: 17066K(18816K)->17066K(18816K)
[2024-01-24T00:03:44.404+0000][7][gc          ] GC(472) Pause Young (Normal) (G1 Evacuation Pause) 753M->144M(1024M) 2.067ms
[2024-01-24T00:03:44.404+0000][7][gc,cpu      ] GC(472) User=0.01s Sys=0.00s Real=0.00s
[2024-01-24T00:03:44.404+0000][7][safepoint   ] Safepoint "G1CollectForAllocation", Time since last: 156051002706 ns, Reaching safepoint: 63735 ns, At safepoint: 2161100 ns, Total: 2224835 ns
[2024-01-24T00:06:38.551+0000][7][gc,start    ] GC(473) Pause Young (Normal) (G1 Evacuation Pause)
[2024-01-24T00:06:38.551+0000][7][gc,task     ] GC(473) Using 8 workers of 8 for evacuation
[2024-01-24T00:06:38.551+0000][7][gc,age      ] GC(473) Desired survivor size 41943040 bytes, new threshold 15 (max threshold 15)
[2024-01-24T00:06:38.554+0000][7][gc,phases   ] GC(473)   Pre Evacuate Collection Set: 0.1ms
[2024-01-24T00:06:38.554+0000][7][gc,phases   ] GC(473)   Merge Heap Roots: 0.1ms
[2024-01-24T00:06:38.554+0000][7][gc,phases   ] GC(473)   Evacuate Collection Set: 1.5ms
[2024-01-24T00:06:38.554+0000][7][gc,phases   ] GC(473)   Post Evacuate Collection Set: 0.8ms
[2024-01-24T00:06:38.554+0000][7][gc,phases   ] GC(473)   Other: 0.1ms
[2024-01-24T00:06:38.554+0000][7][gc,age      ] GC(473) Age table with threshold 15 (max threshold 15)
[2024-01-24T00:06:38.554+0000][7][gc,age      ] GC(473) - age   1:    1413296 bytes,    1413296 total
[2024-01-24T00:06:38.554+0000][7][gc,age      ] GC(473) - age   2:       3232 bytes,    1416528 total
[2024-01-24T00:06:38.554+0000][7][gc,age      ] GC(473) - age   3:      52560 bytes,    1469088 total
[2024-01-24T00:06:38.554+0000][7][gc,age      ] GC(473) - age   4:         64 bytes,    1469152 total
[2024-01-24T00:06:38.554+0000][7][gc,age      ] GC(473) - age   5:         32 bytes,    1469184 total
[2024-01-24T00:06:38.554+0000][7][gc,age      ] GC(473) - age   6:        240 bytes,    1469424 total
[2024-01-24T00:06:38.554+0000][7][gc,age      ] GC(473) - age   8:         24 bytes,    1469448 total
[2024-01-24T00:06:38.554+0000][7][gc,age      ] GC(473) - age  12:        496 bytes,    1469944 total
[2024-01-24T00:06:38.554+0000][7][gc,age      ] GC(473) - age  15:        280 bytes,    1470224 total
[2024-01-24T00:06:38.554+0000][7][gc,heap     ] GC(473) Eden regions: 152->0(152)
[2024-01-24T00:06:38.554+0000][7][gc,heap     ] GC(473) Survivor regions: 1->1(20)
[2024-01-24T00:06:38.554+0000][7][gc,heap     ] GC(473) Old regions: 36->36
[2024-01-24T00:06:38.554+0000][7][gc,heap     ] GC(473) Archive regions: 2->2
[2024-01-24T00:06:38.554+0000][7][gc,heap     ] GC(473) Humongous regions: 0->0
[2024-01-24T00:06:38.554+0000][7][gc,metaspace] GC(473) Metaspace: 131082K(134720K)->131082K(134720K) NonClass: 114016K(115904K)->114016K(115904K) Class: 17066K(18816K)->17066K(18816K)
[2024-01-24T00:06:38.554+0000][7][gc          ] GC(473) Pause Young (Normal) (G1 Evacuation Pause) 752M->145M(1024M) 2.914ms
[2024-01-24T00:06:38.554+0000][7][gc,cpu      ] GC(473) User=0.01s Sys=0.00s Real=0.01s
[2024-01-24T00:06:38.554+0000][7][safepoint   ] Safepoint "G1CollectForAllocation", Time since last: 174147235143 ns, Reaching safepoint: 51696 ns, At safepoint: 3013223 ns, Total: 3064919 ns
[2024-01-24T00:09:33.038+0000][7][gc,start    ] GC(474) Pause Young (Normal) (G1 Evacuation Pause)
[2024-01-24T00:09:33.038+0000][7][gc,task     ] GC(474) Using 8 workers of 8 for evacuation
[2024-01-24T00:09:33.038+0000][7][gc,age      ] GC(474) Desired survivor size 41943040 bytes, new threshold 15 (max threshold 15)
[2024-01-24T00:09:33.039+0000][7][gc,phases   ] GC(474)   Pre Evacuate Collection Set: 0.1ms
[2024-01-24T00:09:33.039+0000][7][gc,phases   ] GC(474)   Merge Heap Roots: 0.0ms
[2024-01-24T00:09:33.039+0000][7][gc,phases   ] GC(474)   Evacuate Collection Set: 0.9ms
[2024-01-24T00:09:33.039+0000][7][gc,phases   ] GC(474)   Post Evacuate Collection Set: 0.5ms
[2024-01-24T00:09:33.039+0000][7][gc,phases   ] GC(474)   Other: 0.1ms
[2024-01-24T00:09:33.039+0000][7][gc,age      ] GC(474) Age table with threshold 15 (max threshold 15)
[2024-01-24T00:09:33.039+0000][7][gc,age      ] GC(474) - age   1:    1706656 bytes,    1706656 total
[2024-01-24T00:09:33.039+0000][7][gc,age      ] GC(474) - age   2:     199736 bytes,    1906392 total
[2024-01-24T00:09:33.039+0000][7][gc,age      ] GC(474) - age   3:       1632 bytes,    1908024 total
[2024-01-24T00:09:33.039+0000][7][gc,age      ] GC(474) - age   4:      50992 bytes,    1959016 total
[2024-01-24T00:09:33.039+0000][7][gc,age      ] GC(474) - age   6:         32 bytes,    1959048 total
[2024-01-24T00:09:33.039+0000][7][gc,age      ] GC(474) - age   7:         56 bytes,    1959104 total
[2024-01-24T00:09:33.039+0000][7][gc,age      ] GC(474) - age   9:         24 bytes,    1959128 total
[2024-01-24T00:09:33.039+0000][7][gc,age      ] GC(474) - age  13:        496 bytes,    1959624 total
[2024-01-24T00:09:33.039+0000][7][gc,heap     ] GC(474) Eden regions: 152->0(152)
[2024-01-24T00:09:33.039+0000][7][gc,heap     ] GC(474) Survivor regions: 1->1(20)
[2024-01-24T00:09:33.039+0000][7][gc,heap     ] GC(474) Old regions: 36->36
[2024-01-24T00:09:33.039+0000][7][gc,heap     ] GC(474) Archive regions: 2->2
[2024-01-24T00:09:33.039+0000][7][gc,heap     ] GC(474) Humongous regions: 0->0
[2024-01-24T00:09:33.039+0000][7][gc,metaspace] GC(474) Metaspace: 131082K(134720K)->131082K(134720K) NonClass: 114016K(115904K)->114016K(115904K) Class: 17066K(18816K)->17066K(18816K)
[2024-01-24T00:09:33.040+0000][7][gc          ] GC(474) Pause Young (Normal) (G1 Evacuation Pause) 753M->146M(1024M) 1.800ms
[2024-01-24T00:09:33.040+0000][7][gc,cpu      ] GC(474) User=0.01s Sys=0.00s Real=0.00s
[2024-01-24T00:09:33.040+0000][7][safepoint   ] Safepoint "G1CollectForAllocation", Time since last: 174483553671 ns, Reaching safepoint: 40831 ns, At safepoint: 1865979 ns, Total: 1906810 ns
[2024-01-24T00:12:20.525+0000][7][gc,start    ] GC(475) Pause Young (Normal) (G1 Evacuation Pause)
[2024-01-24T00:12:20.526+0000][7][gc,task     ] GC(475) Using 8 workers of 8 for evacuation
[2024-01-24T00:12:20.526+0000][7][gc,age      ] GC(475) Desired survivor size 41943040 bytes, new threshold 15 (max threshold 15)
[2024-01-24T00:12:20.528+0000][7][gc,phases   ] GC(475)   Pre Evacuate Collection Set: 0.1ms
[2024-01-24T00:12:20.528+0000][7][gc,phases   ] GC(475)   Merge Heap Roots: 0.1ms
[2024-01-24T00:12:20.528+0000][7][gc,phases   ] GC(475)   Evacuate Collection Set: 1.0ms
[2024-01-24T00:12:20.528+0000][7][gc,phases   ] GC(475)   Post Evacuate Collection Set: 0.8ms
[2024-01-24T00:12:20.528+0000][7][gc,phases   ] GC(475)   Other: 0.1ms
[2024-01-24T00:12:20.528+0000][7][gc,age      ] GC(475) Age table with threshold 15 (max threshold 15)
[2024-01-24T00:12:20.528+0000][7][gc,age      ] GC(475) - age   1:     935712 bytes,     935712 total
[2024-01-24T00:12:20.528+0000][7][gc,age      ] GC(475) - age   2:       4824 bytes,     940536 total
[2024-01-24T00:12:20.528+0000][7][gc,age      ] GC(475) - age   3:     103264 bytes,    1043800 total
[2024-01-24T00:12:20.528+0000][7][gc,age      ] GC(475) - age   4:       1056 bytes,    1044856 total
[2024-01-24T00:12:20.528+0000][7][gc,age      ] GC(475) - age   5:      50512 bytes,    1095368 total
[2024-01-24T00:12:20.528+0000][7][gc,age      ] GC(475) - age   7:         32 bytes,    1095400 total
[2024-01-24T00:12:20.528+0000][7][gc,age      ] GC(475) - age   8:         56 bytes,    1095456 total
[2024-01-24T00:12:20.528+0000][7][gc,age      ] GC(475) - age  14:        312 bytes,    1095768 total
[2024-01-24T00:12:20.528+0000][7][gc,heap     ] GC(475) Eden regions: 152->0(152)
[2024-01-24T00:12:20.528+0000][7][gc,heap     ] GC(475) Survivor regions: 1->1(20)
[2024-01-24T00:12:20.528+0000][7][gc,heap     ] GC(475) Old regions: 36->36
[2024-01-24T00:12:20.528+0000][7][gc,heap     ] GC(475) Archive regions: 2->2
[2024-01-24T00:12:20.528+0000][7][gc,heap     ] GC(475) Humongous regions: 0->0
[2024-01-24T00:12:20.528+0000][7][gc,metaspace] GC(475) Metaspace: 131083K(134720K)->131083K(134720K) NonClass: 114017K(115904K)->114017K(115904K) Class: 17066K(18816K)->17066K(18816K)
[2024-01-24T00:12:20.528+0000][7][gc          ] GC(475) Pause Young (Normal) (G1 Evacuation Pause) 754M->145M(1024M) 2.500ms
[2024-01-24T00:12:20.528+0000][7][gc,cpu      ] GC(475) User=0.01s Sys=0.01s Real=0.00s
[2024-01-24T00:12:20.528+0000][7][safepoint   ] Safepoint "G1CollectForAllocation", Time since last: 167485812943 ns, Reaching safepoint: 59995 ns, At safepoint: 2596304 ns, Total: 2656299 ns
[2024-01-24T00:14:59.906+0000][7][gc,start    ] GC(476) Pause Young (Normal) (G1 Evacuation Pause)
[2024-01-24T00:14:59.906+0000][7][gc,task     ] GC(476) Using 8 workers of 8 for evacuation
[2024-01-24T00:14:59.906+0000][7][gc,age      ] GC(476) Desired survivor size 41943040 bytes, new threshold 15 (max threshold 15)
[2024-01-24T00:14:59.908+0000][7][gc,phases   ] GC(476)   Pre Evacuate Collection Set: 0.1ms
[2024-01-24T00:14:59.908+0000][7][gc,phases   ] GC(476)   Merge Heap Roots: 0.0ms
[2024-01-24T00:14:59.908+0000][7][gc,phases   ] GC(476)   Evacuate Collection Set: 1.0ms
[2024-01-24T00:14:59.908+0000][7][gc,phases   ] GC(476)   Post Evacuate Collection Set: 0.5ms
[2024-01-24T00:14:59.908+0000][7][gc,phases   ] GC(476)   Other: 0.1ms
[2024-01-24T00:14:59.908+0000][7][gc,age      ] GC(476) Age table with threshold 15 (max threshold 15)
[2024-01-24T00:14:59.908+0000][7][gc,age      ] GC(476) - age   1:    1722512 bytes,    1722512 total
[2024-01-24T00:14:59.908+0000][7][gc,age      ] GC(476) - age   2:     278392 bytes,    2000904 total
[2024-01-24T00:14:59.908+0000][7][gc,age      ] GC(476) - age   3:       1528 bytes,    2002432 total
[2024-01-24T00:14:59.908+0000][7][gc,age      ] GC(476) - age   4:     100384 bytes,    2102816 total
[2024-01-24T00:14:59.908+0000][7][gc,age      ] GC(476) - age   5:        280 bytes,    2103096 total
[2024-01-24T00:14:59.908+0000][7][gc,age      ] GC(476) - age   6:      50264 bytes,    2153360 total
[2024-01-24T00:14:59.908+0000][7][gc,age      ] GC(476) - age   9:         56 bytes,    2153416 total
[2024-01-24T00:14:59.908+0000][7][gc,age      ] GC(476) - age  15:        312 bytes,    2153728 total
[2024-01-24T00:14:59.908+0000][7][gc,heap     ] GC(476) Eden regions: 152->0(152)
[2024-01-24T00:14:59.908+0000][7][gc,heap     ] GC(476) Survivor regions: 1->1(20)
[2024-01-24T00:14:59.908+0000][7][gc,heap     ] GC(476) Old regions: 36->36
[2024-01-24T00:14:59.908+0000][7][gc,heap     ] GC(476) Archive regions: 2->2
[2024-01-24T00:14:59.908+0000][7][gc,heap     ] GC(476) Humongous regions: 0->0
[2024-01-24T00:14:59.908+0000][7][gc,metaspace] GC(476) Metaspace: 131083K(134720K)->131083K(134720K) NonClass: 114017K(115904K)->114017K(115904K) Class: 17066K(18816K)->17066K(18816K)
[2024-01-24T00:14:59.908+0000][7][gc          ] GC(476) Pause Young (Normal) (G1 Evacuation Pause) 753M->146M(1024M) 1.887ms
[2024-01-24T00:14:59.908+0000][7][gc,cpu      ] GC(476) User=0.01s Sys=0.00s Real=0.00s
[2024-01-24T00:14:59.908+0000][7][safepoint   ] Safepoint "G1CollectForAllocation", Time since last: 159378071211 ns, Reaching safepoint: 35706 ns, At safepoint: 1963682 ns, Total: 1999388 ns
[2024-01-24T00:15:58.914+0000][7][safepoint   ] Safepoint "Cleanup", Time since last: 59006164244 ns, Reaching safepoint: 84502 ns, At safepoint: 18552 ns, Total: 103054 ns
[2024-01-24T00:17:50.433+0000][7][gc,start    ] GC(477) Pause Young (Normal) (G1 Evacuation Pause)
[2024-01-24T00:17:50.433+0000][7][gc,task     ] GC(477) Using 8 workers of 8 for evacuation
[2024-01-24T00:17:50.433+0000][7][gc,age      ] GC(477) Desired survivor size 41943040 bytes, new threshold 15 (max threshold 15)
[2024-01-24T00:17:50.435+0000][7][gc,phases   ] GC(477)   Pre Evacuate Collection Set: 0.1ms
[2024-01-24T00:17:50.435+0000][7][gc,phases   ] GC(477)   Merge Heap Roots: 0.1ms
[2024-01-24T00:17:50.435+0000][7][gc,phases   ] GC(477)   Evacuate Collection Set: 1.0ms
[2024-01-24T00:17:50.435+0000][7][gc,phases   ] GC(477)   Post Evacuate Collection Set: 0.6ms
[2024-01-24T00:17:50.435+0000][7][gc,phases   ] GC(477)   Other: 0.1ms
[2024-01-24T00:17:50.435+0000][7][gc,age      ] GC(477) Age table with threshold 15 (max threshold 15)
[2024-01-24T00:17:50.435+0000][7][gc,age      ] GC(477) - age   1:     761944 bytes,     761944 total
[2024-01-24T00:17:50.435+0000][7][gc,age      ] GC(477) - age   2:      32216 bytes,     794160 total
[2024-01-24T00:17:50.435+0000][7][gc,age      ] GC(477) - age   3:     276184 bytes,    1070344 total
[2024-01-24T00:17:50.435+0000][7][gc,age      ] GC(477) - age   4:       1016 bytes,    1071360 total
[2024-01-24T00:17:50.435+0000][7][gc,age      ] GC(477) - age   5:      99904 bytes,    1171264 total
[2024-01-24T00:17:50.435+0000][7][gc,age      ] GC(477) - age   6:        280 bytes,    1171544 total
[2024-01-24T00:17:50.435+0000][7][gc,age      ] GC(477) - age   7:      33808 bytes,    1205352 total
[2024-01-24T00:17:50.435+0000][7][gc,age      ] GC(477) - age  10:         56 bytes,    1205408 total
[2024-01-24T00:17:50.435+0000][7][gc,heap     ] GC(477) Eden regions: 152->0(152)
[2024-01-24T00:17:50.435+0000][7][gc,heap     ] GC(477) Survivor regions: 1->1(20)
[2024-01-24T00:17:50.435+0000][7][gc,heap     ] GC(477) Old regions: 36->36
[2024-01-24T00:17:50.435+0000][7][gc,heap     ] GC(477) Archive regions: 2->2
[2024-01-24T00:17:50.435+0000][7][gc,heap     ] GC(477) Humongous regions: 0->0
[2024-01-24T00:17:50.435+0000][7][gc,metaspace] GC(477) Metaspace: 131083K(134720K)->131083K(134720K) NonClass: 114017K(115904K)->114017K(115904K) Class: 17066K(18816K)->17066K(18816K)
[2024-01-24T00:17:50.435+0000][7][gc          ] GC(477) Pause Young (Normal) (G1 Evacuation Pause) 754M->145M(1024M) 2.176ms
[2024-01-24T00:17:50.435+0000][7][gc,cpu      ] GC(477) User=0.01s Sys=0.00s Real=0.01s
[2024-01-24T00:17:50.435+0000][7][safepoint   ] Safepoint "G1CollectForAllocation", Time since last: 111518683068 ns, Reaching safepoint: 43658 ns, At safepoint: 2267188 ns, Total: 2310846 ns
[2024-01-24T00:20:26.558+0000][7][gc,start    ] GC(478) Pause Young (Normal) (G1 Evacuation Pause)
[2024-01-24T00:20:26.558+0000][7][gc,task     ] GC(478) Using 8 workers of 8 for evacuation
[2024-01-24T00:20:26.558+0000][7][gc,age      ] GC(478) Desired survivor size 41943040 bytes, new threshold 15 (max threshold 15)
[2024-01-24T00:20:26.560+0000][7][gc,phases   ] GC(478)   Pre Evacuate Collection Set: 0.1ms
[2024-01-24T00:20:26.560+0000][7][gc,phases   ] GC(478)   Merge Heap Roots: 0.0ms
[2024-01-24T00:20:26.560+0000][7][gc,phases   ] GC(478)   Evacuate Collection Set: 1.0ms
[2024-01-24T00:20:26.560+0000][7][gc,phases   ] GC(478)   Post Evacuate Collection Set: 0.5ms
[2024-01-24T00:20:26.560+0000][7][gc,phases   ] GC(478)   Other: 0.1ms
[2024-01-24T00:20:26.560+0000][7][gc,age      ] GC(478) Age table with threshold 15 (max threshold 15)
[2024-01-24T00:20:26.560+0000][7][gc,age      ] GC(478) - age   1:    1907568 bytes,    1907568 total
[2024-01-24T00:20:26.560+0000][7][gc,age      ] GC(478) - age   2:       9400 bytes,    1916968 total
[2024-01-24T00:20:26.560+0000][7][gc,age      ] GC(478) - age   3:      29936 bytes,    1946904 total
[2024-01-24T00:20:26.560+0000][7][gc,age      ] GC(478) - age   4:     276056 bytes,    2222960 total
[2024-01-24T00:20:26.560+0000][7][gc,age      ] GC(478) - age   5:        184 bytes,    2223144 total
[2024-01-24T00:20:26.560+0000][7][gc,age      ] GC(478) - age   6:      99512 bytes,    2322656 total
[2024-01-24T00:20:26.560+0000][7][gc,age      ] GC(478) - age   7:        216 bytes,    2322872 total
[2024-01-24T00:20:26.560+0000][7][gc,age      ] GC(478) - age   8:      33360 bytes,    2356232 total
[2024-01-24T00:20:26.560+0000][7][gc,age      ] GC(478) - age  11:         56 bytes,    2356288 total
[2024-01-24T00:20:26.560+0000][7][gc,heap     ] GC(478) Eden regions: 152->0(152)
[2024-01-24T00:20:26.560+0000][7][gc,heap     ] GC(478) Survivor regions: 1->1(20)
[2024-01-24T00:20:26.560+0000][7][gc,heap     ] GC(478) Old regions: 36->36
[2024-01-24T00:20:26.560+0000][7][gc,heap     ] GC(478) Archive regions: 2->2
[2024-01-24T00:20:26.560+0000][7][gc,heap     ] GC(478) Humongous regions: 0->0
[2024-01-24T00:20:26.560+0000][7][gc,metaspace] GC(478) Metaspace: 131083K(134720K)->131083K(134720K) NonClass: 114017K(115904K)->114017K(115904K) Class: 17066K(18816K)->17066K(18816K)
[2024-01-24T00:20:26.560+0000][7][gc          ] GC(478) Pause Young (Normal) (G1 Evacuation Pause) 753M->146M(1024M) 1.966ms
[2024-01-24T00:20:26.560+0000][7][gc,cpu      ] GC(478) User=0.01s Sys=0.00s Real=0.00s
[2024-01-24T00:20:26.560+0000][7][safepoint   ] Safepoint "G1CollectForAllocation", Time since last: 156122521824 ns, Reaching safepoint: 45664 ns, At safepoint: 2035684 ns, Total: 2081348 ns
[2024-01-24T00:23:26.426+0000][7][gc,start    ] GC(479) Pause Young (Normal) (G1 Evacuation Pause)
[2024-01-24T00:23:26.426+0000][7][gc,task     ] GC(479) Using 8 workers of 8 for evacuation
[2024-01-24T00:23:26.426+0000][7][gc,age      ] GC(479) Desired survivor size 41943040 bytes, new threshold 15 (max threshold 15)
[2024-01-24T00:23:26.428+0000][7][gc,phases   ] GC(479)   Pre Evacuate Collection Set: 0.1ms
[2024-01-24T00:23:26.428+0000][7][gc,phases   ] GC(479)   Merge Heap Roots: 0.1ms
[2024-01-24T00:23:26.428+0000][7][gc,phases   ] GC(479)   Evacuate Collection Set: 0.9ms
[2024-01-24T00:23:26.428+0000][7][gc,phases   ] GC(479)   Post Evacuate Collection Set: 0.7ms
[2024-01-24T00:23:26.428+0000][7][gc,phases   ] GC(479)   Other: 0.1ms
[2024-01-24T00:23:26.428+0000][7][gc,age      ] GC(479) Age table with threshold 15 (max threshold 15)
[2024-01-24T00:23:26.428+0000][7][gc,age      ] GC(479) - age   1:     919432 bytes,     919432 total
[2024-01-24T00:23:26.428+0000][7][gc,age      ] GC(479) - age   2:       5144 bytes,     924576 total
[2024-01-24T00:23:26.428+0000][7][gc,age      ] GC(479) - age   3:       6984 bytes,     931560 total
[2024-01-24T00:23:26.428+0000][7][gc,age      ] GC(479) - age   4:      28488 bytes,     960048 total
[2024-01-24T00:23:26.428+0000][7][gc,age      ] GC(479) - age   5:     275928 bytes,    1235976 total
[2024-01-24T00:23:26.428+0000][7][gc,age      ] GC(479) - age   6:        184 bytes,    1236160 total
[2024-01-24T00:23:26.428+0000][7][gc,age      ] GC(479) - age   7:      99512 bytes,    1335672 total
[2024-01-24T00:23:26.428+0000][7][gc,age      ] GC(479) - age   8:        184 bytes,    1335856 total
[2024-01-24T00:23:26.428+0000][7][gc,age      ] GC(479) - age   9:      33360 bytes,    1369216 total
[2024-01-24T00:23:26.428+0000][7][gc,age      ] GC(479) - age  12:         56 bytes,    1369272 total
[2024-01-24T00:23:26.428+0000][7][gc,heap     ] GC(479) Eden regions: 152->0(152)
[2024-01-24T00:23:26.428+0000][7][gc,heap     ] GC(479) Survivor regions: 1->1(20)
[2024-01-24T00:23:26.428+0000][7][gc,heap     ] GC(479) Old regions: 36->36
[2024-01-24T00:23:26.428+0000][7][gc,heap     ] GC(479) Archive regions: 2->2
[2024-01-24T00:23:26.428+0000][7][gc,heap     ] GC(479) Humongous regions: 0->0
[2024-01-24T00:23:26.428+0000][7][gc,metaspace] GC(479) Metaspace: 131083K(134720K)->131083K(134720K) NonClass: 114017K(115904K)->114017K(115904K) Class: 17066K(18816K)->17066K(18816K)
[2024-01-24T00:23:26.428+0000][7][gc          ] GC(479) Pause Young (Normal) (G1 Evacuation Pause) 754M->145M(1024M) 2.203ms
[2024-01-24T00:23:26.428+0000][7][gc,cpu      ] GC(479) User=0.01s Sys=0.00s Real=0.00s
[2024-01-24T00:23:26.429+0000][7][safepoint   ] Safepoint "G1CollectForAllocation", Time since last: 179866218183 ns, Reaching safepoint: 53033 ns, At safepoint: 2289618 ns, Total: 2342651 ns
[2024-01-24T00:26:20.497+0000][7][gc,start    ] GC(480) Pause Young (Normal) (G1 Evacuation Pause)
[2024-01-24T00:26:20.497+0000][7][gc,task     ] GC(480) Using 8 workers of 8 for evacuation
[2024-01-24T00:26:20.497+0000][7][gc,age      ] GC(480) Desired survivor size 41943040 bytes, new threshold 15 (max threshold 15)
[2024-01-24T00:26:20.499+0000][7][gc,phases   ] GC(480)   Pre Evacuate Collection Set: 0.1ms
[2024-01-24T00:26:20.499+0000][7][gc,phases   ] GC(480)   Merge Heap Roots: 0.1ms
[2024-01-24T00:26:20.499+0000][7][gc,phases   ] GC(480)   Evacuate Collection Set: 1.3ms
[2024-01-24T00:26:20.499+0000][7][gc,phases   ] GC(480)   Post Evacuate Collection Set: 0.7ms
[2024-01-24T00:26:20.499+0000][7][gc,phases   ] GC(480)   Other: 0.2ms
[2024-01-24T00:26:20.499+0000][7][gc,age      ] GC(480) Age table with threshold 15 (max threshold 15)
[2024-01-24T00:26:20.499+0000][7][gc,age      ] GC(480) - age   1:    1083360 bytes,    1083360 total
[2024-01-24T00:26:20.499+0000][7][gc,age      ] GC(480) - age   2:       4304 bytes,    1087664 total
[2024-01-24T00:26:20.499+0000][7][gc,age      ] GC(480) - age   3:       2520 bytes,    1090184 total
[2024-01-24T00:26:20.499+0000][7][gc,age      ] GC(480) - age   4:       6432 bytes,    1096616 total
[2024-01-24T00:26:20.499+0000][7][gc,age      ] GC(480) - age   5:      25928 bytes,    1122544 total
[2024-01-24T00:26:20.499+0000][7][gc,age      ] GC(480) - age   6:     275680 bytes,    1398224 total
[2024-01-24T00:26:20.499+0000][7][gc,age      ] GC(480) - age   7:        184 bytes,    1398408 total
[2024-01-24T00:26:20.499+0000][7][gc,age      ] GC(480) - age   8:      99512 bytes,    1497920 total
[2024-01-24T00:26:20.499+0000][7][gc,age      ] GC(480) - age   9:        184 bytes,    1498104 total
[2024-01-24T00:26:20.499+0000][7][gc,age      ] GC(480) - age  10:      33360 bytes,    1531464 total
[2024-01-24T00:26:20.499+0000][7][gc,age      ] GC(480) - age  13:         56 bytes,    1531520 total
[2024-01-24T00:26:20.499+0000][7][gc,heap     ] GC(480) Eden regions: 152->0(152)
[2024-01-24T00:26:20.499+0000][7][gc,heap     ] GC(480) Survivor regions: 1->1(20)
[2024-01-24T00:26:20.499+0000][7][gc,heap     ] GC(480) Old regions: 36->36
[2024-01-24T00:26:20.499+0000][7][gc,heap     ] GC(480) Archive regions: 2->2
[2024-01-24T00:26:20.499+0000][7][gc,heap     ] GC(480) Humongous regions: 0->0
[2024-01-24T00:26:20.499+0000][7][gc,metaspace] GC(480) Metaspace: 131083K(134720K)->131083K(134720K) NonClass: 114017K(115904K)->114017K(115904K) Class: 17066K(18816K)->17066K(18816K)
[2024-01-24T00:26:20.499+0000][7][gc          ] GC(480) Pause Young (Normal) (G1 Evacuation Pause) 753M->145M(1024M) 2.553ms
[2024-01-24T00:26:20.499+0000][7][gc,cpu      ] GC(480) User=0.02s Sys=0.00s Real=0.00s
[2024-01-24T00:26:20.499+0000][7][safepoint   ] Safepoint "G1CollectForAllocation", Time since last: 174068091799 ns, Reaching safepoint: 53374 ns, At safepoint: 2746091 ns, Total: 2799465 ns
[2024-01-24T00:26:58.504+0000][7][safepoint   ] Safepoint "Cleanup", Time since last: 38004340177 ns, Reaching safepoint: 63668 ns, At safepoint: 26737 ns, Total: 90405 ns
[2024-01-24T00:29:15.008+0000][7][gc,start    ] GC(481) Pause Young (Normal) (G1 Evacuation Pause)
[2024-01-24T00:29:15.008+0000][7][gc,task     ] GC(481) Using 8 workers of 8 for evacuation
[2024-01-24T00:29:15.008+0000][7][gc,age      ] GC(481) Desired survivor size 41943040 bytes, new threshold 15 (max threshold 15)
[2024-01-24T00:29:15.011+0000][7][gc,phases   ] GC(481)   Pre Evacuate Collection Set: 0.1ms
[2024-01-24T00:29:15.011+0000][7][gc,phases   ] GC(481)   Merge Heap Roots: 0.1ms
[2024-01-24T00:29:15.011+0000][7][gc,phases   ] GC(481)   Evacuate Collection Set: 1.5ms
[2024-01-24T00:29:15.011+0000][7][gc,phases   ] GC(481)   Post Evacuate Collection Set: 0.7ms
[2024-01-24T00:29:15.011+0000][7][gc,phases   ] GC(481)   Other: 0.1ms
[2024-01-24T00:29:15.011+0000][7][gc,age      ] GC(481) Age table with threshold 15 (max threshold 15)
[2024-01-24T00:29:15.011+0000][7][gc,age      ] GC(481) - age   1:    1408080 bytes,    1408080 total
[2024-01-24T00:29:15.011+0000][7][gc,age      ] GC(481) - age   2:       6976 bytes,    1415056 total
[2024-01-24T00:29:15.011+0000][7][gc,age      ] GC(481) - age   3:       1808 bytes,    1416864 total
[2024-01-24T00:29:15.011+0000][7][gc,age      ] GC(481) - age   4:       1368 bytes,    1418232 total
[2024-01-24T00:29:15.011+0000][7][gc,age      ] GC(481) - age   5:       6368 bytes,    1424600 total
[2024-01-24T00:29:15.011+0000][7][gc,age      ] GC(481) - age   6:      25928 bytes,    1450528 total
[2024-01-24T00:29:15.011+0000][7][gc,age      ] GC(481) - age   7:     275680 bytes,    1726208 total
[2024-01-24T00:29:15.011+0000][7][gc,age      ] GC(481) - age   8:        184 bytes,    1726392 total
[2024-01-24T00:29:15.011+0000][7][gc,age      ] GC(481) - age   9:      99448 bytes,    1825840 total
[2024-01-24T00:29:15.011+0000][7][gc,age      ] GC(481) - age  10:        184 bytes,    1826024 total
[2024-01-24T00:29:15.011+0000][7][gc,age      ] GC(481) - age  11:      33360 bytes,    1859384 total
[2024-01-24T00:29:15.011+0000][7][gc,age      ] GC(481) - age  14:         56 bytes,    1859440 total
[2024-01-24T00:29:15.011+0000][7][gc,heap     ] GC(481) Eden regions: 152->0(152)
[2024-01-24T00:29:15.011+0000][7][gc,heap     ] GC(481) Survivor regions: 1->1(20)
[2024-01-24T00:29:15.011+0000][7][gc,heap     ] GC(481) Old regions: 36->36
[2024-01-24T00:29:15.011+0000][7][gc,heap     ] GC(481) Archive regions: 2->2
[2024-01-24T00:29:15.011+0000][7][gc,heap     ] GC(481) Humongous regions: 0->0
[2024-01-24T00:29:15.011+0000][7][gc,metaspace] GC(481) Metaspace: 131083K(134720K)->131083K(134720K) NonClass: 114017K(115904K)->114017K(115904K) Class: 17066K(18816K)->17066K(18816K)
[2024-01-24T00:29:15.011+0000][7][gc          ] GC(481) Pause Young (Normal) (G1 Evacuation Pause) 753M->146M(1024M) 2.819ms
[2024-01-24T00:29:15.011+0000][7][gc,cpu      ] GC(481) User=0.01s Sys=0.00s Real=0.00s
[2024-01-24T00:29:15.011+0000][7][safepoint   ] Safepoint "G1CollectForAllocation", Time since last: 136504017766 ns, Reaching safepoint: 45454 ns, At safepoint: 2917029 ns, Total: 2962483 ns
[2024-01-24T00:30:43.022+0000][7][safepoint   ] Safepoint "Cleanup", Time since last: 88010948226 ns, Reaching safepoint: 69744 ns, At safepoint: 43364 ns, Total: 113108 ns
[2024-01-24T00:32:05.569+0000][7][gc,start    ] GC(482) Pause Young (Normal) (G1 Evacuation Pause)
[2024-01-24T00:32:05.569+0000][7][gc,task     ] GC(482) Using 8 workers of 8 for evacuation
[2024-01-24T00:32:05.569+0000][7][gc,age      ] GC(482) Desired survivor size 41943040 bytes, new threshold 15 (max threshold 15)
[2024-01-24T00:32:05.572+0000][7][gc,phases   ] GC(482)   Pre Evacuate Collection Set: 0.1ms
[2024-01-24T00:32:05.572+0000][7][gc,phases   ] GC(482)   Merge Heap Roots: 0.1ms
[2024-01-24T00:32:05.572+0000][7][gc,phases   ] GC(482)   Evacuate Collection Set: 1.9ms
[2024-01-24T00:32:05.572+0000][7][gc,phases   ] GC(482)   Post Evacuate Collection Set: 0.7ms
[2024-01-24T00:32:05.572+0000][7][gc,phases   ] GC(482)   Other: 0.1ms
[2024-01-24T00:32:05.572+0000][7][gc,age      ] GC(482) Age table with threshold 15 (max threshold 15)
[2024-01-24T00:32:05.572+0000][7][gc,age      ] GC(482) - age   1:    2032720 bytes,    2032720 total
[2024-01-24T00:32:05.572+0000][7][gc,age      ] GC(482) - age   2:       8440 bytes,    2041160 total
[2024-01-24T00:32:05.572+0000][7][gc,age      ] GC(482) - age   3:       3488 bytes,    2044648 total
[2024-01-24T00:32:05.572+0000][7][gc,age      ] GC(482) - age   4:       1360 bytes,    2046008 total
[2024-01-24T00:32:05.572+0000][7][gc,age      ] GC(482) - age   5:       1048 bytes,    2047056 total
[2024-01-24T00:32:05.572+0000][7][gc,age      ] GC(482) - age   6:       6304 bytes,    2053360 total
[2024-01-24T00:32:05.572+0000][7][gc,age      ] GC(482) - age   7:      25928 bytes,    2079288 total
[2024-01-24T00:32:05.572+0000][7][gc,age      ] GC(482) - age   8:     275680 bytes,    2354968 total
[2024-01-24T00:32:05.572+0000][7][gc,age      ] GC(482) - age  10:      99448 bytes,    2454416 total
[2024-01-24T00:32:05.572+0000][7][gc,age      ] GC(482) - age  11:        184 bytes,    2454600 total
[2024-01-24T00:32:05.572+0000][7][gc,age      ] GC(482) - age  12:      33360 bytes,    2487960 total
[2024-01-24T00:32:05.572+0000][7][gc,age      ] GC(482) - age  15:         56 bytes,    2488016 total
[2024-01-24T00:32:05.572+0000][7][gc,heap     ] GC(482) Eden regions: 152->0(152)
[2024-01-24T00:32:05.572+0000][7][gc,heap     ] GC(482) Survivor regions: 1->1(20)
[2024-01-24T00:32:05.572+0000][7][gc,heap     ] GC(482) Old regions: 36->36
[2024-01-24T00:32:05.572+0000][7][gc,heap     ] GC(482) Archive regions: 2->2
[2024-01-24T00:32:05.572+0000][7][gc,heap     ] GC(482) Humongous regions: 0->0
[2024-01-24T00:32:05.572+0000][7][gc,metaspace] GC(482) Metaspace: 131083K(134720K)->131083K(134720K) NonClass: 114017K(115904K)->114017K(115904K) Class: 17066K(18816K)->17066K(18816K)
[2024-01-24T00:32:05.572+0000][7][gc          ] GC(482) Pause Young (Normal) (G1 Evacuation Pause) 754M->146M(1024M) 3.034ms
[2024-01-24T00:32:05.572+0000][7][gc,cpu      ] GC(482) User=0.01s Sys=0.00s Real=0.00s
[2024-01-24T00:32:05.572+0000][7][safepoint   ] Safepoint "G1CollectForAllocation", Time since last: 82547407471 ns, Reaching safepoint: 53437 ns, At safepoint: 3114529 ns, Total: 3167966 ns
[2024-01-24T00:35:02.501+0000][7][gc,start    ] GC(483) Pause Young (Normal) (G1 Evacuation Pause)
[2024-01-24T00:35:02.501+0000][7][gc,task     ] GC(483) Using 8 workers of 8 for evacuation
[2024-01-24T00:35:02.501+0000][7][gc,age      ] GC(483) Desired survivor size 41943040 bytes, new threshold 15 (max threshold 15)
[2024-01-24T00:35:02.503+0000][7][gc,phases   ] GC(483)   Pre Evacuate Collection Set: 0.1ms
[2024-01-24T00:35:02.503+0000][7][gc,phases   ] GC(483)   Merge Heap Roots: 0.1ms
[2024-01-24T00:35:02.503+0000][7][gc,phases   ] GC(483)   Evacuate Collection Set: 1.2ms
[2024-01-24T00:35:02.503+0000][7][gc,phases   ] GC(483)   Post Evacuate Collection Set: 0.6ms
[2024-01-24T00:35:02.503+0000][7][gc,phases   ] GC(483)   Other: 0.1ms
[2024-01-24T00:35:02.503+0000][7][gc,age      ] GC(483) Age table with threshold 15 (max threshold 15)
[2024-01-24T00:35:02.503+0000][7][gc,age      ] GC(483) - age   1:     867088 bytes,     867088 total
[2024-01-24T00:35:02.503+0000][7][gc,age      ] GC(483) - age   2:       2904 bytes,     869992 total
[2024-01-24T00:35:02.503+0000][7][gc,age      ] GC(483) - age   3:       3664 bytes,     873656 total
[2024-01-24T00:35:02.503+0000][7][gc,age      ] GC(483) - age   4:        672 bytes,     874328 total
[2024-01-24T00:35:02.503+0000][7][gc,age      ] GC(483) - age   5:        328 bytes,     874656 total
[2024-01-24T00:35:02.503+0000][7][gc,age      ] GC(483) - age   6:        592 bytes,     875248 total
[2024-01-24T00:35:02.503+0000][7][gc,age      ] GC(483) - age   7:       6304 bytes,     881552 total
[2024-01-24T00:35:02.503+0000][7][gc,age      ] GC(483) - age   8:      25896 bytes,     907448 total
[2024-01-24T00:35:02.503+0000][7][gc,age      ] GC(483) - age   9:     275680 bytes,    1183128 total
[2024-01-24T00:35:02.503+0000][7][gc,age      ] GC(483) - age  11:      99448 bytes,    1282576 total
[2024-01-24T00:35:02.503+0000][7][gc,age      ] GC(483) - age  13:      33360 bytes,    1315936 total
[2024-01-24T00:35:02.503+0000][7][gc,heap     ] GC(483) Eden regions: 152->0(152)
[2024-01-24T00:35:02.503+0000][7][gc,heap     ] GC(483) Survivor regions: 1->1(20)
[2024-01-24T00:35:02.503+0000][7][gc,heap     ] GC(483) Old regions: 36->36
[2024-01-24T00:35:02.503+0000][7][gc,heap     ] GC(483) Archive regions: 2->2
[2024-01-24T00:35:02.503+0000][7][gc,heap     ] GC(483) Humongous regions: 0->0
[2024-01-24T00:35:02.503+0000][7][gc,metaspace] GC(483) Metaspace: 131083K(134720K)->131083K(134720K) NonClass: 114017K(115904K)->114017K(115904K) Class: 17066K(18816K)->17066K(18816K)
[2024-01-24T00:35:02.503+0000][7][gc          ] GC(483) Pause Young (Normal) (G1 Evacuation Pause) 754M->145M(1024M) 2.336ms
[2024-01-24T00:35:02.503+0000][7][gc,cpu      ] GC(483) User=0.01s Sys=0.00s Real=0.00s
[2024-01-24T00:35:02.503+0000][7][safepoint   ] Safepoint "G1CollectForAllocation", Time since last: 176928499853 ns, Reaching safepoint: 30630 ns, At safepoint: 2428878 ns, Total: 2459508 ns
[2024-01-24T00:37:50.500+0000][7][gc,start    ] GC(484) Pause Young (Normal) (G1 Evacuation Pause)
[2024-01-24T00:37:50.500+0000][7][gc,task     ] GC(484) Using 8 workers of 8 for evacuation
[2024-01-24T00:37:50.500+0000][7][gc,age      ] GC(484) Desired survivor size 41943040 bytes, new threshold 15 (max threshold 15)
[2024-01-24T00:37:50.503+0000][7][gc,phases   ] GC(484)   Pre Evacuate Collection Set: 0.1ms
[2024-01-24T00:37:50.503+0000][7][gc,phases   ] GC(484)   Merge Heap Roots: 0.1ms
[2024-01-24T00:37:50.503+0000][7][gc,phases   ] GC(484)   Evacuate Collection Set: 1.4ms
[2024-01-24T00:37:50.503+0000][7][gc,phases   ] GC(484)   Post Evacuate Collection Set: 0.6ms
[2024-01-24T00:37:50.503+0000][7][gc,phases   ] GC(484)   Other: 0.1ms
[2024-01-24T00:37:50.503+0000][7][gc,age      ] GC(484) Age table with threshold 15 (max threshold 15)
[2024-01-24T00:37:50.503+0000][7][gc,age      ] GC(484) - age   1:    1386160 bytes,    1386160 total
[2024-01-24T00:37:50.503+0000][7][gc,age      ] GC(484) - age   2:       6336 bytes,    1392496 total
[2024-01-24T00:37:50.503+0000][7][gc,age      ] GC(484) - age   3:        376 bytes,    1392872 total
[2024-01-24T00:37:50.503+0000][7][gc,age      ] GC(484) - age   4:       3344 bytes,    1396216 total
[2024-01-24T00:37:50.503+0000][7][gc,age      ] GC(484) - age   5:        544 bytes,    1396760 total
[2024-01-24T00:37:50.503+0000][7][gc,age      ] GC(484) - age   6:        328 bytes,    1397088 total
[2024-01-24T00:37:50.503+0000][7][gc,age      ] GC(484) - age   7:        592 bytes,    1397680 total
[2024-01-24T00:37:50.503+0000][7][gc,age      ] GC(484) - age   8:       6304 bytes,    1403984 total
[2024-01-24T00:37:50.503+0000][7][gc,age      ] GC(484) - age   9:      25896 bytes,    1429880 total
[2024-01-24T00:37:50.503+0000][7][gc,age      ] GC(484) - age  10:     275680 bytes,    1705560 total
[2024-01-24T00:37:50.503+0000][7][gc,age      ] GC(484) - age  12:      99448 bytes,    1805008 total
[2024-01-24T00:37:50.503+0000][7][gc,age      ] GC(484) - age  14:      33360 bytes,    1838368 total
[2024-01-24T00:37:50.503+0000][7][gc,heap     ] GC(484) Eden regions: 152->0(152)
[2024-01-24T00:37:50.503+0000][7][gc,heap     ] GC(484) Survivor regions: 1->1(20)
[2024-01-24T00:37:50.503+0000][7][gc,heap     ] GC(484) Old regions: 36->36
[2024-01-24T00:37:50.503+0000][7][gc,heap     ] GC(484) Archive regions: 2->2
[2024-01-24T00:37:50.503+0000][7][gc,heap     ] GC(484) Humongous regions: 0->0
[2024-01-24T00:37:50.503+0000][7][gc,metaspace] GC(484) Metaspace: 131083K(134720K)->131083K(134720K) NonClass: 114017K(115904K)->114017K(115904K) Class: 17066K(18816K)->17066K(18816K)
[2024-01-24T00:37:50.503+0000][7][gc          ] GC(484) Pause Young (Normal) (G1 Evacuation Pause) 753M->146M(1024M) 2.532ms
[2024-01-24T00:37:50.503+0000][7][gc,cpu      ] GC(484) User=0.01s Sys=0.00s Real=0.00s
[2024-01-24T00:37:50.503+0000][7][safepoint   ] Safepoint "G1CollectForAllocation", Time since last: 167996905946 ns, Reaching safepoint: 55880 ns, At safepoint: 2616576 ns, Total: 2672456 ns
[2024-01-24T00:40:20.589+0000][7][gc,start    ] GC(485) Pause Young (Normal) (G1 Evacuation Pause)
[2024-01-24T00:40:20.589+0000][7][gc,task     ] GC(485) Using 8 workers of 8 for evacuation
[2024-01-24T00:40:20.589+0000][7][gc,age      ] GC(485) Desired survivor size 41943040 bytes, new threshold 15 (max threshold 15)
[2024-01-24T00:40:20.591+0000][7][gc,phases   ] GC(485)   Pre Evacuate Collection Set: 0.1ms
[2024-01-24T00:40:20.591+0000][7][gc,phases   ] GC(485)   Merge Heap Roots: 0.1ms
[2024-01-24T00:40:20.591+0000][7][gc,phases   ] GC(485)   Evacuate Collection Set: 1.3ms
[2024-01-24T00:40:20.591+0000][7][gc,phases   ] GC(485)   Post Evacuate Collection Set: 0.7ms
[2024-01-24T00:40:20.591+0000][7][gc,phases   ] GC(485)   Other: 0.1ms
[2024-01-24T00:40:20.591+0000][7][gc,age      ] GC(485) Age table with threshold 15 (max threshold 15)
[2024-01-24T00:40:20.591+0000][7][gc,age      ] GC(485) - age   1:     837584 bytes,     837584 total
[2024-01-24T00:40:20.591+0000][7][gc,age      ] GC(485) - age   2:       3200 bytes,     840784 total
[2024-01-24T00:40:20.591+0000][7][gc,age      ] GC(485) - age   3:       4184 bytes,     844968 total
[2024-01-24T00:40:20.591+0000][7][gc,age      ] GC(485) - age   4:        312 bytes,     845280 total
[2024-01-24T00:40:20.591+0000][7][gc,age      ] GC(485) - age   5:       2384 bytes,     847664 total
[2024-01-24T00:40:20.591+0000][7][gc,age      ] GC(485) - age   6:        248 bytes,     847912 total
[2024-01-24T00:40:20.591+0000][7][gc,age      ] GC(485) - age   7:        144 bytes,     848056 total
[2024-01-24T00:40:20.591+0000][7][gc,age      ] GC(485) - age   8:        184 bytes,     848240 total
[2024-01-24T00:40:20.591+0000][7][gc,age      ] GC(485) - age   9:       6304 bytes,     854544 total
[2024-01-24T00:40:20.591+0000][7][gc,age      ] GC(485) - age  10:      25896 bytes,     880440 total
[2024-01-24T00:40:20.591+0000][7][gc,age      ] GC(485) - age  11:     275680 bytes,    1156120 total
[2024-01-24T00:40:20.591+0000][7][gc,age      ] GC(485) - age  13:      99448 bytes,    1255568 total
[2024-01-24T00:40:20.591+0000][7][gc,age      ] GC(485) - age  15:      33360 bytes,    1288928 total
[2024-01-24T00:40:20.591+0000][7][gc,heap     ] GC(485) Eden regions: 152->0(152)
[2024-01-24T00:40:20.591+0000][7][gc,heap     ] GC(485) Survivor regions: 1->1(20)
[2024-01-24T00:40:20.591+0000][7][gc,heap     ] GC(485) Old regions: 36->36
[2024-01-24T00:40:20.591+0000][7][gc,heap     ] GC(485) Archive regions: 2->2
[2024-01-24T00:40:20.591+0000][7][gc,heap     ] GC(485) Humongous regions: 0->0
[2024-01-24T00:40:20.591+0000][7][gc,metaspace] GC(485) Metaspace: 131083K(134720K)->131083K(134720K) NonClass: 114017K(115904K)->114017K(115904K) Class: 17066K(18816K)->17066K(18816K)
[2024-01-24T00:40:20.591+0000][7][gc          ] GC(485) Pause Young (Normal) (G1 Evacuation Pause) 754M->145M(1024M) 2.686ms
[2024-01-24T00:40:20.591+0000][7][gc,cpu      ] GC(485) User=0.01s Sys=0.00s Real=0.00s
[2024-01-24T00:40:20.591+0000][7][safepoint   ] Safepoint "G1CollectForAllocation", Time since last: 150085440783 ns, Reaching safepoint: 58073 ns, At safepoint: 2784597 ns, Total: 2842670 ns
[2024-01-24T00:43:15.263+0000][7][gc,start    ] GC(486) Pause Young (Normal) (G1 Evacuation Pause)
[2024-01-24T00:43:15.263+0000][7][gc,task     ] GC(486) Using 8 workers of 8 for evacuation
[2024-01-24T00:43:15.263+0000][7][gc,age      ] GC(486) Desired survivor size 41943040 bytes, new threshold 15 (max threshold 15)
[2024-01-24T00:43:15.265+0000][7][gc,phases   ] GC(486)   Pre Evacuate Collection Set: 0.1ms
[2024-01-24T00:43:15.265+0000][7][gc,phases   ] GC(486)   Merge Heap Roots: 0.1ms
[2024-01-24T00:43:15.265+0000][7][gc,phases   ] GC(486)   Evacuate Collection Set: 1.5ms
[2024-01-24T00:43:15.265+0000][7][gc,phases   ] GC(486)   Post Evacuate Collection Set: 0.8ms
[2024-01-24T00:43:15.265+0000][7][gc,phases   ] GC(486)   Other: 0.1ms
[2024-01-24T00:43:15.265+0000][7][gc,age      ] GC(486) Age table with threshold 15 (max threshold 15)
[2024-01-24T00:43:15.265+0000][7][gc,age      ] GC(486) - age   1:    1277176 bytes,    1277176 total
[2024-01-24T00:43:15.265+0000][7][gc,age      ] GC(486) - age   2:       4872 bytes,    1282048 total
[2024-01-24T00:43:15.265+0000][7][gc,age      ] GC(486) - age   3:        632 bytes,    1282680 total
[2024-01-24T00:43:15.265+0000][7][gc,age      ] GC(486) - age   4:       3112 bytes,    1285792 total
[2024-01-24T00:43:15.265+0000][7][gc,age      ] GC(486) - age   5:        248 bytes,    1286040 total
[2024-01-24T00:43:15.265+0000][7][gc,age      ] GC(486) - age   6:       2384 bytes,    1288424 total
[2024-01-24T00:43:15.265+0000][7][gc,age      ] GC(486) - age   7:        184 bytes,    1288608 total
[2024-01-24T00:43:15.266+0000][7][gc,age      ] GC(486) - age   8:        112 bytes,    1288720 total
[2024-01-24T00:43:15.266+0000][7][gc,age      ] GC(486) - age   9:        184 bytes,    1288904 total
[2024-01-24T00:43:15.266+0000][7][gc,age      ] GC(486) - age  10:       6304 bytes,    1295208 total
[2024-01-24T00:43:15.266+0000][7][gc,age      ] GC(486) - age  11:      25712 bytes,    1320920 total
[2024-01-24T00:43:15.266+0000][7][gc,age      ] GC(486) - age  12:     275680 bytes,    1596600 total
[2024-01-24T00:43:15.266+0000][7][gc,age      ] GC(486) - age  14:      99448 bytes,    1696048 total
[2024-01-24T00:43:15.266+0000][7][gc,heap     ] GC(486) Eden regions: 152->0(152)
[2024-01-24T00:43:15.266+0000][7][gc,heap     ] GC(486) Survivor regions: 1->1(20)
[2024-01-24T00:43:15.266+0000][7][gc,heap     ] GC(486) Old regions: 36->36
[2024-01-24T00:43:15.266+0000][7][gc,heap     ] GC(486) Archive regions: 2->2
[2024-01-24T00:43:15.266+0000][7][gc,heap     ] GC(486) Humongous regions: 0->0
[2024-01-24T00:43:15.266+0000][7][gc,metaspace] GC(486) Metaspace: 131085K(134720K)->131085K(134720K) NonClass: 114018K(115904K)->114018K(115904K) Class: 17066K(18816K)->17066K(18816K)
[2024-01-24T00:43:15.266+0000][7][gc          ] GC(486) Pause Young (Normal) (G1 Evacuation Pause) 753M->146M(1024M) 2.913ms
[2024-01-24T00:43:15.266+0000][7][gc,cpu      ] GC(486) User=0.01s Sys=0.00s Real=0.01s
[2024-01-24T00:43:15.266+0000][7][safepoint   ] Safepoint "G1CollectForAllocation", Time since last: 174671339836 ns, Reaching safepoint: 74583 ns, At safepoint: 3008123 ns, Total: 3082706 ns
[2024-01-24T00:46:02.771+0000][7][gc,start    ] GC(487) Pause Young (Normal) (G1 Evacuation Pause)
[2024-01-24T00:46:02.772+0000][7][gc,task     ] GC(487) Using 8 workers of 8 for evacuation
[2024-01-24T00:46:02.772+0000][7][gc,age      ] GC(487) Desired survivor size 41943040 bytes, new threshold 15 (max threshold 15)
[2024-01-24T00:46:02.774+0000][7][gc,phases   ] GC(487)   Pre Evacuate Collection Set: 0.1ms
[2024-01-24T00:46:02.774+0000][7][gc,phases   ] GC(487)   Merge Heap Roots: 0.1ms
[2024-01-24T00:46:02.774+0000][7][gc,phases   ] GC(487)   Evacuate Collection Set: 1.4ms
[2024-01-24T00:46:02.774+0000][7][gc,phases   ] GC(487)   Post Evacuate Collection Set: 0.6ms
[2024-01-24T00:46:02.774+0000][7][gc,phases   ] GC(487)   Other: 0.1ms
[2024-01-24T00:46:02.774+0000][7][gc,age      ] GC(487) Age table with threshold 15 (max threshold 15)
[2024-01-24T00:46:02.774+0000][7][gc,age      ] GC(487) - age   1:    1660624 bytes,    1660624 total
[2024-01-24T00:46:02.774+0000][7][gc,age      ] GC(487) - age   2:       4280 bytes,    1664904 total
[2024-01-24T00:46:02.774+0000][7][gc,age      ] GC(487) - age   3:       1888 bytes,    1666792 total
[2024-01-24T00:46:02.774+0000][7][gc,age      ] GC(487) - age   4:        248 bytes,    1667040 total
[2024-01-24T00:46:02.774+0000][7][gc,age      ] GC(487) - age   5:        488 bytes,    1667528 total
[2024-01-24T00:46:02.774+0000][7][gc,age      ] GC(487) - age   6:        248 bytes,    1667776 total
[2024-01-24T00:46:02.774+0000][7][gc,age      ] GC(487) - age   7:       2200 bytes,    1669976 total
[2024-01-24T00:46:02.774+0000][7][gc,age      ] GC(487) - age   8:        184 bytes,    1670160 total
[2024-01-24T00:46:02.774+0000][7][gc,age      ] GC(487) - age   9:        112 bytes,    1670272 total
[2024-01-24T00:46:02.774+0000][7][gc,age      ] GC(487) - age  10:        184 bytes,    1670456 total
[2024-01-24T00:46:02.774+0000][7][gc,age      ] GC(487) - age  11:       6304 bytes,    1676760 total
[2024-01-24T00:46:02.774+0000][7][gc,age      ] GC(487) - age  12:      25712 bytes,    1702472 total
[2024-01-24T00:46:02.774+0000][7][gc,age      ] GC(487) - age  13:     275680 bytes,    1978152 total
[2024-01-24T00:46:02.774+0000][7][gc,age      ] GC(487) - age  15:      99448 bytes,    2077600 total
[2024-01-24T00:46:02.774+0000][7][gc,heap     ] GC(487) Eden regions: 152->0(152)
[2024-01-24T00:46:02.774+0000][7][gc,heap     ] GC(487) Survivor regions: 1->1(20)
[2024-01-24T00:46:02.774+0000][7][gc,heap     ] GC(487) Old regions: 36->36
[2024-01-24T00:46:02.774+0000][7][gc,heap     ] GC(487) Archive regions: 2->2
[2024-01-24T00:46:02.774+0000][7][gc,heap     ] GC(487) Humongous regions: 0->0
[2024-01-24T00:46:02.774+0000][7][gc,metaspace] GC(487) Metaspace: 131085K(134720K)->131085K(134720K) NonClass: 114018K(115904K)->114018K(115904K) Class: 17066K(18816K)->17066K(18816K)
[2024-01-24T00:46:02.774+0000][7][gc          ] GC(487) Pause Young (Normal) (G1 Evacuation Pause) 754M->146M(1024M) 2.580ms
[2024-01-24T00:46:02.774+0000][7][gc,cpu      ] GC(487) User=0.00s Sys=0.00s Real=0.01s
[2024-01-24T00:46:02.774+0000][7][safepoint   ] Safepoint "G1CollectForAllocation", Time since last: 167505687910 ns, Reaching safepoint: 54877 ns, At safepoint: 2660969 ns, Total: 2715846 ns
[2024-01-24T00:48:56.640+0000][7][gc,start    ] GC(488) Pause Young (Normal) (G1 Evacuation Pause)
[2024-01-24T00:48:56.640+0000][7][gc,task     ] GC(488) Using 8 workers of 8 for evacuation
[2024-01-24T00:48:56.640+0000][7][gc,age      ] GC(488) Desired survivor size 41943040 bytes, new threshold 15 (max threshold 15)
[2024-01-24T00:48:56.642+0000][7][gc,phases   ] GC(488)   Pre Evacuate Collection Set: 0.1ms
[2024-01-24T00:48:56.642+0000][7][gc,phases   ] GC(488)   Merge Heap Roots: 0.0ms
[2024-01-24T00:48:56.642+0000][7][gc,phases   ] GC(488)   Evacuate Collection Set: 1.1ms
[2024-01-24T00:48:56.642+0000][7][gc,phases   ] GC(488)   Post Evacuate Collection Set: 0.6ms
[2024-01-24T00:48:56.642+0000][7][gc,phases   ] GC(488)   Other: 0.1ms
[2024-01-24T00:48:56.642+0000][7][gc,age      ] GC(488) Age table with threshold 15 (max threshold 15)
[2024-01-24T00:48:56.642+0000][7][gc,age      ] GC(488) - age   1:    2109688 bytes,    2109688 total
[2024-01-24T00:48:56.642+0000][7][gc,age      ] GC(488) - age   2:       6264 bytes,    2115952 total
[2024-01-24T00:48:56.642+0000][7][gc,age      ] GC(488) - age   3:       1368 bytes,    2117320 total
[2024-01-24T00:48:56.642+0000][7][gc,age      ] GC(488) - age   4:        568 bytes,    2117888 total
[2024-01-24T00:48:56.642+0000][7][gc,age      ] GC(488) - age   6:        424 bytes,    2118312 total
[2024-01-24T00:48:56.642+0000][7][gc,age      ] GC(488) - age   7:        248 bytes,    2118560 total
[2024-01-24T00:48:56.642+0000][7][gc,age      ] GC(488) - age   8:       2200 bytes,    2120760 total
[2024-01-24T00:48:56.642+0000][7][gc,age      ] GC(488) - age   9:        184 bytes,    2120944 total
[2024-01-24T00:48:56.642+0000][7][gc,age      ] GC(488) - age  10:        112 bytes,    2121056 total
[2024-01-24T00:48:56.642+0000][7][gc,age      ] GC(488) - age  11:        184 bytes,    2121240 total
[2024-01-24T00:48:56.642+0000][7][gc,age      ] GC(488) - age  12:       6304 bytes,    2127544 total
[2024-01-24T00:48:56.642+0000][7][gc,age      ] GC(488) - age  13:      25712 bytes,    2153256 total
[2024-01-24T00:48:56.642+0000][7][gc,age      ] GC(488) - age  14:     275680 bytes,    2428936 total
[2024-01-24T00:48:56.642+0000][7][gc,heap     ] GC(488) Eden regions: 152->0(152)
[2024-01-24T00:48:56.642+0000][7][gc,heap     ] GC(488) Survivor regions: 1->1(20)
[2024-01-24T00:48:56.642+0000][7][gc,heap     ] GC(488) Old regions: 36->36
[2024-01-24T00:48:56.642+0000][7][gc,heap     ] GC(488) Archive regions: 2->2
[2024-01-24T00:48:56.642+0000][7][gc,heap     ] GC(488) Humongous regions: 0->0
[2024-01-24T00:48:56.642+0000][7][gc,metaspace] GC(488) Metaspace: 131085K(134720K)->131085K(134720K) NonClass: 114018K(115904K)->114018K(115904K) Class: 17066K(18816K)->17066K(18816K)
[2024-01-24T00:48:56.642+0000][7][gc          ] GC(488) Pause Young (Normal) (G1 Evacuation Pause) 754M->146M(1024M) 2.046ms
[2024-01-24T00:48:56.642+0000][7][gc,cpu      ] GC(488) User=0.01s Sys=0.00s Real=0.00s
[2024-01-24T00:48:56.642+0000][7][safepoint   ] Safepoint "G1CollectForAllocation", Time since last: 173865742443 ns, Reaching safepoint: 41091 ns, At safepoint: 2112700 ns, Total: 2153791 ns
[2024-01-24T00:51:33.609+0000][7][gc,start    ] GC(489) Pause Young (Normal) (G1 Evacuation Pause)
[2024-01-24T00:51:33.609+0000][7][gc,task     ] GC(489) Using 8 workers of 8 for evacuation
[2024-01-24T00:51:33.609+0000][7][gc,age      ] GC(489) Desired survivor size 41943040 bytes, new threshold 15 (max threshold 15)
[2024-01-24T00:51:33.612+0000][7][gc,phases   ] GC(489)   Pre Evacuate Collection Set: 0.1ms
[2024-01-24T00:51:33.612+0000][7][gc,phases   ] GC(489)   Merge Heap Roots: 0.1ms
[2024-01-24T00:51:33.612+0000][7][gc,phases   ] GC(489)   Evacuate Collection Set: 1.5ms
[2024-01-24T00:51:33.612+0000][7][gc,phases   ] GC(489)   Post Evacuate Collection Set: 0.8ms
[2024-01-24T00:51:33.612+0000][7][gc,phases   ] GC(489)   Other: 0.1ms
[2024-01-24T00:51:33.612+0000][7][gc,age      ] GC(489) Age table with threshold 15 (max threshold 15)
[2024-01-24T00:51:33.612+0000][7][gc,age      ] GC(489) - age   1:    1081192 bytes,    1081192 total
[2024-01-24T00:51:33.612+0000][7][gc,age      ] GC(489) - age   2:       6328 bytes,    1087520 total
[2024-01-24T00:51:33.612+0000][7][gc,age      ] GC(489) - age   3:       3456 bytes,    1090976 total
[2024-01-24T00:51:33.612+0000][7][gc,age      ] GC(489) - age   4:       1176 bytes,    1092152 total
[2024-01-24T00:51:33.612+0000][7][gc,age      ] GC(489) - age   5:        440 bytes,    1092592 total
[2024-01-24T00:51:33.612+0000][7][gc,age      ] GC(489) - age   7:         32 bytes,    1092624 total
[2024-01-24T00:51:33.612+0000][7][gc,age      ] GC(489) - age   8:        248 bytes,    1092872 total
[2024-01-24T00:51:33.612+0000][7][gc,age      ] GC(489) - age   9:       2200 bytes,    1095072 total
[2024-01-24T00:51:33.612+0000][7][gc,age      ] GC(489) - age  10:        184 bytes,    1095256 total
[2024-01-24T00:51:33.612+0000][7][gc,age      ] GC(489) - age  11:        112 bytes,    1095368 total
[2024-01-24T00:51:33.612+0000][7][gc,age      ] GC(489) - age  12:        184 bytes,    1095552 total
[2024-01-24T00:51:33.612+0000][7][gc,age      ] GC(489) - age  13:       6304 bytes,    1101856 total
[2024-01-24T00:51:33.612+0000][7][gc,age      ] GC(489) - age  14:      25712 bytes,    1127568 total
[2024-01-24T00:51:33.612+0000][7][gc,age      ] GC(489) - age  15:     275680 bytes,    1403248 total
[2024-01-24T00:51:33.612+0000][7][gc,heap     ] GC(489) Eden regions: 152->0(152)
[2024-01-24T00:51:33.612+0000][7][gc,heap     ] GC(489) Survivor regions: 1->1(20)
[2024-01-24T00:51:33.612+0000][7][gc,heap     ] GC(489) Old regions: 36->36
[2024-01-24T00:51:33.612+0000][7][gc,heap     ] GC(489) Archive regions: 2->2
[2024-01-24T00:51:33.612+0000][7][gc,heap     ] GC(489) Humongous regions: 0->0
[2024-01-24T00:51:33.612+0000][7][gc,metaspace] GC(489) Metaspace: 131085K(134720K)->131085K(134720K) NonClass: 114018K(115904K)->114018K(115904K) Class: 17066K(18816K)->17066K(18816K)
[2024-01-24T00:51:33.612+0000][7][gc          ] GC(489) Pause Young (Normal) (G1 Evacuation Pause) 754M->145M(1024M) 2.919ms
[2024-01-24T00:51:33.612+0000][7][gc,cpu      ] GC(489) User=0.01s Sys=0.01s Real=0.00s
[2024-01-24T00:51:33.612+0000][7][safepoint   ] Safepoint "G1CollectForAllocation", Time since last: 156967029203 ns, Reaching safepoint: 108686 ns, At safepoint: 3016061 ns, Total: 3124747 ns
[2024-01-24T00:54:26.640+0000][7][gc,start    ] GC(490) Pause Young (Normal) (G1 Evacuation Pause)
[2024-01-24T00:54:26.640+0000][7][gc,task     ] GC(490) Using 8 workers of 8 for evacuation
[2024-01-24T00:54:26.640+0000][7][gc,age      ] GC(490) Desired survivor size 41943040 bytes, new threshold 15 (max threshold 15)
[2024-01-24T00:54:26.643+0000][7][gc,phases   ] GC(490)   Pre Evacuate Collection Set: 0.1ms
[2024-01-24T00:54:26.643+0000][7][gc,phases   ] GC(490)   Merge Heap Roots: 0.1ms
[2024-01-24T00:54:26.643+0000][7][gc,phases   ] GC(490)   Evacuate Collection Set: 1.5ms
[2024-01-24T00:54:26.643+0000][7][gc,phases   ] GC(490)   Post Evacuate Collection Set: 0.8ms
[2024-01-24T00:54:26.643+0000][7][gc,phases   ] GC(490)   Other: 0.1ms
[2024-01-24T00:54:26.643+0000][7][gc,age      ] GC(490) Age table with threshold 15 (max threshold 15)
[2024-01-24T00:54:26.643+0000][7][gc,age      ] GC(490) - age   1:    1231648 bytes,    1231648 total
[2024-01-24T00:54:26.643+0000][7][gc,age      ] GC(490) - age   2:       3536 bytes,    1235184 total
[2024-01-24T00:54:26.643+0000][7][gc,age      ] GC(490) - age   3:       2360 bytes,    1237544 total
[2024-01-24T00:54:26.643+0000][7][gc,age      ] GC(490) - age   4:       2752 bytes,    1240296 total
[2024-01-24T00:54:26.643+0000][7][gc,age      ] GC(490) - age   5:        400 bytes,    1240696 total
[2024-01-24T00:54:26.643+0000][7][gc,age      ] GC(490) - age   6:        440 bytes,    1241136 total
[2024-01-24T00:54:26.643+0000][7][gc,age      ] GC(490) - age   9:        248 bytes,    1241384 total
[2024-01-24T00:54:26.643+0000][7][gc,age      ] GC(490) - age  10:       2200 bytes,    1243584 total
[2024-01-24T00:54:26.643+0000][7][gc,age      ] GC(490) - age  11:        184 bytes,    1243768 total
[2024-01-24T00:54:26.643+0000][7][gc,age      ] GC(490) - age  12:        112 bytes,    1243880 total
[2024-01-24T00:54:26.643+0000][7][gc,age      ] GC(490) - age  13:        184 bytes,    1244064 total
[2024-01-24T00:54:26.643+0000][7][gc,age      ] GC(490) - age  14:       6304 bytes,    1250368 total
[2024-01-24T00:54:26.643+0000][7][gc,age      ] GC(490) - age  15:      25712 bytes,    1276080 total
[2024-01-24T00:54:26.643+0000][7][gc,heap     ] GC(490) Eden regions: 152->0(152)
[2024-01-24T00:54:26.643+0000][7][gc,heap     ] GC(490) Survivor regions: 1->1(20)
[2024-01-24T00:54:26.643+0000][7][gc,heap     ] GC(490) Old regions: 36->36
[2024-01-24T00:54:26.643+0000][7][gc,heap     ] GC(490) Archive regions: 2->2
[2024-01-24T00:54:26.643+0000][7][gc,heap     ] GC(490) Humongous regions: 0->0
[2024-01-24T00:54:26.643+0000][7][gc,metaspace] GC(490) Metaspace: 131085K(134720K)->131085K(134720K) NonClass: 114018K(115904K)->114018K(115904K) Class: 17066K(18816K)->17066K(18816K)
[2024-01-24T00:54:26.643+0000][7][gc          ] GC(490) Pause Young (Normal) (G1 Evacuation Pause) 753M->146M(1024M) 2.917ms
[2024-01-24T00:54:26.643+0000][7][gc,cpu      ] GC(490) User=0.01s Sys=0.00s Real=0.00s
[2024-01-24T00:54:26.643+0000][7][safepoint   ] Safepoint "G1CollectForAllocation", Time since last: 173028067035 ns, Reaching safepoint: 40887 ns, At safepoint: 3013183 ns, Total: 3054070 ns
[2024-01-24T00:57:20.573+0000][7][gc,start    ] GC(491) Pause Young (Normal) (G1 Evacuation Pause)
[2024-01-24T00:57:20.573+0000][7][gc,task     ] GC(491) Using 8 workers of 8 for evacuation
[2024-01-24T00:57:20.573+0000][7][gc,age      ] GC(491) Desired survivor size 41943040 bytes, new threshold 15 (max threshold 15)
[2024-01-24T00:57:20.576+0000][7][gc,phases   ] GC(491)   Pre Evacuate Collection Set: 0.1ms
[2024-01-24T00:57:20.576+0000][7][gc,phases   ] GC(491)   Merge Heap Roots: 0.1ms
[2024-01-24T00:57:20.576+0000][7][gc,phases   ] GC(491)   Evacuate Collection Set: 1.4ms
[2024-01-24T00:57:20.576+0000][7][gc,phases   ] GC(491)   Post Evacuate Collection Set: 0.7ms
[2024-01-24T00:57:20.576+0000][7][gc,phases   ] GC(491)   Other: 0.1ms
[2024-01-24T00:57:20.576+0000][7][gc,age      ] GC(491) Age table with threshold 15 (max threshold 15)
[2024-01-24T00:57:20.576+0000][7][gc,age      ] GC(491) - age   1:    2013080 bytes,    2013080 total
[2024-01-24T00:57:20.576+0000][7][gc,age      ] GC(491) - age   2:       4296 bytes,    2017376 total
[2024-01-24T00:57:20.576+0000][7][gc,age      ] GC(491) - age   3:       1096 bytes,    2018472 total
[2024-01-24T00:57:20.576+0000][7][gc,age      ] GC(491) - age   4:       1112 bytes,    2019584 total
[2024-01-24T00:57:20.576+0000][7][gc,age      ] GC(491) - age   5:        192 bytes,    2019776 total
[2024-01-24T00:57:20.576+0000][7][gc,age      ] GC(491) - age   6:        216 bytes,    2019992 total
[2024-01-24T00:57:20.576+0000][7][gc,age      ] GC(491) - age   7:        440 bytes,    2020432 total
[2024-01-24T00:57:20.576+0000][7][gc,age      ] GC(491) - age  10:        248 bytes,    2020680 total
[2024-01-24T00:57:20.576+0000][7][gc,age      ] GC(491) - age  11:       2200 bytes,    2022880 total
[2024-01-24T00:57:20.576+0000][7][gc,age      ] GC(491) - age  12:        184 bytes,    2023064 total
[2024-01-24T00:57:20.576+0000][7][gc,age      ] GC(491) - age  13:        112 bytes,    2023176 total
[2024-01-24T00:57:20.576+0000][7][gc,age      ] GC(491) - age  14:        184 bytes,    2023360 total
[2024-01-24T00:57:20.576+0000][7][gc,age      ] GC(491) - age  15:       6304 bytes,    2029664 total
[2024-01-24T00:57:20.576+0000][7][gc,heap     ] GC(491) Eden regions: 152->0(152)
[2024-01-24T00:57:20.576+0000][7][gc,heap     ] GC(491) Survivor regions: 1->1(20)
[2024-01-24T00:57:20.576+0000][7][gc,heap     ] GC(491) Old regions: 36->36
[2024-01-24T00:57:20.576+0000][7][gc,heap     ] GC(491) Archive regions: 2->2
[2024-01-24T00:57:20.576+0000][7][gc,heap     ] GC(491) Humongous regions: 0->0
[2024-01-24T00:57:20.576+0000][7][gc,metaspace] GC(491) Metaspace: 131085K(134720K)->131085K(134720K) NonClass: 114018K(115904K)->114018K(115904K) Class: 17066K(18816K)->17066K(18816K)
[2024-01-24T00:57:20.576+0000][7][gc          ] GC(491) Pause Young (Normal) (G1 Evacuation Pause) 754M->146M(1024M) 2.627ms
[2024-01-24T00:57:20.576+0000][7][gc,cpu      ] GC(491) User=0.02s Sys=0.01s Real=0.00s
[2024-01-24T00:57:20.576+0000][7][safepoint   ] Safepoint "G1CollectForAllocation", Time since last: 173929885681 ns, Reaching safepoint: 132649 ns, At safepoint: 2716775 ns, Total: 2849424 ns
[2024-01-24T01:00:08.711+0000][7][gc,start    ] GC(492) Pause Young (Normal) (G1 Evacuation Pause)
[2024-01-24T01:00:08.711+0000][7][gc,task     ] GC(492) Using 8 workers of 8 for evacuation
[2024-01-24T01:00:08.711+0000][7][gc,age      ] GC(492) Desired survivor size 41943040 bytes, new threshold 15 (max threshold 15)
[2024-01-24T01:00:08.713+0000][7][gc,phases   ] GC(492)   Pre Evacuate Collection Set: 0.1ms
[2024-01-24T01:00:08.713+0000][7][gc,phases   ] GC(492)   Merge Heap Roots: 0.0ms
[2024-01-24T01:00:08.713+0000][7][gc,phases   ] GC(492)   Evacuate Collection Set: 0.9ms
[2024-01-24T01:00:08.713+0000][7][gc,phases   ] GC(492)   Post Evacuate Collection Set: 0.5ms
[2024-01-24T01:00:08.713+0000][7][gc,phases   ] GC(492)   Other: 0.1ms
[2024-01-24T01:00:08.713+0000][7][gc,age      ] GC(492) Age table with threshold 15 (max threshold 15)
[2024-01-24T01:00:08.713+0000][7][gc,age      ] GC(492) - age   1:    2025776 bytes,    2025776 total
[2024-01-24T01:00:08.713+0000][7][gc,age      ] GC(492) - age   2:       7016 bytes,    2032792 total
[2024-01-24T01:00:08.713+0000][7][gc,age      ] GC(492) - age   3:       1928 bytes,    2034720 total
[2024-01-24T01:00:08.713+0000][7][gc,age      ] GC(492) - age   4:        648 bytes,    2035368 total
[2024-01-24T01:00:08.713+0000][7][gc,age      ] GC(492) - age   5:        152 bytes,    2035520 total
[2024-01-24T01:00:08.713+0000][7][gc,age      ] GC(492) - age   6:        128 bytes,    2035648 total
[2024-01-24T01:00:08.713+0000][7][gc,age      ] GC(492) - age   7:        216 bytes,    2035864 total
[2024-01-24T01:00:08.713+0000][7][gc,age      ] GC(492) - age   8:         56 bytes,    2035920 total
[2024-01-24T01:00:08.713+0000][7][gc,age      ] GC(492) - age  11:        248 bytes,    2036168 total
[2024-01-24T01:00:08.713+0000][7][gc,age      ] GC(492) - age  12:       2200 bytes,    2038368 total
[2024-01-24T01:00:08.713+0000][7][gc,age      ] GC(492) - age  13:        184 bytes,    2038552 total
[2024-01-24T01:00:08.713+0000][7][gc,age      ] GC(492) - age  14:        112 bytes,    2038664 total
[2024-01-24T01:00:08.713+0000][7][gc,age      ] GC(492) - age  15:        184 bytes,    2038848 total
[2024-01-24T01:00:08.713+0000][7][gc,heap     ] GC(492) Eden regions: 152->0(152)
[2024-01-24T01:00:08.713+0000][7][gc,heap     ] GC(492) Survivor regions: 1->1(20)
[2024-01-24T01:00:08.713+0000][7][gc,heap     ] GC(492) Old regions: 36->36
[2024-01-24T01:00:08.713+0000][7][gc,heap     ] GC(492) Archive regions: 2->2
[2024-01-24T01:00:08.713+0000][7][gc,heap     ] GC(492) Humongous regions: 0->0
[2024-01-24T01:00:08.713+0000][7][gc,metaspace] GC(492) Metaspace: 131085K(134720K)->131085K(134720K) NonClass: 114018K(115904K)->114018K(115904K) Class: 17066K(18816K)->17066K(18816K)
[2024-01-24T01:00:08.713+0000][7][gc          ] GC(492) Pause Young (Normal) (G1 Evacuation Pause) 754M->146M(1024M) 1.852ms
[2024-01-24T01:00:08.713+0000][7][gc,cpu      ] GC(492) User=0.01s Sys=0.00s Real=0.00s
[2024-01-24T01:00:08.713+0000][7][safepoint   ] Safepoint "G1CollectForAllocation", Time since last: 168134790451 ns, Reaching safepoint: 27482 ns, At safepoint: 1932201 ns, Total: 1959683 ns
[2024-01-24T01:02:39.732+0000][7][safepoint   ] Safepoint "Cleanup", Time since last: 151019312196 ns, Reaching safepoint: 92807 ns, At safepoint: 43206 ns, Total: 136013 ns
[2024-01-24T01:02:53.016+0000][7][gc,start    ] GC(493) Pause Young (Normal) (G1 Evacuation Pause)
[2024-01-24T01:02:53.016+0000][7][gc,task     ] GC(493) Using 8 workers of 8 for evacuation
[2024-01-24T01:02:53.016+0000][7][gc,age      ] GC(493) Desired survivor size 41943040 bytes, new threshold 15 (max threshold 15)
[2024-01-24T01:02:53.018+0000][7][gc,phases   ] GC(493)   Pre Evacuate Collection Set: 0.1ms
[2024-01-24T01:02:53.018+0000][7][gc,phases   ] GC(493)   Merge Heap Roots: 0.1ms
[2024-01-24T01:02:53.018+0000][7][gc,phases   ] GC(493)   Evacuate Collection Set: 1.0ms
[2024-01-24T01:02:53.018+0000][7][gc,phases   ] GC(493)   Post Evacuate Collection Set: 0.7ms
[2024-01-24T01:02:53.018+0000][7][gc,phases   ] GC(493)   Other: 0.1ms
[2024-01-24T01:02:53.018+0000][7][gc,age      ] GC(493) Age table with threshold 15 (max threshold 15)
[2024-01-24T01:02:53.018+0000][7][gc,age      ] GC(493) - age   1:     744232 bytes,     744232 total
[2024-01-24T01:02:53.018+0000][7][gc,age      ] GC(493) - age   2:      12600 bytes,     756832 total
[2024-01-24T01:02:53.018+0000][7][gc,age      ] GC(493) - age   3:       3552 bytes,     760384 total
[2024-01-24T01:02:53.018+0000][7][gc,age      ] GC(493) - age   4:       1160 bytes,     761544 total
[2024-01-24T01:02:53.018+0000][7][gc,age      ] GC(493) - age   5:        392 bytes,     761936 total
[2024-01-24T01:02:53.018+0000][7][gc,age      ] GC(493) - age   6:         24 bytes,     761960 total
[2024-01-24T01:02:53.018+0000][7][gc,age      ] GC(493) - age   7:         64 bytes,     762024 total
[2024-01-24T01:02:53.018+0000][7][gc,age      ] GC(493) - age   8:        216 bytes,     762240 total
[2024-01-24T01:02:53.018+0000][7][gc,age      ] GC(493) - age   9:         56 bytes,     762296 total
[2024-01-24T01:02:53.018+0000][7][gc,age      ] GC(493) - age  12:        248 bytes,     762544 total
[2024-01-24T01:02:53.018+0000][7][gc,age      ] GC(493) - age  13:       2200 bytes,     764744 total
[2024-01-24T01:02:53.018+0000][7][gc,age      ] GC(493) - age  14:        184 bytes,     764928 total
[2024-01-24T01:02:53.018+0000][7][gc,age      ] GC(493) - age  15:        112 bytes,     765040 total
[2024-01-24T01:02:53.018+0000][7][gc,heap     ] GC(493) Eden regions: 152->0(152)
[2024-01-24T01:02:53.018+0000][7][gc,heap     ] GC(493) Survivor regions: 1->1(20)
[2024-01-24T01:02:53.018+0000][7][gc,heap     ] GC(493) Old regions: 36->36
[2024-01-24T01:02:53.018+0000][7][gc,heap     ] GC(493) Archive regions: 2->2
[2024-01-24T01:02:53.018+0000][7][gc,heap     ] GC(493) Humongous regions: 0->0
[2024-01-24T01:02:53.018+0000][7][gc,metaspace] GC(493) Metaspace: 131085K(134720K)->131085K(134720K) NonClass: 114018K(115904K)->114018K(115904K) Class: 17066K(18816K)->17066K(18816K)
[2024-01-24T01:02:53.018+0000][7][gc          ] GC(493) Pause Young (Normal) (G1 Evacuation Pause) 754M->145M(1024M) 2.369ms
[2024-01-24T01:02:53.018+0000][7][gc,cpu      ] GC(493) User=0.01s Sys=0.00s Real=0.00s
[2024-01-24T01:02:53.018+0000][7][safepoint   ] Safepoint "G1CollectForAllocation", Time since last: 13283701439 ns, Reaching safepoint: 50683 ns, At safepoint: 2463769 ns, Total: 2514452 ns
[2024-01-24T01:05:41.901+0000][7][gc,start    ] GC(494) Pause Young (Normal) (G1 Evacuation Pause)
[2024-01-24T01:05:41.901+0000][7][gc,task     ] GC(494) Using 8 workers of 8 for evacuation
[2024-01-24T01:05:41.901+0000][7][gc,age      ] GC(494) Desired survivor size 41943040 bytes, new threshold 15 (max threshold 15)
[2024-01-24T01:05:41.904+0000][7][gc,phases   ] GC(494)   Pre Evacuate Collection Set: 0.1ms
[2024-01-24T01:05:41.904+0000][7][gc,phases   ] GC(494)   Merge Heap Roots: 0.1ms
[2024-01-24T01:05:41.904+0000][7][gc,phases   ] GC(494)   Evacuate Collection Set: 1.5ms
[2024-01-24T01:05:41.904+0000][7][gc,phases   ] GC(494)   Post Evacuate Collection Set: 0.7ms
[2024-01-24T01:05:41.904+0000][7][gc,phases   ] GC(494)   Other: 0.1ms
[2024-01-24T01:05:41.904+0000][7][gc,age      ] GC(494) Age table with threshold 15 (max threshold 15)
[2024-01-24T01:05:41.904+0000][7][gc,age      ] GC(494) - age   1:    1339592 bytes,    1339592 total
[2024-01-24T01:05:41.904+0000][7][gc,age      ] GC(494) - age   2:       2128 bytes,    1341720 total
[2024-01-24T01:05:41.904+0000][7][gc,age      ] GC(494) - age   3:       9568 bytes,    1351288 total
[2024-01-24T01:05:41.904+0000][7][gc,age      ] GC(494) - age   4:        184 bytes,    1351472 total
[2024-01-24T01:05:41.904+0000][7][gc,age      ] GC(494) - age   5:         32 bytes,    1351504 total
[2024-01-24T01:05:41.904+0000][7][gc,age      ] GC(494) - age   7:         24 bytes,    1351528 total
[2024-01-24T01:05:41.904+0000][7][gc,age      ] GC(494) - age   9:        184 bytes,    1351712 total
[2024-01-24T01:05:41.904+0000][7][gc,age      ] GC(494) - age  13:        248 bytes,    1351960 total
[2024-01-24T01:05:41.904+0000][7][gc,age      ] GC(494) - age  14:       2200 bytes,    1354160 total
[2024-01-24T01:05:41.904+0000][7][gc,age      ] GC(494) - age  15:        184 bytes,    1354344 total
[2024-01-24T01:05:41.904+0000][7][gc,heap     ] GC(494) Eden regions: 152->0(152)
[2024-01-24T01:05:41.904+0000][7][gc,heap     ] GC(494) Survivor regions: 1->1(20)
[2024-01-24T01:05:41.904+0000][7][gc,heap     ] GC(494) Old regions: 36->36
[2024-01-24T01:05:41.904+0000][7][gc,heap     ] GC(494) Archive regions: 2->2
[2024-01-24T01:05:41.904+0000][7][gc,heap     ] GC(494) Humongous regions: 0->0
[2024-01-24T01:05:41.904+0000][7][gc,metaspace] GC(494) Metaspace: 131085K(134720K)->131085K(134720K) NonClass: 114019K(115904K)->114019K(115904K) Class: 17066K(18816K)->17066K(18816K)
[2024-01-24T01:05:41.904+0000][7][gc          ] GC(494) Pause Young (Normal) (G1 Evacuation Pause) 753M->146M(1024M) 2.885ms
[2024-01-24T01:05:41.904+0000][7][gc,cpu      ] GC(494) User=0.01s Sys=0.00s Real=0.00s
[2024-01-24T01:05:41.904+0000][7][safepoint   ] Safepoint "G1CollectForAllocation", Time since last: 168882731088 ns, Reaching safepoint: 45816 ns, At safepoint: 2980273 ns, Total: 3026089 ns
[2024-01-24T01:08:38.642+0000][7][gc,start    ] GC(495) Pause Young (Normal) (G1 Evacuation Pause)
[2024-01-24T01:08:38.642+0000][7][gc,task     ] GC(495) Using 8 workers of 8 for evacuation
[2024-01-24T01:08:38.642+0000][7][gc,age      ] GC(495) Desired survivor size 41943040 bytes, new threshold 15 (max threshold 15)
[2024-01-24T01:08:38.644+0000][7][gc,phases   ] GC(495)   Pre Evacuate Collection Set: 0.1ms
[2024-01-24T01:08:38.644+0000][7][gc,phases   ] GC(495)   Merge Heap Roots: 0.1ms
[2024-01-24T01:08:38.644+0000][7][gc,phases   ] GC(495)   Evacuate Collection Set: 1.3ms
[2024-01-24T01:08:38.644+0000][7][gc,phases   ] GC(495)   Post Evacuate Collection Set: 0.6ms
[2024-01-24T01:08:38.645+0000][7][gc,phases   ] GC(495)   Other: 0.1ms
[2024-01-24T01:08:38.645+0000][7][gc,age      ] GC(495) Age table with threshold 15 (max threshold 15)
[2024-01-24T01:08:38.645+0000][7][gc,age      ] GC(495) - age   1:    1797128 bytes,    1797128 total
[2024-01-24T01:08:38.645+0000][7][gc,age      ] GC(495) - age   2:       7320 bytes,    1804448 total
[2024-01-24T01:08:38.645+0000][7][gc,age      ] GC(495) - age   3:        944 bytes,    1805392 total
[2024-01-24T01:08:38.645+0000][7][gc,age      ] GC(495) - age   4:       9376 bytes,    1814768 total
[2024-01-24T01:08:38.645+0000][7][gc,age      ] GC(495) - age   5:        184 bytes,    1814952 total
[2024-01-24T01:08:38.645+0000][7][gc,age      ] GC(495) - age   6:         32 bytes,    1814984 total
[2024-01-24T01:08:38.645+0000][7][gc,age      ] GC(495) - age   8:         24 bytes,    1815008 total
[2024-01-24T01:08:38.645+0000][7][gc,age      ] GC(495) - age  14:        248 bytes,    1815256 total
[2024-01-24T01:08:38.645+0000][7][gc,age      ] GC(495) - age  15:       2200 bytes,    1817456 total
[2024-01-24T01:08:38.645+0000][7][gc,heap     ] GC(495) Eden regions: 152->0(152)
[2024-01-24T01:08:38.645+0000][7][gc,heap     ] GC(495) Survivor regions: 1->1(20)
[2024-01-24T01:08:38.645+0000][7][gc,heap     ] GC(495) Old regions: 36->36
[2024-01-24T01:08:38.645+0000][7][gc,heap     ] GC(495) Archive regions: 2->2
[2024-01-24T01:08:38.645+0000][7][gc,heap     ] GC(495) Humongous regions: 0->0
[2024-01-24T01:08:38.645+0000][7][gc,metaspace] GC(495) Metaspace: 131085K(134720K)->131085K(134720K) NonClass: 114019K(115904K)->114019K(115904K) Class: 17066K(18816K)->17066K(18816K)
[2024-01-24T01:08:38.645+0000][7][gc          ] GC(495) Pause Young (Normal) (G1 Evacuation Pause) 754M->146M(1024M) 2.419ms
[2024-01-24T01:08:38.645+0000][7][gc,cpu      ] GC(495) User=0.01s Sys=0.01s Real=0.00s
[2024-01-24T01:08:38.645+0000][7][safepoint   ] Safepoint "G1CollectForAllocation", Time since last: 176737959425 ns, Reaching safepoint: 48676 ns, At safepoint: 2502799 ns, Total: 2551475 ns
[2024-01-24T01:11:08.867+0000][7][gc,start    ] GC(496) Pause Young (Normal) (G1 Evacuation Pause)
[2024-01-24T01:11:08.867+0000][7][gc,task     ] GC(496) Using 8 workers of 8 for evacuation
[2024-01-24T01:11:08.867+0000][7][gc,age      ] GC(496) Desired survivor size 41943040 bytes, new threshold 15 (max threshold 15)
[2024-01-24T01:11:08.870+0000][7][gc,phases   ] GC(496)   Pre Evacuate Collection Set: 0.1ms
[2024-01-24T01:11:08.870+0000][7][gc,phases   ] GC(496)   Merge Heap Roots: 0.1ms
[2024-01-24T01:11:08.870+0000][7][gc,phases   ] GC(496)   Evacuate Collection Set: 2.4ms
[2024-01-24T01:11:08.870+0000][7][gc,phases   ] GC(496)   Post Evacuate Collection Set: 0.7ms
[2024-01-24T01:11:08.870+0000][7][gc,phases   ] GC(496)   Other: 0.1ms
[2024-01-24T01:11:08.870+0000][7][gc,age      ] GC(496) Age table with threshold 15 (max threshold 15)
[2024-01-24T01:11:08.870+0000][7][gc,age      ] GC(496) - age   1:    1941040 bytes,    1941040 total
[2024-01-24T01:11:08.870+0000][7][gc,age      ] GC(496) - age   2:      96536 bytes,    2037576 total
[2024-01-24T01:11:08.870+0000][7][gc,age      ] GC(496) - age   3:       4408 bytes,    2041984 total
[2024-01-24T01:11:08.870+0000][7][gc,age      ] GC(496) - age   4:        248 bytes,    2042232 total
[2024-01-24T01:11:08.870+0000][7][gc,age      ] GC(496) - age   5:       8544 bytes,    2050776 total
[2024-01-24T01:11:08.870+0000][7][gc,age      ] GC(496) - age   7:         32 bytes,    2050808 total
[2024-01-24T01:11:08.870+0000][7][gc,age      ] GC(496) - age   9:         24 bytes,    2050832 total
[2024-01-24T01:11:08.870+0000][7][gc,age      ] GC(496) - age  15:        248 bytes,    2051080 total
[2024-01-24T01:11:08.870+0000][7][gc,heap     ] GC(496) Eden regions: 152->0(152)
[2024-01-24T01:11:08.870+0000][7][gc,heap     ] GC(496) Survivor regions: 1->1(20)
[2024-01-24T01:11:08.870+0000][7][gc,heap     ] GC(496) Old regions: 36->36
[2024-01-24T01:11:08.870+0000][7][gc,heap     ] GC(496) Archive regions: 2->2
[2024-01-24T01:11:08.870+0000][7][gc,heap     ] GC(496) Humongous regions: 0->0
[2024-01-24T01:11:08.870+0000][7][gc,metaspace] GC(496) Metaspace: 131086K(134720K)->131086K(134720K) NonClass: 114019K(115904K)->114019K(115904K) Class: 17066K(18816K)->17066K(18816K)
[2024-01-24T01:11:08.870+0000][7][gc          ] GC(496) Pause Young (Normal) (G1 Evacuation Pause) 754M->146M(1024M) 3.600ms
[2024-01-24T01:11:08.870+0000][7][gc,cpu      ] GC(496) User=0.02s Sys=0.00s Real=0.00s
[2024-01-24T01:11:08.870+0000][7][safepoint   ] Safepoint "G1CollectForAllocation", Time since last: 150222008237 ns, Reaching safepoint: 82454 ns, At safepoint: 3721239 ns, Total: 3803693 ns
[2024-01-24T01:14:05.672+0000][7][gc,start    ] GC(497) Pause Young (Normal) (G1 Evacuation Pause)
[2024-01-24T01:14:05.672+0000][7][gc,task     ] GC(497) Using 8 workers of 8 for evacuation
[2024-01-24T01:14:05.672+0000][7][gc,age      ] GC(497) Desired survivor size 41943040 bytes, new threshold 15 (max threshold 15)
[2024-01-24T01:14:05.675+0000][7][gc,phases   ] GC(497)   Pre Evacuate Collection Set: 0.1ms
[2024-01-24T01:14:05.675+0000][7][gc,phases   ] GC(497)   Merge Heap Roots: 0.1ms
[2024-01-24T01:14:05.675+0000][7][gc,phases   ] GC(497)   Evacuate Collection Set: 1.3ms
[2024-01-24T01:14:05.675+0000][7][gc,phases   ] GC(497)   Post Evacuate Collection Set: 0.7ms
[2024-01-24T01:14:05.675+0000][7][gc,phases   ] GC(497)   Other: 0.1ms
[2024-01-24T01:14:05.675+0000][7][gc,age      ] GC(497) Age table with threshold 15 (max threshold 15)
[2024-01-24T01:14:05.675+0000][7][gc,age      ] GC(497) - age   1:    1865840 bytes,    1865840 total
[2024-01-24T01:14:05.675+0000][7][gc,age      ] GC(497) - age   2:     216016 bytes,    2081856 total
[2024-01-24T01:14:05.675+0000][7][gc,age      ] GC(497) - age   3:      91720 bytes,    2173576 total
[2024-01-24T01:14:05.675+0000][7][gc,age      ] GC(497) - age   4:       3376 bytes,    2176952 total
[2024-01-24T01:14:05.675+0000][7][gc,age      ] GC(497) - age   5:        248 bytes,    2177200 total
[2024-01-24T01:14:05.675+0000][7][gc,age      ] GC(497) - age   6:       8544 bytes,    2185744 total
[2024-01-24T01:14:05.675+0000][7][gc,age      ] GC(497) - age  10:         24 bytes,    2185768 total
[2024-01-24T01:14:05.675+0000][7][gc,heap     ] GC(497) Eden regions: 152->0(152)
[2024-01-24T01:14:05.675+0000][7][gc,heap     ] GC(497) Survivor regions: 1->1(20)
[2024-01-24T01:14:05.675+0000][7][gc,heap     ] GC(497) Old regions: 36->36
[2024-01-24T01:14:05.675+0000][7][gc,heap     ] GC(497) Archive regions: 2->2
[2024-01-24T01:14:05.675+0000][7][gc,heap     ] GC(497) Humongous regions: 0->0
[2024-01-24T01:14:05.675+0000][7][gc,metaspace] GC(497) Metaspace: 131086K(134720K)->131086K(134720K) NonClass: 114019K(115904K)->114019K(115904K) Class: 17066K(18816K)->17066K(18816K)
[2024-01-24T01:14:05.675+0000][7][gc          ] GC(497) Pause Young (Normal) (G1 Evacuation Pause) 754M->146M(1024M) 2.560ms
[2024-01-24T01:14:05.675+0000][7][gc,cpu      ] GC(497) User=0.01s Sys=0.00s Real=0.01s
[2024-01-24T01:14:05.675+0000][7][safepoint   ] Safepoint "G1CollectForAllocation", Time since last: 176801689414 ns, Reaching safepoint: 53878 ns, At safepoint: 2643942 ns, Total: 2697820 ns
[2024-01-24T01:16:51.771+0000][7][gc,start    ] GC(498) Pause Young (Normal) (G1 Evacuation Pause)
[2024-01-24T01:16:51.771+0000][7][gc,task     ] GC(498) Using 8 workers of 8 for evacuation
[2024-01-24T01:16:51.771+0000][7][gc,age      ] GC(498) Desired survivor size 41943040 bytes, new threshold 15 (max threshold 15)
[2024-01-24T01:16:51.773+0000][7][gc,phases   ] GC(498)   Pre Evacuate Collection Set: 0.1ms
[2024-01-24T01:16:51.773+0000][7][gc,phases   ] GC(498)   Merge Heap Roots: 0.0ms
[2024-01-24T01:16:51.773+0000][7][gc,phases   ] GC(498)   Evacuate Collection Set: 1.0ms
[2024-01-24T01:16:51.773+0000][7][gc,phases   ] GC(498)   Post Evacuate Collection Set: 0.5ms
[2024-01-24T01:16:51.773+0000][7][gc,phases   ] GC(498)   Other: 0.1ms
[2024-01-24T01:16:51.773+0000][7][gc,age      ] GC(498) Age table with threshold 15 (max threshold 15)
[2024-01-24T01:16:51.773+0000][7][gc,age      ] GC(498) - age   1:    1710136 bytes,    1710136 total
[2024-01-24T01:16:51.773+0000][7][gc,age      ] GC(498) - age   2:     157936 bytes,    1868072 total
[2024-01-24T01:16:51.773+0000][7][gc,age      ] GC(498) - age   3:     213936 bytes,    2082008 total
[2024-01-24T01:16:51.773+0000][7][gc,age      ] GC(498) - age   4:      90832 bytes,    2172840 total
[2024-01-24T01:16:51.773+0000][7][gc,age      ] GC(498) - age   5:        944 bytes,    2173784 total
[2024-01-24T01:16:51.773+0000][7][gc,age      ] GC(498) - age   6:        248 bytes,    2174032 total
[2024-01-24T01:16:51.773+0000][7][gc,age      ] GC(498) - age   7:       8544 bytes,    2182576 total
[2024-01-24T01:16:51.773+0000][7][gc,age      ] GC(498) - age  11:         24 bytes,    2182600 total
[2024-01-24T01:16:51.773+0000][7][gc,heap     ] GC(498) Eden regions: 152->0(152)
[2024-01-24T01:16:51.773+0000][7][gc,heap     ] GC(498) Survivor regions: 1->1(20)
[2024-01-24T01:16:51.773+0000][7][gc,heap     ] GC(498) Old regions: 36->36
[2024-01-24T01:16:51.773+0000][7][gc,heap     ] GC(498) Archive regions: 2->2
[2024-01-24T01:16:51.773+0000][7][gc,heap     ] GC(498) Humongous regions: 0->0
[2024-01-24T01:16:51.773+0000][7][gc,metaspace] GC(498) Metaspace: 131086K(134720K)->131086K(134720K) NonClass: 114019K(115904K)->114019K(115904K) Class: 17066K(18816K)->17066K(18816K)
[2024-01-24T01:16:51.773+0000][7][gc          ] GC(498) Pause Young (Normal) (G1 Evacuation Pause) 754M->146M(1024M) 1.953ms
[2024-01-24T01:16:51.773+0000][7][gc,cpu      ] GC(498) User=0.00s Sys=0.00s Real=0.01s
[2024-01-24T01:16:51.773+0000][7][safepoint   ] Safepoint "G1CollectForAllocation", Time since last: 166096313492 ns, Reaching safepoint: 37266 ns, At safepoint: 2017748 ns, Total: 2055014 ns
[2024-01-24T01:19:29.606+0000][7][gc,start    ] GC(499) Pause Young (Normal) (G1 Evacuation Pause)
[2024-01-24T01:19:29.606+0000][7][gc,task     ] GC(499) Using 8 workers of 8 for evacuation
[2024-01-24T01:19:29.606+0000][7][gc,age      ] GC(499) Desired survivor size 41943040 bytes, new threshold 15 (max threshold 15)
[2024-01-24T01:19:29.608+0000][7][gc,phases   ] GC(499)   Pre Evacuate Collection Set: 0.1ms
[2024-01-24T01:19:29.608+0000][7][gc,phases   ] GC(499)   Merge Heap Roots: 0.1ms
[2024-01-24T01:19:29.608+0000][7][gc,phases   ] GC(499)   Evacuate Collection Set: 1.3ms
[2024-01-24T01:19:29.608+0000][7][gc,phases   ] GC(499)   Post Evacuate Collection Set: 0.7ms
[2024-01-24T01:19:29.608+0000][7][gc,phases   ] GC(499)   Other: 0.1ms
[2024-01-24T01:19:29.608+0000][7][gc,age      ] GC(499) Age table with threshold 15 (max threshold 15)
[2024-01-24T01:19:29.608+0000][7][gc,age      ] GC(499) - age   1:    1089176 bytes,    1089176 total
[2024-01-24T01:19:29.608+0000][7][gc,age      ] GC(499) - age   2:      21584 bytes,    1110760 total
[2024-01-24T01:19:29.608+0000][7][gc,age      ] GC(499) - age   3:     155632 bytes,    1266392 total
[2024-01-24T01:19:29.608+0000][7][gc,age      ] GC(499) - age   4:     212720 bytes,    1479112 total
[2024-01-24T01:19:29.608+0000][7][gc,age      ] GC(499) - age   5:      90576 bytes,    1569688 total
[2024-01-24T01:19:29.608+0000][7][gc,age      ] GC(499) - age   6:        816 bytes,    1570504 total
[2024-01-24T01:19:29.608+0000][7][gc,age      ] GC(499) - age   7:        184 bytes,    1570688 total
[2024-01-24T01:19:29.608+0000][7][gc,age      ] GC(499) - age   8:       8160 bytes,    1578848 total
[2024-01-24T01:19:29.608+0000][7][gc,age      ] GC(499) - age  12:         24 bytes,    1578872 total
[2024-01-24T01:19:29.608+0000][7][gc,heap     ] GC(499) Eden regions: 152->0(152)
[2024-01-24T01:19:29.608+0000][7][gc,heap     ] GC(499) Survivor regions: 1->1(20)
[2024-01-24T01:19:29.608+0000][7][gc,heap     ] GC(499) Old regions: 36->36
[2024-01-24T01:19:29.608+0000][7][gc,heap     ] GC(499) Archive regions: 2->2
[2024-01-24T01:19:29.608+0000][7][gc,heap     ] GC(499) Humongous regions: 0->0
[2024-01-24T01:19:29.608+0000][7][gc,metaspace] GC(499) Metaspace: 131086K(134720K)->131086K(134720K) NonClass: 114019K(115904K)->114019K(115904K) Class: 17066K(18816K)->17066K(18816K)
[2024-01-24T01:19:29.608+0000][7][gc          ] GC(499) Pause Young (Normal) (G1 Evacuation Pause) 754M->146M(1024M) 2.600ms
[2024-01-24T01:19:29.608+0000][7][gc,cpu      ] GC(499) User=0.02s Sys=0.00s Real=0.00s
[2024-01-24T01:19:29.608+0000][7][safepoint   ] Safepoint "G1CollectForAllocation", Time since last: 157832457564 ns, Reaching safepoint: 59241 ns, At safepoint: 2689841 ns, Total: 2749082 ns
[2024-01-24T01:22:26.648+0000][7][gc,start    ] GC(500) Pause Young (Normal) (G1 Evacuation Pause)
[2024-01-24T01:22:26.648+0000][7][gc,task     ] GC(500) Using 8 workers of 8 for evacuation
[2024-01-24T01:22:26.648+0000][7][gc,age      ] GC(500) Desired survivor size 41943040 bytes, new threshold 15 (max threshold 15)
[2024-01-24T01:22:26.650+0000][7][gc,phases   ] GC(500)   Pre Evacuate Collection Set: 0.1ms
[2024-01-24T01:22:26.651+0000][7][gc,phases   ] GC(500)   Merge Heap Roots: 0.1ms
[2024-01-24T01:22:26.651+0000][7][gc,phases   ] GC(500)   Evacuate Collection Set: 1.2ms
[2024-01-24T01:22:26.651+0000][7][gc,phases   ] GC(500)   Post Evacuate Collection Set: 0.7ms
[2024-01-24T01:22:26.651+0000][7][gc,phases   ] GC(500)   Other: 0.1ms
[2024-01-24T01:22:26.651+0000][7][gc,age      ] GC(500) Age table with threshold 15 (max threshold 15)
[2024-01-24T01:22:26.651+0000][7][gc,age      ] GC(500) - age   1:     942848 bytes,     942848 total
[2024-01-24T01:22:26.651+0000][7][gc,age      ] GC(500) - age   2:       6272 bytes,     949120 total
[2024-01-24T01:22:26.651+0000][7][gc,age      ] GC(500) - age   3:      18608 bytes,     967728 total
[2024-01-24T01:22:26.651+0000][7][gc,age      ] GC(500) - age   4:     155232 bytes,    1122960 total
[2024-01-24T01:22:26.651+0000][7][gc,age      ] GC(500) - age   5:     212240 bytes,    1335200 total
[2024-01-24T01:22:26.651+0000][7][gc,age      ] GC(500) - age   6:      90576 bytes,    1425776 total
[2024-01-24T01:22:26.651+0000][7][gc,age      ] GC(500) - age   7:        424 bytes,    1426200 total
[2024-01-24T01:22:26.651+0000][7][gc,age      ] GC(500) - age   8:        184 bytes,    1426384 total
[2024-01-24T01:22:26.651+0000][7][gc,age      ] GC(500) - age   9:       8160 bytes,    1434544 total
[2024-01-24T01:22:26.651+0000][7][gc,age      ] GC(500) - age  13:         24 bytes,    1434568 total
[2024-01-24T01:22:26.651+0000][7][gc,heap     ] GC(500) Eden regions: 152->0(152)
[2024-01-24T01:22:26.651+0000][7][gc,heap     ] GC(500) Survivor regions: 1->1(20)
[2024-01-24T01:22:26.651+0000][7][gc,heap     ] GC(500) Old regions: 36->36
[2024-01-24T01:22:26.651+0000][7][gc,heap     ] GC(500) Archive regions: 2->2
[2024-01-24T01:22:26.651+0000][7][gc,heap     ] GC(500) Humongous regions: 0->0
[2024-01-24T01:22:26.651+0000][7][gc,metaspace] GC(500) Metaspace: 131086K(134720K)->131086K(134720K) NonClass: 114019K(115904K)->114019K(115904K) Class: 17066K(18816K)->17066K(18816K)
[2024-01-24T01:22:26.651+0000][7][gc          ] GC(500) Pause Young (Normal) (G1 Evacuation Pause) 754M->146M(1024M) 2.440ms
[2024-01-24T01:22:26.651+0000][7][gc,cpu      ] GC(500) User=0.01s Sys=0.00s Real=0.00s
[2024-01-24T01:22:26.651+0000][7][safepoint   ] Safepoint "G1CollectForAllocation", Time since last: 177039687438 ns, Reaching safepoint: 44144 ns, At safepoint: 2529213 ns, Total: 2573357 ns
[2024-01-24T01:25:14.652+0000][7][gc,start    ] GC(501) Pause Young (Normal) (G1 Evacuation Pause)
[2024-01-24T01:25:14.652+0000][7][gc,task     ] GC(501) Using 8 workers of 8 for evacuation
[2024-01-24T01:25:14.652+0000][7][gc,age      ] GC(501) Desired survivor size 41943040 bytes, new threshold 15 (max threshold 15)
[2024-01-24T01:25:14.655+0000][7][gc,phases   ] GC(501)   Pre Evacuate Collection Set: 0.1ms
[2024-01-24T01:25:14.655+0000][7][gc,phases   ] GC(501)   Merge Heap Roots: 0.1ms
[2024-01-24T01:25:14.655+0000][7][gc,phases   ] GC(501)   Evacuate Collection Set: 1.5ms
[2024-01-24T01:25:14.655+0000][7][gc,phases   ] GC(501)   Post Evacuate Collection Set: 0.7ms
[2024-01-24T01:25:14.655+0000][7][gc,phases   ] GC(501)   Other: 0.1ms
[2024-01-24T01:25:14.655+0000][7][gc,age      ] GC(501) Age table with threshold 15 (max threshold 15)
[2024-01-24T01:25:14.655+0000][7][gc,age      ] GC(501) - age   1:    1434000 bytes,    1434000 total
[2024-01-24T01:25:14.655+0000][7][gc,age      ] GC(501) - age   2:      10024 bytes,    1444024 total
[2024-01-24T01:25:14.655+0000][7][gc,age      ] GC(501) - age   3:       2248 bytes,    1446272 total
[2024-01-24T01:25:14.655+0000][7][gc,age      ] GC(501) - age   4:      14824 bytes,    1461096 total
[2024-01-24T01:25:14.655+0000][7][gc,age      ] GC(501) - age   5:     154104 bytes,    1615200 total
[2024-01-24T01:25:14.655+0000][7][gc,age      ] GC(501) - age   6:     212240 bytes,    1827440 total
[2024-01-24T01:25:14.655+0000][7][gc,age      ] GC(501) - age   7:      90576 bytes,    1918016 total
[2024-01-24T01:25:14.655+0000][7][gc,age      ] GC(501) - age   8:        392 bytes,    1918408 total
[2024-01-24T01:25:14.655+0000][7][gc,age      ] GC(501) - age   9:        184 bytes,    1918592 total
[2024-01-24T01:25:14.655+0000][7][gc,age      ] GC(501) - age  10:       8160 bytes,    1926752 total
[2024-01-24T01:25:14.655+0000][7][gc,age      ] GC(501) - age  14:         24 bytes,    1926776 total
[2024-01-24T01:25:14.655+0000][7][gc,heap     ] GC(501) Eden regions: 152->0(152)
[2024-01-24T01:25:14.655+0000][7][gc,heap     ] GC(501) Survivor regions: 1->1(20)
[2024-01-24T01:25:14.655+0000][7][gc,heap     ] GC(501) Old regions: 36->36
[2024-01-24T01:25:14.655+0000][7][gc,heap     ] GC(501) Archive regions: 2->2
[2024-01-24T01:25:14.655+0000][7][gc,heap     ] GC(501) Humongous regions: 0->0
[2024-01-24T01:25:14.655+0000][7][gc,metaspace] GC(501) Metaspace: 131087K(134720K)->131087K(134720K) NonClass: 114020K(115904K)->114020K(115904K) Class: 17066K(18816K)->17066K(18816K)
[2024-01-24T01:25:14.655+0000][7][gc          ] GC(501) Pause Young (Normal) (G1 Evacuation Pause) 754M->146M(1024M) 2.805ms
[2024-01-24T01:25:14.655+0000][7][gc,cpu      ] GC(501) User=0.01s Sys=0.00s Real=0.01s
[2024-01-24T01:25:14.655+0000][7][safepoint   ] Safepoint "G1CollectForAllocation", Time since last: 168001353532 ns, Reaching safepoint: 55343 ns, At safepoint: 2892815 ns, Total: 2948158 ns
[2024-01-24T01:27:12.667+0000][7][safepoint   ] Safepoint "Cleanup", Time since last: 118011408903 ns, Reaching safepoint: 70673 ns, At safepoint: 9534 ns, Total: 80207 ns
[2024-01-24T01:27:35.647+0000][7][gc,start    ] GC(502) Pause Young (Normal) (G1 Evacuation Pause)
[2024-01-24T01:27:35.647+0000][7][gc,task     ] GC(502) Using 8 workers of 8 for evacuation
[2024-01-24T01:27:35.647+0000][7][gc,age      ] GC(502) Desired survivor size 41943040 bytes, new threshold 15 (max threshold 15)
[2024-01-24T01:27:35.649+0000][7][gc,phases   ] GC(502)   Pre Evacuate Collection Set: 0.1ms
[2024-01-24T01:27:35.649+0000][7][gc,phases   ] GC(502)   Merge Heap Roots: 0.1ms
[2024-01-24T01:27:35.649+0000][7][gc,phases   ] GC(502)   Evacuate Collection Set: 0.9ms
[2024-01-24T01:27:35.649+0000][7][gc,phases   ] GC(502)   Post Evacuate Collection Set: 0.6ms
[2024-01-24T01:27:35.649+0000][7][gc,phases   ] GC(502)   Other: 0.1ms
[2024-01-24T01:27:35.649+0000][7][gc,age      ] GC(502) Age table with threshold 15 (max threshold 15)
[2024-01-24T01:27:35.649+0000][7][gc,age      ] GC(502) - age   1:     707536 bytes,     707536 total
[2024-01-24T01:27:35.649+0000][7][gc,age      ] GC(502) - age   2:       8352 bytes,     715888 total
[2024-01-24T01:27:35.649+0000][7][gc,age      ] GC(502) - age   3:       7824 bytes,     723712 total
[2024-01-24T01:27:35.649+0000][7][gc,age      ] GC(502) - age   4:       1440 bytes,     725152 total
[2024-01-24T01:27:35.649+0000][7][gc,age      ] GC(502) - age   5:      14568 bytes,     739720 total
[2024-01-24T01:27:35.649+0000][7][gc,age      ] GC(502) - age   6:     153976 bytes,     893696 total
[2024-01-24T01:27:35.649+0000][7][gc,age      ] GC(502) - age   7:     212056 bytes,    1105752 total
[2024-01-24T01:27:35.649+0000][7][gc,age      ] GC(502) - age   8:      90576 bytes,    1196328 total
[2024-01-24T01:27:35.649+0000][7][gc,age      ] GC(502) - age   9:        392 bytes,    1196720 total
[2024-01-24T01:27:35.649+0000][7][gc,age      ] GC(502) - age  10:        184 bytes,    1196904 total
[2024-01-24T01:27:35.649+0000][7][gc,age      ] GC(502) - age  11:       8160 bytes,    1205064 total
[2024-01-24T01:27:35.649+0000][7][gc,age      ] GC(502) - age  15:         24 bytes,    1205088 total
[2024-01-24T01:27:35.649+0000][7][gc,heap     ] GC(502) Eden regions: 152->0(152)
[2024-01-24T01:27:35.649+0000][7][gc,heap     ] GC(502) Survivor regions: 1->1(20)
[2024-01-24T01:27:35.649+0000][7][gc,heap     ] GC(502) Old regions: 36->36
[2024-01-24T01:27:35.649+0000][7][gc,heap     ] GC(502) Archive regions: 2->2
[2024-01-24T01:27:35.649+0000][7][gc,heap     ] GC(502) Humongous regions: 0->0
[2024-01-24T01:27:35.649+0000][7][gc,metaspace] GC(502) Metaspace: 131087K(134720K)->131087K(134720K) NonClass: 114020K(115904K)->114020K(115904K) Class: 17066K(18816K)->17066K(18816K)
[2024-01-24T01:27:35.649+0000][7][gc          ] GC(502) Pause Young (Normal) (G1 Evacuation Pause) 754M->145M(1024M) 1.916ms
[2024-01-24T01:27:35.649+0000][7][gc,cpu      ] GC(502) User=0.00s Sys=0.00s Real=0.00s
[2024-01-24T01:27:35.649+0000][7][safepoint   ] Safepoint "G1CollectForAllocation", Time since last: 22980316826 ns, Reaching safepoint: 27313 ns, At safepoint: 1989741 ns, Total: 2017054 ns
[2024-01-24T01:29:28.660+0000][7][safepoint   ] Safepoint "Cleanup", Time since last: 113010858581 ns, Reaching safepoint: 101702 ns, At safepoint: 15975 ns, Total: 117677 ns
[2024-01-24T01:30:02.870+0000][7][gc,start    ] GC(503) Pause Young (Normal) (G1 Evacuation Pause)
[2024-01-24T01:30:02.870+0000][7][gc,task     ] GC(503) Using 8 workers of 8 for evacuation
[2024-01-24T01:30:02.870+0000][7][gc,age      ] GC(503) Desired survivor size 41943040 bytes, new threshold 15 (max threshold 15)
[2024-01-24T01:30:02.872+0000][7][gc,phases   ] GC(503)   Pre Evacuate Collection Set: 0.1ms
[2024-01-24T01:30:02.872+0000][7][gc,phases   ] GC(503)   Merge Heap Roots: 0.1ms
[2024-01-24T01:30:02.872+0000][7][gc,phases   ] GC(503)   Evacuate Collection Set: 1.6ms
[2024-01-24T01:30:02.872+0000][7][gc,phases   ] GC(503)   Post Evacuate Collection Set: 0.8ms
[2024-01-24T01:30:02.872+0000][7][gc,phases   ] GC(503)   Other: 0.1ms
[2024-01-24T01:30:02.872+0000][7][gc,age      ] GC(503) Age table with threshold 15 (max threshold 15)
[2024-01-24T01:30:02.872+0000][7][gc,age      ] GC(503) - age   1:    1336208 bytes,    1336208 total
[2024-01-24T01:30:02.872+0000][7][gc,age      ] GC(503) - age   2:       2672 bytes,    1338880 total
[2024-01-24T01:30:02.872+0000][7][gc,age      ] GC(503) - age   3:       4792 bytes,    1343672 total
[2024-01-24T01:30:02.872+0000][7][gc,age      ] GC(503) - age   4:       7056 bytes,    1350728 total
[2024-01-24T01:30:02.873+0000][7][gc,age      ] GC(503) - age   5:        480 bytes,    1351208 total
[2024-01-24T01:30:02.873+0000][7][gc,age      ] GC(503) - age   6:      14320 bytes,    1365528 total
[2024-01-24T01:30:02.873+0000][7][gc,age      ] GC(503) - age   7:     153840 bytes,    1519368 total
[2024-01-24T01:30:02.873+0000][7][gc,age      ] GC(503) - age   8:     212056 bytes,    1731424 total
[2024-01-24T01:30:02.873+0000][7][gc,age      ] GC(503) - age   9:      90576 bytes,    1822000 total
[2024-01-24T01:30:02.873+0000][7][gc,age      ] GC(503) - age  10:        392 bytes,    1822392 total
[2024-01-24T01:30:02.873+0000][7][gc,age      ] GC(503) - age  11:        184 bytes,    1822576 total
[2024-01-24T01:30:02.873+0000][7][gc,age      ] GC(503) - age  12:       8160 bytes,    1830736 total
[2024-01-24T01:30:02.873+0000][7][gc,heap     ] GC(503) Eden regions: 152->0(152)
[2024-01-24T01:30:02.873+0000][7][gc,heap     ] GC(503) Survivor regions: 1->1(20)
[2024-01-24T01:30:02.873+0000][7][gc,heap     ] GC(503) Old regions: 36->36
[2024-01-24T01:30:02.873+0000][7][gc,heap     ] GC(503) Archive regions: 2->2
[2024-01-24T01:30:02.873+0000][7][gc,heap     ] GC(503) Humongous regions: 0->0
[2024-01-24T01:30:02.873+0000][7][gc,metaspace] GC(503) Metaspace: 131087K(134720K)->131087K(134720K) NonClass: 114020K(115904K)->114020K(115904K) Class: 17066K(18816K)->17066K(18816K)
[2024-01-24T01:30:02.873+0000][7][gc          ] GC(503) Pause Young (Normal) (G1 Evacuation Pause) 753M->146M(1024M) 3.006ms
[2024-01-24T01:30:02.873+0000][7][gc,cpu      ] GC(503) User=0.01s Sys=0.00s Real=0.00s
[2024-01-24T01:30:02.873+0000][7][safepoint   ] Safepoint "G1CollectForAllocation", Time since last: 34209663657 ns, Reaching safepoint: 81732 ns, At safepoint: 3108147 ns, Total: 3189879 ns
[2024-01-24T01:32:58.247+0000][7][gc,start    ] GC(504) Pause Young (Normal) (G1 Evacuation Pause)
[2024-01-24T01:32:58.247+0000][7][gc,task     ] GC(504) Using 8 workers of 8 for evacuation
[2024-01-24T01:32:58.247+0000][7][gc,age      ] GC(504) Desired survivor size 41943040 bytes, new threshold 15 (max threshold 15)
[2024-01-24T01:32:58.251+0000][7][gc,phases   ] GC(504)   Pre Evacuate Collection Set: 0.1ms
[2024-01-24T01:32:58.251+0000][7][gc,phases   ] GC(504)   Merge Heap Roots: 0.1ms
[2024-01-24T01:32:58.251+0000][7][gc,phases   ] GC(504)   Evacuate Collection Set: 1.7ms
[2024-01-24T01:32:58.251+0000][7][gc,phases   ] GC(504)   Post Evacuate Collection Set: 1.1ms
[2024-01-24T01:32:58.251+0000][7][gc,phases   ] GC(504)   Other: 0.1ms
[2024-01-24T01:32:58.251+0000][7][gc,age      ] GC(504) Age table with threshold 15 (max threshold 15)
[2024-01-24T01:32:58.251+0000][7][gc,age      ] GC(504) - age   1:    1355936 bytes,    1355936 total
[2024-01-24T01:32:58.251+0000][7][gc,age      ] GC(504) - age   2:       4920 bytes,    1360856 total
[2024-01-24T01:32:58.251+0000][7][gc,age      ] GC(504) - age   3:        960 bytes,    1361816 total
[2024-01-24T01:32:58.251+0000][7][gc,age      ] GC(504) - age   4:       3704 bytes,    1365520 total
[2024-01-24T01:32:58.251+0000][7][gc,age      ] GC(504) - age   5:       6680 bytes,    1372200 total
[2024-01-24T01:32:58.251+0000][7][gc,age      ] GC(504) - age   6:        416 bytes,    1372616 total
[2024-01-24T01:32:58.251+0000][7][gc,age      ] GC(504) - age   7:      14320 bytes,    1386936 total
[2024-01-24T01:32:58.251+0000][7][gc,age      ] GC(504) - age   8:     153776 bytes,    1540712 total
[2024-01-24T01:32:58.251+0000][7][gc,age      ] GC(504) - age   9:     212056 bytes,    1752768 total
[2024-01-24T01:32:58.251+0000][7][gc,age      ] GC(504) - age  10:      90576 bytes,    1843344 total
[2024-01-24T01:32:58.251+0000][7][gc,age      ] GC(504) - age  11:        392 bytes,    1843736 total
[2024-01-24T01:32:58.251+0000][7][gc,age      ] GC(504) - age  12:        184 bytes,    1843920 total
[2024-01-24T01:32:58.251+0000][7][gc,age      ] GC(504) - age  13:       8160 bytes,    1852080 total
[2024-01-24T01:32:58.251+0000][7][gc,heap     ] GC(504) Eden regions: 152->0(152)
[2024-01-24T01:32:58.251+0000][7][gc,heap     ] GC(504) Survivor regions: 1->1(20)
[2024-01-24T01:32:58.251+0000][7][gc,heap     ] GC(504) Old regions: 36->36
[2024-01-24T01:32:58.251+0000][7][gc,heap     ] GC(504) Archive regions: 2->2
[2024-01-24T01:32:58.251+0000][7][gc,heap     ] GC(504) Humongous regions: 0->0
[2024-01-24T01:32:58.251+0000][7][gc,metaspace] GC(504) Metaspace: 131087K(134720K)->131087K(134720K) NonClass: 114020K(115904K)->114020K(115904K) Class: 17066K(18816K)->17066K(18816K)
[2024-01-24T01:32:58.251+0000][7][gc          ] GC(504) Pause Young (Normal) (G1 Evacuation Pause) 754M->146M(1024M) 3.460ms
[2024-01-24T01:32:58.251+0000][7][gc,cpu      ] GC(504) User=0.02s Sys=0.00s Real=0.00s
[2024-01-24T01:32:58.251+0000][7][safepoint   ] Safepoint "G1CollectForAllocation", Time since last: 175374611431 ns, Reaching safepoint: 63091 ns, At safepoint: 3565395 ns, Total: 3628486 ns
[2024-01-24T01:32:59.251+0000][7][safepoint   ] Safepoint "Cleanup", Time since last: 1000215430 ns, Reaching safepoint: 73474 ns, At safepoint: 9151 ns, Total: 82625 ns
[2024-01-24T01:35:50.688+0000][7][gc,start    ] GC(505) Pause Young (Normal) (G1 Evacuation Pause)
[2024-01-24T01:35:50.688+0000][7][gc,task     ] GC(505) Using 8 workers of 8 for evacuation
[2024-01-24T01:35:50.688+0000][7][gc,age      ] GC(505) Desired survivor size 41943040 bytes, new threshold 15 (max threshold 15)
[2024-01-24T01:35:50.690+0000][7][gc,phases   ] GC(505)   Pre Evacuate Collection Set: 0.1ms
[2024-01-24T01:35:50.690+0000][7][gc,phases   ] GC(505)   Merge Heap Roots: 0.1ms
[2024-01-24T01:35:50.690+0000][7][gc,phases   ] GC(505)   Evacuate Collection Set: 1.3ms
[2024-01-24T01:35:50.690+0000][7][gc,phases   ] GC(505)   Post Evacuate Collection Set: 0.6ms
[2024-01-24T01:35:50.690+0000][7][gc,phases   ] GC(505)   Other: 0.1ms
[2024-01-24T01:35:50.690+0000][7][gc,age      ] GC(505) Age table with threshold 15 (max threshold 15)
[2024-01-24T01:35:50.690+0000][7][gc,age      ] GC(505) - age   1:    1509032 bytes,    1509032 total
[2024-01-24T01:35:50.690+0000][7][gc,age      ] GC(505) - age   2:       3736 bytes,    1512768 total
[2024-01-24T01:35:50.690+0000][7][gc,age      ] GC(505) - age   3:       1272 bytes,    1514040 total
[2024-01-24T01:35:50.690+0000][7][gc,age      ] GC(505) - age   4:         64 bytes,    1514104 total
[2024-01-24T01:35:50.690+0000][7][gc,age      ] GC(505) - age   5:        496 bytes,    1514600 total
[2024-01-24T01:35:50.690+0000][7][gc,age      ] GC(505) - age   6:       6288 bytes,    1520888 total
[2024-01-24T01:35:50.690+0000][7][gc,age      ] GC(505) - age   7:        416 bytes,    1521304 total
[2024-01-24T01:35:50.690+0000][7][gc,age      ] GC(505) - age   8:      14320 bytes,    1535624 total
[2024-01-24T01:35:50.690+0000][7][gc,age      ] GC(505) - age   9:     153744 bytes,    1689368 total
[2024-01-24T01:35:50.690+0000][7][gc,age      ] GC(505) - age  10:     212056 bytes,    1901424 total
[2024-01-24T01:35:50.690+0000][7][gc,age      ] GC(505) - age  11:      90576 bytes,    1992000 total
[2024-01-24T01:35:50.690+0000][7][gc,age      ] GC(505) - age  12:        392 bytes,    1992392 total
[2024-01-24T01:35:50.690+0000][7][gc,age      ] GC(505) - age  13:        184 bytes,    1992576 total
[2024-01-24T01:35:50.690+0000][7][gc,age      ] GC(505) - age  14:       8160 bytes,    2000736 total
[2024-01-24T01:35:50.690+0000][7][gc,heap     ] GC(505) Eden regions: 152->0(152)
[2024-01-24T01:35:50.690+0000][7][gc,heap     ] GC(505) Survivor regions: 1->1(20)
[2024-01-24T01:35:50.690+0000][7][gc,heap     ] GC(505) Old regions: 36->36
[2024-01-24T01:35:50.690+0000][7][gc,heap     ] GC(505) Archive regions: 2->2
[2024-01-24T01:35:50.690+0000][7][gc,heap     ] GC(505) Humongous regions: 0->0
[2024-01-24T01:35:50.690+0000][7][gc,metaspace] GC(505) Metaspace: 131087K(134720K)->131087K(134720K) NonClass: 114020K(115904K)->114020K(115904K) Class: 17066K(18816K)->17066K(18816K)
[2024-01-24T01:35:50.690+0000][7][gc          ] GC(505) Pause Young (Normal) (G1 Evacuation Pause) 754M->146M(1024M) 2.503ms
[2024-01-24T01:35:50.690+0000][7][gc,cpu      ] GC(505) User=0.01s Sys=0.00s Real=0.00s
[2024-01-24T01:35:50.690+0000][7][safepoint   ] Safepoint "G1CollectForAllocation", Time since last: 171436561260 ns, Reaching safepoint: 38457 ns, At safepoint: 2587192 ns, Total: 2625649 ns
[2024-01-24T01:36:44.696+0000][7][safepoint   ] Safepoint "Cleanup", Time since last: 54005702536 ns, Reaching safepoint: 112918 ns, At safepoint: 5543 ns, Total: 118461 ns
[2024-01-24T01:38:33.177+0000][7][gc,start    ] GC(506) Pause Young (Normal) (G1 Evacuation Pause)
[2024-01-24T01:38:33.177+0000][7][gc,task     ] GC(506) Using 8 workers of 8 for evacuation
[2024-01-24T01:38:33.177+0000][7][gc,age      ] GC(506) Desired survivor size 41943040 bytes, new threshold 15 (max threshold 15)
[2024-01-24T01:38:33.179+0000][7][gc,phases   ] GC(506)   Pre Evacuate Collection Set: 0.1ms
[2024-01-24T01:38:33.179+0000][7][gc,phases   ] GC(506)   Merge Heap Roots: 0.1ms
[2024-01-24T01:38:33.179+0000][7][gc,phases   ] GC(506)   Evacuate Collection Set: 1.3ms
[2024-01-24T01:38:33.179+0000][7][gc,phases   ] GC(506)   Post Evacuate Collection Set: 0.6ms
[2024-01-24T01:38:33.179+0000][7][gc,phases   ] GC(506)   Other: 0.1ms
[2024-01-24T01:38:33.179+0000][7][gc,age      ] GC(506) Age table with threshold 15 (max threshold 15)
[2024-01-24T01:38:33.179+0000][7][gc,age      ] GC(506) - age   1:    1743112 bytes,    1743112 total
[2024-01-24T01:38:33.179+0000][7][gc,age      ] GC(506) - age   2:       6544 bytes,    1749656 total
[2024-01-24T01:38:33.179+0000][7][gc,age      ] GC(506) - age   3:        696 bytes,    1750352 total
[2024-01-24T01:38:33.179+0000][7][gc,age      ] GC(506) - age   4:       1080 bytes,    1751432 total
[2024-01-24T01:38:33.179+0000][7][gc,age      ] GC(506) - age   6:        432 bytes,    1751864 total
[2024-01-24T01:38:33.179+0000][7][gc,age      ] GC(506) - age   7:       6288 bytes,    1758152 total
[2024-01-24T01:38:33.179+0000][7][gc,age      ] GC(506) - age   8:         32 bytes,    1758184 total
[2024-01-24T01:38:33.179+0000][7][gc,age      ] GC(506) - age   9:      14320 bytes,    1772504 total
[2024-01-24T01:38:33.179+0000][7][gc,age      ] GC(506) - age  10:     153744 bytes,    1926248 total
[2024-01-24T01:38:33.179+0000][7][gc,age      ] GC(506) - age  11:     212056 bytes,    2138304 total
[2024-01-24T01:38:33.179+0000][7][gc,age      ] GC(506) - age  12:      90576 bytes,    2228880 total
[2024-01-24T01:38:33.179+0000][7][gc,age      ] GC(506) - age  13:        208 bytes,    2229088 total
[2024-01-24T01:38:33.179+0000][7][gc,age      ] GC(506) - age  14:        184 bytes,    2229272 total
[2024-01-24T01:38:33.179+0000][7][gc,age      ] GC(506) - age  15:       8160 bytes,    2237432 total
[2024-01-24T01:38:33.179+0000][7][gc,heap     ] GC(506) Eden regions: 152->0(152)
[2024-01-24T01:38:33.179+0000][7][gc,heap     ] GC(506) Survivor regions: 1->1(20)
[2024-01-24T01:38:33.179+0000][7][gc,heap     ] GC(506) Old regions: 36->36
[2024-01-24T01:38:33.179+0000][7][gc,heap     ] GC(506) Archive regions: 2->2
[2024-01-24T01:38:33.179+0000][7][gc,heap     ] GC(506) Humongous regions: 0->0
[2024-01-24T01:38:33.179+0000][7][gc,metaspace] GC(506) Metaspace: 131087K(134720K)->131087K(134720K) NonClass: 114020K(115904K)->114020K(115904K) Class: 17066K(18816K)->17066K(18816K)
[2024-01-24T01:38:33.179+0000][7][gc          ] GC(506) Pause Young (Normal) (G1 Evacuation Pause) 754M->146M(1024M) 2.407ms
[2024-01-24T01:38:33.179+0000][7][gc,cpu      ] GC(506) User=0.01s Sys=0.00s Real=0.00s
[2024-01-24T01:38:33.179+0000][7][safepoint   ] Safepoint "G1CollectForAllocation", Time since last: 108480502587 ns, Reaching safepoint: 55097 ns, At safepoint: 2484182 ns, Total: 2539279 ns
[2024-01-24T01:41:08.864+0000][7][gc,start    ] GC(507) Pause Young (Normal) (G1 Evacuation Pause)
[2024-01-24T01:41:08.864+0000][7][gc,task     ] GC(507) Using 8 workers of 8 for evacuation
[2024-01-24T01:41:08.864+0000][7][gc,age      ] GC(507) Desired survivor size 41943040 bytes, new threshold 15 (max threshold 15)
[2024-01-24T01:41:08.866+0000][7][gc,phases   ] GC(507)   Pre Evacuate Collection Set: 0.1ms
[2024-01-24T01:41:08.866+0000][7][gc,phases   ] GC(507)   Merge Heap Roots: 0.0ms
[2024-01-24T01:41:08.866+0000][7][gc,phases   ] GC(507)   Evacuate Collection Set: 1.0ms
[2024-01-24T01:41:08.866+0000][7][gc,phases   ] GC(507)   Post Evacuate Collection Set: 0.6ms
[2024-01-24T01:41:08.866+0000][7][gc,phases   ] GC(507)   Other: 0.1ms
[2024-01-24T01:41:08.866+0000][7][gc,age      ] GC(507) Age table with threshold 15 (max threshold 15)
[2024-01-24T01:41:08.866+0000][7][gc,age      ] GC(507) - age   1:    1933320 bytes,    1933320 total
[2024-01-24T01:41:08.866+0000][7][gc,age      ] GC(507) - age   2:      16416 bytes,    1949736 total
[2024-01-24T01:41:08.866+0000][7][gc,age      ] GC(507) - age   3:       4368 bytes,    1954104 total
[2024-01-24T01:41:08.866+0000][7][gc,age      ] GC(507) - age   4:        184 bytes,    1954288 total
[2024-01-24T01:41:08.866+0000][7][gc,age      ] GC(507) - age   5:        248 bytes,    1954536 total
[2024-01-24T01:41:08.866+0000][7][gc,age      ] GC(507) - age   7:        248 bytes,    1954784 total
[2024-01-24T01:41:08.866+0000][7][gc,age      ] GC(507) - age   8:       6288 bytes,    1961072 total
[2024-01-24T01:41:08.866+0000][7][gc,age      ] GC(507) - age   9:         32 bytes,    1961104 total
[2024-01-24T01:41:08.866+0000][7][gc,age      ] GC(507) - age  10:       6304 bytes,    1967408 total
[2024-01-24T01:41:08.866+0000][7][gc,age      ] GC(507) - age  11:     153744 bytes,    2121152 total
[2024-01-24T01:41:08.866+0000][7][gc,age      ] GC(507) - age  12:     212056 bytes,    2333208 total
[2024-01-24T01:41:08.866+0000][7][gc,age      ] GC(507) - age  13:      90576 bytes,    2423784 total
[2024-01-24T01:41:08.866+0000][7][gc,age      ] GC(507) - age  14:        208 bytes,    2423992 total
[2024-01-24T01:41:08.866+0000][7][gc,age      ] GC(507) - age  15:        184 bytes,    2424176 total
[2024-01-24T01:41:08.866+0000][7][gc,heap     ] GC(507) Eden regions: 152->0(152)
[2024-01-24T01:41:08.866+0000][7][gc,heap     ] GC(507) Survivor regions: 1->1(20)
[2024-01-24T01:41:08.866+0000][7][gc,heap     ] GC(507) Old regions: 36->36
[2024-01-24T01:41:08.866+0000][7][gc,heap     ] GC(507) Archive regions: 2->2
[2024-01-24T01:41:08.866+0000][7][gc,heap     ] GC(507) Humongous regions: 0->0
[2024-01-24T01:41:08.866+0000][7][gc,metaspace] GC(507) Metaspace: 131087K(134720K)->131087K(134720K) NonClass: 114020K(115904K)->114020K(115904K) Class: 17066K(18816K)->17066K(18816K)
[2024-01-24T01:41:08.866+0000][7][gc          ] GC(507) Pause Young (Normal) (G1 Evacuation Pause) 754M->147M(1024M) 1.989ms
[2024-01-24T01:41:08.866+0000][7][gc,cpu      ] GC(507) User=0.01s Sys=0.00s Real=0.01s
[2024-01-24T01:41:08.866+0000][7][safepoint   ] Safepoint "G1CollectForAllocation", Time since last: 155684924178 ns, Reaching safepoint: 39615 ns, At safepoint: 2066206 ns, Total: 2105821 ns
[2024-01-24T01:43:46.723+0000][7][gc,start    ] GC(508) Pause Young (Normal) (G1 Evacuation Pause)
[2024-01-24T01:43:46.723+0000][7][gc,task     ] GC(508) Using 8 workers of 8 for evacuation
[2024-01-24T01:43:46.723+0000][7][gc,age      ] GC(508) Desired survivor size 41943040 bytes, new threshold 15 (max threshold 15)
[2024-01-24T01:43:46.726+0000][7][gc,phases   ] GC(508)   Pre Evacuate Collection Set: 0.1ms
[2024-01-24T01:43:46.726+0000][7][gc,phases   ] GC(508)   Merge Heap Roots: 0.1ms
[2024-01-24T01:43:46.726+0000][7][gc,phases   ] GC(508)   Evacuate Collection Set: 1.3ms
[2024-01-24T01:43:46.726+0000][7][gc,phases   ] GC(508)   Post Evacuate Collection Set: 0.7ms
[2024-01-24T01:43:46.726+0000][7][gc,phases   ] GC(508)   Other: 0.1ms
[2024-01-24T01:43:46.726+0000][7][gc,age      ] GC(508) Age table with threshold 15 (max threshold 15)
[2024-01-24T01:43:46.726+0000][7][gc,age      ] GC(508) - age   1:     842800 bytes,     842800 total
[2024-01-24T01:43:46.726+0000][7][gc,age      ] GC(508) - age   2:       4248 bytes,     847048 total
[2024-01-24T01:43:46.726+0000][7][gc,age      ] GC(508) - age   3:      11904 bytes,     858952 total
[2024-01-24T01:43:46.726+0000][7][gc,age      ] GC(508) - age   4:       3104 bytes,     862056 total
[2024-01-24T01:43:46.726+0000][7][gc,age      ] GC(508) - age   5:        184 bytes,     862240 total
[2024-01-24T01:43:46.726+0000][7][gc,age      ] GC(508) - age   6:        184 bytes,     862424 total
[2024-01-24T01:43:46.726+0000][7][gc,age      ] GC(508) - age   8:        184 bytes,     862608 total
[2024-01-24T01:43:46.726+0000][7][gc,age      ] GC(508) - age   9:       6288 bytes,     868896 total
[2024-01-24T01:43:46.726+0000][7][gc,age      ] GC(508) - age  10:         32 bytes,     868928 total
[2024-01-24T01:43:46.726+0000][7][gc,age      ] GC(508) - age  11:       6304 bytes,     875232 total
[2024-01-24T01:43:46.726+0000][7][gc,age      ] GC(508) - age  12:     153744 bytes,    1028976 total
[2024-01-24T01:43:46.726+0000][7][gc,age      ] GC(508) - age  13:     212056 bytes,    1241032 total
[2024-01-24T01:43:46.726+0000][7][gc,age      ] GC(508) - age  14:      90576 bytes,    1331608 total
[2024-01-24T01:43:46.726+0000][7][gc,age      ] GC(508) - age  15:        208 bytes,    1331816 total
[2024-01-24T01:43:46.726+0000][7][gc,heap     ] GC(508) Eden regions: 152->0(152)
[2024-01-24T01:43:46.726+0000][7][gc,heap     ] GC(508) Survivor regions: 1->1(20)
[2024-01-24T01:43:46.726+0000][7][gc,heap     ] GC(508) Old regions: 36->36
[2024-01-24T01:43:46.726+0000][7][gc,heap     ] GC(508) Archive regions: 2->2
[2024-01-24T01:43:46.726+0000][7][gc,heap     ] GC(508) Humongous regions: 0->0
[2024-01-24T01:43:46.726+0000][7][gc,metaspace] GC(508) Metaspace: 131087K(134720K)->131087K(134720K) NonClass: 114020K(115904K)->114020K(115904K) Class: 17066K(18816K)->17066K(18816K)
[2024-01-24T01:43:46.726+0000][7][gc          ] GC(508) Pause Young (Normal) (G1 Evacuation Pause) 755M->146M(1024M) 2.653ms
[2024-01-24T01:43:46.726+0000][7][gc,cpu      ] GC(508) User=0.01s Sys=0.00s Real=0.01s
[2024-01-24T01:43:46.726+0000][7][safepoint   ] Safepoint "G1CollectForAllocation", Time since last: 157856800071 ns, Reaching safepoint: 70547 ns, At safepoint: 2743498 ns, Total: 2814045 ns
[2024-01-24T01:46:32.694+0000][7][gc,start    ] GC(509) Pause Young (Normal) (G1 Evacuation Pause)
[2024-01-24T01:46:32.694+0000][7][gc,task     ] GC(509) Using 8 workers of 8 for evacuation
[2024-01-24T01:46:32.694+0000][7][gc,age      ] GC(509) Desired survivor size 41943040 bytes, new threshold 15 (max threshold 15)
[2024-01-24T01:46:32.696+0000][7][gc,phases   ] GC(509)   Pre Evacuate Collection Set: 0.1ms
[2024-01-24T01:46:32.696+0000][7][gc,phases   ] GC(509)   Merge Heap Roots: 0.1ms
[2024-01-24T01:46:32.696+0000][7][gc,phases   ] GC(509)   Evacuate Collection Set: 1.3ms
[2024-01-24T01:46:32.696+0000][7][gc,phases   ] GC(509)   Post Evacuate Collection Set: 0.7ms
[2024-01-24T01:46:32.696+0000][7][gc,phases   ] GC(509)   Other: 0.1ms
[2024-01-24T01:46:32.696+0000][7][gc,age      ] GC(509) Age table with threshold 15 (max threshold 15)
[2024-01-24T01:46:32.696+0000][7][gc,age      ] GC(509) - age   1:    1144768 bytes,    1144768 total
[2024-01-24T01:46:32.696+0000][7][gc,age      ] GC(509) - age   2:       4256 bytes,    1149024 total
[2024-01-24T01:46:32.696+0000][7][gc,age      ] GC(509) - age   3:       2096 bytes,    1151120 total
[2024-01-24T01:46:32.696+0000][7][gc,age      ] GC(509) - age   4:       3312 bytes,    1154432 total
[2024-01-24T01:46:32.696+0000][7][gc,age      ] GC(509) - age   5:        736 bytes,    1155168 total
[2024-01-24T01:46:32.696+0000][7][gc,age      ] GC(509) - age   7:        184 bytes,    1155352 total
[2024-01-24T01:46:32.696+0000][7][gc,age      ] GC(509) - age   9:        184 bytes,    1155536 total
[2024-01-24T01:46:32.696+0000][7][gc,age      ] GC(509) - age  10:       6288 bytes,    1161824 total
[2024-01-24T01:46:32.696+0000][7][gc,age      ] GC(509) - age  11:         32 bytes,    1161856 total
[2024-01-24T01:46:32.696+0000][7][gc,age      ] GC(509) - age  12:       6304 bytes,    1168160 total
[2024-01-24T01:46:32.696+0000][7][gc,age      ] GC(509) - age  13:     153744 bytes,    1321904 total
[2024-01-24T01:46:32.696+0000][7][gc,age      ] GC(509) - age  14:     212056 bytes,    1533960 total
[2024-01-24T01:46:32.696+0000][7][gc,age      ] GC(509) - age  15:      90576 bytes,    1624536 total
[2024-01-24T01:46:32.696+0000][7][gc,heap     ] GC(509) Eden regions: 152->0(152)
[2024-01-24T01:46:32.696+0000][7][gc,heap     ] GC(509) Survivor regions: 1->1(20)
[2024-01-24T01:46:32.696+0000][7][gc,heap     ] GC(509) Old regions: 36->36
[2024-01-24T01:46:32.696+0000][7][gc,heap     ] GC(509) Archive regions: 2->2
[2024-01-24T01:46:32.696+0000][7][gc,heap     ] GC(509) Humongous regions: 0->0
[2024-01-24T01:46:32.696+0000][7][gc,metaspace] GC(509) Metaspace: 131087K(134720K)->131087K(134720K) NonClass: 114020K(115904K)->114020K(115904K) Class: 17066K(18816K)->17066K(18816K)
[2024-01-24T01:46:32.696+0000][7][gc          ] GC(509) Pause Young (Normal) (G1 Evacuation Pause) 754M->146M(1024M) 2.610ms
[2024-01-24T01:46:32.696+0000][7][gc,cpu      ] GC(509) User=0.01s Sys=0.00s Real=0.00s
[2024-01-24T01:46:32.696+0000][7][safepoint   ] Safepoint "G1CollectForAllocation", Time since last: 165967803938 ns, Reaching safepoint: 71508 ns, At safepoint: 2707741 ns, Total: 2779249 ns
[2024-01-24T01:49:08.771+0000][7][gc,start    ] GC(510) Pause Young (Normal) (G1 Evacuation Pause)
[2024-01-24T01:49:08.771+0000][7][gc,task     ] GC(510) Using 8 workers of 8 for evacuation
[2024-01-24T01:49:08.771+0000][7][gc,age      ] GC(510) Desired survivor size 41943040 bytes, new threshold 15 (max threshold 15)
[2024-01-24T01:49:08.774+0000][7][gc,phases   ] GC(510)   Pre Evacuate Collection Set: 0.1ms
[2024-01-24T01:49:08.774+0000][7][gc,phases   ] GC(510)   Merge Heap Roots: 0.1ms
[2024-01-24T01:49:08.774+0000][7][gc,phases   ] GC(510)   Evacuate Collection Set: 1.7ms
[2024-01-24T01:49:08.774+0000][7][gc,phases   ] GC(510)   Post Evacuate Collection Set: 0.7ms
[2024-01-24T01:49:08.774+0000][7][gc,phases   ] GC(510)   Other: 0.1ms
[2024-01-24T01:49:08.774+0000][7][gc,age      ] GC(510) Age table with threshold 15 (max threshold 15)
[2024-01-24T01:49:08.774+0000][7][gc,age      ] GC(510) - age   1:    1776344 bytes,    1776344 total
[2024-01-24T01:49:08.774+0000][7][gc,age      ] GC(510) - age   2:      13592 bytes,    1789936 total
[2024-01-24T01:49:08.774+0000][7][gc,age      ] GC(510) - age   3:       1560 bytes,    1791496 total
[2024-01-24T01:49:08.774+0000][7][gc,age      ] GC(510) - age   4:        184 bytes,    1791680 total
[2024-01-24T01:49:08.774+0000][7][gc,age      ] GC(510) - age   5:       3184 bytes,    1794864 total
[2024-01-24T01:49:08.774+0000][7][gc,age      ] GC(510) - age   6:        488 bytes,    1795352 total
[2024-01-24T01:49:08.774+0000][7][gc,age      ] GC(510) - age   8:        184 bytes,    1795536 total
[2024-01-24T01:49:08.774+0000][7][gc,age      ] GC(510) - age  10:        184 bytes,    1795720 total
[2024-01-24T01:49:08.774+0000][7][gc,age      ] GC(510) - age  11:       6288 bytes,    1802008 total
[2024-01-24T01:49:08.774+0000][7][gc,age      ] GC(510) - age  12:         32 bytes,    1802040 total
[2024-01-24T01:49:08.774+0000][7][gc,age      ] GC(510) - age  13:       6304 bytes,    1808344 total
[2024-01-24T01:49:08.774+0000][7][gc,age      ] GC(510) - age  14:     153744 bytes,    1962088 total
[2024-01-24T01:49:08.774+0000][7][gc,age      ] GC(510) - age  15:     212056 bytes,    2174144 total
[2024-01-24T01:49:08.774+0000][7][gc,heap     ] GC(510) Eden regions: 152->0(152)
[2024-01-24T01:49:08.774+0000][7][gc,heap     ] GC(510) Survivor regions: 1->1(20)
[2024-01-24T01:49:08.774+0000][7][gc,heap     ] GC(510) Old regions: 36->36
[2024-01-24T01:49:08.774+0000][7][gc,heap     ] GC(510) Archive regions: 2->2
[2024-01-24T01:49:08.774+0000][7][gc,heap     ] GC(510) Humongous regions: 0->0
[2024-01-24T01:49:08.774+0000][7][gc,metaspace] GC(510) Metaspace: 131087K(134720K)->131087K(134720K) NonClass: 114020K(115904K)->114020K(115904K) Class: 17066K(18816K)->17066K(18816K)
[2024-01-24T01:49:08.774+0000][7][gc          ] GC(510) Pause Young (Normal) (G1 Evacuation Pause) 754M->146M(1024M) 3.005ms
[2024-01-24T01:49:08.774+0000][7][gc,cpu      ] GC(510) User=0.01s Sys=0.00s Real=0.01s
[2024-01-24T01:49:08.774+0000][7][safepoint   ] Safepoint "G1CollectForAllocation", Time since last: 156074123345 ns, Reaching safepoint: 108711 ns, At safepoint: 3102027 ns, Total: 3210738 ns
[2024-01-24T01:51:57.318+0000][7][gc,start    ] GC(511) Pause Young (Normal) (G1 Evacuation Pause)
[2024-01-24T01:51:57.318+0000][7][gc,task     ] GC(511) Using 8 workers of 8 for evacuation
[2024-01-24T01:51:57.318+0000][7][gc,age      ] GC(511) Desired survivor size 41943040 bytes, new threshold 15 (max threshold 15)
[2024-01-24T01:51:57.321+0000][7][gc,phases   ] GC(511)   Pre Evacuate Collection Set: 0.1ms
[2024-01-24T01:51:57.321+0000][7][gc,phases   ] GC(511)   Merge Heap Roots: 0.1ms
[2024-01-24T01:51:57.321+0000][7][gc,phases   ] GC(511)   Evacuate Collection Set: 1.6ms
[2024-01-24T01:51:57.321+0000][7][gc,phases   ] GC(511)   Post Evacuate Collection Set: 0.7ms
[2024-01-24T01:51:57.321+0000][7][gc,phases   ] GC(511)   Other: 0.1ms
[2024-01-24T01:51:57.321+0000][7][gc,age      ] GC(511) Age table with threshold 15 (max threshold 15)
[2024-01-24T01:51:57.321+0000][7][gc,age      ] GC(511) - age   1:    1572496 bytes,    1572496 total
[2024-01-24T01:51:57.321+0000][7][gc,age      ] GC(511) - age   2:      13672 bytes,    1586168 total
[2024-01-24T01:51:57.321+0000][7][gc,age      ] GC(511) - age   3:       3128 bytes,    1589296 total
[2024-01-24T01:51:57.321+0000][7][gc,age      ] GC(511) - age   4:        928 bytes,    1590224 total
[2024-01-24T01:51:57.321+0000][7][gc,age      ] GC(511) - age   5:        184 bytes,    1590408 total
[2024-01-24T01:51:57.321+0000][7][gc,age      ] GC(511) - age   6:       3184 bytes,    1593592 total
[2024-01-24T01:51:57.321+0000][7][gc,age      ] GC(511) - age   7:         96 bytes,    1593688 total
[2024-01-24T01:51:57.321+0000][7][gc,age      ] GC(511) - age   9:        184 bytes,    1593872 total
[2024-01-24T01:51:57.321+0000][7][gc,age      ] GC(511) - age  11:        184 bytes,    1594056 total
[2024-01-24T01:51:57.321+0000][7][gc,age      ] GC(511) - age  12:       6288 bytes,    1600344 total
[2024-01-24T01:51:57.321+0000][7][gc,age      ] GC(511) - age  13:         32 bytes,    1600376 total
[2024-01-24T01:51:57.321+0000][7][gc,age      ] GC(511) - age  14:       6304 bytes,    1606680 total
[2024-01-24T01:51:57.321+0000][7][gc,age      ] GC(511) - age  15:     153744 bytes,    1760424 total
[2024-01-24T01:51:57.321+0000][7][gc,heap     ] GC(511) Eden regions: 152->0(152)
[2024-01-24T01:51:57.321+0000][7][gc,heap     ] GC(511) Survivor regions: 1->1(20)
[2024-01-24T01:51:57.321+0000][7][gc,heap     ] GC(511) Old regions: 36->36
[2024-01-24T01:51:57.321+0000][7][gc,heap     ] GC(511) Archive regions: 2->2
[2024-01-24T01:51:57.321+0000][7][gc,heap     ] GC(511) Humongous regions: 0->0
[2024-01-24T01:51:57.321+0000][7][gc,metaspace] GC(511) Metaspace: 131087K(134720K)->131087K(134720K) NonClass: 114020K(115904K)->114020K(115904K) Class: 17066K(18816K)->17066K(18816K)
[2024-01-24T01:51:57.321+0000][7][gc          ] GC(511) Pause Young (Normal) (G1 Evacuation Pause) 754M->146M(1024M) 2.969ms
[2024-01-24T01:51:57.321+0000][7][gc,cpu      ] GC(511) User=0.01s Sys=0.01s Real=0.00s
[2024-01-24T01:51:57.321+0000][7][safepoint   ] Safepoint "G1CollectForAllocation", Time since last: 168544172248 ns, Reaching safepoint: 60717 ns, At safepoint: 3093240 ns, Total: 3153957 ns
[2024-01-24T01:54:53.700+0000][7][gc,start    ] GC(512) Pause Young (Normal) (G1 Evacuation Pause)
[2024-01-24T01:54:53.700+0000][7][gc,task     ] GC(512) Using 8 workers of 8 for evacuation
[2024-01-24T01:54:53.700+0000][7][gc,age      ] GC(512) Desired survivor size 41943040 bytes, new threshold 15 (max threshold 15)
[2024-01-24T01:54:53.703+0000][7][gc,phases   ] GC(512)   Pre Evacuate Collection Set: 0.1ms
[2024-01-24T01:54:53.703+0000][7][gc,phases   ] GC(512)   Merge Heap Roots: 0.1ms
[2024-01-24T01:54:53.703+0000][7][gc,phases   ] GC(512)   Evacuate Collection Set: 1.3ms
[2024-01-24T01:54:53.703+0000][7][gc,phases   ] GC(512)   Post Evacuate Collection Set: 0.8ms
[2024-01-24T01:54:53.703+0000][7][gc,phases   ] GC(512)   Other: 0.1ms
[2024-01-24T01:54:53.703+0000][7][gc,age      ] GC(512) Age table with threshold 15 (max threshold 15)
[2024-01-24T01:54:53.703+0000][7][gc,age      ] GC(512) - age   1:    1332264 bytes,    1332264 total
[2024-01-24T01:54:53.703+0000][7][gc,age      ] GC(512) - age   2:       4728 bytes,    1336992 total
[2024-01-24T01:54:53.703+0000][7][gc,age      ] GC(512) - age   3:       1904 bytes,    1338896 total
[2024-01-24T01:54:53.703+0000][7][gc,age      ] GC(512) - age   4:        384 bytes,    1339280 total
[2024-01-24T01:54:53.703+0000][7][gc,age      ] GC(512) - age   5:        152 bytes,    1339432 total
[2024-01-24T01:54:53.703+0000][7][gc,age      ] GC(512) - age   6:        184 bytes,    1339616 total
[2024-01-24T01:54:53.703+0000][7][gc,age      ] GC(512) - age   7:       3184 bytes,    1342800 total
[2024-01-24T01:54:53.703+0000][7][gc,age      ] GC(512) - age   8:         64 bytes,    1342864 total
[2024-01-24T01:54:53.703+0000][7][gc,age      ] GC(512) - age  10:        184 bytes,    1343048 total
[2024-01-24T01:54:53.703+0000][7][gc,age      ] GC(512) - age  12:        184 bytes,    1343232 total
[2024-01-24T01:54:53.703+0000][7][gc,age      ] GC(512) - age  13:       6288 bytes,    1349520 total
[2024-01-24T01:54:53.703+0000][7][gc,age      ] GC(512) - age  14:         32 bytes,    1349552 total
[2024-01-24T01:54:53.703+0000][7][gc,age      ] GC(512) - age  15:       6304 bytes,    1355856 total
[2024-01-24T01:54:53.703+0000][7][gc,heap     ] GC(512) Eden regions: 152->0(152)
[2024-01-24T01:54:53.703+0000][7][gc,heap     ] GC(512) Survivor regions: 1->1(20)
[2024-01-24T01:54:53.703+0000][7][gc,heap     ] GC(512) Old regions: 36->36
[2024-01-24T01:54:53.703+0000][7][gc,heap     ] GC(512) Archive regions: 2->2
[2024-01-24T01:54:53.703+0000][7][gc,heap     ] GC(512) Humongous regions: 0->0
[2024-01-24T01:54:53.703+0000][7][gc,metaspace] GC(512) Metaspace: 131087K(134720K)->131087K(134720K) NonClass: 114020K(115904K)->114020K(115904K) Class: 17066K(18816K)->17066K(18816K)
[2024-01-24T01:54:53.703+0000][7][gc          ] GC(512) Pause Young (Normal) (G1 Evacuation Pause) 754M->146M(1024M) 2.797ms
[2024-01-24T01:54:53.703+0000][7][gc,cpu      ] GC(512) User=0.01s Sys=0.00s Real=0.00s
[2024-01-24T01:54:53.703+0000][7][safepoint   ] Safepoint "G1CollectForAllocation", Time since last: 176379105913 ns, Reaching safepoint: 57210 ns, At safepoint: 2892249 ns, Total: 2949459 ns
[2024-01-24T01:57:14.903+0000][7][gc,start    ] GC(513) Pause Young (Normal) (G1 Evacuation Pause)
[2024-01-24T01:57:14.903+0000][7][gc,task     ] GC(513) Using 8 workers of 8 for evacuation
[2024-01-24T01:57:14.903+0000][7][gc,age      ] GC(513) Desired survivor size 41943040 bytes, new threshold 15 (max threshold 15)
[2024-01-24T01:57:14.905+0000][7][gc,phases   ] GC(513)   Pre Evacuate Collection Set: 0.1ms
[2024-01-24T01:57:14.905+0000][7][gc,phases   ] GC(513)   Merge Heap Roots: 0.1ms
[2024-01-24T01:57:14.905+0000][7][gc,phases   ] GC(513)   Evacuate Collection Set: 1.0ms
[2024-01-24T01:57:14.905+0000][7][gc,phases   ] GC(513)   Post Evacuate Collection Set: 0.6ms
[2024-01-24T01:57:14.905+0000][7][gc,phases   ] GC(513)   Other: 0.1ms
[2024-01-24T01:57:14.905+0000][7][gc,age      ] GC(513) Age table with threshold 15 (max threshold 15)
[2024-01-24T01:57:14.905+0000][7][gc,age      ] GC(513) - age   1:    2188264 bytes,    2188264 total
[2024-01-24T01:57:14.905+0000][7][gc,age      ] GC(513) - age   2:      15184 bytes,    2203448 total
[2024-01-24T01:57:14.905+0000][7][gc,age      ] GC(513) - age   3:       1416 bytes,    2204864 total
[2024-01-24T01:57:14.905+0000][7][gc,age      ] GC(513) - age   4:       1328 bytes,    2206192 total
[2024-01-24T01:57:14.905+0000][7][gc,age      ] GC(513) - age   5:        128 bytes,    2206320 total
[2024-01-24T01:57:14.905+0000][7][gc,age      ] GC(513) - age   6:         56 bytes,    2206376 total
[2024-01-24T01:57:14.905+0000][7][gc,age      ] GC(513) - age   7:        184 bytes,    2206560 total
[2024-01-24T01:57:14.905+0000][7][gc,age      ] GC(513) - age   8:       2800 bytes,    2209360 total
[2024-01-24T01:57:14.905+0000][7][gc,age      ] GC(513) - age  11:        184 bytes,    2209544 total
[2024-01-24T01:57:14.905+0000][7][gc,age      ] GC(513) - age  14:       6288 bytes,    2215832 total
[2024-01-24T01:57:14.905+0000][7][gc,age      ] GC(513) - age  15:         32 bytes,    2215864 total
[2024-01-24T01:57:14.905+0000][7][gc,heap     ] GC(513) Eden regions: 152->0(152)
[2024-01-24T01:57:14.905+0000][7][gc,heap     ] GC(513) Survivor regions: 1->1(20)
[2024-01-24T01:57:14.905+0000][7][gc,heap     ] GC(513) Old regions: 36->36
[2024-01-24T01:57:14.905+0000][7][gc,heap     ] GC(513) Archive regions: 2->2
[2024-01-24T01:57:14.905+0000][7][gc,heap     ] GC(513) Humongous regions: 0->0
[2024-01-24T01:57:14.905+0000][7][gc,metaspace] GC(513) Metaspace: 131087K(134720K)->131087K(134720K) NonClass: 114020K(115904K)->114020K(115904K) Class: 17066K(18816K)->17066K(18816K)
[2024-01-24T01:57:14.905+0000][7][gc          ] GC(513) Pause Young (Normal) (G1 Evacuation Pause) 754M->147M(1024M) 1.986ms
[2024-01-24T01:57:14.905+0000][7][gc,cpu      ] GC(513) User=0.01s Sys=0.00s Real=0.01s
[2024-01-24T01:57:14.905+0000][7][safepoint   ] Safepoint "G1CollectForAllocation", Time since last: 141199941442 ns, Reaching safepoint: 33903 ns, At safepoint: 2053297 ns, Total: 2087200 ns
[2024-01-24T02:00:09.709+0000][7][gc,start    ] GC(514) Pause Young (Normal) (G1 Evacuation Pause)
[2024-01-24T02:00:09.709+0000][7][gc,task     ] GC(514) Using 8 workers of 8 for evacuation
[2024-01-24T02:00:09.709+0000][7][gc,age      ] GC(514) Desired survivor size 41943040 bytes, new threshold 15 (max threshold 15)
[2024-01-24T02:00:09.710+0000][7][gc,phases   ] GC(514)   Pre Evacuate Collection Set: 0.1ms
[2024-01-24T02:00:09.710+0000][7][gc,phases   ] GC(514)   Merge Heap Roots: 0.0ms
[2024-01-24T02:00:09.710+0000][7][gc,phases   ] GC(514)   Evacuate Collection Set: 1.0ms
[2024-01-24T02:00:09.710+0000][7][gc,phases   ] GC(514)   Post Evacuate Collection Set: 0.5ms
[2024-01-24T02:00:09.710+0000][7][gc,phases   ] GC(514)   Other: 0.1ms
[2024-01-24T02:00:09.710+0000][7][gc,age      ] GC(514) Age table with threshold 15 (max threshold 15)
[2024-01-24T02:00:09.710+0000][7][gc,age      ] GC(514) - age   1:    1684376 bytes,    1684376 total
[2024-01-24T02:00:09.710+0000][7][gc,age      ] GC(514) - age   2:       5008 bytes,    1689384 total
[2024-01-24T02:00:09.710+0000][7][gc,age      ] GC(514) - age   3:      11992 bytes,    1701376 total
[2024-01-24T02:00:09.710+0000][7][gc,age      ] GC(514) - age   4:        840 bytes,    1702216 total
[2024-01-24T02:00:09.710+0000][7][gc,age      ] GC(514) - age   5:        496 bytes,    1702712 total
[2024-01-24T02:00:09.710+0000][7][gc,age      ] GC(514) - age   7:         56 bytes,    1702768 total
[2024-01-24T02:00:09.711+0000][7][gc,age      ] GC(514) - age   8:        184 bytes,    1702952 total
[2024-01-24T02:00:09.711+0000][7][gc,age      ] GC(514) - age   9:       2800 bytes,    1705752 total
[2024-01-24T02:00:09.711+0000][7][gc,age      ] GC(514) - age  12:        184 bytes,    1705936 total
[2024-01-24T02:00:09.711+0000][7][gc,age      ] GC(514) - age  15:       6288 bytes,    1712224 total
[2024-01-24T02:00:09.711+0000][7][gc,heap     ] GC(514) Eden regions: 152->0(152)
[2024-01-24T02:00:09.711+0000][7][gc,heap     ] GC(514) Survivor regions: 1->1(20)
[2024-01-24T02:00:09.711+0000][7][gc,heap     ] GC(514) Old regions: 36->36
[2024-01-24T02:00:09.711+0000][7][gc,heap     ] GC(514) Archive regions: 2->2
[2024-01-24T02:00:09.711+0000][7][gc,heap     ] GC(514) Humongous regions: 0->0
[2024-01-24T02:00:09.711+0000][7][gc,metaspace] GC(514) Metaspace: 131087K(134720K)->131087K(134720K) NonClass: 114020K(115904K)->114020K(115904K) Class: 17066K(18816K)->17066K(18816K)
[2024-01-24T02:00:09.711+0000][7][gc          ] GC(514) Pause Young (Normal) (G1 Evacuation Pause) 755M->147M(1024M) 1.865ms
[2024-01-24T02:00:09.711+0000][7][gc,cpu      ] GC(514) User=0.01s Sys=0.00s Real=0.00s
[2024-01-24T02:00:09.711+0000][7][safepoint   ] Safepoint "G1CollectForAllocation", Time since last: 174803388866 ns, Reaching safepoint: 38197 ns, At safepoint: 1932306 ns, Total: 1970503 ns
[2024-01-24T02:02:38.732+0000][7][gc,start    ] GC(515) Pause Young (Normal) (G1 Evacuation Pause)
[2024-01-24T02:02:38.732+0000][7][gc,task     ] GC(515) Using 8 workers of 8 for evacuation
[2024-01-24T02:02:38.732+0000][7][gc,age      ] GC(515) Desired survivor size 41943040 bytes, new threshold 15 (max threshold 15)
[2024-01-24T02:02:38.734+0000][7][gc,phases   ] GC(515)   Pre Evacuate Collection Set: 0.1ms
[2024-01-24T02:02:38.734+0000][7][gc,phases   ] GC(515)   Merge Heap Roots: 0.1ms
[2024-01-24T02:02:38.734+0000][7][gc,phases   ] GC(515)   Evacuate Collection Set: 1.4ms
[2024-01-24T02:02:38.734+0000][7][gc,phases   ] GC(515)   Post Evacuate Collection Set: 0.7ms
[2024-01-24T02:02:38.734+0000][7][gc,phases   ] GC(515)   Other: 0.1ms
[2024-01-24T02:02:38.734+0000][7][gc,age      ] GC(515) Age table with threshold 15 (max threshold 15)
[2024-01-24T02:02:38.734+0000][7][gc,age      ] GC(515) - age   1:     961208 bytes,     961208 total
[2024-01-24T02:02:38.734+0000][7][gc,age      ] GC(515) - age   2:       5192 bytes,     966400 total
[2024-01-24T02:02:38.734+0000][7][gc,age      ] GC(515) - age   3:        512 bytes,     966912 total
[2024-01-24T02:02:38.734+0000][7][gc,age      ] GC(515) - age   4:      11224 bytes,     978136 total
[2024-01-24T02:02:38.734+0000][7][gc,age      ] GC(515) - age   5:        392 bytes,     978528 total
[2024-01-24T02:02:38.734+0000][7][gc,age      ] GC(515) - age   6:        368 bytes,     978896 total
[2024-01-24T02:02:38.734+0000][7][gc,age      ] GC(515) - age   8:         56 bytes,     978952 total
[2024-01-24T02:02:38.734+0000][7][gc,age      ] GC(515) - age   9:        184 bytes,     979136 total
[2024-01-24T02:02:38.734+0000][7][gc,age      ] GC(515) - age  10:       2800 bytes,     981936 total
[2024-01-24T02:02:38.734+0000][7][gc,age      ] GC(515) - age  13:        184 bytes,     982120 total
[2024-01-24T02:02:38.734+0000][7][gc,heap     ] GC(515) Eden regions: 152->0(152)
[2024-01-24T02:02:38.734+0000][7][gc,heap     ] GC(515) Survivor regions: 1->1(20)
[2024-01-24T02:02:38.734+0000][7][gc,heap     ] GC(515) Old regions: 36->36
[2024-01-24T02:02:38.734+0000][7][gc,heap     ] GC(515) Archive regions: 2->2
[2024-01-24T02:02:38.734+0000][7][gc,heap     ] GC(515) Humongous regions: 0->0
[2024-01-24T02:02:38.734+0000][7][gc,metaspace] GC(515) Metaspace: 131087K(134720K)->131087K(134720K) NonClass: 114020K(115904K)->114020K(115904K) Class: 17066K(18816K)->17066K(18816K)
[2024-01-24T02:02:38.734+0000][7][gc          ] GC(515) Pause Young (Normal) (G1 Evacuation Pause) 755M->146M(1024M) 2.733ms
[2024-01-24T02:02:38.734+0000][7][gc,cpu      ] GC(515) User=0.01s Sys=0.00s Real=0.01s
[2024-01-24T02:02:38.734+0000][7][safepoint   ] Safepoint "G1CollectForAllocation", Time since last: 149020845001 ns, Reaching safepoint: 48049 ns, At safepoint: 2848408 ns, Total: 2896457 ns
[2024-01-24T02:05:28.079+0000][7][gc,start    ] GC(516) Pause Young (Normal) (G1 Evacuation Pause)
[2024-01-24T02:05:28.079+0000][7][gc,task     ] GC(516) Using 8 workers of 8 for evacuation
[2024-01-24T02:05:28.079+0000][7][gc,age      ] GC(516) Desired survivor size 41943040 bytes, new threshold 15 (max threshold 15)
[2024-01-24T02:05:28.081+0000][7][gc,phases   ] GC(516)   Pre Evacuate Collection Set: 0.1ms
[2024-01-24T02:05:28.081+0000][7][gc,phases   ] GC(516)   Merge Heap Roots: 0.1ms
[2024-01-24T02:05:28.081+0000][7][gc,phases   ] GC(516)   Evacuate Collection Set: 0.8ms
[2024-01-24T02:05:28.081+0000][7][gc,phases   ] GC(516)   Post Evacuate Collection Set: 0.6ms
[2024-01-24T02:05:28.081+0000][7][gc,phases   ] GC(516)   Other: 0.1ms
[2024-01-24T02:05:28.081+0000][7][gc,age      ] GC(516) Age table with threshold 15 (max threshold 15)
[2024-01-24T02:05:28.081+0000][7][gc,age      ] GC(516) - age   1:     744792 bytes,     744792 total
[2024-01-24T02:05:28.081+0000][7][gc,age      ] GC(516) - age   2:       3792 bytes,     748584 total
[2024-01-24T02:05:28.081+0000][7][gc,age      ] GC(516) - age   3:       1512 bytes,     750096 total
[2024-01-24T02:05:28.081+0000][7][gc,age      ] GC(516) - age   4:        384 bytes,     750480 total
[2024-01-24T02:05:28.081+0000][7][gc,age      ] GC(516) - age   5:       8048 bytes,     758528 total
[2024-01-24T02:05:28.081+0000][7][gc,age      ] GC(516) - age   7:        368 bytes,     758896 total
[2024-01-24T02:05:28.081+0000][7][gc,age      ] GC(516) - age   9:         24 bytes,     758920 total
[2024-01-24T02:05:28.081+0000][7][gc,age      ] GC(516) - age  10:        184 bytes,     759104 total
[2024-01-24T02:05:28.081+0000][7][gc,age      ] GC(516) - age  11:       2800 bytes,     761904 total
[2024-01-24T02:05:28.081+0000][7][gc,age      ] GC(516) - age  14:        184 bytes,     762088 total
[2024-01-24T02:05:28.081+0000][7][gc,heap     ] GC(516) Eden regions: 152->0(152)
[2024-01-24T02:05:28.081+0000][7][gc,heap     ] GC(516) Survivor regions: 1->1(20)
[2024-01-24T02:05:28.081+0000][7][gc,heap     ] GC(516) Old regions: 36->36
[2024-01-24T02:05:28.081+0000][7][gc,heap     ] GC(516) Archive regions: 2->2
[2024-01-24T02:05:28.081+0000][7][gc,heap     ] GC(516) Humongous regions: 0->0
[2024-01-24T02:05:28.081+0000][7][gc,metaspace] GC(516) Metaspace: 131091K(134720K)->131091K(134720K) NonClass: 114025K(115904K)->114025K(115904K) Class: 17066K(18816K)->17066K(18816K)
[2024-01-24T02:05:28.081+0000][7][gc          ] GC(516) Pause Young (Normal) (G1 Evacuation Pause) 754M->146M(1024M) 1.999ms
[2024-01-24T02:05:28.081+0000][7][gc,cpu      ] GC(516) User=0.01s Sys=0.00s Real=0.00s
[2024-01-24T02:05:28.081+0000][7][safepoint   ] Safepoint "G1CollectForAllocation", Time since last: 169344740998 ns, Reaching safepoint: 36841 ns, At safepoint: 2104615 ns, Total: 2141456 ns
[2024-01-24T02:08:08.765+0000][7][gc,start    ] GC(517) Pause Young (Normal) (G1 Evacuation Pause)
[2024-01-24T02:08:08.766+0000][7][gc,task     ] GC(517) Using 8 workers of 8 for evacuation
[2024-01-24T02:08:08.766+0000][7][gc,age      ] GC(517) Desired survivor size 41943040 bytes, new threshold 15 (max threshold 15)
[2024-01-24T02:08:08.768+0000][7][gc,phases   ] GC(517)   Pre Evacuate Collection Set: 0.1ms
[2024-01-24T02:08:08.768+0000][7][gc,phases   ] GC(517)   Merge Heap Roots: 0.1ms
[2024-01-24T02:08:08.768+0000][7][gc,phases   ] GC(517)   Evacuate Collection Set: 1.5ms
[2024-01-24T02:08:08.768+0000][7][gc,phases   ] GC(517)   Post Evacuate Collection Set: 0.8ms
[2024-01-24T02:08:08.768+0000][7][gc,phases   ] GC(517)   Other: 0.1ms
[2024-01-24T02:08:08.768+0000][7][gc,age      ] GC(517) Age table with threshold 15 (max threshold 15)
[2024-01-24T02:08:08.768+0000][7][gc,age      ] GC(517) - age   1:    1288616 bytes,    1288616 total
[2024-01-24T02:08:08.768+0000][7][gc,age      ] GC(517) - age   2:       7680 bytes,    1296296 total
[2024-01-24T02:08:08.768+0000][7][gc,age      ] GC(517) - age   3:        504 bytes,    1296800 total
[2024-01-24T02:08:08.768+0000][7][gc,age      ] GC(517) - age   4:       1192 bytes,    1297992 total
[2024-01-24T02:08:08.768+0000][7][gc,age      ] GC(517) - age   5:        384 bytes,    1298376 total
[2024-01-24T02:08:08.768+0000][7][gc,age      ] GC(517) - age   6:       8048 bytes,    1306424 total
[2024-01-24T02:08:08.768+0000][7][gc,age      ] GC(517) - age   8:        368 bytes,    1306792 total
[2024-01-24T02:08:08.768+0000][7][gc,age      ] GC(517) - age  10:         24 bytes,    1306816 total
[2024-01-24T02:08:08.768+0000][7][gc,age      ] GC(517) - age  11:        184 bytes,    1307000 total
[2024-01-24T02:08:08.768+0000][7][gc,age      ] GC(517) - age  12:       2800 bytes,    1309800 total
[2024-01-24T02:08:08.768+0000][7][gc,heap     ] GC(517) Eden regions: 152->0(152)
[2024-01-24T02:08:08.768+0000][7][gc,heap     ] GC(517) Survivor regions: 1->1(20)
[2024-01-24T02:08:08.768+0000][7][gc,heap     ] GC(517) Old regions: 36->36
[2024-01-24T02:08:08.768+0000][7][gc,heap     ] GC(517) Archive regions: 2->2
[2024-01-24T02:08:08.768+0000][7][gc,heap     ] GC(517) Humongous regions: 0->0
[2024-01-24T02:08:08.768+0000][7][gc,metaspace] GC(517) Metaspace: 131091K(134720K)->131091K(134720K) NonClass: 114025K(115904K)->114025K(115904K) Class: 17066K(18816K)->17066K(18816K)
[2024-01-24T02:08:08.768+0000][7][gc          ] GC(517) Pause Young (Normal) (G1 Evacuation Pause) 754M->146M(1024M) 2.884ms
[2024-01-24T02:08:08.768+0000][7][gc,cpu      ] GC(517) User=0.01s Sys=0.00s Real=0.00s
[2024-01-24T02:08:08.768+0000][7][safepoint   ] Safepoint "G1CollectForAllocation", Time since last: 160684155985 ns, Reaching safepoint: 36851 ns, At safepoint: 2975244 ns, Total: 3012095 ns
[2024-01-24T02:09:40.778+0000][7][safepoint   ] Safepoint "Cleanup", Time since last: 92009236631 ns, Reaching safepoint: 64983 ns, At safepoint: 11583 ns, Total: 76566 ns
[2024-01-24T02:09:53.779+0000][7][safepoint   ] Safepoint "Cleanup", Time since last: 13001520743 ns, Reaching safepoint: 70556 ns, At safepoint: 6680 ns, Total: 77236 ns
[2024-01-24T02:09:55.780+0000][7][safepoint   ] Safepoint "Cleanup", Time since last: 2000225512 ns, Reaching safepoint: 185985 ns, At safepoint: 7941 ns, Total: 193926 ns
[2024-01-24T02:09:56.780+0000][7][safepoint   ] Safepoint "Cleanup", Time since last: 1000145031 ns, Reaching safepoint: 189005 ns, At safepoint: 5703 ns, Total: 194708 ns
[2024-01-24T02:09:58.780+0000][7][safepoint   ] Safepoint "Cleanup", Time since last: 2000212170 ns, Reaching safepoint: 86374 ns, At safepoint: 7239 ns, Total: 93613 ns
[2024-01-24T02:10:00.781+0000][7][safepoint   ] Safepoint "Cleanup", Time since last: 2000399093 ns, Reaching safepoint: 72854 ns, At safepoint: 11283 ns, Total: 84137 ns
[2024-01-24T02:10:20.783+0000][7][safepoint   ] Safepoint "Cleanup", Time since last: 20001670581 ns, Reaching safepoint: 125259 ns, At safepoint: 6859 ns, Total: 132118 ns
[2024-01-24T02:10:21.783+0000][7][safepoint   ] Safepoint "Cleanup", Time since last: 1000151609 ns, Reaching safepoint: 63895 ns, At safepoint: 6069 ns, Total: 69964 ns
[2024-01-24T02:10:24.783+0000][7][safepoint   ] Safepoint "Cleanup", Time since last: 3000482130 ns, Reaching safepoint: 63050 ns, At safepoint: 7089 ns, Total: 70139 ns
[2024-01-24T02:10:27.402+0000][7][gc,start    ] GC(518) Pause Young (Normal) (G1 Evacuation Pause)
[2024-01-24T02:10:27.402+0000][7][gc,task     ] GC(518) Using 8 workers of 8 for evacuation
[2024-01-24T02:10:27.402+0000][7][gc,age      ] GC(518) Desired survivor size 41943040 bytes, new threshold 15 (max threshold 15)
[2024-01-24T02:10:27.404+0000][7][gc,phases   ] GC(518)   Pre Evacuate Collection Set: 0.1ms
[2024-01-24T02:10:27.404+0000][7][gc,phases   ] GC(518)   Merge Heap Roots: 0.1ms
[2024-01-24T02:10:27.404+0000][7][gc,phases   ] GC(518)   Evacuate Collection Set: 1.5ms
[2024-01-24T02:10:27.404+0000][7][gc,phases   ] GC(518)   Post Evacuate Collection Set: 0.7ms
[2024-01-24T02:10:27.404+0000][7][gc,phases   ] GC(518)   Other: 0.1ms
[2024-01-24T02:10:27.404+0000][7][gc,age      ] GC(518) Age table with threshold 15 (max threshold 15)
[2024-01-24T02:10:27.404+0000][7][gc,age      ] GC(518) - age   1:    2805352 bytes,    2805352 total
[2024-01-24T02:10:27.404+0000][7][gc,age      ] GC(518) - age   2:      21360 bytes,    2826712 total
[2024-01-24T02:10:27.404+0000][7][gc,age      ] GC(518) - age   3:       4312 bytes,    2831024 total
[2024-01-24T02:10:27.404+0000][7][gc,age      ] GC(518) - age   6:        384 bytes,    2831408 total
[2024-01-24T02:10:27.404+0000][7][gc,age      ] GC(518) - age   7:         32 bytes,    2831440 total
[2024-01-24T02:10:27.404+0000][7][gc,age      ] GC(518) - age   9:        368 bytes,    2831808 total
[2024-01-24T02:10:27.404+0000][7][gc,age      ] GC(518) - age  11:         24 bytes,    2831832 total
[2024-01-24T02:10:27.404+0000][7][gc,age      ] GC(518) - age  12:        184 bytes,    2832016 total
[2024-01-24T02:10:27.404+0000][7][gc,age      ] GC(518) - age  13:       2800 bytes,    2834816 total
[2024-01-24T02:10:27.404+0000][7][gc,heap     ] GC(518) Eden regions: 152->0(152)
[2024-01-24T02:10:27.404+0000][7][gc,heap     ] GC(518) Survivor regions: 1->1(20)
[2024-01-24T02:10:27.404+0000][7][gc,heap     ] GC(518) Old regions: 36->36
[2024-01-24T02:10:27.404+0000][7][gc,heap     ] GC(518) Archive regions: 2->2
[2024-01-24T02:10:27.404+0000][7][gc,heap     ] GC(518) Humongous regions: 0->0
[2024-01-24T02:10:27.404+0000][7][gc,metaspace] GC(518) Metaspace: 131112K(134784K)->131112K(134784K) NonClass: 114046K(115968K)->114046K(115968K) Class: 17066K(18816K)->17066K(18816K)
[2024-01-24T02:10:27.404+0000][7][gc          ] GC(518) Pause Young (Normal) (G1 Evacuation Pause) 754M->148M(1024M) 2.710ms
[2024-01-24T02:10:27.404+0000][7][gc,cpu      ] GC(518) User=0.02s Sys=0.00s Real=0.00s
[2024-01-24T02:10:27.404+0000][7][safepoint   ] Safepoint "G1CollectForAllocation", Time since last: 2618006896 ns, Reaching safepoint: 80416 ns, At safepoint: 2794084 ns, Total: 2874500 ns
[2024-01-24T02:12:08.417+0000][7][safepoint   ] Safepoint "Cleanup", Time since last: 101012935166 ns, Reaching safepoint: 73815 ns, At safepoint: 14200 ns, Total: 88015 ns
[2024-01-24T02:12:57.425+0000][7][safepoint   ] Safepoint "Cleanup", Time since last: 49007072011 ns, Reaching safepoint: 88052 ns, At safepoint: 11499 ns, Total: 99551 ns
[2024-01-24T02:13:20.797+0000][7][gc,start    ] GC(519) Pause Young (Normal) (G1 Evacuation Pause)
[2024-01-24T02:13:20.797+0000][7][gc,task     ] GC(519) Using 8 workers of 8 for evacuation
[2024-01-24T02:13:20.797+0000][7][gc,age      ] GC(519) Desired survivor size 41943040 bytes, new threshold 15 (max threshold 15)
[2024-01-24T02:13:20.799+0000][7][gc,phases   ] GC(519)   Pre Evacuate Collection Set: 0.1ms
[2024-01-24T02:13:20.799+0000][7][gc,phases   ] GC(519)   Merge Heap Roots: 0.1ms
[2024-01-24T02:13:20.799+0000][7][gc,phases   ] GC(519)   Evacuate Collection Set: 1.4ms
[2024-01-24T02:13:20.799+0000][7][gc,phases   ] GC(519)   Post Evacuate Collection Set: 0.6ms
[2024-01-24T02:13:20.799+0000][7][gc,phases   ] GC(519)   Other: 0.1ms
[2024-01-24T02:13:20.799+0000][7][gc,age      ] GC(519) Age table with threshold 15 (max threshold 15)
[2024-01-24T02:13:20.799+0000][7][gc,age      ] GC(519) - age   1:    1635072 bytes,    1635072 total
[2024-01-24T02:13:20.799+0000][7][gc,age      ] GC(519) - age   2:    1026288 bytes,    2661360 total
[2024-01-24T02:13:20.799+0000][7][gc,age      ] GC(519) - age   3:      18288 bytes,    2679648 total
[2024-01-24T02:13:20.799+0000][7][gc,age      ] GC(519) - age   4:       3408 bytes,    2683056 total
[2024-01-24T02:13:20.799+0000][7][gc,age      ] GC(519) - age   7:        384 bytes,    2683440 total
[2024-01-24T02:13:20.799+0000][7][gc,age      ] GC(519) - age  10:        184 bytes,    2683624 total
[2024-01-24T02:13:20.799+0000][7][gc,age      ] GC(519) - age  12:         24 bytes,    2683648 total
[2024-01-24T02:13:20.799+0000][7][gc,age      ] GC(519) - age  13:        184 bytes,    2683832 total
[2024-01-24T02:13:20.799+0000][7][gc,age      ] GC(519) - age  14:       2800 bytes,    2686632 total
[2024-01-24T02:13:20.799+0000][7][gc,heap     ] GC(519) Eden regions: 152->0(152)
[2024-01-24T02:13:20.799+0000][7][gc,heap     ] GC(519) Survivor regions: 1->1(20)
[2024-01-24T02:13:20.799+0000][7][gc,heap     ] GC(519) Old regions: 36->36
[2024-01-24T02:13:20.799+0000][7][gc,heap     ] GC(519) Archive regions: 2->2
[2024-01-24T02:13:20.799+0000][7][gc,heap     ] GC(519) Humongous regions: 0->0
[2024-01-24T02:13:20.799+0000][7][gc,metaspace] GC(519) Metaspace: 131112K(134784K)->131112K(134784K) NonClass: 114046K(115968K)->114046K(115968K) Class: 17066K(18816K)->17066K(18816K)
[2024-01-24T02:13:20.799+0000][7][gc          ] GC(519) Pause Young (Normal) (G1 Evacuation Pause) 756M->147M(1024M) 2.559ms
[2024-01-24T02:13:20.799+0000][7][gc,cpu      ] GC(519) User=0.02s Sys=0.00s Real=0.00s
[2024-01-24T02:13:20.799+0000][7][safepoint   ] Safepoint "G1CollectForAllocation", Time since last: 23372029776 ns, Reaching safepoint: 37849 ns, At safepoint: 2642102 ns, Total: 2679951 ns
[2024-01-24T02:13:23.800+0000][7][safepoint   ] Safepoint "Cleanup", Time since last: 3000587579 ns, Reaching safepoint: 74480 ns, At safepoint: 9450 ns, Total: 83930 ns
[2024-01-24T22:07:51.095+0000][7][gc,start    ] GC(520) Pause Young (Normal) (G1 Evacuation Pause)
[2024-01-24T22:07:51.095+0000][7][gc,task     ] GC(520) Using 8 workers of 8 for evacuation
[2024-01-24T22:07:51.095+0000][7][gc,age      ] GC(520) Desired survivor size 41943040 bytes, new threshold 15 (max threshold 15)
[2024-01-24T22:07:51.099+0000][7][gc,phases   ] GC(520)   Pre Evacuate Collection Set: 0.1ms
[2024-01-24T22:07:51.099+0000][7][gc,phases   ] GC(520)   Merge Heap Roots: 0.1ms
[2024-01-24T22:07:51.099+0000][7][gc,phases   ] GC(520)   Evacuate Collection Set: 2.8ms
[2024-01-24T22:07:51.099+0000][7][gc,phases   ] GC(520)   Post Evacuate Collection Set: 0.9ms
[2024-01-24T22:07:51.099+0000][7][gc,phases   ] GC(520)   Other: 0.1ms
[2024-01-24T22:07:51.099+0000][7][gc,age      ] GC(520) Age table with threshold 15 (max threshold 15)
[2024-01-24T22:07:51.099+0000][7][gc,age      ] GC(520) - age   1:    1952712 bytes,    1952712 total
[2024-01-24T22:07:51.099+0000][7][gc,age      ] GC(520) - age   2:       8136 bytes,    1960848 total
[2024-01-24T22:07:51.099+0000][7][gc,age      ] GC(520) - age   3:     924616 bytes,    2885464 total
[2024-01-24T22:07:51.099+0000][7][gc,age      ] GC(520) - age   4:      18032 bytes,    2903496 total
[2024-01-24T22:07:51.099+0000][7][gc,age      ] GC(520) - age   5:       1104 bytes,    2904600 total
[2024-01-24T22:07:51.099+0000][7][gc,age      ] GC(520) - age  11:        184 bytes,    2904784 total
[2024-01-24T22:07:51.099+0000][7][gc,age      ] GC(520) - age  13:         24 bytes,    2904808 total
[2024-01-24T22:07:51.099+0000][7][gc,age      ] GC(520) - age  14:        184 bytes,    2904992 total
[2024-01-24T22:07:51.099+0000][7][gc,age      ] GC(520) - age  15:       2800 bytes,    2907792 total
[2024-01-24T22:07:51.099+0000][7][gc,heap     ] GC(520) Eden regions: 152->0(152)
[2024-01-24T22:07:51.099+0000][7][gc,heap     ] GC(520) Survivor regions: 1->1(20)
[2024-01-24T22:07:51.099+0000][7][gc,heap     ] GC(520) Old regions: 36->36
[2024-01-24T22:07:51.099+0000][7][gc,heap     ] GC(520) Archive regions: 2->2
[2024-01-24T22:07:51.099+0000][7][gc,heap     ] GC(520) Humongous regions: 0->0
[2024-01-24T22:07:51.099+0000][7][gc,metaspace] GC(520) Metaspace: 131113K(134784K)->131113K(134784K) NonClass: 114046K(115968K)->114046K(115968K) Class: 17066K(18816K)->17066K(18816K)
[2024-01-24T22:07:51.099+0000][7][gc          ] GC(520) Pause Young (Normal) (G1 Evacuation Pause) 755M->148M(1024M) 4.239ms
[2024-01-24T22:07:51.099+0000][7][gc,cpu      ] GC(520) User=0.01s Sys=0.00s Real=0.00s
[2024-01-24T22:07:51.099+0000][7][safepoint   ] Safepoint "G1CollectForAllocation", Time since last: 160546608770 ns, Reaching safepoint: 116047 ns, At safepoint: 4328919 ns, Total: 4444966 ns
[2024-01-24T22:07:55.099+0000][7][safepoint   ] Safepoint "Cleanup", Time since last: 4000467096 ns, Reaching safepoint: 50041 ns, At safepoint: 2971 ns, Total: 53012 ns
[2024-01-24T22:08:05.101+0000][7][safepoint   ] Safepoint "Cleanup", Time since last: 10001166957 ns, Reaching safepoint: 59515 ns, At safepoint: 23936 ns, Total: 83451 ns
[2024-01-24T22:08:09.101+0000][7][safepoint   ] Safepoint "Cleanup", Time since last: 4000387451 ns, Reaching safepoint: 63374 ns, At safepoint: 4341 ns, Total: 67715 ns
[2024-01-24T22:08:11.102+0000][7][safepoint   ] Safepoint "Cleanup", Time since last: 2000215251 ns, Reaching safepoint: 141202 ns, At safepoint: 12720 ns, Total: 153922 ns
[2024-01-24T22:08:45.105+0000][7][safepoint   ] Safepoint "Cleanup", Time since last: 34003281235 ns, Reaching safepoint: 125022 ns, At safepoint: 19871 ns, Total: 144893 ns
[2024-01-24T22:10:27.101+0000][7][gc,start    ] GC(521) Pause Young (Normal) (G1 Evacuation Pause)
[2024-01-24T22:10:27.101+0000][7][gc,task     ] GC(521) Using 8 workers of 8 for evacuation
[2024-01-24T22:10:27.101+0000][7][gc,age      ] GC(521) Desired survivor size 41943040 bytes, new threshold 15 (max threshold 15)
[2024-01-24T22:10:27.103+0000][7][gc,phases   ] GC(521)   Pre Evacuate Collection Set: 0.1ms
[2024-01-24T22:10:27.103+0000][7][gc,phases   ] GC(521)   Merge Heap Roots: 0.1ms
[2024-01-24T22:10:27.104+0000][7][gc,phases   ] GC(521)   Evacuate Collection Set: 1.7ms
[2024-01-24T22:10:27.104+0000][7][gc,phases   ] GC(521)   Post Evacuate Collection Set: 0.7ms
[2024-01-24T22:10:27.104+0000][7][gc,phases   ] GC(521)   Other: 0.1ms
[2024-01-24T22:10:27.104+0000][7][gc,age      ] GC(521) Age table with threshold 15 (max threshold 15)
[2024-01-24T22:10:27.104+0000][7][gc,age      ] GC(521) - age   1:    1465080 bytes,    1465080 total
[2024-01-24T22:10:27.104+0000][7][gc,age      ] GC(521) - age   2:      45088 bytes,    1510168 total
[2024-01-24T22:10:27.104+0000][7][gc,age      ] GC(521) - age   3:       3168 bytes,    1513336 total
[2024-01-24T22:10:27.104+0000][7][gc,age      ] GC(521) - age   4:     901896 bytes,    2415232 total
[2024-01-24T22:10:27.104+0000][7][gc,age      ] GC(521) - age   5:      17936 bytes,    2433168 total
[2024-01-24T22:10:27.104+0000][7][gc,age      ] GC(521) - age   6:       1104 bytes,    2434272 total
[2024-01-24T22:10:27.104+0000][7][gc,age      ] GC(521) - age  12:        184 bytes,    2434456 total
[2024-01-24T22:10:27.104+0000][7][gc,age      ] GC(521) - age  14:         24 bytes,    2434480 total
[2024-01-24T22:10:27.104+0000][7][gc,heap     ] GC(521) Eden regions: 152->0(152)
[2024-01-24T22:10:27.104+0000][7][gc,heap     ] GC(521) Survivor regions: 1->1(20)
[2024-01-24T22:10:27.104+0000][7][gc,heap     ] GC(521) Old regions: 36->36
[2024-01-24T22:10:27.104+0000][7][gc,heap     ] GC(521) Archive regions: 2->2
[2024-01-24T22:10:27.104+0000][7][gc,heap     ] GC(521) Humongous regions: 0->0
[2024-01-24T22:10:27.104+0000][7][gc,metaspace] GC(521) Metaspace: 131122K(134784K)->131122K(134784K) NonClass: 114056K(115968K)->114056K(115968K) Class: 17066K(18816K)->17066K(18816K)
[2024-01-24T22:10:27.104+0000][7][gc          ] GC(521) Pause Young (Normal) (G1 Evacuation Pause) 756M->147M(1024M) 2.926ms
[2024-01-24T22:10:27.104+0000][7][gc,cpu      ] GC(521) User=0.01s Sys=0.00s Real=0.01s
[2024-01-24T22:10:27.104+0000][7][safepoint   ] Safepoint "G1CollectForAllocation", Time since last: 101995691926 ns, Reaching safepoint: 48699 ns, At safepoint: 3021877 ns, Total: 3070576 ns
[2024-01-24T22:12:16.113+0000][7][safepoint   ] Safepoint "Cleanup", Time since last: 109009217696 ns, Reaching safepoint: 65955 ns, At safepoint: 20555 ns, Total: 86510 ns
[2024-01-24T22:13:09.892+0000][7][gc,start    ] GC(522) Pause Young (Normal) (G1 Evacuation Pause)
[2024-01-24T22:13:09.892+0000][7][gc,task     ] GC(522) Using 8 workers of 8 for evacuation
[2024-01-24T22:13:09.892+0000][7][gc,age      ] GC(522) Desired survivor size 41943040 bytes, new threshold 15 (max threshold 15)
[2024-01-24T22:13:09.895+0000][7][gc,phases   ] GC(522)   Pre Evacuate Collection Set: 0.1ms
[2024-01-24T22:13:09.895+0000][7][gc,phases   ] GC(522)   Merge Heap Roots: 0.1ms
[2024-01-24T22:13:09.895+0000][7][gc,phases   ] GC(522)   Evacuate Collection Set: 1.7ms
[2024-01-24T22:13:09.895+0000][7][gc,phases   ] GC(522)   Post Evacuate Collection Set: 0.8ms
[2024-01-24T22:13:09.895+0000][7][gc,phases   ] GC(522)   Other: 0.1ms
[2024-01-24T22:13:09.895+0000][7][gc,age      ] GC(522) Age table with threshold 15 (max threshold 15)
[2024-01-24T22:13:09.895+0000][7][gc,age      ] GC(522) - age   1:    1033544 bytes,    1033544 total
[2024-01-24T22:13:09.895+0000][7][gc,age      ] GC(522) - age   2:     261224 bytes,    1294768 total
[2024-01-24T22:13:09.895+0000][7][gc,age      ] GC(522) - age   3:      27456 bytes,    1322224 total
[2024-01-24T22:13:09.895+0000][7][gc,age      ] GC(522) - age   4:       2912 bytes,    1325136 total
[2024-01-24T22:13:09.895+0000][7][gc,age      ] GC(522) - age   5:     901072 bytes,    2226208 total
[2024-01-24T22:13:09.895+0000][7][gc,age      ] GC(522) - age   6:      17936 bytes,    2244144 total
[2024-01-24T22:13:09.895+0000][7][gc,age      ] GC(522) - age   7:        712 bytes,    2244856 total
[2024-01-24T22:13:09.895+0000][7][gc,age      ] GC(522) - age  15:         24 bytes,    2244880 total
[2024-01-24T22:13:09.895+0000][7][gc,heap     ] GC(522) Eden regions: 152->0(152)
[2024-01-24T22:13:09.895+0000][7][gc,heap     ] GC(522) Survivor regions: 1->1(20)
[2024-01-24T22:13:09.895+0000][7][gc,heap     ] GC(522) Old regions: 36->36
[2024-01-24T22:13:09.895+0000][7][gc,heap     ] GC(522) Archive regions: 2->2
[2024-01-24T22:13:09.895+0000][7][gc,heap     ] GC(522) Humongous regions: 0->0
[2024-01-24T22:13:09.895+0000][7][gc,metaspace] GC(522) Metaspace: 131124K(134784K)->131124K(134784K) NonClass: 114057K(115968K)->114057K(115968K) Class: 17066K(18816K)->17066K(18816K)
[2024-01-24T22:13:09.895+0000][7][gc          ] GC(522) Pause Young (Normal) (G1 Evacuation Pause) 755M->147M(1024M) 3.177ms
[2024-01-24T22:13:09.895+0000][7][gc,cpu      ] GC(522) User=0.01s Sys=0.00s Real=0.01s
[2024-01-24T22:13:09.895+0000][7][safepoint   ] Safepoint "G1CollectForAllocation", Time since last: 53778640330 ns, Reaching safepoint: 51176 ns, At safepoint: 3281367 ns, Total: 3332543 ns
[2024-01-24T22:14:27.905+0000][7][safepoint   ] Safepoint "Cleanup", Time since last: 78010045091 ns, Reaching safepoint: 77425 ns, At safepoint: 22084 ns, Total: 99509 ns
[2024-01-24T22:16:03.118+0000][7][gc,start    ] GC(523) Pause Young (Normal) (G1 Evacuation Pause)
[2024-01-24T22:16:03.118+0000][7][gc,task     ] GC(523) Using 8 workers of 8 for evacuation
[2024-01-24T22:16:03.118+0000][7][gc,age      ] GC(523) Desired survivor size 41943040 bytes, new threshold 15 (max threshold 15)
[2024-01-24T22:16:03.120+0000][7][gc,phases   ] GC(523)   Pre Evacuate Collection Set: 0.1ms
[2024-01-24T22:16:03.120+0000][7][gc,phases   ] GC(523)   Merge Heap Roots: 0.1ms
[2024-01-24T22:16:03.120+0000][7][gc,phases   ] GC(523)   Evacuate Collection Set: 1.2ms
[2024-01-24T22:16:03.120+0000][7][gc,phases   ] GC(523)   Post Evacuate Collection Set: 0.6ms
[2024-01-24T22:16:03.120+0000][7][gc,phases   ] GC(523)   Other: 0.1ms
[2024-01-24T22:16:03.120+0000][7][gc,age      ] GC(523) Age table with threshold 15 (max threshold 15)
[2024-01-24T22:16:03.120+0000][7][gc,age      ] GC(523) - age   1:     930208 bytes,     930208 total
[2024-01-24T22:16:03.120+0000][7][gc,age      ] GC(523) - age   2:     114784 bytes,    1044992 total
[2024-01-24T22:16:03.120+0000][7][gc,age      ] GC(523) - age   3:     258256 bytes,    1303248 total
[2024-01-24T22:16:03.120+0000][7][gc,age      ] GC(523) - age   4:      27008 bytes,    1330256 total
[2024-01-24T22:16:03.120+0000][7][gc,age      ] GC(523) - age   5:       2096 bytes,    1332352 total
[2024-01-24T22:16:03.120+0000][7][gc,age      ] GC(523) - age   6:     901072 bytes,    2233424 total
[2024-01-24T22:16:03.120+0000][7][gc,age      ] GC(523) - age   7:      17808 bytes,    2251232 total
[2024-01-24T22:16:03.120+0000][7][gc,age      ] GC(523) - age   8:        496 bytes,    2251728 total
[2024-01-24T22:16:03.120+0000][7][gc,heap     ] GC(523) Eden regions: 152->0(152)
[2024-01-24T22:16:03.120+0000][7][gc,heap     ] GC(523) Survivor regions: 1->1(20)
[2024-01-24T22:16:03.120+0000][7][gc,heap     ] GC(523) Old regions: 36->36
[2024-01-24T22:16:03.120+0000][7][gc,heap     ] GC(523) Archive regions: 2->2
[2024-01-24T22:16:03.120+0000][7][gc,heap     ] GC(523) Humongous regions: 0->0
[2024-01-24T22:16:03.120+0000][7][gc,metaspace] GC(523) Metaspace: 131124K(134784K)->131124K(134784K) NonClass: 114058K(115968K)->114058K(115968K) Class: 17066K(18816K)->17066K(18816K)
[2024-01-24T22:16:03.120+0000][7][gc          ] GC(523) Pause Young (Normal) (G1 Evacuation Pause) 755M->147M(1024M) 2.373ms
[2024-01-24T22:16:03.120+0000][7][gc,cpu      ] GC(523) User=0.01s Sys=0.00s Real=0.00s
[2024-01-24T22:16:03.120+0000][7][safepoint   ] Safepoint "G1CollectForAllocation", Time since last: 95212439968 ns, Reaching safepoint: 45120 ns, At safepoint: 2462605 ns, Total: 2507725 ns
[2024-01-24T22:17:58.133+0000][7][safepoint   ] Safepoint "Cleanup", Time since last: 115012817493 ns, Reaching safepoint: 43392 ns, At safepoint: 4454 ns, Total: 47846 ns
[2024-01-24T22:18:21.817+0000][7][gc,start    ] GC(524) Pause Young (Normal) (G1 Evacuation Pause)
[2024-01-24T22:18:21.817+0000][7][gc,task     ] GC(524) Using 8 workers of 8 for evacuation
[2024-01-24T22:18:21.817+0000][7][gc,age      ] GC(524) Desired survivor size 41943040 bytes, new threshold 15 (max threshold 15)
[2024-01-24T22:18:21.820+0000][7][gc,phases   ] GC(524)   Pre Evacuate Collection Set: 0.2ms
[2024-01-24T22:18:21.820+0000][7][gc,phases   ] GC(524)   Merge Heap Roots: 0.1ms
[2024-01-24T22:18:21.820+0000][7][gc,phases   ] GC(524)   Evacuate Collection Set: 1.6ms
[2024-01-24T22:18:21.820+0000][7][gc,phases   ] GC(524)   Post Evacuate Collection Set: 0.7ms
[2024-01-24T22:18:21.820+0000][7][gc,phases   ] GC(524)   Other: 0.1ms
[2024-01-24T22:18:21.820+0000][7][gc,age      ] GC(524) Age table with threshold 15 (max threshold 15)
[2024-01-24T22:18:21.820+0000][7][gc,age      ] GC(524) - age   1:    1089552 bytes,    1089552 total
[2024-01-24T22:18:21.820+0000][7][gc,age      ] GC(524) - age   2:      60640 bytes,    1150192 total
[2024-01-24T22:18:21.820+0000][7][gc,age      ] GC(524) - age   3:     112608 bytes,    1262800 total
[2024-01-24T22:18:21.820+0000][7][gc,age      ] GC(524) - age   4:     257936 bytes,    1520736 total
[2024-01-24T22:18:21.820+0000][7][gc,age      ] GC(524) - age   5:      24704 bytes,    1545440 total
[2024-01-24T22:18:21.820+0000][7][gc,age      ] GC(524) - age   6:       2096 bytes,    1547536 total
[2024-01-24T22:18:21.820+0000][7][gc,age      ] GC(524) - age   7:     900688 bytes,    2448224 total
[2024-01-24T22:18:21.820+0000][7][gc,age      ] GC(524) - age   8:       9792 bytes,    2458016 total
[2024-01-24T22:18:21.820+0000][7][gc,age      ] GC(524) - age   9:        496 bytes,    2458512 total
[2024-01-24T22:18:21.820+0000][7][gc,heap     ] GC(524) Eden regions: 152->0(152)
[2024-01-24T22:18:21.820+0000][7][gc,heap     ] GC(524) Survivor regions: 1->1(20)
[2024-01-24T22:18:21.820+0000][7][gc,heap     ] GC(524) Old regions: 36->36
[2024-01-24T22:18:21.820+0000][7][gc,heap     ] GC(524) Archive regions: 2->2
[2024-01-24T22:18:21.820+0000][7][gc,heap     ] GC(524) Humongous regions: 0->0
[2024-01-24T22:18:21.820+0000][7][gc,metaspace] GC(524) Metaspace: 131124K(134784K)->131124K(134784K) NonClass: 114058K(115968K)->114058K(115968K) Class: 17066K(18816K)->17066K(18816K)
[2024-01-24T22:18:21.820+0000][7][gc          ] GC(524) Pause Young (Normal) (G1 Evacuation Pause) 755M->147M(1024M) 3.003ms
[2024-01-24T22:18:21.820+0000][7][gc,cpu      ] GC(524) User=0.01s Sys=0.01s Real=0.00s
[2024-01-24T22:18:21.820+0000][7][safepoint   ] Safepoint "G1CollectForAllocation", Time since last: 23684031184 ns, Reaching safepoint: 59724 ns, At safepoint: 3101474 ns, Total: 3161198 ns
[2024-01-24T22:20:45.201+0000][7][gc,start    ] GC(525) Pause Young (Normal) (G1 Evacuation Pause)
[2024-01-24T22:20:45.202+0000][7][gc,task     ] GC(525) Using 8 workers of 8 for evacuation
[2024-01-24T22:20:45.202+0000][7][gc,age      ] GC(525) Desired survivor size 41943040 bytes, new threshold 15 (max threshold 15)
[2024-01-24T22:20:45.204+0000][7][gc,phases   ] GC(525)   Pre Evacuate Collection Set: 0.1ms
[2024-01-24T22:20:45.204+0000][7][gc,phases   ] GC(525)   Merge Heap Roots: 0.0ms
[2024-01-24T22:20:45.204+0000][7][gc,phases   ] GC(525)   Evacuate Collection Set: 1.4ms
[2024-01-24T22:20:45.204+0000][7][gc,phases   ] GC(525)   Post Evacuate Collection Set: 0.6ms
[2024-01-24T22:20:45.204+0000][7][gc,phases   ] GC(525)   Other: 0.1ms
[2024-01-24T22:20:45.204+0000][7][gc,age      ] GC(525) Age table with threshold 15 (max threshold 15)
[2024-01-24T22:20:45.204+0000][7][gc,age      ] GC(525) - age   1:    2034528 bytes,    2034528 total
[2024-01-24T22:20:45.204+0000][7][gc,age      ] GC(525) - age   2:      15768 bytes,    2050296 total
[2024-01-24T22:20:45.204+0000][7][gc,age      ] GC(525) - age   3:      57720 bytes,    2108016 total
[2024-01-24T22:20:45.204+0000][7][gc,age      ] GC(525) - age   4:     110776 bytes,    2218792 total
[2024-01-24T22:20:45.204+0000][7][gc,age      ] GC(525) - age   5:     257600 bytes,    2476392 total
[2024-01-24T22:20:45.204+0000][7][gc,age      ] GC(525) - age   6:      24704 bytes,    2501096 total
[2024-01-24T22:20:45.204+0000][7][gc,age      ] GC(525) - age   7:       2096 bytes,    2503192 total
[2024-01-24T22:20:45.204+0000][7][gc,age      ] GC(525) - age   8:     900688 bytes,    3403880 total
[2024-01-24T22:20:45.204+0000][7][gc,age      ] GC(525) - age   9:       9792 bytes,    3413672 total
[2024-01-24T22:20:45.204+0000][7][gc,age      ] GC(525) - age  10:        496 bytes,    3414168 total
[2024-01-24T22:20:45.204+0000][7][gc,heap     ] GC(525) Eden regions: 152->0(152)
[2024-01-24T22:20:45.204+0000][7][gc,heap     ] GC(525) Survivor regions: 1->1(20)
[2024-01-24T22:20:45.204+0000][7][gc,heap     ] GC(525) Old regions: 36->36
[2024-01-24T22:20:45.204+0000][7][gc,heap     ] GC(525) Archive regions: 2->2
[2024-01-24T22:20:45.204+0000][7][gc,heap     ] GC(525) Humongous regions: 0->0
[2024-01-24T22:20:45.204+0000][7][gc,metaspace] GC(525) Metaspace: 131124K(134784K)->131124K(134784K) NonClass: 114058K(115968K)->114058K(115968K) Class: 17066K(18816K)->17066K(18816K)
[2024-01-24T22:20:45.204+0000][7][gc          ] GC(525) Pause Young (Normal) (G1 Evacuation Pause) 755M->148M(1024M) 2.363ms
[2024-01-24T22:20:45.204+0000][7][gc,cpu      ] GC(525) User=0.01s Sys=0.00s Real=0.00s
[2024-01-24T22:20:45.204+0000][7][safepoint   ] Safepoint "G1CollectForAllocation", Time since last: 143381251145 ns, Reaching safepoint: 27839 ns, At safepoint: 2430652 ns, Total: 2458491 ns
[2024-01-24T22:23:36.164+0000][7][gc,start    ] GC(526) Pause Young (Normal) (G1 Evacuation Pause)
[2024-01-24T22:23:36.164+0000][7][gc,task     ] GC(526) Using 8 workers of 8 for evacuation
[2024-01-24T22:23:36.164+0000][7][gc,age      ] GC(526) Desired survivor size 41943040 bytes, new threshold 15 (max threshold 15)
[2024-01-24T22:23:36.166+0000][7][gc,phases   ] GC(526)   Pre Evacuate Collection Set: 0.1ms
[2024-01-24T22:23:36.166+0000][7][gc,phases   ] GC(526)   Merge Heap Roots: 0.1ms
[2024-01-24T22:23:36.166+0000][7][gc,phases   ] GC(526)   Evacuate Collection Set: 1.5ms
[2024-01-24T22:23:36.166+0000][7][gc,phases   ] GC(526)   Post Evacuate Collection Set: 0.7ms
[2024-01-24T22:23:36.166+0000][7][gc,phases   ] GC(526)   Other: 0.1ms
[2024-01-24T22:23:36.166+0000][7][gc,age      ] GC(526) Age table with threshold 15 (max threshold 15)
[2024-01-24T22:23:36.166+0000][7][gc,age      ] GC(526) - age   1:    1257840 bytes,    1257840 total
[2024-01-24T22:23:36.166+0000][7][gc,age      ] GC(526) - age   2:      12168 bytes,    1270008 total
[2024-01-24T22:23:36.166+0000][7][gc,age      ] GC(526) - age   3:      13240 bytes,    1283248 total
[2024-01-24T22:23:36.166+0000][7][gc,age      ] GC(526) - age   4:      55600 bytes,    1338848 total
[2024-01-24T22:23:36.166+0000][7][gc,age      ] GC(526) - age   5:     110528 bytes,    1449376 total
[2024-01-24T22:23:36.166+0000][7][gc,age      ] GC(526) - age   6:     257600 bytes,    1706976 total
[2024-01-24T22:23:36.166+0000][7][gc,age      ] GC(526) - age   7:      24704 bytes,    1731680 total
[2024-01-24T22:23:36.166+0000][7][gc,age      ] GC(526) - age   8:       2064 bytes,    1733744 total
[2024-01-24T22:23:36.166+0000][7][gc,age      ] GC(526) - age   9:     900688 bytes,    2634432 total
[2024-01-24T22:23:36.166+0000][7][gc,age      ] GC(526) - age  10:       9792 bytes,    2644224 total
[2024-01-24T22:23:36.166+0000][7][gc,age      ] GC(526) - age  11:        496 bytes,    2644720 total
[2024-01-24T22:23:36.166+0000][7][gc,heap     ] GC(526) Eden regions: 152->0(152)
[2024-01-24T22:23:36.166+0000][7][gc,heap     ] GC(526) Survivor regions: 1->1(20)
[2024-01-24T22:23:36.166+0000][7][gc,heap     ] GC(526) Old regions: 36->36
[2024-01-24T22:23:36.166+0000][7][gc,heap     ] GC(526) Archive regions: 2->2
[2024-01-24T22:23:36.166+0000][7][gc,heap     ] GC(526) Humongous regions: 0->0
[2024-01-24T22:23:36.166+0000][7][gc,metaspace] GC(526) Metaspace: 131124K(134784K)->131124K(134784K) NonClass: 114058K(115968K)->114058K(115968K) Class: 17066K(18816K)->17066K(18816K)
[2024-01-24T22:23:36.166+0000][7][gc          ] GC(526) Pause Young (Normal) (G1 Evacuation Pause) 756M->147M(1024M) 2.731ms
[2024-01-24T22:23:36.166+0000][7][gc,cpu      ] GC(526) User=0.01s Sys=0.00s Real=0.00s
[2024-01-24T22:23:36.166+0000][7][safepoint   ] Safepoint "G1CollectForAllocation", Time since last: 170959771152 ns, Reaching safepoint: 32392 ns, At safepoint: 2814676 ns, Total: 2847068 ns
[2024-01-24T22:26:27.138+0000][7][gc,start    ] GC(527) Pause Young (Normal) (G1 Evacuation Pause)
[2024-01-24T22:26:27.138+0000][7][gc,task     ] GC(527) Using 8 workers of 8 for evacuation
[2024-01-24T22:26:27.138+0000][7][gc,age      ] GC(527) Desired survivor size 41943040 bytes, new threshold 15 (max threshold 15)
[2024-01-24T22:26:27.139+0000][7][gc,phases   ] GC(527)   Pre Evacuate Collection Set: 0.1ms
[2024-01-24T22:26:27.139+0000][7][gc,phases   ] GC(527)   Merge Heap Roots: 0.1ms
[2024-01-24T22:26:27.139+0000][7][gc,phases   ] GC(527)   Evacuate Collection Set: 1.0ms
[2024-01-24T22:26:27.139+0000][7][gc,phases   ] GC(527)   Post Evacuate Collection Set: 0.5ms
[2024-01-24T22:26:27.139+0000][7][gc,phases   ] GC(527)   Other: 0.1ms
[2024-01-24T22:26:27.139+0000][7][gc,age      ] GC(527) Age table with threshold 15 (max threshold 15)
[2024-01-24T22:26:27.139+0000][7][gc,age      ] GC(527) - age   1:    1166160 bytes,    1166160 total
[2024-01-24T22:26:27.139+0000][7][gc,age      ] GC(527) - age   2:       4152 bytes,    1170312 total
[2024-01-24T22:26:27.139+0000][7][gc,age      ] GC(527) - age   3:       9776 bytes,    1180088 total
[2024-01-24T22:26:27.139+0000][7][gc,age      ] GC(527) - age   4:      10328 bytes,    1190416 total
[2024-01-24T22:26:27.139+0000][7][gc,age      ] GC(527) - age   5:      55280 bytes,    1245696 total
[2024-01-24T22:26:27.139+0000][7][gc,age      ] GC(527) - age   6:     110136 bytes,    1355832 total
[2024-01-24T22:26:27.139+0000][7][gc,age      ] GC(527) - age   7:     225296 bytes,    1581128 total
[2024-01-24T22:26:27.139+0000][7][gc,age      ] GC(527) - age   8:      24704 bytes,    1605832 total
[2024-01-24T22:26:27.139+0000][7][gc,age      ] GC(527) - age   9:       2064 bytes,    1607896 total
[2024-01-24T22:26:27.139+0000][7][gc,age      ] GC(527) - age  10:     900504 bytes,    2508400 total
[2024-01-24T22:26:27.139+0000][7][gc,age      ] GC(527) - age  11:       9792 bytes,    2518192 total
[2024-01-24T22:26:27.139+0000][7][gc,age      ] GC(527) - age  12:        496 bytes,    2518688 total
[2024-01-24T22:26:27.139+0000][7][gc,heap     ] GC(527) Eden regions: 152->0(152)
[2024-01-24T22:26:27.139+0000][7][gc,heap     ] GC(527) Survivor regions: 1->1(20)
[2024-01-24T22:26:27.139+0000][7][gc,heap     ] GC(527) Old regions: 36->36
[2024-01-24T22:26:27.139+0000][7][gc,heap     ] GC(527) Archive regions: 2->2
[2024-01-24T22:26:27.139+0000][7][gc,heap     ] GC(527) Humongous regions: 0->0
[2024-01-24T22:26:27.139+0000][7][gc,metaspace] GC(527) Metaspace: 131124K(134784K)->131124K(134784K) NonClass: 114058K(115968K)->114058K(115968K) Class: 17066K(18816K)->17066K(18816K)
[2024-01-24T22:26:27.140+0000][7][gc          ] GC(527) Pause Young (Normal) (G1 Evacuation Pause) 755M->147M(1024M) 1.943ms
[2024-01-24T22:26:27.140+0000][7][gc,cpu      ] GC(527) User=0.01s Sys=0.00s Real=0.00s
[2024-01-24T22:26:27.140+0000][7][safepoint   ] Safepoint "G1CollectForAllocation", Time since last: 170971051830 ns, Reaching safepoint: 27215 ns, At safepoint: 2017535 ns, Total: 2044750 ns
[2024-01-24T22:29:15.160+0000][7][gc,start    ] GC(528) Pause Young (Normal) (G1 Evacuation Pause)
[2024-01-24T22:29:15.160+0000][7][gc,task     ] GC(528) Using 8 workers of 8 for evacuation
[2024-01-24T22:29:15.160+0000][7][gc,age      ] GC(528) Desired survivor size 41943040 bytes, new threshold 15 (max threshold 15)
[2024-01-24T22:29:15.162+0000][7][gc,phases   ] GC(528)   Pre Evacuate Collection Set: 0.2ms
[2024-01-24T22:29:15.163+0000][7][gc,phases   ] GC(528)   Merge Heap Roots: 0.1ms
[2024-01-24T22:29:15.163+0000][7][gc,phases   ] GC(528)   Evacuate Collection Set: 1.5ms
[2024-01-24T22:29:15.163+0000][7][gc,phases   ] GC(528)   Post Evacuate Collection Set: 0.6ms
[2024-01-24T22:29:15.163+0000][7][gc,phases   ] GC(528)   Other: 0.1ms
[2024-01-24T22:29:15.163+0000][7][gc,age      ] GC(528) Age table with threshold 15 (max threshold 15)
[2024-01-24T22:29:15.163+0000][7][gc,age      ] GC(528) - age   1:    1175968 bytes,    1175968 total
[2024-01-24T22:29:15.163+0000][7][gc,age      ] GC(528) - age   2:       7936 bytes,    1183904 total
[2024-01-24T22:29:15.163+0000][7][gc,age      ] GC(528) - age   3:       2056 bytes,    1185960 total
[2024-01-24T22:29:15.163+0000][7][gc,age      ] GC(528) - age   4:       1184 bytes,    1187144 total
[2024-01-24T22:29:15.163+0000][7][gc,age      ] GC(528) - age   5:      10328 bytes,    1197472 total
[2024-01-24T22:29:15.163+0000][7][gc,age      ] GC(528) - age   6:      55280 bytes,    1252752 total
[2024-01-24T22:29:15.163+0000][7][gc,age      ] GC(528) - age   7:     110136 bytes,    1362888 total
[2024-01-24T22:29:15.163+0000][7][gc,age      ] GC(528) - age   8:     225296 bytes,    1588184 total
[2024-01-24T22:29:15.163+0000][7][gc,age      ] GC(528) - age   9:      24320 bytes,    1612504 total
[2024-01-24T22:29:15.163+0000][7][gc,age      ] GC(528) - age  10:       2064 bytes,    1614568 total
[2024-01-24T22:29:15.163+0000][7][gc,age      ] GC(528) - age  11:     900504 bytes,    2515072 total
[2024-01-24T22:29:15.163+0000][7][gc,age      ] GC(528) - age  12:       9792 bytes,    2524864 total
[2024-01-24T22:29:15.163+0000][7][gc,age      ] GC(528) - age  13:        312 bytes,    2525176 total
[2024-01-24T22:29:15.163+0000][7][gc,heap     ] GC(528) Eden regions: 152->0(152)
[2024-01-24T22:29:15.163+0000][7][gc,heap     ] GC(528) Survivor regions: 1->1(20)
[2024-01-24T22:29:15.163+0000][7][gc,heap     ] GC(528) Old regions: 36->36
[2024-01-24T22:29:15.163+0000][7][gc,heap     ] GC(528) Archive regions: 2->2
[2024-01-24T22:29:15.163+0000][7][gc,heap     ] GC(528) Humongous regions: 0->0
[2024-01-24T22:29:15.163+0000][7][gc,metaspace] GC(528) Metaspace: 131124K(134784K)->131124K(134784K) NonClass: 114058K(115968K)->114058K(115968K) Class: 17066K(18816K)->17066K(18816K)
[2024-01-24T22:29:15.163+0000][7][gc          ] GC(528) Pause Young (Normal) (G1 Evacuation Pause) 755M->147M(1024M) 2.750ms
[2024-01-24T22:29:15.163+0000][7][gc,cpu      ] GC(528) User=0.02s Sys=0.00s Real=0.01s
[2024-01-24T22:29:15.163+0000][7][safepoint   ] Safepoint "G1CollectForAllocation", Time since last: 168020254714 ns, Reaching safepoint: 52432 ns, At safepoint: 2836064 ns, Total: 2888496 ns
[2024-01-24T22:32:01.092+0000][7][gc,start    ] GC(529) Pause Young (Normal) (G1 Evacuation Pause)
[2024-01-24T22:32:01.092+0000][7][gc,task     ] GC(529) Using 8 workers of 8 for evacuation
[2024-01-24T22:32:01.092+0000][7][gc,age      ] GC(529) Desired survivor size 41943040 bytes, new threshold 15 (max threshold 15)
[2024-01-24T22:32:01.095+0000][7][gc,phases   ] GC(529)   Pre Evacuate Collection Set: 0.1ms
[2024-01-24T22:32:01.095+0000][7][gc,phases   ] GC(529)   Merge Heap Roots: 0.1ms
[2024-01-24T22:32:01.095+0000][7][gc,phases   ] GC(529)   Evacuate Collection Set: 1.8ms
[2024-01-24T22:32:01.095+0000][7][gc,phases   ] GC(529)   Post Evacuate Collection Set: 0.8ms
[2024-01-24T22:32:01.095+0000][7][gc,phases   ] GC(529)   Other: 0.1ms
[2024-01-24T22:32:01.095+0000][7][gc,age      ] GC(529) Age table with threshold 15 (max threshold 15)
[2024-01-24T22:32:01.095+0000][7][gc,age      ] GC(529) - age   1:    1614392 bytes,    1614392 total
[2024-01-24T22:32:01.095+0000][7][gc,age      ] GC(529) - age   2:      11496 bytes,    1625888 total
[2024-01-24T22:32:01.095+0000][7][gc,age      ] GC(529) - age   3:       3832 bytes,    1629720 total
[2024-01-24T22:32:01.095+0000][7][gc,age      ] GC(529) - age   4:       1480 bytes,    1631200 total
[2024-01-24T22:32:01.095+0000][7][gc,age      ] GC(529) - age   5:         40 bytes,    1631240 total
[2024-01-24T22:32:01.096+0000][7][gc,age      ] GC(529) - age   6:      10264 bytes,    1641504 total
[2024-01-24T22:32:01.096+0000][7][gc,age      ] GC(529) - age   7:      55200 bytes,    1696704 total
[2024-01-24T22:32:01.096+0000][7][gc,age      ] GC(529) - age   8:     110136 bytes,    1806840 total
[2024-01-24T22:32:01.096+0000][7][gc,age      ] GC(529) - age   9:     225296 bytes,    2032136 total
[2024-01-24T22:32:01.096+0000][7][gc,age      ] GC(529) - age  10:      24320 bytes,    2056456 total
[2024-01-24T22:32:01.096+0000][7][gc,age      ] GC(529) - age  11:       2064 bytes,    2058520 total
[2024-01-24T22:32:01.096+0000][7][gc,age      ] GC(529) - age  12:     900504 bytes,    2959024 total
[2024-01-24T22:32:01.096+0000][7][gc,age      ] GC(529) - age  13:       9792 bytes,    2968816 total
[2024-01-24T22:32:01.096+0000][7][gc,age      ] GC(529) - age  14:        312 bytes,    2969128 total
[2024-01-24T22:32:01.096+0000][7][gc,heap     ] GC(529) Eden regions: 152->0(152)
[2024-01-24T22:32:01.096+0000][7][gc,heap     ] GC(529) Survivor regions: 1->1(20)
[2024-01-24T22:32:01.096+0000][7][gc,heap     ] GC(529) Old regions: 36->36
[2024-01-24T22:32:01.096+0000][7][gc,heap     ] GC(529) Archive regions: 2->2
[2024-01-24T22:32:01.096+0000][7][gc,heap     ] GC(529) Humongous regions: 0->0
[2024-01-24T22:32:01.096+0000][7][gc,metaspace] GC(529) Metaspace: 131124K(134784K)->131124K(134784K) NonClass: 114058K(115968K)->114058K(115968K) Class: 17066K(18816K)->17066K(18816K)
[2024-01-24T22:32:01.096+0000][7][gc          ] GC(529) Pause Young (Normal) (G1 Evacuation Pause) 755M->148M(1024M) 3.297ms
[2024-01-24T22:32:01.096+0000][7][gc,cpu      ] GC(529) User=0.02s Sys=0.00s Real=0.01s
[2024-01-24T22:32:01.096+0000][7][safepoint   ] Safepoint "G1CollectForAllocation", Time since last: 165929570871 ns, Reaching safepoint: 61771 ns, At safepoint: 3408485 ns, Total: 3470256 ns
[2024-01-24T22:34:22.109+0000][7][safepoint   ] Safepoint "Cleanup", Time since last: 141013479943 ns, Reaching safepoint: 79313 ns, At safepoint: 11621 ns, Total: 90934 ns
[2024-01-24T22:34:34.111+0000][7][safepoint   ] Safepoint "Cleanup", Time since last: 12001158655 ns, Reaching safepoint: 99620 ns, At safepoint: 5942 ns, Total: 105562 ns
[2024-01-24T22:34:39.308+0000][7][gc,start    ] GC(530) Pause Young (Normal) (G1 Evacuation Pause)
[2024-01-24T22:34:39.308+0000][7][gc,task     ] GC(530) Using 8 workers of 8 for evacuation
[2024-01-24T22:34:39.308+0000][7][gc,age      ] GC(530) Desired survivor size 41943040 bytes, new threshold 15 (max threshold 15)
[2024-01-24T22:34:39.310+0000][7][gc,phases   ] GC(530)   Pre Evacuate Collection Set: 0.1ms
[2024-01-24T22:34:39.310+0000][7][gc,phases   ] GC(530)   Merge Heap Roots: 0.1ms
[2024-01-24T22:34:39.310+0000][7][gc,phases   ] GC(530)   Evacuate Collection Set: 1.4ms
[2024-01-24T22:34:39.310+0000][7][gc,phases   ] GC(530)   Post Evacuate Collection Set: 0.6ms
[2024-01-24T22:34:39.310+0000][7][gc,phases   ] GC(530)   Other: 0.1ms
[2024-01-24T22:34:39.310+0000][7][gc,age      ] GC(530) Age table with threshold 15 (max threshold 15)
[2024-01-24T22:34:39.310+0000][7][gc,age      ] GC(530) - age   1:    2005376 bytes,    2005376 total
[2024-01-24T22:34:39.310+0000][7][gc,age      ] GC(530) - age   2:      14976 bytes,    2020352 total
[2024-01-24T22:34:39.310+0000][7][gc,age      ] GC(530) - age   3:       1360 bytes,    2021712 total
[2024-01-24T22:34:39.310+0000][7][gc,age      ] GC(530) - age   4:       3320 bytes,    2025032 total
[2024-01-24T22:34:39.310+0000][7][gc,age      ] GC(530) - age   5:        216 bytes,    2025248 total
[2024-01-24T22:34:39.310+0000][7][gc,age      ] GC(530) - age   6:         40 bytes,    2025288 total
[2024-01-24T22:34:39.310+0000][7][gc,age      ] GC(530) - age   7:      10264 bytes,    2035552 total
[2024-01-24T22:34:39.310+0000][7][gc,age      ] GC(530) - age   8:      55168 bytes,    2090720 total
[2024-01-24T22:34:39.310+0000][7][gc,age      ] GC(530) - age   9:     110136 bytes,    2200856 total
[2024-01-24T22:34:39.310+0000][7][gc,age      ] GC(530) - age  10:     225080 bytes,    2425936 total
[2024-01-24T22:34:39.310+0000][7][gc,age      ] GC(530) - age  11:      24320 bytes,    2450256 total
[2024-01-24T22:34:39.310+0000][7][gc,age      ] GC(530) - age  12:       2064 bytes,    2452320 total
[2024-01-24T22:34:39.310+0000][7][gc,age      ] GC(530) - age  13:     900504 bytes,    3352824 total
[2024-01-24T22:34:39.310+0000][7][gc,age      ] GC(530) - age  14:       9792 bytes,    3362616 total
[2024-01-24T22:34:39.310+0000][7][gc,age      ] GC(530) - age  15:        312 bytes,    3362928 total
[2024-01-24T22:34:39.310+0000][7][gc,heap     ] GC(530) Eden regions: 152->0(152)
[2024-01-24T22:34:39.310+0000][7][gc,heap     ] GC(530) Survivor regions: 1->1(20)
[2024-01-24T22:34:39.310+0000][7][gc,heap     ] GC(530) Old regions: 36->36
[2024-01-24T22:34:39.310+0000][7][gc,heap     ] GC(530) Archive regions: 2->2
[2024-01-24T22:34:39.310+0000][7][gc,heap     ] GC(530) Humongous regions: 0->0
[2024-01-24T22:34:39.310+0000][7][gc,metaspace] GC(530) Metaspace: 131136K(134784K)->131136K(134784K) NonClass: 114070K(115968K)->114070K(115968K) Class: 17066K(18816K)->17066K(18816K)
[2024-01-24T22:34:39.310+0000][7][gc          ] GC(530) Pause Young (Normal) (G1 Evacuation Pause) 756M->148M(1024M) 2.376ms
[2024-01-24T22:34:39.310+0000][7][gc,cpu      ] GC(530) User=0.01s Sys=0.00s Real=0.00s
[2024-01-24T22:34:39.310+0000][7][safepoint   ] Safepoint "G1CollectForAllocation", Time since last: 5197251345 ns, Reaching safepoint: 31880 ns, At safepoint: 2447212 ns, Total: 2479092 ns
[2024-01-24T22:37:39.210+0000][7][gc,start    ] GC(531) Pause Young (Normal) (G1 Evacuation Pause)
[2024-01-24T22:37:39.210+0000][7][gc,task     ] GC(531) Using 8 workers of 8 for evacuation
[2024-01-24T22:37:39.210+0000][7][gc,age      ] GC(531) Desired survivor size 41943040 bytes, new threshold 15 (max threshold 15)
[2024-01-24T22:37:39.213+0000][7][gc,phases   ] GC(531)   Pre Evacuate Collection Set: 0.2ms
[2024-01-24T22:37:39.213+0000][7][gc,phases   ] GC(531)   Merge Heap Roots: 0.1ms
[2024-01-24T22:37:39.213+0000][7][gc,phases   ] GC(531)   Evacuate Collection Set: 1.7ms
[2024-01-24T22:37:39.213+0000][7][gc,phases   ] GC(531)   Post Evacuate Collection Set: 0.8ms
[2024-01-24T22:37:39.213+0000][7][gc,phases   ] GC(531)   Other: 0.1ms
[2024-01-24T22:37:39.213+0000][7][gc,age      ] GC(531) Age table with threshold 15 (max threshold 15)
[2024-01-24T22:37:39.213+0000][7][gc,age      ] GC(531) - age   1:    1397648 bytes,    1397648 total
[2024-01-24T22:37:39.213+0000][7][gc,age      ] GC(531) - age   2:       4776 bytes,    1402424 total
[2024-01-24T22:37:39.213+0000][7][gc,age      ] GC(531) - age   3:      11776 bytes,    1414200 total
[2024-01-24T22:37:39.213+0000][7][gc,age      ] GC(531) - age   4:        632 bytes,    1414832 total
[2024-01-24T22:37:39.213+0000][7][gc,age      ] GC(531) - age   5:        760 bytes,    1415592 total
[2024-01-24T22:37:39.213+0000][7][gc,age      ] GC(531) - age   6:        216 bytes,    1415808 total
[2024-01-24T22:37:39.213+0000][7][gc,age      ] GC(531) - age   7:         40 bytes,    1415848 total
[2024-01-24T22:37:39.213+0000][7][gc,age      ] GC(531) - age   8:      10264 bytes,    1426112 total
[2024-01-24T22:37:39.213+0000][7][gc,age      ] GC(531) - age   9:      55168 bytes,    1481280 total
[2024-01-24T22:37:39.213+0000][7][gc,age      ] GC(531) - age  10:     110136 bytes,    1591416 total
[2024-01-24T22:37:39.213+0000][7][gc,age      ] GC(531) - age  11:     225080 bytes,    1816496 total
[2024-01-24T22:37:39.213+0000][7][gc,age      ] GC(531) - age  12:      24320 bytes,    1840816 total
[2024-01-24T22:37:39.213+0000][7][gc,age      ] GC(531) - age  13:       2064 bytes,    1842880 total
[2024-01-24T22:37:39.213+0000][7][gc,age      ] GC(531) - age  14:     900504 bytes,    2743384 total
[2024-01-24T22:37:39.213+0000][7][gc,age      ] GC(531) - age  15:       9792 bytes,    2753176 total
[2024-01-24T22:37:39.213+0000][7][gc,heap     ] GC(531) Eden regions: 152->0(152)
[2024-01-24T22:37:39.213+0000][7][gc,heap     ] GC(531) Survivor regions: 1->1(20)
[2024-01-24T22:37:39.213+0000][7][gc,heap     ] GC(531) Old regions: 36->36
[2024-01-24T22:37:39.213+0000][7][gc,heap     ] GC(531) Archive regions: 2->2
[2024-01-24T22:37:39.213+0000][7][gc,heap     ] GC(531) Humongous regions: 0->0
[2024-01-24T22:37:39.213+0000][7][gc,metaspace] GC(531) Metaspace: 131136K(134784K)->131136K(134784K) NonClass: 114070K(115968K)->114070K(115968K) Class: 17066K(18816K)->17066K(18816K)
[2024-01-24T22:37:39.213+0000][7][gc          ] GC(531) Pause Young (Normal) (G1 Evacuation Pause) 756M->148M(1024M) 3.094ms
[2024-01-24T22:37:39.213+0000][7][gc,cpu      ] GC(531) User=0.02s Sys=0.00s Real=0.00s
[2024-01-24T22:37:39.213+0000][7][safepoint   ] Safepoint "G1CollectForAllocation", Time since last: 179899526963 ns, Reaching safepoint: 32932 ns, At safepoint: 3182053 ns, Total: 3214985 ns
[2024-01-24T22:40:26.395+0000][7][gc,start    ] GC(532) Pause Young (Normal) (G1 Evacuation Pause)
[2024-01-24T22:40:26.395+0000][7][gc,task     ] GC(532) Using 8 workers of 8 for evacuation
[2024-01-24T22:40:26.395+0000][7][gc,age      ] GC(532) Desired survivor size 41943040 bytes, new threshold 15 (max threshold 15)
[2024-01-24T22:40:26.397+0000][7][gc,phases   ] GC(532)   Pre Evacuate Collection Set: 0.1ms
[2024-01-24T22:40:26.397+0000][7][gc,phases   ] GC(532)   Merge Heap Roots: 0.1ms
[2024-01-24T22:40:26.397+0000][7][gc,phases   ] GC(532)   Evacuate Collection Set: 1.3ms
[2024-01-24T22:40:26.397+0000][7][gc,phases   ] GC(532)   Post Evacuate Collection Set: 0.8ms
[2024-01-24T22:40:26.397+0000][7][gc,phases   ] GC(532)   Other: 0.1ms
[2024-01-24T22:40:26.397+0000][7][gc,age      ] GC(532) Age table with threshold 15 (max threshold 15)
[2024-01-24T22:40:26.397+0000][7][gc,age      ] GC(532) - age   1:    1140616 bytes,    1140616 total
[2024-01-24T22:40:26.397+0000][7][gc,age      ] GC(532) - age   2:       6328 bytes,    1146944 total
[2024-01-24T22:40:26.397+0000][7][gc,age      ] GC(532) - age   3:       1808 bytes,    1148752 total
[2024-01-24T22:40:26.397+0000][7][gc,age      ] GC(532) - age   4:      11456 bytes,    1160208 total
[2024-01-24T22:40:26.397+0000][7][gc,age      ] GC(532) - age   5:        568 bytes,    1160776 total
[2024-01-24T22:40:26.397+0000][7][gc,age      ] GC(532) - age   6:        760 bytes,    1161536 total
[2024-01-24T22:40:26.397+0000][7][gc,age      ] GC(532) - age   7:         32 bytes,    1161568 total
[2024-01-24T22:40:26.397+0000][7][gc,age      ] GC(532) - age   8:         16 bytes,    1161584 total
[2024-01-24T22:40:26.397+0000][7][gc,age      ] GC(532) - age   9:      10264 bytes,    1171848 total
[2024-01-24T22:40:26.397+0000][7][gc,age      ] GC(532) - age  10:      55168 bytes,    1227016 total
[2024-01-24T22:40:26.397+0000][7][gc,age      ] GC(532) - age  11:     110136 bytes,    1337152 total
[2024-01-24T22:40:26.397+0000][7][gc,age      ] GC(532) - age  12:     225080 bytes,    1562232 total
[2024-01-24T22:40:26.397+0000][7][gc,age      ] GC(532) - age  13:      24320 bytes,    1586552 total
[2024-01-24T22:40:26.397+0000][7][gc,age      ] GC(532) - age  14:       2064 bytes,    1588616 total
[2024-01-24T22:40:26.397+0000][7][gc,age      ] GC(532) - age  15:     900504 bytes,    2489120 total
[2024-01-24T22:40:26.397+0000][7][gc,heap     ] GC(532) Eden regions: 152->0(152)
[2024-01-24T22:40:26.397+0000][7][gc,heap     ] GC(532) Survivor regions: 1->1(20)
[2024-01-24T22:40:26.397+0000][7][gc,heap     ] GC(532) Old regions: 36->36
[2024-01-24T22:40:26.397+0000][7][gc,heap     ] GC(532) Archive regions: 2->2
[2024-01-24T22:40:26.397+0000][7][gc,heap     ] GC(532) Humongous regions: 0->0
[2024-01-24T22:40:26.397+0000][7][gc,metaspace] GC(532) Metaspace: 131136K(134784K)->131136K(134784K) NonClass: 114070K(115968K)->114070K(115968K) Class: 17066K(18816K)->17066K(18816K)
[2024-01-24T22:40:26.397+0000][7][gc          ] GC(532) Pause Young (Normal) (G1 Evacuation Pause) 756M->147M(1024M) 2.581ms
[2024-01-24T22:40:26.397+0000][7][gc,cpu      ] GC(532) User=0.01s Sys=0.00s Real=0.00s
[2024-01-24T22:40:26.397+0000][7][safepoint   ] Safepoint "G1CollectForAllocation", Time since last: 167181501687 ns, Reaching safepoint: 46966 ns, At safepoint: 2656907 ns, Total: 2703873 ns
[2024-01-24T22:43:11.745+0000][7][gc,start    ] GC(533) Pause Young (Normal) (G1 Evacuation Pause)
[2024-01-24T22:43:11.745+0000][7][gc,task     ] GC(533) Using 8 workers of 8 for evacuation
[2024-01-24T22:43:11.745+0000][7][gc,age      ] GC(533) Desired survivor size 41943040 bytes, new threshold 15 (max threshold 15)
[2024-01-24T22:43:11.748+0000][7][gc,phases   ] GC(533)   Pre Evacuate Collection Set: 0.1ms
[2024-01-24T22:43:11.748+0000][7][gc,phases   ] GC(533)   Merge Heap Roots: 0.1ms
[2024-01-24T22:43:11.748+0000][7][gc,phases   ] GC(533)   Evacuate Collection Set: 1.3ms
[2024-01-24T22:43:11.748+0000][7][gc,phases   ] GC(533)   Post Evacuate Collection Set: 0.7ms
[2024-01-24T22:43:11.748+0000][7][gc,phases   ] GC(533)   Other: 0.1ms
[2024-01-24T22:43:11.748+0000][7][gc,age      ] GC(533) Age table with threshold 15 (max threshold 15)
[2024-01-24T22:43:11.748+0000][7][gc,age      ] GC(533) - age   1:     959896 bytes,     959896 total
[2024-01-24T22:43:11.748+0000][7][gc,age      ] GC(533) - age   2:      12104 bytes,     972000 total
[2024-01-24T22:43:11.748+0000][7][gc,age      ] GC(533) - age   3:       3640 bytes,     975640 total
[2024-01-24T22:43:11.748+0000][7][gc,age      ] GC(533) - age   4:        512 bytes,     976152 total
[2024-01-24T22:43:11.748+0000][7][gc,age      ] GC(533) - age   5:      10624 bytes,     986776 total
[2024-01-24T22:43:11.748+0000][7][gc,age      ] GC(533) - age   6:        384 bytes,     987160 total
[2024-01-24T22:43:11.748+0000][7][gc,age      ] GC(533) - age   7:        368 bytes,     987528 total
[2024-01-24T22:43:11.748+0000][7][gc,age      ] GC(533) - age   9:         16 bytes,     987544 total
[2024-01-24T22:43:11.748+0000][7][gc,age      ] GC(533) - age  10:      10264 bytes,     997808 total
[2024-01-24T22:43:11.748+0000][7][gc,age      ] GC(533) - age  11:      55168 bytes,    1052976 total
[2024-01-24T22:43:11.748+0000][7][gc,age      ] GC(533) - age  12:     110136 bytes,    1163112 total
[2024-01-24T22:43:11.748+0000][7][gc,age      ] GC(533) - age  13:     225080 bytes,    1388192 total
[2024-01-24T22:43:11.748+0000][7][gc,age      ] GC(533) - age  14:      24320 bytes,    1412512 total
[2024-01-24T22:43:11.748+0000][7][gc,age      ] GC(533) - age  15:       2064 bytes,    1414576 total
[2024-01-24T22:43:11.748+0000][7][gc,heap     ] GC(533) Eden regions: 152->0(152)
[2024-01-24T22:43:11.748+0000][7][gc,heap     ] GC(533) Survivor regions: 1->1(20)
[2024-01-24T22:43:11.748+0000][7][gc,heap     ] GC(533) Old regions: 36->36
[2024-01-24T22:43:11.748+0000][7][gc,heap     ] GC(533) Archive regions: 2->2
[2024-01-24T22:43:11.748+0000][7][gc,heap     ] GC(533) Humongous regions: 0->0
[2024-01-24T22:43:11.748+0000][7][gc,metaspace] GC(533) Metaspace: 131136K(134784K)->131136K(134784K) NonClass: 114070K(115968K)->114070K(115968K) Class: 17066K(18816K)->17066K(18816K)
[2024-01-24T22:43:11.748+0000][7][gc          ] GC(533) Pause Young (Normal) (G1 Evacuation Pause) 755M->147M(1024M) 2.569ms
[2024-01-24T22:43:11.748+0000][7][gc,cpu      ] GC(533) User=0.01s Sys=0.00s Real=0.00s
[2024-01-24T22:43:11.748+0000][7][safepoint   ] Safepoint "G1CollectForAllocation", Time since last: 165911916702 ns, Reaching safepoint: 29982 ns, At safepoint: 2675741 ns, Total: 2705723 ns
[2024-01-24T22:45:17.866+0000][7][gc,start    ] GC(534) Pause Young (Normal) (G1 Evacuation Pause)
[2024-01-24T22:45:17.866+0000][7][gc,task     ] GC(534) Using 8 workers of 8 for evacuation
[2024-01-24T22:45:17.866+0000][7][gc,age      ] GC(534) Desired survivor size 41943040 bytes, new threshold 15 (max threshold 15)
[2024-01-24T22:45:17.868+0000][7][gc,phases   ] GC(534)   Pre Evacuate Collection Set: 0.1ms
[2024-01-24T22:45:17.868+0000][7][gc,phases   ] GC(534)   Merge Heap Roots: 0.1ms
[2024-01-24T22:45:17.868+0000][7][gc,phases   ] GC(534)   Evacuate Collection Set: 1.3ms
[2024-01-24T22:45:17.868+0000][7][gc,phases   ] GC(534)   Post Evacuate Collection Set: 0.6ms
[2024-01-24T22:45:17.868+0000][7][gc,phases   ] GC(534)   Other: 0.1ms
[2024-01-24T22:45:17.868+0000][7][gc,age      ] GC(534) Age table with threshold 15 (max threshold 15)
[2024-01-24T22:45:17.868+0000][7][gc,age      ] GC(534) - age   1:    1670008 bytes,    1670008 total
[2024-01-24T22:45:17.868+0000][7][gc,age      ] GC(534) - age   2:       5848 bytes,    1675856 total
[2024-01-24T22:45:17.868+0000][7][gc,age      ] GC(534) - age   3:       9256 bytes,    1685112 total
[2024-01-24T22:45:17.868+0000][7][gc,age      ] GC(534) - age   4:       2872 bytes,    1687984 total
[2024-01-24T22:45:17.868+0000][7][gc,age      ] GC(534) - age   5:        448 bytes,    1688432 total
[2024-01-24T22:45:17.868+0000][7][gc,age      ] GC(534) - age   6:      10264 bytes,    1698696 total
[2024-01-24T22:45:17.868+0000][7][gc,age      ] GC(534) - age   7:        384 bytes,    1699080 total
[2024-01-24T22:45:17.868+0000][7][gc,age      ] GC(534) - age   8:        368 bytes,    1699448 total
[2024-01-24T22:45:17.868+0000][7][gc,age      ] GC(534) - age  10:         16 bytes,    1699464 total
[2024-01-24T22:45:17.868+0000][7][gc,age      ] GC(534) - age  11:      10264 bytes,    1709728 total
[2024-01-24T22:45:17.868+0000][7][gc,age      ] GC(534) - age  12:      55168 bytes,    1764896 total
[2024-01-24T22:45:17.868+0000][7][gc,age      ] GC(534) - age  13:     110136 bytes,    1875032 total
[2024-01-24T22:45:17.868+0000][7][gc,age      ] GC(534) - age  14:     225080 bytes,    2100112 total
[2024-01-24T22:45:17.868+0000][7][gc,age      ] GC(534) - age  15:      24320 bytes,    2124432 total
[2024-01-24T22:45:17.868+0000][7][gc,heap     ] GC(534) Eden regions: 152->0(152)
[2024-01-24T22:45:17.868+0000][7][gc,heap     ] GC(534) Survivor regions: 1->1(20)
[2024-01-24T22:45:17.868+0000][7][gc,heap     ] GC(534) Old regions: 36->36
[2024-01-24T22:45:17.868+0000][7][gc,heap     ] GC(534) Archive regions: 2->2
[2024-01-24T22:45:17.868+0000][7][gc,heap     ] GC(534) Humongous regions: 0->0
[2024-01-24T22:45:17.868+0000][7][gc,metaspace] GC(534) Metaspace: 131136K(134784K)->131136K(134784K) NonClass: 114070K(115968K)->114070K(115968K) Class: 17066K(18816K)->17066K(18816K)
[2024-01-24T22:45:17.868+0000][7][gc          ] GC(534) Pause Young (Normal) (G1 Evacuation Pause) 755M->148M(1024M) 2.370ms
[2024-01-24T22:45:17.868+0000][7][gc,cpu      ] GC(534) User=0.01s Sys=0.00s Real=0.00s
[2024-01-24T22:45:17.868+0000][7][safepoint   ] Safepoint "G1CollectForAllocation", Time since last: 126117905840 ns, Reaching safepoint: 42865 ns, At safepoint: 2448923 ns, Total: 2491788 ns
[2024-01-24T22:47:32.804+0000][7][gc,start    ] GC(535) Pause Young (Normal) (G1 Evacuation Pause)
[2024-01-24T22:47:32.804+0000][7][gc,task     ] GC(535) Using 8 workers of 8 for evacuation
[2024-01-24T22:47:32.804+0000][7][gc,age      ] GC(535) Desired survivor size 41943040 bytes, new threshold 15 (max threshold 15)
[2024-01-24T22:47:32.806+0000][7][gc,phases   ] GC(535)   Pre Evacuate Collection Set: 0.1ms
[2024-01-24T22:47:32.806+0000][7][gc,phases   ] GC(535)   Merge Heap Roots: 0.1ms
[2024-01-24T22:47:32.806+0000][7][gc,phases   ] GC(535)   Evacuate Collection Set: 1.2ms
[2024-01-24T22:47:32.806+0000][7][gc,phases   ] GC(535)   Post Evacuate Collection Set: 0.6ms
[2024-01-24T22:47:32.806+0000][7][gc,phases   ] GC(535)   Other: 0.1ms
[2024-01-24T22:47:32.806+0000][7][gc,age      ] GC(535) Age table with threshold 15 (max threshold 15)
[2024-01-24T22:47:32.806+0000][7][gc,age      ] GC(535) - age   1:    2067880 bytes,    2067880 total
[2024-01-24T22:47:32.806+0000][7][gc,age      ] GC(535) - age   2:       3496 bytes,    2071376 total
[2024-01-24T22:47:32.806+0000][7][gc,age      ] GC(535) - age   3:       2928 bytes,    2074304 total
[2024-01-24T22:47:32.806+0000][7][gc,age      ] GC(535) - age   4:         88 bytes,    2074392 total
[2024-01-24T22:47:32.806+0000][7][gc,age      ] GC(535) - age   5:        184 bytes,    2074576 total
[2024-01-24T22:47:32.806+0000][7][gc,age      ] GC(535) - age   6:        448 bytes,    2075024 total
[2024-01-24T22:47:32.806+0000][7][gc,age      ] GC(535) - age   7:      10264 bytes,    2085288 total
[2024-01-24T22:47:32.806+0000][7][gc,age      ] GC(535) - age   9:        368 bytes,    2085656 total
[2024-01-24T22:47:32.806+0000][7][gc,age      ] GC(535) - age  11:         16 bytes,    2085672 total
[2024-01-24T22:47:32.806+0000][7][gc,age      ] GC(535) - age  12:      10264 bytes,    2095936 total
[2024-01-24T22:47:32.806+0000][7][gc,age      ] GC(535) - age  13:      55168 bytes,    2151104 total
[2024-01-24T22:47:32.806+0000][7][gc,age      ] GC(535) - age  14:     110136 bytes,    2261240 total
[2024-01-24T22:47:32.806+0000][7][gc,age      ] GC(535) - age  15:     225080 bytes,    2486320 total
[2024-01-24T22:47:32.806+0000][7][gc,heap     ] GC(535) Eden regions: 152->0(152)
[2024-01-24T22:47:32.806+0000][7][gc,heap     ] GC(535) Survivor regions: 1->1(20)
[2024-01-24T22:47:32.806+0000][7][gc,heap     ] GC(535) Old regions: 36->36
[2024-01-24T22:47:32.806+0000][7][gc,heap     ] GC(535) Archive regions: 2->2
[2024-01-24T22:47:32.806+0000][7][gc,heap     ] GC(535) Humongous regions: 0->0
[2024-01-24T22:47:32.806+0000][7][gc,metaspace] GC(535) Metaspace: 131136K(134784K)->131136K(134784K) NonClass: 114070K(115968K)->114070K(115968K) Class: 17066K(18816K)->17066K(18816K)
[2024-01-24T22:47:32.806+0000][7][gc          ] GC(535) Pause Young (Normal) (G1 Evacuation Pause) 756M->148M(1024M) 2.205ms
[2024-01-24T22:47:32.806+0000][7][gc,cpu      ] GC(535) User=0.01s Sys=0.00s Real=0.00s
[2024-01-24T22:47:32.806+0000][7][safepoint   ] Safepoint "G1CollectForAllocation", Time since last: 134935385374 ns, Reaching safepoint: 28677 ns, At safepoint: 2278912 ns, Total: 2307589 ns
[2024-01-24T22:50:32.657+0000][7][gc,start    ] GC(536) Pause Young (Normal) (G1 Evacuation Pause)
[2024-01-24T22:50:32.657+0000][7][gc,task     ] GC(536) Using 8 workers of 8 for evacuation
[2024-01-24T22:50:32.657+0000][7][gc,age      ] GC(536) Desired survivor size 41943040 bytes, new threshold 15 (max threshold 15)
[2024-01-24T22:50:32.659+0000][7][gc,phases   ] GC(536)   Pre Evacuate Collection Set: 0.1ms
[2024-01-24T22:50:32.659+0000][7][gc,phases   ] GC(536)   Merge Heap Roots: 0.1ms
[2024-01-24T22:50:32.659+0000][7][gc,phases   ] GC(536)   Evacuate Collection Set: 1.0ms
[2024-01-24T22:50:32.659+0000][7][gc,phases   ] GC(536)   Post Evacuate Collection Set: 0.6ms
[2024-01-24T22:50:32.659+0000][7][gc,phases   ] GC(536)   Other: 0.1ms
[2024-01-24T22:50:32.659+0000][7][gc,age      ] GC(536) Age table with threshold 15 (max threshold 15)
[2024-01-24T22:50:32.659+0000][7][gc,age      ] GC(536) - age   1:    1418344 bytes,    1418344 total
[2024-01-24T22:50:32.659+0000][7][gc,age      ] GC(536) - age   2:       8416 bytes,    1426760 total
[2024-01-24T22:50:32.659+0000][7][gc,age      ] GC(536) - age   3:       1152 bytes,    1427912 total
[2024-01-24T22:50:32.659+0000][7][gc,age      ] GC(536) - age   4:       1584 bytes,    1429496 total
[2024-01-24T22:50:32.659+0000][7][gc,age      ] GC(536) - age   5:         24 bytes,    1429520 total
[2024-01-24T22:50:32.659+0000][7][gc,age      ] GC(536) - age   7:        448 bytes,    1429968 total
[2024-01-24T22:50:32.659+0000][7][gc,age      ] GC(536) - age   8:      10264 bytes,    1440232 total
[2024-01-24T22:50:32.659+0000][7][gc,age      ] GC(536) - age  10:        368 bytes,    1440600 total
[2024-01-24T22:50:32.659+0000][7][gc,age      ] GC(536) - age  12:         16 bytes,    1440616 total
[2024-01-24T22:50:32.659+0000][7][gc,age      ] GC(536) - age  13:      10264 bytes,    1450880 total
[2024-01-24T22:50:32.659+0000][7][gc,age      ] GC(536) - age  14:      55168 bytes,    1506048 total
[2024-01-24T22:50:32.659+0000][7][gc,age      ] GC(536) - age  15:     110136 bytes,    1616184 total
[2024-01-24T22:50:32.659+0000][7][gc,heap     ] GC(536) Eden regions: 152->0(152)
[2024-01-24T22:50:32.659+0000][7][gc,heap     ] GC(536) Survivor regions: 1->1(20)
[2024-01-24T22:50:32.659+0000][7][gc,heap     ] GC(536) Old regions: 36->36
[2024-01-24T22:50:32.659+0000][7][gc,heap     ] GC(536) Archive regions: 2->2
[2024-01-24T22:50:32.659+0000][7][gc,heap     ] GC(536) Humongous regions: 0->0
[2024-01-24T22:50:32.659+0000][7][gc,metaspace] GC(536) Metaspace: 131136K(134784K)->131136K(134784K) NonClass: 114070K(115968K)->114070K(115968K) Class: 17066K(18816K)->17066K(18816K)
[2024-01-24T22:50:32.659+0000][7][gc          ] GC(536) Pause Young (Normal) (G1 Evacuation Pause) 756M->148M(1024M) 2.006ms
[2024-01-24T22:50:32.659+0000][7][gc,cpu      ] GC(536) User=0.01s Sys=0.00s Real=0.01s
[2024-01-24T22:50:32.659+0000][7][safepoint   ] Safepoint "G1CollectForAllocation", Time since last: 179851006509 ns, Reaching safepoint: 26514 ns, At safepoint: 2073386 ns, Total: 2099900 ns
[2024-01-24T22:53:15.094+0000][7][gc,start    ] GC(537) Pause Young (Normal) (G1 Evacuation Pause)
[2024-01-24T22:53:15.094+0000][7][gc,task     ] GC(537) Using 8 workers of 8 for evacuation
[2024-01-24T22:53:15.094+0000][7][gc,age      ] GC(537) Desired survivor size 41943040 bytes, new threshold 15 (max threshold 15)
[2024-01-24T22:53:15.096+0000][7][gc,phases   ] GC(537)   Pre Evacuate Collection Set: 0.1ms
[2024-01-24T22:53:15.096+0000][7][gc,phases   ] GC(537)   Merge Heap Roots: 0.1ms
[2024-01-24T22:53:15.096+0000][7][gc,phases   ] GC(537)   Evacuate Collection Set: 0.9ms
[2024-01-24T22:53:15.096+0000][7][gc,phases   ] GC(537)   Post Evacuate Collection Set: 0.5ms
[2024-01-24T22:53:15.096+0000][7][gc,phases   ] GC(537)   Other: 0.1ms
[2024-01-24T22:53:15.096+0000][7][gc,age      ] GC(537) Age table with threshold 15 (max threshold 15)
[2024-01-24T22:53:15.096+0000][7][gc,age      ] GC(537) - age   1:     925688 bytes,     925688 total
[2024-01-24T22:53:15.096+0000][7][gc,age      ] GC(537) - age   2:      13280 bytes,     938968 total
[2024-01-24T22:53:15.096+0000][7][gc,age      ] GC(537) - age   3:       3880 bytes,     942848 total
[2024-01-24T22:53:15.096+0000][7][gc,age      ] GC(537) - age   4:        512 bytes,     943360 total
[2024-01-24T22:53:15.096+0000][7][gc,age      ] GC(537) - age   5:        672 bytes,     944032 total
[2024-01-24T22:53:15.096+0000][7][gc,age      ] GC(537) - age   6:         24 bytes,     944056 total
[2024-01-24T22:53:15.096+0000][7][gc,age      ] GC(537) - age   8:        448 bytes,     944504 total
[2024-01-24T22:53:15.096+0000][7][gc,age      ] GC(537) - age   9:      10264 bytes,     954768 total
[2024-01-24T22:53:15.096+0000][7][gc,age      ] GC(537) - age  11:        368 bytes,     955136 total
[2024-01-24T22:53:15.096+0000][7][gc,age      ] GC(537) - age  13:         16 bytes,     955152 total
[2024-01-24T22:53:15.096+0000][7][gc,age      ] GC(537) - age  14:      10264 bytes,     965416 total
[2024-01-24T22:53:15.096+0000][7][gc,age      ] GC(537) - age  15:      55168 bytes,    1020584 total
[2024-01-24T22:53:15.096+0000][7][gc,heap     ] GC(537) Eden regions: 152->0(152)
[2024-01-24T22:53:15.096+0000][7][gc,heap     ] GC(537) Survivor regions: 1->1(20)
[2024-01-24T22:53:15.096+0000][7][gc,heap     ] GC(537) Old regions: 36->36
[2024-01-24T22:53:15.096+0000][7][gc,heap     ] GC(537) Archive regions: 2->2
[2024-01-24T22:53:15.096+0000][7][gc,heap     ] GC(537) Humongous regions: 0->0
[2024-01-24T22:53:15.096+0000][7][gc,metaspace] GC(537) Metaspace: 131136K(134784K)->131136K(134784K) NonClass: 114070K(115968K)->114070K(115968K) Class: 17066K(18816K)->17066K(18816K)
[2024-01-24T22:53:15.096+0000][7][gc          ] GC(537) Pause Young (Normal) (G1 Evacuation Pause) 756M->147M(1024M) 1.816ms
[2024-01-24T22:53:15.096+0000][7][gc,cpu      ] GC(537) User=0.01s Sys=0.00s Real=0.00s
[2024-01-24T22:53:15.096+0000][7][safepoint   ] Safepoint "G1CollectForAllocation", Time since last: 162434815066 ns, Reaching safepoint: 31925 ns, At safepoint: 1913784 ns, Total: 1945709 ns
[2024-01-24T22:54:46.104+0000][7][safepoint   ] Safepoint "Cleanup", Time since last: 91008309891 ns, Reaching safepoint: 41922 ns, At safepoint: 3966 ns, Total: 45888 ns
[2024-01-24T22:54:52.105+0000][7][safepoint   ] Safepoint "Cleanup", Time since last: 6000499896 ns, Reaching safepoint: 114767 ns, At safepoint: 7807 ns, Total: 122574 ns
[2024-01-24T22:56:03.495+0000][7][gc,start    ] GC(538) Pause Young (Normal) (G1 Evacuation Pause)
[2024-01-24T22:56:03.495+0000][7][gc,task     ] GC(538) Using 8 workers of 8 for evacuation
[2024-01-24T22:56:03.495+0000][7][gc,age      ] GC(538) Desired survivor size 41943040 bytes, new threshold 15 (max threshold 15)
[2024-01-24T22:56:03.497+0000][7][gc,phases   ] GC(538)   Pre Evacuate Collection Set: 0.1ms
[2024-01-24T22:56:03.497+0000][7][gc,phases   ] GC(538)   Merge Heap Roots: 0.1ms
[2024-01-24T22:56:03.497+0000][7][gc,phases   ] GC(538)   Evacuate Collection Set: 1.4ms
[2024-01-24T22:56:03.497+0000][7][gc,phases   ] GC(538)   Post Evacuate Collection Set: 0.7ms
[2024-01-24T22:56:03.497+0000][7][gc,phases   ] GC(538)   Other: 0.1ms
[2024-01-24T22:56:03.497+0000][7][gc,age      ] GC(538) Age table with threshold 15 (max threshold 15)
[2024-01-24T22:56:03.497+0000][7][gc,age      ] GC(538) - age   1:    1499984 bytes,    1499984 total
[2024-01-24T22:56:03.497+0000][7][gc,age      ] GC(538) - age   2:       4584 bytes,    1504568 total
[2024-01-24T22:56:03.497+0000][7][gc,age      ] GC(538) - age   3:       1808 bytes,    1506376 total
[2024-01-24T22:56:03.497+0000][7][gc,age      ] GC(538) - age   4:       2816 bytes,    1509192 total
[2024-01-24T22:56:03.497+0000][7][gc,age      ] GC(538) - age   5:        256 bytes,    1509448 total
[2024-01-24T22:56:03.497+0000][7][gc,age      ] GC(538) - age   6:        608 bytes,    1510056 total
[2024-01-24T22:56:03.497+0000][7][gc,age      ] GC(538) - age   7:         24 bytes,    1510080 total
[2024-01-24T22:56:03.497+0000][7][gc,age      ] GC(538) - age   9:        448 bytes,    1510528 total
[2024-01-24T22:56:03.497+0000][7][gc,age      ] GC(538) - age  10:      10264 bytes,    1520792 total
[2024-01-24T22:56:03.497+0000][7][gc,age      ] GC(538) - age  12:        368 bytes,    1521160 total
[2024-01-24T22:56:03.497+0000][7][gc,age      ] GC(538) - age  14:         16 bytes,    1521176 total
[2024-01-24T22:56:03.497+0000][7][gc,age      ] GC(538) - age  15:      10264 bytes,    1531440 total
[2024-01-24T22:56:03.497+0000][7][gc,heap     ] GC(538) Eden regions: 152->0(152)
[2024-01-24T22:56:03.497+0000][7][gc,heap     ] GC(538) Survivor regions: 1->1(20)
[2024-01-24T22:56:03.497+0000][7][gc,heap     ] GC(538) Old regions: 36->36
[2024-01-24T22:56:03.497+0000][7][gc,heap     ] GC(538) Archive regions: 2->2
[2024-01-24T22:56:03.497+0000][7][gc,heap     ] GC(538) Humongous regions: 0->0
[2024-01-24T22:56:03.497+0000][7][gc,metaspace] GC(538) Metaspace: 131136K(134784K)->131136K(134784K) NonClass: 114070K(115968K)->114070K(115968K) Class: 17066K(18816K)->17066K(18816K)
[2024-01-24T22:56:03.497+0000][7][gc          ] GC(538) Pause Young (Normal) (G1 Evacuation Pause) 755M->148M(1024M) 2.675ms
[2024-01-24T22:56:03.497+0000][7][gc,cpu      ] GC(538) User=0.02s Sys=0.00s Real=0.01s
[2024-01-24T22:56:03.497+0000][7][safepoint   ] Safepoint "G1CollectForAllocation", Time since last: 71389572485 ns, Reaching safepoint: 38907 ns, At safepoint: 2772927 ns, Total: 2811834 ns
[2024-01-24T22:58:51.064+0000][7][gc,start    ] GC(539) Pause Young (Normal) (G1 Evacuation Pause)
[2024-01-24T22:58:51.064+0000][7][gc,task     ] GC(539) Using 8 workers of 8 for evacuation
[2024-01-24T22:58:51.064+0000][7][gc,age      ] GC(539) Desired survivor size 41943040 bytes, new threshold 15 (max threshold 15)
[2024-01-24T22:58:51.066+0000][7][gc,phases   ] GC(539)   Pre Evacuate Collection Set: 0.1ms
[2024-01-24T22:58:51.066+0000][7][gc,phases   ] GC(539)   Merge Heap Roots: 0.0ms
[2024-01-24T22:58:51.066+0000][7][gc,phases   ] GC(539)   Evacuate Collection Set: 1.0ms
[2024-01-24T22:58:51.066+0000][7][gc,phases   ] GC(539)   Post Evacuate Collection Set: 0.6ms
[2024-01-24T22:58:51.066+0000][7][gc,phases   ] GC(539)   Other: 0.1ms
[2024-01-24T22:58:51.066+0000][7][gc,age      ] GC(539) Age table with threshold 15 (max threshold 15)
[2024-01-24T22:58:51.066+0000][7][gc,age      ] GC(539) - age   1:    1910432 bytes,    1910432 total
[2024-01-24T22:58:51.066+0000][7][gc,age      ] GC(539) - age   2:       4512 bytes,    1914944 total
[2024-01-24T22:58:51.066+0000][7][gc,age      ] GC(539) - age   3:       1632 bytes,    1916576 total
[2024-01-24T22:58:51.066+0000][7][gc,age      ] GC(539) - age   4:       1264 bytes,    1917840 total
[2024-01-24T22:58:51.066+0000][7][gc,age      ] GC(539) - age   5:        448 bytes,    1918288 total
[2024-01-24T22:58:51.066+0000][7][gc,age      ] GC(539) - age   6:        192 bytes,    1918480 total
[2024-01-24T22:58:51.066+0000][7][gc,age      ] GC(539) - age   7:        216 bytes,    1918696 total
[2024-01-24T22:58:51.066+0000][7][gc,age      ] GC(539) - age  10:        264 bytes,    1918960 total
[2024-01-24T22:58:51.066+0000][7][gc,age      ] GC(539) - age  11:      10264 bytes,    1929224 total
[2024-01-24T22:58:51.066+0000][7][gc,age      ] GC(539) - age  13:        184 bytes,    1929408 total
[2024-01-24T22:58:51.066+0000][7][gc,age      ] GC(539) - age  15:         16 bytes,    1929424 total
[2024-01-24T22:58:51.066+0000][7][gc,heap     ] GC(539) Eden regions: 152->0(152)
[2024-01-24T22:58:51.066+0000][7][gc,heap     ] GC(539) Survivor regions: 1->1(20)
[2024-01-24T22:58:51.066+0000][7][gc,heap     ] GC(539) Old regions: 36->36
[2024-01-24T22:58:51.066+0000][7][gc,heap     ] GC(539) Archive regions: 2->2
[2024-01-24T22:58:51.066+0000][7][gc,heap     ] GC(539) Humongous regions: 0->0
[2024-01-24T22:58:51.066+0000][7][gc,metaspace] GC(539) Metaspace: 131136K(134784K)->131136K(134784K) NonClass: 114070K(115968K)->114070K(115968K) Class: 17066K(18816K)->17066K(18816K)
[2024-01-24T22:58:51.066+0000][7][gc          ] GC(539) Pause Young (Normal) (G1 Evacuation Pause) 756M->148M(1024M) 1.983ms
[2024-01-24T22:58:51.066+0000][7][gc,cpu      ] GC(539) User=0.01s Sys=0.00s Real=0.00s
[2024-01-24T22:58:51.066+0000][7][safepoint   ] Safepoint "G1CollectForAllocation", Time since last: 167566592080 ns, Reaching safepoint: 42657 ns, At safepoint: 2050958 ns, Total: 2093615 ns
[2024-01-24T23:01:44.666+0000][7][gc,start    ] GC(540) Pause Young (Normal) (G1 Evacuation Pause)
[2024-01-24T23:01:44.666+0000][7][gc,task     ] GC(540) Using 8 workers of 8 for evacuation
[2024-01-24T23:01:44.666+0000][7][gc,age      ] GC(540) Desired survivor size 41943040 bytes, new threshold 15 (max threshold 15)
[2024-01-24T23:01:44.669+0000][7][gc,phases   ] GC(540)   Pre Evacuate Collection Set: 0.1ms
[2024-01-24T23:01:44.669+0000][7][gc,phases   ] GC(540)   Merge Heap Roots: 0.1ms
[2024-01-24T23:01:44.669+0000][7][gc,phases   ] GC(540)   Evacuate Collection Set: 1.3ms
[2024-01-24T23:01:44.669+0000][7][gc,phases   ] GC(540)   Post Evacuate Collection Set: 0.7ms
[2024-01-24T23:01:44.669+0000][7][gc,phases   ] GC(540)   Other: 0.1ms
[2024-01-24T23:01:44.669+0000][7][gc,age      ] GC(540) Age table with threshold 15 (max threshold 15)
[2024-01-24T23:01:44.669+0000][7][gc,age      ] GC(540) - age   1:    1137232 bytes,    1137232 total
[2024-01-24T23:01:44.669+0000][7][gc,age      ] GC(540) - age   2:     240216 bytes,    1377448 total
[2024-01-24T23:01:44.669+0000][7][gc,age      ] GC(540) - age   3:       1056 bytes,    1378504 total
[2024-01-24T23:01:44.669+0000][7][gc,age      ] GC(540) - age   4:       1120 bytes,    1379624 total
[2024-01-24T23:01:44.669+0000][7][gc,age      ] GC(540) - age   5:        368 bytes,    1379992 total
[2024-01-24T23:01:44.669+0000][7][gc,age      ] GC(540) - age   6:        384 bytes,    1380376 total
[2024-01-24T23:01:44.669+0000][7][gc,age      ] GC(540) - age   8:        216 bytes,    1380592 total
[2024-01-24T23:01:44.669+0000][7][gc,age      ] GC(540) - age  11:        264 bytes,    1380856 total
[2024-01-24T23:01:44.669+0000][7][gc,age      ] GC(540) - age  12:      10264 bytes,    1391120 total
[2024-01-24T23:01:44.669+0000][7][gc,heap     ] GC(540) Eden regions: 152->0(152)
[2024-01-24T23:01:44.669+0000][7][gc,heap     ] GC(540) Survivor regions: 1->1(20)
[2024-01-24T23:01:44.669+0000][7][gc,heap     ] GC(540) Old regions: 36->36
[2024-01-24T23:01:44.669+0000][7][gc,heap     ] GC(540) Archive regions: 2->2
[2024-01-24T23:01:44.669+0000][7][gc,heap     ] GC(540) Humongous regions: 0->0
[2024-01-24T23:01:44.669+0000][7][gc,metaspace] GC(540) Metaspace: 131136K(134784K)->131136K(134784K) NonClass: 114070K(115968K)->114070K(115968K) Class: 17066K(18816K)->17066K(18816K)
[2024-01-24T23:01:44.669+0000][7][gc          ] GC(540) Pause Young (Normal) (G1 Evacuation Pause) 756M->148M(1024M) 2.631ms
[2024-01-24T23:01:44.669+0000][7][gc,cpu      ] GC(540) User=0.01s Sys=0.00s Real=0.00s
[2024-01-24T23:01:44.669+0000][7][safepoint   ] Safepoint "G1CollectForAllocation", Time since last: 173600156332 ns, Reaching safepoint: 47947 ns, At safepoint: 2717966 ns, Total: 2765913 ns
[2024-01-24T23:04:29.648+0000][7][gc,start    ] GC(541) Pause Young (Normal) (G1 Evacuation Pause)
[2024-01-24T23:04:29.648+0000][7][gc,task     ] GC(541) Using 8 workers of 8 for evacuation
[2024-01-24T23:04:29.648+0000][7][gc,age      ] GC(541) Desired survivor size 41943040 bytes, new threshold 15 (max threshold 15)
[2024-01-24T23:04:29.650+0000][7][gc,phases   ] GC(541)   Pre Evacuate Collection Set: 0.1ms
[2024-01-24T23:04:29.650+0000][7][gc,phases   ] GC(541)   Merge Heap Roots: 0.1ms
[2024-01-24T23:04:29.650+0000][7][gc,phases   ] GC(541)   Evacuate Collection Set: 1.3ms
[2024-01-24T23:04:29.650+0000][7][gc,phases   ] GC(541)   Post Evacuate Collection Set: 0.7ms
[2024-01-24T23:04:29.650+0000][7][gc,phases   ] GC(541)   Other: 0.1ms
[2024-01-24T23:04:29.650+0000][7][gc,age      ] GC(541) Age table with threshold 15 (max threshold 15)
[2024-01-24T23:04:29.650+0000][7][gc,age      ] GC(541) - age   1:     932272 bytes,     932272 total
[2024-01-24T23:04:29.651+0000][7][gc,age      ] GC(541) - age   2:       4960 bytes,     937232 total
[2024-01-24T23:04:29.651+0000][7][gc,age      ] GC(541) - age   3:     111856 bytes,    1049088 total
[2024-01-24T23:04:29.651+0000][7][gc,age      ] GC(541) - age   4:        184 bytes,    1049272 total
[2024-01-24T23:04:29.651+0000][7][gc,age      ] GC(541) - age   5:        280 bytes,    1049552 total
[2024-01-24T23:04:29.651+0000][7][gc,age      ] GC(541) - age   6:        184 bytes,    1049736 total
[2024-01-24T23:04:29.651+0000][7][gc,age      ] GC(541) - age   7:        384 bytes,    1050120 total
[2024-01-24T23:04:29.651+0000][7][gc,age      ] GC(541) - age  12:        264 bytes,    1050384 total
[2024-01-24T23:04:29.651+0000][7][gc,age      ] GC(541) - age  13:      10264 bytes,    1060648 total
[2024-01-24T23:04:29.651+0000][7][gc,heap     ] GC(541) Eden regions: 152->0(152)
[2024-01-24T23:04:29.651+0000][7][gc,heap     ] GC(541) Survivor regions: 1->1(20)
[2024-01-24T23:04:29.651+0000][7][gc,heap     ] GC(541) Old regions: 36->36
[2024-01-24T23:04:29.651+0000][7][gc,heap     ] GC(541) Archive regions: 2->2
[2024-01-24T23:04:29.651+0000][7][gc,heap     ] GC(541) Humongous regions: 0->0
[2024-01-24T23:04:29.651+0000][7][gc,metaspace] GC(541) Metaspace: 131136K(134784K)->131136K(134784K) NonClass: 114070K(115968K)->114070K(115968K) Class: 17066K(18816K)->17066K(18816K)
[2024-01-24T23:04:29.651+0000][7][gc          ] GC(541) Pause Young (Normal) (G1 Evacuation Pause) 756M->147M(1024M) 2.577ms
[2024-01-24T23:04:29.651+0000][7][gc,cpu      ] GC(541) User=0.02s Sys=0.00s Real=0.01s
[2024-01-24T23:04:29.651+0000][7][safepoint   ] Safepoint "G1CollectForAllocation", Time since last: 164979051090 ns, Reaching safepoint: 44441 ns, At safepoint: 2680874 ns, Total: 2725315 ns
[2024-01-24T23:07:20.779+0000][7][gc,start    ] GC(542) Pause Young (Normal) (G1 Evacuation Pause)
[2024-01-24T23:07:20.779+0000][7][gc,task     ] GC(542) Using 8 workers of 8 for evacuation
[2024-01-24T23:07:20.779+0000][7][gc,age      ] GC(542) Desired survivor size 41943040 bytes, new threshold 15 (max threshold 15)
[2024-01-24T23:07:20.781+0000][7][gc,phases   ] GC(542)   Pre Evacuate Collection Set: 0.1ms
[2024-01-24T23:07:20.781+0000][7][gc,phases   ] GC(542)   Merge Heap Roots: 0.0ms
[2024-01-24T23:07:20.781+0000][7][gc,phases   ] GC(542)   Evacuate Collection Set: 1.0ms
[2024-01-24T23:07:20.781+0000][7][gc,phases   ] GC(542)   Post Evacuate Collection Set: 0.5ms
[2024-01-24T23:07:20.781+0000][7][gc,phases   ] GC(542)   Other: 0.1ms
[2024-01-24T23:07:20.781+0000][7][gc,age      ] GC(542) Age table with threshold 15 (max threshold 15)
[2024-01-24T23:07:20.781+0000][7][gc,age      ] GC(542) - age   1:    2049096 bytes,    2049096 total
[2024-01-24T23:07:20.781+0000][7][gc,age      ] GC(542) - age   2:     159712 bytes,    2208808 total
[2024-01-24T23:07:20.781+0000][7][gc,age      ] GC(542) - age   3:       1528 bytes,    2210336 total
[2024-01-24T23:07:20.781+0000][7][gc,age      ] GC(542) - age   4:     108656 bytes,    2318992 total
[2024-01-24T23:07:20.781+0000][7][gc,age      ] GC(542) - age   5:        184 bytes,    2319176 total
[2024-01-24T23:07:20.781+0000][7][gc,age      ] GC(542) - age   6:        280 bytes,    2319456 total
[2024-01-24T23:07:20.781+0000][7][gc,age      ] GC(542) - age  13:        264 bytes,    2319720 total
[2024-01-24T23:07:20.781+0000][7][gc,age      ] GC(542) - age  14:      10264 bytes,    2329984 total
[2024-01-24T23:07:20.781+0000][7][gc,heap     ] GC(542) Eden regions: 152->0(152)
[2024-01-24T23:07:20.781+0000][7][gc,heap     ] GC(542) Survivor regions: 1->1(20)
[2024-01-24T23:07:20.781+0000][7][gc,heap     ] GC(542) Old regions: 36->36
[2024-01-24T23:07:20.781+0000][7][gc,heap     ] GC(542) Archive regions: 2->2
[2024-01-24T23:07:20.781+0000][7][gc,heap     ] GC(542) Humongous regions: 0->0
[2024-01-24T23:07:20.781+0000][7][gc,metaspace] GC(542) Metaspace: 131136K(134784K)->131136K(134784K) NonClass: 114070K(115968K)->114070K(115968K) Class: 17066K(18816K)->17066K(18816K)
[2024-01-24T23:07:20.781+0000][7][gc          ] GC(542) Pause Young (Normal) (G1 Evacuation Pause) 755M->148M(1024M) 1.938ms
[2024-01-24T23:07:20.781+0000][7][gc,cpu      ] GC(542) User=0.01s Sys=0.01s Real=0.00s
[2024-01-24T23:07:20.781+0000][7][safepoint   ] Safepoint "G1CollectForAllocation", Time since last: 171128615306 ns, Reaching safepoint: 49910 ns, At safepoint: 2006075 ns, Total: 2055985 ns
[2024-01-24T23:09:47.696+0000][7][gc,start    ] GC(543) Pause Young (Normal) (G1 Evacuation Pause)
[2024-01-24T23:09:47.696+0000][7][gc,task     ] GC(543) Using 8 workers of 8 for evacuation
[2024-01-24T23:09:47.696+0000][7][gc,age      ] GC(543) Desired survivor size 41943040 bytes, new threshold 15 (max threshold 15)
[2024-01-24T23:09:47.699+0000][7][gc,phases   ] GC(543)   Pre Evacuate Collection Set: 0.1ms
[2024-01-24T23:09:47.699+0000][7][gc,phases   ] GC(543)   Merge Heap Roots: 0.1ms
[2024-01-24T23:09:47.699+0000][7][gc,phases   ] GC(543)   Evacuate Collection Set: 1.7ms
[2024-01-24T23:09:47.699+0000][7][gc,phases   ] GC(543)   Post Evacuate Collection Set: 0.7ms
[2024-01-24T23:09:47.699+0000][7][gc,phases   ] GC(543)   Other: 0.1ms
[2024-01-24T23:09:47.699+0000][7][gc,age      ] GC(543) Age table with threshold 15 (max threshold 15)
[2024-01-24T23:09:47.699+0000][7][gc,age      ] GC(543) - age   1:    2087968 bytes,    2087968 total
[2024-01-24T23:09:47.699+0000][7][gc,age      ] GC(543) - age   2:      30624 bytes,    2118592 total
[2024-01-24T23:09:47.699+0000][7][gc,age      ] GC(543) - age   3:     157776 bytes,    2276368 total
[2024-01-24T23:09:47.699+0000][7][gc,age      ] GC(543) - age   4:        896 bytes,    2277264 total
[2024-01-24T23:09:47.699+0000][7][gc,age      ] GC(543) - age   5:     108568 bytes,    2385832 total
[2024-01-24T23:09:47.699+0000][7][gc,age      ] GC(543) - age   6:        184 bytes,    2386016 total
[2024-01-24T23:09:47.699+0000][7][gc,age      ] GC(543) - age   7:        280 bytes,    2386296 total
[2024-01-24T23:09:47.699+0000][7][gc,age      ] GC(543) - age  14:        264 bytes,    2386560 total
[2024-01-24T23:09:47.699+0000][7][gc,age      ] GC(543) - age  15:      10264 bytes,    2396824 total
[2024-01-24T23:09:47.699+0000][7][gc,heap     ] GC(543) Eden regions: 152->0(152)
[2024-01-24T23:09:47.699+0000][7][gc,heap     ] GC(543) Survivor regions: 1->1(20)
[2024-01-24T23:09:47.699+0000][7][gc,heap     ] GC(543) Old regions: 36->36
[2024-01-24T23:09:47.699+0000][7][gc,heap     ] GC(543) Archive regions: 2->2
[2024-01-24T23:09:47.699+0000][7][gc,heap     ] GC(543) Humongous regions: 0->0
[2024-01-24T23:09:47.699+0000][7][gc,metaspace] GC(543) Metaspace: 131137K(134784K)->131137K(134784K) NonClass: 114071K(115968K)->114071K(115968K) Class: 17066K(18816K)->17066K(18816K)
[2024-01-24T23:09:47.699+0000][7][gc          ] GC(543) Pause Young (Normal) (G1 Evacuation Pause) 756M->149M(1024M) 2.957ms
[2024-01-24T23:09:47.699+0000][7][gc,cpu      ] GC(543) User=0.01s Sys=0.00s Real=0.01s
[2024-01-24T23:09:47.699+0000][7][safepoint   ] Safepoint "G1CollectForAllocation", Time since last: 146914509494 ns, Reaching safepoint: 110968 ns, At safepoint: 3048438 ns, Total: 3159406 ns
[2024-01-24T23:12:32.687+0000][7][gc,start    ] GC(544) Pause Young (Normal) (G1 Evacuation Pause)
[2024-01-24T23:12:32.687+0000][7][gc,task     ] GC(544) Using 8 workers of 8 for evacuation
[2024-01-24T23:12:32.687+0000][7][gc,age      ] GC(544) Desired survivor size 41943040 bytes, new threshold 15 (max threshold 15)
[2024-01-24T23:12:32.690+0000][7][gc,phases   ] GC(544)   Pre Evacuate Collection Set: 0.1ms
[2024-01-24T23:12:32.690+0000][7][gc,phases   ] GC(544)   Merge Heap Roots: 0.1ms
[2024-01-24T23:12:32.690+0000][7][gc,phases   ] GC(544)   Evacuate Collection Set: 1.4ms
[2024-01-24T23:12:32.690+0000][7][gc,phases   ] GC(544)   Post Evacuate Collection Set: 0.7ms
[2024-01-24T23:12:32.690+0000][7][gc,phases   ] GC(544)   Other: 0.1ms
[2024-01-24T23:12:32.690+0000][7][gc,age      ] GC(544) Age table with threshold 15 (max threshold 15)
[2024-01-24T23:12:32.690+0000][7][gc,age      ] GC(544) - age   1:    1348360 bytes,    1348360 total
[2024-01-24T23:12:32.690+0000][7][gc,age      ] GC(544) - age   2:     154920 bytes,    1503280 total
[2024-01-24T23:12:32.690+0000][7][gc,age      ] GC(544) - age   3:      27256 bytes,    1530536 total
[2024-01-24T23:12:32.690+0000][7][gc,age      ] GC(544) - age   4:     156952 bytes,    1687488 total
[2024-01-24T23:12:32.690+0000][7][gc,age      ] GC(544) - age   6:     108176 bytes,    1795664 total
[2024-01-24T23:12:32.690+0000][7][gc,age      ] GC(544) - age   8:        280 bytes,    1795944 total
[2024-01-24T23:12:32.690+0000][7][gc,age      ] GC(544) - age  15:        264 bytes,    1796208 total
[2024-01-24T23:12:32.690+0000][7][gc,heap     ] GC(544) Eden regions: 152->0(152)
[2024-01-24T23:12:32.690+0000][7][gc,heap     ] GC(544) Survivor regions: 1->1(20)
[2024-01-24T23:12:32.690+0000][7][gc,heap     ] GC(544) Old regions: 36->36
[2024-01-24T23:12:32.690+0000][7][gc,heap     ] GC(544) Archive regions: 2->2
[2024-01-24T23:12:32.690+0000][7][gc,heap     ] GC(544) Humongous regions: 0->0
[2024-01-24T23:12:32.690+0000][7][gc,metaspace] GC(544) Metaspace: 131137K(134784K)->131137K(134784K) NonClass: 114071K(115968K)->114071K(115968K) Class: 17066K(18816K)->17066K(18816K)
[2024-01-24T23:12:32.690+0000][7][gc          ] GC(544) Pause Young (Normal) (G1 Evacuation Pause) 757M->148M(1024M) 2.603ms
[2024-01-24T23:12:32.690+0000][7][gc,cpu      ] GC(544) User=0.02s Sys=0.00s Real=0.01s
[2024-01-24T23:12:32.690+0000][7][safepoint   ] Safepoint "G1CollectForAllocation", Time since last: 164988108805 ns, Reaching safepoint: 55298 ns, At safepoint: 2685973 ns, Total: 2741271 ns
[2024-01-24T23:13:14.694+0000][7][safepoint   ] Safepoint "Cleanup", Time since last: 42003729042 ns, Reaching safepoint: 121276 ns, At safepoint: 10706 ns, Total: 131982 ns
[2024-01-24T23:13:38.697+0000][7][safepoint   ] Safepoint "Cleanup", Time since last: 24002828480 ns, Reaching safepoint: 120084 ns, At safepoint: 14919 ns, Total: 135003 ns
[2024-01-24T23:15:14.923+0000][7][gc,start    ] GC(545) Pause Young (Normal) (G1 Evacuation Pause)
[2024-01-24T23:15:14.924+0000][7][gc,task     ] GC(545) Using 8 workers of 8 for evacuation
[2024-01-24T23:15:14.924+0000][7][gc,age      ] GC(545) Desired survivor size 41943040 bytes, new threshold 15 (max threshold 15)
[2024-01-24T23:15:14.925+0000][7][gc,phases   ] GC(545)   Pre Evacuate Collection Set: 0.1ms
[2024-01-24T23:15:14.926+0000][7][gc,phases   ] GC(545)   Merge Heap Roots: 0.0ms
[2024-01-24T23:15:14.926+0000][7][gc,phases   ] GC(545)   Evacuate Collection Set: 1.1ms
[2024-01-24T23:15:14.926+0000][7][gc,phases   ] GC(545)   Post Evacuate Collection Set: 0.7ms
[2024-01-24T23:15:14.926+0000][7][gc,phases   ] GC(545)   Other: 0.1ms
[2024-01-24T23:15:14.926+0000][7][gc,age      ] GC(545) Age table with threshold 15 (max threshold 15)
[2024-01-24T23:15:14.926+0000][7][gc,age      ] GC(545) - age   1:    1786424 bytes,    1786424 total
[2024-01-24T23:15:14.926+0000][7][gc,age      ] GC(545) - age   2:      12336 bytes,    1798760 total
[2024-01-24T23:15:14.926+0000][7][gc,age      ] GC(545) - age   3:     142992 bytes,    1941752 total
[2024-01-24T23:15:14.926+0000][7][gc,age      ] GC(545) - age   4:      26240 bytes,    1967992 total
[2024-01-24T23:15:14.926+0000][7][gc,age      ] GC(545) - age   5:     156104 bytes,    2124096 total
[2024-01-24T23:15:14.926+0000][7][gc,age      ] GC(545) - age   7:     108176 bytes,    2232272 total
[2024-01-24T23:15:14.926+0000][7][gc,age      ] GC(545) - age   9:        248 bytes,    2232520 total
[2024-01-24T23:15:14.926+0000][7][gc,heap     ] GC(545) Eden regions: 152->0(152)
[2024-01-24T23:15:14.926+0000][7][gc,heap     ] GC(545) Survivor regions: 1->1(20)
[2024-01-24T23:15:14.926+0000][7][gc,heap     ] GC(545) Old regions: 36->36
[2024-01-24T23:15:14.926+0000][7][gc,heap     ] GC(545) Archive regions: 2->2
[2024-01-24T23:15:14.926+0000][7][gc,heap     ] GC(545) Humongous regions: 0->0
[2024-01-24T23:15:14.926+0000][7][gc,metaspace] GC(545) Metaspace: 131137K(134784K)->131137K(134784K) NonClass: 114071K(115968K)->114071K(115968K) Class: 17066K(18816K)->17066K(18816K)
[2024-01-24T23:15:14.926+0000][7][gc          ] GC(545) Pause Young (Normal) (G1 Evacuation Pause) 756M->148M(1024M) 2.125ms
[2024-01-24T23:15:14.926+0000][7][gc,cpu      ] GC(545) User=0.01s Sys=0.00s Real=0.00s
[2024-01-24T23:15:14.926+0000][7][safepoint   ] Safepoint "G1CollectForAllocation", Time since last: 96226704194 ns, Reaching safepoint: 35185 ns, At safepoint: 2194600 ns, Total: 2229785 ns
[2024-01-24T23:18:08.802+0000][7][gc,start    ] GC(546) Pause Young (Normal) (G1 Evacuation Pause)
[2024-01-24T23:18:08.802+0000][7][gc,task     ] GC(546) Using 8 workers of 8 for evacuation
[2024-01-24T23:18:08.802+0000][7][gc,age      ] GC(546) Desired survivor size 41943040 bytes, new threshold 15 (max threshold 15)
[2024-01-24T23:18:08.804+0000][7][gc,phases   ] GC(546)   Pre Evacuate Collection Set: 0.1ms
[2024-01-24T23:18:08.804+0000][7][gc,phases   ] GC(546)   Merge Heap Roots: 0.1ms
[2024-01-24T23:18:08.804+0000][7][gc,phases   ] GC(546)   Evacuate Collection Set: 1.2ms
[2024-01-24T23:18:08.804+0000][7][gc,phases   ] GC(546)   Post Evacuate Collection Set: 0.8ms
[2024-01-24T23:18:08.804+0000][7][gc,phases   ] GC(546)   Other: 0.1ms
[2024-01-24T23:18:08.804+0000][7][gc,age      ] GC(546) Age table with threshold 15 (max threshold 15)
[2024-01-24T23:18:08.804+0000][7][gc,age      ] GC(546) - age   1:    1720504 bytes,    1720504 total
[2024-01-24T23:18:08.804+0000][7][gc,age      ] GC(546) - age   2:       5112 bytes,    1725616 total
[2024-01-24T23:18:08.804+0000][7][gc,age      ] GC(546) - age   3:      10104 bytes,    1735720 total
[2024-01-24T23:18:08.804+0000][7][gc,age      ] GC(546) - age   4:     142088 bytes,    1877808 total
[2024-01-24T23:18:08.804+0000][7][gc,age      ] GC(546) - age   5:      23552 bytes,    1901360 total
[2024-01-24T23:18:08.804+0000][7][gc,age      ] GC(546) - age   6:     156104 bytes,    2057464 total
[2024-01-24T23:18:08.804+0000][7][gc,age      ] GC(546) - age   8:     108176 bytes,    2165640 total
[2024-01-24T23:18:08.804+0000][7][gc,age      ] GC(546) - age  10:        248 bytes,    2165888 total
[2024-01-24T23:18:08.804+0000][7][gc,heap     ] GC(546) Eden regions: 152->0(152)
[2024-01-24T23:18:08.804+0000][7][gc,heap     ] GC(546) Survivor regions: 1->1(20)
[2024-01-24T23:18:08.804+0000][7][gc,heap     ] GC(546) Old regions: 36->36
[2024-01-24T23:18:08.804+0000][7][gc,heap     ] GC(546) Archive regions: 2->2
[2024-01-24T23:18:08.804+0000][7][gc,heap     ] GC(546) Humongous regions: 0->0
[2024-01-24T23:18:08.804+0000][7][gc,metaspace] GC(546) Metaspace: 131137K(134784K)->131137K(134784K) NonClass: 114071K(115968K)->114071K(115968K) Class: 17066K(18816K)->17066K(18816K)
[2024-01-24T23:18:08.804+0000][7][gc          ] GC(546) Pause Young (Normal) (G1 Evacuation Pause) 756M->148M(1024M) 2.489ms
[2024-01-24T23:18:08.804+0000][7][gc,cpu      ] GC(546) User=0.01s Sys=0.00s Real=0.00s
[2024-01-24T23:18:08.804+0000][7][safepoint   ] Safepoint "G1CollectForAllocation", Time since last: 173875811685 ns, Reaching safepoint: 54100 ns, At safepoint: 2587788 ns, Total: 2641888 ns
[2024-01-24T23:20:50.739+0000][7][gc,start    ] GC(547) Pause Young (Normal) (G1 Evacuation Pause)
[2024-01-24T23:20:50.739+0000][7][gc,task     ] GC(547) Using 8 workers of 8 for evacuation
[2024-01-24T23:20:50.739+0000][7][gc,age      ] GC(547) Desired survivor size 41943040 bytes, new threshold 15 (max threshold 15)
[2024-01-24T23:20:50.741+0000][7][gc,phases   ] GC(547)   Pre Evacuate Collection Set: 0.1ms
[2024-01-24T23:20:50.741+0000][7][gc,phases   ] GC(547)   Merge Heap Roots: 0.1ms
[2024-01-24T23:20:50.741+0000][7][gc,phases   ] GC(547)   Evacuate Collection Set: 1.2ms
[2024-01-24T23:20:50.741+0000][7][gc,phases   ] GC(547)   Post Evacuate Collection Set: 0.7ms
[2024-01-24T23:20:50.741+0000][7][gc,phases   ] GC(547)   Other: 0.1ms
[2024-01-24T23:20:50.741+0000][7][gc,age      ] GC(547) Age table with threshold 15 (max threshold 15)
[2024-01-24T23:20:50.741+0000][7][gc,age      ] GC(547) - age   1:    1230384 bytes,    1230384 total
[2024-01-24T23:20:50.741+0000][7][gc,age      ] GC(547) - age   2:       6440 bytes,    1236824 total
[2024-01-24T23:20:50.741+0000][7][gc,age      ] GC(547) - age   3:       1984 bytes,    1238808 total
[2024-01-24T23:20:50.741+0000][7][gc,age      ] GC(547) - age   4:       8848 bytes,    1247656 total
[2024-01-24T23:20:50.741+0000][7][gc,age      ] GC(547) - age   5:     142088 bytes,    1389744 total
[2024-01-24T23:20:50.741+0000][7][gc,age      ] GC(547) - age   6:      23552 bytes,    1413296 total
[2024-01-24T23:20:50.741+0000][7][gc,age      ] GC(547) - age   7:     155920 bytes,    1569216 total
[2024-01-24T23:20:50.741+0000][7][gc,age      ] GC(547) - age   9:     107992 bytes,    1677208 total
[2024-01-24T23:20:50.741+0000][7][gc,age      ] GC(547) - age  11:        248 bytes,    1677456 total
[2024-01-24T23:20:50.741+0000][7][gc,heap     ] GC(547) Eden regions: 152->0(152)
[2024-01-24T23:20:50.741+0000][7][gc,heap     ] GC(547) Survivor regions: 1->1(20)
[2024-01-24T23:20:50.741+0000][7][gc,heap     ] GC(547) Old regions: 36->36
[2024-01-24T23:20:50.741+0000][7][gc,heap     ] GC(547) Archive regions: 2->2
[2024-01-24T23:20:50.741+0000][7][gc,heap     ] GC(547) Humongous regions: 0->0
[2024-01-24T23:20:50.741+0000][7][gc,metaspace] GC(547) Metaspace: 131137K(134784K)->131137K(134784K) NonClass: 114071K(115968K)->114071K(115968K) Class: 17066K(18816K)->17066K(18816K)
[2024-01-24T23:20:50.741+0000][7][gc          ] GC(547) Pause Young (Normal) (G1 Evacuation Pause) 756M->148M(1024M) 2.448ms
[2024-01-24T23:20:50.741+0000][7][gc,cpu      ] GC(547) User=0.01s Sys=0.00s Real=0.00s
[2024-01-24T23:20:50.741+0000][7][safepoint   ] Safepoint "G1CollectForAllocation", Time since last: 161934604935 ns, Reaching safepoint: 38371 ns, At safepoint: 2562702 ns, Total: 2601073 ns
[2024-01-24T23:23:29.861+0000][7][gc,start    ] GC(548) Pause Young (Normal) (G1 Evacuation Pause)
[2024-01-24T23:23:29.861+0000][7][gc,task     ] GC(548) Using 8 workers of 8 for evacuation
[2024-01-24T23:23:29.861+0000][7][gc,age      ] GC(548) Desired survivor size 41943040 bytes, new threshold 15 (max threshold 15)
[2024-01-24T23:23:29.863+0000][7][gc,phases   ] GC(548)   Pre Evacuate Collection Set: 0.1ms
[2024-01-24T23:23:29.863+0000][7][gc,phases   ] GC(548)   Merge Heap Roots: 0.1ms
[2024-01-24T23:23:29.863+0000][7][gc,phases   ] GC(548)   Evacuate Collection Set: 1.1ms
[2024-01-24T23:23:29.863+0000][7][gc,phases   ] GC(548)   Post Evacuate Collection Set: 0.7ms
[2024-01-24T23:23:29.863+0000][7][gc,phases   ] GC(548)   Other: 0.1ms
[2024-01-24T23:23:29.863+0000][7][gc,age      ] GC(548) Age table with threshold 15 (max threshold 15)
[2024-01-24T23:23:29.863+0000][7][gc,age      ] GC(548) - age   1:     422768 bytes,     422768 total
[2024-01-24T23:23:29.863+0000][7][gc,age      ] GC(548) - age   2:      12528 bytes,     435296 total
