[2024-02-04T22:23:35.155+0000][7][gc,init] CardTable entry size: 512
[2024-02-04T22:23:35.155+0000][7][gc     ] Using G1
[2024-02-04T22:23:35.255+0000][7][gc,init] Version: 18.0.1.1+2-6 (release)
[2024-02-04T22:23:35.255+0000][7][gc,init] CPUs: 8 total, 8 available
[2024-02-04T22:23:35.255+0000][7][gc,init] Memory: 19737M
[2024-02-04T22:23:35.255+0000][7][gc,init] Large Page Support: Disabled
[2024-02-04T22:23:35.255+0000][7][gc,init] NUMA Support: Disabled
[2024-02-04T22:23:35.255+0000][7][gc,init] Compressed Oops: Enabled (32-bit)
[2024-02-04T22:23:35.255+0000][7][gc,init] Heap Region Size: 4M
[2024-02-04T22:23:35.255+0000][7][gc,init] Heap Min Capacity: 1G
[2024-02-04T22:23:35.255+0000][7][gc,init] Heap Initial Capacity: 1G
[2024-02-04T22:23:35.255+0000][7][gc,init] Heap Max Capacity: 1G
[2024-02-04T22:23:35.255+0000][7][gc,init] Pre-touch: Enabled
[2024-02-04T22:23:35.255+0000][7][gc,init] Parallel Workers: 8
[2024-02-04T22:23:35.255+0000][7][gc,init] Concurrent Workers: 2
[2024-02-04T22:23:35.255+0000][7][gc,init] Concurrent Refinement Workers: 8
[2024-02-04T22:23:35.255+0000][7][gc,init] Periodic GC: Disabled
[2024-02-04T22:23:35.255+0000][7][gc,metaspace] CDS archive(s) mapped at: [0x0000000800000000-0x0000000800baf000-0x0000000800baf000), size 12251136, SharedBaseAddress: 0x0000000800000000, ArchiveRelocationMode: 0.
[2024-02-04T22:23:35.255+0000][7][gc,metaspace] Compressed class space mapped at: 0x0000000800c00000-0x0000000840c00000, reserved size: 1073741824
[2024-02-04T22:23:35.255+0000][7][gc,metaspace] Narrow klass base: 0x0000000800000000, Narrow klass shift: 0, Narrow klass range: 0x100000000
[2024-02-04T22:23:35.805+0000][7][safepoint   ] Safepoint "ICBufferFull", Time since last: 544559100 ns, Reaching safepoint: 113171 ns, At safepoint: 3284 ns, Total: 116455 ns
[2024-02-04T22:23:36.256+0000][7][safepoint   ] Safepoint "ICBufferFull", Time since last: 450843384 ns, Reaching safepoint: 121649 ns, At safepoint: 7133 ns, Total: 128782 ns
[2024-02-04T22:23:36.341+0000][7][gc,start    ] GC(0) Pause Young (Normal) (G1 Evacuation Pause)
[2024-02-04T22:23:36.341+0000][7][gc,task     ] GC(0) Using 8 workers of 8 for evacuation
[2024-02-04T22:23:36.341+0000][7][gc,age      ] GC(0) Desired survivor size 4194304 bytes, new threshold 15 (max threshold 15)
[2024-02-04T22:23:36.345+0000][7][gc,phases   ] GC(0)   Pre Evacuate Collection Set: 0.1ms
[2024-02-04T22:23:36.345+0000][7][gc,phases   ] GC(0)   Merge Heap Roots: 0.0ms
[2024-02-04T22:23:36.345+0000][7][gc,phases   ] GC(0)   Evacuate Collection Set: 3.8ms
[2024-02-04T22:23:36.345+0000][7][gc,phases   ] GC(0)   Post Evacuate Collection Set: 0.5ms
[2024-02-04T22:23:36.345+0000][7][gc,phases   ] GC(0)   Other: 0.0ms
[2024-02-04T22:23:36.345+0000][7][gc,age      ] GC(0) Age table with threshold 15 (max threshold 15)
[2024-02-04T22:23:36.345+0000][7][gc,age      ] GC(0) - age   1:    6357760 bytes,    6357760 total
[2024-02-04T22:23:36.345+0000][7][gc,heap     ] GC(0) Eden regions: 12->0(11)
[2024-02-04T22:23:36.345+0000][7][gc,heap     ] GC(0) Survivor regions: 0->2(2)
[2024-02-04T22:23:36.345+0000][7][gc,heap     ] GC(0) Old regions: 0->0
[2024-02-04T22:23:36.345+0000][7][gc,heap     ] GC(0) Archive regions: 2->2
[2024-02-04T22:23:36.345+0000][7][gc,heap     ] GC(0) Humongous regions: 0->0
[2024-02-04T22:23:36.345+0000][7][gc,metaspace] GC(0) Metaspace: 12131K(12544K)->12131K(12544K) NonClass: 10685K(10880K)->10685K(10880K) Class: 1446K(1664K)->1446K(1664K)
[2024-02-04T22:23:36.345+0000][7][gc          ] GC(0) Pause Young (Normal) (G1 Evacuation Pause) 51M->10M(1024M) 4.594ms
[2024-02-04T22:23:36.345+0000][7][gc,cpu      ] GC(0) User=0.03s Sys=0.00s Real=0.01s
[2024-02-04T22:23:36.345+0000][7][safepoint   ] Safepoint "G1CollectForAllocation", Time since last: 84651348 ns, Reaching safepoint: 38312 ns, At safepoint: 4636958 ns, Total: 4675270 ns
[2024-02-04T22:23:37.139+0000][7][safepoint   ] Safepoint "ICBufferFull", Time since last: 793352753 ns, Reaching safepoint: 140453 ns, At safepoint: 2593 ns, Total: 143046 ns
[2024-02-04T22:23:37.223+0000][7][gc,start    ] GC(1) Pause Young (Normal) (G1 Evacuation Pause)
[2024-02-04T22:23:37.223+0000][7][gc,task     ] GC(1) Using 8 workers of 8 for evacuation
[2024-02-04T22:23:37.223+0000][7][gc,age      ] GC(1) Desired survivor size 4194304 bytes, new threshold 1 (max threshold 15)
[2024-02-04T22:23:37.228+0000][7][gc,phases   ] GC(1)   Pre Evacuate Collection Set: 0.1ms
[2024-02-04T22:23:37.228+0000][7][gc,phases   ] GC(1)   Merge Heap Roots: 0.0ms
[2024-02-04T22:23:37.228+0000][7][gc,phases   ] GC(1)   Evacuate Collection Set: 4.7ms
[2024-02-04T22:23:37.228+0000][7][gc,phases   ] GC(1)   Post Evacuate Collection Set: 0.5ms
[2024-02-04T22:23:37.228+0000][7][gc,phases   ] GC(1)   Other: 0.1ms
[2024-02-04T22:23:37.228+0000][7][gc,age      ] GC(1) Age table with threshold 1 (max threshold 15)
[2024-02-04T22:23:37.228+0000][7][gc,age      ] GC(1) - age   1:    1343320 bytes,    1343320 total
[2024-02-04T22:23:37.228+0000][7][gc,heap     ] GC(1) Eden regions: 11->0(20)
[2024-02-04T22:23:37.228+0000][7][gc,heap     ] GC(1) Survivor regions: 2->1(2)
[2024-02-04T22:23:37.228+0000][7][gc,heap     ] GC(1) Old regions: 0->2
[2024-02-04T22:23:37.228+0000][7][gc,heap     ] GC(1) Archive regions: 2->2
[2024-02-04T22:23:37.228+0000][7][gc,heap     ] GC(1) Humongous regions: 0->0
[2024-02-04T22:23:37.228+0000][7][gc,metaspace] GC(1) Metaspace: 15343K(15680K)->15343K(15680K) NonClass: 13574K(13760K)->13574K(13760K) Class: 1768K(1920K)->1768K(1920K)
[2024-02-04T22:23:37.228+0000][7][gc          ] GC(1) Pause Young (Normal) (G1 Evacuation Pause) 54M->11M(1024M) 5.530ms
[2024-02-04T22:23:37.228+0000][7][gc,cpu      ] GC(1) User=0.03s Sys=0.01s Real=0.00s
[2024-02-04T22:23:37.228+0000][7][safepoint   ] Safepoint "G1CollectForAllocation", Time since last: 83435068 ns, Reaching safepoint: 58489 ns, At safepoint: 5580048 ns, Total: 5638537 ns
[2024-02-04T22:23:37.693+0000][7][safepoint   ] Safepoint "ICBufferFull", Time since last: 464937753 ns, Reaching safepoint: 175237 ns, At safepoint: 6484 ns, Total: 181721 ns
[2024-02-04T22:23:37.706+0000][7][gc,start    ] GC(2) Pause Young (Normal) (G1 Evacuation Pause)
[2024-02-04T22:23:37.706+0000][7][gc,task     ] GC(2) Using 8 workers of 8 for evacuation
[2024-02-04T22:23:37.706+0000][7][gc,age      ] GC(2) Desired survivor size 6291456 bytes, new threshold 15 (max threshold 15)
[2024-02-04T22:23:37.709+0000][7][gc,phases   ] GC(2)   Pre Evacuate Collection Set: 0.0ms
[2024-02-04T22:23:37.709+0000][7][gc,phases   ] GC(2)   Merge Heap Roots: 0.0ms
[2024-02-04T22:23:37.709+0000][7][gc,phases   ] GC(2)   Evacuate Collection Set: 2.2ms
[2024-02-04T22:23:37.709+0000][7][gc,phases   ] GC(2)   Post Evacuate Collection Set: 0.3ms
[2024-02-04T22:23:37.709+0000][7][gc,phases   ] GC(2)   Other: 0.1ms
[2024-02-04T22:23:37.709+0000][7][gc,age      ] GC(2) Age table with threshold 15 (max threshold 15)
[2024-02-04T22:23:37.709+0000][7][gc,age      ] GC(2) - age   1:    2489184 bytes,    2489184 total
[2024-02-04T22:23:37.709+0000][7][gc,age      ] GC(2) - age   2:    1253560 bytes,    3742744 total
[2024-02-04T22:23:37.709+0000][7][gc,heap     ] GC(2) Eden regions: 20->0(152)
[2024-02-04T22:23:37.709+0000][7][gc,heap     ] GC(2) Survivor regions: 1->1(3)
[2024-02-04T22:23:37.709+0000][7][gc,heap     ] GC(2) Old regions: 2->2
[2024-02-04T22:23:37.709+0000][7][gc,heap     ] GC(2) Archive regions: 2->2
[2024-02-04T22:23:37.709+0000][7][gc,heap     ] GC(2) Humongous regions: 0->0
[2024-02-04T22:23:37.709+0000][7][gc,metaspace] GC(2) Metaspace: 16945K(17344K)->16945K(17344K) NonClass: 15009K(15232K)->15009K(15232K) Class: 1935K(2112K)->1935K(2112K)
[2024-02-04T22:23:37.709+0000][7][gc          ] GC(2) Pause Young (Normal) (G1 Evacuation Pause) 91M->13M(1024M) 2.723ms
[2024-02-04T22:23:37.709+0000][7][gc,cpu      ] GC(2) User=0.01s Sys=0.00s Real=0.00s
[2024-02-04T22:23:37.709+0000][7][safepoint   ] Safepoint "G1CollectForAllocation", Time since last: 13212244 ns, Reaching safepoint: 31484 ns, At safepoint: 2761725 ns, Total: 2793209 ns
[2024-02-04T22:23:38.037+0000][7][gc,start    ] GC(3) Pause Young (Concurrent Start) (Metadata GC Threshold)
[2024-02-04T22:23:38.037+0000][7][gc,task     ] GC(3) Using 8 workers of 8 for evacuation
[2024-02-04T22:23:38.037+0000][7][gc,age      ] GC(3) Desired survivor size 41943040 bytes, new threshold 15 (max threshold 15)
[2024-02-04T22:23:38.039+0000][7][gc,phases   ] GC(3)   Pre Evacuate Collection Set: 0.1ms
[2024-02-04T22:23:38.039+0000][7][gc,phases   ] GC(3)   Merge Heap Roots: 0.0ms
[2024-02-04T22:23:38.039+0000][7][gc,phases   ] GC(3)   Evacuate Collection Set: 2.0ms
[2024-02-04T22:23:38.039+0000][7][gc,phases   ] GC(3)   Post Evacuate Collection Set: 0.3ms
[2024-02-04T22:23:38.039+0000][7][gc,phases   ] GC(3)   Other: 0.1ms
[2024-02-04T22:23:38.039+0000][7][gc,age      ] GC(3) Age table with threshold 15 (max threshold 15)
[2024-02-04T22:23:38.039+0000][7][gc,age      ] GC(3) - age   1:    1266624 bytes,    1266624 total
[2024-02-04T22:23:38.039+0000][7][gc,age      ] GC(3) - age   2:    1545640 bytes,    2812264 total
[2024-02-04T22:23:38.039+0000][7][gc,age      ] GC(3) - age   3:    1253072 bytes,    4065336 total
[2024-02-04T22:23:38.039+0000][7][gc,heap     ] GC(3) Eden regions: 13->0(151)
[2024-02-04T22:23:38.039+0000][7][gc,heap     ] GC(3) Survivor regions: 1->2(20)
[2024-02-04T22:23:38.039+0000][7][gc,heap     ] GC(3) Old regions: 2->2
[2024-02-04T22:23:38.039+0000][7][gc,heap     ] GC(3) Archive regions: 2->2
[2024-02-04T22:23:38.039+0000][7][gc,heap     ] GC(3) Humongous regions: 0->0
[2024-02-04T22:23:38.039+0000][7][gc,metaspace] GC(3) Metaspace: 21077K(21504K)->21077K(21504K) NonClass: 18705K(18944K)->18705K(18944K) Class: 2372K(2560K)->2372K(2560K)
[2024-02-04T22:23:38.039+0000][7][gc          ] GC(3) Pause Young (Concurrent Start) (Metadata GC Threshold) 65M->14M(1024M) 2.683ms
[2024-02-04T22:23:38.039+0000][7][gc,cpu      ] GC(3) User=0.01s Sys=0.00s Real=0.00s
[2024-02-04T22:23:38.039+0000][7][gc          ] GC(4) Concurrent Mark Cycle
[2024-02-04T22:23:38.039+0000][7][gc,marking  ] GC(4) Concurrent Clear Claimed Marks
[2024-02-04T22:23:38.039+0000][7][gc,marking  ] GC(4) Concurrent Clear Claimed Marks 0.027ms
[2024-02-04T22:23:38.039+0000][7][gc,marking  ] GC(4) Concurrent Scan Root Regions
[2024-02-04T22:23:38.039+0000][7][safepoint   ] Safepoint "CollectForMetadataAllocation", Time since last: 327280797 ns, Reaching safepoint: 118854 ns, At safepoint: 2776650 ns, Total: 2895504 ns
[2024-02-04T22:23:38.042+0000][7][gc,marking  ] GC(4) Concurrent Scan Root Regions 2.587ms
[2024-02-04T22:23:38.042+0000][7][gc,marking  ] GC(4) Concurrent Mark
[2024-02-04T22:23:38.042+0000][7][gc,marking  ] GC(4) Concurrent Mark From Roots
[2024-02-04T22:23:38.042+0000][7][gc,task     ] GC(4) Using 2 workers of 2 for marking
[2024-02-04T22:23:38.048+0000][7][gc,marking  ] GC(4) Concurrent Mark From Roots 6.164ms
[2024-02-04T22:23:38.048+0000][7][gc,marking  ] GC(4) Concurrent Preclean
[2024-02-04T22:23:38.048+0000][7][gc,marking  ] GC(4) Concurrent Preclean 0.022ms
[2024-02-04T22:23:38.049+0000][7][gc,start    ] GC(4) Pause Remark
[2024-02-04T22:23:38.056+0000][7][gc          ] GC(4) Pause Remark 16M->16M(1024M) 6.466ms
[2024-02-04T22:23:38.056+0000][7][gc,cpu      ] GC(4) User=0.02s Sys=0.00s Real=0.01s
[2024-02-04T22:23:38.056+0000][7][safepoint   ] Safepoint "G1Concurrent", Time since last: 8893286 ns, Reaching safepoint: 771794 ns, At safepoint: 6559101 ns, Total: 7330895 ns
[2024-02-04T22:23:38.056+0000][7][gc,marking  ] GC(4) Concurrent Mark 13.619ms
[2024-02-04T22:23:38.056+0000][7][gc,marking  ] GC(4) Concurrent Rebuild Remembered Sets
[2024-02-04T22:23:38.060+0000][7][gc,marking  ] GC(4) Concurrent Rebuild Remembered Sets 4.615ms
[2024-02-04T22:23:38.060+0000][7][gc,start    ] GC(4) Pause Cleanup
[2024-02-04T22:23:38.061+0000][7][gc          ] GC(4) Pause Cleanup 18M->18M(1024M) 0.073ms
[2024-02-04T22:23:38.061+0000][7][gc,cpu      ] GC(4) User=0.00s Sys=0.00s Real=0.00s
[2024-02-04T22:23:38.061+0000][7][safepoint   ] Safepoint "G1Concurrent", Time since last: 4718469 ns, Reaching safepoint: 159820 ns, At safepoint: 107065 ns, Total: 266885 ns
[2024-02-04T22:23:38.061+0000][7][gc,marking  ] GC(4) Concurrent Cleanup for Next Mark
[2024-02-04T22:23:38.062+0000][7][gc,marking  ] GC(4) Concurrent Cleanup for Next Mark 1.064ms
[2024-02-04T22:23:38.062+0000][7][gc          ] GC(4) Concurrent Mark Cycle 22.386ms
[2024-02-04T22:23:39.062+0000][7][safepoint   ] Safepoint "ICBufferFull", Time since last: 1001401238 ns, Reaching safepoint: 141105 ns, At safepoint: 3396 ns, Total: 144501 ns
[2024-02-04T22:23:39.718+0000][7][safepoint   ] Safepoint "ICBufferFull", Time since last: 655649878 ns, Reaching safepoint: 106269 ns, At safepoint: 2055 ns, Total: 108324 ns
[2024-02-04T22:23:39.761+0000][7][gc,start    ] GC(5) Pause Young (Normal) (G1 Evacuation Pause)
[2024-02-04T22:23:39.761+0000][7][gc,task     ] GC(5) Using 8 workers of 8 for evacuation
[2024-02-04T22:23:39.761+0000][7][gc,age      ] GC(5) Desired survivor size 41943040 bytes, new threshold 15 (max threshold 15)
[2024-02-04T22:23:39.767+0000][7][gc,phases   ] GC(5)   Pre Evacuate Collection Set: 0.0ms
[2024-02-04T22:23:39.767+0000][7][gc,phases   ] GC(5)   Merge Heap Roots: 0.0ms
[2024-02-04T22:23:39.767+0000][7][gc,phases   ] GC(5)   Evacuate Collection Set: 5.9ms
[2024-02-04T22:23:39.767+0000][7][gc,phases   ] GC(5)   Post Evacuate Collection Set: 0.4ms
[2024-02-04T22:23:39.767+0000][7][gc,phases   ] GC(5)   Other: 0.1ms
[2024-02-04T22:23:39.767+0000][7][gc,age      ] GC(5) Age table with threshold 15 (max threshold 15)
[2024-02-04T22:23:39.767+0000][7][gc,age      ] GC(5) - age   1:    9042584 bytes,    9042584 total
[2024-02-04T22:23:39.767+0000][7][gc,age      ] GC(5) - age   2:    1249496 bytes,   10292080 total
[2024-02-04T22:23:39.767+0000][7][gc,age      ] GC(5) - age   3:    1541216 bytes,   11833296 total
[2024-02-04T22:23:39.767+0000][7][gc,age      ] GC(5) - age   4:    1226576 bytes,   13059872 total
[2024-02-04T22:23:39.767+0000][7][gc,heap     ] GC(5) Eden regions: 151->0(149)
[2024-02-04T22:23:39.767+0000][7][gc,heap     ] GC(5) Survivor regions: 2->4(20)
[2024-02-04T22:23:39.767+0000][7][gc,heap     ] GC(5) Old regions: 2->2
[2024-02-04T22:23:39.767+0000][7][gc,heap     ] GC(5) Archive regions: 2->2
[2024-02-04T22:23:39.767+0000][7][gc,heap     ] GC(5) Humongous regions: 0->0
[2024-02-04T22:23:39.767+0000][7][gc,metaspace] GC(5) Metaspace: 29603K(30272K)->29603K(30272K) NonClass: 26182K(26560K)->26182K(26560K) Class: 3421K(3712K)->3421K(3712K)
[2024-02-04T22:23:39.767+0000][7][gc          ] GC(5) Pause Young (Normal) (G1 Evacuation Pause) 618M->22M(1024M) 6.631ms
[2024-02-04T22:23:39.767+0000][7][gc,cpu      ] GC(5) User=0.03s Sys=0.00s Real=0.01s
[2024-02-04T22:23:39.767+0000][7][safepoint   ] Safepoint "G1CollectForAllocation", Time since last: 42865779 ns, Reaching safepoint: 23827 ns, At safepoint: 6667921 ns, Total: 6691748 ns
[2024-02-04T22:23:40.610+0000][7][safepoint   ] Safepoint "ICBufferFull", Time since last: 841973845 ns, Reaching safepoint: 110758 ns, At safepoint: 3507 ns, Total: 114265 ns
[2024-02-04T22:23:40.794+0000][7][gc,start    ] GC(6) Pause Young (Concurrent Start) (Metadata GC Threshold)
[2024-02-04T22:23:40.794+0000][7][gc,task     ] GC(6) Using 8 workers of 8 for evacuation
[2024-02-04T22:23:40.794+0000][7][gc,age      ] GC(6) Desired survivor size 41943040 bytes, new threshold 15 (max threshold 15)
[2024-02-04T22:23:40.803+0000][7][gc,phases   ] GC(6)   Pre Evacuate Collection Set: 0.1ms
[2024-02-04T22:23:40.803+0000][7][gc,phases   ] GC(6)   Merge Heap Roots: 0.0ms
[2024-02-04T22:23:40.803+0000][7][gc,phases   ] GC(6)   Evacuate Collection Set: 8.5ms
[2024-02-04T22:23:40.803+0000][7][gc,phases   ] GC(6)   Post Evacuate Collection Set: 0.7ms
[2024-02-04T22:23:40.803+0000][7][gc,phases   ] GC(6)   Other: 0.0ms
[2024-02-04T22:23:40.803+0000][7][gc,age      ] GC(6) Age table with threshold 15 (max threshold 15)
[2024-02-04T22:23:40.803+0000][7][gc,age      ] GC(6) - age   1:    4524208 bytes,    4524208 total
[2024-02-04T22:23:40.803+0000][7][gc,age      ] GC(6) - age   2:    8972600 bytes,   13496808 total
[2024-02-04T22:23:40.803+0000][7][gc,age      ] GC(6) - age   3:    1226128 bytes,   14722936 total
[2024-02-04T22:23:40.803+0000][7][gc,age      ] GC(6) - age   4:    1478160 bytes,   16201096 total
[2024-02-04T22:23:40.803+0000][7][gc,age      ] GC(6) - age   5:    1215472 bytes,   17416568 total
[2024-02-04T22:23:40.803+0000][7][gc,heap     ] GC(6) Eden regions: 103->0(148)
[2024-02-04T22:23:40.803+0000][7][gc,heap     ] GC(6) Survivor regions: 4->5(20)
[2024-02-04T22:23:40.803+0000][7][gc,heap     ] GC(6) Old regions: 2->2
[2024-02-04T22:23:40.803+0000][7][gc,heap     ] GC(6) Archive regions: 2->2
[2024-02-04T22:23:40.803+0000][7][gc,heap     ] GC(6) Humongous regions: 0->0
[2024-02-04T22:23:40.803+0000][7][gc,metaspace] GC(6) Metaspace: 35109K(35840K)->35109K(35840K) NonClass: 30993K(31424K)->30993K(31424K) Class: 4115K(4416K)->4115K(4416K)
[2024-02-04T22:23:40.803+0000][7][gc          ] GC(6) Pause Young (Concurrent Start) (Metadata GC Threshold) 434M->27M(1024M) 9.609ms
[2024-02-04T22:23:40.803+0000][7][gc,cpu      ] GC(6) User=0.05s Sys=0.00s Real=0.01s
[2024-02-04T22:23:40.803+0000][7][gc          ] GC(7) Concurrent Mark Cycle
[2024-02-04T22:23:40.803+0000][7][gc,marking  ] GC(7) Concurrent Clear Claimed Marks
[2024-02-04T22:23:40.803+0000][7][safepoint   ] Safepoint "CollectForMetadataAllocation", Time since last: 183976039 ns, Reaching safepoint: 81796 ns, At safepoint: 9702933 ns, Total: 9784729 ns
[2024-02-04T22:23:40.803+0000][7][gc,marking  ] GC(7) Concurrent Clear Claimed Marks 0.057ms
[2024-02-04T22:23:40.803+0000][7][gc,marking  ] GC(7) Concurrent Scan Root Regions
[2024-02-04T22:23:40.807+0000][7][gc,marking  ] GC(7) Concurrent Scan Root Regions 3.838ms
[2024-02-04T22:23:40.807+0000][7][gc,marking  ] GC(7) Concurrent Mark
[2024-02-04T22:23:40.807+0000][7][gc,marking  ] GC(7) Concurrent Mark From Roots
[2024-02-04T22:23:40.807+0000][7][gc,task     ] GC(7) Using 2 workers of 2 for marking
[2024-02-04T22:23:40.814+0000][7][gc,marking  ] GC(7) Concurrent Mark From Roots 6.682ms
[2024-02-04T22:23:40.814+0000][7][gc,marking  ] GC(7) Concurrent Preclean
[2024-02-04T22:23:40.814+0000][7][gc,marking  ] GC(7) Concurrent Preclean 0.054ms
[2024-02-04T22:23:40.814+0000][7][gc,start    ] GC(7) Pause Remark
[2024-02-04T22:23:40.817+0000][7][gc          ] GC(7) Pause Remark 29M->29M(1024M) 2.707ms
[2024-02-04T22:23:40.817+0000][7][gc,cpu      ] GC(7) User=0.00s Sys=0.00s Real=0.00s
[2024-02-04T22:23:40.817+0000][7][safepoint   ] Safepoint "G1Concurrent", Time since last: 10717288 ns, Reaching safepoint: 86996 ns, At safepoint: 2764681 ns, Total: 2851677 ns
[2024-02-04T22:23:40.817+0000][7][gc,marking  ] GC(7) Concurrent Mark 9.669ms
[2024-02-04T22:23:40.817+0000][7][gc,marking  ] GC(7) Concurrent Rebuild Remembered Sets
[2024-02-04T22:23:40.819+0000][7][gc,marking  ] GC(7) Concurrent Rebuild Remembered Sets 2.567ms
[2024-02-04T22:23:40.820+0000][7][gc,start    ] GC(7) Pause Cleanup
[2024-02-04T22:23:40.820+0000][7][gc          ] GC(7) Pause Cleanup 29M->29M(1024M) 0.065ms
[2024-02-04T22:23:40.820+0000][7][gc,cpu      ] GC(7) User=0.00s Sys=0.00s Real=0.00s
[2024-02-04T22:23:40.820+0000][7][safepoint   ] Safepoint "G1Concurrent", Time since last: 2657346 ns, Reaching safepoint: 82511 ns, At safepoint: 87508 ns, Total: 170019 ns
[2024-02-04T22:23:40.820+0000][7][gc,marking  ] GC(7) Concurrent Cleanup for Next Mark
[2024-02-04T22:23:40.820+0000][7][gc,marking  ] GC(7) Concurrent Cleanup for Next Mark 0.791ms
[2024-02-04T22:23:40.821+0000][7][gc          ] GC(7) Concurrent Mark Cycle 17.292ms
[2024-02-04T22:23:41.535+0000][7][safepoint   ] Safepoint "ICBufferFull", Time since last: 715530022 ns, Reaching safepoint: 201443 ns, At safepoint: 2626 ns, Total: 204069 ns
[2024-02-04T22:23:42.039+0000][7][safepoint   ] Safepoint "ICBufferFull", Time since last: 503007846 ns, Reaching safepoint: 207072 ns, At safepoint: 4205 ns, Total: 211277 ns
[2024-02-04T22:23:43.182+0000][7][safepoint   ] Safepoint "ICBufferFull", Time since last: 1143581803 ns, Reaching safepoint: 129733 ns, At safepoint: 2524 ns, Total: 132257 ns
[2024-02-04T22:23:43.937+0000][7][gc,start    ] GC(8) Pause Young (Concurrent Start) (Metadata GC Threshold)
[2024-02-04T22:23:43.937+0000][7][gc,task     ] GC(8) Using 8 workers of 8 for evacuation
[2024-02-04T22:23:43.937+0000][7][gc,age      ] GC(8) Desired survivor size 41943040 bytes, new threshold 15 (max threshold 15)
[2024-02-04T22:23:43.959+0000][7][gc,phases   ] GC(8)   Pre Evacuate Collection Set: 0.2ms
[2024-02-04T22:23:43.959+0000][7][gc,phases   ] GC(8)   Merge Heap Roots: 0.0ms
[2024-02-04T22:23:43.959+0000][7][gc,phases   ] GC(8)   Evacuate Collection Set: 19.2ms
[2024-02-04T22:23:43.959+0000][7][gc,phases   ] GC(8)   Post Evacuate Collection Set: 1.8ms
[2024-02-04T22:23:43.959+0000][7][gc,phases   ] GC(8)   Other: 0.1ms
[2024-02-04T22:23:43.959+0000][7][gc,age      ] GC(8) Age table with threshold 15 (max threshold 15)
[2024-02-04T22:23:43.959+0000][7][gc,age      ] GC(8) - age   1:   24596024 bytes,   24596024 total
[2024-02-04T22:23:43.959+0000][7][gc,age      ] GC(8) - age   2:    4345072 bytes,   28941096 total
[2024-02-04T22:23:43.959+0000][7][gc,age      ] GC(8) - age   3:    8888936 bytes,   37830032 total
[2024-02-04T22:23:43.959+0000][7][gc,age      ] GC(8) - age   4:    1216872 bytes,   39046904 total
[2024-02-04T22:23:43.959+0000][7][gc,age      ] GC(8) - age   5:    1472008 bytes,   40518912 total
[2024-02-04T22:23:43.959+0000][7][gc,age      ] GC(8) - age   6:    1201224 bytes,   41720136 total
[2024-02-04T22:23:43.959+0000][7][gc,heap     ] GC(8) Eden regions: 101->0(142)
[2024-02-04T22:23:43.959+0000][7][gc,heap     ] GC(8) Survivor regions: 5->11(20)
[2024-02-04T22:23:43.959+0000][7][gc,heap     ] GC(8) Old regions: 2->2
[2024-02-04T22:23:43.959+0000][7][gc,heap     ] GC(8) Archive regions: 2->2
[2024-02-04T22:23:43.959+0000][7][gc,heap     ] GC(8) Humongous regions: 0->0
[2024-02-04T22:23:43.959+0000][7][gc,metaspace] GC(8) Metaspace: 58603K(59968K)->58603K(59968K) NonClass: 51050K(51840K)->51050K(51840K) Class: 7553K(8128K)->7553K(8128K)
[2024-02-04T22:23:43.959+0000][7][gc          ] GC(8) Pause Young (Concurrent Start) (Metadata GC Threshold) 429M->51M(1024M) 21.451ms
[2024-02-04T22:23:43.959+0000][7][gc          ] GC(9) Concurrent Mark Cycle
[2024-02-04T22:23:43.959+0000][7][gc,cpu      ] GC(8) User=0.12s Sys=0.00s Real=0.02s
[2024-02-04T22:23:43.959+0000][7][gc,marking  ] GC(9) Concurrent Clear Claimed Marks
[2024-02-04T22:23:43.959+0000][7][safepoint   ] Safepoint "CollectForMetadataAllocation", Time since last: 754866264 ns, Reaching safepoint: 126522 ns, At safepoint: 21577661 ns, Total: 21704183 ns
[2024-02-04T22:23:43.959+0000][7][gc,marking  ] GC(9) Concurrent Clear Claimed Marks 0.099ms
[2024-02-04T22:23:43.959+0000][7][gc,marking  ] GC(9) Concurrent Scan Root Regions
[2024-02-04T22:23:43.975+0000][7][gc,marking  ] GC(9) Concurrent Scan Root Regions 15.837ms
[2024-02-04T22:23:43.975+0000][7][gc,marking  ] GC(9) Concurrent Mark
[2024-02-04T22:23:43.975+0000][7][gc,marking  ] GC(9) Concurrent Mark From Roots
[2024-02-04T22:23:43.975+0000][7][gc,task     ] GC(9) Using 2 workers of 2 for marking
[2024-02-04T22:23:43.980+0000][7][gc,marking  ] GC(9) Concurrent Mark From Roots 5.291ms
[2024-02-04T22:23:43.980+0000][7][gc,marking  ] GC(9) Concurrent Preclean
[2024-02-04T22:23:43.980+0000][7][gc,marking  ] GC(9) Concurrent Preclean 0.024ms
[2024-02-04T22:23:43.980+0000][7][gc,start    ] GC(9) Pause Remark
[2024-02-04T22:23:43.983+0000][7][gc          ] GC(9) Pause Remark 53M->53M(1024M) 2.798ms
[2024-02-04T22:23:43.983+0000][7][gc,cpu      ] GC(9) User=0.01s Sys=0.00s Real=0.01s
[2024-02-04T22:23:43.983+0000][7][safepoint   ] Safepoint "G1Concurrent", Time since last: 21262483 ns, Reaching safepoint: 126128 ns, At safepoint: 2852647 ns, Total: 2978775 ns
[2024-02-04T22:23:43.983+0000][7][gc,marking  ] GC(9) Concurrent Mark 8.363ms
[2024-02-04T22:23:43.983+0000][7][gc,marking  ] GC(9) Concurrent Rebuild Remembered Sets
[2024-02-04T22:23:43.985+0000][7][gc,marking  ] GC(9) Concurrent Rebuild Remembered Sets 1.772ms
[2024-02-04T22:23:43.985+0000][7][gc,start    ] GC(9) Pause Cleanup
[2024-02-04T22:23:43.985+0000][7][gc          ] GC(9) Pause Cleanup 53M->53M(1024M) 0.064ms
[2024-02-04T22:23:43.985+0000][7][gc,cpu      ] GC(9) User=0.00s Sys=0.00s Real=0.00s
[2024-02-04T22:23:43.985+0000][7][safepoint   ] Safepoint "G1Concurrent", Time since last: 1849452 ns, Reaching safepoint: 27063 ns, At safepoint: 98988 ns, Total: 126051 ns
[2024-02-04T22:23:43.985+0000][7][gc,marking  ] GC(9) Concurrent Cleanup for Next Mark
[2024-02-04T22:23:43.986+0000][7][gc,marking  ] GC(9) Concurrent Cleanup for Next Mark 0.728ms
[2024-02-04T22:23:43.986+0000][7][gc          ] GC(9) Concurrent Mark Cycle 27.085ms
[2024-02-04T22:23:45.020+0000][7][safepoint   ] Safepoint "Cleanup", Time since last: 1034282954 ns, Reaching safepoint: 222599 ns, At safepoint: 5506 ns, Total: 228105 ns
[2024-02-04T22:23:46.111+0000][7][safepoint   ] Safepoint "ICBufferFull", Time since last: 1090365289 ns, Reaching safepoint: 995666 ns, At safepoint: 2588 ns, Total: 998254 ns
[2024-02-04T22:23:47.070+0000][7][safepoint   ] Safepoint "ICBufferFull", Time since last: 958666101 ns, Reaching safepoint: 118463 ns, At safepoint: 1963 ns, Total: 120426 ns
[2024-02-04T22:23:47.690+0000][7][safepoint   ] Safepoint "ICBufferFull", Time since last: 620024300 ns, Reaching safepoint: 367976 ns, At safepoint: 5840 ns, Total: 373816 ns
[2024-02-04T22:23:47.940+0000][7][gc,start    ] GC(10) Pause Young (Concurrent Start) (Metadata GC Threshold)
[2024-02-04T22:23:47.940+0000][7][gc,task     ] GC(10) Using 8 workers of 8 for evacuation
[2024-02-04T22:23:47.940+0000][7][gc,age      ] GC(10) Desired survivor size 41943040 bytes, new threshold 15 (max threshold 15)
[2024-02-04T22:23:47.971+0000][7][gc,phases   ] GC(10)   Pre Evacuate Collection Set: 0.3ms
[2024-02-04T22:23:47.971+0000][7][gc,phases   ] GC(10)   Merge Heap Roots: 0.1ms
[2024-02-04T22:23:47.971+0000][7][gc,phases   ] GC(10)   Evacuate Collection Set: 28.5ms
[2024-02-04T22:23:47.971+0000][7][gc,phases   ] GC(10)   Post Evacuate Collection Set: 2.0ms
[2024-02-04T22:23:47.971+0000][7][gc,phases   ] GC(10)   Other: 0.0ms
[2024-02-04T22:23:47.971+0000][7][gc,age      ] GC(10) Age table with threshold 15 (max threshold 15)
[2024-02-04T22:23:47.971+0000][7][gc,age      ] GC(10) - age   1:   17256824 bytes,   17256824 total
[2024-02-04T22:23:47.971+0000][7][gc,age      ] GC(10) - age   2:   23971784 bytes,   41228608 total
[2024-02-04T22:23:47.971+0000][7][gc,age      ] GC(10) - age   3:    4316160 bytes,   45544768 total
[2024-02-04T22:23:47.971+0000][7][gc,age      ] GC(10) - age   4:    8851504 bytes,   54396272 total
[2024-02-04T22:23:47.971+0000][7][gc,age      ] GC(10) - age   5:    1212528 bytes,   55608800 total
[2024-02-04T22:23:47.971+0000][7][gc,age      ] GC(10) - age   6:    1467896 bytes,   57076696 total
[2024-02-04T22:23:47.971+0000][7][gc,age      ] GC(10) - age   7:    1198432 bytes,   58275128 total
[2024-02-04T22:23:47.971+0000][7][gc,heap     ] GC(10) Eden regions: 115->0(138)
[2024-02-04T22:23:47.971+0000][7][gc,heap     ] GC(10) Survivor regions: 11->15(20)
[2024-02-04T22:23:47.971+0000][7][gc,heap     ] GC(10) Old regions: 2->2
[2024-02-04T22:23:47.971+0000][7][gc,heap     ] GC(10) Archive regions: 2->2
[2024-02-04T22:23:47.971+0000][7][gc,heap     ] GC(10) Humongous regions: 0->0
[2024-02-04T22:23:47.971+0000][7][gc,metaspace] GC(10) Metaspace: 97455K(100480K)->97455K(100480K) NonClass: 84247K(85824K)->84247K(85824K) Class: 13208K(14656K)->13208K(14656K)
[2024-02-04T22:23:47.971+0000][7][gc          ] GC(10) Pause Young (Concurrent Start) (Metadata GC Threshold) 509M->68M(1024M) 31.137ms
[2024-02-04T22:23:47.971+0000][7][gc,cpu      ] GC(10) User=0.20s Sys=0.00s Real=0.04s
[2024-02-04T22:23:47.971+0000][7][gc          ] GC(11) Concurrent Mark Cycle
[2024-02-04T22:23:47.971+0000][7][gc,marking  ] GC(11) Concurrent Clear Claimed Marks
[2024-02-04T22:23:47.971+0000][7][safepoint   ] Safepoint "CollectForMetadataAllocation", Time since last: 249066415 ns, Reaching safepoint: 342605 ns, At safepoint: 31251326 ns, Total: 31593931 ns
[2024-02-04T22:23:47.971+0000][7][gc,marking  ] GC(11) Concurrent Clear Claimed Marks 0.295ms
[2024-02-04T22:23:47.971+0000][7][gc,marking  ] GC(11) Concurrent Scan Root Regions
[2024-02-04T22:23:47.994+0000][7][gc,marking  ] GC(11) Concurrent Scan Root Regions 22.993ms
[2024-02-04T22:23:47.994+0000][7][gc,marking  ] GC(11) Concurrent Mark
[2024-02-04T22:23:47.994+0000][7][gc,marking  ] GC(11) Concurrent Mark From Roots
[2024-02-04T22:23:47.994+0000][7][gc,task     ] GC(11) Using 2 workers of 2 for marking
[2024-02-04T22:23:48.001+0000][7][gc,marking  ] GC(11) Concurrent Mark From Roots 6.772ms
[2024-02-04T22:23:48.001+0000][7][gc,marking  ] GC(11) Concurrent Preclean
[2024-02-04T22:23:48.001+0000][7][gc,marking  ] GC(11) Concurrent Preclean 0.044ms
[2024-02-04T22:23:48.001+0000][7][gc,start    ] GC(11) Pause Remark
[2024-02-04T22:23:48.004+0000][7][gc          ] GC(11) Pause Remark 86M->86M(1024M) 2.698ms
[2024-02-04T22:23:48.004+0000][7][gc,cpu      ] GC(11) User=0.01s Sys=0.00s Real=0.01s
[2024-02-04T22:23:48.004+0000][7][safepoint   ] Safepoint "G1Concurrent", Time since last: 30194793 ns, Reaching safepoint: 102887 ns, At safepoint: 2763440 ns, Total: 2866327 ns
[2024-02-04T22:23:48.004+0000][7][gc,marking  ] GC(11) Concurrent Mark 9.779ms
[2024-02-04T22:23:48.004+0000][7][gc,marking  ] GC(11) Concurrent Rebuild Remembered Sets
[2024-02-04T22:23:48.006+0000][7][gc,marking  ] GC(11) Concurrent Rebuild Remembered Sets 2.335ms
[2024-02-04T22:23:48.006+0000][7][gc,start    ] GC(11) Pause Cleanup
[2024-02-04T22:23:48.007+0000][7][gc          ] GC(11) Pause Cleanup 86M->86M(1024M) 0.078ms
[2024-02-04T22:23:48.007+0000][7][gc,cpu      ] GC(11) User=0.00s Sys=0.00s Real=0.00s
[2024-02-04T22:23:48.007+0000][7][safepoint   ] Safepoint "G1Concurrent", Time since last: 2442762 ns, Reaching safepoint: 88209 ns, At safepoint: 103332 ns, Total: 191541 ns
[2024-02-04T22:23:48.007+0000][7][gc,marking  ] GC(11) Concurrent Cleanup for Next Mark
[2024-02-04T22:23:48.008+0000][7][gc,marking  ] GC(11) Concurrent Cleanup for Next Mark 0.956ms
[2024-02-04T22:23:48.008+0000][7][gc          ] GC(11) Concurrent Mark Cycle 36.778ms
[2024-02-04T22:23:48.263+0000][7][safepoint   ] Safepoint "ICBufferFull", Time since last: 256693838 ns, Reaching safepoint: 133295 ns, At safepoint: 3483 ns, Total: 136778 ns
[2024-02-04T22:23:48.506+0000][7][safepoint   ] Safepoint "ICBufferFull", Time since last: 242271425 ns, Reaching safepoint: 236813 ns, At safepoint: 4394 ns, Total: 241207 ns
[2024-02-04T22:23:48.815+0000][7][safepoint   ] Safepoint "ICBufferFull", Time since last: 308747585 ns, Reaching safepoint: 129146 ns, At safepoint: 5184 ns, Total: 134330 ns
[2024-02-04T22:23:49.253+0000][7][safepoint   ] Safepoint "ICBufferFull", Time since last: 437809352 ns, Reaching safepoint: 220911 ns, At safepoint: 7759 ns, Total: 228670 ns
[2024-02-04T22:23:49.422+0000][7][safepoint   ] Safepoint "ICBufferFull", Time since last: 166403193 ns, Reaching safepoint: 2367288 ns, At safepoint: 10602 ns, Total: 2377890 ns
[2024-02-04T22:23:49.422+0000][7][safepoint   ] Safepoint "ICBufferFull", Time since last: 70386 ns, Reaching safepoint: 94542 ns, At safepoint: 10554 ns, Total: 105096 ns
[2024-02-04T22:23:49.525+0000][7][safepoint   ] Safepoint "ICBufferFull", Time since last: 103135457 ns, Reaching safepoint: 270381 ns, At safepoint: 4887 ns, Total: 275268 ns
[2024-02-04T22:23:49.675+0000][7][safepoint   ] Safepoint "ICBufferFull", Time since last: 149114483 ns, Reaching safepoint: 804143 ns, At safepoint: 14983 ns, Total: 819126 ns
[2024-02-04T22:23:49.838+0000][7][safepoint   ] Safepoint "ICBufferFull", Time since last: 162918417 ns, Reaching safepoint: 117999 ns, At safepoint: 3590 ns, Total: 121589 ns
[2024-02-04T22:23:50.108+0000][7][safepoint   ] Safepoint "ICBufferFull", Time since last: 269451934 ns, Reaching safepoint: 233911 ns, At safepoint: 7234 ns, Total: 241145 ns
[2024-02-04T22:23:50.817+0000][7][safepoint   ] Safepoint "ICBufferFull", Time since last: 708873446 ns, Reaching safepoint: 142372 ns, At safepoint: 5052 ns, Total: 147424 ns
[2024-02-04T22:23:51.138+0000][7][gc,start    ] GC(12) Pause Young (Normal) (G1 Evacuation Pause)
[2024-02-04T22:23:51.138+0000][7][gc,task     ] GC(12) Using 8 workers of 8 for evacuation
[2024-02-04T22:23:51.138+0000][7][gc,age      ] GC(12) Desired survivor size 41943040 bytes, new threshold 3 (max threshold 15)
[2024-02-04T22:23:51.196+0000][7][gc,phases   ] GC(12)   Pre Evacuate Collection Set: 0.1ms
[2024-02-04T22:23:51.196+0000][7][gc,phases   ] GC(12)   Merge Heap Roots: 0.1ms
[2024-02-04T22:23:51.196+0000][7][gc,phases   ] GC(12)   Evacuate Collection Set: 53.9ms
[2024-02-04T22:23:51.196+0000][7][gc,phases   ] GC(12)   Post Evacuate Collection Set: 3.4ms
[2024-02-04T22:23:51.196+0000][7][gc,phases   ] GC(12)   Other: 0.1ms
[2024-02-04T22:23:51.196+0000][7][gc,age      ] GC(12) Age table with threshold 3 (max threshold 15)
[2024-02-04T22:23:51.196+0000][7][gc,age      ] GC(12) - age   1:   15915560 bytes,   15915560 total
[2024-02-04T22:23:51.196+0000][7][gc,age      ] GC(12) - age   2:   16604440 bytes,   32520000 total
[2024-02-04T22:23:51.196+0000][7][gc,age      ] GC(12) - age   3:   23743232 bytes,   56263232 total
[2024-02-04T22:23:51.196+0000][7][gc,heap     ] GC(12) Eden regions: 138->0(138)
[2024-02-04T22:23:51.196+0000][7][gc,heap     ] GC(12) Survivor regions: 15->15(20)
[2024-02-04T22:23:51.196+0000][7][gc,heap     ] GC(12) Old regions: 2->6
[2024-02-04T22:23:51.196+0000][7][gc,heap     ] GC(12) Archive regions: 2->2
[2024-02-04T22:23:51.196+0000][7][gc,heap     ] GC(12) Humongous regions: 0->0
[2024-02-04T22:23:51.196+0000][7][gc,metaspace] GC(12) Metaspace: 111714K(115008K)->111714K(115008K) NonClass: 96483K(98176K)->96483K(98176K) Class: 15231K(16832K)->15231K(16832K)
[2024-02-04T22:23:51.196+0000][7][gc          ] GC(12) Pause Young (Normal) (G1 Evacuation Pause) 620M->84M(1024M) 57.798ms
[2024-02-04T22:23:51.196+0000][7][gc,cpu      ] GC(12) User=0.22s Sys=0.00s Real=0.06s
[2024-02-04T22:23:51.196+0000][7][safepoint   ] Safepoint "G1CollectForAllocation", Time since last: 320988592 ns, Reaching safepoint: 163288 ns, At safepoint: 57870929 ns, Total: 58034217 ns
[2024-02-04T22:23:51.968+0000][7][safepoint   ] Safepoint "ICBufferFull", Time since last: 771734065 ns, Reaching safepoint: 252565 ns, At safepoint: 8428 ns, Total: 260993 ns
[2024-02-04T22:23:52.305+0000][7][safepoint   ] Safepoint "ICBufferFull", Time since last: 336643846 ns, Reaching safepoint: 200390 ns, At safepoint: 8080 ns, Total: 208470 ns
[2024-02-04T22:23:52.467+0000][7][gc,start    ] GC(13) Pause Young (Normal) (G1 Evacuation Pause)
[2024-02-04T22:23:52.467+0000][7][gc,task     ] GC(13) Using 8 workers of 8 for evacuation
[2024-02-04T22:23:52.467+0000][7][gc,age      ] GC(13) Desired survivor size 41943040 bytes, new threshold 3 (max threshold 15)
[2024-02-04T22:23:52.505+0000][7][gc,phases   ] GC(13)   Pre Evacuate Collection Set: 0.1ms
[2024-02-04T22:23:52.505+0000][7][gc,phases   ] GC(13)   Merge Heap Roots: 0.1ms
[2024-02-04T22:23:52.505+0000][7][gc,phases   ] GC(13)   Evacuate Collection Set: 36.3ms
[2024-02-04T22:23:52.505+0000][7][gc,phases   ] GC(13)   Post Evacuate Collection Set: 2.1ms
[2024-02-04T22:23:52.505+0000][7][gc,phases   ] GC(13)   Other: 0.1ms
[2024-02-04T22:23:52.505+0000][7][gc,age      ] GC(13) Age table with threshold 3 (max threshold 15)
[2024-02-04T22:23:52.505+0000][7][gc,age      ] GC(13) - age   1:   14526320 bytes,   14526320 total
[2024-02-04T22:23:52.505+0000][7][gc,age      ] GC(13) - age   2:   15210224 bytes,   29736544 total
[2024-02-04T22:23:52.505+0000][7][gc,age      ] GC(13) - age   3:   16587360 bytes,   46323904 total
[2024-02-04T22:23:52.505+0000][7][gc,heap     ] GC(13) Eden regions: 138->0(140)
[2024-02-04T22:23:52.505+0000][7][gc,heap     ] GC(13) Survivor regions: 15->13(20)
[2024-02-04T22:23:52.505+0000][7][gc,heap     ] GC(13) Old regions: 6->12
[2024-02-04T22:23:52.505+0000][7][gc,heap     ] GC(13) Archive regions: 2->2
[2024-02-04T22:23:52.505+0000][7][gc,heap     ] GC(13) Humongous regions: 0->0
[2024-02-04T22:23:52.505+0000][7][gc,metaspace] GC(13) Metaspace: 115611K(119040K)->115611K(119040K) NonClass: 99882K(101632K)->99882K(101632K) Class: 15728K(17408K)->15728K(17408K)
[2024-02-04T22:23:52.505+0000][7][gc          ] GC(13) Pause Young (Normal) (G1 Evacuation Pause) 636M->98M(1024M) 38.778ms
[2024-02-04T22:23:52.506+0000][7][gc,cpu      ] GC(13) User=0.25s Sys=0.01s Real=0.04s
[2024-02-04T22:23:52.506+0000][7][safepoint   ] Safepoint "G1CollectForAllocation", Time since last: 161831818 ns, Reaching safepoint: 121567 ns, At safepoint: 38864966 ns, Total: 38986533 ns
[2024-02-04T22:23:52.646+0000][7][safepoint   ] Safepoint "ICBufferFull", Time since last: 140398936 ns, Reaching safepoint: 140798 ns, At safepoint: 3507 ns, Total: 144305 ns
[2024-02-04T22:23:53.368+0000][7][gc,start    ] GC(14) Pause Young (Normal) (G1 Evacuation Pause)
[2024-02-04T22:23:53.368+0000][7][gc,task     ] GC(14) Using 8 workers of 8 for evacuation
[2024-02-04T22:23:53.368+0000][7][gc,age      ] GC(14) Desired survivor size 41943040 bytes, new threshold 3 (max threshold 15)
[2024-02-04T22:23:53.386+0000][7][gc,phases   ] GC(14)   Pre Evacuate Collection Set: 0.1ms
[2024-02-04T22:23:53.386+0000][7][gc,phases   ] GC(14)   Merge Heap Roots: 0.1ms
[2024-02-04T22:23:53.386+0000][7][gc,phases   ] GC(14)   Evacuate Collection Set: 15.5ms
[2024-02-04T22:23:53.386+0000][7][gc,phases   ] GC(14)   Post Evacuate Collection Set: 1.6ms
[2024-02-04T22:23:53.386+0000][7][gc,phases   ] GC(14)   Other: 0.1ms
[2024-02-04T22:23:53.386+0000][7][gc,age      ] GC(14) Age table with threshold 3 (max threshold 15)
[2024-02-04T22:23:53.386+0000][7][gc,age      ] GC(14) - age   1:    3917792 bytes,    3917792 total
[2024-02-04T22:23:53.386+0000][7][gc,age      ] GC(14) - age   2:    7343424 bytes,   11261216 total
[2024-02-04T22:23:53.386+0000][7][gc,age      ] GC(14) - age   3:   14042320 bytes,   25303536 total
[2024-02-04T22:23:53.386+0000][7][gc,heap     ] GC(14) Eden regions: 140->0(146)
[2024-02-04T22:23:53.386+0000][7][gc,heap     ] GC(14) Survivor regions: 13->7(20)
[2024-02-04T22:23:53.386+0000][7][gc,heap     ] GC(14) Old regions: 12->16
[2024-02-04T22:23:53.386+0000][7][gc,heap     ] GC(14) Archive regions: 2->2
[2024-02-04T22:23:53.386+0000][7][gc,heap     ] GC(14) Humongous regions: 0->0
[2024-02-04T22:23:53.386+0000][7][gc,metaspace] GC(14) Metaspace: 116148K(119616K)->116148K(119616K) NonClass: 100347K(102144K)->100347K(102144K) Class: 15800K(17472K)->15800K(17472K)
[2024-02-04T22:23:53.386+0000][7][gc          ] GC(14) Pause Young (Normal) (G1 Evacuation Pause) 658M->94M(1024M) 17.543ms
[2024-02-04T22:23:53.386+0000][7][gc,cpu      ] GC(14) User=0.12s Sys=0.00s Real=0.02s
[2024-02-04T22:23:53.386+0000][7][safepoint   ] Safepoint "G1CollectForAllocation", Time since last: 722068080 ns, Reaching safepoint: 149359 ns, At safepoint: 17624101 ns, Total: 17773460 ns
[2024-02-04T22:23:54.163+0000][7][gc,start    ] GC(15) Pause Young (Normal) (G1 Evacuation Pause)
[2024-02-04T22:23:54.163+0000][7][gc,task     ] GC(15) Using 8 workers of 8 for evacuation
[2024-02-04T22:23:54.163+0000][7][gc,age      ] GC(15) Desired survivor size 41943040 bytes, new threshold 15 (max threshold 15)
[2024-02-04T22:23:54.171+0000][7][gc,phases   ] GC(15)   Pre Evacuate Collection Set: 0.1ms
[2024-02-04T22:23:54.171+0000][7][gc,phases   ] GC(15)   Merge Heap Roots: 0.1ms
[2024-02-04T22:23:54.171+0000][7][gc,phases   ] GC(15)   Evacuate Collection Set: 6.6ms
[2024-02-04T22:23:54.171+0000][7][gc,phases   ] GC(15)   Post Evacuate Collection Set: 0.8ms
[2024-02-04T22:23:54.171+0000][7][gc,phases   ] GC(15)   Other: 0.1ms
[2024-02-04T22:23:54.171+0000][7][gc,age      ] GC(15) Age table with threshold 15 (max threshold 15)
[2024-02-04T22:23:54.171+0000][7][gc,age      ] GC(15) - age   1:    4123072 bytes,    4123072 total
[2024-02-04T22:23:54.171+0000][7][gc,age      ] GC(15) - age   2:    2379056 bytes,    6502128 total
[2024-02-04T22:23:54.171+0000][7][gc,age      ] GC(15) - age   3:    7340480 bytes,   13842608 total
[2024-02-04T22:23:54.171+0000][7][gc,age      ] GC(15) - age   4:   14042240 bytes,   27884848 total
[2024-02-04T22:23:54.171+0000][7][gc,heap     ] GC(15) Eden regions: 146->0(145)
[2024-02-04T22:23:54.171+0000][7][gc,heap     ] GC(15) Survivor regions: 7->8(20)
[2024-02-04T22:23:54.171+0000][7][gc,heap     ] GC(15) Old regions: 16->16
[2024-02-04T22:23:54.171+0000][7][gc,heap     ] GC(15) Archive regions: 2->2
[2024-02-04T22:23:54.171+0000][7][gc,heap     ] GC(15) Humongous regions: 0->0
[2024-02-04T22:23:54.171+0000][7][gc,metaspace] GC(15) Metaspace: 116182K(119616K)->116182K(119616K) NonClass: 100381K(102144K)->100381K(102144K) Class: 15800K(17472K)->15800K(17472K)
[2024-02-04T22:23:54.171+0000][7][gc          ] GC(15) Pause Young (Normal) (G1 Evacuation Pause) 678M->95M(1024M) 7.783ms
[2024-02-04T22:23:54.171+0000][7][gc,cpu      ] GC(15) User=0.05s Sys=0.00s Real=0.01s
[2024-02-04T22:23:54.171+0000][7][safepoint   ] Safepoint "G1CollectForAllocation", Time since last: 777112280 ns, Reaching safepoint: 155131 ns, At safepoint: 7851947 ns, Total: 8007078 ns
[2024-02-04T22:23:54.951+0000][7][gc,start    ] GC(16) Pause Young (Normal) (G1 Evacuation Pause)
[2024-02-04T22:23:54.952+0000][7][gc,task     ] GC(16) Using 8 workers of 8 for evacuation
[2024-02-04T22:23:54.952+0000][7][gc,age      ] GC(16) Desired survivor size 41943040 bytes, new threshold 15 (max threshold 15)
[2024-02-04T22:23:54.959+0000][7][gc,phases   ] GC(16)   Pre Evacuate Collection Set: 0.1ms
[2024-02-04T22:23:54.959+0000][7][gc,phases   ] GC(16)   Merge Heap Roots: 0.1ms
[2024-02-04T22:23:54.959+0000][7][gc,phases   ] GC(16)   Evacuate Collection Set: 6.5ms
[2024-02-04T22:23:54.959+0000][7][gc,phases   ] GC(16)   Post Evacuate Collection Set: 1.0ms
[2024-02-04T22:23:54.959+0000][7][gc,phases   ] GC(16)   Other: 0.1ms
[2024-02-04T22:23:54.959+0000][7][gc,age      ] GC(16) Age table with threshold 15 (max threshold 15)
[2024-02-04T22:23:54.959+0000][7][gc,age      ] GC(16) - age   1:    4605824 bytes,    4605824 total
[2024-02-04T22:23:54.959+0000][7][gc,age      ] GC(16) - age   2:    1939816 bytes,    6545640 total
[2024-02-04T22:23:54.959+0000][7][gc,age      ] GC(16) - age   3:    2378288 bytes,    8923928 total
[2024-02-04T22:23:54.959+0000][7][gc,age      ] GC(16) - age   4:    7340448 bytes,   16264376 total
[2024-02-04T22:23:54.959+0000][7][gc,age      ] GC(16) - age   5:   14042240 bytes,   30306616 total
[2024-02-04T22:23:54.959+0000][7][gc,heap     ] GC(16) Eden regions: 145->0(145)
[2024-02-04T22:23:54.959+0000][7][gc,heap     ] GC(16) Survivor regions: 8->8(20)
[2024-02-04T22:23:54.959+0000][7][gc,heap     ] GC(16) Old regions: 16->16
[2024-02-04T22:23:54.959+0000][7][gc,heap     ] GC(16) Archive regions: 2->2
[2024-02-04T22:23:54.959+0000][7][gc,heap     ] GC(16) Humongous regions: 0->0
[2024-02-04T22:23:54.959+0000][7][gc,metaspace] GC(16) Metaspace: 116185K(119616K)->116185K(119616K) NonClass: 100384K(102144K)->100384K(102144K) Class: 15800K(17472K)->15800K(17472K)
[2024-02-04T22:23:54.959+0000][7][gc          ] GC(16) Pause Young (Normal) (G1 Evacuation Pause) 675M->98M(1024M) 7.891ms
[2024-02-04T22:23:54.959+0000][7][gc,cpu      ] GC(16) User=0.05s Sys=0.00s Real=0.00s
[2024-02-04T22:23:54.959+0000][7][safepoint   ] Safepoint "G1CollectForAllocation", Time since last: 780340072 ns, Reaching safepoint: 41842 ns, At safepoint: 7962492 ns, Total: 8004334 ns
[2024-02-04T22:23:55.735+0000][7][gc,start    ] GC(17) Pause Young (Normal) (G1 Evacuation Pause)
[2024-02-04T22:23:55.735+0000][7][gc,task     ] GC(17) Using 8 workers of 8 for evacuation
[2024-02-04T22:23:55.735+0000][7][gc,age      ] GC(17) Desired survivor size 41943040 bytes, new threshold 15 (max threshold 15)
[2024-02-04T22:23:55.743+0000][7][gc,phases   ] GC(17)   Pre Evacuate Collection Set: 0.1ms
[2024-02-04T22:23:55.743+0000][7][gc,phases   ] GC(17)   Merge Heap Roots: 0.1ms
[2024-02-04T22:23:55.743+0000][7][gc,phases   ] GC(17)   Evacuate Collection Set: 7.3ms
[2024-02-04T22:23:55.743+0000][7][gc,phases   ] GC(17)   Post Evacuate Collection Set: 0.9ms
[2024-02-04T22:23:55.743+0000][7][gc,phases   ] GC(17)   Other: 0.1ms
[2024-02-04T22:23:55.743+0000][7][gc,age      ] GC(17) Age table with threshold 15 (max threshold 15)
[2024-02-04T22:23:55.743+0000][7][gc,age      ] GC(17) - age   1:    5335032 bytes,    5335032 total
[2024-02-04T22:23:55.743+0000][7][gc,age      ] GC(17) - age   2:    1829968 bytes,    7165000 total
[2024-02-04T22:23:55.743+0000][7][gc,age      ] GC(17) - age   3:    1939048 bytes,    9104048 total
[2024-02-04T22:23:55.743+0000][7][gc,age      ] GC(17) - age   4:    2368496 bytes,   11472544 total
[2024-02-04T22:23:55.743+0000][7][gc,age      ] GC(17) - age   5:    7340448 bytes,   18812992 total
[2024-02-04T22:23:55.743+0000][7][gc,age      ] GC(17) - age   6:   14041872 bytes,   32854864 total
[2024-02-04T22:23:55.743+0000][7][gc,heap     ] GC(17) Eden regions: 145->0(144)
[2024-02-04T22:23:55.743+0000][7][gc,heap     ] GC(17) Survivor regions: 8->9(20)
[2024-02-04T22:23:55.743+0000][7][gc,heap     ] GC(17) Old regions: 16->16
[2024-02-04T22:23:55.743+0000][7][gc,heap     ] GC(17) Archive regions: 2->2
[2024-02-04T22:23:55.743+0000][7][gc,heap     ] GC(17) Humongous regions: 0->0
[2024-02-04T22:23:55.743+0000][7][gc,metaspace] GC(17) Metaspace: 116202K(119616K)->116202K(119616K) NonClass: 100401K(102144K)->100401K(102144K) Class: 15800K(17472K)->15800K(17472K)
[2024-02-04T22:23:55.743+0000][7][gc          ] GC(17) Pause Young (Normal) (G1 Evacuation Pause) 678M->101M(1024M) 8.616ms
[2024-02-04T22:23:55.743+0000][7][gc,cpu      ] GC(17) User=0.05s Sys=0.00s Real=0.01s
[2024-02-04T22:23:55.743+0000][7][safepoint   ] Safepoint "G1CollectForAllocation", Time since last: 775271730 ns, Reaching safepoint: 36768 ns, At safepoint: 8678130 ns, Total: 8714898 ns
[2024-02-04T22:23:56.729+0000][7][safepoint   ] Safepoint "ICBufferFull", Time since last: 985129625 ns, Reaching safepoint: 119254 ns, At safepoint: 2947 ns, Total: 122201 ns
[2024-02-04T22:23:56.858+0000][7][safepoint   ] Safepoint "ICBufferFull", Time since last: 129254489 ns, Reaching safepoint: 163815 ns, At safepoint: 2929 ns, Total: 166744 ns
[2024-02-04T22:23:57.858+0000][7][safepoint   ] Safepoint "Cleanup", Time since last: 1000134073 ns, Reaching safepoint: 113409 ns, At safepoint: 6707 ns, Total: 120116 ns
[2024-02-04T22:23:57.974+0000][7][safepoint   ] Safepoint "ICBufferFull", Time since last: 115359011 ns, Reaching safepoint: 172754 ns, At safepoint: 5365 ns, Total: 178119 ns
[2024-02-04T22:23:58.974+0000][7][safepoint   ] Safepoint "Cleanup", Time since last: 1000122399 ns, Reaching safepoint: 53852 ns, At safepoint: 3786 ns, Total: 57638 ns
[2024-02-04T22:24:00.259+0000][7][safepoint   ] Safepoint "Cleanup", Time since last: 1284381401 ns, Reaching safepoint: 160491 ns, At safepoint: 7037 ns, Total: 167528 ns
[2024-02-04T22:24:00.476+0000][7][safepoint   ] Safepoint "ICBufferFull", Time since last: 217231173 ns, Reaching safepoint: 217902 ns, At safepoint: 16861 ns, Total: 234763 ns
[2024-02-04T22:24:01.476+0000][7][safepoint   ] Safepoint "Cleanup", Time since last: 1000114111 ns, Reaching safepoint: 195157 ns, At safepoint: 12139 ns, Total: 207296 ns
[2024-02-04T22:24:02.477+0000][7][safepoint   ] Safepoint "Cleanup", Time since last: 1000136035 ns, Reaching safepoint: 42212 ns, At safepoint: 3073 ns, Total: 45285 ns
[2024-02-04T22:24:03.476+0000][7][safepoint   ] Safepoint "ICBufferFull", Time since last: 999499517 ns, Reaching safepoint: 137552 ns, At safepoint: 4720 ns, Total: 142272 ns
[2024-02-04T22:24:03.748+0000][7][safepoint   ] Safepoint "ICBufferFull", Time since last: 272119018 ns, Reaching safepoint: 161061 ns, At safepoint: 3115 ns, Total: 164176 ns
[2024-02-04T22:24:04.749+0000][7][safepoint   ] Safepoint "Cleanup", Time since last: 1000104179 ns, Reaching safepoint: 162667 ns, At safepoint: 17973 ns, Total: 180640 ns
[2024-02-04T22:24:05.749+0000][7][safepoint   ] Safepoint "Cleanup", Time since last: 1000128171 ns, Reaching safepoint: 168466 ns, At safepoint: 5398 ns, Total: 173864 ns
[2024-02-04T22:24:06.519+0000][7][safepoint   ] Safepoint "ICBufferFull", Time since last: 769293874 ns, Reaching safepoint: 217429 ns, At safepoint: 7755 ns, Total: 225184 ns
[2024-02-04T22:24:06.519+0000][7][safepoint   ] Safepoint "ICBufferFull", Time since last: 41985 ns, Reaching safepoint: 76986 ns, At safepoint: 6196 ns, Total: 83182 ns
[2024-02-04T22:24:06.735+0000][7][safepoint   ] Safepoint "ICBufferFull", Time since last: 215774477 ns, Reaching safepoint: 161884 ns, At safepoint: 10609 ns, Total: 172493 ns
[2024-02-04T22:24:07.735+0000][7][safepoint   ] Safepoint "Cleanup", Time since last: 1000148415 ns, Reaching safepoint: 87569 ns, At safepoint: 6287 ns, Total: 93856 ns
[2024-02-04T22:24:08.735+0000][7][safepoint   ] Safepoint "Cleanup", Time since last: 1000122797 ns, Reaching safepoint: 66901 ns, At safepoint: 4617 ns, Total: 71518 ns
[2024-02-04T22:24:09.735+0000][7][safepoint   ] Safepoint "Cleanup", Time since last: 1000217600 ns, Reaching safepoint: 143279 ns, At safepoint: 7013 ns, Total: 150292 ns
[2024-02-04T22:24:10.736+0000][7][safepoint   ] Safepoint "Cleanup", Time since last: 1000138325 ns, Reaching safepoint: 89464 ns, At safepoint: 8191 ns, Total: 97655 ns
[2024-02-04T22:24:12.736+0000][7][safepoint   ] Safepoint "Cleanup", Time since last: 2000215687 ns, Reaching safepoint: 102133 ns, At safepoint: 5831 ns, Total: 107964 ns
[2024-02-04T22:24:13.736+0000][7][safepoint   ] Safepoint "Cleanup", Time since last: 1000118632 ns, Reaching safepoint: 82610 ns, At safepoint: 9044 ns, Total: 91654 ns
[2024-02-04T22:24:15.415+0000][7][safepoint   ] Safepoint "Cleanup", Time since last: 1678874919 ns, Reaching safepoint: 80800 ns, At safepoint: 13316 ns, Total: 94116 ns
[2024-02-04T22:24:16.415+0000][7][safepoint   ] Safepoint "Cleanup", Time since last: 1000125082 ns, Reaching safepoint: 145923 ns, At safepoint: 18230 ns, Total: 164153 ns
[2024-02-04T22:24:17.416+0000][7][safepoint   ] Safepoint "Cleanup", Time since last: 1000132646 ns, Reaching safepoint: 86260 ns, At safepoint: 22246 ns, Total: 108506 ns
[2024-02-04T22:24:18.416+0000][7][safepoint   ] Safepoint "Cleanup", Time since last: 1000128451 ns, Reaching safepoint: 103914 ns, At safepoint: 4448 ns, Total: 108362 ns
[2024-02-04T22:24:19.416+0000][7][safepoint   ] Safepoint "Cleanup", Time since last: 1000105779 ns, Reaching safepoint: 187016 ns, At safepoint: 7551 ns, Total: 194567 ns
[2024-02-04T22:24:20.417+0000][7][safepoint   ] Safepoint "Cleanup", Time since last: 1000125631 ns, Reaching safepoint: 121792 ns, At safepoint: 16566 ns, Total: 138358 ns
[2024-02-04T22:24:21.417+0000][7][safepoint   ] Safepoint "Cleanup", Time since last: 1000118912 ns, Reaching safepoint: 103048 ns, At safepoint: 6710 ns, Total: 109758 ns
[2024-02-04T22:24:22.417+0000][7][safepoint   ] Safepoint "Cleanup", Time since last: 1000136678 ns, Reaching safepoint: 74639 ns, At safepoint: 19801 ns, Total: 94440 ns
[2024-02-04T22:24:23.417+0000][7][safepoint   ] Safepoint "Cleanup", Time since last: 1000213410 ns, Reaching safepoint: 92251 ns, At safepoint: 18903 ns, Total: 111154 ns
[2024-02-04T22:24:24.418+0000][7][safepoint   ] Safepoint "Cleanup", Time since last: 1000120450 ns, Reaching safepoint: 118565 ns, At safepoint: 6621 ns, Total: 125186 ns
[2024-02-04T22:24:25.418+0000][7][safepoint   ] Safepoint "Cleanup", Time since last: 1000128328 ns, Reaching safepoint: 85057 ns, At safepoint: 7234 ns, Total: 92291 ns
[2024-02-04T22:24:27.418+0000][7][safepoint   ] Safepoint "Cleanup", Time since last: 2000207882 ns, Reaching safepoint: 123509 ns, At safepoint: 9168 ns, Total: 132677 ns
[2024-02-04T22:24:28.418+0000][7][safepoint   ] Safepoint "Cleanup", Time since last: 1000201203 ns, Reaching safepoint: 134065 ns, At safepoint: 17097 ns, Total: 151162 ns
[2024-02-04T22:24:30.419+0000][7][safepoint   ] Safepoint "Cleanup", Time since last: 2000232867 ns, Reaching safepoint: 112515 ns, At safepoint: 19242 ns, Total: 131757 ns
[2024-02-04T22:24:31.419+0000][7][safepoint   ] Safepoint "Cleanup", Time since last: 1000255388 ns, Reaching safepoint: 109220 ns, At safepoint: 9401 ns, Total: 118621 ns
[2024-02-04T22:24:32.460+0000][7][safepoint   ] Safepoint "Cleanup", Time since last: 1040588205 ns, Reaching safepoint: 195708 ns, At safepoint: 7769 ns, Total: 203477 ns
[2024-02-04T22:24:33.460+0000][7][safepoint   ] Safepoint "Cleanup", Time since last: 1000140998 ns, Reaching safepoint: 120377 ns, At safepoint: 6096 ns, Total: 126473 ns
[2024-02-04T22:24:34.460+0000][7][safepoint   ] Safepoint "Cleanup", Time since last: 1000121095 ns, Reaching safepoint: 57011 ns, At safepoint: 6221 ns, Total: 63232 ns
[2024-02-04T22:24:35.461+0000][7][safepoint   ] Safepoint "Cleanup", Time since last: 1000132116 ns, Reaching safepoint: 62437 ns, At safepoint: 5306 ns, Total: 67743 ns
[2024-02-04T22:24:36.461+0000][7][safepoint   ] Safepoint "Cleanup", Time since last: 1000197164 ns, Reaching safepoint: 54159 ns, At safepoint: 6321 ns, Total: 60480 ns
[2024-02-04T22:24:38.461+0000][7][safepoint   ] Safepoint "Cleanup", Time since last: 2000280333 ns, Reaching safepoint: 82673 ns, At safepoint: 5941 ns, Total: 88614 ns
[2024-02-04T22:24:39.461+0000][7][safepoint   ] Safepoint "Cleanup", Time since last: 1000102046 ns, Reaching safepoint: 79474 ns, At safepoint: 3695 ns, Total: 83169 ns
[2024-02-04T22:24:40.462+0000][7][safepoint   ] Safepoint "Cleanup", Time since last: 1000114767 ns, Reaching safepoint: 148820 ns, At safepoint: 11863 ns, Total: 160683 ns
[2024-02-04T22:24:41.462+0000][7][safepoint   ] Safepoint "Cleanup", Time since last: 1000137993 ns, Reaching safepoint: 68481 ns, At safepoint: 7473 ns, Total: 75954 ns
[2024-02-04T22:24:42.462+0000][7][safepoint   ] Safepoint "Cleanup", Time since last: 1000110942 ns, Reaching safepoint: 150038 ns, At safepoint: 9412 ns, Total: 159450 ns
[2024-02-04T22:24:43.462+0000][7][safepoint   ] Safepoint "Cleanup", Time since last: 1000138378 ns, Reaching safepoint: 108765 ns, At safepoint: 7180 ns, Total: 115945 ns
[2024-02-04T22:24:44.463+0000][7][safepoint   ] Safepoint "Cleanup", Time since last: 1000120089 ns, Reaching safepoint: 61403 ns, At safepoint: 6307 ns, Total: 67710 ns
[2024-02-04T22:24:45.463+0000][7][safepoint   ] Safepoint "Cleanup", Time since last: 1000129127 ns, Reaching safepoint: 89535 ns, At safepoint: 6450 ns, Total: 95985 ns
[2024-02-04T22:24:46.463+0000][7][safepoint   ] Safepoint "Cleanup", Time since last: 1000125683 ns, Reaching safepoint: 56291 ns, At safepoint: 6493 ns, Total: 62784 ns
[2024-02-04T22:24:47.463+0000][7][safepoint   ] Safepoint "Cleanup", Time since last: 1000136266 ns, Reaching safepoint: 72041 ns, At safepoint: 4857 ns, Total: 76898 ns
[2024-02-04T22:24:48.464+0000][7][safepoint   ] Safepoint "Cleanup", Time since last: 1000113808 ns, Reaching safepoint: 73484 ns, At safepoint: 18387 ns, Total: 91871 ns
[2024-02-04T22:24:49.464+0000][7][safepoint   ] Safepoint "Cleanup", Time since last: 1000155106 ns, Reaching safepoint: 71854 ns, At safepoint: 8196 ns, Total: 80050 ns
[2024-02-04T22:24:50.464+0000][7][safepoint   ] Safepoint "Cleanup", Time since last: 1000213121 ns, Reaching safepoint: 77997 ns, At safepoint: 9408 ns, Total: 87405 ns
[2024-02-04T22:24:51.464+0000][7][safepoint   ] Safepoint "Cleanup", Time since last: 1000133478 ns, Reaching safepoint: 88096 ns, At safepoint: 3642 ns, Total: 91738 ns
[2024-02-04T22:24:52.464+0000][7][safepoint   ] Safepoint "Cleanup", Time since last: 1000130061 ns, Reaching safepoint: 70126 ns, At safepoint: 6079 ns, Total: 76205 ns
[2024-02-04T22:24:53.465+0000][7][safepoint   ] Safepoint "Cleanup", Time since last: 1000149148 ns, Reaching safepoint: 121335 ns, At safepoint: 6541 ns, Total: 127876 ns
[2024-02-04T22:24:54.465+0000][7][safepoint   ] Safepoint "Cleanup", Time since last: 1000120522 ns, Reaching safepoint: 129445 ns, At safepoint: 10381 ns, Total: 139826 ns
[2024-02-04T22:24:55.465+0000][7][safepoint   ] Safepoint "Cleanup", Time since last: 1000146617 ns, Reaching safepoint: 87129 ns, At safepoint: 19267 ns, Total: 106396 ns
[2024-02-04T22:24:56.465+0000][7][safepoint   ] Safepoint "Cleanup", Time since last: 1000143523 ns, Reaching safepoint: 61288 ns, At safepoint: 6761 ns, Total: 68049 ns
[2024-02-04T22:24:57.466+0000][7][safepoint   ] Safepoint "Cleanup", Time since last: 1000116613 ns, Reaching safepoint: 99891 ns, At safepoint: 7494 ns, Total: 107385 ns
[2024-02-04T22:24:58.466+0000][7][safepoint   ] Safepoint "Cleanup", Time since last: 1000137890 ns, Reaching safepoint: 83685 ns, At safepoint: 5745 ns, Total: 89430 ns
[2024-02-04T22:24:59.466+0000][7][safepoint   ] Safepoint "Cleanup", Time since last: 1000142389 ns, Reaching safepoint: 64471 ns, At safepoint: 8073 ns, Total: 72544 ns
[2024-02-04T22:25:00.466+0000][7][safepoint   ] Safepoint "Cleanup", Time since last: 1000173539 ns, Reaching safepoint: 103691 ns, At safepoint: 4972 ns, Total: 108663 ns
[2024-02-04T22:25:03.467+0000][7][safepoint   ] Safepoint "Cleanup", Time since last: 3000271310 ns, Reaching safepoint: 99866 ns, At safepoint: 4604 ns, Total: 104470 ns
[2024-02-04T22:25:04.467+0000][7][safepoint   ] Safepoint "Cleanup", Time since last: 1000115216 ns, Reaching safepoint: 76583 ns, At safepoint: 7627 ns, Total: 84210 ns
[2024-02-04T22:25:06.467+0000][7][safepoint   ] Safepoint "Cleanup", Time since last: 2000217539 ns, Reaching safepoint: 85624 ns, At safepoint: 5538 ns, Total: 91162 ns
[2024-02-04T22:25:07.468+0000][7][safepoint   ] Safepoint "Cleanup", Time since last: 1000132112 ns, Reaching safepoint: 91270 ns, At safepoint: 8033 ns, Total: 99303 ns
[2024-02-04T22:25:08.468+0000][7][safepoint   ] Safepoint "Cleanup", Time since last: 1000120488 ns, Reaching safepoint: 56544 ns, At safepoint: 6806 ns, Total: 63350 ns
[2024-02-04T22:25:09.468+0000][7][safepoint   ] Safepoint "Cleanup", Time since last: 1000112751 ns, Reaching safepoint: 90182 ns, At safepoint: 3757 ns, Total: 93939 ns
[2024-02-04T22:25:10.468+0000][7][safepoint   ] Safepoint "Cleanup", Time since last: 1000136324 ns, Reaching safepoint: 133466 ns, At safepoint: 12390 ns, Total: 145856 ns
[2024-02-04T22:25:12.469+0000][7][safepoint   ] Safepoint "Cleanup", Time since last: 2000210860 ns, Reaching safepoint: 92743 ns, At safepoint: 4791 ns, Total: 97534 ns
[2024-02-04T22:25:13.469+0000][7][safepoint   ] Safepoint "Cleanup", Time since last: 1000205640 ns, Reaching safepoint: 75942 ns, At safepoint: 7347 ns, Total: 83289 ns
[2024-02-04T22:25:15.469+0000][7][safepoint   ] Safepoint "Cleanup", Time since last: 2000189129 ns, Reaching safepoint: 102366 ns, At safepoint: 12828 ns, Total: 115194 ns
[2024-02-04T22:25:16.469+0000][7][safepoint   ] Safepoint "Cleanup", Time since last: 1000132750 ns, Reaching safepoint: 100039 ns, At safepoint: 19306 ns, Total: 119345 ns
[2024-02-04T22:25:18.470+0000][7][safepoint   ] Safepoint "Cleanup", Time since last: 2000196611 ns, Reaching safepoint: 90641 ns, At safepoint: 13316 ns, Total: 103957 ns
[2024-02-04T22:25:19.470+0000][7][safepoint   ] Safepoint "Cleanup", Time since last: 1000114032 ns, Reaching safepoint: 101817 ns, At safepoint: 7297 ns, Total: 109114 ns
[2024-02-04T22:25:20.479+0000][7][safepoint   ] Safepoint "ICBufferFull", Time since last: 1008364881 ns, Reaching safepoint: 276293 ns, At safepoint: 25355 ns, Total: 301648 ns
[2024-02-04T22:25:20.483+0000][7][safepoint   ] Safepoint "ICBufferFull", Time since last: 4028689 ns, Reaching safepoint: 160192 ns, At safepoint: 35528 ns, Total: 195720 ns
[2024-02-04T22:25:21.420+0000][7][gc,start    ] GC(18) Pause Young (Normal) (G1 Evacuation Pause)
[2024-02-04T22:25:21.420+0000][7][gc,task     ] GC(18) Using 8 workers of 8 for evacuation
[2024-02-04T22:25:21.420+0000][7][gc,age      ] GC(18) Desired survivor size 41943040 bytes, new threshold 15 (max threshold 15)
[2024-02-04T22:25:21.437+0000][7][gc,phases   ] GC(18)   Pre Evacuate Collection Set: 0.1ms
[2024-02-04T22:25:21.437+0000][7][gc,phases   ] GC(18)   Merge Heap Roots: 0.1ms
[2024-02-04T22:25:21.437+0000][7][gc,phases   ] GC(18)   Evacuate Collection Set: 14.2ms
[2024-02-04T22:25:21.437+0000][7][gc,phases   ] GC(18)   Post Evacuate Collection Set: 2.4ms
[2024-02-04T22:25:21.437+0000][7][gc,phases   ] GC(18)   Other: 0.1ms
[2024-02-04T22:25:21.437+0000][7][gc,age      ] GC(18) Age table with threshold 15 (max threshold 15)
[2024-02-04T22:25:21.437+0000][7][gc,age      ] GC(18) - age   1:    7756992 bytes,    7756992 total
[2024-02-04T22:25:21.437+0000][7][gc,age      ] GC(18) - age   2:        592 bytes,    7757584 total
[2024-02-04T22:25:21.437+0000][7][gc,age      ] GC(18) - age   4:      66888 bytes,    7824472 total
[2024-02-04T22:25:21.437+0000][7][gc,age      ] GC(18) - age   5:     506336 bytes,    8330808 total
[2024-02-04T22:25:21.437+0000][7][gc,age      ] GC(18) - age   6:    5863984 bytes,   14194792 total
[2024-02-04T22:25:21.437+0000][7][gc,age      ] GC(18) - age   7:   11916432 bytes,   26111224 total
[2024-02-04T22:25:21.437+0000][7][gc,heap     ] GC(18) Eden regions: 144->0(146)
[2024-02-04T22:25:21.437+0000][7][gc,heap     ] GC(18) Survivor regions: 9->7(20)
[2024-02-04T22:25:21.437+0000][7][gc,heap     ] GC(18) Old regions: 16->16
[2024-02-04T22:25:21.437+0000][7][gc,heap     ] GC(18) Archive regions: 2->2
[2024-02-04T22:25:21.437+0000][7][gc,heap     ] GC(18) Humongous regions: 0->0
[2024-02-04T22:25:21.437+0000][7][gc,metaspace] GC(18) Metaspace: 123435K(127168K)->123435K(127168K) NonClass: 106854K(108800K)->106854K(108800K) Class: 16581K(18368K)->16581K(18368K)
[2024-02-04T22:25:21.437+0000][7][gc          ] GC(18) Pause Young (Normal) (G1 Evacuation Pause) 677M->95M(1024M) 17.221ms
[2024-02-04T22:25:21.437+0000][7][gc,cpu      ] GC(18) User=0.10s Sys=0.00s Real=0.02s
[2024-02-04T22:25:21.437+0000][7][safepoint   ] Safepoint "G1CollectForAllocation", Time since last: 936515679 ns, Reaching safepoint: 179974 ns, At safepoint: 17317653 ns, Total: 17497627 ns
[2024-02-04T22:25:22.437+0000][7][safepoint   ] Safepoint "Cleanup", Time since last: 1000197440 ns, Reaching safepoint: 155952 ns, At safepoint: 9518 ns, Total: 165470 ns
[2024-02-04T22:25:23.437+0000][7][safepoint   ] Safepoint "Cleanup", Time since last: 1000170053 ns, Reaching safepoint: 93979 ns, At safepoint: 7514 ns, Total: 101493 ns
[2024-02-04T22:25:24.438+0000][7][safepoint   ] Safepoint "Cleanup", Time since last: 1000129244 ns, Reaching safepoint: 125858 ns, At safepoint: 16161 ns, Total: 142019 ns
[2024-02-04T22:25:25.438+0000][7][safepoint   ] Safepoint "Cleanup", Time since last: 1000147846 ns, Reaching safepoint: 73925 ns, At safepoint: 15383 ns, Total: 89308 ns
[2024-02-04T22:25:26.438+0000][7][safepoint   ] Safepoint "Cleanup", Time since last: 1000113575 ns, Reaching safepoint: 83611 ns, At safepoint: 7843 ns, Total: 91454 ns
[2024-02-04T22:25:27.439+0000][7][safepoint   ] Safepoint "Cleanup", Time since last: 1000120165 ns, Reaching safepoint: 311412 ns, At safepoint: 7678 ns, Total: 319090 ns
[2024-02-04T22:25:28.439+0000][7][safepoint   ] Safepoint "Cleanup", Time since last: 1000134264 ns, Reaching safepoint: 159559 ns, At safepoint: 21260 ns, Total: 180819 ns
[2024-02-04T22:25:30.439+0000][7][safepoint   ] Safepoint "Cleanup", Time since last: 2000224463 ns, Reaching safepoint: 128873 ns, At safepoint: 7032 ns, Total: 135905 ns
[2024-02-04T22:25:31.440+0000][7][safepoint   ] Safepoint "Cleanup", Time since last: 1000206966 ns, Reaching safepoint: 85364 ns, At safepoint: 14822 ns, Total: 100186 ns
[2024-02-04T22:25:33.440+0000][7][safepoint   ] Safepoint "Cleanup", Time since last: 2000203336 ns, Reaching safepoint: 42861 ns, At safepoint: 4178 ns, Total: 47039 ns
[2024-02-04T22:25:35.440+0000][7][safepoint   ] Safepoint "Cleanup", Time since last: 2000212719 ns, Reaching safepoint: 46925 ns, At safepoint: 4778 ns, Total: 51703 ns
[2024-02-04T22:25:36.440+0000][7][safepoint   ] Safepoint "Cleanup", Time since last: 1000125630 ns, Reaching safepoint: 140645 ns, At safepoint: 6208 ns, Total: 146853 ns
[2024-02-04T22:25:38.441+0000][7][safepoint   ] Safepoint "Cleanup", Time since last: 2000335152 ns, Reaching safepoint: 111052 ns, At safepoint: 6295 ns, Total: 117347 ns
[2024-02-04T22:25:39.441+0000][7][safepoint   ] Safepoint "Cleanup", Time since last: 1000130530 ns, Reaching safepoint: 64522 ns, At safepoint: 3730 ns, Total: 68252 ns
[2024-02-04T22:25:40.441+0000][7][safepoint   ] Safepoint "Cleanup", Time since last: 1000138657 ns, Reaching safepoint: 63461 ns, At safepoint: 6326 ns, Total: 69787 ns
[2024-02-04T22:25:42.441+0000][7][safepoint   ] Safepoint "Cleanup", Time since last: 2000200741 ns, Reaching safepoint: 67657 ns, At safepoint: 5606 ns, Total: 73263 ns
[2024-02-04T22:25:43.442+0000][7][safepoint   ] Safepoint "Cleanup", Time since last: 1000112368 ns, Reaching safepoint: 73814 ns, At safepoint: 7311 ns, Total: 81125 ns
[2024-02-04T22:25:45.442+0000][7][safepoint   ] Safepoint "Cleanup", Time since last: 2000228935 ns, Reaching safepoint: 102543 ns, At safepoint: 9959 ns, Total: 112502 ns
[2024-02-04T22:25:46.442+0000][7][safepoint   ] Safepoint "Cleanup", Time since last: 1000128846 ns, Reaching safepoint: 73925 ns, At safepoint: 6689 ns, Total: 80614 ns
[2024-02-04T22:25:47.442+0000][7][safepoint   ] Safepoint "Cleanup", Time since last: 1000118706 ns, Reaching safepoint: 57729 ns, At safepoint: 4915 ns, Total: 62644 ns
[2024-02-04T22:25:48.443+0000][7][safepoint   ] Safepoint "Cleanup", Time since last: 1000109764 ns, Reaching safepoint: 74399 ns, At safepoint: 4289 ns, Total: 78688 ns
[2024-02-04T22:25:49.443+0000][7][safepoint   ] Safepoint "Cleanup", Time since last: 1000115230 ns, Reaching safepoint: 62496 ns, At safepoint: 7265 ns, Total: 69761 ns
[2024-02-04T22:25:50.443+0000][7][safepoint   ] Safepoint "Cleanup", Time since last: 1000109686 ns, Reaching safepoint: 59031 ns, At safepoint: 5348 ns, Total: 64379 ns
[2024-02-04T22:25:51.443+0000][7][safepoint   ] Safepoint "Cleanup", Time since last: 1000124802 ns, Reaching safepoint: 74060 ns, At safepoint: 5559 ns, Total: 79619 ns
[2024-02-04T22:25:52.444+0000][7][safepoint   ] Safepoint "Cleanup", Time since last: 1000137703 ns, Reaching safepoint: 210459 ns, At safepoint: 15267 ns, Total: 225726 ns
[2024-02-04T22:25:53.444+0000][7][safepoint   ] Safepoint "Cleanup", Time since last: 1000218206 ns, Reaching safepoint: 65239 ns, At safepoint: 5412 ns, Total: 70651 ns
[2024-02-04T22:25:54.444+0000][7][safepoint   ] Safepoint "Cleanup", Time since last: 1000113927 ns, Reaching safepoint: 127563 ns, At safepoint: 5741 ns, Total: 133304 ns
[2024-02-04T22:25:55.444+0000][7][safepoint   ] Safepoint "Cleanup", Time since last: 1000119239 ns, Reaching safepoint: 69205 ns, At safepoint: 4942 ns, Total: 74147 ns
[2024-02-04T22:25:57.445+0000][7][safepoint   ] Safepoint "Cleanup", Time since last: 2000206591 ns, Reaching safepoint: 79644 ns, At safepoint: 8319 ns, Total: 87963 ns
[2024-02-04T22:25:58.445+0000][7][safepoint   ] Safepoint "Cleanup", Time since last: 1000107058 ns, Reaching safepoint: 79357 ns, At safepoint: 3304 ns, Total: 82661 ns
[2024-02-04T22:26:00.445+0000][7][safepoint   ] Safepoint "Cleanup", Time since last: 2000173720 ns, Reaching safepoint: 66207 ns, At safepoint: 4251 ns, Total: 70458 ns
[2024-02-04T22:26:03.445+0000][7][safepoint   ] Safepoint "Cleanup", Time since last: 3000343756 ns, Reaching safepoint: 158199 ns, At safepoint: 8068 ns, Total: 166267 ns
[2024-02-04T22:26:04.446+0000][7][safepoint   ] Safepoint "Cleanup", Time since last: 1000219165 ns, Reaching safepoint: 62345 ns, At safepoint: 11657 ns, Total: 74002 ns
[2024-02-04T22:26:06.446+0000][7][safepoint   ] Safepoint "Cleanup", Time since last: 2000197372 ns, Reaching safepoint: 70010 ns, At safepoint: 4401 ns, Total: 74411 ns
[2024-02-04T22:26:07.446+0000][7][safepoint   ] Safepoint "Cleanup", Time since last: 1000121516 ns, Reaching safepoint: 72785 ns, At safepoint: 5584 ns, Total: 78369 ns
[2024-02-04T22:26:08.446+0000][7][safepoint   ] Safepoint "Cleanup", Time since last: 1000121176 ns, Reaching safepoint: 60957 ns, At safepoint: 6680 ns, Total: 67637 ns
[2024-02-04T22:26:09.447+0000][7][safepoint   ] Safepoint "Cleanup", Time since last: 1000127968 ns, Reaching safepoint: 91190 ns, At safepoint: 7403 ns, Total: 98593 ns
[2024-02-04T22:26:10.447+0000][7][safepoint   ] Safepoint "Cleanup", Time since last: 1000133405 ns, Reaching safepoint: 73993 ns, At safepoint: 5436 ns, Total: 79429 ns
[2024-02-04T22:26:12.447+0000][7][safepoint   ] Safepoint "Cleanup", Time since last: 2000229381 ns, Reaching safepoint: 112448 ns, At safepoint: 20580 ns, Total: 133028 ns
[2024-02-04T22:26:15.448+0000][7][safepoint   ] Safepoint "Cleanup", Time since last: 3000276539 ns, Reaching safepoint: 80138 ns, At safepoint: 11884 ns, Total: 92022 ns
[2024-02-04T22:26:16.448+0000][7][safepoint   ] Safepoint "Cleanup", Time since last: 1000133645 ns, Reaching safepoint: 106819 ns, At safepoint: 11216 ns, Total: 118035 ns
[2024-02-04T22:26:18.448+0000][7][safepoint   ] Safepoint "Cleanup", Time since last: 2000243650 ns, Reaching safepoint: 78744 ns, At safepoint: 4726 ns, Total: 83470 ns
[2024-02-04T22:26:19.448+0000][7][safepoint   ] Safepoint "Cleanup", Time since last: 1000224896 ns, Reaching safepoint: 60329 ns, At safepoint: 5645 ns, Total: 65974 ns
[2024-02-04T22:26:20.449+0000][7][safepoint   ] Safepoint "Cleanup", Time since last: 1000143769 ns, Reaching safepoint: 64108 ns, At safepoint: 5608 ns, Total: 69716 ns
[2024-02-04T22:26:21.449+0000][7][safepoint   ] Safepoint "Cleanup", Time since last: 1000112644 ns, Reaching safepoint: 62920 ns, At safepoint: 4009 ns, Total: 66929 ns
[2024-02-04T22:26:22.449+0000][7][safepoint   ] Safepoint "Cleanup", Time since last: 1000124891 ns, Reaching safepoint: 57621 ns, At safepoint: 11113 ns, Total: 68734 ns
[2024-02-04T22:26:23.449+0000][7][safepoint   ] Safepoint "Cleanup", Time since last: 1000114353 ns, Reaching safepoint: 87624 ns, At safepoint: 19009 ns, Total: 106633 ns
[2024-02-04T22:26:27.450+0000][7][safepoint   ] Safepoint "Cleanup", Time since last: 4000366081 ns, Reaching safepoint: 88006 ns, At safepoint: 4911 ns, Total: 92917 ns
[2024-02-04T22:26:28.450+0000][7][safepoint   ] Safepoint "Cleanup", Time since last: 1000111586 ns, Reaching safepoint: 61152 ns, At safepoint: 4265 ns, Total: 65417 ns
[2024-02-04T22:26:30.450+0000][7][safepoint   ] Safepoint "Cleanup", Time since last: 2000179454 ns, Reaching safepoint: 48232 ns, At safepoint: 3634 ns, Total: 51866 ns
[2024-02-04T22:26:33.451+0000][7][safepoint   ] Safepoint "Cleanup", Time since last: 3000278617 ns, Reaching safepoint: 84272 ns, At safepoint: 4492 ns, Total: 88764 ns
[2024-02-04T22:26:34.451+0000][7][safepoint   ] Safepoint "Cleanup", Time since last: 1000120944 ns, Reaching safepoint: 144483 ns, At safepoint: 6643 ns, Total: 151126 ns
[2024-02-04T22:26:35.451+0000][7][safepoint   ] Safepoint "Cleanup", Time since last: 1000137527 ns, Reaching safepoint: 62987 ns, At safepoint: 6913 ns, Total: 69900 ns
[2024-02-04T22:26:36.451+0000][7][safepoint   ] Safepoint "Cleanup", Time since last: 1000121663 ns, Reaching safepoint: 98308 ns, At safepoint: 5538 ns, Total: 103846 ns
[2024-02-04T22:26:39.452+0000][7][safepoint   ] Safepoint "Cleanup", Time since last: 3000271703 ns, Reaching safepoint: 82455 ns, At safepoint: 5488 ns, Total: 87943 ns
[2024-02-04T22:26:40.452+0000][7][safepoint   ] Safepoint "Cleanup", Time since last: 1000127628 ns, Reaching safepoint: 103663 ns, At safepoint: 23184 ns, Total: 126847 ns
[2024-02-04T22:26:42.452+0000][7][safepoint   ] Safepoint "Cleanup", Time since last: 2000251172 ns, Reaching safepoint: 92054 ns, At safepoint: 6664 ns, Total: 98718 ns
[2024-02-04T22:26:43.452+0000][7][safepoint   ] Safepoint "Cleanup", Time since last: 1000121094 ns, Reaching safepoint: 79047 ns, At safepoint: 6001 ns, Total: 85048 ns
[2024-02-04T22:26:45.399+0000][7][safepoint   ] Safepoint "Cleanup", Time since last: 1946770692 ns, Reaching safepoint: 164184 ns, At safepoint: 14702 ns, Total: 178886 ns
[2024-02-04T22:26:46.400+0000][7][safepoint   ] Safepoint "Cleanup", Time since last: 1000147492 ns, Reaching safepoint: 110166 ns, At safepoint: 6217 ns, Total: 116383 ns
[2024-02-04T22:26:48.400+0000][7][safepoint   ] Safepoint "Cleanup", Time since last: 2000209311 ns, Reaching safepoint: 55253 ns, At safepoint: 9201 ns, Total: 64454 ns
[2024-02-04T22:26:52.400+0000][7][safepoint   ] Safepoint "Cleanup", Time since last: 4000436410 ns, Reaching safepoint: 111585 ns, At safepoint: 9877 ns, Total: 121462 ns
[2024-02-04T22:26:54.401+0000][7][safepoint   ] Safepoint "Cleanup", Time since last: 2000289725 ns, Reaching safepoint: 67398 ns, At safepoint: 8183 ns, Total: 75581 ns
[2024-02-04T22:26:55.401+0000][7][safepoint   ] Safepoint "Cleanup", Time since last: 1000105527 ns, Reaching safepoint: 78503 ns, At safepoint: 3920 ns, Total: 82423 ns
[2024-02-04T22:26:56.401+0000][7][safepoint   ] Safepoint "Cleanup", Time since last: 1000123071 ns, Reaching safepoint: 112180 ns, At safepoint: 7575 ns, Total: 119755 ns
[2024-02-04T22:26:57.402+0000][7][safepoint   ] Safepoint "Cleanup", Time since last: 1000173331 ns, Reaching safepoint: 132964 ns, At safepoint: 6097 ns, Total: 139061 ns
[2024-02-04T22:26:58.402+0000][7][safepoint   ] Safepoint "Cleanup", Time since last: 1000108425 ns, Reaching safepoint: 90428 ns, At safepoint: 4804 ns, Total: 95232 ns
[2024-02-04T22:27:00.402+0000][7][safepoint   ] Safepoint "Cleanup", Time since last: 2000180153 ns, Reaching safepoint: 107227 ns, At safepoint: 7466 ns, Total: 114693 ns
[2024-02-04T22:27:01.402+0000][7][safepoint   ] Safepoint "Cleanup", Time since last: 1000142664 ns, Reaching safepoint: 130320 ns, At safepoint: 6417 ns, Total: 136737 ns
[2024-02-04T22:27:03.403+0000][7][safepoint   ] Safepoint "Cleanup", Time since last: 2000205725 ns, Reaching safepoint: 145028 ns, At safepoint: 10057 ns, Total: 155085 ns
[2024-02-04T22:27:04.403+0000][7][safepoint   ] Safepoint "Cleanup", Time since last: 1000147479 ns, Reaching safepoint: 71339 ns, At safepoint: 20200 ns, Total: 91539 ns
[2024-02-04T22:27:06.403+0000][7][safepoint   ] Safepoint "Cleanup", Time since last: 2000188021 ns, Reaching safepoint: 55207 ns, At safepoint: 7025 ns, Total: 62232 ns
[2024-02-04T22:27:07.403+0000][7][safepoint   ] Safepoint "Cleanup", Time since last: 1000133848 ns, Reaching safepoint: 76325 ns, At safepoint: 7848 ns, Total: 84173 ns
[2024-02-04T22:27:08.404+0000][7][safepoint   ] Safepoint "Cleanup", Time since last: 1000146025 ns, Reaching safepoint: 65597 ns, At safepoint: 5971 ns, Total: 71568 ns
[2024-02-04T22:27:09.404+0000][7][safepoint   ] Safepoint "Cleanup", Time since last: 1000134310 ns, Reaching safepoint: 64146 ns, At safepoint: 5283 ns, Total: 69429 ns
[2024-02-04T22:27:10.404+0000][7][safepoint   ] Safepoint "Cleanup", Time since last: 1000119243 ns, Reaching safepoint: 100217 ns, At safepoint: 7845 ns, Total: 108062 ns
[2024-02-04T22:27:11.404+0000][7][safepoint   ] Safepoint "Cleanup", Time since last: 1000161489 ns, Reaching safepoint: 62144 ns, At safepoint: 10935 ns, Total: 73079 ns
[2024-02-04T22:27:12.405+0000][7][safepoint   ] Safepoint "Cleanup", Time since last: 1000135133 ns, Reaching safepoint: 79353 ns, At safepoint: 7062 ns, Total: 86415 ns
[2024-02-04T22:27:13.405+0000][7][safepoint   ] Safepoint "Cleanup", Time since last: 1000130292 ns, Reaching safepoint: 68732 ns, At safepoint: 4694 ns, Total: 73426 ns
[2024-02-04T22:27:15.405+0000][7][safepoint   ] Safepoint "Cleanup", Time since last: 2000208730 ns, Reaching safepoint: 87735 ns, At safepoint: 7427 ns, Total: 95162 ns
[2024-02-04T22:27:16.405+0000][7][safepoint   ] Safepoint "Cleanup", Time since last: 1000147868 ns, Reaching safepoint: 75004 ns, At safepoint: 4605 ns, Total: 79609 ns
[2024-02-04T22:27:18.406+0000][7][safepoint   ] Safepoint "Cleanup", Time since last: 2000200943 ns, Reaching safepoint: 74320 ns, At safepoint: 6178 ns, Total: 80498 ns
[2024-02-04T22:27:19.406+0000][7][safepoint   ] Safepoint "Cleanup", Time since last: 1000111075 ns, Reaching safepoint: 87988 ns, At safepoint: 7538 ns, Total: 95526 ns
[2024-02-04T22:27:20.406+0000][7][safepoint   ] Safepoint "Cleanup", Time since last: 1000124441 ns, Reaching safepoint: 50486 ns, At safepoint: 5666 ns, Total: 56152 ns
[2024-02-04T22:27:21.406+0000][7][safepoint   ] Safepoint "Cleanup", Time since last: 1000119950 ns, Reaching safepoint: 51474 ns, At safepoint: 4579 ns, Total: 56053 ns
[2024-02-04T22:27:22.406+0000][7][safepoint   ] Safepoint "Cleanup", Time since last: 1000107955 ns, Reaching safepoint: 83575 ns, At safepoint: 5684 ns, Total: 89259 ns
[2024-02-04T22:27:24.407+0000][7][safepoint   ] Safepoint "Cleanup", Time since last: 2000215876 ns, Reaching safepoint: 51958 ns, At safepoint: 5950 ns, Total: 57908 ns
[2024-02-04T22:27:27.407+0000][7][safepoint   ] Safepoint "Cleanup", Time since last: 3000267929 ns, Reaching safepoint: 248455 ns, At safepoint: 10194 ns, Total: 258649 ns
[2024-02-04T22:27:28.407+0000][7][safepoint   ] Safepoint "Cleanup", Time since last: 1000135605 ns, Reaching safepoint: 96153 ns, At safepoint: 6889 ns, Total: 103042 ns
[2024-02-04T22:27:30.408+0000][7][safepoint   ] Safepoint "Cleanup", Time since last: 2000207165 ns, Reaching safepoint: 171590 ns, At safepoint: 8362 ns, Total: 179952 ns
[2024-02-04T22:27:31.408+0000][7][safepoint   ] Safepoint "Cleanup", Time since last: 1000135224 ns, Reaching safepoint: 83252 ns, At safepoint: 10675 ns, Total: 93927 ns
[2024-02-04T22:27:33.408+0000][7][safepoint   ] Safepoint "Cleanup", Time since last: 2000241047 ns, Reaching safepoint: 86853 ns, At safepoint: 4959 ns, Total: 91812 ns
[2024-02-04T22:27:34.409+0000][7][safepoint   ] Safepoint "Cleanup", Time since last: 1000147580 ns, Reaching safepoint: 71734 ns, At safepoint: 5274 ns, Total: 77008 ns
[2024-02-04T22:27:35.409+0000][7][safepoint   ] Safepoint "Cleanup", Time since last: 1000136528 ns, Reaching safepoint: 67525 ns, At safepoint: 7210 ns, Total: 74735 ns
[2024-02-04T22:27:39.409+0000][7][safepoint   ] Safepoint "Cleanup", Time since last: 4000302607 ns, Reaching safepoint: 84201 ns, At safepoint: 6911 ns, Total: 91112 ns
[2024-02-04T22:27:40.409+0000][7][safepoint   ] Safepoint "Cleanup", Time since last: 1000115821 ns, Reaching safepoint: 98381 ns, At safepoint: 8044 ns, Total: 106425 ns
[2024-02-04T22:27:42.410+0000][7][safepoint   ] Safepoint "Cleanup", Time since last: 2000202625 ns, Reaching safepoint: 172731 ns, At safepoint: 6367 ns, Total: 179098 ns
[2024-02-04T22:27:43.410+0000][7][safepoint   ] Safepoint "Cleanup", Time since last: 1000154196 ns, Reaching safepoint: 125993 ns, At safepoint: 8026 ns, Total: 134019 ns
[2024-02-04T22:27:44.410+0000][7][safepoint   ] Safepoint "Cleanup", Time since last: 1000138842 ns, Reaching safepoint: 78721 ns, At safepoint: 6103 ns, Total: 84824 ns
[2024-02-04T22:27:45.410+0000][7][safepoint   ] Safepoint "Cleanup", Time since last: 1000120205 ns, Reaching safepoint: 85947 ns, At safepoint: 6019 ns, Total: 91966 ns
[2024-02-04T22:27:46.411+0000][7][safepoint   ] Safepoint "Cleanup", Time since last: 1000136789 ns, Reaching safepoint: 78495 ns, At safepoint: 5837 ns, Total: 84332 ns
[2024-02-04T22:27:48.411+0000][7][safepoint   ] Safepoint "Cleanup", Time since last: 2000205939 ns, Reaching safepoint: 78879 ns, At safepoint: 8563 ns, Total: 87442 ns
[2024-02-04T22:27:49.411+0000][7][safepoint   ] Safepoint "Cleanup", Time since last: 1000114685 ns, Reaching safepoint: 60098 ns, At safepoint: 4975 ns, Total: 65073 ns
[2024-02-04T22:27:50.411+0000][7][safepoint   ] Safepoint "Cleanup", Time since last: 1000130211 ns, Reaching safepoint: 61845 ns, At safepoint: 5198 ns, Total: 67043 ns
[2024-02-04T22:27:52.412+0000][7][safepoint   ] Safepoint "Cleanup", Time since last: 2000211285 ns, Reaching safepoint: 65637 ns, At safepoint: 5098 ns, Total: 70735 ns
[2024-02-04T22:27:54.412+0000][7][safepoint   ] Safepoint "Cleanup", Time since last: 2000215503 ns, Reaching safepoint: 55927 ns, At safepoint: 8196 ns, Total: 64123 ns
[2024-02-04T22:27:55.412+0000][7][safepoint   ] Safepoint "Cleanup", Time since last: 1000150003 ns, Reaching safepoint: 60324 ns, At safepoint: 5006 ns, Total: 65330 ns
[2024-02-04T22:27:57.412+0000][7][safepoint   ] Safepoint "Cleanup", Time since last: 2000223555 ns, Reaching safepoint: 128467 ns, At safepoint: 6905 ns, Total: 135372 ns
[2024-02-04T22:27:58.413+0000][7][safepoint   ] Safepoint "Cleanup", Time since last: 1000107244 ns, Reaching safepoint: 51704 ns, At safepoint: 3568 ns, Total: 55272 ns
[2024-02-04T22:28:00.413+0000][7][safepoint   ] Safepoint "Cleanup", Time since last: 2000202567 ns, Reaching safepoint: 97775 ns, At safepoint: 15650 ns, Total: 113425 ns
[2024-02-04T22:28:01.413+0000][7][safepoint   ] Safepoint "Cleanup", Time since last: 1000119857 ns, Reaching safepoint: 54424 ns, At safepoint: 5613 ns, Total: 60037 ns
[2024-02-04T22:28:03.413+0000][7][safepoint   ] Safepoint "Cleanup", Time since last: 2000214128 ns, Reaching safepoint: 77654 ns, At safepoint: 5160 ns, Total: 82814 ns
[2024-02-04T22:28:04.142+0000][7][gc,start    ] GC(19) Pause Young (Normal) (G1 Evacuation Pause)
[2024-02-04T22:28:04.142+0000][7][gc,task     ] GC(19) Using 8 workers of 8 for evacuation
[2024-02-04T22:28:04.142+0000][7][gc,age      ] GC(19) Desired survivor size 41943040 bytes, new threshold 15 (max threshold 15)
[2024-02-04T22:28:04.157+0000][7][gc,phases   ] GC(19)   Pre Evacuate Collection Set: 0.2ms
[2024-02-04T22:28:04.157+0000][7][gc,phases   ] GC(19)   Merge Heap Roots: 0.1ms
[2024-02-04T22:28:04.157+0000][7][gc,phases   ] GC(19)   Evacuate Collection Set: 12.9ms
[2024-02-04T22:28:04.157+0000][7][gc,phases   ] GC(19)   Post Evacuate Collection Set: 1.5ms
[2024-02-04T22:28:04.157+0000][7][gc,phases   ] GC(19)   Other: 0.2ms
[2024-02-04T22:28:04.157+0000][7][gc,age      ] GC(19) Age table with threshold 15 (max threshold 15)
[2024-02-04T22:28:04.157+0000][7][gc,age      ] GC(19) - age   1:    1895168 bytes,    1895168 total
[2024-02-04T22:28:04.157+0000][7][gc,age      ] GC(19) - age   2:    6066096 bytes,    7961264 total
[2024-02-04T22:28:04.157+0000][7][gc,age      ] GC(19) - age   3:        592 bytes,    7961856 total
[2024-02-04T22:28:04.157+0000][7][gc,age      ] GC(19) - age   5:      66888 bytes,    8028744 total
[2024-02-04T22:28:04.157+0000][7][gc,age      ] GC(19) - age   6:     506336 bytes,    8535080 total
[2024-02-04T22:28:04.157+0000][7][gc,age      ] GC(19) - age   7:    5863984 bytes,   14399064 total
[2024-02-04T22:28:04.157+0000][7][gc,age      ] GC(19) - age   8:   11915784 bytes,   26314848 total
[2024-02-04T22:28:04.157+0000][7][gc,heap     ] GC(19) Eden regions: 146->0(146)
[2024-02-04T22:28:04.157+0000][7][gc,heap     ] GC(19) Survivor regions: 7->7(20)
[2024-02-04T22:28:04.157+0000][7][gc,heap     ] GC(19) Old regions: 16->16
[2024-02-04T22:28:04.157+0000][7][gc,heap     ] GC(19) Archive regions: 2->2
[2024-02-04T22:28:04.157+0000][7][gc,heap     ] GC(19) Humongous regions: 0->0
[2024-02-04T22:28:04.157+0000][7][gc,metaspace] GC(19) Metaspace: 124690K(128384K)->124690K(128384K) NonClass: 108106K(110016K)->108106K(110016K) Class: 16584K(18368K)->16584K(18368K)
[2024-02-04T22:28:04.157+0000][7][gc          ] GC(19) Pause Young (Normal) (G1 Evacuation Pause) 679M->94M(1024M) 15.144ms
[2024-02-04T22:28:04.157+0000][7][gc,cpu      ] GC(19) User=0.10s Sys=0.00s Real=0.01s
[2024-02-04T22:28:04.157+0000][7][safepoint   ] Safepoint "G1CollectForAllocation", Time since last: 728596924 ns, Reaching safepoint: 95830 ns, At safepoint: 15259197 ns, Total: 15355027 ns
[2024-02-04T22:28:06.158+0000][7][safepoint   ] Safepoint "Cleanup", Time since last: 2000158456 ns, Reaching safepoint: 67315 ns, At safepoint: 7239 ns, Total: 74554 ns
[2024-02-04T22:28:07.158+0000][7][safepoint   ] Safepoint "Cleanup", Time since last: 1000119112 ns, Reaching safepoint: 48634 ns, At safepoint: 5222 ns, Total: 53856 ns
[2024-02-04T22:28:08.158+0000][7][safepoint   ] Safepoint "Cleanup", Time since last: 1000137689 ns, Reaching safepoint: 56130 ns, At safepoint: 6976 ns, Total: 63106 ns
[2024-02-04T22:28:10.158+0000][7][safepoint   ] Safepoint "Cleanup", Time since last: 2000228399 ns, Reaching safepoint: 56039 ns, At safepoint: 6332 ns, Total: 62371 ns
[2024-02-04T22:28:11.158+0000][7][safepoint   ] Safepoint "Cleanup", Time since last: 1000117548 ns, Reaching safepoint: 48550 ns, At safepoint: 4850 ns, Total: 53400 ns
[2024-02-04T22:28:13.159+0000][7][safepoint   ] Safepoint "Cleanup", Time since last: 2000228548 ns, Reaching safepoint: 78690 ns, At safepoint: 7337 ns, Total: 86027 ns
[2024-02-04T22:28:16.159+0000][7][safepoint   ] Safepoint "Cleanup", Time since last: 3000291185 ns, Reaching safepoint: 61782 ns, At safepoint: 17444 ns, Total: 79226 ns
[2024-02-04T22:28:19.160+0000][7][safepoint   ] Safepoint "Cleanup", Time since last: 3000400729 ns, Reaching safepoint: 104134 ns, At safepoint: 8449 ns, Total: 112583 ns
[2024-02-04T22:28:20.160+0000][7][safepoint   ] Safepoint "Cleanup", Time since last: 1000223073 ns, Reaching safepoint: 84705 ns, At safepoint: 10947 ns, Total: 95652 ns
[2024-02-04T22:28:21.160+0000][7][safepoint   ] Safepoint "Cleanup", Time since last: 1000151289 ns, Reaching safepoint: 56666 ns, At safepoint: 7022 ns, Total: 63688 ns
[2024-02-04T22:28:22.160+0000][7][safepoint   ] Safepoint "Cleanup", Time since last: 1000142570 ns, Reaching safepoint: 98208 ns, At safepoint: 6176 ns, Total: 104384 ns
[2024-02-04T22:28:25.161+0000][7][safepoint   ] Safepoint "Cleanup", Time since last: 3000496650 ns, Reaching safepoint: 90970 ns, At safepoint: 5395 ns, Total: 96365 ns
[2024-02-04T22:28:28.162+0000][7][safepoint   ] Safepoint "Cleanup", Time since last: 3000428399 ns, Reaching safepoint: 99483 ns, At safepoint: 18741 ns, Total: 118224 ns
[2024-02-04T22:28:31.162+0000][7][safepoint   ] Safepoint "Cleanup", Time since last: 3000302326 ns, Reaching safepoint: 127603 ns, At safepoint: 8670 ns, Total: 136273 ns
[2024-02-04T22:28:32.162+0000][7][safepoint   ] Safepoint "Cleanup", Time since last: 1000121042 ns, Reaching safepoint: 49582 ns, At safepoint: 4936 ns, Total: 54518 ns
[2024-02-04T22:28:33.162+0000][7][safepoint   ] Safepoint "Cleanup", Time since last: 1000124146 ns, Reaching safepoint: 79163 ns, At safepoint: 5964 ns, Total: 85127 ns
[2024-02-04T22:28:34.163+0000][7][safepoint   ] Safepoint "Cleanup", Time since last: 1000117759 ns, Reaching safepoint: 71792 ns, At safepoint: 7586 ns, Total: 79378 ns
[2024-02-04T22:28:35.163+0000][7][safepoint   ] Safepoint "Cleanup", Time since last: 1000147888 ns, Reaching safepoint: 63830 ns, At safepoint: 5373 ns, Total: 69203 ns
[2024-02-04T22:28:36.163+0000][7][safepoint   ] Safepoint "Cleanup", Time since last: 1000140859 ns, Reaching safepoint: 88049 ns, At safepoint: 8801 ns, Total: 96850 ns
[2024-02-04T22:28:37.163+0000][7][safepoint   ] Safepoint "Cleanup", Time since last: 1000139350 ns, Reaching safepoint: 72131 ns, At safepoint: 5942 ns, Total: 78073 ns
[2024-02-04T22:28:40.164+0000][7][safepoint   ] Safepoint "Cleanup", Time since last: 3000315378 ns, Reaching safepoint: 135959 ns, At safepoint: 6963 ns, Total: 142922 ns
[2024-02-04T22:28:41.164+0000][7][safepoint   ] Safepoint "Cleanup", Time since last: 1000137259 ns, Reaching safepoint: 59479 ns, At safepoint: 5475 ns, Total: 64954 ns
[2024-02-04T22:28:43.164+0000][7][safepoint   ] Safepoint "Cleanup", Time since last: 2000280875 ns, Reaching safepoint: 100404 ns, At safepoint: 26065 ns, Total: 126469 ns
[2024-02-04T22:28:46.165+0000][7][safepoint   ] Safepoint "Cleanup", Time since last: 3000386161 ns, Reaching safepoint: 97067 ns, At safepoint: 5719 ns, Total: 102786 ns
[2024-02-04T22:28:47.165+0000][7][safepoint   ] Safepoint "Cleanup", Time since last: 1000113508 ns, Reaching safepoint: 53778 ns, At safepoint: 5878 ns, Total: 59656 ns
[2024-02-04T22:28:48.165+0000][7][safepoint   ] Safepoint "Cleanup", Time since last: 1000119948 ns, Reaching safepoint: 85333 ns, At safepoint: 4833 ns, Total: 90166 ns
[2024-02-04T22:28:49.165+0000][7][safepoint   ] Safepoint "Cleanup", Time since last: 1000132131 ns, Reaching safepoint: 56154 ns, At safepoint: 5384 ns, Total: 61538 ns
[2024-02-04T22:28:50.166+0000][7][safepoint   ] Safepoint "Cleanup", Time since last: 1000114498 ns, Reaching safepoint: 89876 ns, At safepoint: 10522 ns, Total: 100398 ns
[2024-02-04T22:28:51.409+0000][7][safepoint   ] Safepoint "Cleanup", Time since last: 1243198537 ns, Reaching safepoint: 174885 ns, At safepoint: 3404 ns, Total: 178289 ns
[2024-02-04T22:28:52.409+0000][7][safepoint   ] Safepoint "Cleanup", Time since last: 1000186601 ns, Reaching safepoint: 67604 ns, At safepoint: 8125 ns, Total: 75729 ns
[2024-02-04T22:28:54.409+0000][7][safepoint   ] Safepoint "Cleanup", Time since last: 2000147020 ns, Reaching safepoint: 66573 ns, At safepoint: 6456 ns, Total: 73029 ns
[2024-02-04T22:28:55.410+0000][7][safepoint   ] Safepoint "Cleanup", Time since last: 1000101294 ns, Reaching safepoint: 89101 ns, At safepoint: 4566 ns, Total: 93667 ns
[2024-02-04T22:28:57.410+0000][7][safepoint   ] Safepoint "Cleanup", Time since last: 2000197229 ns, Reaching safepoint: 148686 ns, At safepoint: 9090 ns, Total: 157776 ns
[2024-02-04T22:28:58.552+0000][7][safepoint   ] Safepoint "Cleanup", Time since last: 1141718880 ns, Reaching safepoint: 101565 ns, At safepoint: 6747 ns, Total: 108312 ns
[2024-02-04T22:28:59.005+0000][7][safepoint   ] Safepoint "ICBufferFull", Time since last: 452638789 ns, Reaching safepoint: 238604 ns, At safepoint: 13478 ns, Total: 252082 ns
[2024-02-04T22:29:00.005+0000][7][safepoint   ] Safepoint "Cleanup", Time since last: 1000167115 ns, Reaching safepoint: 96680 ns, At safepoint: 5304 ns, Total: 101984 ns
[2024-02-04T22:29:01.005+0000][7][safepoint   ] Safepoint "Cleanup", Time since last: 1000144634 ns, Reaching safepoint: 117936 ns, At safepoint: 5543 ns, Total: 123479 ns
[2024-02-04T22:29:02.005+0000][7][safepoint   ] Safepoint "Cleanup", Time since last: 1000131540 ns, Reaching safepoint: 74799 ns, At safepoint: 6440 ns, Total: 81239 ns
[2024-02-04T22:29:03.006+0000][7][safepoint   ] Safepoint "Cleanup", Time since last: 1000155273 ns, Reaching safepoint: 69292 ns, At safepoint: 7636 ns, Total: 76928 ns
[2024-02-04T22:29:04.006+0000][7][safepoint   ] Safepoint "Cleanup", Time since last: 1000127795 ns, Reaching safepoint: 80084 ns, At safepoint: 8276 ns, Total: 88360 ns
[2024-02-04T22:29:05.006+0000][7][safepoint   ] Safepoint "Cleanup", Time since last: 1000131258 ns, Reaching safepoint: 65102 ns, At safepoint: 12694 ns, Total: 77796 ns
[2024-02-04T22:29:06.006+0000][7][safepoint   ] Safepoint "Cleanup", Time since last: 1000133637 ns, Reaching safepoint: 66800 ns, At safepoint: 11000 ns, Total: 77800 ns
[2024-02-04T22:29:07.007+0000][7][safepoint   ] Safepoint "Cleanup", Time since last: 1000119841 ns, Reaching safepoint: 79469 ns, At safepoint: 5222 ns, Total: 84691 ns
[2024-02-04T22:29:08.007+0000][7][safepoint   ] Safepoint "Cleanup", Time since last: 1000145773 ns, Reaching safepoint: 64130 ns, At safepoint: 7154 ns, Total: 71284 ns
[2024-02-04T22:29:10.007+0000][7][safepoint   ] Safepoint "Cleanup", Time since last: 2000195745 ns, Reaching safepoint: 69243 ns, At safepoint: 7081 ns, Total: 76324 ns
[2024-02-04T22:29:11.007+0000][7][safepoint   ] Safepoint "Cleanup", Time since last: 1000127101 ns, Reaching safepoint: 84822 ns, At safepoint: 19216 ns, Total: 104038 ns
[2024-02-04T22:29:13.008+0000][7][safepoint   ] Safepoint "Cleanup", Time since last: 2000253083 ns, Reaching safepoint: 70486 ns, At safepoint: 4057 ns, Total: 74543 ns
[2024-02-04T22:29:16.008+0000][7][safepoint   ] Safepoint "Cleanup", Time since last: 3000282236 ns, Reaching safepoint: 105876 ns, At safepoint: 7381 ns, Total: 113257 ns
[2024-02-04T22:29:17.008+0000][7][safepoint   ] Safepoint "Cleanup", Time since last: 1000148520 ns, Reaching safepoint: 60071 ns, At safepoint: 7774 ns, Total: 67845 ns
[2024-02-04T22:29:19.009+0000][7][safepoint   ] Safepoint "Cleanup", Time since last: 2000207757 ns, Reaching safepoint: 136492 ns, At safepoint: 7363 ns, Total: 143855 ns
[2024-02-04T22:29:20.009+0000][7][safepoint   ] Safepoint "Cleanup", Time since last: 1000131080 ns, Reaching safepoint: 58603 ns, At safepoint: 5898 ns, Total: 64501 ns
[2024-02-04T22:29:22.009+0000][7][safepoint   ] Safepoint "Cleanup", Time since last: 2000219201 ns, Reaching safepoint: 88509 ns, At safepoint: 6741 ns, Total: 95250 ns
[2024-02-04T22:29:25.009+0000][7][safepoint   ] Safepoint "Cleanup", Time since last: 3000299557 ns, Reaching safepoint: 83715 ns, At safepoint: 7833 ns, Total: 91548 ns
[2024-02-04T22:29:28.010+0000][7][safepoint   ] Safepoint "Cleanup", Time since last: 3000294970 ns, Reaching safepoint: 109418 ns, At safepoint: 21506 ns, Total: 130924 ns
[2024-02-04T22:29:29.010+0000][7][safepoint   ] Safepoint "Cleanup", Time since last: 1000150812 ns, Reaching safepoint: 89435 ns, At safepoint: 10986 ns, Total: 100421 ns
[2024-02-04T22:29:31.010+0000][7][safepoint   ] Safepoint "Cleanup", Time since last: 2000201892 ns, Reaching safepoint: 116979 ns, At safepoint: 7284 ns, Total: 124263 ns
[2024-02-04T22:29:40.011+0000][7][safepoint   ] Safepoint "Cleanup", Time since last: 9000782976 ns, Reaching safepoint: 96302 ns, At safepoint: 7286 ns, Total: 103588 ns
[2024-02-04T22:29:41.012+0000][7][safepoint   ] Safepoint "Cleanup", Time since last: 1000144296 ns, Reaching safepoint: 64783 ns, At safepoint: 15364 ns, Total: 80147 ns
[2024-02-04T22:29:43.012+0000][7][safepoint   ] Safepoint "Cleanup", Time since last: 2000320046 ns, Reaching safepoint: 77083 ns, At safepoint: 5759 ns, Total: 82842 ns
[2024-02-04T22:29:46.012+0000][7][safepoint   ] Safepoint "Cleanup", Time since last: 3000319613 ns, Reaching safepoint: 87520 ns, At safepoint: 5755 ns, Total: 93275 ns
[2024-02-04T22:29:47.013+0000][7][safepoint   ] Safepoint "Cleanup", Time since last: 1000135072 ns, Reaching safepoint: 59537 ns, At safepoint: 5805 ns, Total: 65342 ns
[2024-02-04T22:29:48.013+0000][7][safepoint   ] Safepoint "Cleanup", Time since last: 1000133630 ns, Reaching safepoint: 118894 ns, At safepoint: 9504 ns, Total: 128398 ns
[2024-02-04T22:29:52.013+0000][7][safepoint   ] Safepoint "Cleanup", Time since last: 4000503592 ns, Reaching safepoint: 73845 ns, At safepoint: 9306 ns, Total: 83151 ns
[2024-02-04T22:29:55.014+0000][7][safepoint   ] Safepoint "Cleanup", Time since last: 3000323751 ns, Reaching safepoint: 58958 ns, At safepoint: 7623 ns, Total: 66581 ns
[2024-02-04T22:29:56.014+0000][7][safepoint   ] Safepoint "Cleanup", Time since last: 1000139944 ns, Reaching safepoint: 63266 ns, At safepoint: 19034 ns, Total: 82300 ns
[2024-02-04T22:29:58.014+0000][7][safepoint   ] Safepoint "Cleanup", Time since last: 2000298720 ns, Reaching safepoint: 117845 ns, At safepoint: 7627 ns, Total: 125472 ns
[2024-02-04T22:30:01.015+0000][7][safepoint   ] Safepoint "Cleanup", Time since last: 3000287524 ns, Reaching safepoint: 126067 ns, At safepoint: 7538 ns, Total: 133605 ns
[2024-02-04T22:30:04.016+0000][7][safepoint   ] Safepoint "Cleanup", Time since last: 3000534310 ns, Reaching safepoint: 79746 ns, At safepoint: 9848 ns, Total: 89594 ns
[2024-02-04T22:30:05.016+0000][7][safepoint   ] Safepoint "Cleanup", Time since last: 1000139943 ns, Reaching safepoint: 71502 ns, At safepoint: 17469 ns, Total: 88971 ns
[2024-02-04T22:30:07.016+0000][7][safepoint   ] Safepoint "Cleanup", Time since last: 2000186793 ns, Reaching safepoint: 56979 ns, At safepoint: 5091 ns, Total: 62070 ns
[2024-02-04T22:30:08.016+0000][7][safepoint   ] Safepoint "Cleanup", Time since last: 1000126053 ns, Reaching safepoint: 75170 ns, At safepoint: 6213 ns, Total: 81383 ns
[2024-02-04T22:30:10.017+0000][7][safepoint   ] Safepoint "Cleanup", Time since last: 2000195854 ns, Reaching safepoint: 120513 ns, At safepoint: 22049 ns, Total: 142562 ns
[2024-02-04T22:30:14.017+0000][7][safepoint   ] Safepoint "Cleanup", Time since last: 4000351878 ns, Reaching safepoint: 89698 ns, At safepoint: 30908 ns, Total: 120606 ns
[2024-02-04T22:30:16.017+0000][7][safepoint   ] Safepoint "Cleanup", Time since last: 2000203786 ns, Reaching safepoint: 80263 ns, At safepoint: 5182 ns, Total: 85445 ns
[2024-02-04T22:30:17.018+0000][7][safepoint   ] Safepoint "Cleanup", Time since last: 1000123459 ns, Reaching safepoint: 73639 ns, At safepoint: 20046 ns, Total: 93685 ns
[2024-02-04T22:30:18.018+0000][7][safepoint   ] Safepoint "Cleanup", Time since last: 1000147832 ns, Reaching safepoint: 59648 ns, At safepoint: 5334 ns, Total: 64982 ns
[2024-02-04T22:30:19.018+0000][7][safepoint   ] Safepoint "Cleanup", Time since last: 1000146563 ns, Reaching safepoint: 94250 ns, At safepoint: 21059 ns, Total: 115309 ns
[2024-02-04T22:30:22.018+0000][7][safepoint   ] Safepoint "Cleanup", Time since last: 3000324335 ns, Reaching safepoint: 106378 ns, At safepoint: 15775 ns, Total: 122153 ns
[2024-02-04T22:30:24.402+0000][7][gc,start    ] GC(20) Pause Young (Normal) (G1 Evacuation Pause)
[2024-02-04T22:30:24.402+0000][7][gc,task     ] GC(20) Using 8 workers of 8 for evacuation
[2024-02-04T22:30:24.402+0000][7][gc,age      ] GC(20) Desired survivor size 41943040 bytes, new threshold 15 (max threshold 15)
[2024-02-04T22:30:24.417+0000][7][gc,phases   ] GC(20)   Pre Evacuate Collection Set: 0.1ms
[2024-02-04T22:30:24.417+0000][7][gc,phases   ] GC(20)   Merge Heap Roots: 0.1ms
[2024-02-04T22:30:24.417+0000][7][gc,phases   ] GC(20)   Evacuate Collection Set: 12.9ms
[2024-02-04T22:30:24.417+0000][7][gc,phases   ] GC(20)   Post Evacuate Collection Set: 1.6ms
[2024-02-04T22:30:24.417+0000][7][gc,phases   ] GC(20)   Other: 0.1ms
[2024-02-04T22:30:24.417+0000][7][gc,age      ] GC(20) Age table with threshold 15 (max threshold 15)
[2024-02-04T22:30:24.417+0000][7][gc,age      ] GC(20) - age   1:    2900784 bytes,    2900784 total
[2024-02-04T22:30:24.417+0000][7][gc,age      ] GC(20) - age   2:     351920 bytes,    3252704 total
[2024-02-04T22:30:24.417+0000][7][gc,age      ] GC(20) - age   3:    5417544 bytes,    8670248 total
[2024-02-04T22:30:24.417+0000][7][gc,age      ] GC(20) - age   4:        592 bytes,    8670840 total
[2024-02-04T22:30:24.417+0000][7][gc,age      ] GC(20) - age   6:      66888 bytes,    8737728 total
[2024-02-04T22:30:24.417+0000][7][gc,age      ] GC(20) - age   7:     414328 bytes,    9152056 total
[2024-02-04T22:30:24.417+0000][7][gc,age      ] GC(20) - age   8:    5758904 bytes,   14910960 total
[2024-02-04T22:30:24.417+0000][7][gc,age      ] GC(20) - age   9:   11626792 bytes,   26537752 total
[2024-02-04T22:30:24.417+0000][7][gc,heap     ] GC(20) Eden regions: 146->0(146)
[2024-02-04T22:30:24.417+0000][7][gc,heap     ] GC(20) Survivor regions: 7->7(20)
[2024-02-04T22:30:24.417+0000][7][gc,heap     ] GC(20) Old regions: 16->16
[2024-02-04T22:30:24.417+0000][7][gc,heap     ] GC(20) Archive regions: 2->2
[2024-02-04T22:30:24.417+0000][7][gc,heap     ] GC(20) Humongous regions: 0->0
[2024-02-04T22:30:24.417+0000][7][gc,metaspace] GC(20) Metaspace: 126507K(130304K)->126507K(130304K) NonClass: 109683K(111680K)->109683K(111680K) Class: 16823K(18624K)->16823K(18624K)
[2024-02-04T22:30:24.417+0000][7][gc          ] GC(20) Pause Young (Normal) (G1 Evacuation Pause) 678M->94M(1024M) 15.146ms
[2024-02-04T22:30:24.418+0000][7][gc,cpu      ] GC(20) User=0.09s Sys=0.01s Real=0.01s
[2024-02-04T22:30:24.418+0000][7][safepoint   ] Safepoint "G1CollectForAllocation", Time since last: 2383753759 ns, Reaching safepoint: 81519 ns, At safepoint: 15255542 ns, Total: 15337061 ns
[2024-02-04T22:30:25.418+0000][7][safepoint   ] Safepoint "Cleanup", Time since last: 1000134292 ns, Reaching safepoint: 56650 ns, At safepoint: 9412 ns, Total: 66062 ns
[2024-02-04T22:30:27.418+0000][7][safepoint   ] Safepoint "Cleanup", Time since last: 2000193404 ns, Reaching safepoint: 74530 ns, At safepoint: 6174 ns, Total: 80704 ns
[2024-02-04T22:30:28.418+0000][7][safepoint   ] Safepoint "Cleanup", Time since last: 1000127756 ns, Reaching safepoint: 75720 ns, At safepoint: 7200 ns, Total: 82920 ns
[2024-02-04T22:30:30.419+0000][7][safepoint   ] Safepoint "Cleanup", Time since last: 2000198114 ns, Reaching safepoint: 73289 ns, At safepoint: 7007 ns, Total: 80296 ns
[2024-02-04T22:30:31.419+0000][7][safepoint   ] Safepoint "Cleanup", Time since last: 1000141814 ns, Reaching safepoint: 76337 ns, At safepoint: 5983 ns, Total: 82320 ns
[2024-02-04T22:30:32.419+0000][7][safepoint   ] Safepoint "Cleanup", Time since last: 1000150264 ns, Reaching safepoint: 65213 ns, At safepoint: 5102 ns, Total: 70315 ns
[2024-02-04T22:30:34.419+0000][7][safepoint   ] Safepoint "Cleanup", Time since last: 2000223628 ns, Reaching safepoint: 83239 ns, At safepoint: 7185 ns, Total: 90424 ns
[2024-02-04T22:30:36.420+0000][7][safepoint   ] Safepoint "Cleanup", Time since last: 2000190055 ns, Reaching safepoint: 111409 ns, At safepoint: 18943 ns, Total: 130352 ns
[2024-02-04T22:30:39.420+0000][7][safepoint   ] Safepoint "Cleanup", Time since last: 3000399384 ns, Reaching safepoint: 148187 ns, At safepoint: 6154 ns, Total: 154341 ns
[2024-02-04T22:30:40.420+0000][7][safepoint   ] Safepoint "Cleanup", Time since last: 1000115512 ns, Reaching safepoint: 56105 ns, At safepoint: 6166 ns, Total: 62271 ns
[2024-02-04T22:30:43.421+0000][7][safepoint   ] Safepoint "Cleanup", Time since last: 3000490871 ns, Reaching safepoint: 146457 ns, At safepoint: 20591 ns, Total: 167048 ns
[2024-02-04T22:30:45.421+0000][7][safepoint   ] Safepoint "Cleanup", Time since last: 2000188376 ns, Reaching safepoint: 170781 ns, At safepoint: 17936 ns, Total: 188717 ns
[2024-02-04T22:30:46.499+0000][7][safepoint   ] Safepoint "Cleanup", Time since last: 1077777471 ns, Reaching safepoint: 102256 ns, At safepoint: 9156 ns, Total: 111412 ns
[2024-02-04T22:30:48.500+0000][7][safepoint   ] Safepoint "Cleanup", Time since last: 2000247749 ns, Reaching safepoint: 67723 ns, At safepoint: 7844 ns, Total: 75567 ns
[2024-02-04T22:30:49.500+0000][7][safepoint   ] Safepoint "Cleanup", Time since last: 1000135893 ns, Reaching safepoint: 54073 ns, At safepoint: 6066 ns, Total: 60139 ns
[2024-02-04T22:30:50.500+0000][7][safepoint   ] Safepoint "Cleanup", Time since last: 1000136549 ns, Reaching safepoint: 61063 ns, At safepoint: 5188 ns, Total: 66251 ns
[2024-02-04T22:30:51.500+0000][7][safepoint   ] Safepoint "Cleanup", Time since last: 1000225736 ns, Reaching safepoint: 107265 ns, At safepoint: 8558 ns, Total: 115823 ns
[2024-02-04T22:30:52.501+0000][7][safepoint   ] Safepoint "Cleanup", Time since last: 1000158510 ns, Reaching safepoint: 68074 ns, At safepoint: 7066 ns, Total: 75140 ns
[2024-02-04T22:30:54.501+0000][7][safepoint   ] Safepoint "Cleanup", Time since last: 2000276091 ns, Reaching safepoint: 67805 ns, At safepoint: 3777 ns, Total: 71582 ns
[2024-02-04T22:30:55.501+0000][7][safepoint   ] Safepoint "Cleanup", Time since last: 1000126443 ns, Reaching safepoint: 63952 ns, At safepoint: 5717 ns, Total: 69669 ns
[2024-02-04T22:30:57.501+0000][7][safepoint   ] Safepoint "Cleanup", Time since last: 2000285615 ns, Reaching safepoint: 123362 ns, At safepoint: 11452 ns, Total: 134814 ns
[2024-02-04T22:31:00.502+0000][7][safepoint   ] Safepoint "Cleanup", Time since last: 3000304132 ns, Reaching safepoint: 96585 ns, At safepoint: 5079 ns, Total: 101664 ns
[2024-02-04T22:31:03.502+0000][7][safepoint   ] Safepoint "Cleanup", Time since last: 3000291438 ns, Reaching safepoint: 112160 ns, At safepoint: 7788 ns, Total: 119948 ns
[2024-02-04T22:31:07.503+0000][7][safepoint   ] Safepoint "Cleanup", Time since last: 4000373795 ns, Reaching safepoint: 64642 ns, At safepoint: 7235 ns, Total: 71877 ns
[2024-02-04T22:31:08.503+0000][7][safepoint   ] Safepoint "Cleanup", Time since last: 1000260616 ns, Reaching safepoint: 74333 ns, At safepoint: 7444 ns, Total: 81777 ns
[2024-02-04T22:31:09.503+0000][7][safepoint   ] Safepoint "Cleanup", Time since last: 1000141028 ns, Reaching safepoint: 103551 ns, At safepoint: 8669 ns, Total: 112220 ns
[2024-02-04T22:31:12.504+0000][7][safepoint   ] Safepoint "Cleanup", Time since last: 3000298971 ns, Reaching safepoint: 66993 ns, At safepoint: 20713 ns, Total: 87706 ns
[2024-02-04T22:31:15.504+0000][7][safepoint   ] Safepoint "Cleanup", Time since last: 3000496430 ns, Reaching safepoint: 82925 ns, At safepoint: 5562 ns, Total: 88487 ns
[2024-02-04T22:31:16.505+0000][7][safepoint   ] Safepoint "Cleanup", Time since last: 1000202591 ns, Reaching safepoint: 74103 ns, At safepoint: 10318 ns, Total: 84421 ns
[2024-02-04T22:31:18.505+0000][7][safepoint   ] Safepoint "Cleanup", Time since last: 2000329226 ns, Reaching safepoint: 68035 ns, At safepoint: 6492 ns, Total: 74527 ns
[2024-02-04T22:31:19.505+0000][7][safepoint   ] Safepoint "Cleanup", Time since last: 1000150732 ns, Reaching safepoint: 57179 ns, At safepoint: 6142 ns, Total: 63321 ns
[2024-02-04T22:31:21.506+0000][7][safepoint   ] Safepoint "Cleanup", Time since last: 2000264404 ns, Reaching safepoint: 61250 ns, At safepoint: 4641 ns, Total: 65891 ns
[2024-02-04T22:31:24.506+0000][7][safepoint   ] Safepoint "Cleanup", Time since last: 3000301299 ns, Reaching safepoint: 82211 ns, At safepoint: 16846 ns, Total: 99057 ns
[2024-02-04T22:31:25.506+0000][7][safepoint   ] Safepoint "Cleanup", Time since last: 1000151402 ns, Reaching safepoint: 67503 ns, At safepoint: 5896 ns, Total: 73399 ns
[2024-02-04T22:31:27.506+0000][7][safepoint   ] Safepoint "Cleanup", Time since last: 2000174478 ns, Reaching safepoint: 88016 ns, At safepoint: 8392 ns, Total: 96408 ns
[2024-02-04T22:31:30.507+0000][7][safepoint   ] Safepoint "Cleanup", Time since last: 3000288383 ns, Reaching safepoint: 158444 ns, At safepoint: 7169 ns, Total: 165613 ns
[2024-02-04T22:31:31.507+0000][7][safepoint   ] Safepoint "Cleanup", Time since last: 1000124426 ns, Reaching safepoint: 57877 ns, At safepoint: 4558 ns, Total: 62435 ns
[2024-02-04T22:31:38.508+0000][7][safepoint   ] Safepoint "Cleanup", Time since last: 7001014114 ns, Reaching safepoint: 88935 ns, At safepoint: 7684 ns, Total: 96619 ns
[2024-02-04T22:31:40.509+0000][7][safepoint   ] Safepoint "Cleanup", Time since last: 2000299659 ns, Reaching safepoint: 85453 ns, At safepoint: 6178 ns, Total: 91631 ns
[2024-02-04T22:31:42.509+0000][7][safepoint   ] Safepoint "Cleanup", Time since last: 2000183422 ns, Reaching safepoint: 63645 ns, At safepoint: 5879 ns, Total: 69524 ns
[2024-02-04T22:31:43.509+0000][7][safepoint   ] Safepoint "Cleanup", Time since last: 1000129979 ns, Reaching safepoint: 68882 ns, At safepoint: 6930 ns, Total: 75812 ns
[2024-02-04T22:31:45.510+0000][7][safepoint   ] Safepoint "Cleanup", Time since last: 2000206401 ns, Reaching safepoint: 268195 ns, At safepoint: 8207 ns, Total: 276402 ns
[2024-02-04T22:31:48.510+0000][7][safepoint   ] Safepoint "Cleanup", Time since last: 3000247501 ns, Reaching safepoint: 52029 ns, At safepoint: 5784 ns, Total: 57813 ns
[2024-02-04T22:31:49.510+0000][7][safepoint   ] Safepoint "Cleanup", Time since last: 1000145081 ns, Reaching safepoint: 44733 ns, At safepoint: 5420 ns, Total: 50153 ns
[2024-02-04T22:31:51.510+0000][7][safepoint   ] Safepoint "Cleanup", Time since last: 2000255073 ns, Reaching safepoint: 63063 ns, At safepoint: 7584 ns, Total: 70647 ns
[2024-02-04T22:31:52.511+0000][7][safepoint   ] Safepoint "Cleanup", Time since last: 1000130430 ns, Reaching safepoint: 74370 ns, At safepoint: 6355 ns, Total: 80725 ns
[2024-02-04T22:31:57.511+0000][7][safepoint   ] Safepoint "Cleanup", Time since last: 5000600845 ns, Reaching safepoint: 102086 ns, At safepoint: 10833 ns, Total: 112919 ns
[2024-02-04T22:32:00.512+0000][7][safepoint   ] Safepoint "Cleanup", Time since last: 3000295127 ns, Reaching safepoint: 75811 ns, At safepoint: 7462 ns, Total: 83273 ns
[2024-02-04T22:32:03.512+0000][7][safepoint   ] Safepoint "Cleanup", Time since last: 3000292044 ns, Reaching safepoint: 71975 ns, At safepoint: 18471 ns, Total: 90446 ns
[2024-02-04T22:32:09.513+0000][7][safepoint   ] Safepoint "Cleanup", Time since last: 6000556302 ns, Reaching safepoint: 93791 ns, At safepoint: 6872 ns, Total: 100663 ns
[2024-02-04T22:32:10.513+0000][7][safepoint   ] Safepoint "Cleanup", Time since last: 1000194225 ns, Reaching safepoint: 62384 ns, At safepoint: 15134 ns, Total: 77518 ns
[2024-02-04T22:32:12.513+0000][7][safepoint   ] Safepoint "Cleanup", Time since last: 2000208990 ns, Reaching safepoint: 54436 ns, At safepoint: 5975 ns, Total: 60411 ns
[2024-02-04T22:32:17.514+0000][7][safepoint   ] Safepoint "Cleanup", Time since last: 5000401192 ns, Reaching safepoint: 61107 ns, At safepoint: 5225 ns, Total: 66332 ns
[2024-02-04T22:32:18.514+0000][7][safepoint   ] Safepoint "Cleanup", Time since last: 1000142357 ns, Reaching safepoint: 56358 ns, At safepoint: 16290 ns, Total: 72648 ns
[2024-02-04T22:32:19.514+0000][7][safepoint   ] Safepoint "Cleanup", Time since last: 1000095121 ns, Reaching safepoint: 39246 ns, At safepoint: 8174 ns, Total: 47420 ns
[2024-02-04T22:32:20.514+0000][7][safepoint   ] Safepoint "Cleanup", Time since last: 1000097413 ns, Reaching safepoint: 55051 ns, At safepoint: 6234 ns, Total: 61285 ns
[2024-02-04T22:32:21.514+0000][7][safepoint   ] Safepoint "Cleanup", Time since last: 1000110006 ns, Reaching safepoint: 56862 ns, At safepoint: 6200 ns, Total: 63062 ns
[2024-02-04T22:32:24.515+0000][7][safepoint   ] Safepoint "Cleanup", Time since last: 3000354978 ns, Reaching safepoint: 55985 ns, At safepoint: 13265 ns, Total: 69250 ns
[2024-02-04T22:32:25.515+0000][7][safepoint   ] Safepoint "Cleanup", Time since last: 1000101653 ns, Reaching safepoint: 60529 ns, At safepoint: 7529 ns, Total: 68058 ns
[2024-02-04T22:32:27.515+0000][7][safepoint   ] Safepoint "Cleanup", Time since last: 2000242301 ns, Reaching safepoint: 57064 ns, At safepoint: 7685 ns, Total: 64749 ns
[2024-02-04T22:32:28.515+0000][7][safepoint   ] Safepoint "Cleanup", Time since last: 1000136994 ns, Reaching safepoint: 40072 ns, At safepoint: 4159 ns, Total: 44231 ns
[2024-02-04T22:32:30.516+0000][7][safepoint   ] Safepoint "Cleanup", Time since last: 2000229092 ns, Reaching safepoint: 70722 ns, At safepoint: 5059 ns, Total: 75781 ns
[2024-02-04T22:32:31.516+0000][7][safepoint   ] Safepoint "Cleanup", Time since last: 1000284239 ns, Reaching safepoint: 82765 ns, At safepoint: 23454 ns, Total: 106219 ns
[2024-02-04T22:32:33.517+0000][7][safepoint   ] Safepoint "Cleanup", Time since last: 2000238178 ns, Reaching safepoint: 71266 ns, At safepoint: 5163 ns, Total: 76429 ns
[2024-02-04T22:32:34.517+0000][7][safepoint   ] Safepoint "Cleanup", Time since last: 1000147068 ns, Reaching safepoint: 62710 ns, At safepoint: 6137 ns, Total: 68847 ns
[2024-02-04T22:32:39.517+0000][7][safepoint   ] Safepoint "Cleanup", Time since last: 5000464177 ns, Reaching safepoint: 56346 ns, At safepoint: 3612 ns, Total: 59958 ns
[2024-02-04T22:32:40.517+0000][7][safepoint   ] Safepoint "Cleanup", Time since last: 1000067781 ns, Reaching safepoint: 58877 ns, At safepoint: 19473 ns, Total: 78350 ns
[2024-02-04T22:32:42.518+0000][7][safepoint   ] Safepoint "Cleanup", Time since last: 2000185386 ns, Reaching safepoint: 61627 ns, At safepoint: 5065 ns, Total: 66692 ns
[2024-02-04T22:32:45.518+0000][7][safepoint   ] Safepoint "Cleanup", Time since last: 3000296338 ns, Reaching safepoint: 74970 ns, At safepoint: 4929 ns, Total: 79899 ns
[2024-02-04T22:32:48.518+0000][7][safepoint   ] Safepoint "Cleanup", Time since last: 3000354257 ns, Reaching safepoint: 58048 ns, At safepoint: 4709 ns, Total: 62757 ns
[2024-02-04T22:32:49.519+0000][7][safepoint   ] Safepoint "Cleanup", Time since last: 1000091972 ns, Reaching safepoint: 51164 ns, At safepoint: 4357 ns, Total: 55521 ns
[2024-02-04T22:32:50.519+0000][7][safepoint   ] Safepoint "Cleanup", Time since last: 1000116617 ns, Reaching safepoint: 40061 ns, At safepoint: 4585 ns, Total: 44646 ns
[2024-02-04T22:32:51.519+0000][7][safepoint   ] Safepoint "Cleanup", Time since last: 1000136516 ns, Reaching safepoint: 39389 ns, At safepoint: 3451 ns, Total: 42840 ns
[2024-02-04T22:32:52.519+0000][7][safepoint   ] Safepoint "Cleanup", Time since last: 1000123706 ns, Reaching safepoint: 44931 ns, At safepoint: 3897 ns, Total: 48828 ns
[2024-02-04T22:32:53.519+0000][7][safepoint   ] Safepoint "Cleanup", Time since last: 1000130097 ns, Reaching safepoint: 49715 ns, At safepoint: 4182 ns, Total: 53897 ns
[2024-02-04T22:32:54.519+0000][7][safepoint   ] Safepoint "Cleanup", Time since last: 1000144545 ns, Reaching safepoint: 40229 ns, At safepoint: 3122 ns, Total: 43351 ns
[2024-02-04T22:32:55.520+0000][7][safepoint   ] Safepoint "Cleanup", Time since last: 1000123767 ns, Reaching safepoint: 39671 ns, At safepoint: 11319 ns, Total: 50990 ns
[2024-02-04T22:33:00.520+0000][7][safepoint   ] Safepoint "Cleanup", Time since last: 5000595256 ns, Reaching safepoint: 87449 ns, At safepoint: 4473 ns, Total: 91922 ns
[2024-02-04T22:33:03.521+0000][7][safepoint   ] Safepoint "Cleanup", Time since last: 3000366296 ns, Reaching safepoint: 65191 ns, At safepoint: 5335 ns, Total: 70526 ns
[2024-02-04T22:33:06.521+0000][7][safepoint   ] Safepoint "Cleanup", Time since last: 3000272357 ns, Reaching safepoint: 35093 ns, At safepoint: 3562 ns, Total: 38655 ns
[2024-02-04T22:33:09.434+0000][7][gc,start    ] GC(21) Pause Young (Normal) (G1 Evacuation Pause)
[2024-02-04T22:33:09.434+0000][7][gc,task     ] GC(21) Using 8 workers of 8 for evacuation
[2024-02-04T22:33:09.434+0000][7][gc,age      ] GC(21) Desired survivor size 41943040 bytes, new threshold 15 (max threshold 15)
[2024-02-04T22:33:09.453+0000][7][gc,phases   ] GC(21)   Pre Evacuate Collection Set: 0.1ms
[2024-02-04T22:33:09.453+0000][7][gc,phases   ] GC(21)   Merge Heap Roots: 0.1ms
[2024-02-04T22:33:09.453+0000][7][gc,phases   ] GC(21)   Evacuate Collection Set: 15.6ms
[2024-02-04T22:33:09.453+0000][7][gc,phases   ] GC(21)   Post Evacuate Collection Set: 2.8ms
[2024-02-04T22:33:09.453+0000][7][gc,phases   ] GC(21)   Other: 0.1ms
[2024-02-04T22:33:09.453+0000][7][gc,age      ] GC(21) Age table with threshold 15 (max threshold 15)
[2024-02-04T22:33:09.453+0000][7][gc,age      ] GC(21) - age   1:    1922968 bytes,    1922968 total
[2024-02-04T22:33:09.453+0000][7][gc,age      ] GC(21) - age   2:    1764160 bytes,    3687128 total
[2024-02-04T22:33:09.453+0000][7][gc,age      ] GC(21) - age   3:     349920 bytes,    4037048 total
[2024-02-04T22:33:09.453+0000][7][gc,age      ] GC(21) - age   4:    5391240 bytes,    9428288 total
[2024-02-04T22:33:09.453+0000][7][gc,age      ] GC(21) - age   5:        592 bytes,    9428880 total
[2024-02-04T22:33:09.453+0000][7][gc,age      ] GC(21) - age   7:      66888 bytes,    9495768 total
[2024-02-04T22:33:09.453+0000][7][gc,age      ] GC(21) - age   8:     414328 bytes,    9910096 total
[2024-02-04T22:33:09.453+0000][7][gc,age      ] GC(21) - age   9:    5758904 bytes,   15669000 total
[2024-02-04T22:33:09.453+0000][7][gc,age      ] GC(21) - age  10:   11626792 bytes,   27295792 total
[2024-02-04T22:33:09.453+0000][7][gc,heap     ] GC(21) Eden regions: 146->0(145)
[2024-02-04T22:33:09.453+0000][7][gc,heap     ] GC(21) Survivor regions: 7->8(20)
[2024-02-04T22:33:09.453+0000][7][gc,heap     ] GC(21) Old regions: 16->16
[2024-02-04T22:33:09.453+0000][7][gc,heap     ] GC(21) Archive regions: 2->2
[2024-02-04T22:33:09.453+0000][7][gc,heap     ] GC(21) Humongous regions: 0->0
[2024-02-04T22:33:09.453+0000][7][gc,metaspace] GC(21) Metaspace: 126864K(130688K)->126864K(130688K) NonClass: 110038K(112064K)->110038K(112064K) Class: 16825K(18624K)->16825K(18624K)
[2024-02-04T22:33:09.453+0000][7][gc          ] GC(21) Pause Young (Normal) (G1 Evacuation Pause) 678M->95M(1024M) 19.004ms
[2024-02-04T22:33:09.453+0000][7][gc,cpu      ] GC(21) User=0.10s Sys=0.00s Real=0.02s
[2024-02-04T22:33:09.453+0000][7][safepoint   ] Safepoint "G1CollectForAllocation", Time since last: 2912874590 ns, Reaching safepoint: 128736 ns, At safepoint: 19102611 ns, Total: 19231347 ns
[2024-02-04T22:33:10.453+0000][7][safepoint   ] Safepoint "Cleanup", Time since last: 1000068840 ns, Reaching safepoint: 95964 ns, At safepoint: 21911 ns, Total: 117875 ns
[2024-02-04T22:33:12.454+0000][7][safepoint   ] Safepoint "Cleanup", Time since last: 2000213666 ns, Reaching safepoint: 79701 ns, At safepoint: 6013 ns, Total: 85714 ns
[2024-02-04T22:33:15.454+0000][7][safepoint   ] Safepoint "Cleanup", Time since last: 3000314455 ns, Reaching safepoint: 76004 ns, At safepoint: 7014 ns, Total: 83018 ns
[2024-02-04T22:33:16.454+0000][7][safepoint   ] Safepoint "Cleanup", Time since last: 1000131530 ns, Reaching safepoint: 52906 ns, At safepoint: 7699 ns, Total: 60605 ns
[2024-02-04T22:33:18.455+0000][7][safepoint   ] Safepoint "Cleanup", Time since last: 2000236304 ns, Reaching safepoint: 88314 ns, At safepoint: 6622 ns, Total: 94936 ns
[2024-02-04T22:33:19.455+0000][7][safepoint   ] Safepoint "Cleanup", Time since last: 1000126760 ns, Reaching safepoint: 69695 ns, At safepoint: 7943 ns, Total: 77638 ns
[2024-02-04T22:33:20.455+0000][7][safepoint   ] Safepoint "Cleanup", Time since last: 1000115381 ns, Reaching safepoint: 45745 ns, At safepoint: 4558 ns, Total: 50303 ns
[2024-02-04T22:33:21.455+0000][7][safepoint   ] Safepoint "Cleanup", Time since last: 1000110968 ns, Reaching safepoint: 86589 ns, At safepoint: 19371 ns, Total: 105960 ns
[2024-02-04T22:33:22.455+0000][7][safepoint   ] Safepoint "Cleanup", Time since last: 1000194899 ns, Reaching safepoint: 109702 ns, At safepoint: 8534 ns, Total: 118236 ns
[2024-02-04T22:33:27.456+0000][7][safepoint   ] Safepoint "Cleanup", Time since last: 5000433895 ns, Reaching safepoint: 79895 ns, At safepoint: 6803 ns, Total: 86698 ns
[2024-02-04T22:33:28.456+0000][7][safepoint   ] Safepoint "Cleanup", Time since last: 1000140567 ns, Reaching safepoint: 90032 ns, At safepoint: 7597 ns, Total: 97629 ns
[2024-02-04T22:33:30.457+0000][7][safepoint   ] Safepoint "Cleanup", Time since last: 2000292424 ns, Reaching safepoint: 99621 ns, At safepoint: 19895 ns, Total: 119516 ns
[2024-02-04T22:33:31.457+0000][7][safepoint   ] Safepoint "Cleanup", Time since last: 1000131565 ns, Reaching safepoint: 79633 ns, At safepoint: 22225 ns, Total: 101858 ns
[2024-02-04T22:33:34.457+0000][7][safepoint   ] Safepoint "Cleanup", Time since last: 3000312531 ns, Reaching safepoint: 100187 ns, At safepoint: 16066 ns, Total: 116253 ns
[2024-02-04T22:33:36.458+0000][7][safepoint   ] Safepoint "Cleanup", Time since last: 2000180988 ns, Reaching safepoint: 89658 ns, At safepoint: 4435 ns, Total: 94093 ns
[2024-02-04T22:33:37.458+0000][7][safepoint   ] Safepoint "Cleanup", Time since last: 1000140483 ns, Reaching safepoint: 68547 ns, At safepoint: 10129 ns, Total: 78676 ns
[2024-02-04T22:33:39.458+0000][7][safepoint   ] Safepoint "Cleanup", Time since last: 2000212696 ns, Reaching safepoint: 52883 ns, At safepoint: 7264 ns, Total: 60147 ns
[2024-02-04T22:33:43.459+0000][7][safepoint   ] Safepoint "Cleanup", Time since last: 4000451552 ns, Reaching safepoint: 58926 ns, At safepoint: 4678 ns, Total: 63604 ns
[2024-02-04T22:33:45.459+0000][7][safepoint   ] Safepoint "Cleanup", Time since last: 2000322567 ns, Reaching safepoint: 59072 ns, At safepoint: 4674 ns, Total: 63746 ns
[2024-02-04T22:33:46.459+0000][7][safepoint   ] Safepoint "Cleanup", Time since last: 1000122087 ns, Reaching safepoint: 76920 ns, At safepoint: 12416 ns, Total: 89336 ns
[2024-02-04T22:33:49.460+0000][7][safepoint   ] Safepoint "Cleanup", Time since last: 3000313641 ns, Reaching safepoint: 71335 ns, At safepoint: 5234 ns, Total: 76569 ns
[2024-02-04T22:33:51.460+0000][7][safepoint   ] Safepoint "Cleanup", Time since last: 2000216553 ns, Reaching safepoint: 49282 ns, At safepoint: 12210 ns, Total: 61492 ns
[2024-02-04T22:33:52.460+0000][7][safepoint   ] Safepoint "Cleanup", Time since last: 1000227408 ns, Reaching safepoint: 84067 ns, At safepoint: 19913 ns, Total: 103980 ns
[2024-02-04T22:33:54.460+0000][7][safepoint   ] Safepoint "Cleanup", Time since last: 2000191759 ns, Reaching safepoint: 55960 ns, At safepoint: 7688 ns, Total: 63648 ns
[2024-02-04T22:33:55.461+0000][7][safepoint   ] Safepoint "Cleanup", Time since last: 1000161022 ns, Reaching safepoint: 75131 ns, At safepoint: 9511 ns, Total: 84642 ns
[2024-02-04T22:33:57.461+0000][7][safepoint   ] Safepoint "Cleanup", Time since last: 2000292033 ns, Reaching safepoint: 82417 ns, At safepoint: 10296 ns, Total: 92713 ns
[2024-02-04T22:33:58.461+0000][7][safepoint   ] Safepoint "Cleanup", Time since last: 1000130132 ns, Reaching safepoint: 57816 ns, At safepoint: 5042 ns, Total: 62858 ns
[2024-02-04T22:34:00.462+0000][7][safepoint   ] Safepoint "Cleanup", Time since last: 2000184592 ns, Reaching safepoint: 66375 ns, At safepoint: 9791 ns, Total: 76166 ns
[2024-02-04T22:34:03.462+0000][7][safepoint   ] Safepoint "Cleanup", Time since last: 3000317222 ns, Reaching safepoint: 107478 ns, At safepoint: 21148 ns, Total: 128626 ns
[2024-02-04T22:34:04.462+0000][7][safepoint   ] Safepoint "Cleanup", Time since last: 1000140578 ns, Reaching safepoint: 80117 ns, At safepoint: 8025 ns, Total: 88142 ns
[2024-02-04T22:34:05.462+0000][7][safepoint   ] Safepoint "Cleanup", Time since last: 1000137089 ns, Reaching safepoint: 58027 ns, At safepoint: 7515 ns, Total: 65542 ns
[2024-02-04T22:34:06.463+0000][7][safepoint   ] Safepoint "Cleanup", Time since last: 1000147977 ns, Reaching safepoint: 69275 ns, At safepoint: 6820 ns, Total: 76095 ns
[2024-02-04T22:34:07.463+0000][7][safepoint   ] Safepoint "Cleanup", Time since last: 1000227738 ns, Reaching safepoint: 64166 ns, At safepoint: 9198 ns, Total: 73364 ns
[2024-02-04T22:34:09.463+0000][7][safepoint   ] Safepoint "Cleanup", Time since last: 2000244057 ns, Reaching safepoint: 64362 ns, At safepoint: 6238 ns, Total: 70600 ns
[2024-02-04T22:34:10.463+0000][7][safepoint   ] Safepoint "Cleanup", Time since last: 1000101064 ns, Reaching safepoint: 66285 ns, At safepoint: 7546 ns, Total: 73831 ns
[2024-02-04T22:34:12.464+0000][7][safepoint   ] Safepoint "Cleanup", Time since last: 2000234190 ns, Reaching safepoint: 54311 ns, At safepoint: 5544 ns, Total: 59855 ns
[2024-02-04T22:34:13.464+0000][7][safepoint   ] Safepoint "Cleanup", Time since last: 1000120912 ns, Reaching safepoint: 50559 ns, At safepoint: 7280 ns, Total: 57839 ns
[2024-02-04T22:34:15.464+0000][7][safepoint   ] Safepoint "Cleanup", Time since last: 2000242446 ns, Reaching safepoint: 82652 ns, At safepoint: 6088 ns, Total: 88740 ns
[2024-02-04T22:34:18.465+0000][7][safepoint   ] Safepoint "Cleanup", Time since last: 3000284463 ns, Reaching safepoint: 78294 ns, At safepoint: 4698 ns, Total: 82992 ns
[2024-02-04T22:34:19.465+0000][7][safepoint   ] Safepoint "Cleanup", Time since last: 1000137814 ns, Reaching safepoint: 58107 ns, At safepoint: 5263 ns, Total: 63370 ns
[2024-02-04T22:34:27.466+0000][7][safepoint   ] Safepoint "Cleanup", Time since last: 8000796912 ns, Reaching safepoint: 76980 ns, At safepoint: 4144 ns, Total: 81124 ns
[2024-02-04T22:34:28.466+0000][7][safepoint   ] Safepoint "Cleanup", Time since last: 1000129584 ns, Reaching safepoint: 58677 ns, At safepoint: 9513 ns, Total: 68190 ns
[2024-02-04T22:34:34.466+0000][7][safepoint   ] Safepoint "Cleanup", Time since last: 6000542724 ns, Reaching safepoint: 63921 ns, At safepoint: 5987 ns, Total: 69908 ns
[2024-02-04T22:34:35.467+0000][7][safepoint   ] Safepoint "Cleanup", Time since last: 1000153784 ns, Reaching safepoint: 40897 ns, At safepoint: 3418 ns, Total: 44315 ns
[2024-02-04T22:34:39.467+0000][7][safepoint   ] Safepoint "Cleanup", Time since last: 4000440032 ns, Reaching safepoint: 88588 ns, At safepoint: 5948 ns, Total: 94536 ns
[2024-02-04T22:34:42.468+0000][7][safepoint   ] Safepoint "Cleanup", Time since last: 3000621241 ns, Reaching safepoint: 105998 ns, At safepoint: 5467 ns, Total: 111465 ns
[2024-02-04T22:34:45.469+0000][7][safepoint   ] Safepoint "Cleanup", Time since last: 3000715709 ns, Reaching safepoint: 121121 ns, At safepoint: 8512 ns, Total: 129633 ns
[2024-02-04T22:34:49.469+0000][7][safepoint   ] Safepoint "Cleanup", Time since last: 4000460536 ns, Reaching safepoint: 71885 ns, At safepoint: 3412 ns, Total: 75297 ns
[2024-02-04T22:34:51.470+0000][7][safepoint   ] Safepoint "Cleanup", Time since last: 2000158885 ns, Reaching safepoint: 33251 ns, At safepoint: 4280 ns, Total: 37531 ns
[2024-02-04T22:34:54.470+0000][7][safepoint   ] Safepoint "Cleanup", Time since last: 3000276713 ns, Reaching safepoint: 42778 ns, At safepoint: 4144 ns, Total: 46922 ns
[2024-02-04T22:34:55.470+0000][7][safepoint   ] Safepoint "Cleanup", Time since last: 1000148724 ns, Reaching safepoint: 123889 ns, At safepoint: 12258 ns, Total: 136147 ns
[2024-02-04T22:35:00.471+0000][7][safepoint   ] Safepoint "Cleanup", Time since last: 5000464150 ns, Reaching safepoint: 142317 ns, At safepoint: 5638 ns, Total: 147955 ns
[2024-02-04T22:35:03.471+0000][7][safepoint   ] Safepoint "Cleanup", Time since last: 3000254114 ns, Reaching safepoint: 100710 ns, At safepoint: 7159 ns, Total: 107869 ns
[2024-02-04T22:35:04.471+0000][7][safepoint   ] Safepoint "Cleanup", Time since last: 1000143458 ns, Reaching safepoint: 76895 ns, At safepoint: 6183 ns, Total: 83078 ns
[2024-02-04T22:35:07.472+0000][7][safepoint   ] Safepoint "Cleanup", Time since last: 3000358743 ns, Reaching safepoint: 74154 ns, At safepoint: 20252 ns, Total: 94406 ns
[2024-02-04T22:35:09.472+0000][7][safepoint   ] Safepoint "Cleanup", Time since last: 2000214044 ns, Reaching safepoint: 84652 ns, At safepoint: 5890 ns, Total: 90542 ns
[2024-02-04T22:35:12.473+0000][7][safepoint   ] Safepoint "Cleanup", Time since last: 3000453212 ns, Reaching safepoint: 99477 ns, At safepoint: 6294 ns, Total: 105771 ns
[2024-02-04T22:35:15.473+0000][7][safepoint   ] Safepoint "Cleanup", Time since last: 3000398344 ns, Reaching safepoint: 85740 ns, At safepoint: 6012 ns, Total: 91752 ns
[2024-02-04T22:35:19.474+0000][7][safepoint   ] Safepoint "Cleanup", Time since last: 4000478967 ns, Reaching safepoint: 136452 ns, At safepoint: 24075 ns, Total: 160527 ns
[2024-02-04T22:35:21.474+0000][7][safepoint   ] Safepoint "Cleanup", Time since last: 2000307298 ns, Reaching safepoint: 90527 ns, At safepoint: 7889 ns, Total: 98416 ns
[2024-02-04T22:35:24.475+0000][7][safepoint   ] Safepoint "Cleanup", Time since last: 3000341799 ns, Reaching safepoint: 83518 ns, At safepoint: 5420 ns, Total: 88938 ns
[2024-02-04T22:35:30.476+0000][7][safepoint   ] Safepoint "Cleanup", Time since last: 6000920973 ns, Reaching safepoint: 65036 ns, At safepoint: 8449 ns, Total: 73485 ns
[2024-02-04T22:35:31.476+0000][7][safepoint   ] Safepoint "Cleanup", Time since last: 1000132083 ns, Reaching safepoint: 56014 ns, At safepoint: 7171 ns, Total: 63185 ns
[2024-02-04T22:35:33.476+0000][7][safepoint   ] Safepoint "Cleanup", Time since last: 2000251206 ns, Reaching safepoint: 64207 ns, At safepoint: 7174 ns, Total: 71381 ns
[2024-02-04T22:35:34.476+0000][7][safepoint   ] Safepoint "Cleanup", Time since last: 1000209781 ns, Reaching safepoint: 87074 ns, At safepoint: 15932 ns, Total: 103006 ns
[2024-02-04T22:35:39.477+0000][7][safepoint   ] Safepoint "Cleanup", Time since last: 5000571209 ns, Reaching safepoint: 64804 ns, At safepoint: 5826 ns, Total: 70630 ns
[2024-02-04T22:35:42.477+0000][7][safepoint   ] Safepoint "Cleanup", Time since last: 3000306983 ns, Reaching safepoint: 76409 ns, At safepoint: 7516 ns, Total: 83925 ns
[2024-02-04T22:35:51.426+0000][7][gc,start    ] GC(22) Pause Young (Normal) (G1 Evacuation Pause)
[2024-02-04T22:35:51.426+0000][7][gc,task     ] GC(22) Using 8 workers of 8 for evacuation
[2024-02-04T22:35:51.426+0000][7][gc,age      ] GC(22) Desired survivor size 41943040 bytes, new threshold 15 (max threshold 15)
[2024-02-04T22:35:51.437+0000][7][gc,phases   ] GC(22)   Pre Evacuate Collection Set: 0.1ms
[2024-02-04T22:35:51.437+0000][7][gc,phases   ] GC(22)   Merge Heap Roots: 0.1ms
[2024-02-04T22:35:51.437+0000][7][gc,phases   ] GC(22)   Evacuate Collection Set: 9.0ms
[2024-02-04T22:35:51.437+0000][7][gc,phases   ] GC(22)   Post Evacuate Collection Set: 2.4ms
[2024-02-04T22:35:51.437+0000][7][gc,phases   ] GC(22)   Other: 0.1ms
[2024-02-04T22:35:51.437+0000][7][gc,age      ] GC(22) Age table with threshold 15 (max threshold 15)
[2024-02-04T22:35:51.437+0000][7][gc,age      ] GC(22) - age   1:    1007152 bytes,    1007152 total
[2024-02-04T22:35:51.437+0000][7][gc,age      ] GC(22) - age   2:      23712 bytes,    1030864 total
[2024-02-04T22:35:51.437+0000][7][gc,age      ] GC(22) - age   3:    1614368 bytes,    2645232 total
[2024-02-04T22:35:51.437+0000][7][gc,age      ] GC(22) - age   4:     349920 bytes,    2995152 total
[2024-02-04T22:35:51.437+0000][7][gc,age      ] GC(22) - age   5:    5390584 bytes,    8385736 total
[2024-02-04T22:35:51.437+0000][7][gc,age      ] GC(22) - age   6:        592 bytes,    8386328 total
[2024-02-04T22:35:51.437+0000][7][gc,age      ] GC(22) - age   8:      66888 bytes,    8453216 total
[2024-02-04T22:35:51.437+0000][7][gc,age      ] GC(22) - age   9:     414328 bytes,    8867544 total
[2024-02-04T22:35:51.438+0000][7][gc,age      ] GC(22) - age  10:    5758904 bytes,   14626448 total
[2024-02-04T22:35:51.438+0000][7][gc,age      ] GC(22) - age  11:   11562248 bytes,   26188696 total
[2024-02-04T22:35:51.438+0000][7][gc,heap     ] GC(22) Eden regions: 145->0(146)
[2024-02-04T22:35:51.438+0000][7][gc,heap     ] GC(22) Survivor regions: 8->7(20)
[2024-02-04T22:35:51.438+0000][7][gc,heap     ] GC(22) Old regions: 16->16
[2024-02-04T22:35:51.438+0000][7][gc,heap     ] GC(22) Archive regions: 2->2
[2024-02-04T22:35:51.438+0000][7][gc,heap     ] GC(22) Humongous regions: 0->0
[2024-02-04T22:35:51.438+0000][7][gc,metaspace] GC(22) Metaspace: 127266K(131072K)->127266K(131072K) NonClass: 110392K(112384K)->110392K(112384K) Class: 16874K(18688K)->16874K(18688K)
[2024-02-04T22:35:51.438+0000][7][gc          ] GC(22) Pause Young (Normal) (G1 Evacuation Pause) 675M->95M(1024M) 11.845ms
[2024-02-04T22:35:51.438+0000][7][gc,cpu      ] GC(22) User=0.07s Sys=0.00s Real=0.01s
[2024-02-04T22:35:51.438+0000][7][safepoint   ] Safepoint "G1CollectForAllocation", Time since last: 8948158657 ns, Reaching safepoint: 40594 ns, At safepoint: 11945001 ns, Total: 11985595 ns
[2024-02-04T22:35:55.427+0000][7][safepoint   ] Safepoint "Cleanup", Time since last: 3989270404 ns, Reaching safepoint: 155388 ns, At safepoint: 7997 ns, Total: 163385 ns
[2024-02-04T22:35:57.427+0000][7][safepoint   ] Safepoint "Cleanup", Time since last: 2000186272 ns, Reaching safepoint: 111618 ns, At safepoint: 3626 ns, Total: 115244 ns
[2024-02-04T22:35:58.437+0000][7][safepoint   ] Safepoint "Cleanup", Time since last: 1009810360 ns, Reaching safepoint: 75045 ns, At safepoint: 5146 ns, Total: 80191 ns
[2024-02-04T22:36:00.438+0000][7][safepoint   ] Safepoint "Cleanup", Time since last: 2000312961 ns, Reaching safepoint: 48620 ns, At safepoint: 4862 ns, Total: 53482 ns
[2024-02-04T22:36:01.438+0000][7][safepoint   ] Safepoint "Cleanup", Time since last: 1000134342 ns, Reaching safepoint: 79764 ns, At safepoint: 10380 ns, Total: 90144 ns
[2024-02-04T22:36:04.438+0000][7][safepoint   ] Safepoint "Cleanup", Time since last: 3000285705 ns, Reaching safepoint: 74651 ns, At safepoint: 9196 ns, Total: 83847 ns
[2024-02-04T22:36:06.438+0000][7][safepoint   ] Safepoint "Cleanup", Time since last: 2000197562 ns, Reaching safepoint: 41804 ns, At safepoint: 4327 ns, Total: 46131 ns
[2024-02-04T22:36:07.439+0000][7][safepoint   ] Safepoint "Cleanup", Time since last: 1000131333 ns, Reaching safepoint: 52992 ns, At safepoint: 6984 ns, Total: 59976 ns
[2024-02-04T22:36:11.439+0000][7][safepoint   ] Safepoint "Cleanup", Time since last: 4000364847 ns, Reaching safepoint: 53678 ns, At safepoint: 9139 ns, Total: 62817 ns
[2024-02-04T22:36:13.439+0000][7][safepoint   ] Safepoint "Cleanup", Time since last: 2000288457 ns, Reaching safepoint: 101562 ns, At safepoint: 27095 ns, Total: 128657 ns
[2024-02-04T22:36:16.414+0000][7][safepoint   ] Safepoint "Cleanup", Time since last: 2974440136 ns, Reaching safepoint: 125615 ns, At safepoint: 6534 ns, Total: 132149 ns
[2024-02-04T22:36:19.415+0000][7][safepoint   ] Safepoint "Cleanup", Time since last: 3000364557 ns, Reaching safepoint: 145788 ns, At safepoint: 17611 ns, Total: 163399 ns
[2024-02-04T22:36:20.415+0000][7][safepoint   ] Safepoint "Cleanup", Time since last: 1000155469 ns, Reaching safepoint: 47540 ns, At safepoint: 3936 ns, Total: 51476 ns
[2024-02-04T22:36:21.415+0000][7][safepoint   ] Safepoint "Cleanup", Time since last: 1000121385 ns, Reaching safepoint: 113368 ns, At safepoint: 5596 ns, Total: 118964 ns
[2024-02-04T22:36:22.415+0000][7][safepoint   ] Safepoint "Cleanup", Time since last: 1000181602 ns, Reaching safepoint: 43047 ns, At safepoint: 5949 ns, Total: 48996 ns
[2024-02-04T22:36:24.416+0000][7][safepoint   ] Safepoint "Cleanup", Time since last: 2000204329 ns, Reaching safepoint: 60182 ns, At safepoint: 3446 ns, Total: 63628 ns
[2024-02-04T22:36:27.416+0000][7][safepoint   ] Safepoint "Cleanup", Time since last: 3000246768 ns, Reaching safepoint: 88435 ns, At safepoint: 19443 ns, Total: 107878 ns
[2024-02-04T22:36:34.417+0000][7][safepoint   ] Safepoint "Cleanup", Time since last: 7000599129 ns, Reaching safepoint: 75802 ns, At safepoint: 5234 ns, Total: 81036 ns
[2024-02-04T22:36:40.417+0000][7][safepoint   ] Safepoint "Cleanup", Time since last: 6000534353 ns, Reaching safepoint: 68758 ns, At safepoint: 5422 ns, Total: 74180 ns
[2024-02-04T22:36:43.417+0000][7][safepoint   ] Safepoint "Cleanup", Time since last: 3000223867 ns, Reaching safepoint: 36657 ns, At safepoint: 3681 ns, Total: 40338 ns
[2024-02-04T22:36:45.418+0000][7][safepoint   ] Safepoint "Cleanup", Time since last: 2000188297 ns, Reaching safepoint: 160611 ns, At safepoint: 10708 ns, Total: 171319 ns
[2024-02-04T22:36:46.418+0000][7][safepoint   ] Safepoint "Cleanup", Time since last: 1000134995 ns, Reaching safepoint: 71507 ns, At safepoint: 6586 ns, Total: 78093 ns
[2024-02-04T22:36:49.418+0000][7][safepoint   ] Safepoint "Cleanup", Time since last: 3000267584 ns, Reaching safepoint: 53646 ns, At safepoint: 5166 ns, Total: 58812 ns
[2024-02-04T22:36:51.419+0000][7][safepoint   ] Safepoint "Cleanup", Time since last: 2000297127 ns, Reaching safepoint: 134750 ns, At safepoint: 6496 ns, Total: 141246 ns
[2024-02-04T22:36:55.419+0000][7][safepoint   ] Safepoint "Cleanup", Time since last: 4000363756 ns, Reaching safepoint: 78754 ns, At safepoint: 6258 ns, Total: 85012 ns
[2024-02-04T22:37:00.420+0000][7][safepoint   ] Safepoint "Cleanup", Time since last: 5000627812 ns, Reaching safepoint: 103470 ns, At safepoint: 7283 ns, Total: 110753 ns
[2024-02-04T22:37:04.421+0000][7][safepoint   ] Safepoint "Cleanup", Time since last: 4000666652 ns, Reaching safepoint: 108903 ns, At safepoint: 6072 ns, Total: 114975 ns
[2024-02-04T22:37:06.421+0000][7][safepoint   ] Safepoint "Cleanup", Time since last: 2000380596 ns, Reaching safepoint: 74512 ns, At safepoint: 10106 ns, Total: 84618 ns
[2024-02-04T22:37:07.421+0000][7][safepoint   ] Safepoint "Cleanup", Time since last: 1000123311 ns, Reaching safepoint: 49542 ns, At safepoint: 4889 ns, Total: 54431 ns
[2024-02-04T22:37:10.422+0000][7][safepoint   ] Safepoint "Cleanup", Time since last: 3000266959 ns, Reaching safepoint: 85681 ns, At safepoint: 7918 ns, Total: 93599 ns
[2024-02-04T22:37:16.422+0000][7][safepoint   ] Safepoint "Cleanup", Time since last: 6000567132 ns, Reaching safepoint: 100261 ns, At safepoint: 6330 ns, Total: 106591 ns
[2024-02-04T22:37:19.423+0000][7][safepoint   ] Safepoint "Cleanup", Time since last: 3000308869 ns, Reaching safepoint: 65502 ns, At safepoint: 6736 ns, Total: 72238 ns
[2024-02-04T22:37:21.423+0000][7][safepoint   ] Safepoint "Cleanup", Time since last: 2000207241 ns, Reaching safepoint: 47009 ns, At safepoint: 4769 ns, Total: 51778 ns
[2024-02-04T22:37:22.423+0000][7][safepoint   ] Safepoint "Cleanup", Time since last: 1000258163 ns, Reaching safepoint: 80815 ns, At safepoint: 8748 ns, Total: 89563 ns
[2024-02-04T22:37:28.424+0000][7][safepoint   ] Safepoint "Cleanup", Time since last: 6000515417 ns, Reaching safepoint: 82673 ns, At safepoint: 5332 ns, Total: 88005 ns
[2024-02-04T22:37:30.424+0000][7][safepoint   ] Safepoint "Cleanup", Time since last: 2000271355 ns, Reaching safepoint: 103247 ns, At safepoint: 19481 ns, Total: 122728 ns
[2024-02-04T22:37:31.425+0000][7][safepoint   ] Safepoint "Cleanup", Time since last: 1000227242 ns, Reaching safepoint: 81697 ns, At safepoint: 6855 ns, Total: 88552 ns
[2024-02-04T22:37:33.425+0000][7][safepoint   ] Safepoint "Cleanup", Time since last: 2000220898 ns, Reaching safepoint: 70557 ns, At safepoint: 4697 ns, Total: 75254 ns
[2024-02-04T22:37:39.426+0000][7][safepoint   ] Safepoint "Cleanup", Time since last: 6000496331 ns, Reaching safepoint: 85615 ns, At safepoint: 9849 ns, Total: 95464 ns
[2024-02-04T22:37:40.426+0000][7][safepoint   ] Safepoint "Cleanup", Time since last: 1000135240 ns, Reaching safepoint: 56408 ns, At safepoint: 5823 ns, Total: 62231 ns
[2024-02-04T22:37:43.426+0000][7][safepoint   ] Safepoint "Cleanup", Time since last: 3000334254 ns, Reaching safepoint: 94430 ns, At safepoint: 5943 ns, Total: 100373 ns
[2024-02-04T22:37:49.427+0000][7][safepoint   ] Safepoint "Cleanup", Time since last: 6000519917 ns, Reaching safepoint: 95971 ns, At safepoint: 7563 ns, Total: 103534 ns
[2024-02-04T22:37:52.427+0000][7][safepoint   ] Safepoint "Cleanup", Time since last: 3000275371 ns, Reaching safepoint: 85847 ns, At safepoint: 7228 ns, Total: 93075 ns
[2024-02-04T22:37:55.428+0000][7][safepoint   ] Safepoint "Cleanup", Time since last: 3000356165 ns, Reaching safepoint: 85313 ns, At safepoint: 16736 ns, Total: 102049 ns
[2024-02-04T22:37:58.428+0000][7][safepoint   ] Safepoint "Cleanup", Time since last: 3000438443 ns, Reaching safepoint: 80409 ns, At safepoint: 9237 ns, Total: 89646 ns
[2024-02-04T22:38:00.429+0000][7][safepoint   ] Safepoint "Cleanup", Time since last: 2000371897 ns, Reaching safepoint: 107041 ns, At safepoint: 5444 ns, Total: 112485 ns
[2024-02-04T22:38:18.430+0000][7][safepoint   ] Safepoint "Cleanup", Time since last: 18001431108 ns, Reaching safepoint: 116655 ns, At safepoint: 12962 ns, Total: 129617 ns
[2024-02-04T22:38:23.431+0000][7][safepoint   ] Safepoint "Cleanup", Time since last: 5000459131 ns, Reaching safepoint: 86661 ns, At safepoint: 5371 ns, Total: 92032 ns
[2024-02-04T22:38:27.431+0000][7][safepoint   ] Safepoint "Cleanup", Time since last: 4000366007 ns, Reaching safepoint: 74265 ns, At safepoint: 5326 ns, Total: 79591 ns
[2024-02-04T22:38:30.432+0000][7][safepoint   ] Safepoint "Cleanup", Time since last: 3000298020 ns, Reaching safepoint: 68303 ns, At safepoint: 4854 ns, Total: 73157 ns
[2024-02-04T22:38:30.572+0000][7][gc,start    ] GC(23) Pause Young (Normal) (G1 Evacuation Pause)
[2024-02-04T22:38:30.572+0000][7][gc,task     ] GC(23) Using 8 workers of 8 for evacuation
[2024-02-04T22:38:30.572+0000][7][gc,age      ] GC(23) Desired survivor size 41943040 bytes, new threshold 15 (max threshold 15)
[2024-02-04T22:38:30.586+0000][7][gc,phases   ] GC(23)   Pre Evacuate Collection Set: 0.1ms
[2024-02-04T22:38:30.586+0000][7][gc,phases   ] GC(23)   Merge Heap Roots: 0.1ms
[2024-02-04T22:38:30.586+0000][7][gc,phases   ] GC(23)   Evacuate Collection Set: 11.9ms
[2024-02-04T22:38:30.586+0000][7][gc,phases   ] GC(23)   Post Evacuate Collection Set: 1.7ms
[2024-02-04T22:38:30.586+0000][7][gc,phases   ] GC(23)   Other: 0.1ms
[2024-02-04T22:38:30.586+0000][7][gc,age      ] GC(23) Age table with threshold 15 (max threshold 15)
[2024-02-04T22:38:30.586+0000][7][gc,age      ] GC(23) - age   1:    1791960 bytes,    1791960 total
[2024-02-04T22:38:30.586+0000][7][gc,age      ] GC(23) - age   2:     200416 bytes,    1992376 total
[2024-02-04T22:38:30.586+0000][7][gc,age      ] GC(23) - age   3:      22136 bytes,    2014512 total
[2024-02-04T22:38:30.586+0000][7][gc,age      ] GC(23) - age   4:    1614048 bytes,    3628560 total
[2024-02-04T22:38:30.586+0000][7][gc,age      ] GC(23) - age   5:     349920 bytes,    3978480 total
[2024-02-04T22:38:30.586+0000][7][gc,age      ] GC(23) - age   6:    5390448 bytes,    9368928 total
[2024-02-04T22:38:30.586+0000][7][gc,age      ] GC(23) - age   7:        592 bytes,    9369520 total
[2024-02-04T22:38:30.586+0000][7][gc,age      ] GC(23) - age   9:      66888 bytes,    9436408 total
[2024-02-04T22:38:30.586+0000][7][gc,age      ] GC(23) - age  10:     414328 bytes,    9850736 total
[2024-02-04T22:38:30.586+0000][7][gc,age      ] GC(23) - age  11:    5758904 bytes,   15609640 total
[2024-02-04T22:38:30.586+0000][7][gc,age      ] GC(23) - age  12:   11562248 bytes,   27171888 total
[2024-02-04T22:38:30.586+0000][7][gc,heap     ] GC(23) Eden regions: 146->0(146)
[2024-02-04T22:38:30.586+0000][7][gc,heap     ] GC(23) Survivor regions: 7->7(20)
[2024-02-04T22:38:30.586+0000][7][gc,heap     ] GC(23) Old regions: 16->16
[2024-02-04T22:38:30.586+0000][7][gc,heap     ] GC(23) Archive regions: 2->2
[2024-02-04T22:38:30.586+0000][7][gc,heap     ] GC(23) Humongous regions: 0->0
[2024-02-04T22:38:30.586+0000][7][gc,metaspace] GC(23) Metaspace: 127368K(131200K)->127368K(131200K) NonClass: 110494K(112512K)->110494K(112512K) Class: 16874K(18688K)->16874K(18688K)
[2024-02-04T22:38:30.586+0000][7][gc          ] GC(23) Pause Young (Normal) (G1 Evacuation Pause) 679M->95M(1024M) 13.993ms
[2024-02-04T22:38:30.586+0000][7][gc,cpu      ] GC(23) User=0.08s Sys=0.00s Real=0.01s
[2024-02-04T22:38:30.586+0000][7][safepoint   ] Safepoint "G1CollectForAllocation", Time since last: 140460670 ns, Reaching safepoint: 54395 ns, At safepoint: 14073313 ns, Total: 14127708 ns
[2024-02-04T22:38:39.587+0000][7][safepoint   ] Safepoint "Cleanup", Time since last: 9000896086 ns, Reaching safepoint: 67238 ns, At safepoint: 5544 ns, Total: 72782 ns
[2024-02-04T22:38:40.587+0000][7][safepoint   ] Safepoint "Cleanup", Time since last: 1000127642 ns, Reaching safepoint: 58720 ns, At safepoint: 5112 ns, Total: 63832 ns
[2024-02-04T22:38:42.588+0000][7][safepoint   ] Safepoint "Cleanup", Time since last: 2000326345 ns, Reaching safepoint: 134761 ns, At safepoint: 8429 ns, Total: 143190 ns
[2024-02-04T22:38:43.588+0000][7][safepoint   ] Safepoint "Cleanup", Time since last: 1000255198 ns, Reaching safepoint: 61802 ns, At safepoint: 6281 ns, Total: 68083 ns
[2024-02-04T22:38:45.589+0000][7][safepoint   ] Safepoint "Cleanup", Time since last: 2000393247 ns, Reaching safepoint: 107035 ns, At safepoint: 5694 ns, Total: 112729 ns
[2024-02-04T22:38:46.589+0000][7][safepoint   ] Safepoint "Cleanup", Time since last: 1000106591 ns, Reaching safepoint: 40414 ns, At safepoint: 3681 ns, Total: 44095 ns
[2024-02-04T22:38:48.589+0000][7][safepoint   ] Safepoint "Cleanup", Time since last: 2000179049 ns, Reaching safepoint: 44417 ns, At safepoint: 3365 ns, Total: 47782 ns
[2024-02-04T22:38:49.589+0000][7][safepoint   ] Safepoint "Cleanup", Time since last: 1000114096 ns, Reaching safepoint: 61853 ns, At safepoint: 7491 ns, Total: 69344 ns
[2024-02-04T22:38:51.590+0000][7][safepoint   ] Safepoint "Cleanup", Time since last: 2000202339 ns, Reaching safepoint: 40091 ns, At safepoint: 3300 ns, Total: 43391 ns
[2024-02-04T22:39:00.590+0000][7][safepoint   ] Safepoint "Cleanup", Time since last: 9000831890 ns, Reaching safepoint: 100277 ns, At safepoint: 5601 ns, Total: 105878 ns
[2024-02-04T22:39:05.591+0000][7][safepoint   ] Safepoint "Cleanup", Time since last: 5000578179 ns, Reaching safepoint: 54050 ns, At safepoint: 6168 ns, Total: 60218 ns
[2024-02-04T22:39:06.591+0000][7][safepoint   ] Safepoint "Cleanup", Time since last: 1000122502 ns, Reaching safepoint: 41320 ns, At safepoint: 4360 ns, Total: 45680 ns
[2024-02-04T22:39:12.592+0000][7][safepoint   ] Safepoint "Cleanup", Time since last: 6000803200 ns, Reaching safepoint: 87533 ns, At safepoint: 18457 ns, Total: 105990 ns
[2024-02-04T22:39:15.593+0000][7][safepoint   ] Safepoint "Cleanup", Time since last: 3000394710 ns, Reaching safepoint: 90479 ns, At safepoint: 7661 ns, Total: 98140 ns
[2024-02-04T22:39:21.593+0000][7][safepoint   ] Safepoint "Cleanup", Time since last: 6000585883 ns, Reaching safepoint: 74484 ns, At safepoint: 7069 ns, Total: 81553 ns
[2024-02-04T22:39:23.594+0000][7][safepoint   ] Safepoint "Cleanup", Time since last: 2000184867 ns, Reaching safepoint: 67179 ns, At safepoint: 8688 ns, Total: 75867 ns
[2024-02-04T22:39:24.594+0000][7][safepoint   ] Safepoint "Cleanup", Time since last: 1000130768 ns, Reaching safepoint: 54349 ns, At safepoint: 6939 ns, Total: 61288 ns
[2024-02-04T22:39:30.594+0000][7][safepoint   ] Safepoint "Cleanup", Time since last: 6000554240 ns, Reaching safepoint: 58453 ns, At safepoint: 7629 ns, Total: 66082 ns
[2024-02-04T22:39:31.595+0000][7][safepoint   ] Safepoint "Cleanup", Time since last: 1000140622 ns, Reaching safepoint: 47754 ns, At safepoint: 4902 ns, Total: 52656 ns
[2024-02-04T22:39:39.595+0000][7][safepoint   ] Safepoint "Cleanup", Time since last: 8000822238 ns, Reaching safepoint: 60045 ns, At safepoint: 20058 ns, Total: 80103 ns
[2024-02-04T22:39:40.596+0000][7][safepoint   ] Safepoint "Cleanup", Time since last: 1000135698 ns, Reaching safepoint: 50400 ns, At safepoint: 7187 ns, Total: 57587 ns
[2024-02-04T22:39:42.596+0000][7][safepoint   ] Safepoint "Cleanup", Time since last: 2000333417 ns, Reaching safepoint: 79611 ns, At safepoint: 5725 ns, Total: 85336 ns
[2024-02-04T22:39:45.597+0000][7][safepoint   ] Safepoint "Cleanup", Time since last: 3000344525 ns, Reaching safepoint: 82384 ns, At safepoint: 20123 ns, Total: 102507 ns
[2024-02-04T22:39:48.597+0000][7][safepoint   ] Safepoint "Cleanup", Time since last: 3000466143 ns, Reaching safepoint: 53930 ns, At safepoint: 7770 ns, Total: 61700 ns
[2024-02-04T22:39:49.597+0000][7][safepoint   ] Safepoint "Cleanup", Time since last: 1000147327 ns, Reaching safepoint: 98903 ns, At safepoint: 18294 ns, Total: 117197 ns
[2024-02-04T22:39:51.598+0000][7][safepoint   ] Safepoint "Cleanup", Time since last: 2000186249 ns, Reaching safepoint: 56731 ns, At safepoint: 6078 ns, Total: 62809 ns
[2024-02-04T22:39:52.598+0000][7][safepoint   ] Safepoint "Cleanup", Time since last: 1000155358 ns, Reaching safepoint: 44968 ns, At safepoint: 3328 ns, Total: 48296 ns
[2024-02-04T22:39:54.598+0000][7][safepoint   ] Safepoint "Cleanup", Time since last: 2000236836 ns, Reaching safepoint: 88190 ns, At safepoint: 8100 ns, Total: 96290 ns
[2024-02-04T22:40:00.599+0000][7][safepoint   ] Safepoint "Cleanup", Time since last: 6000547019 ns, Reaching safepoint: 128186 ns, At safepoint: 8123 ns, Total: 136309 ns
[2024-02-04T22:40:03.599+0000][7][safepoint   ] Safepoint "Cleanup", Time since last: 3000363134 ns, Reaching safepoint: 101211 ns, At safepoint: 8988 ns, Total: 110199 ns
[2024-02-04T22:40:09.600+0000][7][safepoint   ] Safepoint "Cleanup", Time since last: 6000747331 ns, Reaching safepoint: 82083 ns, At safepoint: 6652 ns, Total: 88735 ns
[2024-02-04T22:40:12.601+0000][7][safepoint   ] Safepoint "Cleanup", Time since last: 3000386226 ns, Reaching safepoint: 128619 ns, At safepoint: 31805 ns, Total: 160424 ns
[2024-02-04T22:40:15.601+0000][7][safepoint   ] Safepoint "Cleanup", Time since last: 3000379713 ns, Reaching safepoint: 100790 ns, At safepoint: 6775 ns, Total: 107565 ns
[2024-02-04T22:40:18.602+0000][7][safepoint   ] Safepoint "Cleanup", Time since last: 3000275752 ns, Reaching safepoint: 90785 ns, At safepoint: 6785 ns, Total: 97570 ns
[2024-02-04T22:40:21.602+0000][7][safepoint   ] Safepoint "Cleanup", Time since last: 3000265554 ns, Reaching safepoint: 120132 ns, At safepoint: 18972 ns, Total: 139104 ns
[2024-02-04T22:40:30.603+0000][7][safepoint   ] Safepoint "Cleanup", Time since last: 9000808027 ns, Reaching safepoint: 105659 ns, At safepoint: 5079 ns, Total: 110738 ns
[2024-02-04T22:40:43.604+0000][7][safepoint   ] Safepoint "Cleanup", Time since last: 13001194814 ns, Reaching safepoint: 52502 ns, At safepoint: 3571 ns, Total: 56073 ns
[2024-02-04T22:40:45.605+0000][7][safepoint   ] Safepoint "Cleanup", Time since last: 2000300239 ns, Reaching safepoint: 118576 ns, At safepoint: 8656 ns, Total: 127232 ns
[2024-02-04T22:40:51.605+0000][7][safepoint   ] Safepoint "Cleanup", Time since last: 6000737687 ns, Reaching safepoint: 117512 ns, At safepoint: 20187 ns, Total: 137699 ns
[2024-02-04T22:40:57.606+0000][7][safepoint   ] Safepoint "Cleanup", Time since last: 6000505713 ns, Reaching safepoint: 82905 ns, At safepoint: 18252 ns, Total: 101157 ns
[2024-02-04T22:40:58.606+0000][7][safepoint   ] Safepoint "Cleanup", Time since last: 1000137051 ns, Reaching safepoint: 69720 ns, At safepoint: 8501 ns, Total: 78221 ns
[2024-02-04T22:41:00.607+0000][7][safepoint   ] Safepoint "Cleanup", Time since last: 2000242348 ns, Reaching safepoint: 102092 ns, At safepoint: 7278 ns, Total: 109370 ns
[2024-02-04T22:41:03.607+0000][7][safepoint   ] Safepoint "Cleanup", Time since last: 3000289207 ns, Reaching safepoint: 41406 ns, At safepoint: 3390 ns, Total: 44796 ns
[2024-02-04T22:41:15.441+0000][7][gc,start    ] GC(24) Pause Young (Normal) (G1 Evacuation Pause)
[2024-02-04T22:41:15.441+0000][7][gc,task     ] GC(24) Using 8 workers of 8 for evacuation
[2024-02-04T22:41:15.441+0000][7][gc,age      ] GC(24) Desired survivor size 41943040 bytes, new threshold 15 (max threshold 15)
[2024-02-04T22:41:15.460+0000][7][gc,phases   ] GC(24)   Pre Evacuate Collection Set: 0.1ms
[2024-02-04T22:41:15.460+0000][7][gc,phases   ] GC(24)   Merge Heap Roots: 0.1ms
[2024-02-04T22:41:15.460+0000][7][gc,phases   ] GC(24)   Evacuate Collection Set: 16.4ms
[2024-02-04T22:41:15.460+0000][7][gc,phases   ] GC(24)   Post Evacuate Collection Set: 1.4ms
[2024-02-04T22:41:15.460+0000][7][gc,phases   ] GC(24)   Other: 0.1ms
[2024-02-04T22:41:15.460+0000][7][gc,age      ] GC(24) Age table with threshold 15 (max threshold 15)
[2024-02-04T22:41:15.460+0000][7][gc,age      ] GC(24) - age   1:    1287144 bytes,    1287144 total
[2024-02-04T22:41:15.460+0000][7][gc,age      ] GC(24) - age   2:      34080 bytes,    1321224 total
[2024-02-04T22:41:15.460+0000][7][gc,age      ] GC(24) - age   3:     193224 bytes,    1514448 total
[2024-02-04T22:41:15.460+0000][7][gc,age      ] GC(24) - age   4:      21888 bytes,    1536336 total
[2024-02-04T22:41:15.460+0000][7][gc,age      ] GC(24) - age   5:    1613952 bytes,    3150288 total
[2024-02-04T22:41:15.460+0000][7][gc,age      ] GC(24) - age   6:     349920 bytes,    3500208 total
[2024-02-04T22:41:15.460+0000][7][gc,age      ] GC(24) - age   7:    5390312 bytes,    8890520 total
[2024-02-04T22:41:15.460+0000][7][gc,age      ] GC(24) - age   8:        592 bytes,    8891112 total
[2024-02-04T22:41:15.460+0000][7][gc,age      ] GC(24) - age  10:      66888 bytes,    8958000 total
[2024-02-04T22:41:15.460+0000][7][gc,age      ] GC(24) - age  11:     414328 bytes,    9372328 total
[2024-02-04T22:41:15.460+0000][7][gc,age      ] GC(24) - age  12:    5758904 bytes,   15131232 total
[2024-02-04T22:41:15.460+0000][7][gc,age      ] GC(24) - age  13:   11562040 bytes,   26693272 total
[2024-02-04T22:41:15.460+0000][7][gc,heap     ] GC(24) Eden regions: 146->0(146)
[2024-02-04T22:41:15.460+0000][7][gc,heap     ] GC(24) Survivor regions: 7->7(20)
[2024-02-04T22:41:15.460+0000][7][gc,heap     ] GC(24) Old regions: 16->16
[2024-02-04T22:41:15.460+0000][7][gc,heap     ] GC(24) Archive regions: 2->2
[2024-02-04T22:41:15.460+0000][7][gc,heap     ] GC(24) Humongous regions: 0->0
[2024-02-04T22:41:15.460+0000][7][gc,metaspace] GC(24) Metaspace: 127520K(131328K)->127520K(131328K) NonClass: 110643K(112640K)->110643K(112640K) Class: 16876K(18688K)->16876K(18688K)
[2024-02-04T22:41:15.460+0000][7][gc          ] GC(24) Pause Young (Normal) (G1 Evacuation Pause) 679M->94M(1024M) 18.460ms
[2024-02-04T22:41:15.460+0000][7][gc,cpu      ] GC(24) User=0.10s Sys=0.01s Real=0.01s
[2024-02-04T22:41:15.460+0000][7][safepoint   ] Safepoint "G1CollectForAllocation", Time since last: 11834304308 ns, Reaching safepoint: 77965 ns, At safepoint: 18565110 ns, Total: 18643075 ns
[2024-02-04T22:41:21.461+0000][7][safepoint   ] Safepoint "Cleanup", Time since last: 6000620770 ns, Reaching safepoint: 84793 ns, At safepoint: 5970 ns, Total: 90763 ns
[2024-02-04T22:41:22.461+0000][7][safepoint   ] Safepoint "Cleanup", Time since last: 1000219145 ns, Reaching safepoint: 68719 ns, At safepoint: 6906 ns, Total: 75625 ns
[2024-02-04T22:41:31.462+0000][7][safepoint   ] Safepoint "Cleanup", Time since last: 9000899115 ns, Reaching safepoint: 92368 ns, At safepoint: 8107 ns, Total: 100475 ns
[2024-02-04T22:41:33.462+0000][7][safepoint   ] Safepoint "Cleanup", Time since last: 2000216190 ns, Reaching safepoint: 96368 ns, At safepoint: 6717 ns, Total: 103085 ns
[2024-02-04T22:41:36.463+0000][7][safepoint   ] Safepoint "Cleanup", Time since last: 3000314689 ns, Reaching safepoint: 96386 ns, At safepoint: 5869 ns, Total: 102255 ns
[2024-02-04T22:41:40.463+0000][7][safepoint   ] Safepoint "Cleanup", Time since last: 4000674207 ns, Reaching safepoint: 57155 ns, At safepoint: 5022 ns, Total: 62177 ns
[2024-02-04T22:41:41.464+0000][7][safepoint   ] Safepoint "Cleanup", Time since last: 1000200564 ns, Reaching safepoint: 56777 ns, At safepoint: 8353 ns, Total: 65130 ns
[2024-02-04T22:41:45.464+0000][7][safepoint   ] Safepoint "Cleanup", Time since last: 4000446686 ns, Reaching safepoint: 82341 ns, At safepoint: 12540 ns, Total: 94881 ns
[2024-02-04T22:41:46.464+0000][7][safepoint   ] Safepoint "Cleanup", Time since last: 1000123663 ns, Reaching safepoint: 69606 ns, At safepoint: 5883 ns, Total: 75489 ns
[2024-02-04T22:41:49.465+0000][7][safepoint   ] Safepoint "Cleanup", Time since last: 3000395749 ns, Reaching safepoint: 54828 ns, At safepoint: 3970 ns, Total: 58798 ns
[2024-02-04T22:41:54.465+0000][7][safepoint   ] Safepoint "Cleanup", Time since last: 5000586621 ns, Reaching safepoint: 80095 ns, At safepoint: 5363 ns, Total: 85458 ns
[2024-02-04T22:41:57.466+0000][7][safepoint   ] Safepoint "Cleanup", Time since last: 3000245339 ns, Reaching safepoint: 137739 ns, At safepoint: 5813 ns, Total: 143552 ns
[2024-02-04T22:42:00.466+0000][7][safepoint   ] Safepoint "Cleanup", Time since last: 3000336091 ns, Reaching safepoint: 72976 ns, At safepoint: 4366 ns, Total: 77342 ns
[2024-02-04T22:42:10.467+0000][7][safepoint   ] Safepoint "Cleanup", Time since last: 10000820652 ns, Reaching safepoint: 69091 ns, At safepoint: 5474 ns, Total: 74565 ns
[2024-02-04T22:42:12.467+0000][7][safepoint   ] Safepoint "Cleanup", Time since last: 2000203942 ns, Reaching safepoint: 68293 ns, At safepoint: 18113 ns, Total: 86406 ns
[2024-02-04T22:42:15.468+0000][7][safepoint   ] Safepoint "Cleanup", Time since last: 3000287728 ns, Reaching safepoint: 59715 ns, At safepoint: 3370 ns, Total: 63085 ns
[2024-02-04T22:42:28.469+0000][7][safepoint   ] Safepoint "Cleanup", Time since last: 13001150301 ns, Reaching safepoint: 111338 ns, At safepoint: 6120 ns, Total: 117458 ns
[2024-02-04T22:42:30.469+0000][7][safepoint   ] Safepoint "Cleanup", Time since last: 2000228430 ns, Reaching safepoint: 53184 ns, At safepoint: 4744 ns, Total: 57928 ns
[2024-02-04T22:42:39.470+0000][7][safepoint   ] Safepoint "Cleanup", Time since last: 9000782644 ns, Reaching safepoint: 85605 ns, At safepoint: 10098 ns, Total: 95703 ns
[2024-02-04T22:42:45.471+0000][7][safepoint   ] Safepoint "Cleanup", Time since last: 6000518130 ns, Reaching safepoint: 66509 ns, At safepoint: 6857 ns, Total: 73366 ns
[2024-02-04T22:42:46.471+0000][7][safepoint   ] Safepoint "Cleanup", Time since last: 1000123918 ns, Reaching safepoint: 83736 ns, At safepoint: 3601 ns, Total: 87337 ns
[2024-02-04T22:42:48.471+0000][7][safepoint   ] Safepoint "Cleanup", Time since last: 2000210729 ns, Reaching safepoint: 88143 ns, At safepoint: 5021 ns, Total: 93164 ns
[2024-02-04T22:42:49.472+0000][7][safepoint   ] Safepoint "Cleanup", Time since last: 1000222500 ns, Reaching safepoint: 66498 ns, At safepoint: 6885 ns, Total: 73383 ns
[2024-02-04T22:42:50.472+0000][7][safepoint   ] Safepoint "Cleanup", Time since last: 1000155464 ns, Reaching safepoint: 53844 ns, At safepoint: 6367 ns, Total: 60211 ns
[2024-02-04T22:42:51.472+0000][7][safepoint   ] Safepoint "Cleanup", Time since last: 1000196356 ns, Reaching safepoint: 114462 ns, At safepoint: 10897 ns, Total: 125359 ns
[2024-02-04T22:42:58.473+0000][7][safepoint   ] Safepoint "Cleanup", Time since last: 7000893387 ns, Reaching safepoint: 103365 ns, At safepoint: 4633 ns, Total: 107998 ns
[2024-02-04T22:43:00.474+0000][7][safepoint   ] Safepoint "Cleanup", Time since last: 2000316751 ns, Reaching safepoint: 75909 ns, At safepoint: 5985 ns, Total: 81894 ns
[2024-02-04T22:43:01.474+0000][7][safepoint   ] Safepoint "Cleanup", Time since last: 1000121851 ns, Reaching safepoint: 73122 ns, At safepoint: 7701 ns, Total: 80823 ns
[2024-02-04T22:43:04.474+0000][7][safepoint   ] Safepoint "Cleanup", Time since last: 3000292382 ns, Reaching safepoint: 77779 ns, At safepoint: 4844 ns, Total: 82623 ns
[2024-02-04T22:43:06.474+0000][7][safepoint   ] Safepoint "Cleanup", Time since last: 2000229057 ns, Reaching safepoint: 40810 ns, At safepoint: 3520 ns, Total: 44330 ns
[2024-02-04T22:43:09.475+0000][7][safepoint   ] Safepoint "Cleanup", Time since last: 3000413299 ns, Reaching safepoint: 57819 ns, At safepoint: 6646 ns, Total: 64465 ns
[2024-02-04T22:43:10.475+0000][7][safepoint   ] Safepoint "Cleanup", Time since last: 1000247417 ns, Reaching safepoint: 66025 ns, At safepoint: 9035 ns, Total: 75060 ns
[2024-02-04T22:43:18.476+0000][7][safepoint   ] Safepoint "Cleanup", Time since last: 8001073568 ns, Reaching safepoint: 100912 ns, At safepoint: 6059 ns, Total: 106971 ns
[2024-02-04T22:43:20.279+0000][7][safepoint   ] Safepoint "Cleanup", Time since last: 1802572414 ns, Reaching safepoint: 90977 ns, At safepoint: 6635 ns, Total: 97612 ns
[2024-02-04T22:43:21.279+0000][7][safepoint   ] Safepoint "Cleanup", Time since last: 1000151383 ns, Reaching safepoint: 52135 ns, At safepoint: 5516 ns, Total: 57651 ns
[2024-02-04T22:43:25.280+0000][7][safepoint   ] Safepoint "Cleanup", Time since last: 4000571178 ns, Reaching safepoint: 82656 ns, At safepoint: 5584 ns, Total: 88240 ns
[2024-02-04T22:43:28.281+0000][7][safepoint   ] Safepoint "Cleanup", Time since last: 3000451331 ns, Reaching safepoint: 107338 ns, At safepoint: 6497 ns, Total: 113835 ns
[2024-02-04T22:43:31.281+0000][7][safepoint   ] Safepoint "Cleanup", Time since last: 3000555390 ns, Reaching safepoint: 65433 ns, At safepoint: 8504 ns, Total: 73937 ns
[2024-02-04T22:43:34.281+0000][7][safepoint   ] Safepoint "Cleanup", Time since last: 3000266576 ns, Reaching safepoint: 80923 ns, At safepoint: 7176 ns, Total: 88099 ns
[2024-02-04T22:43:37.282+0000][7][safepoint   ] Safepoint "Cleanup", Time since last: 3000274402 ns, Reaching safepoint: 99969 ns, At safepoint: 5978 ns, Total: 105947 ns
[2024-02-04T22:43:42.282+0000][7][safepoint   ] Safepoint "Cleanup", Time since last: 5000411687 ns, Reaching safepoint: 104592 ns, At safepoint: 6713 ns, Total: 111305 ns
[2024-02-04T22:43:49.283+0000][7][safepoint   ] Safepoint "Cleanup", Time since last: 7000605092 ns, Reaching safepoint: 69063 ns, At safepoint: 4406 ns, Total: 73469 ns
[2024-02-04T22:43:52.283+0000][7][safepoint   ] Safepoint "Cleanup", Time since last: 3000290129 ns, Reaching safepoint: 54689 ns, At safepoint: 6094 ns, Total: 60783 ns
[2024-02-04T22:43:53.284+0000][7][safepoint   ] Safepoint "Cleanup", Time since last: 1000122811 ns, Reaching safepoint: 50403 ns, At safepoint: 5215 ns, Total: 55618 ns
[2024-02-04T22:43:55.284+0000][7][safepoint   ] Safepoint "Cleanup", Time since last: 2000210037 ns, Reaching safepoint: 89062 ns, At safepoint: 6566 ns, Total: 95628 ns
[2024-02-04T22:43:58.482+0000][7][gc,start    ] GC(25) Pause Young (Normal) (G1 Evacuation Pause)
[2024-02-04T22:43:58.482+0000][7][gc,task     ] GC(25) Using 8 workers of 8 for evacuation
[2024-02-04T22:43:58.482+0000][7][gc,age      ] GC(25) Desired survivor size 41943040 bytes, new threshold 15 (max threshold 15)
[2024-02-04T22:43:58.497+0000][7][gc,phases   ] GC(25)   Pre Evacuate Collection Set: 0.1ms
[2024-02-04T22:43:58.497+0000][7][gc,phases   ] GC(25)   Merge Heap Roots: 0.1ms
[2024-02-04T22:43:58.497+0000][7][gc,phases   ] GC(25)   Evacuate Collection Set: 13.1ms
[2024-02-04T22:43:58.497+0000][7][gc,phases   ] GC(25)   Post Evacuate Collection Set: 1.4ms
[2024-02-04T22:43:58.497+0000][7][gc,phases   ] GC(25)   Other: 0.1ms
[2024-02-04T22:43:58.497+0000][7][gc,age      ] GC(25) Age table with threshold 15 (max threshold 15)
[2024-02-04T22:43:58.497+0000][7][gc,age      ] GC(25) - age   1:    1762880 bytes,    1762880 total
[2024-02-04T22:43:58.497+0000][7][gc,age      ] GC(25) - age   2:      20960 bytes,    1783840 total
[2024-02-04T22:43:58.497+0000][7][gc,age      ] GC(25) - age   3:      31904 bytes,    1815744 total
[2024-02-04T22:43:58.497+0000][7][gc,age      ] GC(25) - age   4:     188984 bytes,    2004728 total
[2024-02-04T22:43:58.497+0000][7][gc,age      ] GC(25) - age   5:      21888 bytes,    2026616 total
[2024-02-04T22:43:58.497+0000][7][gc,age      ] GC(25) - age   6:    1613896 bytes,    3640512 total
[2024-02-04T22:43:58.497+0000][7][gc,age      ] GC(25) - age   7:     349440 bytes,    3989952 total
[2024-02-04T22:43:58.497+0000][7][gc,age      ] GC(25) - age   8:    5135240 bytes,    9125192 total
[2024-02-04T22:43:58.497+0000][7][gc,age      ] GC(25) - age   9:        592 bytes,    9125784 total
[2024-02-04T22:43:58.497+0000][7][gc,age      ] GC(25) - age  11:      66888 bytes,    9192672 total
[2024-02-04T22:43:58.497+0000][7][gc,age      ] GC(25) - age  12:     413216 bytes,    9605888 total
[2024-02-04T22:43:58.497+0000][7][gc,age      ] GC(25) - age  13:    5707808 bytes,   15313696 total
[2024-02-04T22:43:58.497+0000][7][gc,age      ] GC(25) - age  14:   11345488 bytes,   26659184 total
[2024-02-04T22:43:58.497+0000][7][gc,heap     ] GC(25) Eden regions: 146->0(146)
[2024-02-04T22:43:58.497+0000][7][gc,heap     ] GC(25) Survivor regions: 7->7(20)
[2024-02-04T22:43:58.497+0000][7][gc,heap     ] GC(25) Old regions: 16->16
[2024-02-04T22:43:58.497+0000][7][gc,heap     ] GC(25) Archive regions: 2->2
[2024-02-04T22:43:58.497+0000][7][gc,heap     ] GC(25) Humongous regions: 0->0
[2024-02-04T22:43:58.497+0000][7][gc,metaspace] GC(25) Metaspace: 127556K(131328K)->127556K(131328K) NonClass: 110680K(112640K)->110680K(112640K) Class: 16876K(18688K)->16876K(18688K)
[2024-02-04T22:43:58.497+0000][7][gc          ] GC(25) Pause Young (Normal) (G1 Evacuation Pause) 678M->94M(1024M) 15.102ms
[2024-02-04T22:43:58.497+0000][7][gc,cpu      ] GC(25) User=0.09s Sys=0.01s Real=0.01s
[2024-02-04T22:43:58.497+0000][7][safepoint   ] Safepoint "G1CollectForAllocation", Time since last: 3197968616 ns, Reaching safepoint: 51806 ns, At safepoint: 15207694 ns, Total: 15259500 ns
[2024-02-04T22:44:00.498+0000][7][safepoint   ] Safepoint "Cleanup", Time since last: 2000183579 ns, Reaching safepoint: 185092 ns, At safepoint: 12165 ns, Total: 197257 ns
[2024-02-04T22:44:04.498+0000][7][safepoint   ] Safepoint "Cleanup", Time since last: 4000367581 ns, Reaching safepoint: 67331 ns, At safepoint: 6402 ns, Total: 73733 ns
[2024-02-04T22:44:07.498+0000][7][safepoint   ] Safepoint "Cleanup", Time since last: 3000286322 ns, Reaching safepoint: 57469 ns, At safepoint: 6666 ns, Total: 64135 ns
[2024-02-04T22:44:12.499+0000][7][safepoint   ] Safepoint "Cleanup", Time since last: 5000498939 ns, Reaching safepoint: 51895 ns, At safepoint: 6495 ns, Total: 58390 ns
[2024-02-04T22:44:18.500+0000][7][safepoint   ] Safepoint "Cleanup", Time since last: 6000686954 ns, Reaching safepoint: 95552 ns, At safepoint: 9833 ns, Total: 105385 ns
[2024-02-04T22:44:19.500+0000][7][safepoint   ] Safepoint "Cleanup", Time since last: 1000117973 ns, Reaching safepoint: 56023 ns, At safepoint: 4982 ns, Total: 61005 ns
[2024-02-04T22:44:20.500+0000][7][safepoint   ] Safepoint "Cleanup", Time since last: 1000143224 ns, Reaching safepoint: 54483 ns, At safepoint: 5960 ns, Total: 60443 ns
[2024-02-04T22:44:21.500+0000][7][safepoint   ] Safepoint "Cleanup", Time since last: 1000136692 ns, Reaching safepoint: 40670 ns, At safepoint: 3830 ns, Total: 44500 ns
[2024-02-04T22:44:22.501+0000][7][safepoint   ] Safepoint "Cleanup", Time since last: 1000211778 ns, Reaching safepoint: 69108 ns, At safepoint: 8829 ns, Total: 77937 ns
[2024-02-04T22:44:39.502+0000][7][safepoint   ] Safepoint "Cleanup", Time since last: 17001582015 ns, Reaching safepoint: 52866 ns, At safepoint: 7495 ns, Total: 60361 ns
[2024-02-04T22:44:46.503+0000][7][safepoint   ] Safepoint "Cleanup", Time since last: 7000695276 ns, Reaching safepoint: 65402 ns, At safepoint: 5428 ns, Total: 70830 ns
[2024-02-04T22:44:52.504+0000][7][safepoint   ] Safepoint "Cleanup", Time since last: 6000821548 ns, Reaching safepoint: 67753 ns, At safepoint: 11215 ns, Total: 78968 ns
[2024-02-04T22:44:54.504+0000][7][safepoint   ] Safepoint "Cleanup", Time since last: 2000263909 ns, Reaching safepoint: 60039 ns, At safepoint: 4045 ns, Total: 64084 ns
[2024-02-04T22:44:55.504+0000][7][safepoint   ] Safepoint "Cleanup", Time since last: 1000160373 ns, Reaching safepoint: 58236 ns, At safepoint: 6196 ns, Total: 64432 ns
[2024-02-04T22:44:57.505+0000][7][safepoint   ] Safepoint "Cleanup", Time since last: 2000293186 ns, Reaching safepoint: 62222 ns, At safepoint: 4052 ns, Total: 66274 ns
[2024-02-04T22:44:58.505+0000][7][safepoint   ] Safepoint "Cleanup", Time since last: 1000129442 ns, Reaching safepoint: 44221 ns, At safepoint: 3804 ns, Total: 48025 ns
[2024-02-04T22:45:00.505+0000][7][safepoint   ] Safepoint "Cleanup", Time since last: 2000224819 ns, Reaching safepoint: 67753 ns, At safepoint: 6141 ns, Total: 73894 ns
[2024-02-04T22:45:01.505+0000][7][safepoint   ] Safepoint "Cleanup", Time since last: 1000183552 ns, Reaching safepoint: 65877 ns, At safepoint: 7673 ns, Total: 73550 ns
[2024-02-04T22:45:03.506+0000][7][safepoint   ] Safepoint "Cleanup", Time since last: 2000207411 ns, Reaching safepoint: 174088 ns, At safepoint: 12833 ns, Total: 186921 ns
[2024-02-04T22:45:04.506+0000][7][safepoint   ] Safepoint "Cleanup", Time since last: 1000125225 ns, Reaching safepoint: 63480 ns, At safepoint: 8076 ns, Total: 71556 ns
[2024-02-04T22:45:06.506+0000][7][safepoint   ] Safepoint "Cleanup", Time since last: 2000208131 ns, Reaching safepoint: 61849 ns, At safepoint: 5360 ns, Total: 67209 ns
[2024-02-04T22:45:07.507+0000][7][safepoint   ] Safepoint "Cleanup", Time since last: 1000135982 ns, Reaching safepoint: 47996 ns, At safepoint: 3616 ns, Total: 51612 ns
[2024-02-04T22:45:09.507+0000][7][safepoint   ] Safepoint "Cleanup", Time since last: 2000183608 ns, Reaching safepoint: 64625 ns, At safepoint: 5524 ns, Total: 70149 ns
[2024-02-04T22:45:16.508+0000][7][safepoint   ] Safepoint "Cleanup", Time since last: 7000701433 ns, Reaching safepoint: 63341 ns, At safepoint: 6027 ns, Total: 69368 ns
[2024-02-04T22:45:18.508+0000][7][safepoint   ] Safepoint "Cleanup", Time since last: 2000234744 ns, Reaching safepoint: 180886 ns, At safepoint: 24118 ns, Total: 205004 ns
[2024-02-04T22:45:20.509+0000][7][safepoint   ] Safepoint "Cleanup", Time since last: 2000434035 ns, Reaching safepoint: 85123 ns, At safepoint: 10292 ns, Total: 95415 ns
[2024-02-04T22:45:21.509+0000][7][safepoint   ] Safepoint "Cleanup", Time since last: 1000176914 ns, Reaching safepoint: 97379 ns, At safepoint: 17512 ns, Total: 114891 ns
[2024-02-04T22:45:24.509+0000][7][safepoint   ] Safepoint "Cleanup", Time since last: 3000275854 ns, Reaching safepoint: 63419 ns, At safepoint: 5038 ns, Total: 68457 ns
[2024-02-04T22:45:25.509+0000][7][safepoint   ] Safepoint "Cleanup", Time since last: 1000148704 ns, Reaching safepoint: 61107 ns, At safepoint: 6228 ns, Total: 67335 ns
[2024-02-04T22:45:27.510+0000][7][safepoint   ] Safepoint "Cleanup", Time since last: 2000193691 ns, Reaching safepoint: 76362 ns, At safepoint: 6628 ns, Total: 82990 ns
[2024-02-04T22:45:31.510+0000][7][safepoint   ] Safepoint "Cleanup", Time since last: 4000351685 ns, Reaching safepoint: 42611 ns, At safepoint: 3282 ns, Total: 45893 ns
[2024-02-04T22:45:33.510+0000][7][safepoint   ] Safepoint "Cleanup", Time since last: 2000177127 ns, Reaching safepoint: 53420 ns, At safepoint: 3587 ns, Total: 57007 ns
[2024-02-04T22:45:45.512+0000][7][safepoint   ] Safepoint "Cleanup", Time since last: 12001185468 ns, Reaching safepoint: 160912 ns, At safepoint: 21953 ns, Total: 182865 ns
[2024-02-04T22:45:51.512+0000][7][safepoint   ] Safepoint "Cleanup", Time since last: 6000498417 ns, Reaching safepoint: 74506 ns, At safepoint: 4059 ns, Total: 78565 ns
[2024-02-04T22:45:53.672+0000][7][safepoint   ] Safepoint "ICBufferFull", Time since last: 2159682492 ns, Reaching safepoint: 345679 ns, At safepoint: 18414 ns, Total: 364093 ns
[2024-02-04T22:45:53.674+0000][7][safepoint   ] Safepoint "ICBufferFull", Time since last: 1098242 ns, Reaching safepoint: 226747 ns, At safepoint: 20307 ns, Total: 247054 ns
[2024-02-04T22:45:54.674+0000][7][safepoint   ] Safepoint "Cleanup", Time since last: 1000147543 ns, Reaching safepoint: 167049 ns, At safepoint: 13059 ns, Total: 180108 ns
[2024-02-04T22:45:55.674+0000][7][safepoint   ] Safepoint "Cleanup", Time since last: 1000142057 ns, Reaching safepoint: 54685 ns, At safepoint: 6568 ns, Total: 61253 ns
[2024-02-04T22:46:00.675+0000][7][safepoint   ] Safepoint "Cleanup", Time since last: 5000441693 ns, Reaching safepoint: 58444 ns, At safepoint: 6804 ns, Total: 65248 ns
[2024-02-04T22:46:06.675+0000][7][safepoint   ] Safepoint "Cleanup", Time since last: 6000647885 ns, Reaching safepoint: 93837 ns, At safepoint: 5955 ns, Total: 99792 ns
[2024-02-04T22:46:07.676+0000][7][safepoint   ] Safepoint "Cleanup", Time since last: 1000129726 ns, Reaching safepoint: 55571 ns, At safepoint: 7840 ns, Total: 63411 ns
[2024-02-04T22:46:09.676+0000][7][safepoint   ] Safepoint "Cleanup", Time since last: 2000234358 ns, Reaching safepoint: 58692 ns, At safepoint: 8507 ns, Total: 67199 ns
[2024-02-04T22:46:11.676+0000][7][safepoint   ] Safepoint "Cleanup", Time since last: 2000222189 ns, Reaching safepoint: 143010 ns, At safepoint: 12089 ns, Total: 155099 ns
[2024-02-04T22:46:15.677+0000][7][safepoint   ] Safepoint "Cleanup", Time since last: 4000458524 ns, Reaching safepoint: 79033 ns, At safepoint: 7375 ns, Total: 86408 ns
[2024-02-04T22:46:18.677+0000][7][safepoint   ] Safepoint "Cleanup", Time since last: 3000373814 ns, Reaching safepoint: 58605 ns, At safepoint: 26533 ns, Total: 85138 ns
[2024-02-04T22:46:21.678+0000][7][safepoint   ] Safepoint "Cleanup", Time since last: 3000242141 ns, Reaching safepoint: 45738 ns, At safepoint: 3977 ns, Total: 49715 ns
[2024-02-04T22:46:23.678+0000][7][safepoint   ] Safepoint "Cleanup", Time since last: 2000201322 ns, Reaching safepoint: 63820 ns, At safepoint: 6331 ns, Total: 70151 ns
[2024-02-04T22:46:27.454+0000][7][gc,start    ] GC(26) Pause Young (Normal) (G1 Evacuation Pause)
[2024-02-04T22:46:27.454+0000][7][gc,task     ] GC(26) Using 8 workers of 8 for evacuation
[2024-02-04T22:46:27.454+0000][7][gc,age      ] GC(26) Desired survivor size 41943040 bytes, new threshold 15 (max threshold 15)
[2024-02-04T22:46:27.468+0000][7][gc,phases   ] GC(26)   Pre Evacuate Collection Set: 0.1ms
[2024-02-04T22:46:27.468+0000][7][gc,phases   ] GC(26)   Merge Heap Roots: 0.1ms
[2024-02-04T22:46:27.468+0000][7][gc,phases   ] GC(26)   Evacuate Collection Set: 11.4ms
[2024-02-04T22:46:27.468+0000][7][gc,phases   ] GC(26)   Post Evacuate Collection Set: 2.8ms
[2024-02-04T22:46:27.468+0000][7][gc,phases   ] GC(26)   Other: 0.1ms
[2024-02-04T22:46:27.468+0000][7][gc,age      ] GC(26) Age table with threshold 15 (max threshold 15)
[2024-02-04T22:46:27.469+0000][7][gc,age      ] GC(26) - age   1:     990384 bytes,     990384 total
[2024-02-04T22:46:27.469+0000][7][gc,age      ] GC(26) - age   2:      17304 bytes,    1007688 total
[2024-02-04T22:46:27.469+0000][7][gc,age      ] GC(26) - age   3:      18872 bytes,    1026560 total
[2024-02-04T22:46:27.469+0000][7][gc,age      ] GC(26) - age   4:      31840 bytes,    1058400 total
[2024-02-04T22:46:27.469+0000][7][gc,age      ] GC(26) - age   5:     188920 bytes,    1247320 total
[2024-02-04T22:46:27.469+0000][7][gc,age      ] GC(26) - age   6:      21288 bytes,    1268608 total
[2024-02-04T22:46:27.469+0000][7][gc,age      ] GC(26) - age   7:    1608904 bytes,    2877512 total
[2024-02-04T22:46:27.469+0000][7][gc,age      ] GC(26) - age   8:     347824 bytes,    3225336 total
[2024-02-04T22:46:27.469+0000][7][gc,age      ] GC(26) - age   9:    5091288 bytes,    8316624 total
[2024-02-04T22:46:27.469+0000][7][gc,age      ] GC(26) - age  10:        592 bytes,    8317216 total
[2024-02-04T22:46:27.469+0000][7][gc,age      ] GC(26) - age  12:      66888 bytes,    8384104 total
[2024-02-04T22:46:27.469+0000][7][gc,age      ] GC(26) - age  13:     413216 bytes,    8797320 total
[2024-02-04T22:46:27.469+0000][7][gc,age      ] GC(26) - age  14:    5691432 bytes,   14488752 total
[2024-02-04T22:46:27.469+0000][7][gc,age      ] GC(26) - age  15:   11342704 bytes,   25831456 total
[2024-02-04T22:46:27.469+0000][7][gc,heap     ] GC(26) Eden regions: 146->0(146)
[2024-02-04T22:46:27.469+0000][7][gc,heap     ] GC(26) Survivor regions: 7->7(20)
[2024-02-04T22:46:27.469+0000][7][gc,heap     ] GC(26) Old regions: 16->16
[2024-02-04T22:46:27.469+0000][7][gc,heap     ] GC(26) Archive regions: 2->2
[2024-02-04T22:46:27.469+0000][7][gc,heap     ] GC(26) Humongous regions: 0->0
[2024-02-04T22:46:27.469+0000][7][gc,metaspace] GC(26) Metaspace: 127643K(131392K)->127643K(131392K) NonClass: 110766K(112704K)->110766K(112704K) Class: 16877K(18688K)->16877K(18688K)
[2024-02-04T22:46:27.469+0000][7][gc          ] GC(26) Pause Young (Normal) (G1 Evacuation Pause) 678M->94M(1024M) 14.613ms
[2024-02-04T22:46:27.469+0000][7][gc,cpu      ] GC(26) User=0.08s Sys=0.01s Real=0.01s
[2024-02-04T22:46:27.469+0000][7][safepoint   ] Safepoint "G1CollectForAllocation", Time since last: 3776124454 ns, Reaching safepoint: 42204 ns, At safepoint: 14709942 ns, Total: 14752146 ns
[2024-02-04T22:46:28.469+0000][7][safepoint   ] Safepoint "Cleanup", Time since last: 1000098555 ns, Reaching safepoint: 84540 ns, At safepoint: 6273 ns, Total: 90813 ns
[2024-02-04T22:46:30.469+0000][7][safepoint   ] Safepoint "Cleanup", Time since last: 2000195019 ns, Reaching safepoint: 80099 ns, At safepoint: 5245 ns, Total: 85344 ns
[2024-02-04T22:46:42.470+0000][7][safepoint   ] Safepoint "Cleanup", Time since last: 12000992671 ns, Reaching safepoint: 126513 ns, At safepoint: 18324 ns, Total: 144837 ns
[2024-02-04T22:46:45.471+0000][7][safepoint   ] Safepoint "Cleanup", Time since last: 3000314944 ns, Reaching safepoint: 40880 ns, At safepoint: 3348 ns, Total: 44228 ns
[2024-02-04T22:46:49.471+0000][7][safepoint   ] Safepoint "Cleanup", Time since last: 4000343061 ns, Reaching safepoint: 55574 ns, At safepoint: 6768 ns, Total: 62342 ns
[2024-02-04T22:46:51.471+0000][7][safepoint   ] Safepoint "Cleanup", Time since last: 2000179638 ns, Reaching safepoint: 100966 ns, At safepoint: 3162 ns, Total: 104128 ns
[2024-02-04T22:46:52.472+0000][7][safepoint   ] Safepoint "Cleanup", Time since last: 1000202744 ns, Reaching safepoint: 60150 ns, At safepoint: 15051 ns, Total: 75201 ns
[2024-02-04T22:46:57.472+0000][7][safepoint   ] Safepoint "Cleanup", Time since last: 5000440526 ns, Reaching safepoint: 51935 ns, At safepoint: 7195 ns, Total: 59130 ns
[2024-02-04T22:46:58.472+0000][7][safepoint   ] Safepoint "Cleanup", Time since last: 1000150968 ns, Reaching safepoint: 57798 ns, At safepoint: 5584 ns, Total: 63382 ns
[2024-02-04T22:47:00.473+0000][7][safepoint   ] Safepoint "Cleanup", Time since last: 2000308204 ns, Reaching safepoint: 80027 ns, At safepoint: 6789 ns, Total: 86816 ns
[2024-02-04T22:47:03.473+0000][7][safepoint   ] Safepoint "Cleanup", Time since last: 3000322292 ns, Reaching safepoint: 80152 ns, At safepoint: 5458 ns, Total: 85610 ns
[2024-02-04T22:47:04.473+0000][7][safepoint   ] Safepoint "Cleanup", Time since last: 1000139103 ns, Reaching safepoint: 73884 ns, At safepoint: 5717 ns, Total: 79601 ns
[2024-02-04T22:47:10.474+0000][7][safepoint   ] Safepoint "Cleanup", Time since last: 6000595162 ns, Reaching safepoint: 88634 ns, At safepoint: 4663 ns, Total: 93297 ns
[2024-02-04T22:47:16.475+0000][7][safepoint   ] Safepoint "Cleanup", Time since last: 6000550628 ns, Reaching safepoint: 67782 ns, At safepoint: 4902 ns, Total: 72684 ns
[2024-02-04T22:47:21.475+0000][7][safepoint   ] Safepoint "Cleanup", Time since last: 5000526259 ns, Reaching safepoint: 44931 ns, At safepoint: 4491 ns, Total: 49422 ns
[2024-02-04T22:47:22.476+0000][7][safepoint   ] Safepoint "Cleanup", Time since last: 1000219343 ns, Reaching safepoint: 103860 ns, At safepoint: 8581 ns, Total: 112441 ns
[2024-02-04T22:47:25.476+0000][7][safepoint   ] Safepoint "Cleanup", Time since last: 3000262826 ns, Reaching safepoint: 115528 ns, At safepoint: 31070 ns, Total: 146598 ns
[2024-02-04T22:47:27.476+0000][7][safepoint   ] Safepoint "Cleanup", Time since last: 2000199664 ns, Reaching safepoint: 65822 ns, At safepoint: 4217 ns, Total: 70039 ns
[2024-02-04T22:47:28.477+0000][7][safepoint   ] Safepoint "Cleanup", Time since last: 1000132063 ns, Reaching safepoint: 66587 ns, At safepoint: 12504 ns, Total: 79091 ns
[2024-02-04T22:47:29.477+0000][7][safepoint   ] Safepoint "Cleanup", Time since last: 1000142898 ns, Reaching safepoint: 64479 ns, At safepoint: 5428 ns, Total: 69907 ns
[2024-02-04T22:47:30.477+0000][7][safepoint   ] Safepoint "Cleanup", Time since last: 1000149043 ns, Reaching safepoint: 134373 ns, At safepoint: 9467 ns, Total: 143840 ns
[2024-02-04T22:47:33.477+0000][7][safepoint   ] Safepoint "Cleanup", Time since last: 3000326887 ns, Reaching safepoint: 132149 ns, At safepoint: 16462 ns, Total: 148611 ns
[2024-02-04T22:47:34.478+0000][7][safepoint   ] Safepoint "Cleanup", Time since last: 1000160313 ns, Reaching safepoint: 63227 ns, At safepoint: 4833 ns, Total: 68060 ns
[2024-02-04T22:47:36.478+0000][7][safepoint   ] Safepoint "Cleanup", Time since last: 2000180559 ns, Reaching safepoint: 68254 ns, At safepoint: 5031 ns, Total: 73285 ns
[2024-02-04T22:47:39.478+0000][7][safepoint   ] Safepoint "Cleanup", Time since last: 3000313533 ns, Reaching safepoint: 125106 ns, At safepoint: 7540 ns, Total: 132646 ns
[2024-02-04T22:47:42.479+0000][7][safepoint   ] Safepoint "Cleanup", Time since last: 3000314285 ns, Reaching safepoint: 135226 ns, At safepoint: 3127 ns, Total: 138353 ns
[2024-02-04T22:47:43.479+0000][7][safepoint   ] Safepoint "Cleanup", Time since last: 1000120398 ns, Reaching safepoint: 66338 ns, At safepoint: 15738 ns, Total: 82076 ns
[2024-02-04T22:47:45.479+0000][7][safepoint   ] Safepoint "Cleanup", Time since last: 2000179443 ns, Reaching safepoint: 46031 ns, At safepoint: 3872 ns, Total: 49903 ns
[2024-02-04T22:47:46.479+0000][7][safepoint   ] Safepoint "Cleanup", Time since last: 1000135735 ns, Reaching safepoint: 57151 ns, At safepoint: 5223 ns, Total: 62374 ns
[2024-02-04T22:47:48.480+0000][7][safepoint   ] Safepoint "Cleanup", Time since last: 2000417912 ns, Reaching safepoint: 60195 ns, At safepoint: 9134 ns, Total: 69329 ns
[2024-02-04T22:47:49.480+0000][7][safepoint   ] Safepoint "Cleanup", Time since last: 1000217871 ns, Reaching safepoint: 59746 ns, At safepoint: 10748 ns, Total: 70494 ns
[2024-02-04T22:47:52.481+0000][7][safepoint   ] Safepoint "Cleanup", Time since last: 3000242566 ns, Reaching safepoint: 83897 ns, At safepoint: 20478 ns, Total: 104375 ns
[2024-02-04T22:48:00.482+0000][7][safepoint   ] Safepoint "Cleanup", Time since last: 8000859029 ns, Reaching safepoint: 83641 ns, At safepoint: 5374 ns, Total: 89015 ns
[2024-02-04T22:48:07.089+0000][7][safepoint   ] Safepoint "Cleanup", Time since last: 6607487020 ns, Reaching safepoint: 69991 ns, At safepoint: 3667 ns, Total: 73658 ns
[2024-02-04T22:48:08.089+0000][7][safepoint   ] Safepoint "Cleanup", Time since last: 1000130147 ns, Reaching safepoint: 104112 ns, At safepoint: 8683 ns, Total: 112795 ns
[2024-02-04T22:48:09.445+0000][7][safepoint   ] Safepoint "Cleanup", Time since last: 1355534052 ns, Reaching safepoint: 72352 ns, At safepoint: 20443 ns, Total: 92795 ns
[2024-02-04T22:48:10.445+0000][7][safepoint   ] Safepoint "Cleanup", Time since last: 1000129728 ns, Reaching safepoint: 103799 ns, At safepoint: 22824 ns, Total: 126623 ns
[2024-02-04T22:48:22.446+0000][7][safepoint   ] Safepoint "Cleanup", Time since last: 12000997465 ns, Reaching safepoint: 66968 ns, At safepoint: 9785 ns, Total: 76753 ns
[2024-02-04T22:48:28.447+0000][7][safepoint   ] Safepoint "Cleanup", Time since last: 6000537502 ns, Reaching safepoint: 92143 ns, At safepoint: 7340 ns, Total: 99483 ns
[2024-02-04T22:48:36.448+0000][7][safepoint   ] Safepoint "Cleanup", Time since last: 8000852934 ns, Reaching safepoint: 79410 ns, At safepoint: 6718 ns, Total: 86128 ns
[2024-02-04T22:48:42.449+0000][7][safepoint   ] Safepoint "Cleanup", Time since last: 6000556807 ns, Reaching safepoint: 76421 ns, At safepoint: 7274 ns, Total: 83695 ns
[2024-02-04T22:48:43.449+0000][7][safepoint   ] Safepoint "Cleanup", Time since last: 1000192705 ns, Reaching safepoint: 73101 ns, At safepoint: 9375 ns, Total: 82476 ns
[2024-02-04T22:48:54.450+0000][7][safepoint   ] Safepoint "Cleanup", Time since last: 11000803776 ns, Reaching safepoint: 148440 ns, At safepoint: 11394 ns, Total: 159834 ns
[2024-02-04T22:48:55.450+0000][7][safepoint   ] Safepoint "Cleanup", Time since last: 1000138686 ns, Reaching safepoint: 55067 ns, At safepoint: 4071 ns, Total: 59138 ns
[2024-02-04T22:48:57.450+0000][7][safepoint   ] Safepoint "Cleanup", Time since last: 2000201670 ns, Reaching safepoint: 37600 ns, At safepoint: 3666 ns, Total: 41266 ns
[2024-02-04T22:48:58.450+0000][7][safepoint   ] Safepoint "Cleanup", Time since last: 1000125844 ns, Reaching safepoint: 62940 ns, At safepoint: 5898 ns, Total: 68838 ns
[2024-02-04T22:49:00.451+0000][7][safepoint   ] Safepoint "Cleanup", Time since last: 2000217246 ns, Reaching safepoint: 70220 ns, At safepoint: 5816 ns, Total: 76036 ns
[2024-02-04T22:49:01.451+0000][7][safepoint   ] Safepoint "Cleanup", Time since last: 1000102768 ns, Reaching safepoint: 47286 ns, At safepoint: 5624 ns, Total: 52910 ns
[2024-02-04T22:49:04.451+0000][7][safepoint   ] Safepoint "Cleanup", Time since last: 3000232277 ns, Reaching safepoint: 88996 ns, At safepoint: 5796 ns, Total: 94792 ns
[2024-02-04T22:49:07.452+0000][7][safepoint   ] Safepoint "Cleanup", Time since last: 3000290452 ns, Reaching safepoint: 88058 ns, At safepoint: 8096 ns, Total: 96154 ns
[2024-02-04T22:49:08.452+0000][7][safepoint   ] Safepoint "Cleanup", Time since last: 1000137585 ns, Reaching safepoint: 57806 ns, At safepoint: 6948 ns, Total: 64754 ns
[2024-02-04T22:49:09.452+0000][7][safepoint   ] Safepoint "Cleanup", Time since last: 1000113435 ns, Reaching safepoint: 145868 ns, At safepoint: 10235 ns, Total: 156103 ns
[2024-02-04T22:49:09.453+0000][7][gc,start    ] GC(27) Pause Young (Normal) (G1 Evacuation Pause)
[2024-02-04T22:49:09.453+0000][7][gc,task     ] GC(27) Using 8 workers of 8 for evacuation
[2024-02-04T22:49:09.453+0000][7][gc,age      ] GC(27) Desired survivor size 41943040 bytes, new threshold 15 (max threshold 15)
[2024-02-04T22:49:09.469+0000][7][gc,phases   ] GC(27)   Pre Evacuate Collection Set: 0.1ms
[2024-02-04T22:49:09.469+0000][7][gc,phases   ] GC(27)   Merge Heap Roots: 0.1ms
[2024-02-04T22:49:09.469+0000][7][gc,phases   ] GC(27)   Evacuate Collection Set: 13.8ms
[2024-02-04T22:49:09.469+0000][7][gc,phases   ] GC(27)   Post Evacuate Collection Set: 1.7ms
[2024-02-04T22:49:09.469+0000][7][gc,phases   ] GC(27)   Other: 0.1ms
[2024-02-04T22:49:09.469+0000][7][gc,age      ] GC(27) Age table with threshold 15 (max threshold 15)
[2024-02-04T22:49:09.469+0000][7][gc,age      ] GC(27) - age   1:    1807824 bytes,    1807824 total
[2024-02-04T22:49:09.469+0000][7][gc,age      ] GC(27) - age   2:     118648 bytes,    1926472 total
[2024-02-04T22:49:09.469+0000][7][gc,age      ] GC(27) - age   3:      14128 bytes,    1940600 total
[2024-02-04T22:49:09.469+0000][7][gc,age      ] GC(27) - age   4:      17616 bytes,    1958216 total
[2024-02-04T22:49:09.469+0000][7][gc,age      ] GC(27) - age   5:      11328 bytes,    1969544 total
[2024-02-04T22:49:09.469+0000][7][gc,age      ] GC(27) - age   6:     100296 bytes,    2069840 total
[2024-02-04T22:49:09.469+0000][7][gc,age      ] GC(27) - age   7:      20968 bytes,    2090808 total
[2024-02-04T22:49:09.469+0000][7][gc,age      ] GC(27) - age   8:    1376376 bytes,    3467184 total
[2024-02-04T22:49:09.469+0000][7][gc,age      ] GC(27) - age   9:     339424 bytes,    3806608 total
[2024-02-04T22:49:09.469+0000][7][gc,age      ] GC(27) - age  10:    5091032 bytes,    8897640 total
[2024-02-04T22:49:09.469+0000][7][gc,age      ] GC(27) - age  11:        592 bytes,    8898232 total
[2024-02-04T22:49:09.469+0000][7][gc,age      ] GC(27) - age  13:      66888 bytes,    8965120 total
[2024-02-04T22:49:09.469+0000][7][gc,age      ] GC(27) - age  14:     413216 bytes,    9378336 total
[2024-02-04T22:49:09.469+0000][7][gc,age      ] GC(27) - age  15:    5691392 bytes,   15069728 total
[2024-02-04T22:49:09.469+0000][7][gc,heap     ] GC(27) Eden regions: 146->0(148)
[2024-02-04T22:49:09.469+0000][7][gc,heap     ] GC(27) Survivor regions: 7->5(20)
[2024-02-04T22:49:09.469+0000][7][gc,heap     ] GC(27) Old regions: 16->19
[2024-02-04T22:49:09.469+0000][7][gc,heap     ] GC(27) Archive regions: 2->2
[2024-02-04T22:49:09.469+0000][7][gc,heap     ] GC(27) Humongous regions: 0->0
[2024-02-04T22:49:09.469+0000][7][gc,metaspace] GC(27) Metaspace: 127702K(131520K)->127702K(131520K) NonClass: 110823K(112832K)->110823K(112832K) Class: 16879K(18688K)->16879K(18688K)
[2024-02-04T22:49:09.470+0000][7][gc          ] GC(27) Pause Young (Normal) (G1 Evacuation Pause) 678M->94M(1024M) 16.141ms
[2024-02-04T22:49:09.470+0000][7][gc,cpu      ] GC(27) User=0.10s Sys=0.00s Real=0.02s
[2024-02-04T22:49:09.470+0000][7][safepoint   ] Safepoint "G1CollectForAllocation", Time since last: 1222722 ns, Reaching safepoint: 68222 ns, At safepoint: 16245445 ns, Total: 16313667 ns
[2024-02-04T22:49:12.470+0000][7][safepoint   ] Safepoint "Cleanup", Time since last: 3000260788 ns, Reaching safepoint: 82247 ns, At safepoint: 10784 ns, Total: 93031 ns
[2024-02-04T22:49:15.470+0000][7][safepoint   ] Safepoint "Cleanup", Time since last: 3000291297 ns, Reaching safepoint: 96442 ns, At safepoint: 30586 ns, Total: 127028 ns
[2024-02-04T22:49:16.471+0000][7][safepoint   ] Safepoint "Cleanup", Time since last: 1000144836 ns, Reaching safepoint: 60669 ns, At safepoint: 4982 ns, Total: 65651 ns
[2024-02-04T22:49:19.471+0000][7][safepoint   ] Safepoint "Cleanup", Time since last: 3000301910 ns, Reaching safepoint: 64046 ns, At safepoint: 4922 ns, Total: 68968 ns
[2024-02-04T22:49:27.472+0000][7][safepoint   ] Safepoint "Cleanup", Time since last: 8000890450 ns, Reaching safepoint: 90124 ns, At safepoint: 5211 ns, Total: 95335 ns
[2024-02-04T22:49:33.473+0000][7][safepoint   ] Safepoint "Cleanup", Time since last: 6000549626 ns, Reaching safepoint: 108343 ns, At safepoint: 32685 ns, Total: 141028 ns
[2024-02-04T22:49:40.473+0000][7][safepoint   ] Safepoint "Cleanup", Time since last: 7000694579 ns, Reaching safepoint: 89173 ns, At safepoint: 6963 ns, Total: 96136 ns
[2024-02-04T22:49:42.474+0000][7][safepoint   ] Safepoint "Cleanup", Time since last: 2000241368 ns, Reaching safepoint: 146405 ns, At safepoint: 13281 ns, Total: 159686 ns
[2024-02-04T22:49:50.475+0000][7][safepoint   ] Safepoint "Cleanup", Time since last: 8000746923 ns, Reaching safepoint: 82854 ns, At safepoint: 6339 ns, Total: 89193 ns
[2024-02-04T22:49:51.475+0000][7][safepoint   ] Safepoint "Cleanup", Time since last: 1000148481 ns, Reaching safepoint: 137296 ns, At safepoint: 6286 ns, Total: 143582 ns
[2024-02-04T22:49:52.475+0000][7][safepoint   ] Safepoint "Cleanup", Time since last: 1000119141 ns, Reaching safepoint: 76116 ns, At safepoint: 6826 ns, Total: 82942 ns
[2024-02-04T22:49:55.476+0000][7][safepoint   ] Safepoint "Cleanup", Time since last: 3000371557 ns, Reaching safepoint: 137280 ns, At safepoint: 16721 ns, Total: 154001 ns
[2024-02-04T22:49:57.476+0000][7][safepoint   ] Safepoint "Cleanup", Time since last: 2000277973 ns, Reaching safepoint: 149893 ns, At safepoint: 6793 ns, Total: 156686 ns
[2024-02-04T22:50:00.476+0000][7][safepoint   ] Safepoint "Cleanup", Time since last: 3000262421 ns, Reaching safepoint: 92309 ns, At safepoint: 5402 ns, Total: 97711 ns
[2024-02-04T22:50:07.477+0000][7][safepoint   ] Safepoint "Cleanup", Time since last: 7000613328 ns, Reaching safepoint: 54778 ns, At safepoint: 4153 ns, Total: 58931 ns
[2024-02-04T22:50:18.478+0000][7][safepoint   ] Safepoint "Cleanup", Time since last: 11000995802 ns, Reaching safepoint: 156574 ns, At safepoint: 5989 ns, Total: 162563 ns
[2024-02-04T22:50:19.478+0000][7][safepoint   ] Safepoint "Cleanup", Time since last: 1000119359 ns, Reaching safepoint: 80393 ns, At safepoint: 7804 ns, Total: 88197 ns
[2024-02-04T22:50:20.479+0000][7][safepoint   ] Safepoint "Cleanup", Time since last: 1000117505 ns, Reaching safepoint: 53280 ns, At safepoint: 4545 ns, Total: 57825 ns
[2024-02-04T22:50:26.479+0000][7][safepoint   ] Safepoint "Cleanup", Time since last: 6000611246 ns, Reaching safepoint: 84587 ns, At safepoint: 9926 ns, Total: 94513 ns
[2024-02-04T22:50:27.480+0000][7][safepoint   ] Safepoint "Cleanup", Time since last: 1000132134 ns, Reaching safepoint: 119255 ns, At safepoint: 9010 ns, Total: 128265 ns
[2024-02-04T22:50:28.480+0000][7][safepoint   ] Safepoint "Cleanup", Time since last: 1000221297 ns, Reaching safepoint: 60722 ns, At safepoint: 10042 ns, Total: 70764 ns
[2024-02-04T22:50:30.480+0000][7][safepoint   ] Safepoint "Cleanup", Time since last: 2000310168 ns, Reaching safepoint: 77391 ns, At safepoint: 9308 ns, Total: 86699 ns
[2024-02-04T22:50:31.481+0000][7][safepoint   ] Safepoint "Cleanup", Time since last: 1000226858 ns, Reaching safepoint: 72869 ns, At safepoint: 6585 ns, Total: 79454 ns
[2024-02-04T22:50:43.482+0000][7][safepoint   ] Safepoint "Cleanup", Time since last: 12001206440 ns, Reaching safepoint: 63229 ns, At safepoint: 4579 ns, Total: 67808 ns
[2024-02-04T22:50:44.482+0000][7][safepoint   ] Safepoint "Cleanup", Time since last: 1000142283 ns, Reaching safepoint: 73682 ns, At safepoint: 6103 ns, Total: 79785 ns
[2024-02-04T22:50:49.483+0000][7][safepoint   ] Safepoint "Cleanup", Time since last: 5000495956 ns, Reaching safepoint: 88112 ns, At safepoint: 5904 ns, Total: 94016 ns
[2024-02-04T22:50:50.483+0000][7][safepoint   ] Safepoint "Cleanup", Time since last: 1000200561 ns, Reaching safepoint: 62756 ns, At safepoint: 15482 ns, Total: 78238 ns
[2024-02-04T22:50:56.484+0000][7][safepoint   ] Safepoint "Cleanup", Time since last: 6000534125 ns, Reaching safepoint: 83786 ns, At safepoint: 15171 ns, Total: 98957 ns
[2024-02-04T22:50:57.484+0000][7][safepoint   ] Safepoint "Cleanup", Time since last: 1000137602 ns, Reaching safepoint: 124852 ns, At safepoint: 5423 ns, Total: 130275 ns
[2024-02-04T22:50:58.484+0000][7][safepoint   ] Safepoint "Cleanup", Time since last: 1000120992 ns, Reaching safepoint: 62788 ns, At safepoint: 5978 ns, Total: 68766 ns
[2024-02-04T22:51:00.484+0000][7][safepoint   ] Safepoint "Cleanup", Time since last: 2000225731 ns, Reaching safepoint: 112323 ns, At safepoint: 5512 ns, Total: 117835 ns
[2024-02-04T22:51:03.485+0000][7][safepoint   ] Safepoint "Cleanup", Time since last: 3000382384 ns, Reaching safepoint: 120911 ns, At safepoint: 6101 ns, Total: 127012 ns
[2024-02-04T22:51:04.485+0000][7][safepoint   ] Safepoint "Cleanup", Time since last: 1000133670 ns, Reaching safepoint: 51181 ns, At safepoint: 11009 ns, Total: 62190 ns
[2024-02-04T22:51:15.487+0000][7][safepoint   ] Safepoint "Cleanup", Time since last: 11001045217 ns, Reaching safepoint: 300364 ns, At safepoint: 15874 ns, Total: 316238 ns
[2024-02-04T22:51:20.487+0000][7][safepoint   ] Safepoint "Cleanup", Time since last: 5000506703 ns, Reaching safepoint: 93654 ns, At safepoint: 6594 ns, Total: 100248 ns
[2024-02-04T22:51:21.487+0000][7][safepoint   ] Safepoint "Cleanup", Time since last: 1000146415 ns, Reaching safepoint: 151652 ns, At safepoint: 11567 ns, Total: 163219 ns
[2024-02-04T22:51:24.488+0000][7][safepoint   ] Safepoint "Cleanup", Time since last: 3000397648 ns, Reaching safepoint: 59708 ns, At safepoint: 40937 ns, Total: 100645 ns
[2024-02-04T22:51:25.488+0000][7][safepoint   ] Safepoint "Cleanup", Time since last: 1000134308 ns, Reaching safepoint: 58086 ns, At safepoint: 5696 ns, Total: 63782 ns
[2024-02-04T22:51:27.489+0000][7][safepoint   ] Safepoint "Cleanup", Time since last: 2000406580 ns, Reaching safepoint: 140684 ns, At safepoint: 12805 ns, Total: 153489 ns
[2024-02-04T22:51:29.489+0000][7][safepoint   ] Safepoint "Cleanup", Time since last: 2000268294 ns, Reaching safepoint: 68154 ns, At safepoint: 6523 ns, Total: 74677 ns
[2024-02-04T22:51:31.489+0000][7][safepoint   ] Safepoint "Cleanup", Time since last: 2000250634 ns, Reaching safepoint: 72378 ns, At safepoint: 13833 ns, Total: 86211 ns
[2024-02-04T22:51:39.491+0000][7][safepoint   ] Safepoint "Cleanup", Time since last: 8001163148 ns, Reaching safepoint: 143976 ns, At safepoint: 11889 ns, Total: 155865 ns
[2024-02-04T22:51:40.491+0000][7][safepoint   ] Safepoint "Cleanup", Time since last: 1000165483 ns, Reaching safepoint: 81541 ns, At safepoint: 4282 ns, Total: 85823 ns
[2024-02-04T22:51:42.491+0000][7][safepoint   ] Safepoint "Cleanup", Time since last: 2000316575 ns, Reaching safepoint: 89008 ns, At safepoint: 5933 ns, Total: 94941 ns
[2024-02-04T22:51:45.492+0000][7][safepoint   ] Safepoint "Cleanup", Time since last: 3000527082 ns, Reaching safepoint: 115993 ns, At safepoint: 11232 ns, Total: 127225 ns
[2024-02-04T22:51:45.495+0000][7][gc,start    ] GC(28) Pause Young (Normal) (G1 Evacuation Pause)
[2024-02-04T22:51:45.495+0000][7][gc,task     ] GC(28) Using 8 workers of 8 for evacuation
[2024-02-04T22:51:45.495+0000][7][gc,age      ] GC(28) Desired survivor size 41943040 bytes, new threshold 15 (max threshold 15)
[2024-02-04T22:51:45.510+0000][7][gc,phases   ] GC(28)   Pre Evacuate Collection Set: 0.1ms
[2024-02-04T22:51:45.510+0000][7][gc,phases   ] GC(28)   Merge Heap Roots: 0.1ms
[2024-02-04T22:51:45.510+0000][7][gc,phases   ] GC(28)   Evacuate Collection Set: 12.9ms
[2024-02-04T22:51:45.510+0000][7][gc,phases   ] GC(28)   Post Evacuate Collection Set: 1.3ms
[2024-02-04T22:51:45.510+0000][7][gc,phases   ] GC(28)   Other: 0.1ms
[2024-02-04T22:51:45.510+0000][7][gc,age      ] GC(28) Age table with threshold 15 (max threshold 15)
[2024-02-04T22:51:45.510+0000][7][gc,age      ] GC(28) - age   1:    1812144 bytes,    1812144 total
[2024-02-04T22:51:45.510+0000][7][gc,age      ] GC(28) - age   2:     246568 bytes,    2058712 total
[2024-02-04T22:51:45.510+0000][7][gc,age      ] GC(28) - age   3:      87800 bytes,    2146512 total
[2024-02-04T22:51:45.510+0000][7][gc,age      ] GC(28) - age   4:      14064 bytes,    2160576 total
[2024-02-04T22:51:45.510+0000][7][gc,age      ] GC(28) - age   5:      17320 bytes,    2177896 total
[2024-02-04T22:51:45.510+0000][7][gc,age      ] GC(28) - age   6:      11248 bytes,    2189144 total
[2024-02-04T22:51:45.510+0000][7][gc,age      ] GC(28) - age   7:      99856 bytes,    2289000 total
[2024-02-04T22:51:45.510+0000][7][gc,age      ] GC(28) - age   8:      12168 bytes,    2301168 total
[2024-02-04T22:51:45.510+0000][7][gc,age      ] GC(28) - age   9:    1211456 bytes,    3512624 total
[2024-02-04T22:51:45.510+0000][7][gc,age      ] GC(28) - age  10:     339424 bytes,    3852048 total
[2024-02-04T22:51:45.510+0000][7][gc,age      ] GC(28) - age  11:    5089640 bytes,    8941688 total
[2024-02-04T22:51:45.510+0000][7][gc,age      ] GC(28) - age  12:        592 bytes,    8942280 total
[2024-02-04T22:51:45.510+0000][7][gc,age      ] GC(28) - age  14:      66888 bytes,    9009168 total
[2024-02-04T22:51:45.510+0000][7][gc,age      ] GC(28) - age  15:     413216 bytes,    9422384 total
[2024-02-04T22:51:45.510+0000][7][gc,heap     ] GC(28) Eden regions: 148->0(150)
[2024-02-04T22:51:45.510+0000][7][gc,heap     ] GC(28) Survivor regions: 5->3(20)
[2024-02-04T22:51:45.510+0000][7][gc,heap     ] GC(28) Old regions: 19->21
[2024-02-04T22:51:45.510+0000][7][gc,heap     ] GC(28) Archive regions: 2->2
[2024-02-04T22:51:45.510+0000][7][gc,heap     ] GC(28) Humongous regions: 0->0
[2024-02-04T22:51:45.510+0000][7][gc,metaspace] GC(28) Metaspace: 127892K(131712K)->127892K(131712K) NonClass: 110996K(113024K)->110996K(113024K) Class: 16895K(18688K)->16895K(18688K)
[2024-02-04T22:51:45.510+0000][7][gc          ] GC(28) Pause Young (Normal) (G1 Evacuation Pause) 686M->94M(1024M) 15.019ms
[2024-02-04T22:51:45.510+0000][7][gc,cpu      ] GC(28) User=0.06s Sys=0.00s Real=0.02s
[2024-02-04T22:51:45.510+0000][7][safepoint   ] Safepoint "G1CollectForAllocation", Time since last: 3102001 ns, Reaching safepoint: 80429 ns, At safepoint: 15187415 ns, Total: 15267844 ns
[2024-02-04T22:51:46.511+0000][7][safepoint   ] Safepoint "Cleanup", Time since last: 1000207978 ns, Reaching safepoint: 89562 ns, At safepoint: 11956 ns, Total: 101518 ns
[2024-02-04T22:51:48.511+0000][7][safepoint   ] Safepoint "Cleanup", Time since last: 2000369833 ns, Reaching safepoint: 84040 ns, At safepoint: 11682 ns, Total: 95722 ns
[2024-02-04T22:51:51.512+0000][7][safepoint   ] Safepoint "Cleanup", Time since last: 3000602997 ns, Reaching safepoint: 65637 ns, At safepoint: 8123 ns, Total: 73760 ns
[2024-02-04T22:51:55.513+0000][7][safepoint   ] Safepoint "Cleanup", Time since last: 4000679994 ns, Reaching safepoint: 76749 ns, At safepoint: 6102 ns, Total: 82851 ns
[2024-02-04T22:52:00.514+0000][7][safepoint   ] Safepoint "Cleanup", Time since last: 5000961526 ns, Reaching safepoint: 121362 ns, At safepoint: 15718 ns, Total: 137080 ns
[2024-02-04T22:52:04.514+0000][7][safepoint   ] Safepoint "Cleanup", Time since last: 4000656603 ns, Reaching safepoint: 127207 ns, At safepoint: 7255 ns, Total: 134462 ns
[2024-02-04T22:52:05.515+0000][7][safepoint   ] Safepoint "Cleanup", Time since last: 1000252450 ns, Reaching safepoint: 77507 ns, At safepoint: 7613 ns, Total: 85120 ns
[2024-02-04T22:52:06.515+0000][7][safepoint   ] Safepoint "Cleanup", Time since last: 1000219597 ns, Reaching safepoint: 75339 ns, At safepoint: 7419 ns, Total: 82758 ns
[2024-02-04T22:52:30.519+0000][7][safepoint   ] Safepoint "Cleanup", Time since last: 24003955058 ns, Reaching safepoint: 92172 ns, At safepoint: 6122 ns, Total: 98294 ns
[2024-02-04T22:52:31.519+0000][7][safepoint   ] Safepoint "Cleanup", Time since last: 1000265772 ns, Reaching safepoint: 71399 ns, At safepoint: 8044 ns, Total: 79443 ns
[2024-02-04T22:52:38.521+0000][7][safepoint   ] Safepoint "Cleanup", Time since last: 7001177711 ns, Reaching safepoint: 105825 ns, At safepoint: 12295 ns, Total: 118120 ns
[2024-02-04T22:52:40.521+0000][7][safepoint   ] Safepoint "Cleanup", Time since last: 2000444491 ns, Reaching safepoint: 109892 ns, At safepoint: 11932 ns, Total: 121824 ns
[2024-02-04T22:52:49.523+0000][7][safepoint   ] Safepoint "Cleanup", Time since last: 9001613086 ns, Reaching safepoint: 76076 ns, At safepoint: 12049 ns, Total: 88125 ns
[2024-02-04T22:52:57.525+0000][7][safepoint   ] Safepoint "Cleanup", Time since last: 8001383311 ns, Reaching safepoint: 55429 ns, At safepoint: 7793 ns, Total: 63222 ns
[2024-02-04T22:52:58.525+0000][7][safepoint   ] Safepoint "Cleanup", Time since last: 1000261868 ns, Reaching safepoint: 73294 ns, At safepoint: 9036 ns, Total: 82330 ns
[2024-02-04T22:53:00.525+0000][7][safepoint   ] Safepoint "Cleanup", Time since last: 2000374937 ns, Reaching safepoint: 115840 ns, At safepoint: 8803 ns, Total: 124643 ns
[2024-02-04T22:53:10.527+0000][7][safepoint   ] Safepoint "Cleanup", Time since last: 10001507337 ns, Reaching safepoint: 119108 ns, At safepoint: 10692 ns, Total: 129800 ns
[2024-02-04T22:53:12.528+0000][7][safepoint   ] Safepoint "Cleanup", Time since last: 2000445338 ns, Reaching safepoint: 99566 ns, At safepoint: 9878 ns, Total: 109444 ns
[2024-02-04T22:53:16.528+0000][7][safepoint   ] Safepoint "Cleanup", Time since last: 4000743648 ns, Reaching safepoint: 77881 ns, At safepoint: 11428 ns, Total: 89309 ns
[2024-02-04T22:53:18.529+0000][7][safepoint   ] Safepoint "Cleanup", Time since last: 2000341286 ns, Reaching safepoint: 99228 ns, At safepoint: 8813 ns, Total: 108041 ns
[2024-02-04T22:53:19.529+0000][7][safepoint   ] Safepoint "Cleanup", Time since last: 1000163614 ns, Reaching safepoint: 75482 ns, At safepoint: 10008 ns, Total: 85490 ns
[2024-02-04T22:53:34.532+0000][7][safepoint   ] Safepoint "Cleanup", Time since last: 15002723999 ns, Reaching safepoint: 74434 ns, At safepoint: 8241 ns, Total: 82675 ns
[2024-02-04T22:53:42.534+0000][7][safepoint   ] Safepoint "Cleanup", Time since last: 8001537852 ns, Reaching safepoint: 78588 ns, At safepoint: 4408 ns, Total: 82996 ns
[2024-02-04T22:53:43.534+0000][7][safepoint   ] Safepoint "Cleanup", Time since last: 1000237751 ns, Reaching safepoint: 107002 ns, At safepoint: 8481 ns, Total: 115483 ns
[2024-02-04T22:53:45.534+0000][7][safepoint   ] Safepoint "Cleanup", Time since last: 2000477670 ns, Reaching safepoint: 96727 ns, At safepoint: 6289 ns, Total: 103016 ns
[2024-02-04T22:53:48.535+0000][7][safepoint   ] Safepoint "Cleanup", Time since last: 3000657025 ns, Reaching safepoint: 96242 ns, At safepoint: 7785 ns, Total: 104027 ns
[2024-02-04T22:53:49.536+0000][7][safepoint   ] Safepoint "Cleanup", Time since last: 1000246455 ns, Reaching safepoint: 92509 ns, At safepoint: 12755 ns, Total: 105264 ns
[2024-02-04T22:53:50.536+0000][7][safepoint   ] Safepoint "Cleanup", Time since last: 1000281292 ns, Reaching safepoint: 77245 ns, At safepoint: 11122 ns, Total: 88367 ns
[2024-02-04T22:53:51.536+0000][7][safepoint   ] Safepoint "Cleanup", Time since last: 1000257592 ns, Reaching safepoint: 79333 ns, At safepoint: 11270 ns, Total: 90603 ns
[2024-02-04T22:53:52.537+0000][7][safepoint   ] Safepoint "Cleanup", Time since last: 1000262660 ns, Reaching safepoint: 78679 ns, At safepoint: 12708 ns, Total: 91387 ns
[2024-02-04T22:53:54.537+0000][7][safepoint   ] Safepoint "Cleanup", Time since last: 2000480561 ns, Reaching safepoint: 109060 ns, At safepoint: 7407 ns, Total: 116467 ns
[2024-02-04T22:53:55.538+0000][7][safepoint   ] Safepoint "Cleanup", Time since last: 1000260056 ns, Reaching safepoint: 83031 ns, At safepoint: 8208 ns, Total: 91239 ns
[2024-02-04T22:54:00.539+0000][7][safepoint   ] Safepoint "Cleanup", Time since last: 5000951048 ns, Reaching safepoint: 61895 ns, At safepoint: 3501 ns, Total: 65396 ns
[2024-02-04T22:54:04.540+0000][7][safepoint   ] Safepoint "Cleanup", Time since last: 4000807575 ns, Reaching safepoint: 127730 ns, At safepoint: 7156 ns, Total: 134886 ns
[2024-02-04T22:54:16.541+0000][7][safepoint   ] Safepoint "Cleanup", Time since last: 12001608393 ns, Reaching safepoint: 52048 ns, At safepoint: 5037 ns, Total: 57085 ns
[2024-02-04T22:54:18.542+0000][7][safepoint   ] Safepoint "Cleanup", Time since last: 2000331125 ns, Reaching safepoint: 85059 ns, At safepoint: 7897 ns, Total: 92956 ns
[2024-02-04T22:54:22.542+0000][7][safepoint   ] Safepoint "Cleanup", Time since last: 4000339340 ns, Reaching safepoint: 64419 ns, At safepoint: 5834 ns, Total: 70253 ns
[2024-02-04T22:54:23.542+0000][7][safepoint   ] Safepoint "Cleanup", Time since last: 1000144972 ns, Reaching safepoint: 59410 ns, At safepoint: 6472 ns, Total: 65882 ns
[2024-02-04T22:54:31.543+0000][7][safepoint   ] Safepoint "Cleanup", Time since last: 8000873288 ns, Reaching safepoint: 172189 ns, At safepoint: 9093 ns, Total: 181282 ns
[2024-02-04T22:54:33.503+0000][7][gc,start    ] GC(29) Pause Young (Normal) (G1 Evacuation Pause)
[2024-02-04T22:54:33.504+0000][7][gc,task     ] GC(29) Using 8 workers of 8 for evacuation
[2024-02-04T22:54:33.504+0000][7][gc,age      ] GC(29) Desired survivor size 41943040 bytes, new threshold 15 (max threshold 15)
[2024-02-04T22:54:33.514+0000][7][gc,phases   ] GC(29)   Pre Evacuate Collection Set: 0.1ms
[2024-02-04T22:54:33.514+0000][7][gc,phases   ] GC(29)   Merge Heap Roots: 0.1ms
[2024-02-04T22:54:33.514+0000][7][gc,phases   ] GC(29)   Evacuate Collection Set: 9.3ms
[2024-02-04T22:54:33.514+0000][7][gc,phases   ] GC(29)   Post Evacuate Collection Set: 1.1ms
[2024-02-04T22:54:33.514+0000][7][gc,phases   ] GC(29)   Other: 0.1ms
[2024-02-04T22:54:33.514+0000][7][gc,age      ] GC(29) Age table with threshold 15 (max threshold 15)
[2024-02-04T22:54:33.514+0000][7][gc,age      ] GC(29) - age   1:    1092656 bytes,    1092656 total
[2024-02-04T22:54:33.514+0000][7][gc,age      ] GC(29) - age   2:     947472 bytes,    2040128 total
[2024-02-04T22:54:33.514+0000][7][gc,age      ] GC(29) - age   3:     245352 bytes,    2285480 total
[2024-02-04T22:54:33.514+0000][7][gc,age      ] GC(29) - age   4:      87800 bytes,    2373280 total
[2024-02-04T22:54:33.514+0000][7][gc,age      ] GC(29) - age   5:      10176 bytes,    2383456 total
[2024-02-04T22:54:33.514+0000][7][gc,age      ] GC(29) - age   6:      16840 bytes,    2400296 total
[2024-02-04T22:54:33.514+0000][7][gc,age      ] GC(29) - age   7:      11248 bytes,    2411544 total
[2024-02-04T22:54:33.514+0000][7][gc,age      ] GC(29) - age   8:      99824 bytes,    2511368 total
[2024-02-04T22:54:33.514+0000][7][gc,age      ] GC(29) - age   9:      12104 bytes,    2523472 total
[2024-02-04T22:54:33.514+0000][7][gc,age      ] GC(29) - age  10:    1211328 bytes,    3734800 total
[2024-02-04T22:54:33.514+0000][7][gc,age      ] GC(29) - age  11:     339424 bytes,    4074224 total
[2024-02-04T22:54:33.514+0000][7][gc,age      ] GC(29) - age  12:    5089640 bytes,    9163864 total
[2024-02-04T22:54:33.514+0000][7][gc,age      ] GC(29) - age  13:        592 bytes,    9164456 total
[2024-02-04T22:54:33.514+0000][7][gc,age      ] GC(29) - age  15:      66888 bytes,    9231344 total
[2024-02-04T22:54:33.514+0000][7][gc,heap     ] GC(29) Eden regions: 150->0(150)
[2024-02-04T22:54:33.514+0000][7][gc,heap     ] GC(29) Survivor regions: 3->3(20)
[2024-02-04T22:54:33.514+0000][7][gc,heap     ] GC(29) Old regions: 21->21
[2024-02-04T22:54:33.514+0000][7][gc,heap     ] GC(29) Archive regions: 2->2
[2024-02-04T22:54:33.514+0000][7][gc,heap     ] GC(29) Humongous regions: 0->0
[2024-02-04T22:54:33.514+0000][7][gc,metaspace] GC(29) Metaspace: 127912K(131712K)->127912K(131712K) NonClass: 111016K(113024K)->111016K(113024K) Class: 16896K(18688K)->16896K(18688K)
[2024-02-04T22:54:33.514+0000][7][gc          ] GC(29) Pause Young (Normal) (G1 Evacuation Pause) 694M->94M(1024M) 10.968ms
[2024-02-04T22:54:33.514+0000][7][gc,cpu      ] GC(29) User=0.06s Sys=0.00s Real=0.01s
[2024-02-04T22:54:33.514+0000][7][safepoint   ] Safepoint "G1CollectForAllocation", Time since last: 1960095231 ns, Reaching safepoint: 37011 ns, At safepoint: 11073724 ns, Total: 11110735 ns
[2024-02-04T22:54:36.515+0000][7][safepoint   ] Safepoint "Cleanup", Time since last: 3000240771 ns, Reaching safepoint: 85242 ns, At safepoint: 4646 ns, Total: 89888 ns
[2024-02-04T22:54:37.515+0000][7][safepoint   ] Safepoint "Cleanup", Time since last: 1000149860 ns, Reaching safepoint: 74213 ns, At safepoint: 7734 ns, Total: 81947 ns
[2024-02-04T22:54:38.515+0000][7][safepoint   ] Safepoint "Cleanup", Time since last: 1000147491 ns, Reaching safepoint: 60126 ns, At safepoint: 8395 ns, Total: 68521 ns
[2024-02-04T22:54:40.516+0000][7][safepoint   ] Safepoint "Cleanup", Time since last: 2000267372 ns, Reaching safepoint: 65932 ns, At safepoint: 6306 ns, Total: 72238 ns
[2024-02-04T22:54:42.516+0000][7][safepoint   ] Safepoint "Cleanup", Time since last: 2000265594 ns, Reaching safepoint: 137751 ns, At safepoint: 7346 ns, Total: 145097 ns
[2024-02-04T22:54:43.516+0000][7][safepoint   ] Safepoint "Cleanup", Time since last: 1000249943 ns, Reaching safepoint: 75090 ns, At safepoint: 8114 ns, Total: 83204 ns
[2024-02-04T22:54:46.517+0000][7][safepoint   ] Safepoint "Cleanup", Time since last: 3000325014 ns, Reaching safepoint: 82680 ns, At safepoint: 6363 ns, Total: 89043 ns
[2024-02-04T22:54:49.517+0000][7][safepoint   ] Safepoint "Cleanup", Time since last: 3000393699 ns, Reaching safepoint: 67791 ns, At safepoint: 10049 ns, Total: 77840 ns
[2024-02-04T22:54:50.518+0000][7][safepoint   ] Safepoint "Cleanup", Time since last: 1000196025 ns, Reaching safepoint: 63819 ns, At safepoint: 7362 ns, Total: 71181 ns
[2024-02-04T22:54:51.518+0000][7][safepoint   ] Safepoint "Cleanup", Time since last: 1000123584 ns, Reaching safepoint: 61877 ns, At safepoint: 5481 ns, Total: 67358 ns
[2024-02-04T22:54:54.518+0000][7][safepoint   ] Safepoint "Cleanup", Time since last: 3000393425 ns, Reaching safepoint: 71569 ns, At safepoint: 10344 ns, Total: 81913 ns
[2024-02-04T22:54:55.803+0000][7][safepoint   ] Safepoint "Cleanup", Time since last: 1284662391 ns, Reaching safepoint: 134509 ns, At safepoint: 10731 ns, Total: 145240 ns
[2024-02-04T22:54:57.803+0000][7][safepoint   ] Safepoint "Cleanup", Time since last: 2000326738 ns, Reaching safepoint: 71339 ns, At safepoint: 6400 ns, Total: 77739 ns
[2024-02-04T22:54:58.804+0000][7][safepoint   ] Safepoint "Cleanup", Time since last: 1000154579 ns, Reaching safepoint: 73134 ns, At safepoint: 8732 ns, Total: 81866 ns
[2024-02-04T22:55:00.804+0000][7][safepoint   ] Safepoint "Cleanup", Time since last: 2000379796 ns, Reaching safepoint: 81006 ns, At safepoint: 7937 ns, Total: 88943 ns
[2024-02-04T22:55:03.804+0000][7][safepoint   ] Safepoint "Cleanup", Time since last: 3000266343 ns, Reaching safepoint: 72288 ns, At safepoint: 3601 ns, Total: 75889 ns
[2024-02-04T22:55:06.805+0000][7][safepoint   ] Safepoint "Cleanup", Time since last: 3000381241 ns, Reaching safepoint: 111685 ns, At safepoint: 7051 ns, Total: 118736 ns
[2024-02-04T22:55:18.806+0000][7][safepoint   ] Safepoint "Cleanup", Time since last: 12001098453 ns, Reaching safepoint: 65162 ns, At safepoint: 9046 ns, Total: 74208 ns
[2024-02-04T22:55:20.806+0000][7][safepoint   ] Safepoint "Cleanup", Time since last: 2000241694 ns, Reaching safepoint: 64332 ns, At safepoint: 6426 ns, Total: 70758 ns
[2024-02-04T22:55:21.807+0000][7][safepoint   ] Safepoint "Cleanup", Time since last: 1000143691 ns, Reaching safepoint: 57957 ns, At safepoint: 8087 ns, Total: 66044 ns
[2024-02-04T22:55:22.807+0000][7][safepoint   ] Safepoint "Cleanup", Time since last: 1000143237 ns, Reaching safepoint: 52565 ns, At safepoint: 5608 ns, Total: 58173 ns
[2024-02-04T22:55:24.807+0000][7][safepoint   ] Safepoint "Cleanup", Time since last: 2000226395 ns, Reaching safepoint: 93084 ns, At safepoint: 5821 ns, Total: 98905 ns
[2024-02-04T22:55:27.808+0000][7][safepoint   ] Safepoint "Cleanup", Time since last: 3000430886 ns, Reaching safepoint: 69509 ns, At safepoint: 8321 ns, Total: 77830 ns
[2024-02-04T22:55:34.809+0000][7][safepoint   ] Safepoint "Cleanup", Time since last: 7001169106 ns, Reaching safepoint: 72599 ns, At safepoint: 14505 ns, Total: 87104 ns
[2024-02-04T22:55:48.810+0000][7][safepoint   ] Safepoint "Cleanup", Time since last: 14001193879 ns, Reaching safepoint: 87172 ns, At safepoint: 9875 ns, Total: 97047 ns
[2024-02-04T22:55:54.811+0000][7][safepoint   ] Safepoint "Cleanup", Time since last: 6000512565 ns, Reaching safepoint: 70423 ns, At safepoint: 6561 ns, Total: 76984 ns
[2024-02-04T22:56:00.812+0000][7][safepoint   ] Safepoint "Cleanup", Time since last: 6000811804 ns, Reaching safepoint: 69876 ns, At safepoint: 11322 ns, Total: 81198 ns
[2024-02-04T22:56:10.813+0000][7][safepoint   ] Safepoint "Cleanup", Time since last: 10000952372 ns, Reaching safepoint: 257318 ns, At safepoint: 6962 ns, Total: 264280 ns
[2024-02-04T22:56:18.814+0000][7][safepoint   ] Safepoint "Cleanup", Time since last: 8000908358 ns, Reaching safepoint: 109194 ns, At safepoint: 8439 ns, Total: 117633 ns
[2024-02-04T22:56:19.814+0000][7][safepoint   ] Safepoint "Cleanup", Time since last: 1000146999 ns, Reaching safepoint: 68987 ns, At safepoint: 7226 ns, Total: 76213 ns
[2024-02-04T22:56:24.815+0000][7][safepoint   ] Safepoint "Cleanup", Time since last: 5000503018 ns, Reaching safepoint: 97268 ns, At safepoint: 11402 ns, Total: 108670 ns
[2024-02-04T22:56:30.816+0000][7][safepoint   ] Safepoint "Cleanup", Time since last: 6000716747 ns, Reaching safepoint: 72530 ns, At safepoint: 8362 ns, Total: 80892 ns
[2024-02-04T22:56:50.818+0000][7][safepoint   ] Safepoint "Cleanup", Time since last: 20002442570 ns, Reaching safepoint: 59347 ns, At safepoint: 8105 ns, Total: 67452 ns
[2024-02-04T22:56:51.818+0000][7][safepoint   ] Safepoint "Cleanup", Time since last: 1000187130 ns, Reaching safepoint: 62968 ns, At safepoint: 5580 ns, Total: 68548 ns
[2024-02-04T22:56:54.819+0000][7][safepoint   ] Safepoint "Cleanup", Time since last: 3000317194 ns, Reaching safepoint: 100439 ns, At safepoint: 8617 ns, Total: 109056 ns
[2024-02-04T22:57:00.819+0000][7][safepoint   ] Safepoint "Cleanup", Time since last: 6000561796 ns, Reaching safepoint: 100248 ns, At safepoint: 8065 ns, Total: 108313 ns
[2024-02-04T22:57:03.820+0000][7][safepoint   ] Safepoint "Cleanup", Time since last: 3000396773 ns, Reaching safepoint: 55092 ns, At safepoint: 6077 ns, Total: 61169 ns
[2024-02-04T22:57:19.400+0000][7][gc,start    ] GC(30) Pause Young (Normal) (G1 Evacuation Pause)
[2024-02-04T22:57:19.400+0000][7][gc,task     ] GC(30) Using 8 workers of 8 for evacuation
[2024-02-04T22:57:19.400+0000][7][gc,age      ] GC(30) Desired survivor size 41943040 bytes, new threshold 15 (max threshold 15)
[2024-02-04T22:57:19.409+0000][7][gc,phases   ] GC(30)   Pre Evacuate Collection Set: 0.1ms
[2024-02-04T22:57:19.409+0000][7][gc,phases   ] GC(30)   Merge Heap Roots: 0.1ms
[2024-02-04T22:57:19.409+0000][7][gc,phases   ] GC(30)   Evacuate Collection Set: 7.1ms
[2024-02-04T22:57:19.409+0000][7][gc,phases   ] GC(30)   Post Evacuate Collection Set: 0.9ms
[2024-02-04T22:57:19.409+0000][7][gc,phases   ] GC(30)   Other: 0.1ms
[2024-02-04T22:57:19.409+0000][7][gc,age      ] GC(30) Age table with threshold 15 (max threshold 15)
[2024-02-04T22:57:19.409+0000][7][gc,age      ] GC(30) - age   1:    2079504 bytes,    2079504 total
[2024-02-04T22:57:19.409+0000][7][gc,age      ] GC(30) - age   2:      27968 bytes,    2107472 total
[2024-02-04T22:57:19.409+0000][7][gc,age      ] GC(30) - age   3:     598112 bytes,    2705584 total
[2024-02-04T22:57:19.409+0000][7][gc,age      ] GC(30) - age   4:     245288 bytes,    2950872 total
[2024-02-04T22:57:19.409+0000][7][gc,age      ] GC(30) - age   5:      87656 bytes,    3038528 total
[2024-02-04T22:57:19.409+0000][7][gc,age      ] GC(30) - age   6:      10176 bytes,    3048704 total
[2024-02-04T22:57:19.409+0000][7][gc,age      ] GC(30) - age   7:      16808 bytes,    3065512 total
[2024-02-04T22:57:19.409+0000][7][gc,age      ] GC(30) - age   8:      11248 bytes,    3076760 total
[2024-02-04T22:57:19.409+0000][7][gc,age      ] GC(30) - age   9:      86240 bytes,    3163000 total
[2024-02-04T22:57:19.409+0000][7][gc,age      ] GC(30) - age  10:      12040 bytes,    3175040 total
[2024-02-04T22:57:19.409+0000][7][gc,age      ] GC(30) - age  11:    1192728 bytes,    4367768 total
[2024-02-04T22:57:19.409+0000][7][gc,age      ] GC(30) - age  12:     339424 bytes,    4707192 total
[2024-02-04T22:57:19.409+0000][7][gc,age      ] GC(30) - age  13:    5089456 bytes,    9796648 total
[2024-02-04T22:57:19.409+0000][7][gc,age      ] GC(30) - age  14:        592 bytes,    9797240 total
[2024-02-04T22:57:19.409+0000][7][gc,heap     ] GC(30) Eden regions: 150->0(150)
[2024-02-04T22:57:19.409+0000][7][gc,heap     ] GC(30) Survivor regions: 3->3(20)
[2024-02-04T22:57:19.409+0000][7][gc,heap     ] GC(30) Old regions: 21->21
[2024-02-04T22:57:19.409+0000][7][gc,heap     ] GC(30) Archive regions: 2->2
[2024-02-04T22:57:19.409+0000][7][gc,heap     ] GC(30) Humongous regions: 0->0
[2024-02-04T22:57:19.409+0000][7][gc,metaspace] GC(30) Metaspace: 127953K(131776K)->127953K(131776K) NonClass: 111057K(113088K)->111057K(113088K) Class: 16896K(18688K)->16896K(18688K)
[2024-02-04T22:57:19.409+0000][7][gc          ] GC(30) Pause Young (Normal) (G1 Evacuation Pause) 694M->95M(1024M) 8.651ms
[2024-02-04T22:57:19.409+0000][7][gc,cpu      ] GC(30) User=0.05s Sys=0.00s Real=0.01s
[2024-02-04T22:57:19.409+0000][7][safepoint   ] Safepoint "G1CollectForAllocation", Time since last: 15580363740 ns, Reaching safepoint: 64217 ns, At safepoint: 8775936 ns, Total: 8840153 ns
[2024-02-04T22:57:40.411+0000][7][safepoint   ] Safepoint "Cleanup", Time since last: 21001872023 ns, Reaching safepoint: 102173 ns, At safepoint: 23688 ns, Total: 125861 ns
[2024-02-04T22:58:00.414+0000][7][safepoint   ] Safepoint "Cleanup", Time since last: 20002393470 ns, Reaching safepoint: 91156 ns, At safepoint: 7329 ns, Total: 98485 ns
[2024-02-04T22:58:19.416+0000][7][safepoint   ] Safepoint "Cleanup", Time since last: 19001909168 ns, Reaching safepoint: 79231 ns, At safepoint: 8201 ns, Total: 87432 ns
[2024-02-04T22:58:22.416+0000][7][safepoint   ] Safepoint "Cleanup", Time since last: 3000281065 ns, Reaching safepoint: 76166 ns, At safepoint: 8155 ns, Total: 84321 ns
[2024-02-04T22:58:33.417+0000][7][safepoint   ] Safepoint "Cleanup", Time since last: 11000926645 ns, Reaching safepoint: 112668 ns, At safepoint: 10695 ns, Total: 123363 ns
[2024-02-04T22:58:40.418+0000][7][safepoint   ] Safepoint "Cleanup", Time since last: 7000664059 ns, Reaching safepoint: 100588 ns, At safepoint: 7950 ns, Total: 108538 ns
[2024-02-04T22:58:41.418+0000][7][safepoint   ] Safepoint "Cleanup", Time since last: 1000138711 ns, Reaching safepoint: 72473 ns, At safepoint: 8761 ns, Total: 81234 ns
[2024-02-04T22:58:43.418+0000][7][safepoint   ] Safepoint "Cleanup", Time since last: 2000254109 ns, Reaching safepoint: 76741 ns, At safepoint: 9128 ns, Total: 85869 ns
[2024-02-04T22:58:44.419+0000][7][safepoint   ] Safepoint "Cleanup", Time since last: 1000154673 ns, Reaching safepoint: 57305 ns, At safepoint: 5221 ns, Total: 62526 ns
[2024-02-04T22:58:49.419+0000][7][safepoint   ] Safepoint "Cleanup", Time since last: 5000523101 ns, Reaching safepoint: 69127 ns, At safepoint: 14402 ns, Total: 83529 ns
[2024-02-04T22:58:55.420+0000][7][safepoint   ] Safepoint "Cleanup", Time since last: 6000620732 ns, Reaching safepoint: 62249 ns, At safepoint: 5374 ns, Total: 67623 ns
[2024-02-04T22:59:11.422+0000][7][safepoint   ] Safepoint "Cleanup", Time since last: 16001955488 ns, Reaching safepoint: 108247 ns, At safepoint: 11487 ns, Total: 119734 ns
[2024-02-04T22:59:13.422+0000][7][safepoint   ] Safepoint "Cleanup", Time since last: 2000288396 ns, Reaching safepoint: 167902 ns, At safepoint: 8643 ns, Total: 176545 ns
[2024-02-04T22:59:58.427+0000][7][safepoint   ] Safepoint "Cleanup", Time since last: 45004064292 ns, Reaching safepoint: 84989 ns, At safepoint: 6014 ns, Total: 91003 ns
[2024-02-04T23:00:00.427+0000][7][safepoint   ] Safepoint "Cleanup", Time since last: 2000218997 ns, Reaching safepoint: 60011 ns, At safepoint: 4128 ns, Total: 64139 ns
[2024-02-04T23:00:04.427+0000][7][safepoint   ] Safepoint "Cleanup", Time since last: 4000504817 ns, Reaching safepoint: 87134 ns, At safepoint: 5691 ns, Total: 92825 ns
[2024-02-04T23:00:07.428+0000][7][safepoint   ] Safepoint "Cleanup", Time since last: 3000467630 ns, Reaching safepoint: 65133 ns, At safepoint: 6875 ns, Total: 72008 ns
[2024-02-04T23:00:19.429+0000][7][safepoint   ] Safepoint "Cleanup", Time since last: 12001361957 ns, Reaching safepoint: 95087 ns, At safepoint: 6983 ns, Total: 102070 ns
[2024-02-04T23:00:21.482+0000][7][gc,start    ] GC(31) Pause Young (Normal) (G1 Evacuation Pause)
[2024-02-04T23:00:21.482+0000][7][gc,task     ] GC(31) Using 8 workers of 8 for evacuation
[2024-02-04T23:00:21.482+0000][7][gc,age      ] GC(31) Desired survivor size 41943040 bytes, new threshold 15 (max threshold 15)
[2024-02-04T23:00:21.492+0000][7][gc,phases   ] GC(31)   Pre Evacuate Collection Set: 0.2ms
[2024-02-04T23:00:21.492+0000][7][gc,phases   ] GC(31)   Merge Heap Roots: 0.1ms
[2024-02-04T23:00:21.492+0000][7][gc,phases   ] GC(31)   Evacuate Collection Set: 8.6ms
[2024-02-04T23:00:21.492+0000][7][gc,phases   ] GC(31)   Post Evacuate Collection Set: 1.1ms
[2024-02-04T23:00:21.492+0000][7][gc,phases   ] GC(31)   Other: 0.1ms
[2024-02-04T23:00:21.492+0000][7][gc,age      ] GC(31) Age table with threshold 15 (max threshold 15)
[2024-02-04T23:00:21.492+0000][7][gc,age      ] GC(31) - age   1:    1134752 bytes,    1134752 total
[2024-02-04T23:00:21.492+0000][7][gc,age      ] GC(31) - age   2:     199808 bytes,    1334560 total
[2024-02-04T23:00:21.492+0000][7][gc,age      ] GC(31) - age   3:      26624 bytes,    1361184 total
[2024-02-04T23:00:21.492+0000][7][gc,age      ] GC(31) - age   4:     597784 bytes,    1958968 total
[2024-02-04T23:00:21.492+0000][7][gc,age      ] GC(31) - age   5:     245288 bytes,    2204256 total
[2024-02-04T23:00:21.492+0000][7][gc,age      ] GC(31) - age   6:      87448 bytes,    2291704 total
[2024-02-04T23:00:21.492+0000][7][gc,age      ] GC(31) - age   7:      10176 bytes,    2301880 total
[2024-02-04T23:00:21.492+0000][7][gc,age      ] GC(31) - age   8:      16808 bytes,    2318688 total
[2024-02-04T23:00:21.492+0000][7][gc,age      ] GC(31) - age   9:      11248 bytes,    2329936 total
[2024-02-04T23:00:21.492+0000][7][gc,age      ] GC(31) - age  10:      86240 bytes,    2416176 total
[2024-02-04T23:00:21.492+0000][7][gc,age      ] GC(31) - age  11:      12040 bytes,    2428216 total
[2024-02-04T23:00:21.492+0000][7][gc,age      ] GC(31) - age  12:    1192728 bytes,    3620944 total
[2024-02-04T23:00:21.492+0000][7][gc,age      ] GC(31) - age  13:     339424 bytes,    3960368 total
[2024-02-04T23:00:21.492+0000][7][gc,age      ] GC(31) - age  14:    5089456 bytes,    9049824 total
[2024-02-04T23:00:21.492+0000][7][gc,age      ] GC(31) - age  15:        592 bytes,    9050416 total
[2024-02-04T23:00:21.492+0000][7][gc,heap     ] GC(31) Eden regions: 150->0(150)
[2024-02-04T23:00:21.492+0000][7][gc,heap     ] GC(31) Survivor regions: 3->3(20)
[2024-02-04T23:00:21.492+0000][7][gc,heap     ] GC(31) Old regions: 21->21
[2024-02-04T23:00:21.492+0000][7][gc,heap     ] GC(31) Archive regions: 2->2
[2024-02-04T23:00:21.492+0000][7][gc,heap     ] GC(31) Humongous regions: 0->0
[2024-02-04T23:00:21.492+0000][7][gc,metaspace] GC(31) Metaspace: 127979K(131776K)->127979K(131776K) NonClass: 111083K(113088K)->111083K(113088K) Class: 16896K(18688K)->16896K(18688K)
[2024-02-04T23:00:21.492+0000][7][gc          ] GC(31) Pause Young (Normal) (G1 Evacuation Pause) 695M->94M(1024M) 10.488ms
[2024-02-04T23:00:21.492+0000][7][gc,cpu      ] GC(31) User=0.05s Sys=0.01s Real=0.01s
[2024-02-04T23:00:21.492+0000][7][safepoint   ] Safepoint "G1CollectForAllocation", Time since last: 2052010951 ns, Reaching safepoint: 70759 ns, At safepoint: 10597354 ns, Total: 10668113 ns
[2024-02-04T23:00:23.493+0000][7][safepoint   ] Safepoint "Cleanup", Time since last: 2000431487 ns, Reaching safepoint: 101580 ns, At safepoint: 10438 ns, Total: 112018 ns
[2024-02-04T23:00:25.493+0000][7][safepoint   ] Safepoint "Cleanup", Time since last: 2000204179 ns, Reaching safepoint: 97479 ns, At safepoint: 19600 ns, Total: 117079 ns
[2024-02-04T23:00:36.494+0000][7][safepoint   ] Safepoint "Cleanup", Time since last: 11000812380 ns, Reaching safepoint: 37175 ns, At safepoint: 4020 ns, Total: 41195 ns
[2024-02-04T23:00:43.495+0000][7][safepoint   ] Safepoint "Cleanup", Time since last: 7000585860 ns, Reaching safepoint: 97442 ns, At safepoint: 7338 ns, Total: 104780 ns
[2024-02-04T23:00:49.495+0000][7][safepoint   ] Safepoint "Cleanup", Time since last: 6000568195 ns, Reaching safepoint: 119854 ns, At safepoint: 20232 ns, Total: 140086 ns
[2024-02-04T23:00:55.496+0000][7][safepoint   ] Safepoint "Cleanup", Time since last: 6000565138 ns, Reaching safepoint: 100629 ns, At safepoint: 6941 ns, Total: 107570 ns
[2024-02-04T23:01:01.497+0000][7][safepoint   ] Safepoint "Cleanup", Time since last: 6000780906 ns, Reaching safepoint: 81620 ns, At safepoint: 8072 ns, Total: 89692 ns
[2024-02-04T23:01:07.498+0000][7][safepoint   ] Safepoint "Cleanup", Time since last: 6000762728 ns, Reaching safepoint: 122010 ns, At safepoint: 9266 ns, Total: 131276 ns
[2024-02-04T23:01:19.499+0000][7][safepoint   ] Safepoint "Cleanup", Time since last: 12001409732 ns, Reaching safepoint: 74838 ns, At safepoint: 9895 ns, Total: 84733 ns
[2024-02-04T23:01:25.500+0000][7][safepoint   ] Safepoint "Cleanup", Time since last: 6000956838 ns, Reaching safepoint: 83235 ns, At safepoint: 7523 ns, Total: 90758 ns
[2024-02-04T23:01:44.502+0000][7][safepoint   ] Safepoint "Cleanup", Time since last: 19001707238 ns, Reaching safepoint: 123566 ns, At safepoint: 6758 ns, Total: 130324 ns
[2024-02-04T23:01:49.503+0000][7][safepoint   ] Safepoint "Cleanup", Time since last: 5000489877 ns, Reaching safepoint: 72035 ns, At safepoint: 9216 ns, Total: 81251 ns
[2024-02-04T23:01:52.503+0000][7][safepoint   ] Safepoint "Cleanup", Time since last: 3000297973 ns, Reaching safepoint: 74876 ns, At safepoint: 6668 ns, Total: 81544 ns
[2024-02-04T23:01:53.503+0000][7][safepoint   ] Safepoint "Cleanup", Time since last: 1000122552 ns, Reaching safepoint: 57565 ns, At safepoint: 5594 ns, Total: 63159 ns
[2024-02-04T23:01:54.504+0000][7][safepoint   ] Safepoint "Cleanup", Time since last: 1000146633 ns, Reaching safepoint: 148320 ns, At safepoint: 32833 ns, Total: 181153 ns
[2024-02-04T23:01:55.504+0000][7][safepoint   ] Safepoint "Cleanup", Time since last: 1000140454 ns, Reaching safepoint: 66827 ns, At safepoint: 6750 ns, Total: 73577 ns
[2024-02-04T23:01:57.504+0000][7][safepoint   ] Safepoint "Cleanup", Time since last: 2000216028 ns, Reaching safepoint: 137316 ns, At safepoint: 12708 ns, Total: 150024 ns
[2024-02-04T23:01:58.504+0000][7][safepoint   ] Safepoint "Cleanup", Time since last: 1000252810 ns, Reaching safepoint: 86578 ns, At safepoint: 8352 ns, Total: 94930 ns
[2024-02-04T23:02:00.505+0000][7][safepoint   ] Safepoint "Cleanup", Time since last: 2000420242 ns, Reaching safepoint: 156363 ns, At safepoint: 6707 ns, Total: 163070 ns
[2024-02-04T23:02:01.505+0000][7][safepoint   ] Safepoint "Cleanup", Time since last: 1000240944 ns, Reaching safepoint: 72856 ns, At safepoint: 7305 ns, Total: 80161 ns
[2024-02-04T23:02:13.507+0000][7][safepoint   ] Safepoint "Cleanup", Time since last: 12001452010 ns, Reaching safepoint: 123813 ns, At safepoint: 12350 ns, Total: 136163 ns
[2024-02-04T23:02:18.508+0000][7][safepoint   ] Safepoint "Cleanup", Time since last: 5000768755 ns, Reaching safepoint: 101160 ns, At safepoint: 8714 ns, Total: 109874 ns
[2024-02-04T23:02:51.512+0000][7][safepoint   ] Safepoint "Cleanup", Time since last: 33003868214 ns, Reaching safepoint: 65538 ns, At safepoint: 3921 ns, Total: 69459 ns
[2024-02-04T23:02:55.512+0000][7][safepoint   ] Safepoint "Cleanup", Time since last: 4000356399 ns, Reaching safepoint: 100650 ns, At safepoint: 8543 ns, Total: 109193 ns
[2024-02-04T23:03:00.513+0000][7][safepoint   ] Safepoint "Cleanup", Time since last: 5000695496 ns, Reaching safepoint: 56589 ns, At safepoint: 9940 ns, Total: 66529 ns
[2024-02-04T23:03:03.513+0000][7][safepoint   ] Safepoint "Cleanup", Time since last: 3000319629 ns, Reaching safepoint: 52482 ns, At safepoint: 4650 ns, Total: 57132 ns
[2024-02-04T23:03:06.514+0000][7][safepoint   ] Safepoint "Cleanup", Time since last: 3000339849 ns, Reaching safepoint: 50202 ns, At safepoint: 4913 ns, Total: 55115 ns
[2024-02-04T23:03:19.515+0000][7][safepoint   ] Safepoint "Cleanup", Time since last: 13001417385 ns, Reaching safepoint: 54189 ns, At safepoint: 4930 ns, Total: 59119 ns
[2024-02-04T23:03:49.519+0000][7][safepoint   ] Safepoint "Cleanup", Time since last: 30003461765 ns, Reaching safepoint: 72029 ns, At safepoint: 10342 ns, Total: 82371 ns
[2024-02-04T23:03:55.227+0000][7][gc,start    ] GC(32) Pause Young (Normal) (G1 Evacuation Pause)
[2024-02-04T23:03:55.227+0000][7][gc,task     ] GC(32) Using 8 workers of 8 for evacuation
[2024-02-04T23:03:55.227+0000][7][gc,age      ] GC(32) Desired survivor size 41943040 bytes, new threshold 15 (max threshold 15)
[2024-02-04T23:03:55.237+0000][7][gc,phases   ] GC(32)   Pre Evacuate Collection Set: 0.1ms
[2024-02-04T23:03:55.237+0000][7][gc,phases   ] GC(32)   Merge Heap Roots: 0.1ms
[2024-02-04T23:03:55.237+0000][7][gc,phases   ] GC(32)   Evacuate Collection Set: 8.0ms
[2024-02-04T23:03:55.237+0000][7][gc,phases   ] GC(32)   Post Evacuate Collection Set: 1.0ms
[2024-02-04T23:03:55.237+0000][7][gc,phases   ] GC(32)   Other: 0.1ms
[2024-02-04T23:03:55.237+0000][7][gc,age      ] GC(32) Age table with threshold 15 (max threshold 15)
[2024-02-04T23:03:55.237+0000][7][gc,age      ] GC(32) - age   1:    1668840 bytes,    1668840 total
[2024-02-04T23:03:55.237+0000][7][gc,age      ] GC(32) - age   2:     109656 bytes,    1778496 total
[2024-02-04T23:03:55.237+0000][7][gc,age      ] GC(32) - age   3:     197728 bytes,    1976224 total
[2024-02-04T23:03:55.237+0000][7][gc,age      ] GC(32) - age   4:      22440 bytes,    1998664 total
[2024-02-04T23:03:55.237+0000][7][gc,age      ] GC(32) - age   5:     597784 bytes,    2596448 total
[2024-02-04T23:03:55.237+0000][7][gc,age      ] GC(32) - age   6:     245288 bytes,    2841736 total
[2024-02-04T23:03:55.237+0000][7][gc,age      ] GC(32) - age   7:      46376 bytes,    2888112 total
[2024-02-04T23:03:55.237+0000][7][gc,age      ] GC(32) - age   8:      10144 bytes,    2898256 total
[2024-02-04T23:03:55.237+0000][7][gc,age      ] GC(32) - age   9:      16808 bytes,    2915064 total
[2024-02-04T23:03:55.237+0000][7][gc,age      ] GC(32) - age  10:      11248 bytes,    2926312 total
[2024-02-04T23:03:55.237+0000][7][gc,age      ] GC(32) - age  11:      86240 bytes,    3012552 total
[2024-02-04T23:03:55.237+0000][7][gc,age      ] GC(32) - age  12:      12040 bytes,    3024592 total
[2024-02-04T23:03:55.237+0000][7][gc,age      ] GC(32) - age  13:    1184712 bytes,    4209304 total
[2024-02-04T23:03:55.237+0000][7][gc,age      ] GC(32) - age  14:     339424 bytes,    4548728 total
[2024-02-04T23:03:55.237+0000][7][gc,age      ] GC(32) - age  15:    5064168 bytes,    9612896 total
[2024-02-04T23:03:55.237+0000][7][gc,heap     ] GC(32) Eden regions: 150->0(150)
[2024-02-04T23:03:55.237+0000][7][gc,heap     ] GC(32) Survivor regions: 3->3(20)
[2024-02-04T23:03:55.237+0000][7][gc,heap     ] GC(32) Old regions: 21->21
[2024-02-04T23:03:55.237+0000][7][gc,heap     ] GC(32) Archive regions: 2->2
[2024-02-04T23:03:55.237+0000][7][gc,heap     ] GC(32) Humongous regions: 0->0
[2024-02-04T23:03:55.237+0000][7][gc,metaspace] GC(32) Metaspace: 128023K(131776K)->128023K(131776K) NonClass: 111126K(113088K)->111126K(113088K) Class: 16897K(18688K)->16897K(18688K)
[2024-02-04T23:03:55.237+0000][7][gc          ] GC(32) Pause Young (Normal) (G1 Evacuation Pause) 694M->94M(1024M) 9.645ms
[2024-02-04T23:03:55.237+0000][7][gc,cpu      ] GC(32) User=0.05s Sys=0.00s Real=0.01s
[2024-02-04T23:03:55.237+0000][7][safepoint   ] Safepoint "G1CollectForAllocation", Time since last: 5708359926 ns, Reaching safepoint: 64013 ns, At safepoint: 9757629 ns, Total: 9821642 ns
[2024-02-04T23:03:56.237+0000][7][safepoint   ] Safepoint "Cleanup", Time since last: 1000198134 ns, Reaching safepoint: 74029 ns, At safepoint: 7874 ns, Total: 81903 ns
[2024-02-04T23:04:01.238+0000][7][safepoint   ] Safepoint "Cleanup", Time since last: 5000757388 ns, Reaching safepoint: 116243 ns, At safepoint: 10605 ns, Total: 126848 ns
[2024-02-04T23:04:04.239+0000][7][safepoint   ] Safepoint "Cleanup", Time since last: 3000506988 ns, Reaching safepoint: 86136 ns, At safepoint: 8207 ns, Total: 94343 ns
[2024-02-04T23:04:13.240+0000][7][safepoint   ] Safepoint "Cleanup", Time since last: 9001235486 ns, Reaching safepoint: 87110 ns, At safepoint: 9173 ns, Total: 96283 ns
[2024-02-04T23:04:20.241+0000][7][safepoint   ] Safepoint "Cleanup", Time since last: 7001272185 ns, Reaching safepoint: 122129 ns, At safepoint: 7860 ns, Total: 129989 ns
[2024-02-04T23:04:25.242+0000][7][safepoint   ] Safepoint "Cleanup", Time since last: 5000864403 ns, Reaching safepoint: 111823 ns, At safepoint: 17356 ns, Total: 129179 ns
[2024-02-04T23:04:38.245+0000][7][safepoint   ] Safepoint "Cleanup", Time since last: 13002407317 ns, Reaching safepoint: 78645 ns, At safepoint: 10950 ns, Total: 89595 ns
[2024-02-04T23:04:41.246+0000][7][safepoint   ] Safepoint "Cleanup", Time since last: 3000619227 ns, Reaching safepoint: 96234 ns, At safepoint: 11400 ns, Total: 107634 ns
[2024-02-04T23:05:01.248+0000][7][safepoint   ] Safepoint "Cleanup", Time since last: 20002272621 ns, Reaching safepoint: 88082 ns, At safepoint: 16034 ns, Total: 104116 ns
[2024-02-04T23:05:34.252+0000][7][safepoint   ] Safepoint "Cleanup", Time since last: 33003707507 ns, Reaching safepoint: 88771 ns, At safepoint: 8682 ns, Total: 97453 ns
